I/AppiumUnicodeIME(  672): onKeyDown (keyCode='19', event.keyCode='19', metaState='0')
I/AppiumUnicodeIME(  672): onKeyUp (keyCode='19', event.keyCode='19', metaState='0')
I/AppiumUnicodeIME(  672): onKeyDown (keyCode='22', event.keyCode='22', metaState='0')
I/AppiumUnicodeIME(  672): onKeyUp (keyCode='22', event.keyCode='22', metaState='0')
I/AppiumUnicodeIME(  672): onKeyDown (keyCode='22', event.keyCode='22', metaState='0')
I/AppiumUnicodeIME(  672): onKeyUp (keyCode='22', event.keyCode='22', metaState='0')
I/AppiumUnicodeIME(  672): onKeyDown (keyCode='22', event.keyCode='22', metaState='0')
I/AppiumUnicodeIME(  672): onKeyUp (keyCode='22', event.keyCode='22', metaState='0')
I/AppiumUnicodeIME(  672): onKeyDown (keyCode='238', event.keyCode='238', metaState='0')
I/AppiumUnicodeIME(  672): onKeyUp (keyCode='238', event.keyCode='238', metaState='0')
I/AppiumUnicodeIME(  672): onKeyDown (keyCode='82', event.keyCode='82', metaState='0')
I/AppiumUnicodeIME(  672): onKeyUp (keyCode='82', event.keyCode='82', metaState='0')
I/AppiumUnicodeIME(  672): onKeyDown (keyCode='19', event.keyCode='19', metaState='0')
I/AppiumUnicodeIME(  672): onKeyUp (keyCode='19', event.keyCode='19', metaState='0')
I/AppiumUnicodeIME(  672): onKeyDown (keyCode='19', event.keyCode='19', metaState='0')
I/AppiumUnicodeIME(  672): onKeyUp (keyCode='19', event.keyCode='19', metaState='0')
I/AppiumUnicodeIME(  672): onKeyDown (keyCode='19', event.keyCode='19', metaState='0')
I/AppiumUnicodeIME(  672): onKeyUp (keyCode='19', event.keyCode='19', metaState='0')
I/AppiumUnicodeIME(  672): onKeyDown (keyCode='19', event.keyCode='19', metaState='0')
I/AppiumUnicodeIME(  672): onKeyUp (keyCode='19', event.keyCode='19', metaState='0')
I/AppiumUnicodeIME(  672): onKeyDown (keyCode='82', event.keyCode='82', metaState='0')
I/AppiumUnicodeIME(  672): onKeyUp (keyCode='82', event.keyCode='82', metaState='0')
I/AppiumUnicodeIME(  672): onKeyDown (keyCode='20', event.keyCode='20', metaState='0')
I/AppiumUnicodeIME(  672): onKeyUp (keyCode='20', event.keyCode='20', metaState='0')
I/AppiumUnicodeIME(  672): onKeyDown (keyCode='20', event.keyCode='20', metaState='0')
D/PhoneStatusBar(  636): disable: < expand ICONS* alerts SYSTEM_INFO* back home recent clock search >
I/AppiumUnicodeIME(  672): onKeyUp (keyCode='20', event.keyCode='20', metaState='0')
I/AppiumUnicodeIME(  672): onKeyDown (keyCode='20', event.keyCode='20', metaState='0')
I/AppiumUnicodeIME(  672): onKeyUp (keyCode='20', event.keyCode='20', metaState='0')
I/AppiumUnicodeIME(  672): onKeyDown (keyCode='20', event.keyCode='20', metaState='0')
I/AppiumUnicodeIME(  672): onKeyUp (keyCode='20', event.keyCode='20', metaState='0')
I/AppiumUnicodeIME(  672): onKeyDown (keyCode='20', event.keyCode='20', metaState='0')
I/AppiumUnicodeIME(  672): onKeyDown (keyCode='20', event.keyCode='20', metaState='0')
I/AppiumUnicodeIME(  672): onKeyUp (keyCode='20', event.keyCode='20', metaState='0')
I/ActivityManager(  527): START u0 {act=android.intent.action.MAIN cat=[android.intent.category.HOME] flg=0x10200000 cmp=com.android.launcher3/.Launcher} from uid 1000 on display 0
W/EGL_emulation(  636): eglSurfaceAttrib not implemented
W/OpenGLRenderer(  636): Failed to set EGL_SWAP_BEHAVIOR on surface 0xee8c1420, error=EGL_SUCCESS
W/ViewRootImpl(  636): Dropping event due to no window focus: KeyEvent { action=ACTION_DOWN, keyCode=KEYCODE_F5, scanCode=0, metaState=0, flags=0x8, repeatCount=0, eventTime=1115202, downTime=1115202, deviceId=-1, source=0x101 }
W/ViewRootImpl(  636): Cancelling event due to no window focus: KeyEvent { action=ACTION_UP, keyCode=KEYCODE_F5, scanCode=0, metaState=0, flags=0x28, repeatCount=0, eventTime=1115231, downTime=1115231, deviceId=-1, source=0x101 }
W/ViewRootImpl(  636): Cancelling event due to no window focus: KeyEvent { action=ACTION_UP, keyCode=KEYCODE_F5, scanCode=0, metaState=0, flags=0x28, repeatCount=0, eventTime=1115231, downTime=1115231, deviceId=-1, source=0x101 }
W/ViewRootImpl(  636): Cancelling event due to no window focus: KeyEvent { action=ACTION_UP, keyCode=KEYCODE_F5, scanCode=0, metaState=0, flags=0x28, repeatCount=0, eventTime=1115231, downTime=1115231, deviceId=-1, source=0x101 }
W/ViewRootImpl(  636): Cancelling event due to no window focus: KeyEvent { action=ACTION_UP, keyCode=KEYCODE_F5, scanCode=0, metaState=0, flags=0x28, repeatCount=0, eventTime=1115231, downTime=1115231, deviceId=-1, source=0x101 }
W/ViewRootImpl(  636): Cancelling event due to no window focus: KeyEvent { action=ACTION_UP, keyCode=KEYCODE_F5, scanCode=0, metaState=0, flags=0x28, repeatCount=0, eventTime=1115231, downTime=1115231, deviceId=-1, source=0x101 }
W/ViewRootImpl(  636): Cancelling event due to no window focus: KeyEvent { action=ACTION_UP, keyCode=KEYCODE_F5, scanCode=0, metaState=0, flags=0x28, repeatCount=0, eventTime=1115231, downTime=1115231, deviceId=-1, source=0x101 }
W/ViewRootImpl(  636): Cancelling event due to no window focus: KeyEvent { action=ACTION_UP, keyCode=KEYCODE_F5, scanCode=0, metaState=0, flags=0x28, repeatCount=0, eventTime=1115231, downTime=1115231, deviceId=-1, source=0x101 }
W/ViewRootImpl(  636): Cancelling event due to no window focus: KeyEvent { action=ACTION_UP, keyCode=KEYCODE_F5, scanCode=0, metaState=0, flags=0x28, repeatCount=0, eventTime=1115231, downTime=1115231, deviceId=-1, source=0x101 }
W/ViewRootImpl(  636): Cancelling event due to no window focus: KeyEvent { action=ACTION_UP, keyCode=KEYCODE_F5, scanCode=0, metaState=0, flags=0x28, repeatCount=0, eventTime=1115231, downTime=1115231, deviceId=-1, source=0x101 }
W/ViewRootImpl(  636): Dropping event due to no window focus: KeyEvent { action=ACTION_DOWN, keyCode=KEYCODE_DPAD_CENTER, scanCode=0, metaState=0, flags=0x8, repeatCount=0, eventTime=1115235, downTime=1115235, deviceId=-1, source=0x101 }
W/ViewRootImpl(  636): Cancelling event due to no window focus: KeyEvent { action=ACTION_UP, keyCode=KEYCODE_DPAD_CENTER, scanCode=0, metaState=0, flags=0x28, repeatCount=0, eventTime=1115238, downTime=1115238, deviceId=-1, source=0x101 }
W/ViewRootImpl(  636): Cancelling event due to no window focus: KeyEvent { action=ACTION_UP, keyCode=KEYCODE_DPAD_CENTER, scanCode=0, metaState=0, flags=0x28, repeatCount=0, eventTime=1115238, downTime=1115238, deviceId=-1, source=0x101 }
W/ViewRootImpl(  636): Cancelling event due to no window focus: KeyEvent { action=ACTION_UP, keyCode=KEYCODE_DPAD_CENTER, scanCode=0, metaState=0, flags=0x28, repeatCount=0, eventTime=1115238, downTime=1115238, deviceId=-1, source=0x101 }
W/ViewRootImpl(  636): Cancelling event due to no window focus: KeyEvent { action=ACTION_UP, keyCode=KEYCODE_DPAD_CENTER, scanCode=0, metaState=0, flags=0x28, repeatCount=0, eventTime=1115238, downTime=1115238, deviceId=-1, source=0x101 }
W/ViewRootImpl(  636): Cancelling event due to no window focus: KeyEvent { action=ACTION_UP, keyCode=KEYCODE_DPAD_CENTER, scanCode=0, metaState=0, flags=0x28, repeatCount=0, eventTime=1115238, downTime=1115238, deviceId=-1, source=0x101 }
W/ViewRootImpl(  636): Cancelling event due to no window focus: KeyEvent { action=ACTION_UP, keyCode=KEYCODE_DPAD_CENTER, scanCode=0, metaState=0, flags=0x28, repeatCount=0, eventTime=1115238, downTime=1115238, deviceId=-1, source=0x101 }
W/ViewRootImpl(  636): Cancelling event due to no window focus: KeyEvent { action=ACTION_UP, keyCode=KEYCODE_DPAD_CENTER, scanCode=0, metaState=0, flags=0x28, repeatCount=0, eventTime=1115238, downTime=1115238, deviceId=-1, source=0x101 }
W/ViewRootImpl(  636): Cancelling event due to no window focus: KeyEvent { action=ACTION_UP, keyCode=KEYCODE_DPAD_CENTER, scanCode=0, metaState=0, flags=0x28, repeatCount=0, eventTime=1115238, downTime=1115238, deviceId=-1, source=0x101 }
W/ViewRootImpl(  636): Cancelling event due to no window focus: KeyEvent { action=ACTION_UP, keyCode=KEYCODE_DPAD_CENTER, scanCode=0, metaState=0, flags=0x28, repeatCount=0, eventTime=1115238, downTime=1115238, deviceId=-1, source=0x101 }
W/InputMethodManagerService(  527): Window already focused, ignoring focus gain of: com.android.internal.view.IInputMethodClient$Stub$Proxy@1c5c90a2 attribute=null, token = android.os.BinderProxy@dff48f9
I/AppiumUnicodeIME(  672): onKeyDown (keyCode='19', event.keyCode='19', metaState='0')
I/AppiumUnicodeIME(  672): onKeyUp (keyCode='19', event.keyCode='19', metaState='0')
I/AppiumUnicodeIME(  672): onKeyDown (keyCode='19', event.keyCode='19', metaState='0')
I/AppiumUnicodeIME(  672): onKeyUp (keyCode='19', event.keyCode='19', metaState='0')
I/AppiumUnicodeIME(  672): onKeyDown (keyCode='19', event.keyCode='19', metaState='0')
I/AppiumUnicodeIME(  672): onKeyUp (keyCode='19', event.keyCode='19', metaState='0')
I/AppiumUnicodeIME(  672): onKeyDown (keyCode='19', event.keyCode='19', metaState='0')
I/AppiumUnicodeIME(  672): onKeyUp (keyCode='19', event.keyCode='19', metaState='0')
W/ViewRootImpl(  636): Dropping event due to no window focus: MotionEvent { action=ACTION_MOVE, id[0]=0, x[0]=4.0, y[0]=2.0, toolType[0]=TOOL_TYPE_UNKNOWN, buttonState=0, metaState=0, flags=0x0, edgeFlags=0x0, pointerCount=1, historySize=6, eventTime=1115273, downTime=-1, deviceId=0, source=0x10004 }
I/AppiumUnicodeIME(  672): onKeyDown (keyCode='82', event.keyCode='82', metaState='0')
I/AppiumUnicodeIME(  672): onKeyUp (keyCode='82', event.keyCode='82', metaState='0')
I/AppiumUnicodeIME(  672): onKeyDown (keyCode='22', event.keyCode='22', metaState='0')
I/AppiumUnicodeIME(  672): onKeyUp (keyCode='22', event.keyCode='22', metaState='0')
I/AppiumUnicodeIME(  672): onKeyDown (keyCode='82', event.keyCode='82', metaState='0')
I/AppiumUnicodeIME(  672): onKeyUp (keyCode='82', event.keyCode='82', metaState='0')
I/AppiumUnicodeIME(  672): onKeyDown (keyCode='205', event.keyCode='205', metaState='0')
I/AppiumUnicodeIME(  672): onKeyUp (keyCode='205', event.keyCode='205', metaState='0')
I/ActivityManager(  527): START u0 {act=android.intent.action.MAIN cat=[android.intent.category.LAUNCHER] flg=0x10200000 cmp=com.zzl.falcon.internal/com.squareup.leakcanary.internal.DisplayLeakActivity} from uid 0 on display 0
V/WindowManager(  527): addAppToken: AppWindowToken{dc76269 token=Token{2f58dcf0 ActivityRecord{6c72133 u0 com.zzl.falcon.internal/com.squareup.leakcanary.internal.DisplayLeakActivity t42}}} to stack=1 task=42 at 7
I/art     (  527): Explicit concurrent mark sweep GC freed 17372(801KB) AllocSpace objects, 11(4MB) LOS objects, 33% free, 10MB/15MB, paused 934us total 45.675ms
V/WindowManager(  527): Adding window Window{4489d8f u0 com.zzl.falcon.internal/com.squareup.leakcanary.internal.DisplayLeakActivity} at 10 of 15 (after Window{2784203e u0 com.zzl.falcon.internal/com.squareup.leakcanary.internal.DisplayLeakActivity})
W/EGL_emulation( 1882): eglSurfaceAttrib not implemented
W/OpenGLRenderer( 1882): Failed to set EGL_SWAP_BEHAVIOR on surface 0xe140e3e0, error=EGL_SUCCESS
W/ViewRootImpl( 1882): Dropping event due to no window focus: KeyEvent { action=ACTION_DOWN, keyCode=KEYCODE_BUTTON_SELECT, scanCode=0, metaState=0, flags=0x8, repeatCount=0, eventTime=1115320, downTime=1115320, deviceId=-1, source=0x101 }
W/ViewRootImpl( 1882): Dropping event due to no window focus: KeyEvent { action=ACTION_DOWN, keyCode=KEYCODE_MENU, scanCode=0, metaState=0, flags=0x8, repeatCount=0, eventTime=1115320, downTime=1115320, deviceId=-1, source=0x101 }
I/ActivityManager(  527): START u0 {act=android.intent.action.MAIN cat=[android.intent.category.LAUNCHER] flg=0x10200000 cmp=com.zzl.falcon.internal/com.zzl.falcon.EntranceActivity} from uid 0 on display 0
D/PhoneStatusBar(  636): disable: < expand icons* alerts system_info* back home recent clock search >
W/ViewRootImpl( 1882): Cancelling event due to no window focus: KeyEvent { action=ACTION_UP, keyCode=KEYCODE_BUTTON_SELECT, scanCode=0, metaState=0, flags=0x28, repeatCount=0, eventTime=1115461, downTime=1115461, deviceId=-1, source=0x101 }
W/ViewRootImpl( 1882): Cancelling event due to no window focus: KeyEvent { action=ACTION_UP, keyCode=KEYCODE_BUTTON_SELECT, scanCode=0, metaState=0, flags=0x28, repeatCount=0, eventTime=1115461, downTime=1115461, deviceId=-1, source=0x101 }
W/ViewRootImpl( 1882): Cancelling event due to no window focus: KeyEvent { action=ACTION_UP, keyCode=KEYCODE_BUTTON_SELECT, scanCode=0, metaState=0, flags=0x28, repeatCount=0, eventTime=1115461, downTime=1115461, deviceId=-1, source=0x101 }
W/ViewRootImpl( 1882): Cancelling event due to no window focus: KeyEvent { action=ACTION_UP, keyCode=KEYCODE_BUTTON_SELECT, scanCode=0, metaState=0, flags=0x28, repeatCount=0, eventTime=1115461, downTime=1115461, deviceId=-1, source=0x101 }
W/ViewRootImpl( 1882): Cancelling event due to no window focus: KeyEvent { action=ACTION_UP, keyCode=KEYCODE_BUTTON_SELECT, scanCode=0, metaState=0, flags=0x28, repeatCount=0, eventTime=1115461, downTime=1115461, deviceId=-1, source=0x101 }
W/ViewRootImpl( 1882): Cancelling event due to no window focus: KeyEvent { action=ACTION_UP, keyCode=KEYCODE_BUTTON_SELECT, scanCode=0, metaState=0, flags=0x28, repeatCount=0, eventTime=1115461, downTime=1115461, deviceId=-1, source=0x101 }
W/ViewRootImpl( 1882): Cancelling event due to no window focus: KeyEvent { action=ACTION_UP, keyCode=KEYCODE_BUTTON_SELECT, scanCode=0, metaState=0, flags=0x28, repeatCount=0, eventTime=1115461, downTime=1115461, deviceId=-1, source=0x101 }
W/ViewRootImpl( 1882): Cancelling event due to no window focus: KeyEvent { action=ACTION_UP, keyCode=KEYCODE_BUTTON_SELECT, scanCode=0, metaState=0, flags=0x28, repeatCount=0, eventTime=1115461, downTime=1115461, deviceId=-1, source=0x101 }
W/ViewRootImpl( 1882): Cancelling event due to no window focus: KeyEvent { action=ACTION_UP, keyCode=KEYCODE_BUTTON_SELECT, scanCode=0, metaState=0, flags=0x28, repeatCount=0, eventTime=1115461, downTime=1115461, deviceId=-1, source=0x101 }
W/ViewRootImpl( 1882): Cancelling event due to no window focus: KeyEvent { action=ACTION_UP, keyCode=KEYCODE_MENU, scanCode=0, metaState=0, flags=0x28, repeatCount=0, eventTime=1115461, downTime=1115461, deviceId=-1, source=0x101 }
W/ViewRootImpl( 1882): Cancelling event due to no window focus: KeyEvent { action=ACTION_UP, keyCode=KEYCODE_MENU, scanCode=0, metaState=0, flags=0x28, repeatCount=0, eventTime=1115461, downTime=1115461, deviceId=-1, source=0x101 }
W/ViewRootImpl( 1882): Cancelling event due to no window focus: KeyEvent { action=ACTION_UP, keyCode=KEYCODE_MENU, scanCode=0, metaState=0, flags=0x28, repeatCount=0, eventTime=1115461, downTime=1115461, deviceId=-1, source=0x101 }
W/ViewRootImpl( 1882): Cancelling event due to no window focus: KeyEvent { action=ACTION_UP, keyCode=KEYCODE_MENU, scanCode=0, metaState=0, flags=0x28, repeatCount=0, eventTime=1115461, downTime=1115461, deviceId=-1, source=0x101 }
W/ViewRootImpl( 1882): Cancelling event due to no window focus: KeyEvent { action=ACTION_UP, keyCode=KEYCODE_MENU, scanCode=0, metaState=0, flags=0x28, repeatCount=0, eventTime=1115461, downTime=1115461, deviceId=-1, source=0x101 }
W/ViewRootImpl( 1882): Cancelling event due to no window focus: KeyEvent { action=ACTION_UP, keyCode=KEYCODE_MENU, scanCode=0, metaState=0, flags=0x28, repeatCount=0, eventTime=1115461, downTime=1115461, deviceId=-1, source=0x101 }
I/AppiumUnicodeIME(  672): onFinishInput
I/AppiumUnicodeIME(  672): onStartInput
W/EGL_emulation(  636): eglSurfaceAttrib not implemented
W/OpenGLRenderer(  636): Failed to set EGL_SWAP_BEHAVIOR on surface 0xee8c1420, error=EGL_SUCCESS
E/EGL_emulation(  502): tid 502: eglCreateSyncKHR(1209): error 0x3004 (EGL_BAD_ATTRIBUTE)
I/InputDispatcher(  527): Dropping event because there is no touchable window at (700, 147).
W/InputManager(  527): Input event injection from pid 2706 failed.
W/InputManager(  527): Input event injection from pid 2706 failed.
I/InputDispatcher(  527): Dropping event because there is no touchable window at (282, 337).
W/InputManager(  527): Input event injection from pid 2706 failed.
W/InputManager(  527): Input event injection from pid 2706 failed.
I/AppiumUnicodeIME(  672): onKeyDown (keyCode='22', event.keyCode='22', metaState='0')
I/AppiumUnicodeIME(  672): onKeyUp (keyCode='22', event.keyCode='22', metaState='0')
I/InputDispatcher(  527): Dropping event because there is no touchable window at (582, 441).
W/InputManager(  527): Input event injection from pid 2706 failed.
W/InputManager(  527): Input event injection from pid 2706 failed.
W/InputManager(  527): Input event injection from pid 2706 failed.
W/InputManager(  527): Input event injection from pid 2706 failed.
W/InputManager(  527): Input event injection from pid 2706 failed.
I/AppiumUnicodeIME(  672): onKeyDown (keyCode='83', event.keyCode='83', metaState='0')
I/AppiumUnicodeIME(  672): onKeyUp (keyCode='83', event.keyCode='83', metaState='0')
W/EGL_emulation( 1239): eglSurfaceAttrib not implemented
W/OpenGLRenderer( 1239): Failed to set EGL_SWAP_BEHAVIOR on surface 0xdf540440, error=EGL_SUCCESS
W/ViewRootImpl( 1239): Cancelling event due to no window focus: KeyEvent { action=ACTION_UP, keyCode=KEYCODE_NOTIFICATION, scanCode=0, metaState=0, flags=0x28, repeatCount=0, eventTime=1115753, downTime=1115753, deviceId=-1, source=0x101 }
W/ViewRootImpl( 1239): Cancelling event due to no window focus: KeyEvent { action=ACTION_UP, keyCode=KEYCODE_NOTIFICATION, scanCode=0, metaState=0, flags=0x28, repeatCount=0, eventTime=1115753, downTime=1115753, deviceId=-1, source=0x101 }
W/ViewRootImpl( 1239): Cancelling event due to no window focus: KeyEvent { action=ACTION_UP, keyCode=KEYCODE_NOTIFICATION, scanCode=0, metaState=0, flags=0x28, repeatCount=0, eventTime=1115753, downTime=1115753, deviceId=-1, source=0x101 }
W/ViewRootImpl( 1239): Cancelling event due to no window focus: KeyEvent { action=ACTION_UP, keyCode=KEYCODE_NOTIFICATION, scanCode=0, metaState=0, flags=0x28, repeatCount=0, eventTime=1115753, downTime=1115753, deviceId=-1, source=0x101 }
W/ViewRootImpl( 1239): Cancelling event due to no window focus: KeyEvent { action=ACTION_UP, keyCode=KEYCODE_NOTIFICATION, scanCode=0, metaState=0, flags=0x28, repeatCount=0, eventTime=1115753, downTime=1115753, deviceId=-1, source=0x101 }
W/ViewRootImpl( 1239): Cancelling event due to no window focus: KeyEvent { action=ACTION_UP, keyCode=KEYCODE_NOTIFICATION, scanCode=0, metaState=0, flags=0x28, repeatCount=0, eventTime=1115753, downTime=1115753, deviceId=-1, source=0x101 }
W/ViewRootImpl( 1239): Cancelling event due to no window focus: KeyEvent { action=ACTION_UP, keyCode=KEYCODE_NOTIFICATION, scanCode=0, metaState=0, flags=0x28, repeatCount=0, eventTime=1115753, downTime=1115753, deviceId=-1, source=0x101 }
W/ViewRootImpl( 1239): Cancelling event due to no window focus: KeyEvent { action=ACTION_UP, keyCode=KEYCODE_NOTIFICATION, scanCode=0, metaState=0, flags=0x28, repeatCount=0, eventTime=1115753, downTime=1115753, deviceId=-1, source=0x101 }
W/ViewRootImpl( 1239): Cancelling event due to no window focus: KeyEvent { action=ACTION_UP, keyCode=KEYCODE_NOTIFICATION, scanCode=0, metaState=0, flags=0x28, repeatCount=0, eventTime=1115753, downTime=1115753, deviceId=-1, source=0x101 }
D/ForegroundCallbacks( 1239): went foreground
I/awcn.SessionCenter( 1239): |[seq:[default]] [forground]
I/awcn.SessionCenter( 1239): |[seq:umeng:56aadbf567e58e38d4000976] [forground]
W/ViewRootImpl( 1239): Dropping event due to no window focus: MotionEvent { action=ACTION_MOVE, id[0]=0, x[0]=-2.0, y[0]=0.0, toolType[0]=TOOL_TYPE_UNKNOWN, buttonState=0, metaState=0, flags=0x0, edgeFlags=0x0, pointerCount=1, historySize=9, eventTime=1115798, downTime=-1, deviceId=0, source=0x10004 }
D/awcn.AccsSessionManager( 1239): |[seq:[default]] network is not available, not need check accs session, return network:false
D/awcn.StrategyCenter( 1239):  getSchemeByHost host:umengacs.m.taobao.com scheme:https
D/awcn.AccsSessionManager( 1239): |[seq:umeng:56aadbf567e58e38d4000976] network is not available, not need check accs session, return network:false
W/EGL_emulation( 1239): eglSurfaceAttrib not implemented
W/OpenGLRenderer( 1239): Failed to set EGL_SWAP_BEHAVIOR on surface 0xdf53af80, error=EGL_SUCCESS
W/ViewRootImpl( 1239): Dropping event due to no window focus: KeyEvent { action=ACTION_DOWN, keyCode=KEYCODE_STB_POWER, scanCode=0, metaState=0, flags=0x8, repeatCount=0, eventTime=1115798, downTime=1115798, deviceId=-1, source=0x101 }
W/AudioTrack(  527): AUDIO_OUTPUT_FLAG_FAST denied by client
D/OpenGLRenderer( 1239): endAllStagingAnimators on 0xdf777e80 (RippleDrawable) with handle 0xde6a11e0
W/ViewRootImpl( 1239): Dropping event due to no window focus: KeyEvent { action=ACTION_DOWN, keyCode=KEYCODE_MENU, scanCode=0, metaState=0, flags=0x8, repeatCount=0, eventTime=1116047, downTime=1116047, deviceId=-1, source=0x101 }
W/ViewRootImpl( 1239): Cancelling event due to no window focus: KeyEvent { action=ACTION_UP, keyCode=KEYCODE_MENU, scanCode=0, metaState=0, flags=0x28, repeatCount=0, eventTime=1116114, downTime=1116114, deviceId=-1, source=0x101 }
W/ViewRootImpl( 1239): Cancelling event due to no window focus: KeyEvent { action=ACTION_UP, keyCode=KEYCODE_MENU, scanCode=0, metaState=0, flags=0x28, repeatCount=0, eventTime=1116114, downTime=1116114, deviceId=-1, source=0x101 }
W/ViewRootImpl( 1239): Cancelling event due to no window focus: KeyEvent { action=ACTION_UP, keyCode=KEYCODE_MENU, scanCode=0, metaState=0, flags=0x28, repeatCount=0, eventTime=1116114, downTime=1116114, deviceId=-1, source=0x101 }
W/ViewRootImpl( 1239): Cancelling event due to no window focus: KeyEvent { action=ACTION_UP, keyCode=KEYCODE_MENU, scanCode=0, metaState=0, flags=0x28, repeatCount=0, eventTime=1116114, downTime=1116114, deviceId=-1, source=0x101 }
W/ViewRootImpl( 1239): Cancelling event due to no window focus: KeyEvent { action=ACTION_UP, keyCode=KEYCODE_MENU, scanCode=0, metaState=0, flags=0x28, repeatCount=0, eventTime=1116114, downTime=1116114, deviceId=-1, source=0x101 }
W/ViewRootImpl( 1239): Cancelling event due to no window focus: KeyEvent { action=ACTION_UP, keyCode=KEYCODE_MENU, scanCode=0, metaState=0, flags=0x28, repeatCount=0, eventTime=1116114, downTime=1116114, deviceId=-1, source=0x101 }
W/ViewRootImpl( 1239): Dropping event due to no window focus: KeyEvent { action=ACTION_DOWN, keyCode=KEYCODE_DPAD_DOWN, scanCode=0, metaState=0, flags=0x8, repeatCount=0, eventTime=1116117, downTime=1116117, deviceId=-1, source=0x101 }
W/ViewRootImpl( 1239): Cancelling event due to no window focus: KeyEvent { action=ACTION_UP, keyCode=KEYCODE_DPAD_DOWN, scanCode=0, metaState=0, flags=0x28, repeatCount=0, eventTime=1116117, downTime=1116117, deviceId=-1, source=0x101 }
W/ViewRootImpl( 1239): Cancelling event due to no window focus: KeyEvent { action=ACTION_UP, keyCode=KEYCODE_DPAD_DOWN, scanCode=0, metaState=0, flags=0x28, repeatCount=0, eventTime=1116117, downTime=1116117, deviceId=-1, source=0x101 }
W/ViewRootImpl( 1239): Cancelling event due to no window focus: KeyEvent { action=ACTION_UP, keyCode=KEYCODE_DPAD_DOWN, scanCode=0, metaState=0, flags=0x28, repeatCount=0, eventTime=1116117, downTime=1116117, deviceId=-1, source=0x101 }
W/ViewRootImpl( 1239): Cancelling event due to no window focus: KeyEvent { action=ACTION_UP, keyCode=KEYCODE_DPAD_DOWN, scanCode=0, metaState=0, flags=0x28, repeatCount=0, eventTime=1116117, downTime=1116117, deviceId=-1, source=0x101 }
W/ViewRootImpl( 1239): Cancelling event due to no window focus: KeyEvent { action=ACTION_UP, keyCode=KEYCODE_DPAD_DOWN, scanCode=0, metaState=0, flags=0x28, repeatCount=0, eventTime=1116117, downTime=1116117, deviceId=-1, source=0x101 }
W/ViewRootImpl( 1239): Cancelling event due to no window focus: KeyEvent { action=ACTION_UP, keyCode=KEYCODE_DPAD_DOWN, scanCode=0, metaState=0, flags=0x28, repeatCount=0, eventTime=1116117, downTime=1116117, deviceId=-1, source=0x101 }
W/ViewRootImpl( 1239): Cancelling event due to no window focus: KeyEvent { action=ACTION_UP, keyCode=KEYCODE_DPAD_DOWN, scanCode=0, metaState=0, flags=0x28, repeatCount=0, eventTime=1116117, downTime=1116117, deviceId=-1, source=0x101 }
W/ViewRootImpl( 1239): Cancelling event due to no window focus: KeyEvent { action=ACTION_UP, keyCode=KEYCODE_DPAD_DOWN, scanCode=0, metaState=0, flags=0x28, repeatCount=0, eventTime=1116117, downTime=1116117, deviceId=-1, source=0x101 }
W/ViewRootImpl( 1239): Cancelling event due to no window focus: KeyEvent { action=ACTION_UP, keyCode=KEYCODE_DPAD_DOWN, scanCode=0, metaState=0, flags=0x28, repeatCount=0, eventTime=1116117, downTime=1116117, deviceId=-1, source=0x101 }
W/AudioTrack(  527): AUDIO_OUTPUT_FLAG_FAST denied by client
W/ViewRootImpl( 1239): Dropping event due to no window focus: KeyEvent { action=ACTION_DOWN, keyCode=KEYCODE_ZENKAKU_HANKAKU, scanCode=0, metaState=0, flags=0x8, repeatCount=0, eventTime=1116119, downTime=1116119, deviceId=-1, source=0x101 }
W/ViewRootImpl( 1239): Cancelling event due to no window focus: KeyEvent { action=ACTION_UP, keyCode=KEYCODE_ZENKAKU_HANKAKU, scanCode=0, metaState=0, flags=0x28, repeatCount=0, eventTime=1116121, downTime=1116121, deviceId=-1, source=0x101 }
W/ViewRootImpl( 1239): Cancelling event due to no window focus: KeyEvent { action=ACTION_UP, keyCode=KEYCODE_ZENKAKU_HANKAKU, scanCode=0, metaState=0, flags=0x28, repeatCount=0, eventTime=1116121, downTime=1116121, deviceId=-1, source=0x101 }
W/ViewRootImpl( 1239): Cancelling event due to no window focus: KeyEvent { action=ACTION_UP, keyCode=KEYCODE_ZENKAKU_HANKAKU, scanCode=0, metaState=0, flags=0x28, repeatCount=0, eventTime=1116121, downTime=1116121, deviceId=-1, source=0x101 }
W/ViewRootImpl( 1239): Cancelling event due to no window focus: KeyEvent { action=ACTION_UP, keyCode=KEYCODE_ZENKAKU_HANKAKU, scanCode=0, metaState=0, flags=0x28, repeatCount=0, eventTime=1116121, downTime=1116121, deviceId=-1, source=0x101 }
W/ViewRootImpl( 1239): Cancelling event due to no window focus: KeyEvent { action=ACTION_UP, keyCode=KEYCODE_ZENKAKU_HANKAKU, scanCode=0, metaState=0, flags=0x28, repeatCount=0, eventTime=1116121, downTime=1116121, deviceId=-1, source=0x101 }
W/ViewRootImpl( 1239): Cancelling event due to no window focus: KeyEvent { action=ACTION_UP, keyCode=KEYCODE_ZENKAKU_HANKAKU, scanCode=0, metaState=0, flags=0x28, repeatCount=0, eventTime=1116121, downTime=1116121, deviceId=-1, source=0x101 }
W/ViewRootImpl( 1239): Cancelling event due to no window focus: KeyEvent { action=ACTION_UP, keyCode=KEYCODE_ZENKAKU_HANKAKU, scanCode=0, metaState=0, flags=0x28, repeatCount=0, eventTime=1116121, downTime=1116121, deviceId=-1, source=0x101 }
W/ViewRootImpl( 1239): Cancelling event due to no window focus: KeyEvent { action=ACTION_UP, keyCode=KEYCODE_ZENKAKU_HANKAKU, scanCode=0, metaState=0, flags=0x28, repeatCount=0, eventTime=1116121, downTime=1116121, deviceId=-1, source=0x101 }
W/ViewRootImpl( 1239): Cancelling event due to no window focus: KeyEvent { action=ACTION_UP, keyCode=KEYCODE_ZENKAKU_HANKAKU, scanCode=0, metaState=0, flags=0x28, repeatCount=0, eventTime=1116121, downTime=1116121, deviceId=-1, source=0x101 }
W/ViewRootImpl( 1239): Dropping event due to no window focus: KeyEvent { action=ACTION_DOWN, keyCode=KEYCODE_NUMPAD_ADD, scanCode=0, metaState=0, flags=0x8, repeatCount=0, eventTime=1116122, downTime=1116122, deviceId=-1, source=0x101 }
W/ViewRootImpl( 1239): Cancelling event due to no window focus: KeyEvent { action=ACTION_UP, keyCode=KEYCODE_NUMPAD_ADD, scanCode=0, metaState=0, flags=0x28, repeatCount=0, eventTime=1116123, downTime=1116123, deviceId=-1, source=0x101 }
W/ViewRootImpl( 1239): Cancelling event due to no window focus: KeyEvent { action=ACTION_UP, keyCode=KEYCODE_NUMPAD_ADD, scanCode=0, metaState=0, flags=0x28, repeatCount=0, eventTime=1116123, downTime=1116123, deviceId=-1, source=0x101 }
W/ViewRootImpl( 1239): Cancelling event due to no window focus: KeyEvent { action=ACTION_UP, keyCode=KEYCODE_NUMPAD_ADD, scanCode=0, metaState=0, flags=0x28, repeatCount=0, eventTime=1116123, downTime=1116123, deviceId=-1, source=0x101 }
W/ViewRootImpl( 1239): Cancelling event due to no window focus: KeyEvent { action=ACTION_UP, keyCode=KEYCODE_NUMPAD_ADD, scanCode=0, metaState=0, flags=0x28, repeatCount=0, eventTime=1116123, downTime=1116123, deviceId=-1, source=0x101 }
W/ViewRootImpl( 1239): Cancelling event due to no window focus: KeyEvent { action=ACTION_UP, keyCode=KEYCODE_NUMPAD_ADD, scanCode=0, metaState=0, flags=0x28, repeatCount=0, eventTime=1116123, downTime=1116123, deviceId=-1, source=0x101 }
W/ViewRootImpl( 1239): Cancelling event due to no window focus: KeyEvent { action=ACTION_UP, keyCode=KEYCODE_NUMPAD_ADD, scanCode=0, metaState=0, flags=0x28, repeatCount=0, eventTime=1116123, downTime=1116123, deviceId=-1, source=0x101 }
W/ViewRootImpl( 1239): Cancelling event due to no window focus: KeyEvent { action=ACTION_UP, keyCode=KEYCODE_NUMPAD_ADD, scanCode=0, metaState=0, flags=0x28, repeatCount=0, eventTime=1116123, downTime=1116123, deviceId=-1, source=0x101 }
W/ViewRootImpl( 1239): Cancelling event due to no window focus: KeyEvent { action=ACTION_UP, keyCode=KEYCODE_NUMPAD_ADD, scanCode=0, metaState=0, flags=0x28, repeatCount=0, eventTime=1116123, downTime=1116123, deviceId=-1, source=0x101 }
W/ViewRootImpl( 1239): Cancelling event due to no window focus: KeyEvent { action=ACTION_UP, keyCode=KEYCODE_NUMPAD_ADD, scanCode=0, metaState=0, flags=0x28, repeatCount=0, eventTime=1116123, downTime=1116123, deviceId=-1, source=0x101 }
I/AppiumUnicodeIME(  672): onKeyDown (keyCode='22', event.keyCode='22', metaState='0')
I/AppiumUnicodeIME(  672): onFinishInput
I/AppiumUnicodeIME(  672): onStartInput
I/ActivityManager(  527): START u0 {cmp=com.zzl.falcon.internal/com.zzl.falcon.setting.CustomerServiceActivity} from uid 10068 on display 0
W/AudioTrack(  527): AUDIO_OUTPUT_FLAG_FAST denied by client
V/WindowManager(  527): addAppToken: AppWindowToken{25fbf895 token=Token{2fbe804c ActivityRecord{1152087f u0 com.zzl.falcon.internal/com.zzl.falcon.setting.CustomerServiceActivity t31}}} to stack=1 task=31 at 1
I/AppiumUnicodeIME(  672): onKeyUp (keyCode='22', event.keyCode='22', metaState='0')
I/AppiumUnicodeIME(  672): onFinishInput
I/AppiumUnicodeIME(  672): onStartInput
D/ForegroundCallbacks( 1239): still foreground
V/WindowManager(  527): Adding window Window{3408ad9b u0 com.zzl.falcon.internal/com.zzl.falcon.setting.CustomerServiceActivity} at 10 of 15 (after Window{334e0074 u0 com.zzl.falcon.internal/com.zzl.falcon.MainActivity})
E/com.umeng.message.UTrack( 1239): RegistrationId is empty
E/com.umeng.message.UTrack( 1239): RegistrationId is empty
W/EGL_emulation( 1239): eglSurfaceAttrib not implemented
W/OpenGLRenderer( 1239): Failed to set EGL_SWAP_BEHAVIOR on surface 0xdf43c1c0, error=EGL_SUCCESS
W/ViewRootImpl( 1239): Dropping event due to no window focus: KeyEvent { action=ACTION_DOWN, keyCode=KEYCODE_MENU, scanCode=0, metaState=0, flags=0x8, repeatCount=0, eventTime=1116323, downTime=1116323, deviceId=-1, source=0x101 }
W/ViewRootImpl( 1239): Cancelling event due to no window focus: KeyEvent { action=ACTION_UP, keyCode=KEYCODE_MENU, scanCode=0, metaState=0, flags=0x28, repeatCount=0, eventTime=1116551, downTime=1116551, deviceId=-1, source=0x101 }
W/ViewRootImpl( 1239): Cancelling event due to no window focus: KeyEvent { action=ACTION_UP, keyCode=KEYCODE_MENU, scanCode=0, metaState=0, flags=0x28, repeatCount=0, eventTime=1116551, downTime=1116551, deviceId=-1, source=0x101 }
W/ViewRootImpl( 1239): Cancelling event due to no window focus: KeyEvent { action=ACTION_UP, keyCode=KEYCODE_MENU, scanCode=0, metaState=0, flags=0x28, repeatCount=0, eventTime=1116551, downTime=1116551, deviceId=-1, source=0x101 }
W/ViewRootImpl( 1239): Cancelling event due to no window focus: KeyEvent { action=ACTION_UP, keyCode=KEYCODE_MENU, scanCode=0, metaState=0, flags=0x28, repeatCount=0, eventTime=1116551, downTime=1116551, deviceId=-1, source=0x101 }
W/ViewRootImpl( 1239): Cancelling event due to no window focus: KeyEvent { action=ACTION_UP, keyCode=KEYCODE_MENU, scanCode=0, metaState=0, flags=0x28, repeatCount=0, eventTime=1116551, downTime=1116551, deviceId=-1, source=0x101 }
W/ViewRootImpl( 1239): Cancelling event due to no window focus: KeyEvent { action=ACTION_UP, keyCode=KEYCODE_MENU, scanCode=0, metaState=0, flags=0x28, repeatCount=0, eventTime=1116551, downTime=1116551, deviceId=-1, source=0x101 }
W/ViewRootImpl( 1239): Dropping event due to no window focus: KeyEvent { action=ACTION_DOWN, keyCode=KEYCODE_DPAD_RIGHT, scanCode=0, metaState=0, flags=0x8, repeatCount=0, eventTime=1116591, downTime=1116591, deviceId=-1, source=0x101 }
I/AppiumUnicodeIME(  672): onFinishInput
I/AppiumUnicodeIME(  672): onStartInput
I/AppiumUnicodeIME(  672): onKeyUp (keyCode='22', event.keyCode='22', metaState='0')
I/AppiumUnicodeIME(  672): onKeyDown (keyCode='202', event.keyCode='202', metaState='0')
I/AppiumUnicodeIME(  672): onKeyDown (keyCode='23', event.keyCode='23', metaState='0')
I/AppiumUnicodeIME(  672): onKeyUp (keyCode='202', event.keyCode='202', metaState='0')
I/AppiumUnicodeIME(  672): onKeyUp (keyCode='23', event.keyCode='23', metaState='0')
I/AppiumUnicodeIME(  672): onKeyDown (keyCode='10', event.keyCode='10', metaState='0')
I/AppiumUnicodeIME(  672): onKeyUp (keyCode='10', event.keyCode='10', metaState='0')
I/ActivityManager(  527): Displayed com.zzl.falcon.internal/com.zzl.falcon.setting.CustomerServiceActivity: +295ms (total +1s414ms)
I/AppiumUnicodeIME(  672): onKeyDown (keyCode='20', event.keyCode='20', metaState='0')
I/AppiumUnicodeIME(  672): onKeyUp (keyCode='20', event.keyCode='20', metaState='0')
I/AppiumUnicodeIME(  672): onKeyDown (keyCode='13', event.keyCode='13', metaState='0')
I/AppiumUnicodeIME(  672): onKeyUp (keyCode='13', event.keyCode='13', metaState='0')
I/AppiumUnicodeIME(  672): onKeyDown (keyCode='36', event.keyCode='36', metaState='0')
I/AppiumUnicodeIME(  672): onKeyUp (keyCode='36', event.keyCode='36', metaState='0')
I/AppiumUnicodeIME(  672): onKeyDown (keyCode='19', event.keyCode='19', metaState='0')
I/AppiumUnicodeIME(  672): onKeyUp (keyCode='19', event.keyCode='19', metaState='0')
I/AppiumUnicodeIME(  672): onKeyDown (keyCode='19', event.keyCode='19', metaState='0')
I/AppiumUnicodeIME(  672): onKeyUp (keyCode='19', event.keyCode='19', metaState='0')
I/AppiumUnicodeIME(  672): onKeyDown (keyCode='82', event.keyCode='82', metaState='0')
I/AppiumUnicodeIME(  672): onKeyUp (keyCode='82', event.keyCode='82', metaState='0')
W/AudioTrack(  527): AUDIO_OUTPUT_FLAG_FAST denied by client
I/AppiumUnicodeIME(  672): onKeyDown (keyCode='23', event.keyCode='23', metaState='0')
I/AppiumUnicodeIME(  672): onKeyUp (keyCode='23', event.keyCode='23', metaState='0')
I/AppiumUnicodeIME(  672): onKeyDown (keyCode='168', event.keyCode='168', metaState='0')
I/AppiumUnicodeIME(  672): onKeyUp (keyCode='168', event.keyCode='168', metaState='0')
I/AppiumUnicodeIME(  672): onKeyDown (keyCode='22', event.keyCode='22', metaState='0')
I/AppiumUnicodeIME(  672): onKeyUp (keyCode='22', event.keyCode='22', metaState='0')
I/AppiumUnicodeIME(  672): onKeyDown (keyCode='248', event.keyCode='248', metaState='0')
I/AppiumUnicodeIME(  672): onKeyUp (keyCode='248', event.keyCode='248', metaState='0')
I/AppiumUnicodeIME(  672): onKeyDown (keyCode='49', event.keyCode='49', metaState='0')
I/AppiumUnicodeIME(  672): onKeyUp (keyCode='49', event.keyCode='49', metaState='0')
I/AppiumUnicodeIME(  672): onKeyDown (keyCode='82', event.keyCode='82', metaState='0')
I/AppiumUnicodeIME(  672): onKeyUp (keyCode='82', event.keyCode='82', metaState='0')
V/WindowManager(  527): Adding window Window{1d390802 u0 SubPanel:com.zzl.falcon.internal/com.zzl.falcon.setting.CustomerServiceActivity} at 11 of 16 (after Window{3408ad9b u0 com.zzl.falcon.internal/com.zzl.falcon.setting.CustomerServiceActivity})
W/AudioTrack(  527): AUDIO_OUTPUT_FLAG_FAST denied by client
W/ViewRootImpl( 1239): Dropping event due to no window focus: KeyEvent { action=ACTION_DOWN, keyCode=KEYCODE_F10, scanCode=0, metaState=0, flags=0x8, repeatCount=0, eventTime=1116998, downTime=1116998, deviceId=-1, source=0x101 }
W/ViewRootImpl( 1239): Cancelling event due to no window focus: KeyEvent { action=ACTION_UP, keyCode=KEYCODE_F10, scanCode=0, metaState=0, flags=0x28, repeatCount=0, eventTime=1117088, downTime=1117088, deviceId=-1, source=0x101 }
W/ViewRootImpl( 1239): Cancelling event due to no window focus: KeyEvent { action=ACTION_UP, keyCode=KEYCODE_F10, scanCode=0, metaState=0, flags=0x28, repeatCount=0, eventTime=1117088, downTime=1117088, deviceId=-1, source=0x101 }
W/ViewRootImpl( 1239): Cancelling event due to no window focus: KeyEvent { action=ACTION_UP, keyCode=KEYCODE_F10, scanCode=0, metaState=0, flags=0x28, repeatCount=0, eventTime=1117088, downTime=1117088, deviceId=-1, source=0x101 }
W/ViewRootImpl( 1239): Cancelling event due to no window focus: KeyEvent { action=ACTION_UP, keyCode=KEYCODE_F10, scanCode=0, metaState=0, flags=0x28, repeatCount=0, eventTime=1117088, downTime=1117088, deviceId=-1, source=0x101 }
W/ViewRootImpl( 1239): Cancelling event due to no window focus: KeyEvent { action=ACTION_UP, keyCode=KEYCODE_F10, scanCode=0, metaState=0, flags=0x28, repeatCount=0, eventTime=1117088, downTime=1117088, deviceId=-1, source=0x101 }
W/ViewRootImpl( 1239): Cancelling event due to no window focus: KeyEvent { action=ACTION_UP, keyCode=KEYCODE_F10, scanCode=0, metaState=0, flags=0x28, repeatCount=0, eventTime=1117088, downTime=1117088, deviceId=-1, source=0x101 }
W/ViewRootImpl( 1239): Cancelling event due to no window focus: KeyEvent { action=ACTION_UP, keyCode=KEYCODE_F10, scanCode=0, metaState=0, flags=0x28, repeatCount=0, eventTime=1117088, downTime=1117088, deviceId=-1, source=0x101 }
W/ViewRootImpl( 1239): Cancelling event due to no window focus: KeyEvent { action=ACTION_UP, keyCode=KEYCODE_F10, scanCode=0, metaState=0, flags=0x28, repeatCount=0, eventTime=1117088, downTime=1117088, deviceId=-1, source=0x101 }
W/ViewRootImpl( 1239): Cancelling event due to no window focus: KeyEvent { action=ACTION_UP, keyCode=KEYCODE_F10, scanCode=0, metaState=0, flags=0x28, repeatCount=0, eventTime=1117088, downTime=1117088, deviceId=-1, source=0x101 }
W/EGL_emulation( 1239): eglSurfaceAttrib not implemented
W/OpenGLRenderer( 1239): Failed to set EGL_SWAP_BEHAVIOR on surface 0xdf53af80, error=EGL_SUCCESS
I/AppiumUnicodeIME(  672): onKeyDown (keyCode='20', event.keyCode='20', metaState='0')
I/AppiumUnicodeIME(  672): onKeyUp (keyCode='20', event.keyCode='20', metaState='0')
I/AppiumUnicodeIME(  672): onKeyDown (keyCode='20', event.keyCode='20', metaState='0')
I/AppiumUnicodeIME(  672): onKeyUp (keyCode='20', event.keyCode='20', metaState='0')
W/AudioTrack(  527): AUDIO_OUTPUT_FLAG_FAST denied by client
W/ViewRootImpl( 1239): Dropping event due to no window focus: MotionEvent { action=ACTION_MOVE, id[0]=0, x[0]=-5.0, y[0]=-5.0, toolType[0]=TOOL_TYPE_UNKNOWN, buttonState=0, metaState=0, flags=0x0, edgeFlags=0x0, pointerCount=1, historySize=19, eventTime=1117191, downTime=-1, deviceId=0, source=0x10004 }
W/ViewRootImpl( 1239): Dropping event due to no window focus: KeyEvent { action=ACTION_DOWN, keyCode=KEYCODE_DPAD_DOWN, scanCode=0, metaState=0, flags=0x8, repeatCount=0, eventTime=1117191, downTime=1117191, deviceId=-1, source=0x101 }
W/ViewRootImpl( 1239): Cancelling event due to no window focus: KeyEvent { action=ACTION_UP, keyCode=KEYCODE_DPAD_DOWN, scanCode=0, metaState=0, flags=0x28, repeatCount=0, eventTime=1117294, downTime=1117294, deviceId=-1, source=0x101 }
W/ViewRootImpl( 1239): Cancelling event due to no window focus: KeyEvent { action=ACTION_UP, keyCode=KEYCODE_DPAD_DOWN, scanCode=0, metaState=0, flags=0x28, repeatCount=0, eventTime=1117294, downTime=1117294, deviceId=-1, source=0x101 }
W/ViewRootImpl( 1239): Cancelling event due to no window focus: KeyEvent { action=ACTION_UP, keyCode=KEYCODE_DPAD_DOWN, scanCode=0, metaState=0, flags=0x28, repeatCount=0, eventTime=1117294, downTime=1117294, deviceId=-1, source=0x101 }
I/AppiumUnicodeIME(  672): onKeyUp (keyCode='20', event.keyCode='20', metaState='0')
W/InputMethodManagerService(  527): Window already focused, ignoring focus gain of: com.android.internal.view.IInputMethodClient$Stub$Proxy@34559350 attribute=null, token = android.os.BinderProxy@a446daa
I/AppiumUnicodeIME(  672): onKeyDown (keyCode='22', event.keyCode='22', metaState='0')
W/AudioTrack(  527): AUDIO_OUTPUT_FLAG_FAST denied by client
V/WindowManager(  527): not Base app: Adding window Window{1e33a24e u0 com.zzl.falcon.internal/com.zzl.falcon.setting.CustomerServiceActivity} at 12 of 17
W/ViewRootImpl( 1239): Cancelling event due to no window focus: KeyEvent { action=ACTION_UP, keyCode=KEYCODE_DPAD_RIGHT, scanCode=0, metaState=0, flags=0x28, repeatCount=0, eventTime=1117345, downTime=1117345, deviceId=-1, source=0x101 }
I/AppiumUnicodeIME(  672): onKeyUp (keyCode='22', event.keyCode='22', metaState='0')
W/ViewRootImpl( 1239): Cancelling event due to no window focus: KeyEvent { action=ACTION_UP, keyCode=KEYCODE_DPAD_RIGHT, scanCode=0, metaState=0, flags=0x28, repeatCount=0, eventTime=1117345, downTime=1117345, deviceId=-1, source=0x101 }
W/ViewRootImpl( 1239): Cancelling event due to no window focus: KeyEvent { action=ACTION_UP, keyCode=KEYCODE_DPAD_RIGHT, scanCode=0, metaState=0, flags=0x28, repeatCount=0, eventTime=1117345, downTime=1117345, deviceId=-1, source=0x101 }
W/ViewRootImpl( 1239): Cancelling event due to no window focus: KeyEvent { action=ACTION_UP, keyCode=KEYCODE_DPAD_RIGHT, scanCode=0, metaState=0, flags=0x28, repeatCount=0, eventTime=1117345, downTime=1117345, deviceId=-1, source=0x101 }
W/ViewRootImpl( 1239): Cancelling event due to no window focus: KeyEvent { action=ACTION_UP, keyCode=KEYCODE_DPAD_RIGHT, scanCode=0, metaState=0, flags=0x28, repeatCount=0, eventTime=1117345, downTime=1117345, deviceId=-1, source=0x101 }
W/ViewRootImpl( 1239): Cancelling event due to no window focus: KeyEvent { action=ACTION_UP, keyCode=KEYCODE_DPAD_RIGHT, scanCode=0, metaState=0, flags=0x28, repeatCount=0, eventTime=1117345, downTime=1117345, deviceId=-1, source=0x101 }
W/ViewRootImpl( 1239): Cancelling event due to no window focus: KeyEvent { action=ACTION_UP, keyCode=KEYCODE_DPAD_RIGHT, scanCode=0, metaState=0, flags=0x28, repeatCount=0, eventTime=1117345, downTime=1117345, deviceId=-1, source=0x101 }
W/ViewRootImpl( 1239): Cancelling event due to no window focus: KeyEvent { action=ACTION_UP, keyCode=KEYCODE_DPAD_RIGHT, scanCode=0, metaState=0, flags=0x28, repeatCount=0, eventTime=1117345, downTime=1117345, deviceId=-1, source=0x101 }
W/ViewRootImpl( 1239): Cancelling event due to no window focus: KeyEvent { action=ACTION_UP, keyCode=KEYCODE_DPAD_RIGHT, scanCode=0, metaState=0, flags=0x28, repeatCount=0, eventTime=1117345, downTime=1117345, deviceId=-1, source=0x101 }
W/ViewRootImpl( 1239): Dropping event due to no window focus: KeyEvent { action=ACTION_DOWN, keyCode=KEYCODE_DPAD_LEFT, scanCode=0, metaState=0, flags=0x8, repeatCount=0, eventTime=1117364, downTime=1117364, deviceId=-1, source=0x101 }
W/ViewRootImpl( 1239): Cancelling event due to no window focus: KeyEvent { action=ACTION_UP, keyCode=KEYCODE_DPAD_LEFT, scanCode=0, metaState=0, flags=0x28, repeatCount=0, eventTime=1117381, downTime=1117381, deviceId=-1, source=0x101 }
W/ViewRootImpl( 1239): Cancelling event due to no window focus: KeyEvent { action=ACTION_UP, keyCode=KEYCODE_DPAD_LEFT, scanCode=0, metaState=0, flags=0x28, repeatCount=0, eventTime=1117381, downTime=1117381, deviceId=-1, source=0x101 }
W/ViewRootImpl( 1239): Cancelling event due to no window focus: KeyEvent { action=ACTION_UP, keyCode=KEYCODE_DPAD_LEFT, scanCode=0, metaState=0, flags=0x28, repeatCount=0, eventTime=1117381, downTime=1117381, deviceId=-1, source=0x101 }
W/ViewRootImpl( 1239): Cancelling event due to no window focus: KeyEvent { action=ACTION_UP, keyCode=KEYCODE_DPAD_LEFT, scanCode=0, metaState=0, flags=0x28, repeatCount=0, eventTime=1117381, downTime=1117381, deviceId=-1, source=0x101 }
W/ViewRootImpl( 1239): Cancelling event due to no window focus: KeyEvent { action=ACTION_UP, keyCode=KEYCODE_DPAD_LEFT, scanCode=0, metaState=0, flags=0x28, repeatCount=0, eventTime=1117381, downTime=1117381, deviceId=-1, source=0x101 }
W/ViewRootImpl( 1239): Cancelling event due to no window focus: KeyEvent { action=ACTION_UP, keyCode=KEYCODE_DPAD_LEFT, scanCode=0, metaState=0, flags=0x28, repeatCount=0, eventTime=1117381, downTime=1117381, deviceId=-1, source=0x101 }
W/ViewRootImpl( 1239): Cancelling event due to no window focus: KeyEvent { action=ACTION_UP, keyCode=KEYCODE_DPAD_LEFT, scanCode=0, metaState=0, flags=0x28, repeatCount=0, eventTime=1117381, downTime=1117381, deviceId=-1, source=0x101 }
W/ViewRootImpl( 1239): Cancelling event due to no window focus: KeyEvent { action=ACTION_UP, keyCode=KEYCODE_DPAD_LEFT, scanCode=0, metaState=0, flags=0x28, repeatCount=0, eventTime=1117381, downTime=1117381, deviceId=-1, source=0x101 }
W/ViewRootImpl( 1239): Cancelling event due to no window focus: KeyEvent { action=ACTION_UP, keyCode=KEYCODE_DPAD_LEFT, scanCode=0, metaState=0, flags=0x28, repeatCount=0, eventTime=1117381, downTime=1117381, deviceId=-1, source=0x101 }
W/ViewRootImpl( 1239): Dropping event due to no window focus: KeyEvent { action=ACTION_DOWN, keyCode=KEYCODE_DPAD_UP, scanCode=0, metaState=0, flags=0x8, repeatCount=0, eventTime=1117382, downTime=1117382, deviceId=-1, source=0x101 }
W/ViewRootImpl( 1239): Cancelling event due to no window focus: KeyEvent { action=ACTION_UP, keyCode=KEYCODE_DPAD_UP, scanCode=0, metaState=0, flags=0x28, repeatCount=0, eventTime=1117387, downTime=1117387, deviceId=-1, source=0x101 }
W/ViewRootImpl( 1239): Cancelling event due to no window focus: KeyEvent { action=ACTION_UP, keyCode=KEYCODE_DPAD_UP, scanCode=0, metaState=0, flags=0x28, repeatCount=0, eventTime=1117387, downTime=1117387, deviceId=-1, source=0x101 }
W/ViewRootImpl( 1239): Cancelling event due to no window focus: KeyEvent { action=ACTION_UP, keyCode=KEYCODE_DPAD_UP, scanCode=0, metaState=0, flags=0x28, repeatCount=0, eventTime=1117387, downTime=1117387, deviceId=-1, source=0x101 }
W/ViewRootImpl( 1239): Cancelling event due to no window focus: KeyEvent { action=ACTION_UP, keyCode=KEYCODE_DPAD_UP, scanCode=0, metaState=0, flags=0x28, repeatCount=0, eventTime=1117387, downTime=1117387, deviceId=-1, source=0x101 }
W/ViewRootImpl( 1239): Cancelling event due to no window focus: KeyEvent { action=ACTION_UP, keyCode=KEYCODE_DPAD_UP, scanCode=0, metaState=0, flags=0x28, repeatCount=0, eventTime=1117387, downTime=1117387, deviceId=-1, source=0x101 }
W/ViewRootImpl( 1239): Cancelling event due to no window focus: KeyEvent { action=ACTION_UP, keyCode=KEYCODE_DPAD_UP, scanCode=0, metaState=0, flags=0x28, repeatCount=0, eventTime=1117387, downTime=1117387, deviceId=-1, source=0x101 }
W/ViewRootImpl( 1239): Cancelling event due to no window focus: KeyEvent { action=ACTION_UP, keyCode=KEYCODE_DPAD_UP, scanCode=0, metaState=0, flags=0x28, repeatCount=0, eventTime=1117387, downTime=1117387, deviceId=-1, source=0x101 }
W/ViewRootImpl( 1239): Cancelling event due to no window focus: KeyEvent { action=ACTION_UP, keyCode=KEYCODE_DPAD_UP, scanCode=0, metaState=0, flags=0x28, repeatCount=0, eventTime=1117387, downTime=1117387, deviceId=-1, source=0x101 }
W/ViewRootImpl( 1239): Cancelling event due to no window focus: KeyEvent { action=ACTION_UP, keyCode=KEYCODE_DPAD_UP, scanCode=0, metaState=0, flags=0x28, repeatCount=0, eventTime=1117387, downTime=1117387, deviceId=-1, source=0x101 }
W/ViewRootImpl( 1239): Dropping event due to no window focus: KeyEvent { action=ACTION_DOWN, keyCode=KEYCODE_MENU, scanCode=0, metaState=0, flags=0x8, repeatCount=0, eventTime=1117391, downTime=1117391, deviceId=-1, source=0x101 }
W/ViewRootImpl( 1239): Cancelling event due to no window focus: KeyEvent { action=ACTION_UP, keyCode=KEYCODE_MENU, scanCode=0, metaState=0, flags=0x28, repeatCount=0, eventTime=1117395, downTime=1117395, deviceId=-1, source=0x101 }
W/ViewRootImpl( 1239): Cancelling event due to no window focus: KeyEvent { action=ACTION_UP, keyCode=KEYCODE_MENU, scanCode=0, metaState=0, flags=0x28, repeatCount=0, eventTime=1117395, downTime=1117395, deviceId=-1, source=0x101 }
W/ViewRootImpl( 1239): Cancelling event due to no window focus: KeyEvent { action=ACTION_UP, keyCode=KEYCODE_MENU, scanCode=0, metaState=0, flags=0x28, repeatCount=0, eventTime=1117395, downTime=1117395, deviceId=-1, source=0x101 }
W/ViewRootImpl( 1239): Cancelling event due to no window focus: KeyEvent { action=ACTION_UP, keyCode=KEYCODE_MENU, scanCode=0, metaState=0, flags=0x28, repeatCount=0, eventTime=1117395, downTime=1117395, deviceId=-1, source=0x101 }
W/ViewRootImpl( 1239): Cancelling event due to no window focus: KeyEvent { action=ACTION_UP, keyCode=KEYCODE_MENU, scanCode=0, metaState=0, flags=0x28, repeatCount=0, eventTime=1117395, downTime=1117395, deviceId=-1, source=0x101 }
W/ViewRootImpl( 1239): Cancelling event due to no window focus: KeyEvent { action=ACTION_UP, keyCode=KEYCODE_MENU, scanCode=0, metaState=0, flags=0x28, repeatCount=0, eventTime=1117395, downTime=1117395, deviceId=-1, source=0x101 }
W/EGL_emulation( 1239): eglSurfaceAttrib not implemented
W/OpenGLRenderer( 1239): Failed to set EGL_SWAP_BEHAVIOR on surface 0xdf53af80, error=EGL_SUCCESS
W/ViewRootImpl( 1239): Dropping event due to no window focus: KeyEvent { action=ACTION_DOWN, keyCode=KEYCODE_DPAD_CENTER, scanCode=0, metaState=0, flags=0x8, repeatCount=0, eventTime=1117412, downTime=1117412, deviceId=-1, source=0x101 }
W/ViewRootImpl( 1239): Cancelling event due to no window focus: KeyEvent { action=ACTION_UP, keyCode=KEYCODE_DPAD_CENTER, scanCode=0, metaState=0, flags=0x28, repeatCount=0, eventTime=1117413, downTime=1117413, deviceId=-1, source=0x101 }
