V/WindowManager(  527): not Base app: Adding window Window{204abd00 u0 com.zzl.falcon.internal/com.zzl.falcon.setting.CustomerServiceActivity} at 21 of 26
W/ViewRootImpl( 1239): Cancelling event due to no window focus: KeyEvent { action=ACTION_UP, keyCode=KEYCODE_DPAD_DOWN, scanCode=0, metaState=0, flags=0x28, repeatCount=0, eventTime=2198556, downTime=2198556, deviceId=-1, source=0x101 }
W/ViewRootImpl( 1239): Cancelling event due to no window focus: KeyEvent { action=ACTION_UP, keyCode=KEYCODE_DPAD_DOWN, scanCode=0, metaState=0, flags=0x28, repeatCount=0, eventTime=2198556, downTime=2198556, deviceId=-1, source=0x101 }
W/ViewRootImpl( 1239): Cancelling event due to no window focus: KeyEvent { action=ACTION_UP, keyCode=KEYCODE_DPAD_DOWN, scanCode=0, metaState=0, flags=0x28, repeatCount=0, eventTime=2198556, downTime=2198556, deviceId=-1, source=0x101 }
W/ViewRootImpl( 1239): Cancelling event due to no window focus: KeyEvent { action=ACTION_UP, keyCode=KEYCODE_DPAD_DOWN, scanCode=0, metaState=0, flags=0x28, repeatCount=0, eventTime=2198556, downTime=2198556, deviceId=-1, source=0x101 }
W/ViewRootImpl( 1239): Cancelling event due to no window focus: KeyEvent { action=ACTION_UP, keyCode=KEYCODE_DPAD_DOWN, scanCode=0, metaState=0, flags=0x28, repeatCount=0, eventTime=2198556, downTime=2198556, deviceId=-1, source=0x101 }
W/ViewRootImpl( 1239): Cancelling event due to no window focus: KeyEvent { action=ACTION_UP, keyCode=KEYCODE_DPAD_DOWN, scanCode=0, metaState=0, flags=0x28, repeatCount=0, eventTime=2198556, downTime=2198556, deviceId=-1, source=0x101 }
W/ViewRootImpl( 1239): Cancelling event due to no window focus: KeyEvent { action=ACTION_UP, keyCode=KEYCODE_DPAD_DOWN, scanCode=0, metaState=0, flags=0x28, repeatCount=0, eventTime=2198556, downTime=2198556, deviceId=-1, source=0x101 }
W/ViewRootImpl( 1239): Cancelling event due to no window focus: KeyEvent { action=ACTION_UP, keyCode=KEYCODE_DPAD_DOWN, scanCode=0, metaState=0, flags=0x28, repeatCount=0, eventTime=2198556, downTime=2198556, deviceId=-1, source=0x101 }
W/ViewRootImpl( 1239): Cancelling event due to no window focus: KeyEvent { action=ACTION_UP, keyCode=KEYCODE_DPAD_DOWN, scanCode=0, metaState=0, flags=0x28, repeatCount=0, eventTime=2198556, downTime=2198556, deviceId=-1, source=0x101 }
W/ViewRootImpl( 1239): Dropping event due to no window focus: KeyEvent { action=ACTION_DOWN, keyCode=KEYCODE_DPAD_RIGHT, scanCode=0, metaState=0, flags=0x8, repeatCount=0, eventTime=2198570, downTime=2198570, deviceId=-1, source=0x101 }
W/InputManager(  527): Input event injection from pid 3121 failed.
W/ViewRootImpl( 1239): Dropping event due to no window focus: KeyEvent { action=ACTION_DOWN, keyCode=KEYCODE_DPAD_LEFT, scanCode=0, metaState=0, flags=0x8, repeatCount=0, eventTime=2199281, downTime=2199281, deviceId=-1, source=0x101 }
W/InputMethodManagerService(  527): Window already focused, ignoring focus gain of: com.android.internal.view.IInputMethodClient$Stub$Proxy@22359b7e attribute=null, token = android.os.BinderProxy@1913ad08
V/WindowManager(  527): not Base app: Adding window Window{3d1ea92c u0 com.zzl.falcon.internal/com.zzl.falcon.setting.CustomerServiceActivity} at 22 of 27
W/ViewRootImpl( 1239): Dropping event due to no window focus: KeyEvent { action=ACTION_DOWN, keyCode=KEYCODE_MENU, scanCode=0, metaState=0, flags=0x8, repeatCount=0, eventTime=2199365, downTime=2199365, deviceId=-1, source=0x101 }
W/ViewRootImpl( 1239): Cancelling event due to no window focus: KeyEvent { action=ACTION_UP, keyCode=KEYCODE_MENU, scanCode=0, metaState=0, flags=0x28, repeatCount=0, eventTime=2199367, downTime=2199367, deviceId=-1, source=0x101 }
W/ViewRootImpl( 1239): Cancelling event due to no window focus: KeyEvent { action=ACTION_UP, keyCode=KEYCODE_MENU, scanCode=0, metaState=0, flags=0x28, repeatCount=0, eventTime=2199367, downTime=2199367, deviceId=-1, source=0x101 }
W/ViewRootImpl( 1239): Cancelling event due to no window focus: KeyEvent { action=ACTION_UP, keyCode=KEYCODE_MENU, scanCode=0, metaState=0, flags=0x28, repeatCount=0, eventTime=2199367, downTime=2199367, deviceId=-1, source=0x101 }
W/ViewRootImpl( 1239): Cancelling event due to no window focus: KeyEvent { action=ACTION_UP, keyCode=KEYCODE_MENU, scanCode=0, metaState=0, flags=0x28, repeatCount=0, eventTime=2199367, downTime=2199367, deviceId=-1, source=0x101 }
W/ViewRootImpl( 1239): Cancelling event due to no window focus: KeyEvent { action=ACTION_UP, keyCode=KEYCODE_MENU, scanCode=0, metaState=0, flags=0x28, repeatCount=0, eventTime=2199367, downTime=2199367, deviceId=-1, source=0x101 }
W/ViewRootImpl( 1239): Cancelling event due to no window focus: KeyEvent { action=ACTION_UP, keyCode=KEYCODE_MENU, scanCode=0, metaState=0, flags=0x28, repeatCount=0, eventTime=2199367, downTime=2199367, deviceId=-1, source=0x101 }
I/ActivityManager(  527): START u0 {act=android.intent.action.MAIN cat=[android.intent.category.LAUNCHER] flg=0x10200000 cmp=com.zzl.falcon.internal/com.squareup.leakcanary.internal.DisplayLeakActivity} from uid 0 on display 0
V/WindowManager(  527): addAppToken: AppWindowToken{3c6a13fb token=Token{3d0bf18a ActivityRecord{21a19ff5 u0 com.zzl.falcon.internal/com.squareup.leakcanary.internal.DisplayLeakActivity t42}}} to stack=1 task=42 at 17
V/WindowManager(  527): Adding window Window{6394671 u0 com.zzl.falcon.internal/com.squareup.leakcanary.internal.DisplayLeakActivity} at 22 of 27 (after Window{1a2baef7 u0 com.zzl.falcon.internal/com.squareup.leakcanary.internal.DisplayLeakActivity})
W/ViewRootImpl( 1882): Dropping event due to no window focus: KeyEvent { action=ACTION_DOWN, keyCode=KEYCODE_DPAD_LEFT, scanCode=0, metaState=0, flags=0x8, repeatCount=0, eventTime=2199818, downTime=2199818, deviceId=-1, source=0x101 }
W/ViewRootImpl( 1882): Cancelling event due to no window focus: KeyEvent { action=ACTION_UP, keyCode=KEYCODE_DPAD_LEFT, scanCode=0, metaState=0, flags=0x28, repeatCount=0, eventTime=2199953, downTime=2199953, deviceId=-1, source=0x101 }
W/ViewRootImpl( 1882): Cancelling event due to no window focus: KeyEvent { action=ACTION_UP, keyCode=KEYCODE_DPAD_LEFT, scanCode=0, metaState=0, flags=0x28, repeatCount=0, eventTime=2199953, downTime=2199953, deviceId=-1, source=0x101 }
W/ViewRootImpl( 1882): Cancelling event due to no window focus: KeyEvent { action=ACTION_UP, keyCode=KEYCODE_DPAD_LEFT, scanCode=0, metaState=0, flags=0x28, repeatCount=0, eventTime=2199953, downTime=2199953, deviceId=-1, source=0x101 }
W/ViewRootImpl( 1882): Cancelling event due to no window focus: KeyEvent { action=ACTION_UP, keyCode=KEYCODE_DPAD_LEFT, scanCode=0, metaState=0, flags=0x28, repeatCount=0, eventTime=2199953, downTime=2199953, deviceId=-1, source=0x101 }
W/ViewRootImpl( 1882): Cancelling event due to no window focus: KeyEvent { action=ACTION_UP, keyCode=KEYCODE_DPAD_LEFT, scanCode=0, metaState=0, flags=0x28, repeatCount=0, eventTime=2199953, downTime=2199953, deviceId=-1, source=0x101 }
W/ViewRootImpl( 1882): Cancelling event due to no window focus: KeyEvent { action=ACTION_UP, keyCode=KEYCODE_DPAD_LEFT, scanCode=0, metaState=0, flags=0x28, repeatCount=0, eventTime=2199953, downTime=2199953, deviceId=-1, source=0x101 }
W/ViewRootImpl( 1882): Cancelling event due to no window focus: KeyEvent { action=ACTION_UP, keyCode=KEYCODE_DPAD_LEFT, scanCode=0, metaState=0, flags=0x28, repeatCount=0, eventTime=2199953, downTime=2199953, deviceId=-1, source=0x101 }
W/ViewRootImpl( 1882): Cancelling event due to no window focus: KeyEvent { action=ACTION_UP, keyCode=KEYCODE_DPAD_LEFT, scanCode=0, metaState=0, flags=0x28, repeatCount=0, eventTime=2199953, downTime=2199953, deviceId=-1, source=0x101 }
W/ViewRootImpl( 1882): Cancelling event due to no window focus: KeyEvent { action=ACTION_UP, keyCode=KEYCODE_DPAD_LEFT, scanCode=0, metaState=0, flags=0x28, repeatCount=0, eventTime=2199953, downTime=2199953, deviceId=-1, source=0x101 }
I/ActivityManager(  527): START u0 {act=android.intent.action.MAIN cat=[android.intent.category.LAUNCHER] flg=0x10000000 cmp=com.android.music/.MusicBrowserActivity sel=act=android.intent.action.MAIN cat=[android.intent.category.APP_MUSIC]}} from uid 1000 on display 0
W/BackupManagerService(  527): dataChanged but no participant pkg='com.android.providers.settings' uid=10013
D/ZenLog  (  527): set_zen_mode: no_interruptions,setting
D/ZenLog  (  527): update_zen_mode: important_interruptions -> no_interruptions
D/ZenLog  (  527): set_ringer_mode_internal: ZenModeHelper,i:vibrate->silent,e:silent->silent
I/ActivityManager(  527): START u0 {act=android.intent.action.MAIN cat=[android.intent.category.LAUNCHER] flg=0x10200000 cmp=com.zzl.falcon.internal/com.squareup.leakcanary.internal.DisplayLeakActivity} from uid 0 on display 0
V/WindowManager(  527): addAppToken: AppWindowToken{1e4bd13a token=Token{285b7065 ActivityRecord{37b4b55c u0 com.zzl.falcon.internal/com.squareup.leakcanary.internal.DisplayLeakActivity t42}}} to stack=1 task=42 at 18
V/WindowManager(  527): Adding window Window{3785cb48 u0 com.zzl.falcon.internal/com.squareup.leakcanary.internal.DisplayLeakActivity} at 23 of 28 (after Window{6394671 u0 com.zzl.falcon.internal/com.squareup.leakcanary.internal.DisplayLeakActivity})
W/ViewRootImpl( 1882): Dropping event due to no window focus: KeyEvent { action=ACTION_DOWN, keyCode=KEYCODE_DPAD_RIGHT, scanCode=0, metaState=0, flags=0x8, repeatCount=0, eventTime=2201570, downTime=2201570, deviceId=-1, source=0x101 }
W/ViewRootImpl( 1882): Cancelling event due to no window focus: KeyEvent { action=ACTION_UP, keyCode=KEYCODE_DPAD_RIGHT, scanCode=0, metaState=0, flags=0x28, repeatCount=0, eventTime=2201601, downTime=2201601, deviceId=-1, source=0x101 }
W/ViewRootImpl( 1882): Cancelling event due to no window focus: KeyEvent { action=ACTION_UP, keyCode=KEYCODE_DPAD_RIGHT, scanCode=0, metaState=0, flags=0x28, repeatCount=0, eventTime=2201601, downTime=2201601, deviceId=-1, source=0x101 }
W/ViewRootImpl( 1882): Cancelling event due to no window focus: KeyEvent { action=ACTION_UP, keyCode=KEYCODE_DPAD_RIGHT, scanCode=0, metaState=0, flags=0x28, repeatCount=0, eventTime=2201601, downTime=2201601, deviceId=-1, source=0x101 }
W/ViewRootImpl( 1882): Cancelling event due to no window focus: KeyEvent { action=ACTION_UP, keyCode=KEYCODE_DPAD_RIGHT, scanCode=0, metaState=0, flags=0x28, repeatCount=0, eventTime=2201601, downTime=2201601, deviceId=-1, source=0x101 }
W/ViewRootImpl( 1882): Cancelling event due to no window focus: KeyEvent { action=ACTION_UP, keyCode=KEYCODE_DPAD_RIGHT, scanCode=0, metaState=0, flags=0x28, repeatCount=0, eventTime=2201601, downTime=2201601, deviceId=-1, source=0x101 }
W/ViewRootImpl( 1882): Cancelling event due to no window focus: KeyEvent { action=ACTION_UP, keyCode=KEYCODE_DPAD_RIGHT, scanCode=0, metaState=0, flags=0x28, repeatCount=0, eventTime=2201601, downTime=2201601, deviceId=-1, source=0x101 }
W/ViewRootImpl( 1882): Cancelling event due to no window focus: KeyEvent { action=ACTION_UP, keyCode=KEYCODE_DPAD_RIGHT, scanCode=0, metaState=0, flags=0x28, repeatCount=0, eventTime=2201601, downTime=2201601, deviceId=-1, source=0x101 }
W/ViewRootImpl( 1882): Cancelling event due to no window focus: KeyEvent { action=ACTION_UP, keyCode=KEYCODE_DPAD_RIGHT, scanCode=0, metaState=0, flags=0x28, repeatCount=0, eventTime=2201601, downTime=2201601, deviceId=-1, source=0x101 }
W/ViewRootImpl( 1882): Cancelling event due to no window focus: KeyEvent { action=ACTION_UP, keyCode=KEYCODE_DPAD_RIGHT, scanCode=0, metaState=0, flags=0x28, repeatCount=0, eventTime=2201601, downTime=2201601, deviceId=-1, source=0x101 }
I/ActivityManager(  527): Waited long enough for: ServiceRecord{342c147b u0 com.android.music/.MediaPlaybackService}
W/ViewRootImpl( 1882): Dropping event due to no window focus: KeyEvent { action=ACTION_DOWN, keyCode=KEYCODE_BACK, scanCode=0, metaState=0, flags=0x8, repeatCount=0, eventTime=2201637, downTime=2201637, deviceId=-1, source=0x101 }
W/ViewRootImpl( 1882): Dropping event due to no window focus: KeyEvent { action=ACTION_DOWN, keyCode=KEYCODE_DPAD_UP, scanCode=0, metaState=0, flags=0x400, repeatCount=0, eventTime=2202312, downTime=2202312, deviceId=-1, source=0x101 }
W/ViewRootImpl( 1882): Cancelling event due to no window focus: KeyEvent { action=ACTION_UP, keyCode=KEYCODE_DPAD_UP, scanCode=0, metaState=0, flags=0x420, repeatCount=0, eventTime=2202312, downTime=2202312, deviceId=-1, source=0x101 }
W/ViewRootImpl( 1882): Cancelling event due to no window focus: KeyEvent { action=ACTION_UP, keyCode=KEYCODE_DPAD_UP, scanCode=0, metaState=0, flags=0x420, repeatCount=0, eventTime=2202312, downTime=2202312, deviceId=-1, source=0x101 }
W/ViewRootImpl( 1882): Cancelling event due to no window focus: KeyEvent { action=ACTION_UP, keyCode=KEYCODE_DPAD_UP, scanCode=0, metaState=0, flags=0x420, repeatCount=0, eventTime=2202312, downTime=2202312, deviceId=-1, source=0x101 }
W/ViewRootImpl( 1882): Dropping event due to no window focus: KeyEvent { action=ACTION_DOWN, keyCode=KEYCODE_DPAD_UP, scanCode=0, metaState=0, flags=0x400, repeatCount=0, eventTime=2202312, downTime=2202312, deviceId=-1, source=0x101 }
W/ViewRootImpl( 1882): Cancelling event due to no window focus: KeyEvent { action=ACTION_UP, keyCode=KEYCODE_DPAD_UP, scanCode=0, metaState=0, flags=0x420, repeatCount=0, eventTime=2202312, downTime=2202312, deviceId=-1, source=0x101 }
W/ViewRootImpl( 1882): Cancelling event due to no window focus: KeyEvent { action=ACTION_UP, keyCode=KEYCODE_DPAD_UP, scanCode=0, metaState=0, flags=0x420, repeatCount=0, eventTime=2202312, downTime=2202312, deviceId=-1, source=0x101 }
W/ViewRootImpl( 1882): Cancelling event due to no window focus: KeyEvent { action=ACTION_UP, keyCode=KEYCODE_DPAD_UP, scanCode=0, metaState=0, flags=0x420, repeatCount=0, eventTime=2202312, downTime=2202312, deviceId=-1, source=0x101 }
W/ViewRootImpl( 1882): Dropping event due to no window focus: KeyEvent { action=ACTION_DOWN, keyCode=KEYCODE_DPAD_UP, scanCode=0, metaState=0, flags=0x400, repeatCount=0, eventTime=2202312, downTime=2202312, deviceId=-1, source=0x101 }
W/ViewRootImpl( 1882): Cancelling event due to no window focus: KeyEvent { action=ACTION_UP, keyCode=KEYCODE_DPAD_UP, scanCode=0, metaState=0, flags=0x420, repeatCount=0, eventTime=2202312, downTime=2202312, deviceId=-1, source=0x101 }
W/ViewRootImpl( 1882): Cancelling event due to no window focus: KeyEvent { action=ACTION_UP, keyCode=KEYCODE_DPAD_UP, scanCode=0, metaState=0, flags=0x420, repeatCount=0, eventTime=2202312, downTime=2202312, deviceId=-1, source=0x101 }
W/ViewRootImpl( 1882): Cancelling event due to no window focus: KeyEvent { action=ACTION_UP, keyCode=KEYCODE_DPAD_UP, scanCode=0, metaState=0, flags=0x420, repeatCount=0, eventTime=2202312, downTime=2202312, deviceId=-1, source=0x101 }
W/ViewRootImpl( 1882): Cancelling event due to no window focus: KeyEvent { action=ACTION_UP, keyCode=KEYCODE_DPAD_UP, scanCode=0, metaState=0, flags=0x420, repeatCount=0, eventTime=2202312, downTime=2202312, deviceId=-1, source=0x101 }
W/ViewRootImpl( 1882): Cancelling event due to no window focus: KeyEvent { action=ACTION_UP, keyCode=KEYCODE_DPAD_UP, scanCode=0, metaState=0, flags=0x420, repeatCount=0, eventTime=2202312, downTime=2202312, deviceId=-1, source=0x101 }
W/ViewRootImpl( 1882): Cancelling event due to no window focus: KeyEvent { action=ACTION_UP, keyCode=KEYCODE_DPAD_UP, scanCode=0, metaState=0, flags=0x420, repeatCount=0, eventTime=2202312, downTime=2202312, deviceId=-1, source=0x101 }
W/ViewRootImpl( 1882): Cancelling event due to no window focus: KeyEvent { action=ACTION_UP, keyCode=KEYCODE_DPAD_UP, scanCode=0, metaState=0, flags=0x420, repeatCount=0, eventTime=2202312, downTime=2202312, deviceId=-1, source=0x101 }
W/ViewRootImpl( 1882): Cancelling event due to no window focus: KeyEvent { action=ACTION_UP, keyCode=KEYCODE_DPAD_UP, scanCode=0, metaState=0, flags=0x420, repeatCount=0, eventTime=2202312, downTime=2202312, deviceId=-1, source=0x101 }
W/ViewRootImpl( 1882): Cancelling event due to no window focus: KeyEvent { action=ACTION_UP, keyCode=KEYCODE_DPAD_UP, scanCode=0, metaState=0, flags=0x420, repeatCount=0, eventTime=2202312, downTime=2202312, deviceId=-1, source=0x101 }
W/ViewRootImpl( 1882): Cancelling event due to no window focus: KeyEvent { action=ACTION_UP, keyCode=KEYCODE_DPAD_UP, scanCode=0, metaState=0, flags=0x420, repeatCount=0, eventTime=2202312, downTime=2202312, deviceId=-1, source=0x101 }
W/ViewRootImpl( 1882): Cancelling event due to no window focus: KeyEvent { action=ACTION_UP, keyCode=KEYCODE_DPAD_UP, scanCode=0, metaState=0, flags=0x420, repeatCount=0, eventTime=2202312, downTime=2202312, deviceId=-1, source=0x101 }
W/ViewRootImpl( 1882): Cancelling event due to no window focus: KeyEvent { action=ACTION_UP, keyCode=KEYCODE_DPAD_UP, scanCode=0, metaState=0, flags=0x420, repeatCount=0, eventTime=2202312, downTime=2202312, deviceId=-1, source=0x101 }
W/ViewRootImpl( 1882): Cancelling event due to no window focus: KeyEvent { action=ACTION_UP, keyCode=KEYCODE_DPAD_UP, scanCode=0, metaState=0, flags=0x420, repeatCount=0, eventTime=2202312, downTime=2202312, deviceId=-1, source=0x101 }
W/ViewRootImpl( 1882): Cancelling event due to no window focus: KeyEvent { action=ACTION_UP, keyCode=KEYCODE_DPAD_UP, scanCode=0, metaState=0, flags=0x420, repeatCount=0, eventTime=2202312, downTime=2202312, deviceId=-1, source=0x101 }
W/ViewRootImpl( 1882): Cancelling event due to no window focus: KeyEvent { action=ACTION_UP, keyCode=KEYCODE_DPAD_UP, scanCode=0, metaState=0, flags=0x420, repeatCount=0, eventTime=2202312, downTime=2202312, deviceId=-1, source=0x101 }
W/ViewRootImpl( 1882): Cancelling event due to no window focus: KeyEvent { action=ACTION_UP, keyCode=KEYCODE_DPAD_UP, scanCode=0, metaState=0, flags=0x420, repeatCount=0, eventTime=2202312, downTime=2202312, deviceId=-1, source=0x101 }
W/ViewRootImpl( 1882): Cancelling event due to no window focus: KeyEvent { action=ACTION_UP, keyCode=KEYCODE_DPAD_UP, scanCode=0, metaState=0, flags=0x420, repeatCount=0, eventTime=2202312, downTime=2202312, deviceId=-1, source=0x101 }
W/ViewRootImpl( 1882): Cancelling event due to no window focus: KeyEvent { action=ACTION_UP, keyCode=KEYCODE_DPAD_UP, scanCode=0, metaState=0, flags=0x420, repeatCount=0, eventTime=2202312, downTime=2202312, deviceId=-1, source=0x101 }
W/ViewRootImpl( 1882): Cancelling event due to no window focus: KeyEvent { action=ACTION_UP, keyCode=KEYCODE_DPAD_UP, scanCode=0, metaState=0, flags=0x420, repeatCount=0, eventTime=2202312, downTime=2202312, deviceId=-1, source=0x101 }
W/ViewRootImpl( 1882): Cancelling event due to no window focus: KeyEvent { action=ACTION_UP, keyCode=KEYCODE_DPAD_UP, scanCode=0, metaState=0, flags=0x420, repeatCount=0, eventTime=2202312, downTime=2202312, deviceId=-1, source=0x101 }
W/ViewRootImpl( 1882): Cancelling event due to no window focus: KeyEvent { action=ACTION_UP, keyCode=KEYCODE_DPAD_UP, scanCode=0, metaState=0, flags=0x420, repeatCount=0, eventTime=2202312, downTime=2202312, deviceId=-1, source=0x101 }
W/ViewRootImpl(  636): Dropping event due to no window focus: MotionEvent { action=ACTION_MOVE, id[0]=0, x[0]=2.0, y[0]=-1.0, toolType[0]=TOOL_TYPE_UNKNOWN, buttonState=0, metaState=0, flags=0x0, edgeFlags=0x0, pointerCount=1, historySize=18, eventTime=2202170, downTime=-1, deviceId=0, source=0x10004 }
W/ViewRootImpl(  636): Dropping event due to no window focus: KeyEvent { action=ACTION_DOWN, keyCode=KEYCODE_SOFT_LEFT, scanCode=0, metaState=0, flags=0x8, repeatCount=0, eventTime=2202172, downTime=2202172, deviceId=-1, source=0x101 }
W/ViewRootImpl(  636): Cancelling event due to no window focus: KeyEvent { action=ACTION_UP, keyCode=KEYCODE_SOFT_LEFT, scanCode=0, metaState=0, flags=0x28, repeatCount=0, eventTime=2202352, downTime=2202352, deviceId=-1, source=0x101 }
W/ViewRootImpl(  636): Cancelling event due to no window focus: KeyEvent { action=ACTION_UP, keyCode=KEYCODE_SOFT_LEFT, scanCode=0, metaState=0, flags=0x28, repeatCount=0, eventTime=2202352, downTime=2202352, deviceId=-1, source=0x101 }
W/ViewRootImpl(  636): Cancelling event due to no window focus: KeyEvent { action=ACTION_UP, keyCode=KEYCODE_SOFT_LEFT, scanCode=0, metaState=0, flags=0x28, repeatCount=0, eventTime=2202352, downTime=2202352, deviceId=-1, source=0x101 }
W/ViewRootImpl(  636): Cancelling event due to no window focus: KeyEvent { action=ACTION_UP, keyCode=KEYCODE_SOFT_LEFT, scanCode=0, metaState=0, flags=0x28, repeatCount=0, eventTime=2202352, downTime=2202352, deviceId=-1, source=0x101 }
W/ViewRootImpl(  636): Cancelling event due to no window focus: KeyEvent { action=ACTION_UP, keyCode=KEYCODE_SOFT_LEFT, scanCode=0, metaState=0, flags=0x28, repeatCount=0, eventTime=2202352, downTime=2202352, deviceId=-1, source=0x101 }
W/ViewRootImpl(  636): Cancelling event due to no window focus: KeyEvent { action=ACTION_UP, keyCode=KEYCODE_SOFT_LEFT, scanCode=0, metaState=0, flags=0x28, repeatCount=0, eventTime=2202352, downTime=2202352, deviceId=-1, source=0x101 }
W/ViewRootImpl(  636): Cancelling event due to no window focus: KeyEvent { action=ACTION_UP, keyCode=KEYCODE_SOFT_LEFT, scanCode=0, metaState=0, flags=0x28, repeatCount=0, eventTime=2202352, downTime=2202352, deviceId=-1, source=0x101 }
W/ViewRootImpl(  636): Cancelling event due to no window focus: KeyEvent { action=ACTION_UP, keyCode=KEYCODE_SOFT_LEFT, scanCode=0, metaState=0, flags=0x28, repeatCount=0, eventTime=2202352, downTime=2202352, deviceId=-1, source=0x101 }
W/ViewRootImpl(  636): Cancelling event due to no window focus: KeyEvent { action=ACTION_UP, keyCode=KEYCODE_SOFT_LEFT, scanCode=0, metaState=0, flags=0x28, repeatCount=0, eventTime=2202352, downTime=2202352, deviceId=-1, source=0x101 }
W/ViewRootImpl(  636): Dropping event due to no window focus: KeyEvent { action=ACTION_DOWN, keyCode=KEYCODE_MENU, scanCode=0, metaState=0, flags=0x8, repeatCount=0, eventTime=2202353, downTime=2202353, deviceId=-1, source=0x101 }
W/ViewRootImpl(  636): Cancelling event due to no window focus: KeyEvent { action=ACTION_UP, keyCode=KEYCODE_MENU, scanCode=0, metaState=0, flags=0x28, repeatCount=0, eventTime=2202356, downTime=2202356, deviceId=-1, source=0x101 }
W/ViewRootImpl(  636): Cancelling event due to no window focus: KeyEvent { action=ACTION_UP, keyCode=KEYCODE_MENU, scanCode=0, metaState=0, flags=0x28, repeatCount=0, eventTime=2202356, downTime=2202356, deviceId=-1, source=0x101 }
W/ViewRootImpl(  636): Cancelling event due to no window focus: KeyEvent { action=ACTION_UP, keyCode=KEYCODE_MENU, scanCode=0, metaState=0, flags=0x28, repeatCount=0, eventTime=2202356, downTime=2202356, deviceId=-1, source=0x101 }
W/ViewRootImpl(  636): Cancelling event due to no window focus: KeyEvent { action=ACTION_UP, keyCode=KEYCODE_MENU, scanCode=0, metaState=0, flags=0x28, repeatCount=0, eventTime=2202356, downTime=2202356, deviceId=-1, source=0x101 }
W/ViewRootImpl(  636): Cancelling event due to no window focus: KeyEvent { action=ACTION_UP, keyCode=KEYCODE_MENU, scanCode=0, metaState=0, flags=0x28, repeatCount=0, eventTime=2202356, downTime=2202356, deviceId=-1, source=0x101 }
W/ViewRootImpl(  636): Cancelling event due to no window focus: KeyEvent { action=ACTION_UP, keyCode=KEYCODE_MENU, scanCode=0, metaState=0, flags=0x28, repeatCount=0, eventTime=2202356, downTime=2202356, deviceId=-1, source=0x101 }
W/ViewRootImpl(  636): Cancelling event due to no window focus: KeyEvent { action=ACTION_UP, keyCode=KEYCODE_MENU, scanCode=0, metaState=0, flags=0x28, repeatCount=0, eventTime=2202356, downTime=2202356, deviceId=-1, source=0x101 }
W/ViewRootImpl(  636): Cancelling event due to no window focus: KeyEvent { action=ACTION_UP, keyCode=KEYCODE_MENU, scanCode=0, metaState=0, flags=0x28, repeatCount=0, eventTime=2202356, downTime=2202356, deviceId=-1, source=0x101 }
W/ViewRootImpl(  636): Cancelling event due to no window focus: KeyEvent { action=ACTION_UP, keyCode=KEYCODE_MENU, scanCode=0, metaState=0, flags=0x28, repeatCount=0, eventTime=2202356, downTime=2202356, deviceId=-1, source=0x101 }
W/ViewRootImpl(  636): Dropping event due to no window focus: KeyEvent { action=ACTION_DOWN, keyCode=KEYCODE_DPAD_DOWN, scanCode=0, metaState=0, flags=0x8, repeatCount=0, eventTime=2202357, downTime=2202357, deviceId=-1, source=0x101 }
W/ViewRootImpl(  636): Cancelling event due to no window focus: KeyEvent { action=ACTION_UP, keyCode=KEYCODE_DPAD_DOWN, scanCode=0, metaState=0, flags=0x28, repeatCount=0, eventTime=2202358, downTime=2202358, deviceId=-1, source=0x101 }
W/ViewRootImpl(  636): Cancelling event due to no window focus: KeyEvent { action=ACTION_UP, keyCode=KEYCODE_DPAD_DOWN, scanCode=0, metaState=0, flags=0x28, repeatCount=0, eventTime=2202358, downTime=2202358, deviceId=-1, source=0x101 }
W/ViewRootImpl(  636): Cancelling event due to no window focus: KeyEvent { action=ACTION_UP, keyCode=KEYCODE_DPAD_DOWN, scanCode=0, metaState=0, flags=0x28, repeatCount=0, eventTime=2202358, downTime=2202358, deviceId=-1, source=0x101 }
W/ViewRootImpl(  636): Cancelling event due to no window focus: KeyEvent { action=ACTION_UP, keyCode=KEYCODE_DPAD_DOWN, scanCode=0, metaState=0, flags=0x28, repeatCount=0, eventTime=2202358, downTime=2202358, deviceId=-1, source=0x101 }
W/ViewRootImpl(  636): Cancelling event due to no window focus: KeyEvent { action=ACTION_UP, keyCode=KEYCODE_DPAD_DOWN, scanCode=0, metaState=0, flags=0x28, repeatCount=0, eventTime=2202358, downTime=2202358, deviceId=-1, source=0x101 }
W/ViewRootImpl(  636): Cancelling event due to no window focus: KeyEvent { action=ACTION_UP, keyCode=KEYCODE_DPAD_DOWN, scanCode=0, metaState=0, flags=0x28, repeatCount=0, eventTime=2202358, downTime=2202358, deviceId=-1, source=0x101 }
W/ViewRootImpl(  636): Cancelling event due to no window focus: KeyEvent { action=ACTION_UP, keyCode=KEYCODE_DPAD_DOWN, scanCode=0, metaState=0, flags=0x28, repeatCount=0, eventTime=2202358, downTime=2202358, deviceId=-1, source=0x101 }
W/ViewRootImpl(  636): Cancelling event due to no window focus: KeyEvent { action=ACTION_UP, keyCode=KEYCODE_DPAD_DOWN, scanCode=0, metaState=0, flags=0x28, repeatCount=0, eventTime=2202358, downTime=2202358, deviceId=-1, source=0x101 }
W/ViewRootImpl(  636): Cancelling event due to no window focus: KeyEvent { action=ACTION_UP, keyCode=KEYCODE_DPAD_DOWN, scanCode=0, metaState=0, flags=0x28, repeatCount=0, eventTime=2202358, downTime=2202358, deviceId=-1, source=0x101 }
W/ViewRootImpl(  636): Dropping event due to no window focus: KeyEvent { action=ACTION_DOWN, keyCode=KEYCODE_DPAD_RIGHT, scanCode=0, metaState=0, flags=0x8, repeatCount=0, eventTime=2202359, downTime=2202359, deviceId=-1, source=0x101 }
W/ViewRootImpl(  636): Cancelling event due to no window focus: KeyEvent { action=ACTION_UP, keyCode=KEYCODE_DPAD_RIGHT, scanCode=0, metaState=0, flags=0x28, repeatCount=0, eventTime=2202361, downTime=2202361, deviceId=-1, source=0x101 }
W/ViewRootImpl(  636): Cancelling event due to no window focus: KeyEvent { action=ACTION_UP, keyCode=KEYCODE_DPAD_RIGHT, scanCode=0, metaState=0, flags=0x28, repeatCount=0, eventTime=2202361, downTime=2202361, deviceId=-1, source=0x101 }
W/ViewRootImpl(  636): Cancelling event due to no window focus: KeyEvent { action=ACTION_UP, keyCode=KEYCODE_DPAD_RIGHT, scanCode=0, metaState=0, flags=0x28, repeatCount=0, eventTime=2202361, downTime=2202361, deviceId=-1, source=0x101 }
W/ViewRootImpl(  636): Cancelling event due to no window focus: KeyEvent { action=ACTION_UP, keyCode=KEYCODE_DPAD_RIGHT, scanCode=0, metaState=0, flags=0x28, repeatCount=0, eventTime=2202361, downTime=2202361, deviceId=-1, source=0x101 }
W/ViewRootImpl(  636): Cancelling event due to no window focus: KeyEvent { action=ACTION_UP, keyCode=KEYCODE_DPAD_RIGHT, scanCode=0, metaState=0, flags=0x28, repeatCount=0, eventTime=2202361, downTime=2202361, deviceId=-1, source=0x101 }
W/ViewRootImpl(  636): Cancelling event due to no window focus: KeyEvent { action=ACTION_UP, keyCode=KEYCODE_DPAD_RIGHT, scanCode=0, metaState=0, flags=0x28, repeatCount=0, eventTime=2202361, downTime=2202361, deviceId=-1, source=0x101 }
W/ViewRootImpl(  636): Cancelling event due to no window focus: KeyEvent { action=ACTION_UP, keyCode=KEYCODE_DPAD_RIGHT, scanCode=0, metaState=0, flags=0x28, repeatCount=0, eventTime=2202361, downTime=2202361, deviceId=-1, source=0x101 }
W/ViewRootImpl(  636): Cancelling event due to no window focus: KeyEvent { action=ACTION_UP, keyCode=KEYCODE_DPAD_RIGHT, scanCode=0, metaState=0, flags=0x28, repeatCount=0, eventTime=2202361, downTime=2202361, deviceId=-1, source=0x101 }
W/ViewRootImpl(  636): Cancelling event due to no window focus: KeyEvent { action=ACTION_UP, keyCode=KEYCODE_DPAD_RIGHT, scanCode=0, metaState=0, flags=0x28, repeatCount=0, eventTime=2202361, downTime=2202361, deviceId=-1, source=0x101 }
I/ActivityManager(  527): START u0 {act=android.intent.action.MAIN cat=[android.intent.category.LAUNCHER] flg=0x10200000 cmp=com.zzl.falcon.internal/com.zzl.falcon.EntranceActivity} from uid 0 on display 0
I/ActivityManager(  527): START u0 {act=android.intent.action.MAIN cat=[android.intent.category.LAUNCHER] flg=0x10200000 cmp=com.zzl.falcon.internal/com.squareup.leakcanary.internal.DisplayLeakActivity} from uid 0 on display 0
V/WindowManager(  527): addAppToken: AppWindowToken{3c223cd5 token=Token{1fbe2d8c ActivityRecord{287b22bf u0 com.zzl.falcon.internal/com.squareup.leakcanary.internal.DisplayLeakActivity t42}}} to stack=1 task=42 at 18
V/WindowManager(  527): Adding window Window{3f492bdb u0 com.zzl.falcon.internal/com.squareup.leakcanary.internal.DisplayLeakActivity} at 23 of 28 (after Window{6394671 u0 com.zzl.falcon.internal/com.squareup.leakcanary.internal.DisplayLeakActivity})
I/ActivityManager(  527): START u0 {act=android.intent.action.MAIN cat=[android.intent.category.LAUNCHER] flg=0x10200000 cmp=com.zzl.falcon.internal/com.squareup.leakcanary.internal.DisplayLeakActivity} from uid 0 on display 0
V/WindowManager(  527): addAppToken: AppWindowToken{be3fdb6 token=Token{3d6d151 ActivityRecord{3e69678 u0 com.zzl.falcon.internal/com.squareup.leakcanary.internal.DisplayLeakActivity t42}}} to stack=1 task=42 at 19
V/WindowManager(  527): Adding window Window{142aa224 u0 com.zzl.falcon.internal/com.squareup.leakcanary.internal.DisplayLeakActivity} at 24 of 29 (after Window{3f492bdb u0 com.zzl.falcon.internal/com.squareup.leakcanary.internal.DisplayLeakActivity})
I/ActivityManager(  527): START u0 {act=android.intent.action.MAIN cat=[android.intent.category.LAUNCHER] flg=0x10200000 cmp=com.zzl.falcon.internal/com.zzl.falcon.EntranceActivity} from uid 0 on display 0
W/BackupManagerService(  527): dataChanged but no participant pkg='com.android.providers.settings' uid=10013
W/BackupManagerService(  527): dataChanged but no participant pkg='com.android.providers.settings' uid=10013
W/BackupManagerService(  527): dataChanged but no participant pkg='com.android.providers.settings' uid=10013
I/ActivityManager(  527): START u0 {act=android.intent.action.MAIN cat=[android.intent.category.LAUNCHER] flg=0x10200000 cmp=com.zzl.falcon.internal/com.squareup.leakcanary.internal.DisplayLeakActivity} from uid 0 on display 0
V/WindowManager(  527): addAppToken: AppWindowToken{328c1cb token=Token{2b24749a ActivityRecord{282d0545 u0 com.zzl.falcon.internal/com.squareup.leakcanary.internal.DisplayLeakActivity t42}}} to stack=1 task=42 at 20
V/WindowManager(  527): Adding window Window{1c9db0c1 u0 com.zzl.falcon.internal/com.squareup.leakcanary.internal.DisplayLeakActivity} at 25 of 30 (after Window{142aa224 u0 com.zzl.falcon.internal/com.squareup.leakcanary.internal.DisplayLeakActivity})
I/ActivityManager(  527): START u0 {act=android.intent.action.MAIN cat=[android.intent.category.LAUNCHER] flg=0x10200000 cmp=com.zzl.falcon.internal/com.zzl.falcon.EntranceActivity} from uid 0 on display 0
D/ZenLog  (  527): intercepted: 0|com.android.systemui|789|null|10013,none
V/NotificationService(  527): pkg=com.android.systemui canInterrupt=false intercept=true
V/NotificationService(  527): pkg=com.android.systemui canInterrupt=false intercept=true
I/ActivityManager(  527): START u0 {act=android.intent.action.VIEW dat=content://media/external/images/media/72 typ=image/png flg=0x10000000 cmp=com.android.gallery3d/.app.GalleryActivity} from uid 10013 on display 0
W/ViewRootImpl( 1239): Cancelling event due to no window focus: KeyEvent { action=ACTION_UP, keyCode=KEYCODE_DPAD_UP, scanCode=0, metaState=0, flags=0x28, repeatCount=0, eventTime=2210475, downTime=2210475, deviceId=-1, source=0x101 }
W/ViewRootImpl( 1239): Cancelling event due to no window focus: KeyEvent { action=ACTION_UP, keyCode=KEYCODE_DPAD_UP, scanCode=0, metaState=0, flags=0x28, repeatCount=0, eventTime=2210475, downTime=2210475, deviceId=-1, source=0x101 }
W/ViewRootImpl( 1239): Cancelling event due to no window focus: KeyEvent { action=ACTION_UP, keyCode=KEYCODE_DPAD_UP, scanCode=0, metaState=0, flags=0x28, repeatCount=0, eventTime=2210475, downTime=2210475, deviceId=-1, source=0x101 }
W/ViewRootImpl( 1239): Cancelling event due to no window focus: KeyEvent { action=ACTION_UP, keyCode=KEYCODE_DPAD_UP, scanCode=0, metaState=0, flags=0x28, repeatCount=0, eventTime=2210475, downTime=2210475, deviceId=-1, source=0x101 }
W/ViewRootImpl( 1239): Cancelling event due to no window focus: KeyEvent { action=ACTION_UP, keyCode=KEYCODE_DPAD_UP, scanCode=0, metaState=0, flags=0x28, repeatCount=0, eventTime=2210475, downTime=2210475, deviceId=-1, source=0x101 }
W/ViewRootImpl( 1239): Cancelling event due to no window focus: KeyEvent { action=ACTION_UP, keyCode=KEYCODE_DPAD_UP, scanCode=0, metaState=0, flags=0x28, repeatCount=0, eventTime=2210475, downTime=2210475, deviceId=-1, source=0x101 }
W/ViewRootImpl( 1239): Cancelling event due to no window focus: KeyEvent { action=ACTION_UP, keyCode=KEYCODE_DPAD_UP, scanCode=0, metaState=0, flags=0x28, repeatCount=0, eventTime=2210475, downTime=2210475, deviceId=-1, source=0x101 }
W/ViewRootImpl( 1239): Cancelling event due to no window focus: KeyEvent { action=ACTION_UP, keyCode=KEYCODE_DPAD_UP, scanCode=0, metaState=0, flags=0x28, repeatCount=0, eventTime=2210475, downTime=2210475, deviceId=-1, source=0x101 }
W/ViewRootImpl( 1239): Cancelling event due to no window focus: KeyEvent { action=ACTION_UP, keyCode=KEYCODE_DPAD_UP, scanCode=0, metaState=0, flags=0x28, repeatCount=0, eventTime=2210475, downTime=2210475, deviceId=-1, source=0x101 }
W/ViewRootImpl( 1239): Dropping event due to no window focus: KeyEvent { action=ACTION_DOWN, keyCode=KEYCODE_DPAD_DOWN, scanCode=0, metaState=0, flags=0x8, repeatCount=0, eventTime=2210528, downTime=2210528, deviceId=-1, source=0x101 }
W/ViewRootImpl( 1239): Cancelling event due to no window focus: KeyEvent { action=ACTION_UP, keyCode=KEYCODE_DPAD_DOWN, scanCode=0, metaState=0, flags=0x28, repeatCount=0, eventTime=2210530, downTime=2210530, deviceId=-1, source=0x101 }
W/ViewRootImpl( 1239): Cancelling event due to no window focus: KeyEvent { action=ACTION_UP, keyCode=KEYCODE_DPAD_DOWN, scanCode=0, metaState=0, flags=0x28, repeatCount=0, eventTime=2210530, downTime=2210530, deviceId=-1, source=0x101 }
W/ViewRootImpl( 1239): Cancelling event due to no window focus: KeyEvent { action=ACTION_UP, keyCode=KEYCODE_DPAD_DOWN, scanCode=0, metaState=0, flags=0x28, repeatCount=0, eventTime=2210530, downTime=2210530, deviceId=-1, source=0x101 }
W/ViewRootImpl( 1239): Cancelling event due to no window focus: KeyEvent { action=ACTION_UP, keyCode=KEYCODE_DPAD_DOWN, scanCode=0, metaState=0, flags=0x28, repeatCount=0, eventTime=2210530, downTime=2210530, deviceId=-1, source=0x101 }
W/ViewRootImpl( 1239): Cancelling event due to no window focus: KeyEvent { action=ACTION_UP, keyCode=KEYCODE_DPAD_DOWN, scanCode=0, metaState=0, flags=0x28, repeatCount=0, eventTime=2210530, downTime=2210530, deviceId=-1, source=0x101 }
W/ViewRootImpl( 1239): Cancelling event due to no window focus: KeyEvent { action=ACTION_UP, keyCode=KEYCODE_DPAD_DOWN, scanCode=0, metaState=0, flags=0x28, repeatCount=0, eventTime=2210530, downTime=2210530, deviceId=-1, source=0x101 }
W/ViewRootImpl( 1239): Cancelling event due to no window focus: KeyEvent { action=ACTION_UP, keyCode=KEYCODE_DPAD_DOWN, scanCode=0, metaState=0, flags=0x28, repeatCount=0, eventTime=2210530, downTime=2210530, deviceId=-1, source=0x101 }
W/ViewRootImpl( 1239): Cancelling event due to no window focus: KeyEvent { action=ACTION_UP, keyCode=KEYCODE_DPAD_DOWN, scanCode=0, metaState=0, flags=0x28, repeatCount=0, eventTime=2210530, downTime=2210530, deviceId=-1, source=0x101 }
W/ViewRootImpl( 1239): Cancelling event due to no window focus: KeyEvent { action=ACTION_UP, keyCode=KEYCODE_DPAD_DOWN, scanCode=0, metaState=0, flags=0x28, repeatCount=0, eventTime=2210530, downTime=2210530, deviceId=-1, source=0x101 }
I/ActivityManager(  527): START u0 {act=android.intent.action.CALL_BUTTON flg=0x10000000 cmp=com.android.dialer/.DialtactsActivity} from uid 10068 on display 0
I/ActivityManager(  527): START u0 {act=android.intent.action.VIEW dat=content://media/external/images/media/72 typ=image/png flg=0x10000000 cmp=com.android.gallery3d/.app.GalleryActivity} from uid 10013 on display 0
I/ActivityManager(  527): START u0 {act=android.intent.action.VIEW dat=content://media/external/images/media/72 typ=image/png flg=0x10000000 cmp=com.android.gallery3d/.app.GalleryActivity} from uid 10013 on display 0
W/ViewRootImpl( 1239): Cancelling event due to no window focus: KeyEvent { action=ACTION_UP, keyCode=KEYCODE_MENU, scanCode=0, metaState=0, flags=0x28, repeatCount=0, eventTime=2210648, downTime=2210648, deviceId=-1, source=0x101 }
W/ViewRootImpl( 1239): Cancelling event due to no window focus: KeyEvent { action=ACTION_UP, keyCode=KEYCODE_MENU, scanCode=0, metaState=0, flags=0x28, repeatCount=0, eventTime=2210648, downTime=2210648, deviceId=-1, source=0x101 }
W/ViewRootImpl( 1239): Cancelling event due to no window focus: KeyEvent { action=ACTION_UP, keyCode=KEYCODE_MENU, scanCode=0, metaState=0, flags=0x28, repeatCount=0, eventTime=2210648, downTime=2210648, deviceId=-1, source=0x101 }
W/ViewRootImpl( 1239): Cancelling event due to no window focus: KeyEvent { action=ACTION_UP, keyCode=KEYCODE_MENU, scanCode=0, metaState=0, flags=0x28, repeatCount=0, eventTime=2210648, downTime=2210648, deviceId=-1, source=0x101 }
W/ViewRootImpl( 1239): Cancelling event due to no window focus: KeyEvent { action=ACTION_UP, keyCode=KEYCODE_MENU, scanCode=0, metaState=0, flags=0x28, repeatCount=0, eventTime=2210648, downTime=2210648, deviceId=-1, source=0x101 }
W/ViewRootImpl( 1239): Cancelling event due to no window focus: KeyEvent { action=ACTION_UP, keyCode=KEYCODE_MENU, scanCode=0, metaState=0, flags=0x28, repeatCount=0, eventTime=2210648, downTime=2210648, deviceId=-1, source=0x101 }
W/ViewRootImpl( 1239): Dropping event due to no window focus: KeyEvent { action=ACTION_DOWN, keyCode=KEYCODE_DPAD_CENTER, scanCode=0, metaState=0, flags=0x8, repeatCount=0, eventTime=2210675, downTime=2210675, deviceId=-1, source=0x101 }
I/ActivityManager(  527): START u0 {act=android.intent.action.VIEW dat=content://media/external/images/media/72 typ=image/png flg=0x10000000 cmp=com.android.gallery3d/.app.GalleryActivity} from uid 10013 on display 0
W/ViewRootImpl( 1239): Dropping event due to no window focus: MotionEvent { action=ACTION_MOVE, id[0]=0, x[0]=4.0, y[0]=0.0, toolType[0]=TOOL_TYPE_UNKNOWN, buttonState=0, metaState=0, flags=0x0, edgeFlags=0x0, pointerCount=1, historySize=0, eventTime=2211129, downTime=-1, deviceId=0, source=0x10004 }
W/ViewRootImpl(  636): Dropping event due to no window focus: KeyEvent { action=ACTION_DOWN, keyCode=KEYCODE_DPAD_RIGHT, scanCode=0, metaState=0, flags=0x8, repeatCount=0, eventTime=2211166, downTime=2211166, deviceId=-1, source=0x101 }
I/ActivityManager(  527): START u0 {act=android.intent.action.MAIN cat=[android.intent.category.LAUNCHER] flg=0x10200000 cmp=com.zzl.falcon.internal/com.squareup.leakcanary.internal.DisplayLeakActivity} from uid 0 on display 0
V/WindowManager(  527): addAppToken: AppWindowToken{20eeb34d token=Token{1e112e4 ActivityRecord{355f6677 u0 com.zzl.falcon.internal/com.squareup.leakcanary.internal.DisplayLeakActivity t42}}} to stack=1 task=42 at 21
V/WindowManager(  527): Adding window Window{80e7950 u0 com.zzl.falcon.internal/com.squareup.leakcanary.internal.DisplayLeakActivity} at 25 of 31 (after Window{1c9db0c1 u0 com.zzl.falcon.internal/com.squareup.leakcanary.internal.DisplayLeakActivity})
I/ActivityManager(  527): START u0 {act=android.intent.action.MAIN cat=[android.intent.category.LAUNCHER] flg=0x10200000 cmp=com.zzl.falcon.internal/com.squareup.leakcanary.internal.DisplayLeakActivity} from uid 0 on display 0
V/WindowManager(  527): addAppToken: AppWindowToken{1620fd14 token=Token{3b40db67 ActivityRecord{35e4c326 u0 com.zzl.falcon.internal/com.squareup.leakcanary.internal.DisplayLeakActivity t42}}} to stack=1 task=42 at 22
I/ActivityManager(  527): START u0 {act=android.intent.action.MAIN cat=[android.intent.category.LAUNCHER] flg=0x10000000 cmp=com.android.contacts/.activities.PeopleActivity sel=act=android.intent.action.MAIN cat=[android.intent.category.APP_CONTACTS]}} from uid 1000 on display 0
V/WindowManager(  527): Adding window Window{e49ebb2 u0 com.zzl.falcon.internal/com.squareup.leakcanary.internal.DisplayLeakActivity} at 26 of 32 (after Window{80e7950 u0 com.zzl.falcon.internal/com.squareup.leakcanary.internal.DisplayLeakActivity})
W/BackupManagerService(  527): dataChanged but no participant pkg='com.android.providers.settings' uid=1001
I/ActivityManager(  527): START u0 {act=android.intent.action.MAIN cat=[android.intent.category.LAUNCHER] flg=0x10200000 cmp=com.zzl.falcon.internal/com.zzl.falcon.EntranceActivity} from uid 0 on display 0
I/ActivityManager(  527): START u0 {act=android.intent.action.MAIN cat=[android.intent.category.LAUNCHER] flg=0x10200000 cmp=com.zzl.falcon.internal/com.squareup.leakcanary.internal.DisplayLeakActivity} from uid 0 on display 0
W/BackupManagerService(  527): dataChanged but no participant pkg='com.android.providers.settings' uid=1001
V/WindowManager(  527): addAppToken: AppWindowToken{1d07d344 token=Token{3a16c57 ActivityRecord{67a41d6 u0 com.zzl.falcon.internal/com.squareup.leakcanary.internal.DisplayLeakActivity t42}}} to stack=1 task=42 at 23
V/WindowManager(  527): Adding window Window{2a30a562 u0 com.zzl.falcon.internal/com.squareup.leakcanary.internal.DisplayLeakActivity} at 27 of 32 (after Window{e49ebb2 u0 com.zzl.falcon.internal/com.squareup.leakcanary.internal.DisplayLeakActivity EXITING})
I/ActivityManager(  527): START u0 {act=android.settings.SETTINGS flg=0x14000000 cmp=com.android.settings/.Settings} from uid 10013 on display 0
W/ViewRootImpl( 1882): Cancelling event due to no window focus: KeyEvent { action=ACTION_UP, keyCode=KEYCODE_5, scanCode=0, metaState=0, flags=0x28, repeatCount=0, eventTime=2219528, downTime=2219528, deviceId=-1, source=0x101 }
W/ViewRootImpl( 1882): Cancelling event due to no window focus: KeyEvent { action=ACTION_UP, keyCode=KEYCODE_5, scanCode=0, metaState=0, flags=0x28, repeatCount=0, eventTime=2219528, downTime=2219528, deviceId=-1, source=0x101 }
W/ViewRootImpl( 1882): Cancelling event due to no window focus: KeyEvent { action=ACTION_UP, keyCode=KEYCODE_5, scanCode=0, metaState=0, flags=0x28, repeatCount=0, eventTime=2219528, downTime=2219528, deviceId=-1, source=0x101 }
W/ViewRootImpl( 1882): Cancelling event due to no window focus: KeyEvent { action=ACTION_UP, keyCode=KEYCODE_5, scanCode=0, metaState=0, flags=0x28, repeatCount=0, eventTime=2219528, downTime=2219528, deviceId=-1, source=0x101 }
W/ViewRootImpl( 1882): Cancelling event due to no window focus: KeyEvent { action=ACTION_UP, keyCode=KEYCODE_5, scanCode=0, metaState=0, flags=0x28, repeatCount=0, eventTime=2219528, downTime=2219528, deviceId=-1, source=0x101 }
W/ViewRootImpl( 1882): Cancelling event due to no window focus: KeyEvent { action=ACTION_UP, keyCode=KEYCODE_5, scanCode=0, metaState=0, flags=0x28, repeatCount=0, eventTime=2219528, downTime=2219528, deviceId=-1, source=0x101 }
W/ViewRootImpl( 1882): Cancelling event due to no window focus: KeyEvent { action=ACTION_UP, keyCode=KEYCODE_5, scanCode=0, metaState=0, flags=0x28, repeatCount=0, eventTime=2219528, downTime=2219528, deviceId=-1, source=0x101 }
W/ViewRootImpl( 1882): Cancelling event due to no window focus: KeyEvent { action=ACTION_UP, keyCode=KEYCODE_5, scanCode=0, metaState=0, flags=0x28, repeatCount=0, eventTime=2219528, downTime=2219528, deviceId=-1, source=0x101 }
W/ViewRootImpl( 1882): Cancelling event due to no window focus: KeyEvent { action=ACTION_UP, keyCode=KEYCODE_5, scanCode=0, metaState=0, flags=0x28, repeatCount=0, eventTime=2219528, downTime=2219528, deviceId=-1, source=0x101 }
I/ActivityManager(  527): START u0 {act=android.intent.action.MAIN cat=[android.intent.category.HOME] flg=0x10200000 cmp=com.android.launcher3/.Launcher} from uid 1000 on display 0
I/ActivityManager(  527): START u0 {act=android.intent.action.MAIN cat=[android.intent.category.LAUNCHER] flg=0x10200000 cmp=com.zzl.falcon.internal/com.squareup.leakcanary.internal.DisplayLeakActivity} from uid 0 on display 0
V/WindowManager(  527): addAppToken: AppWindowToken{2d37d16b token=Token{210d7eba ActivityRecord{2a8963e5 u0 com.zzl.falcon.internal/com.squareup.leakcanary.internal.DisplayLeakActivity t42}}} to stack=1 task=42 at 24
V/WindowManager(  527): Adding window Window{f715961 u0 com.zzl.falcon.internal/com.squareup.leakcanary.internal.DisplayLeakActivity} at 28 of 33 (after Window{2a30a562 u0 com.zzl.falcon.internal/com.squareup.leakcanary.internal.DisplayLeakActivity})
W/InputManager(  527): Input event injection from pid 3121 failed.
W/ViewRootImpl( 1882): Cancelling event due to no window focus: KeyEvent { action=ACTION_UP, keyCode=KEYCODE_VOLUME_UP, scanCode=0, metaState=0, flags=0x28, repeatCount=0, eventTime=2220055, downTime=2220055, deviceId=-1, source=0x101 }
W/ViewRootImpl( 1882): Cancelling event due to no window focus: KeyEvent { action=ACTION_UP, keyCode=KEYCODE_VOLUME_UP, scanCode=0, metaState=0, flags=0x28, repeatCount=0, eventTime=2220055, downTime=2220055, deviceId=-1, source=0x101 }
W/ViewRootImpl( 1882): Cancelling event due to no window focus: KeyEvent { action=ACTION_UP, keyCode=KEYCODE_VOLUME_UP, scanCode=0, metaState=0, flags=0x28, repeatCount=0, eventTime=2220055, downTime=2220055, deviceId=-1, source=0x101 }
W/ViewRootImpl( 1882): Cancelling event due to no window focus: KeyEvent { action=ACTION_UP, keyCode=KEYCODE_VOLUME_UP, scanCode=0, metaState=0, flags=0x28, repeatCount=0, eventTime=2220055, downTime=2220055, deviceId=-1, source=0x101 }
W/ViewRootImpl( 1882): Cancelling event due to no window focus: KeyEvent { action=ACTION_UP, keyCode=KEYCODE_VOLUME_UP, scanCode=0, metaState=0, flags=0x28, repeatCount=0, eventTime=2220055, downTime=2220055, deviceId=-1, source=0x101 }
W/ViewRootImpl( 1882): Cancelling event due to no window focus: KeyEvent { action=ACTION_UP, keyCode=KEYCODE_VOLUME_UP, scanCode=0, metaState=0, flags=0x28, repeatCount=0, eventTime=2220055, downTime=2220055, deviceId=-1, source=0x101 }
W/ViewRootImpl( 1882): Dropping event due to no window focus: KeyEvent { action=ACTION_DOWN, keyCode=KEYCODE_SOFT_LEFT, scanCode=0, metaState=0, flags=0x8, repeatCount=0, eventTime=2220072, downTime=2220072, deviceId=-1, source=0x101 }
W/ViewRootImpl( 1882): Cancelling event due to no window focus: KeyEvent { action=ACTION_UP, keyCode=KEYCODE_SOFT_LEFT, scanCode=0, metaState=0, flags=0x28, repeatCount=0, eventTime=2220162, downTime=2220162, deviceId=-1, source=0x101 }
W/ViewRootImpl( 1882): Cancelling event due to no window focus: KeyEvent { action=ACTION_UP, keyCode=KEYCODE_SOFT_LEFT, scanCode=0, metaState=0, flags=0x28, repeatCount=0, eventTime=2220162, downTime=2220162, deviceId=-1, source=0x101 }
W/ViewRootImpl( 1882): Cancelling event due to no window focus: KeyEvent { action=ACTION_UP, keyCode=KEYCODE_SOFT_LEFT, scanCode=0, metaState=0, flags=0x28, repeatCount=0, eventTime=2220162, downTime=2220162, deviceId=-1, source=0x101 }
W/ViewRootImpl( 1882): Cancelling event due to no window focus: KeyEvent { action=ACTION_UP, keyCode=KEYCODE_SOFT_LEFT, scanCode=0, metaState=0, flags=0x28, repeatCount=0, eventTime=2220162, downTime=2220162, deviceId=-1, source=0x101 }
W/ViewRootImpl( 1882): Cancelling event due to no window focus: KeyEvent { action=ACTION_UP, keyCode=KEYCODE_SOFT_LEFT, scanCode=0, metaState=0, flags=0x28, repeatCount=0, eventTime=2220162, downTime=2220162, deviceId=-1, source=0x101 }
W/ViewRootImpl( 1882): Cancelling event due to no window focus: KeyEvent { action=ACTION_UP, keyCode=KEYCODE_SOFT_LEFT, scanCode=0, metaState=0, flags=0x28, repeatCount=0, eventTime=2220162, downTime=2220162, deviceId=-1, source=0x101 }
W/ViewRootImpl( 1882): Cancelling event due to no window focus: KeyEvent { action=ACTION_UP, keyCode=KEYCODE_SOFT_LEFT, scanCode=0, metaState=0, flags=0x28, repeatCount=0, eventTime=2220162, downTime=2220162, deviceId=-1, source=0x101 }
W/ViewRootImpl( 1882): Cancelling event due to no window focus: KeyEvent { action=ACTION_UP, keyCode=KEYCODE_SOFT_LEFT, scanCode=0, metaState=0, flags=0x28, repeatCount=0, eventTime=2220162, downTime=2220162, deviceId=-1, source=0x101 }
W/ViewRootImpl( 1882): Cancelling event due to no window focus: KeyEvent { action=ACTION_UP, keyCode=KEYCODE_SOFT_LEFT, scanCode=0, metaState=0, flags=0x28, repeatCount=0, eventTime=2220162, downTime=2220162, deviceId=-1, source=0x101 }
W/ViewRootImpl( 1882): Dropping event due to no window focus: KeyEvent { action=ACTION_DOWN, keyCode=KEYCODE_DPAD_CENTER, scanCode=0, metaState=0, flags=0x8, repeatCount=0, eventTime=2220164, downTime=2220164, deviceId=-1, source=0x101 }
W/BackupManagerService(  527): dataChanged but no participant pkg='com.android.providers.settings' uid=1001
