D/accs.NetworkThread( 1217):  send message not null
I/accs.NetworkThread( 1217):  0 send:PING status:1
D/accs.OrangeAdapter( 1217):  isSmartHb result:true
D/accs.NetworkThread( 1217):  ms:7664 force:true
D/accs.OrangeAdapter( 1217):  isSmartHb result:true
D/accs.OrangeAdapter( 1217):  isSmartHb result:true
D/accs.HeartbeatManager( 1217):  set 270
D/accs.NetworkThread( 1217):  send succ, remove it
D/accs.NetworkThread( 1217):  ready to get message
D/accs.NetworkThread( 1217):  no message, wait
I/accs.BaseIntentService( 1217):  onHandleIntent,action=android.net.conn.CONNECTIVITY_CHANGE,agooCommand=com.zzl.itoube.internal.intent.action.COMMAND,mipushCommand=com.zzl.itoube.internal.intent.thirdPush.action.COMMAND
I/accs.BaseIntentService( 1217):  is report cache msg,Config.isReportCacheMsg(mContext)=false
D/accs.isClearTime( 1217):  now=1515828291954,now - lastTime=6947197,istrue=false
I/accs.BaseIntentService( 1217):  is clear all msg=false
D/accs.isClearTime( 1217):  now=1515828291954,now - lastTime=6947197,istrue=false
D/ConnectivityManager( 1082): getMobileDataEnabled()+ subId=1
D/PhoneInterfaceManager(  741): [PhoneIntfMgr] getDataEnabled: subId=1 phoneId=0
D/PhoneInterfaceManager(  741): [PhoneIntfMgr] getDataEnabled: subId=1 retVal=true
D/ConnectivityManager( 1082): getMobileDataEnabled()- subId=1 retVal=true
D/accs.BaseReceiver( 1124):  onReceive
D/accs.ReceiverImpl( 1124):  ReceiverImpl onReceive begin......
D/accs.AdapterGlobalClientInfo( 1124):  getAgooCustomServiceName name:com.umeng.message.UmengIntentService
D/accs.AdapterGlobalClientInfo( 1124):  getAgooCustomServiceName name:com.umeng.message.UmengIntentService
D/accs.NetworkThread_umeng:56aadbf567e58e38d4000976( 1124):  send succ, remove it
I/accs.BaseIntentService( 1124):  onHandleIntent,action=android.net.conn.CONNECTIVITY_CHANGE,agooCommand=com.zzl.falcon.internal.intent.action.COMMAND,mipushCommand=com.zzl.falcon.internal.intent.thirdPush.action.COMMAND
I/accs.BaseIntentService( 1124):  is report cache msg,Config.isReportCacheMsg(mContext)=false
D/accs.isClearTime( 1124):  now=1515828291986,now - lastTime=6947241,istrue=false
I/accs.BaseIntentService( 1124):  is clear all msg=false
D/accs.isClearTime( 1124):  now=1515828291986,now - lastTime=6947241,istrue=false
I/accs.ElectionServiceImpl( 1124):  onStartCommand begin action:android.net.conn.CONNECTIVITY_CHANGE
I/accs.OrangeAdapter( 1124):  isElectionEnable result:false
I/accs.OrangeAdapter( 1124):  isElectionEnable result:false
I/accs.ElectionServiceImpl( 1124):  deliver to channelservice host pkg:
I/accs.ServiceImpl( 1124):  onHostStartCommand:Intent { act=android.net.conn.CONNECTIVITY_CHANGE flg=0x4000010 cmp=com.zzl.falcon.internal/com.taobao.accs.ChannelService (has extras) }
D/accs.ServiceImpl( 1124):  key networkInfo: value [type: WIFI[], state: DISCONNECTED/DISCONNECTED, reason: (unspecified), extra: <unknown ssid>, roaming: false, failover: false, isAvailable: true, isConnectedToProvisioningNetwork: false]
D/accs.ServiceImpl( 1124):  key networkType: value 1
D/accs.ServiceImpl( 1124):  key inetCondition: value 0
D/accs.ServiceImpl( 1124):  key extraInfo: value <unknown ssid>
I/accs.LoadSoFailUtil( 1124):  getSoFailTimes times:0
D/accs.SilenceConn_umeng:56aadbf567e58e38d4000976( 1124):  try ping, force:false
D/accs.BaseReceiver( 1217):  onReceive
D/accs.ReceiverImpl( 1217):  ReceiverImpl onReceive begin......
D/accs.SilenceConn_umeng:56aadbf567e58e38d4000976( 1124):  send message, PING delay:0 dataId:57
I/accs.ServiceImpl( 1124):  tryConnect appkey:umeng:56aadbf567e58e38d4000976 configTag:umeng:56aadbf567e58e38d4000976|0
D/accs.SilenceConn_umeng:56aadbf567e58e38d4000976( 1124):  clearRepeatControlCommand message:201/
I/accs.ServiceImpl( 1124):  network change:unknown to unknown
D/accs.SilenceConn_umeng:56aadbf567e58e38d4000976( 1124):  try ping, force:true
D/PhoneInterfaceManager(  741): [PhoneIntfMgr] getDataEnabled: subId=1 phoneId=0
D/PhoneInterfaceManager(  741): [PhoneIntfMgr] getDataEnabled: subId=1 retVal=true
D/accs.AdapterGlobalClientInfo( 1217):  getAgooCustomServiceName name:com.umeng.message.UmengIntentService
D/accs.NetworkThread_umeng:56aadbf567e58e38d4000976( 1124):  ready to get message
D/accs.NetworkThread_umeng:56aadbf567e58e38d4000976( 1124):  no message, wait
D/accs.AdapterGlobalClientInfo( 1217):  getAgooCustomServiceName name:com.umeng.message.UmengIntentService
D/TelephonyManager(  527): getDataEnabled: retVal=true
I/accs.ElectionServiceImpl( 1217):  onStartCommand begin action:android.net.conn.CONNECTIVITY_CHANGE
I/accs.ElectionServiceUtil( 1217):  getElectionResult from mem host:com.zzl.itoube.internal retry:0
I/accs.ElectionServiceImpl( 1217):  deliver to channelservice host pkg:com.zzl.itoube.internal
D/accs.SilenceConn_umeng:56aadbf567e58e38d4000976( 1124):  send message, PING delay:0 dataId:58
I/accs.ServiceImpl( 1124):  ping connection appkey:umeng:56aadbf567e58e38d4000976
D/accs.UtilityImpl( 1124):  getProxy:null:-1
I/accs.ServiceImpl( 1217):  onHostStartCommand:Intent { act=android.net.conn.CONNECTIVITY_CHANGE flg=0x4000010 cmp=com.zzl.itoube.internal/com.taobao.accs.ChannelService (has extras) }
D/accs.ServiceImpl( 1217):  key networkInfo: value [type: WIFI[], state: DISCONNECTED/DISCONNECTED, reason: (unspecified), extra: <unknown ssid>, roaming: false, failover: false, isAvailable: true, isConnectedToProvisioningNetwork: false]
D/accs.ServiceImpl( 1217):  key networkType: value 1
D/accs.ServiceImpl( 1217):  key inetCondition: value 0
D/accs.ServiceImpl( 1217):  key extraInfo: value <unknown ssid>
D/accs.UTMini( 1124):  commitEvent fail java.lang.NoClassDefFoundError: Failed resolution of: Lcom/ut/mini/internal/UTOriginalCustomHitBuilder;
I/accs.LoadSoFailUtil( 1217):  getSoFailTimes times:0
D/accs.SpdyConnection( 1217):  try ping, force:false
D/accs.SpdyConnection( 1217):  send message, PING delay:0 dataId:65
I/accs.BaseIntentService( 1124):  onHandleIntent,action=android.net.conn.CONNECTIVITY_CHANGE,agooCommand=com.zzl.falcon.internal.intent.action.COMMAND,mipushCommand=com.zzl.falcon.internal.intent.thirdPush.action.COMMAND
I/accs.BaseIntentService( 1124):  is report cache msg,Config.isReportCacheMsg(mContext)=false
D/accs.isClearTime( 1124):  now=1515828291996,now - lastTime=6947251,istrue=false
I/accs.BaseIntentService( 1124):  is clear all msg=false
D/accs.isClearTime( 1124):  now=1515828291996,now - lastTime=6947251,istrue=false
V/KeyguardUpdateMonitor(  636): onSubscriptionInfoChanged()
D/accs.NetworkThread_umeng:56aadbf567e58e38d4000976( 1124):  try get message
D/accs.NetworkThread_umeng:56aadbf567e58e38d4000976( 1124):  send message not null
I/accs.NetworkThread_umeng:56aadbf567e58e38d4000976( 1124):  0 send:PING status:1
D/accs.OrangeAdapter( 1124):  isSmartHb result:true
D/accs.NetworkThread_umeng:56aadbf567e58e38d4000976( 1124):  ms:56 force:true
D/accs.OrangeAdapter( 1124):  isSmartHb result:true
D/accs.OrangeAdapter( 1124):  isSmartHb result:true
D/accs.HeartbeatManager( 1124):  set 270
I/accs.ServiceImpl( 1217):  network change:unknown to unknown
D/accs.SpdyConnection( 1217):  try ping, force:true
D/accs.SpdyConnection( 1217):  send message, PING delay:0 dataId:66
D/accs.UtilityImpl( 1217):  getProxy:null:-1
D/accs.UTMini( 1217):  commitEvent fail java.lang.NoClassDefFoundError: Failed resolution of: Lcom/ut/mini/internal/UTOriginalCustomHitBuilder;
D/accs.SpdyConnection( 1217):  clearRepeatControlCommand message:201/
D/accs.NetworkThread( 1217):  try get message
D/accs.NetworkThread( 1217):  send message not null
I/accs.NetworkThread( 1217):  0 send:PING status:1
D/accs.OrangeAdapter( 1217):  isSmartHb result:true
D/accs.NetworkThread( 1217):  ms:48 force:true
D/accs.OrangeAdapter( 1217):  isSmartHb result:true
D/accs.OrangeAdapter( 1217):  isSmartHb result:true
D/accs.HeartbeatManager( 1217):  set 270
I/accs.BaseIntentService( 1217):  onHandleIntent,action=android.net.conn.CONNECTIVITY_CHANGE,agooCommand=com.zzl.itoube.internal.intent.action.COMMAND,mipushCommand=com.zzl.itoube.internal.intent.thirdPush.action.COMMAND
I/accs.BaseIntentService( 1217):  is report cache msg,Config.isReportCacheMsg(mContext)=false
D/accs.isClearTime( 1217):  now=1515828292003,now - lastTime=6947246,istrue=false
I/accs.BaseIntentService( 1217):  is clear all msg=false
D/accs.isClearTime( 1217):  now=1515828292003,now - lastTime=6947246,istrue=false
D/accs.NetworkThread_umeng:56aadbf567e58e38d4000976( 1124):  send succ, remove it
D/accs.NetworkThread_umeng:56aadbf567e58e38d4000976( 1124):  ready to get message
D/accs.NetworkThread_umeng:56aadbf567e58e38d4000976( 1124):  no message, wait
D/accs.NetworkThread( 1217):  send succ, remove it
D/accs.NetworkThread( 1217):  ready to get message
D/ConnectivityManager( 1082): getMobileDataEnabled()+ subId=1
D/accs.NetworkThread( 1217):  no message, wait
D/PhoneInterfaceManager(  741): [PhoneIntfMgr] getDataEnabled: subId=1 phoneId=0
D/PhoneInterfaceManager(  741): [PhoneIntfMgr] getDataEnabled: subId=1 retVal=true
D/ConnectivityManager( 1082): getMobileDataEnabled()- subId=1 retVal=true
V/KeyguardUpdateMonitor(  636): SubInfo:{id=1, iccId=89014103211118510720 simSlotIndex=0 displayName=Android carrierName=No service. nameSource=0 iconTint=-16746133 dataRoaming=0 iconBitmap=android.graphics.Bitmap@3727ed1f mcc 310 mnc 270}
E/GpsLocationProvider(  527): No APN found to select.
W/EGL_emulation( 1882): eglSurfaceAttrib not implemented
W/OpenGLRenderer( 1882): Failed to set EGL_SWAP_BEHAVIOR on surface 0xe14e7f20, error=EGL_SUCCESS
W/ViewRootImpl( 1882): Dropping event due to no window focus: KeyEvent { action=ACTION_DOWN, keyCode=KEYCODE_DPAD_LEFT, scanCode=0, metaState=0, flags=0x8, repeatCount=0, eventTime=2486725, downTime=2486725, deviceId=-1, source=0x101 }
W/ViewRootImpl( 1882): Cancelling event due to no window focus: KeyEvent { action=ACTION_UP, keyCode=KEYCODE_DPAD_LEFT, scanCode=0, metaState=0, flags=0x28, repeatCount=0, eventTime=2486735, downTime=2486735, deviceId=-1, source=0x101 }
W/ViewRootImpl( 1882): Cancelling event due to no window focus: KeyEvent { action=ACTION_UP, keyCode=KEYCODE_DPAD_LEFT, scanCode=0, metaState=0, flags=0x28, repeatCount=0, eventTime=2486735, downTime=2486735, deviceId=-1, source=0x101 }
W/ViewRootImpl( 1882): Cancelling event due to no window focus: KeyEvent { action=ACTION_UP, keyCode=KEYCODE_DPAD_LEFT, scanCode=0, metaState=0, flags=0x28, repeatCount=0, eventTime=2486735, downTime=2486735, deviceId=-1, source=0x101 }
I/AppiumUnicodeIME(  672): onKeyUp (keyCode='21', event.keyCode='21', metaState='0')
W/ViewRootImpl( 1882): Cancelling event due to no window focus: KeyEvent { action=ACTION_UP, keyCode=KEYCODE_DPAD_LEFT, scanCode=0, metaState=0, flags=0x28, repeatCount=0, eventTime=2486735, downTime=2486735, deviceId=-1, source=0x101 }
W/ViewRootImpl( 1882): Cancelling event due to no window focus: KeyEvent { action=ACTION_UP, keyCode=KEYCODE_DPAD_LEFT, scanCode=0, metaState=0, flags=0x28, repeatCount=0, eventTime=2486735, downTime=2486735, deviceId=-1, source=0x101 }
W/ViewRootImpl( 1882): Cancelling event due to no window focus: KeyEvent { action=ACTION_UP, keyCode=KEYCODE_DPAD_LEFT, scanCode=0, metaState=0, flags=0x28, repeatCount=0, eventTime=2486735, downTime=2486735, deviceId=-1, source=0x101 }
W/ViewRootImpl( 1882): Cancelling event due to no window focus: KeyEvent { action=ACTION_UP, keyCode=KEYCODE_DPAD_LEFT, scanCode=0, metaState=0, flags=0x28, repeatCount=0, eventTime=2486735, downTime=2486735, deviceId=-1, source=0x101 }
W/ViewRootImpl( 1882): Cancelling event due to no window focus: KeyEvent { action=ACTION_UP, keyCode=KEYCODE_DPAD_LEFT, scanCode=0, metaState=0, flags=0x28, repeatCount=0, eventTime=2486735, downTime=2486735, deviceId=-1, source=0x101 }
W/ViewRootImpl( 1882): Cancelling event due to no window focus: KeyEvent { action=ACTION_UP, keyCode=KEYCODE_DPAD_LEFT, scanCode=0, metaState=0, flags=0x28, repeatCount=0, eventTime=2486735, downTime=2486735, deviceId=-1, source=0x101 }
I/AppiumUnicodeIME(  672): onKeyDown (keyCode='20', event.keyCode='20', metaState='0')
I/AppiumUnicodeIME(  672): onKeyUp (keyCode='20', event.keyCode='20', metaState='0')
I/AppiumUnicodeIME(  672): onKeyDown (keyCode='20', event.keyCode='20', metaState='0')
I/AppiumUnicodeIME(  672): onKeyUp (keyCode='20', event.keyCode='20', metaState='0')
I/AppiumUnicodeIME(  672): onKeyDown (keyCode='20', event.keyCode='20', metaState='0')
I/AppiumUnicodeIME(  672): onKeyUp (keyCode='20', event.keyCode='20', metaState='0')
I/AppiumUnicodeIME(  672): onKeyDown (keyCode='20', event.keyCode='20', metaState='0')
I/AppiumUnicodeIME(  672): onKeyUp (keyCode='20', event.keyCode='20', metaState='0')
W/ViewRootImpl( 1882): Dropping event due to no window focus: KeyEvent { action=ACTION_DOWN, keyCode=KEYCODE_6, scanCode=0, metaState=0, flags=0x8, repeatCount=0, eventTime=2486820, downTime=2486820, deviceId=-1, source=0x101 }
W/ViewRootImpl( 1882): Cancelling event due to no window focus: KeyEvent { action=ACTION_UP, keyCode=KEYCODE_6, scanCode=0, metaState=0, flags=0x28, repeatCount=0, eventTime=2486822, downTime=2486822, deviceId=-1, source=0x101 }
W/ViewRootImpl( 1882): Cancelling event due to no window focus: KeyEvent { action=ACTION_UP, keyCode=KEYCODE_6, scanCode=0, metaState=0, flags=0x28, repeatCount=0, eventTime=2486822, downTime=2486822, deviceId=-1, source=0x101 }
W/ViewRootImpl( 1882): Cancelling event due to no window focus: KeyEvent { action=ACTION_UP, keyCode=KEYCODE_6, scanCode=0, metaState=0, flags=0x28, repeatCount=0, eventTime=2486822, downTime=2486822, deviceId=-1, source=0x101 }
I/AppiumUnicodeIME(  672): onKeyUp (keyCode='13', event.keyCode='13', metaState='0')
W/AudioTrack(  527): AUDIO_OUTPUT_FLAG_FAST denied by client
W/ViewRootImpl( 1882): Cancelling event due to no window focus: KeyEvent { action=ACTION_UP, keyCode=KEYCODE_6, scanCode=0, metaState=0, flags=0x28, repeatCount=0, eventTime=2486822, downTime=2486822, deviceId=-1, source=0x101 }
W/ViewRootImpl( 1882): Cancelling event due to no window focus: KeyEvent { action=ACTION_UP, keyCode=KEYCODE_6, scanCode=0, metaState=0, flags=0x28, repeatCount=0, eventTime=2486822, downTime=2486822, deviceId=-1, source=0x101 }
W/ViewRootImpl( 1882): Cancelling event due to no window focus: KeyEvent { action=ACTION_UP, keyCode=KEYCODE_6, scanCode=0, metaState=0, flags=0x28, repeatCount=0, eventTime=2486822, downTime=2486822, deviceId=-1, source=0x101 }
W/ViewRootImpl( 1882): Cancelling event due to no window focus: KeyEvent { action=ACTION_UP, keyCode=KEYCODE_6, scanCode=0, metaState=0, flags=0x28, repeatCount=0, eventTime=2486822, downTime=2486822, deviceId=-1, source=0x101 }
W/ViewRootImpl( 1882): Cancelling event due to no window focus: KeyEvent { action=ACTION_UP, keyCode=KEYCODE_6, scanCode=0, metaState=0, flags=0x28, repeatCount=0, eventTime=2486822, downTime=2486822, deviceId=-1, source=0x101 }
W/ViewRootImpl( 1882): Cancelling event due to no window focus: KeyEvent { action=ACTION_UP, keyCode=KEYCODE_6, scanCode=0, metaState=0, flags=0x28, repeatCount=0, eventTime=2486822, downTime=2486822, deviceId=-1, source=0x101 }
I/AppiumUnicodeIME(  672): onFinishInput
I/AppiumUnicodeIME(  672): onStartInput
I/AppiumUnicodeIME(  672): onKeyDown (keyCode='21', event.keyCode='21', metaState='0')
I/AppiumUnicodeIME(  672): onKeyDown (keyCode='21', event.keyCode='21', metaState='0')
I/AppiumUnicodeIME(  672): onKeyUp (keyCode='21', event.keyCode='21', metaState='0')
I/AppiumUnicodeIME(  672): onKeyDown (keyCode='21', event.keyCode='21', metaState='0')
I/AppiumUnicodeIME(  672): onKeyUp (keyCode='21', event.keyCode='21', metaState='0')
I/AppiumUnicodeIME(  672): onKeyDown (keyCode='21', event.keyCode='21', metaState='0')
I/AppiumUnicodeIME(  672): onKeyUp (keyCode='21', event.keyCode='21', metaState='0')
I/AppiumUnicodeIME(  672): onKeyDown (keyCode='21', event.keyCode='21', metaState='0')
I/AppiumUnicodeIME(  672): onKeyUp (keyCode='21', event.keyCode='21', metaState='0')
I/AppiumUnicodeIME(  672): onKeyDown (keyCode='19', event.keyCode='19', metaState='0')
I/AppiumUnicodeIME(  672): onKeyUp (keyCode='19', event.keyCode='19', metaState='0')
I/AppiumUnicodeIME(  672): onKeyDown (keyCode='19', event.keyCode='19', metaState='0')
I/AppiumUnicodeIME(  672): onKeyUp (keyCode='19', event.keyCode='19', metaState='0')
I/AppiumUnicodeIME(  672): onKeyDown (keyCode='19', event.keyCode='19', metaState='0')
I/AppiumUnicodeIME(  672): onKeyUp (keyCode='19', event.keyCode='19', metaState='0')
I/AppiumUnicodeIME(  672): onKeyDown (keyCode='19', event.keyCode='19', metaState='0')
I/AppiumUnicodeIME(  672): onKeyUp (keyCode='19', event.keyCode='19', metaState='0')
I/AppiumUnicodeIME(  672): onKeyDown (keyCode='82', event.keyCode='82', metaState='0')
I/AppiumUnicodeIME(  672): onKeyUp (keyCode='82', event.keyCode='82', metaState='0')
I/Telephony(  741): PstnIncomingCallNotifier: Unregistering: Handler (com.android.internal.telephony.gsm.GSMPhone) {1f3b226b}
I/AppiumUnicodeIME(  672): onKeyDown (keyCode='83', event.keyCode='83', metaState='0')
I/AppiumUnicodeIME(  672): onKeyUp (keyCode='83', event.keyCode='83', metaState='0')
I/Telephony(  741): PstnIncomingCallNotifier: Registering: Handler (com.android.internal.telephony.gsm.GSMPhone) {1f3b226b}
I/AppiumUnicodeIME(  672): onKeyDown (keyCode='20', event.keyCode='20', metaState='0')
I/AppiumUnicodeIME(  672): onKeyUp (keyCode='20', event.keyCode='20', metaState='0')
I/AppiumUnicodeIME(  672): onKeyDown (keyCode='22', event.keyCode='22', metaState='0')
I/AppiumUnicodeIME(  672): onKeyUp (keyCode='22', event.keyCode='22', metaState='0')
I/AppiumUnicodeIME(  672): onKeyDown (keyCode='21', event.keyCode='21', metaState='0')
I/AppiumUnicodeIME(  672): onKeyUp (keyCode='21', event.keyCode='21', metaState='0')
I/AppiumUnicodeIME(  672): onKeyDown (keyCode='20', event.keyCode='20', metaState='0')
I/AppiumUnicodeIME(  672): onKeyUp (keyCode='20', event.keyCode='20', metaState='0')
I/AppiumUnicodeIME(  672): onKeyDown (keyCode='20', event.keyCode='20', metaState='0')
I/AppiumUnicodeIME(  672): onKeyUp (keyCode='20', event.keyCode='20', metaState='0')
I/AppiumUnicodeIME(  672): onKeyDown (keyCode='20', event.keyCode='20', metaState='0')
I/AppiumUnicodeIME(  672): onKeyUp (keyCode='20', event.keyCode='20', metaState='0')
I/AppiumUnicodeIME(  672): onKeyDown (keyCode='22', event.keyCode='22', metaState='0')
I/AppiumUnicodeIME(  672): onKeyDown (keyCode='22', event.keyCode='22', metaState='0')
I/AppiumUnicodeIME(  672): onKeyUp (keyCode='22', event.keyCode='22', metaState='0')
I/AppiumUnicodeIME(  672): onKeyDown (keyCode='22', event.keyCode='22', metaState='0')
I/AppiumUnicodeIME(  672): onKeyUp (keyCode='22', event.keyCode='22', metaState='0')
I/AppiumUnicodeIME(  672): onKeyDown (keyCode='22', event.keyCode='22', metaState='0')
I/AppiumUnicodeIME(  672): onKeyUp (keyCode='22', event.keyCode='22', metaState='0')
I/AppiumUnicodeIME(  672): onKeyDown (keyCode='18', event.keyCode='18', metaState='0')
I/AppiumUnicodeIME(  672): onKeyUp (keyCode='18', event.keyCode='18', metaState='0')
I/AppiumUnicodeIME(  672): onKeyDown (keyCode='130', event.keyCode='130', metaState='0')
I/AppiumUnicodeIME(  672): onKeyUp (keyCode='130', event.keyCode='130', metaState='0')
I/AppiumUnicodeIME(  672): onKeyDown (keyCode='69', event.keyCode='69', metaState='0')
I/AppiumUnicodeIME(  672): onKeyUp (keyCode='69', event.keyCode='69', metaState='0')
I/AppiumUnicodeIME(  672): onKeyDown (keyCode='23', event.keyCode='23', metaState='0')
I/AppiumUnicodeIME(  672): onKeyUp (keyCode='23', event.keyCode='23', metaState='0')
I/AppiumUnicodeIME(  672): onKeyDown (keyCode='21', event.keyCode='21', metaState='0')
I/AppiumUnicodeIME(  672): onKeyUp (keyCode='21', event.keyCode='21', metaState='0')
I/AppiumUnicodeIME(  672): onKeyDown (keyCode='21', event.keyCode='21', metaState='0')
I/AppiumUnicodeIME(  672): onKeyUp (keyCode='21', event.keyCode='21', metaState='0')
I/AppiumUnicodeIME(  672): onKeyDown (keyCode='21', event.keyCode='21', metaState='0')
I/AppiumUnicodeIME(  672): onKeyUp (keyCode='21', event.keyCode='21', metaState='0')
I/AppiumUnicodeIME(  672): onKeyDown (keyCode='21', event.keyCode='21', metaState='0')
I/AppiumUnicodeIME(  672): onKeyUp (keyCode='21', event.keyCode='21', metaState='0')
I/AppiumUnicodeIME(  672): onKeyDown (keyCode='21', event.keyCode='21', metaState='0')
I/AppiumUnicodeIME(  672): onKeyUp (keyCode='21', event.keyCode='21', metaState='0')
I/AppiumUnicodeIME(  672): onKeyDown (keyCode='20', event.keyCode='20', metaState='0')
I/AppiumUnicodeIME(  672): onKeyUp (keyCode='20', event.keyCode='20', metaState='0')
I/AppiumUnicodeIME(  672): onKeyDown (keyCode='20', event.keyCode='20', metaState='0')
I/AppiumUnicodeIME(  672): onKeyUp (keyCode='20', event.keyCode='20', metaState='0')
I/AppiumUnicodeIME(  672): onKeyDown (keyCode='22', event.keyCode='22', metaState='0')
W/AudioTrack(  527): AUDIO_OUTPUT_FLAG_FAST denied by client
I/AppiumUnicodeIME(  672): onKeyUp (keyCode='22', event.keyCode='22', metaState='0')
I/AppiumUnicodeIME(  672): onKeyDown (keyCode='21', event.keyCode='21', metaState='0')
I/AppiumUnicodeIME(  672): onKeyUp (keyCode='21', event.keyCode='21', metaState='0')
I/ActivityManager(  527): START u0 {act=android.intent.action.MAIN cat=[android.intent.category.LAUNCHER] flg=0x10000000 cmp=com.android.email/.activity.Welcome sel=act=android.intent.action.MAIN cat=[android.intent.category.APP_EMAIL]}} from uid 1000 on display 0
I/AppiumUnicodeIME(  672): onKeyUp (keyCode='65', event.keyCode='65', metaState='0')
I/AppiumUnicodeIME(  672): onKeyDown (keyCode='22', event.keyCode='22', metaState='0')
I/AppiumUnicodeIME(  672): onKeyUp (keyCode='22', event.keyCode='22', metaState='0')
I/AppiumUnicodeIME(  672): onKeyDown (keyCode='244', event.keyCode='244', metaState='0')
I/AppiumUnicodeIME(  672): onKeyUp (keyCode='244', event.keyCode='244', metaState='0')
I/AppiumUnicodeIME(  672): onKeyDown (keyCode='190', event.keyCode='190', metaState='0')
I/AppiumUnicodeIME(  672): onKeyDown (keyCode='23', event.keyCode='23', metaState='0')
I/AppiumUnicodeIME(  672): onKeyUp (keyCode='190', event.keyCode='190', metaState='0')
I/AppiumUnicodeIME(  672): onKeyUp (keyCode='23', event.keyCode='23', metaState='0')
I/AppiumUnicodeIME(  672): onKeyDown (keyCode='19', event.keyCode='19', metaState='0')
I/AppiumUnicodeIME(  672): onKeyUp (keyCode='19', event.keyCode='19', metaState='0')
I/AppiumUnicodeIME(  672): onKeyDown (keyCode='82', event.keyCode='82', metaState='0')
I/AppiumUnicodeIME(  672): onKeyUp (keyCode='82', event.keyCode='82', metaState='0')
I/AppiumUnicodeIME(  672): onKeyDown (keyCode='19', event.keyCode='19', metaState='0')
I/AppiumUnicodeIME(  672): onKeyUp (keyCode='19', event.keyCode='19', metaState='0')
I/AppiumUnicodeIME(  672): onKeyDown (keyCode='21', event.keyCode='21', metaState='0')
I/AppiumUnicodeIME(  672): onKeyUp (keyCode='21', event.keyCode='21', metaState='0')
I/AppiumUnicodeIME(  672): onKeyDown (keyCode='23', event.keyCode='23', metaState='0')
I/AppiumUnicodeIME(  672): onKeyUp (keyCode='23', event.keyCode='23', metaState='0')
I/AppiumUnicodeIME(  672): onKeyDown (keyCode='13', event.keyCode='13', metaState='0')
I/AppiumUnicodeIME(  672): onKeyUp (keyCode='13', event.keyCode='13', metaState='0')
I/AppiumUnicodeIME(  672): onKeyDown (keyCode='22', event.keyCode='22', metaState='0')
I/AppiumUnicodeIME(  672): onKeyUp (keyCode='22', event.keyCode='22', metaState='0')
I/AppiumUnicodeIME(  672): onKeyDown (keyCode='20', event.keyCode='20', metaState='0')
I/AppiumUnicodeIME(  672): onKeyUp (keyCode='20', event.keyCode='20', metaState='0')
I/AppiumUnicodeIME(  672): onKeyDown (keyCode='23', event.keyCode='23', metaState='0')
I/AppiumUnicodeIME(  672): onKeyUp (keyCode='23', event.keyCode='23', metaState='0')
I/AppiumUnicodeIME(  672): onKeyDown (keyCode='22', event.keyCode='22', metaState='0')
I/AppiumUnicodeIME(  672): onKeyUp (keyCode='22', event.keyCode='22', metaState='0')
I/AppiumUnicodeIME(  672): onKeyDown (keyCode='20', event.keyCode='20', metaState='0')
I/AppiumUnicodeIME(  672): onKeyDown (keyCode='20', event.keyCode='20', metaState='0')
I/AppiumUnicodeIME(  672): onKeyUp (keyCode='20', event.keyCode='20', metaState='0')
I/AppiumUnicodeIME(  672): onKeyDown (keyCode='20', event.keyCode='20', metaState='0')
I/AppiumUnicodeIME(  672): onKeyUp (keyCode='20', event.keyCode='20', metaState='0')
I/AppiumUnicodeIME(  672): onKeyDown (keyCode='20', event.keyCode='20', metaState='0')
I/AppiumUnicodeIME(  672): onKeyUp (keyCode='20', event.keyCode='20', metaState='0')
I/AppiumUnicodeIME(  672): onKeyDown (keyCode='19', event.keyCode='19', metaState='0')
I/AppiumUnicodeIME(  672): onKeyUp (keyCode='19', event.keyCode='19', metaState='0')
I/AppiumUnicodeIME(  672): onKeyDown (keyCode='19', event.keyCode='19', metaState='0')
I/AppiumUnicodeIME(  672): onKeyUp (keyCode='19', event.keyCode='19', metaState='0')
I/AppiumUnicodeIME(  672): onKeyDown (keyCode='19', event.keyCode='19', metaState='0')
I/AppiumUnicodeIME(  672): onKeyUp (keyCode='19', event.keyCode='19', metaState='0')
I/AppiumUnicodeIME(  672): onKeyDown (keyCode='82', event.keyCode='82', metaState='0')
I/AppiumUnicodeIME(  672): onKeyUp (keyCode='82', event.keyCode='82', metaState='0')
I/AppiumUnicodeIME(  672): onKeyDown (keyCode='20', event.keyCode='20', metaState='0')
I/AppiumUnicodeIME(  672): onKeyUp (keyCode='20', event.keyCode='20', metaState='0')
I/AppiumUnicodeIME(  672): onKeyDown (keyCode='21', event.keyCode='21', metaState='0')
I/AppiumUnicodeIME(  672): onKeyDown (keyCode='21', event.keyCode='21', metaState='0')
I/AppiumUnicodeIME(  672): onKeyUp (keyCode='21', event.keyCode='21', metaState='0')
I/AppiumUnicodeIME(  672): onKeyDown (keyCode='21', event.keyCode='21', metaState='0')
I/AppiumUnicodeIME(  672): onKeyUp (keyCode='21', event.keyCode='21', metaState='0')
I/AppiumUnicodeIME(  672): onKeyDown (keyCode='21', event.keyCode='21', metaState='0')
I/AppiumUnicodeIME(  672): onKeyUp (keyCode='21', event.keyCode='21', metaState='0')
I/AppiumUnicodeIME(  672): onKeyDown (keyCode='19', event.keyCode='19', metaState='0')
I/AppiumUnicodeIME(  672): onKeyDown (keyCode='19', event.keyCode='19', metaState='0')
I/AppiumUnicodeIME(  672): onKeyUp (keyCode='19', event.keyCode='19', metaState='0')
I/AppiumUnicodeIME(  672): onKeyDown (keyCode='19', event.keyCode='19', metaState='0')
I/AppiumUnicodeIME(  672): onKeyUp (keyCode='19', event.keyCode='19', metaState='0')
I/AppiumUnicodeIME(  672): onKeyDown (keyCode='19', event.keyCode='19', metaState='0')
I/AppiumUnicodeIME(  672): onKeyUp (keyCode='19', event.keyCode='19', metaState='0')
I/AppiumUnicodeIME(  672): onKeyDown (keyCode='228', event.keyCode='228', metaState='0')
I/AppiumUnicodeIME(  672): onKeyUp (keyCode='228', event.keyCode='228', metaState='0')
I/AppiumUnicodeIME(  672): onKeyDown (keyCode='23', event.keyCode='23', metaState='0')
I/AppiumUnicodeIME(  672): onKeyUp (keyCode='23', event.keyCode='23', metaState='0')
I/AppiumUnicodeIME(  672): onKeyDown (keyCode='22', event.keyCode='22', metaState='0')
I/AppiumUnicodeIME(  672): onKeyUp (keyCode='22', event.keyCode='22', metaState='0')
I/AppiumUnicodeIME(  672): onKeyDown (keyCode='21', event.keyCode='21', metaState='0')
I/AppiumUnicodeIME(  672): onKeyUp (keyCode='21', event.keyCode='21', metaState='0')
I/AppiumUnicodeIME(  672): onKeyDown (keyCode='20', event.keyCode='20', metaState='0')
I/AppiumUnicodeIME(  672): onKeyUp (keyCode='20', event.keyCode='20', metaState='0')
I/AppiumUnicodeIME(  672): onKeyDown (keyCode='82', event.keyCode='82', metaState='0')
I/AppiumUnicodeIME(  672): onKeyUp (keyCode='82', event.keyCode='82', metaState='0')
I/AppiumUnicodeIME(  672): onKeyDown (keyCode='22', event.keyCode='22', metaState='0')
I/AppiumUnicodeIME(  672): onKeyUp (keyCode='22', event.keyCode='22', metaState='0')
I/AppiumUnicodeIME(  672): onKeyDown (keyCode='22', event.keyCode='22', metaState='0')
I/AppiumUnicodeIME(  672): onKeyUp (keyCode='22', event.keyCode='22', metaState='0')
I/AppiumUnicodeIME(  672): onKeyDown (keyCode='22', event.keyCode='22', metaState='0')
I/AppiumUnicodeIME(  672): onKeyUp (keyCode='22', event.keyCode='22', metaState='0')
I/AppiumUnicodeIME(  672): onKeyDown (keyCode='20', event.keyCode='20', metaState='0')
I/AppiumUnicodeIME(  672): onKeyUp (keyCode='20', event.keyCode='20', metaState='0')
I/AppiumUnicodeIME(  672): onKeyDown (keyCode='20', event.keyCode='20', metaState='0')
I/AppiumUnicodeIME(  672): onKeyUp (keyCode='20', event.keyCode='20', metaState='0')
I/AppiumUnicodeIME(  672): onKeyDown (keyCode='20', event.keyCode='20', metaState='0')
I/AppiumUnicodeIME(  672): onKeyUp (keyCode='20', event.keyCode='20', metaState='0')
I/AppiumUnicodeIME(  672): onKeyDown (keyCode='20', event.keyCode='20', metaState='0')
I/AppiumUnicodeIME(  672): onKeyUp (keyCode='20', event.keyCode='20', metaState='0')
I/AppiumUnicodeIME(  672): onKeyDown (keyCode='23', event.keyCode='23', metaState='0')
I/AppiumUnicodeIME(  672): onKeyUp (keyCode='23', event.keyCode='23', metaState='0')
I/AppiumUnicodeIME(  672): onKeyDown (keyCode='1', event.keyCode='1', metaState='0')
I/AppiumUnicodeIME(  672): onKeyUp (keyCode='1', event.keyCode='1', metaState='0')
I/AppiumUnicodeIME(  672): onKeyDown (keyCode='21', event.keyCode='21', metaState='0')
I/AppiumUnicodeIME(  672): onKeyUp (keyCode='21', event.keyCode='21', metaState='0')
I/AppiumUnicodeIME(  672): onKeyDown (keyCode='22', event.keyCode='22', metaState='0')
I/AppiumUnicodeIME(  672): onKeyUp (keyCode='22', event.keyCode='22', metaState='0')
I/AppiumUnicodeIME(  672): onKeyDown (keyCode='197', event.keyCode='197', metaState='0')
I/AppiumUnicodeIME(  672): onKeyDown (keyCode='23', event.keyCode='23', metaState='0')
I/AppiumUnicodeIME(  672): onKeyUp (keyCode='197', event.keyCode='197', metaState='0')
I/AppiumUnicodeIME(  672): onKeyUp (keyCode='23', event.keyCode='23', metaState='0')
I/AppiumUnicodeIME(  672): onKeyDown (keyCode='141', event.keyCode='141', metaState='0')
I/AppiumUnicodeIME(  672): onKeyUp (keyCode='141', event.keyCode='141', metaState='0')
I/AppiumUnicodeIME(  672): onKeyDown (keyCode='22', event.keyCode='22', metaState='0')
I/AppiumUnicodeIME(  672): onKeyUp (keyCode='22', event.keyCode='22', metaState='0')
I/ActivityManager(  527): START u0 {act=android.intent.action.MAIN cat=[android.intent.category.HOME] flg=0x10200000 cmp=com.android.launcher3/.Launcher} from uid 1000 on display 0
I/AppiumUnicodeIME(  672): onKeyDown (keyCode='21', event.keyCode='21', metaState='0')
I/AppiumUnicodeIME(  672): onKeyUp (keyCode='21', event.keyCode='21', metaState='0')
I/AppiumUnicodeIME(  672): onKeyDown (keyCode='22', event.keyCode='22', metaState='0')
I/AppiumUnicodeIME(  672): onKeyUp (keyCode='22', event.keyCode='22', metaState='0')
I/AppiumUnicodeIME(  672): onKeyDown (keyCode='22', event.keyCode='22', metaState='0')
I/AppiumUnicodeIME(  672): onKeyUp (keyCode='22', event.keyCode='22', metaState='0')
I/AppiumUnicodeIME(  672): onKeyDown (keyCode='244', event.keyCode='244', metaState='0')
I/AppiumUnicodeIME(  672): onKeyUp (keyCode='244', event.keyCode='244', metaState='0')
I/AppiumUnicodeIME(  672): onKeyDown (keyCode='19', event.keyCode='19', metaState='0')
I/AppiumUnicodeIME(  672): onKeyDown (keyCode='19', event.keyCode='19', metaState='0')
I/AppiumUnicodeIME(  672): onKeyUp (keyCode='19', event.keyCode='19', metaState='0')
I/AppiumUnicodeIME(  672): onKeyDown (keyCode='19', event.keyCode='19', metaState='0')
I/AppiumUnicodeIME(  672): onKeyUp (keyCode='19', event.keyCode='19', metaState='0')
I/AppiumUnicodeIME(  672): onKeyDown (keyCode='19', event.keyCode='19', metaState='0')
I/AppiumUnicodeIME(  672): onKeyUp (keyCode='19', event.keyCode='19', metaState='0')
I/AppiumUnicodeIME(  672): onKeyDown (keyCode='19', event.keyCode='19', metaState='0')
I/AppiumUnicodeIME(  672): onKeyUp (keyCode='19', event.keyCode='19', metaState='0')
I/AppiumUnicodeIME(  672): onKeyDown (keyCode='22', event.keyCode='22', metaState='0')
I/AppiumUnicodeIME(  672): onKeyUp (keyCode='22', event.keyCode='22', metaState='0')
I/AppiumUnicodeIME(  672): onKeyDown (keyCode='22', event.keyCode='22', metaState='0')
I/AppiumUnicodeIME(  672): onKeyUp (keyCode='22', event.keyCode='22', metaState='0')
I/AppiumUnicodeIME(  672): onKeyDown (keyCode='22', event.keyCode='22', metaState='0')
I/AppiumUnicodeIME(  672): onKeyUp (keyCode='22', event.keyCode='22', metaState='0')
I/AppiumUnicodeIME(  672): onKeyDown (keyCode='160', event.keyCode='160', metaState='0')
I/AppiumUnicodeIME(  672): onKeyDown (keyCode='66', event.keyCode='66', metaState='0')
I/AppiumUnicodeIME(  672): onKeyUp (keyCode='160', event.keyCode='160', metaState='0')
I/AppiumUnicodeIME(  672): onKeyUp (keyCode='66', event.keyCode='66', metaState='0')
I/AppiumUnicodeIME(  672): onKeyDown (keyCode='19', event.keyCode='19', metaState='0')
I/AppiumUnicodeIME(  672): onKeyUp (keyCode='19', event.keyCode='19', metaState='0')
I/AppiumUnicodeIME(  672): onKeyDown (keyCode='19', event.keyCode='19', metaState='0')
I/AppiumUnicodeIME(  672): onKeyUp (keyCode='19', event.keyCode='19', metaState='0')
I/AppiumUnicodeIME(  672): onKeyDown (keyCode='19', event.keyCode='19', metaState='0')
I/AppiumUnicodeIME(  672): onKeyUp (keyCode='19', event.keyCode='19', metaState='0')
I/AppiumUnicodeIME(  672): onKeyDown (keyCode='19', event.keyCode='19', metaState='0')
I/AppiumUnicodeIME(  672): onKeyUp (keyCode='19', event.keyCode='19', metaState='0')
I/AppiumUnicodeIME(  672): onKeyDown (keyCode='82', event.keyCode='82', metaState='0')
I/AppiumUnicodeIME(  672): onKeyUp (keyCode='82', event.keyCode='82', metaState='0')
I/AppiumUnicodeIME(  672): onKeyDown (keyCode='19', event.keyCode='19', metaState='0')
I/AppiumUnicodeIME(  672): onKeyUp (keyCode='19', event.keyCode='19', metaState='0')
I/AppiumUnicodeIME(  672): onKeyDown (keyCode='23', event.keyCode='23', metaState='0')
I/AppiumUnicodeIME(  672): onKeyUp (keyCode='23', event.keyCode='23', metaState='0')
I/AppiumUnicodeIME(  672): onKeyDown (keyCode='19', event.keyCode='19', metaState='0')
I/AppiumUnicodeIME(  672): onKeyUp (keyCode='19', event.keyCode='19', metaState='0')
I/AppiumUnicodeIME(  672): onKeyDown (keyCode='21', event.keyCode='21', metaState='0')
I/AppiumUnicodeIME(  672): onKeyDown (keyCode='21', event.keyCode='21', metaState='0')
I/AppiumUnicodeIME(  672): onKeyUp (keyCode='21', event.keyCode='21', metaState='0')
I/AppiumUnicodeIME(  672): onKeyDown (keyCode='21', event.keyCode='21', metaState='0')
I/AppiumUnicodeIME(  672): onKeyUp (keyCode='21', event.keyCode='21', metaState='0')
I/AppiumUnicodeIME(  672): onKeyDown (keyCode='21', event.keyCode='21', metaState='0')
I/AppiumUnicodeIME(  672): onKeyUp (keyCode='21', event.keyCode='21', metaState='0')
I/AppiumUnicodeIME(  672): onKeyDown (keyCode='82', event.keyCode='82', metaState='0')
I/AppiumUnicodeIME(  672): onKeyUp (keyCode='82', event.keyCode='82', metaState='0')
I/AppiumUnicodeIME(  672): onKeyDown (keyCode='180', event.keyCode='180', metaState='0')
I/AppiumUnicodeIME(  672): onKeyUp (keyCode='180', event.keyCode='180', metaState='0')
I/AppiumUnicodeIME(  672): onKeyDown (keyCode='20', event.keyCode='20', metaState='0')
I/AppiumUnicodeIME(  672): onKeyUp (keyCode='20', event.keyCode='20', metaState='0')
I/AppiumUnicodeIME(  672): onKeyDown (keyCode='19', event.keyCode='19', metaState='0')
I/AppiumUnicodeIME(  672): onKeyUp (keyCode='19', event.keyCode='19', metaState='0')
I/AppiumUnicodeIME(  672): onKeyDown (keyCode='21', event.keyCode='21', metaState='0')
I/AppiumUnicodeIME(  672): onKeyUp (keyCode='21', event.keyCode='21', metaState='0')
I/AppiumUnicodeIME(  672): onKeyDown (keyCode='62', event.keyCode='62', metaState='0')
I/AppiumUnicodeIME(  672): onKeyUp (keyCode='62', event.keyCode='62', metaState='0')
I/AppiumUnicodeIME(  672): onKeyDown (keyCode='20', event.keyCode='20', metaState='0')
I/AppiumUnicodeIME(  672): onKeyUp (keyCode='20', event.keyCode='20', metaState='0')
I/AppiumUnicodeIME(  672): onKeyDown (keyCode='114', event.keyCode='114', metaState='0')
I/AppiumUnicodeIME(  672): onKeyUp (keyCode='114', event.keyCode='114', metaState='0')
I/AppiumUnicodeIME(  672): onKeyDown (keyCode='22', event.keyCode='22', metaState='0')
I/AppiumUnicodeIME(  672): onKeyUp (keyCode='22', event.keyCode='22', metaState='0')
I/AppiumUnicodeIME(  672): onKeyDown (keyCode='22', event.keyCode='22', metaState='0')
I/AppiumUnicodeIME(  672): onKeyUp (keyCode='22', event.keyCode='22', metaState='0')
I/AppiumUnicodeIME(  672): onKeyDown (keyCode='21', event.keyCode='21', metaState='0')
I/AppiumUnicodeIME(  672): onKeyDown (keyCode='21', event.keyCode='21', metaState='0')
I/AppiumUnicodeIME(  672): onKeyUp (keyCode='21', event.keyCode='21', metaState='0')
I/AppiumUnicodeIME(  672): onKeyDown (keyCode='21', event.keyCode='21', metaState='0')
I/AppiumUnicodeIME(  672): onKeyUp (keyCode='21', event.keyCode='21', metaState='0')
I/AppiumUnicodeIME(  672): onKeyDown (keyCode='21', event.keyCode='21', metaState='0')
I/AppiumUnicodeIME(  672): onKeyUp (keyCode='21', event.keyCode='21', metaState='0')
I/AppiumUnicodeIME(  672): onKeyDown (keyCode='20', event.keyCode='20', metaState='0')
W/AudioTrack(  527): AUDIO_OUTPUT_FLAG_FAST denied by client
I/AppiumUnicodeIME(  672): onKeyUp (keyCode='20', event.keyCode='20', metaState='0')
I/AppiumUnicodeIME(  672): onKeyDown (keyCode='23', event.keyCode='23', metaState='0')
I/AppiumUnicodeIME(  672): onKeyUp (keyCode='23', event.keyCode='23', metaState='0')
I/AppiumUnicodeIME(  672): onKeyDown (keyCode='23', event.keyCode='23', metaState='0')
I/AppiumUnicodeIME(  672): onKeyUp (keyCode='23', event.keyCode='23', metaState='0')
I/AppiumUnicodeIME(  672): onKeyDown (keyCode='20', event.keyCode='20', metaState='0')
I/AppiumUnicodeIME(  672): onKeyUp (keyCode='20', event.keyCode='20', metaState='0')
I/AppiumUnicodeIME(  672): onKeyDown (keyCode='23', event.keyCode='23', metaState='0')
I/AppiumUnicodeIME(  672): onKeyUp (keyCode='23', event.keyCode='23', metaState='0')
I/AppiumUnicodeIME(  672): onKeyDown (keyCode='192', event.keyCode='192', metaState='0')
I/AppiumUnicodeIME(  672): onKeyDown (keyCode='23', event.keyCode='23', metaState='0')
I/AppiumUnicodeIME(  672): onKeyUp (keyCode='192', event.keyCode='192', metaState='0')
I/AppiumUnicodeIME(  672): onKeyUp (keyCode='23', event.keyCode='23', metaState='0')
I/AppiumUnicodeIME(  672): onKeyDown (keyCode='24', event.keyCode='24', metaState='0')
W/AudioService(  527): stream was not muted by this client
E/AudioService(  527): Could not get client death handler for stream: 1
W/AudioService(  527): stream was not muted by this client
E/AudioService(  527): Could not get client death handler for stream: 2
W/AudioService(  527): stream was not muted by this client
E/AudioService(  527): Could not get client death handler for stream: 5
W/AudioService(  527): stream was not muted by this client
E/AudioService(  527): Could not get client death handler for stream: 7
W/AudioService(  527): stream was not muted by this client
E/AudioService(  527): Could not get client death handler for stream: 8
I/AppiumUnicodeIME(  672): onKeyUp (keyCode='24', event.keyCode='24', metaState='0')
I/AppiumUnicodeIME(  672): onKeyDown (keyCode='22', event.keyCode='22', metaState='0')
I/AppiumUnicodeIME(  672): onKeyUp (keyCode='22', event.keyCode='22', metaState='0')
I/AppiumUnicodeIME(  672): onKeyDown (keyCode='21', event.keyCode='21', metaState='0')
I/AppiumUnicodeIME(  672): onKeyUp (keyCode='21', event.keyCode='21', metaState='0')
I/AppiumUnicodeIME(  672): onKeyDown (keyCode='22', event.keyCode='22', metaState='0')
I/AppiumUnicodeIME(  672): onKeyUp (keyCode='22', event.keyCode='22', metaState='0')
I/AppiumUnicodeIME(  672): onKeyDown (keyCode='19', event.keyCode='19', metaState='0')
I/AppiumUnicodeIME(  672): onKeyUp (keyCode='19', event.keyCode='19', metaState='0')
I/AppiumUnicodeIME(  672): onKeyDown (keyCode='254', event.keyCode='254', metaState='0')
I/AppiumUnicodeIME(  672): onKeyUp (keyCode='254', event.keyCode='254', metaState='0')
I/AppiumUnicodeIME(  672): onKeyDown (keyCode='20', event.keyCode='20', metaState='0')
I/AppiumUnicodeIME(  672): onKeyUp (keyCode='20', event.keyCode='20', metaState='0')
I/AppiumUnicodeIME(  672): onKeyDown (keyCode='20', event.keyCode='20', metaState='0')
W/AudioTrack(  527): AUDIO_OUTPUT_FLAG_FAST denied by client
W/AudioTrack(  527): AUDIO_OUTPUT_FLAG_FAST denied by client
I/AppiumUnicodeIME(  672): onKeyUp (keyCode='20', event.keyCode='20', metaState='0')
I/InputDispatcher(  527): Dropped event because of pending overdue app switch.
W/InputManager(  527): Input event injection from pid 3362 failed.
I/AppiumUnicodeIME(  672): onKeyUp (keyCode='20', event.keyCode='20', metaState='0')
I/AppiumUnicodeIME(  672): onKeyDown (keyCode='22', event.keyCode='22', metaState='0')
I/AppiumUnicodeIME(  672): onKeyUp (keyCode='22', event.keyCode='22', metaState='0')
I/AppiumUnicodeIME(  672): onKeyDown (keyCode='22', event.keyCode='22', metaState='0')
I/AppiumUnicodeIME(  672): onKeyUp (keyCode='22', event.keyCode='22', metaState='0')
I/AppiumUnicodeIME(  672): onKeyDown (keyCode='22', event.keyCode='22', metaState='0')
I/AppiumUnicodeIME(  672): onKeyUp (keyCode='22', event.keyCode='22', metaState='0')
I/AppiumUnicodeIME(  672): onKeyDown (keyCode='8', event.keyCode='8', metaState='0')
W/EGL_emulation(  636): eglSurfaceAttrib not implemented
W/OpenGLRenderer(  636): Failed to set EGL_SWAP_BEHAVIOR on surface 0xee8c1180, error=EGL_SUCCESS
W/AudioTrack(  527): AUDIO_OUTPUT_FLAG_FAST denied by client
W/AudioTrack(  527): AUDIO_OUTPUT_FLAG_FAST denied by client
I/AppiumUnicodeIME(  672): onKeyUp (keyCode='8', event.keyCode='8', metaState='0')
I/ActivityManager(  527): START u0 {act=android.intent.action.MAIN cat=[android.intent.category.LAUNCHER] flg=0x10200000 cmp=com.zzl.falcon.internal/com.squareup.leakcanary.internal.DisplayLeakActivity} from uid 0 on display 0
V/WindowManager(  527): addAppToken: AppWindowToken{24f2cc09 token=Token{20f6910 ActivityRecord{3e8dc9d3 u0 com.zzl.falcon.internal/com.squareup.leakcanary.internal.DisplayLeakActivity t42}}} to stack=1 task=42 at 31
I/ActivityManager(  527): START u0 {act=android.intent.action.MAIN cat=[android.intent.category.LAUNCHER] flg=0x10200000 cmp=com.zzl.falcon.internal/com.zzl.falcon.EntranceActivity} from uid 0 on display 0
W/ViewRootImpl( 1882): Dropping event due to no window focus: KeyEvent { action=ACTION_DOWN, keyCode=KEYCODE_1, scanCode=0, metaState=0, flags=0x0, repeatCount=0, eventTime=2488252, downTime=2488252, deviceId=-1, source=0x101 }
W/ViewRootImpl( 1882): Cancelling event due to no window focus: KeyEvent { action=ACTION_UP, keyCode=KEYCODE_1, scanCode=0, metaState=0, flags=0x20, repeatCount=0, eventTime=2488252, downTime=2488252, deviceId=-1, source=0x101 }
W/ViewRootImpl( 1882): Cancelling event due to no window focus: KeyEvent { action=ACTION_UP, keyCode=KEYCODE_1, scanCode=0, metaState=0, flags=0x20, repeatCount=0, eventTime=2488252, downTime=2488252, deviceId=-1, source=0x101 }
W/ViewRootImpl( 1882): Cancelling event due to no window focus: KeyEvent { action=ACTION_UP, keyCode=KEYCODE_1, scanCode=0, metaState=0, flags=0x20, repeatCount=0, eventTime=2488252, downTime=2488252, deviceId=-1, source=0x101 }
W/ViewRootImpl( 1882): Cancelling event due to no window focus: KeyEvent { action=ACTION_UP, keyCode=KEYCODE_1, scanCode=0, metaState=0, flags=0x20, repeatCount=0, eventTime=2488252, downTime=2488252, deviceId=-1, source=0x101 }
W/ViewRootImpl( 1882): Cancelling event due to no window focus: KeyEvent { action=ACTION_UP, keyCode=KEYCODE_1, scanCode=0, metaState=0, flags=0x20, repeatCount=0, eventTime=2488252, downTime=2488252, deviceId=-1, source=0x101 }
W/ViewRootImpl( 1882): Cancelling event due to no window focus: KeyEvent { action=ACTION_UP, keyCode=KEYCODE_1, scanCode=0, metaState=0, flags=0x20, repeatCount=0, eventTime=2488252, downTime=2488252, deviceId=-1, source=0x101 }
D/ForegroundCallbacks( 1239): went foreground
I/awcn.SessionCenter( 1239): |[seq:[default]] [forground]
I/awcn.SessionCenter( 1239): |[seq:umeng:56aadbf567e58e38d4000976] [forground]
D/awcn.AccsSessionManager( 1239): |[seq:[default]] network is not available, not need check accs session, return network:false
D/awcn.StrategyCenter( 1239):  getSchemeByHost host:umengacs.m.taobao.com scheme:https
D/awcn.AccsSessionManager( 1239): |[seq:umeng:56aadbf567e58e38d4000976] network is not available, not need check accs session, return network:false
W/EGL_emulation( 1239): eglSurfaceAttrib not implemented
W/OpenGLRenderer( 1239): Failed to set EGL_SWAP_BEHAVIOR on surface 0xddc7dd00, error=EGL_SUCCESS
I/AppiumUnicodeIME(  672): onFinishInput
I/AppiumUnicodeIME(  672): onStartInput
I/AppiumUnicodeIME(  672): onKeyDown (keyCode='19', event.keyCode='19', metaState='0')
I/AppiumUnicodeIME(  672): onKeyUp (keyCode='19', event.keyCode='19', metaState='0')
I/AppiumUnicodeIME(  672): onKeyDown (keyCode='19', event.keyCode='19', metaState='0')
I/AppiumUnicodeIME(  672): onKeyUp (keyCode='19', event.keyCode='19', metaState='0')
I/AppiumUnicodeIME(  672): onKeyDown (keyCode='19', event.keyCode='19', metaState='0')
I/AppiumUnicodeIME(  672): onKeyUp (keyCode='19', event.keyCode='19', metaState='0')
I/AppiumUnicodeIME(  672): onKeyDown (keyCode='19', event.keyCode='19', metaState='0')
I/AppiumUnicodeIME(  672): onKeyUp (keyCode='19', event.keyCode='19', metaState='0')
I/AppiumUnicodeIME(  672): onKeyDown (keyCode='20', event.keyCode='20', metaState='0')
I/AppiumUnicodeIME(  672): onKeyUp (keyCode='20', event.keyCode='20', metaState='0')
I/AppiumUnicodeIME(  672): onKeyDown (keyCode='19', event.keyCode='19', metaState='0')
I/AppiumUnicodeIME(  672): onKeyUp (keyCode='19', event.keyCode='19', metaState='0')
I/AppiumUnicodeIME(  672): onKeyDown (keyCode='22', event.keyCode='22', metaState='0')
I/AppiumUnicodeIME(  672): onKeyUp (keyCode='22', event.keyCode='22', metaState='0')
I/AppiumUnicodeIME(  672): onKeyDown (keyCode='19', event.keyCode='19', metaState='0')
I/AppiumUnicodeIME(  672): onKeyUp (keyCode='19', event.keyCode='19', metaState='0')
I/AppiumUnicodeIME(  672): onKeyDown (keyCode='20', event.keyCode='20', metaState='0')
I/AppiumUnicodeIME(  672): onKeyUp (keyCode='20', event.keyCode='20', metaState='0')
I/AppiumUnicodeIME(  672): onKeyDown (keyCode='20', event.keyCode='20', metaState='0')
I/AppiumUnicodeIME(  672): onKeyUp (keyCode='20', event.keyCode='20', metaState='0')
I/AppiumUnicodeIME(  672): onKeyDown (keyCode='20', event.keyCode='20', metaState='0')
I/AppiumUnicodeIME(  672): onKeyUp (keyCode='20', event.keyCode='20', metaState='0')
I/AppiumUnicodeIME(  672): onKeyDown (keyCode='20', event.keyCode='20', metaState='0')
I/AppiumUnicodeIME(  672): onKeyUp (keyCode='20', event.keyCode='20', metaState='0')
I/AppiumUnicodeIME(  672): onKeyDown (keyCode='21', event.keyCode='21', metaState='0')
I/AppiumUnicodeIME(  672): onKeyDown (keyCode='21', event.keyCode='21', metaState='0')
I/AppiumUnicodeIME(  672): onKeyUp (keyCode='21', event.keyCode='21', metaState='0')
I/AppiumUnicodeIME(  672): onKeyDown (keyCode='21', event.keyCode='21', metaState='0')
I/AppiumUnicodeIME(  672): onKeyUp (keyCode='21', event.keyCode='21', metaState='0')
I/AppiumUnicodeIME(  672): onKeyDown (keyCode='21', event.keyCode='21', metaState='0')
I/AppiumUnicodeIME(  672): onKeyUp (keyCode='21', event.keyCode='21', metaState='0')
I/AppiumUnicodeIME(  672): onKeyDown (keyCode='21', event.keyCode='21', metaState='0')
I/AppiumUnicodeIME(  672): onKeyUp (keyCode='21', event.keyCode='21', metaState='0')
I/AppiumUnicodeIME(  672): onKeyDown (keyCode='168', event.keyCode='168', metaState='0')
I/AppiumUnicodeIME(  672): onKeyUp (keyCode='168', event.keyCode='168', metaState='0')
I/AppiumUnicodeIME(  672): onKeyDown (keyCode='21', event.keyCode='21', metaState='0')
I/AppiumUnicodeIME(  672): onKeyUp (keyCode='21', event.keyCode='21', metaState='0')
I/AppiumUnicodeIME(  672): onKeyDown (keyCode='168', event.keyCode='168', metaState='0')
I/AppiumUnicodeIME(  672): onKeyUp (keyCode='168', event.keyCode='168', metaState='0')
I/AppiumUnicodeIME(  672): onKeyDown (keyCode='147', event.keyCode='147', metaState='0')
I/AppiumUnicodeIME(  672): onKeyDown (keyCode='93', event.keyCode='93', metaState='0')
I/AppiumUnicodeIME(  672): onKeyUp (keyCode='147', event.keyCode='147', metaState='0')
I/AppiumUnicodeIME(  672): onKeyUp (keyCode='93', event.keyCode='93', metaState='0')
I/AppiumUnicodeIME(  672): onKeyDown (keyCode='30', event.keyCode='30', metaState='0')
I/AppiumUnicodeIME(  672): onKeyUp (keyCode='30', event.keyCode='30', metaState='0')
I/AppiumUnicodeIME(  672): onKeyDown (keyCode='82', event.keyCode='82', metaState='0')
I/AppiumUnicodeIME(  672): onKeyUp (keyCode='82', event.keyCode='82', metaState='0')
I/AppiumUnicodeIME(  672): onKeyDown (keyCode='21', event.keyCode='21', metaState='0')
I/AppiumUnicodeIME(  672): onKeyUp (keyCode='21', event.keyCode='21', metaState='0')
W/AudioTrack(  527): AUDIO_OUTPUT_FLAG_FAST denied by client
I/AppiumUnicodeIME(  672): onKeyDown (keyCode='19', event.keyCode='19', metaState='0')
I/AppiumUnicodeIME(  672): onKeyUp (keyCode='19', event.keyCode='19', metaState='0')
I/AppiumUnicodeIME(  672): onKeyDown (keyCode='97', event.keyCode='97', metaState='0')
I/AppiumUnicodeIME(  672): onKeyDown (keyCode='4', event.keyCode='4', metaState='0')
I/AppiumUnicodeIME(  672): onKeyUp (keyCode='97', event.keyCode='97', metaState='0')
