D/ConnectivityService(  527): NetworkAgentInfo [WIFI () - 102] EVENT_NETWORK_INFO_CHANGED, going from CONNECTING to DISCONNECTED
D/ConnectivityService(  527): NetworkAgentInfo [WIFI () - 102] got DISCONNECTED, was satisfying 0
D/ConnectivityService(  527): notifyType LOST for NetworkAgentInfo [WIFI () - 102]
E/ConnectivityService(  527): EVENT_NETWORK_INFO_CHANGED from unknown NetworkAgent
D/WifiService(  527): setWifiEnabled: true pid=636, uid=10013
E/WifiService(  527): Invoking mWifiStateMachine.setWifiEnabled
W/InputManager(  527): Input event injection from pid 3362 failed.
I/ActivityManager(  527): START u0 {act=android.intent.action.MAIN cat=[android.intent.category.LAUNCHER] flg=0x10200000 cmp=com.zzl.falcon.internal/com.squareup.leakcanary.internal.DisplayLeakActivity} from uid 0 on display 0
V/WindowManager(  527): addAppToken: AppWindowToken{6af1e48 token=Token{3262b0eb ActivityRecord{9a22c3a u0 com.zzl.falcon.internal/com.squareup.leakcanary.internal.DisplayLeakActivity t42}}} to stack=1 task=42 at 30
V/WindowManager(  527): Adding window Window{2376d206 u0 com.zzl.falcon.internal/com.squareup.leakcanary.internal.DisplayLeakActivity} at 34 of 39 (after Window{168a0dce u0 com.zzl.falcon.internal/com.squareup.leakcanary.internal.DisplayLeakActivity})
W/ViewRootImpl( 1882): Dropping event due to no window focus: KeyEvent { action=ACTION_DOWN, keyCode=KEYCODE_SLASH, scanCode=0, metaState=0, flags=0x8, repeatCount=0, eventTime=2472051, downTime=2472051, deviceId=-1, source=0x101 }
W/ViewRootImpl( 1882): Cancelling event due to no window focus: KeyEvent { action=ACTION_UP, keyCode=KEYCODE_SLASH, scanCode=0, metaState=0, flags=0x28, repeatCount=0, eventTime=2472219, downTime=2472219, deviceId=-1, source=0x101 }
W/ViewRootImpl( 1882): Cancelling event due to no window focus: KeyEvent { action=ACTION_UP, keyCode=KEYCODE_SLASH, scanCode=0, metaState=0, flags=0x28, repeatCount=0, eventTime=2472219, downTime=2472219, deviceId=-1, source=0x101 }
W/ViewRootImpl( 1882): Cancelling event due to no window focus: KeyEvent { action=ACTION_UP, keyCode=KEYCODE_SLASH, scanCode=0, metaState=0, flags=0x28, repeatCount=0, eventTime=2472219, downTime=2472219, deviceId=-1, source=0x101 }
W/ViewRootImpl( 1882): Cancelling event due to no window focus: KeyEvent { action=ACTION_UP, keyCode=KEYCODE_SLASH, scanCode=0, metaState=0, flags=0x28, repeatCount=0, eventTime=2472219, downTime=2472219, deviceId=-1, source=0x101 }
W/ViewRootImpl( 1882): Cancelling event due to no window focus: KeyEvent { action=ACTION_UP, keyCode=KEYCODE_SLASH, scanCode=0, metaState=0, flags=0x28, repeatCount=0, eventTime=2472219, downTime=2472219, deviceId=-1, source=0x101 }
W/ViewRootImpl( 1882): Cancelling event due to no window focus: KeyEvent { action=ACTION_UP, keyCode=KEYCODE_SLASH, scanCode=0, metaState=0, flags=0x28, repeatCount=0, eventTime=2472219, downTime=2472219, deviceId=-1, source=0x101 }
W/ViewRootImpl( 1882): Cancelling event due to no window focus: KeyEvent { action=ACTION_UP, keyCode=KEYCODE_SLASH, scanCode=0, metaState=0, flags=0x28, repeatCount=0, eventTime=2472219, downTime=2472219, deviceId=-1, source=0x101 }
W/ViewRootImpl( 1882): Cancelling event due to no window focus: KeyEvent { action=ACTION_UP, keyCode=KEYCODE_SLASH, scanCode=0, metaState=0, flags=0x28, repeatCount=0, eventTime=2472219, downTime=2472219, deviceId=-1, source=0x101 }
W/ViewRootImpl( 1882): Cancelling event due to no window focus: KeyEvent { action=ACTION_UP, keyCode=KEYCODE_SLASH, scanCode=0, metaState=0, flags=0x28, repeatCount=0, eventTime=2472219, downTime=2472219, deviceId=-1, source=0x101 }
I/ActivityManager(  527): START u0 {act=android.intent.action.MAIN cat=[android.intent.category.LAUNCHER] flg=0x10200000 cmp=com.zzl.falcon.internal/com.zzl.falcon.EntranceActivity} from uid 0 on display 0
W/ViewRootImpl( 1239): Cancelling event due to no window focus: KeyEvent { action=ACTION_UP, keyCode=KEYCODE_DPAD_UP, scanCode=0, metaState=0, flags=0x28, repeatCount=0, eventTime=2472571, downTime=2472571, deviceId=-1, source=0x101 }
W/ViewRootImpl( 1239): Cancelling event due to no window focus: KeyEvent { action=ACTION_UP, keyCode=KEYCODE_DPAD_UP, scanCode=0, metaState=0, flags=0x28, repeatCount=0, eventTime=2472571, downTime=2472571, deviceId=-1, source=0x101 }
W/ViewRootImpl( 1239): Cancelling event due to no window focus: KeyEvent { action=ACTION_UP, keyCode=KEYCODE_DPAD_UP, scanCode=0, metaState=0, flags=0x28, repeatCount=0, eventTime=2472571, downTime=2472571, deviceId=-1, source=0x101 }
W/ViewRootImpl( 1239): Cancelling event due to no window focus: KeyEvent { action=ACTION_UP, keyCode=KEYCODE_DPAD_UP, scanCode=0, metaState=0, flags=0x28, repeatCount=0, eventTime=2472571, downTime=2472571, deviceId=-1, source=0x101 }
W/ViewRootImpl( 1239): Cancelling event due to no window focus: KeyEvent { action=ACTION_UP, keyCode=KEYCODE_DPAD_UP, scanCode=0, metaState=0, flags=0x28, repeatCount=0, eventTime=2472571, downTime=2472571, deviceId=-1, source=0x101 }
W/ViewRootImpl( 1239): Cancelling event due to no window focus: KeyEvent { action=ACTION_UP, keyCode=KEYCODE_DPAD_UP, scanCode=0, metaState=0, flags=0x28, repeatCount=0, eventTime=2472571, downTime=2472571, deviceId=-1, source=0x101 }
W/ViewRootImpl( 1239): Cancelling event due to no window focus: KeyEvent { action=ACTION_UP, keyCode=KEYCODE_DPAD_UP, scanCode=0, metaState=0, flags=0x28, repeatCount=0, eventTime=2472571, downTime=2472571, deviceId=-1, source=0x101 }
W/ViewRootImpl( 1239): Cancelling event due to no window focus: KeyEvent { action=ACTION_UP, keyCode=KEYCODE_DPAD_UP, scanCode=0, metaState=0, flags=0x28, repeatCount=0, eventTime=2472571, downTime=2472571, deviceId=-1, source=0x101 }
W/ViewRootImpl( 1239): Cancelling event due to no window focus: KeyEvent { action=ACTION_UP, keyCode=KEYCODE_DPAD_UP, scanCode=0, metaState=0, flags=0x28, repeatCount=0, eventTime=2472571, downTime=2472571, deviceId=-1, source=0x101 }
W/ViewRootImpl( 1239): Dropping event due to no window focus: KeyEvent { action=ACTION_DOWN, keyCode=KEYCODE_DPAD_CENTER, scanCode=0, metaState=0, flags=0x8, repeatCount=0, eventTime=2472602, downTime=2472602, deviceId=-1, source=0x101 }
W/ViewRootImpl( 1239): Cancelling event due to no window focus: KeyEvent { action=ACTION_UP, keyCode=KEYCODE_DPAD_CENTER, scanCode=0, metaState=0, flags=0x28, repeatCount=0, eventTime=2472658, downTime=2472658, deviceId=-1, source=0x101 }
W/ViewRootImpl( 1239): Cancelling event due to no window focus: KeyEvent { action=ACTION_UP, keyCode=KEYCODE_DPAD_CENTER, scanCode=0, metaState=0, flags=0x28, repeatCount=0, eventTime=2472658, downTime=2472658, deviceId=-1, source=0x101 }
W/ViewRootImpl( 1239): Cancelling event due to no window focus: KeyEvent { action=ACTION_UP, keyCode=KEYCODE_DPAD_CENTER, scanCode=0, metaState=0, flags=0x28, repeatCount=0, eventTime=2472658, downTime=2472658, deviceId=-1, source=0x101 }
W/ViewRootImpl( 1239): Cancelling event due to no window focus: KeyEvent { action=ACTION_UP, keyCode=KEYCODE_DPAD_CENTER, scanCode=0, metaState=0, flags=0x28, repeatCount=0, eventTime=2472658, downTime=2472658, deviceId=-1, source=0x101 }
W/ViewRootImpl( 1239): Cancelling event due to no window focus: KeyEvent { action=ACTION_UP, keyCode=KEYCODE_DPAD_CENTER, scanCode=0, metaState=0, flags=0x28, repeatCount=0, eventTime=2472658, downTime=2472658, deviceId=-1, source=0x101 }
W/ViewRootImpl( 1239): Cancelling event due to no window focus: KeyEvent { action=ACTION_UP, keyCode=KEYCODE_DPAD_CENTER, scanCode=0, metaState=0, flags=0x28, repeatCount=0, eventTime=2472658, downTime=2472658, deviceId=-1, source=0x101 }
W/ViewRootImpl( 1239): Cancelling event due to no window focus: KeyEvent { action=ACTION_UP, keyCode=KEYCODE_DPAD_CENTER, scanCode=0, metaState=0, flags=0x28, repeatCount=0, eventTime=2472658, downTime=2472658, deviceId=-1, source=0x101 }
W/ViewRootImpl( 1239): Cancelling event due to no window focus: KeyEvent { action=ACTION_UP, keyCode=KEYCODE_DPAD_CENTER, scanCode=0, metaState=0, flags=0x28, repeatCount=0, eventTime=2472658, downTime=2472658, deviceId=-1, source=0x101 }
W/ViewRootImpl( 1239): Cancelling event due to no window focus: KeyEvent { action=ACTION_UP, keyCode=KEYCODE_DPAD_CENTER, scanCode=0, metaState=0, flags=0x28, repeatCount=0, eventTime=2472658, downTime=2472658, deviceId=-1, source=0x101 }
W/ViewRootImpl( 1239): Dropping event due to no window focus: KeyEvent { action=ACTION_DOWN, keyCode=KEYCODE_DPAD_RIGHT, scanCode=0, metaState=0, flags=0x8, repeatCount=0, eventTime=2472661, downTime=2472661, deviceId=-1, source=0x101 }
D/ConnectivityService(  527): registerNetworkAgent NetworkAgentInfo{ ni{[type: WIFI[], state: CONNECTING/CONNECTING, reason: (unspecified), extra: "WiredSSID", roaming: false, failover: false, isAvailable: true, isConnectedToProvisioningNetwork: false]}  network{null}  lp{{InterfaceName: eth1 LinkAddresses: []  Routes: [] DnsAddresses: [] Domains: null MTU: 0 TcpBufferSizes: 524288,1048576,2097152,262144,524288,1048576}}  nc{[ Transports: WIFI Capabilities: INTERNET&NOT_RESTRICTED&TRUSTED&NOT_VPN LinkUpBandwidth>=1048576Kbps LinkDnBandwidth>=1048576Kbps]}  Score{20}  everValidated{false}  lastValidated{false}  created{false}  explicitlySelected{false} }
D/ConnectivityService(  527): NetworkAgentInfo [WIFI () - 103] EVENT_NETWORK_INFO_CHANGED, going from null to CONNECTING
I/ActivityManager(  527): START u0 {act=android.intent.action.CALL_BUTTON flg=0x10000000 cmp=com.android.dialer/.DialtactsActivity} from uid 10068 on display 0
D/ConnectivityService(  527): updateNetworkScore for NetworkAgentInfo [WIFI () - 103] to 56
D/ConnectivityService(  527): NetworkAgentInfo [WIFI () - 103] EVENT_NETWORK_INFO_CHANGED, going from CONNECTING to CONNECTED
D/ConnectivityService(  527): Adding iface eth1 to network 103
E/ConnectivityService(  527): Unexpected mtu value: 0, eth1
D/ConnectivityService(  527): Adding Route [fe80::/64 -> :: eth1] to network 103
D/ConnectivityService(  527): Adding Route [10.0.3.0/24 -> 0.0.0.0 eth1] to network 103
D/ConnectivityService(  527): Adding Route [0.0.0.0/0 -> 10.0.3.2 eth1] to network 103
D/ConnectivityService(  527): Setting Dns servers for network 103 to [/172.16.10.220, /202.96.209.5]
D/ConnectivityService(  527): notifyType IP_CHANGED for NetworkAgentInfo [WIFI () - 103]
D/ConnectivityService(  527): notifyType PRECHECK for NetworkAgentInfo [WIFI () - 103]
D/ConnectivityService(  527): rematching NetworkAgentInfo [WIFI () - 103]
D/ConnectivityService(  527):    accepting network in place of null
D/ConnectivityService(  527): Switching to new default network: NetworkAgentInfo{ ni{[type: WIFI[], state: CONNECTED/CONNECTED, reason: (unspecified), extra: "WiredSSID", roaming: false, failover: false, isAvailable: true, isConnectedToProvisioningNetwork: false]}  network{103}  lp{{InterfaceName: eth1 LinkAddresses: [fe80::a00:27ff:fe16:647c/64,10.0.3.15/24,]  Routes: [fe80::/64 -> :: eth1,10.0.3.0/24 -> 0.0.0.0 eth1,0.0.0.0/0 -> 10.0.3.2 eth1,] DnsAddresses: [172.16.10.220,202.96.209.5,] Domains: zzl MTU: 0 TcpBufferSizes: 524288,1048576,2097152,262144,524288,1048576}}  nc{[ Transports: WIFI Capabilities: INTERNET&NOT_RESTRICTED&TRUSTED&NOT_VPN LinkUpBandwidth>=1048576Kbps LinkDnBandwidth>=1048576Kbps]}  Score{16}  everValidated{false}  lastValidated{false}  created{true}  explicitlySelected{false} }
D/ConnectivityService(  527): notifyType AVAILABLE for NetworkAgentInfo [WIFI () - 103]
D/CSLegacyTypeTracker(  527): Sending connected broadcast for type 1 NetworkAgentInfo [WIFI () - 103] isDefaultNetwork=true
D/ConnectivityService(  527): sendStickyBroadcast: action=android.net.conn.CONNECTIVITY_CHANGE_IMMEDIATE
D/ConnectivityService(  527): sendStickyBroadcast: action=android.net.conn.CONNECTIVITY_CHANGE
W/BroadcastQueue(  527): Skipping deliver [background] BroadcastRecord{3fb9cc0 u-1 android.net.conn.CONNECTIVITY_CHANGE} to ReceiverList{3f64a30f 3362 (unknown name)/0/u-1 remote:3645bc70}: process crashing
I/ActivityManager(  527): START u0 {act=android.intent.action.MAIN cat=[android.intent.category.HOME] flg=0x10200000 cmp=com.android.launcher3/.Launcher} from uid 1000 on display 0
I/ActivityManager(  527): START u0 {act=android.intent.action.MAIN cat=[android.intent.category.LAUNCHER] flg=0x10200000 cmp=com.zzl.falcon.internal/com.zzl.falcon.EntranceActivity} from uid 0 on display 0
I/ActivityManager(  527): START u0 {act=android.speech.action.WEB_SEARCH} from uid 1000 on display 0
I/ActivityManager(  527): START u0 {act=android.intent.action.MAIN cat=[android.intent.category.LAUNCHER] flg=0x10200000 cmp=com.zzl.falcon.internal/com.zzl.falcon.EntranceActivity} from uid 0 on display 0
W/BackupManagerService(  527): dataChanged but no participant pkg='com.android.providers.settings' uid=10013
I/ActivityManager(  527): START u0 {act=android.intent.action.MAIN cat=[android.intent.category.LAUNCHER] flg=0x10200000 cmp=com.zzl.falcon.internal/com.squareup.leakcanary.internal.DisplayLeakActivity} from uid 0 on display 0
V/WindowManager(  527): addAppToken: AppWindowToken{d36bf97 token=Token{b0fda16 ActivityRecord{34d0e331 u0 com.zzl.falcon.internal/com.squareup.leakcanary.internal.DisplayLeakActivity t42}}} to stack=1 task=42 at 31
V/WindowManager(  527): Adding window Window{1a1f816d u0 com.zzl.falcon.internal/com.squareup.leakcanary.internal.DisplayLeakActivity} at 35 of 40 (after Window{2376d206 u0 com.zzl.falcon.internal/com.squareup.leakcanary.internal.DisplayLeakActivity})
W/ViewRootImpl( 1882): Dropping event due to no window focus: KeyEvent { action=ACTION_DOWN, keyCode=KEYCODE_DPAD_DOWN, scanCode=0, metaState=0, flags=0x8, repeatCount=0, eventTime=2474600, downTime=2474600, deviceId=-1, source=0x101 }
W/ViewRootImpl( 1882): Cancelling event due to no window focus: KeyEvent { action=ACTION_UP, keyCode=KEYCODE_DPAD_DOWN, scanCode=0, metaState=0, flags=0x28, repeatCount=0, eventTime=2474714, downTime=2474714, deviceId=-1, source=0x101 }
W/ViewRootImpl( 1882): Cancelling event due to no window focus: KeyEvent { action=ACTION_UP, keyCode=KEYCODE_DPAD_DOWN, scanCode=0, metaState=0, flags=0x28, repeatCount=0, eventTime=2474714, downTime=2474714, deviceId=-1, source=0x101 }
W/ViewRootImpl( 1882): Cancelling event due to no window focus: KeyEvent { action=ACTION_UP, keyCode=KEYCODE_DPAD_DOWN, scanCode=0, metaState=0, flags=0x28, repeatCount=0, eventTime=2474714, downTime=2474714, deviceId=-1, source=0x101 }
W/ViewRootImpl( 1882): Cancelling event due to no window focus: KeyEvent { action=ACTION_UP, keyCode=KEYCODE_DPAD_DOWN, scanCode=0, metaState=0, flags=0x28, repeatCount=0, eventTime=2474714, downTime=2474714, deviceId=-1, source=0x101 }
W/ViewRootImpl( 1882): Cancelling event due to no window focus: KeyEvent { action=ACTION_UP, keyCode=KEYCODE_DPAD_DOWN, scanCode=0, metaState=0, flags=0x28, repeatCount=0, eventTime=2474714, downTime=2474714, deviceId=-1, source=0x101 }
W/ViewRootImpl( 1882): Cancelling event due to no window focus: KeyEvent { action=ACTION_UP, keyCode=KEYCODE_DPAD_DOWN, scanCode=0, metaState=0, flags=0x28, repeatCount=0, eventTime=2474714, downTime=2474714, deviceId=-1, source=0x101 }
W/ViewRootImpl( 1882): Cancelling event due to no window focus: KeyEvent { action=ACTION_UP, keyCode=KEYCODE_DPAD_DOWN, scanCode=0, metaState=0, flags=0x28, repeatCount=0, eventTime=2474714, downTime=2474714, deviceId=-1, source=0x101 }
W/ViewRootImpl( 1882): Cancelling event due to no window focus: KeyEvent { action=ACTION_UP, keyCode=KEYCODE_DPAD_DOWN, scanCode=0, metaState=0, flags=0x28, repeatCount=0, eventTime=2474714, downTime=2474714, deviceId=-1, source=0x101 }
W/ViewRootImpl( 1882): Cancelling event due to no window focus: KeyEvent { action=ACTION_UP, keyCode=KEYCODE_DPAD_DOWN, scanCode=0, metaState=0, flags=0x28, repeatCount=0, eventTime=2474714, downTime=2474714, deviceId=-1, source=0x101 }
W/ViewRootImpl( 1882): Dropping event due to no window focus: KeyEvent { action=ACTION_DOWN, keyCode=KEYCODE_5, scanCode=0, metaState=0, flags=0x8, repeatCount=0, eventTime=2474786, downTime=2474786, deviceId=-1, source=0x101 }
I/ActivityManager(  527): START u0 {act=android.settings.SETTINGS flg=0x14000000 cmp=com.android.settings/.Settings} from uid 10013 on display 0
I/ActivityManager(  527): START u0 {act=android.intent.action.MAIN cat=[android.intent.category.LAUNCHER] flg=0x10200000 cmp=com.zzl.falcon.internal/com.squareup.leakcanary.internal.DisplayLeakActivity} from uid 0 on display 0
V/WindowManager(  527): addAppToken: AppWindowToken{2d29a23 token=Token{1a579752 ActivityRecord{1f309fdd u0 com.zzl.falcon.internal/com.squareup.leakcanary.internal.DisplayLeakActivity t42}}} to stack=1 task=42 at 32
V/WindowManager(  527): Adding window Window{3d1c5cd9 u0 com.zzl.falcon.internal/com.squareup.leakcanary.internal.DisplayLeakActivity} at 36 of 42 (after Window{1a1f816d u0 com.zzl.falcon.internal/com.squareup.leakcanary.internal.DisplayLeakActivity})
W/ViewRootImpl( 1882): Dropping event due to no window focus: MotionEvent { action=ACTION_MOVE, id[0]=0, x[0]=0.0, y[0]=-1.0, toolType[0]=TOOL_TYPE_UNKNOWN, buttonState=0, metaState=0, flags=0x0, edgeFlags=0x0, pointerCount=1, historySize=9, eventTime=2476974, downTime=-1, deviceId=0, source=0x10004 }
W/ViewRootImpl( 1882): Dropping event due to no window focus: KeyEvent { action=ACTION_DOWN, keyCode=KEYCODE_DPAD_RIGHT, scanCode=0, metaState=0, flags=0x8, repeatCount=0, eventTime=2476980, downTime=2476980, deviceId=-1, source=0x101 }
W/ViewRootImpl( 1882): Dropping event due to no window focus: MotionEvent { action=ACTION_MOVE, id[0]=0, x[0]=4.0, y[0]=2.0, toolType[0]=TOOL_TYPE_UNKNOWN, buttonState=0, metaState=0, flags=0x0, edgeFlags=0x0, pointerCount=1, historySize=9, eventTime=2477504, downTime=-1, deviceId=0, source=0x10004 }
W/ViewRootImpl( 1882): Dropping event due to no window focus: KeyEvent { action=ACTION_DOWN, keyCode=KEYCODE_DPAD_CENTER, scanCode=0, metaState=0, flags=0x8, repeatCount=0, eventTime=2477505, downTime=2477505, deviceId=-1, source=0x101 }
W/ViewRootImpl( 1882): Cancelling event due to no window focus: KeyEvent { action=ACTION_UP, keyCode=KEYCODE_DPAD_CENTER, scanCode=0, metaState=0, flags=0x28, repeatCount=0, eventTime=2477671, downTime=2477671, deviceId=-1, source=0x101 }
W/ViewRootImpl( 1882): Cancelling event due to no window focus: KeyEvent { action=ACTION_UP, keyCode=KEYCODE_DPAD_CENTER, scanCode=0, metaState=0, flags=0x28, repeatCount=0, eventTime=2477671, downTime=2477671, deviceId=-1, source=0x101 }
W/ViewRootImpl( 1882): Cancelling event due to no window focus: KeyEvent { action=ACTION_UP, keyCode=KEYCODE_DPAD_CENTER, scanCode=0, metaState=0, flags=0x28, repeatCount=0, eventTime=2477671, downTime=2477671, deviceId=-1, source=0x101 }
W/ViewRootImpl( 1882): Cancelling event due to no window focus: KeyEvent { action=ACTION_UP, keyCode=KEYCODE_DPAD_CENTER, scanCode=0, metaState=0, flags=0x28, repeatCount=0, eventTime=2477671, downTime=2477671, deviceId=-1, source=0x101 }
W/ViewRootImpl( 1882): Cancelling event due to no window focus: KeyEvent { action=ACTION_UP, keyCode=KEYCODE_DPAD_CENTER, scanCode=0, metaState=0, flags=0x28, repeatCount=0, eventTime=2477671, downTime=2477671, deviceId=-1, source=0x101 }
W/ViewRootImpl( 1882): Cancelling event due to no window focus: KeyEvent { action=ACTION_UP, keyCode=KEYCODE_DPAD_CENTER, scanCode=0, metaState=0, flags=0x28, repeatCount=0, eventTime=2477671, downTime=2477671, deviceId=-1, source=0x101 }
I/ActivityManager(  527): Activity reported stop, but no longer stopping: ActivityRecord{34d0e331 u0 com.zzl.falcon.internal/com.squareup.leakcanary.internal.DisplayLeakActivity t42}
W/ViewRootImpl( 1882): Cancelling event due to no window focus: KeyEvent { action=ACTION_UP, keyCode=KEYCODE_DPAD_CENTER, scanCode=0, metaState=0, flags=0x28, repeatCount=0, eventTime=2477671, downTime=2477671, deviceId=-1, source=0x101 }
W/ViewRootImpl( 1882): Cancelling event due to no window focus: KeyEvent { action=ACTION_UP, keyCode=KEYCODE_DPAD_CENTER, scanCode=0, metaState=0, flags=0x28, repeatCount=0, eventTime=2477671, downTime=2477671, deviceId=-1, source=0x101 }
W/ViewRootImpl( 1882): Cancelling event due to no window focus: KeyEvent { action=ACTION_UP, keyCode=KEYCODE_DPAD_CENTER, scanCode=0, metaState=0, flags=0x28, repeatCount=0, eventTime=2477671, downTime=2477671, deviceId=-1, source=0x101 }
I/ActivityManager(  527): START u0 {act=android.intent.action.MAIN cat=[android.intent.category.LAUNCHER] flg=0x10200000 cmp=com.zzl.falcon.internal/com.zzl.falcon.EntranceActivity} from uid 0 on display 0
W/ViewRootImpl( 1239): Dropping event due to no window focus: KeyEvent { action=ACTION_DOWN, keyCode=KEYCODE_DPAD_RIGHT, scanCode=0, metaState=0, flags=0x8, repeatCount=0, eventTime=2478054, downTime=2478054, deviceId=-1, source=0x101 }
W/InputMethodManagerService(  527): Starting input on non-focused client com.android.internal.view.IInputMethodClient$Stub$Proxy@13e0c793 (uid=10068 pid=1882)
I/ActivityManager(  527): START u0 {act=android.intent.action.MAIN cat=[android.intent.category.HOME] flg=0x10200000 cmp=com.android.launcher3/.Launcher} from uid 1000 on display 0
I/ActivityManager(  527): START u0 {act=android.intent.action.CALL_BUTTON flg=0x10000000 cmp=com.android.dialer/.DialtactsActivity} from uid 10068 on display 0
I/ActivityManager(  527): START u0 {act=android.intent.action.MAIN cat=[android.intent.category.LAUNCHER] flg=0x10200000 cmp=com.zzl.falcon.internal/com.zzl.falcon.EntranceActivity} from uid 0 on display 0
D/ConnectivityService(  527): updateNetworkScore for NetworkAgentInfo [WIFI () - 103] to 60
D/ConnectivityService(  527): rematching NetworkAgentInfo [WIFI () - 103]
D/ConnectivityService(  527): Network NetworkAgentInfo [WIFI () - 103] was already satisfying request 1. No change.
D/ConnectivityService(  527): notifyType AVAILABLE for NetworkAgentInfo [WIFI () - 103]
I/ActivityManager(  527): START u0 {act=android.intent.action.MAIN cat=[android.intent.category.LAUNCHER] flg=0x10200000 cmp=com.zzl.falcon.internal/com.squareup.leakcanary.internal.DisplayLeakActivity} from uid 0 on display 0
V/WindowManager(  527): addAppToken: AppWindowToken{34a0265a token=Token{25e56605 ActivityRecord{243c7d7c u0 com.zzl.falcon.internal/com.squareup.leakcanary.internal.DisplayLeakActivity t42}}} to stack=1 task=42 at 33
V/WindowManager(  527): Adding window Window{3991f568 u0 com.zzl.falcon.internal/com.squareup.leakcanary.internal.DisplayLeakActivity} at 37 of 42 (after Window{3d1c5cd9 u0 com.zzl.falcon.internal/com.squareup.leakcanary.internal.DisplayLeakActivity})
W/ViewRootImpl( 1882): Dropping event due to no window focus: KeyEvent { action=ACTION_DOWN, keyCode=KEYCODE_DPAD_RIGHT, scanCode=0, metaState=0, flags=0x8, repeatCount=0, eventTime=2479550, downTime=2479550, deviceId=-1, source=0x101 }
W/ViewRootImpl( 1882): Cancelling event due to no window focus: KeyEvent { action=ACTION_UP, keyCode=KEYCODE_DPAD_RIGHT, scanCode=0, metaState=0, flags=0x28, repeatCount=0, eventTime=2479638, downTime=2479638, deviceId=-1, source=0x101 }
W/ViewRootImpl( 1882): Cancelling event due to no window focus: KeyEvent { action=ACTION_UP, keyCode=KEYCODE_DPAD_RIGHT, scanCode=0, metaState=0, flags=0x28, repeatCount=0, eventTime=2479638, downTime=2479638, deviceId=-1, source=0x101 }
W/ViewRootImpl( 1882): Cancelling event due to no window focus: KeyEvent { action=ACTION_UP, keyCode=KEYCODE_DPAD_RIGHT, scanCode=0, metaState=0, flags=0x28, repeatCount=0, eventTime=2479638, downTime=2479638, deviceId=-1, source=0x101 }
W/ViewRootImpl( 1882): Cancelling event due to no window focus: KeyEvent { action=ACTION_UP, keyCode=KEYCODE_DPAD_RIGHT, scanCode=0, metaState=0, flags=0x28, repeatCount=0, eventTime=2479638, downTime=2479638, deviceId=-1, source=0x101 }
W/ViewRootImpl( 1882): Cancelling event due to no window focus: KeyEvent { action=ACTION_UP, keyCode=KEYCODE_DPAD_RIGHT, scanCode=0, metaState=0, flags=0x28, repeatCount=0, eventTime=2479638, downTime=2479638, deviceId=-1, source=0x101 }
W/ViewRootImpl( 1882): Cancelling event due to no window focus: KeyEvent { action=ACTION_UP, keyCode=KEYCODE_DPAD_RIGHT, scanCode=0, metaState=0, flags=0x28, repeatCount=0, eventTime=2479638, downTime=2479638, deviceId=-1, source=0x101 }
W/ViewRootImpl( 1882): Cancelling event due to no window focus: KeyEvent { action=ACTION_UP, keyCode=KEYCODE_DPAD_RIGHT, scanCode=0, metaState=0, flags=0x28, repeatCount=0, eventTime=2479638, downTime=2479638, deviceId=-1, source=0x101 }
W/ViewRootImpl( 1882): Cancelling event due to no window focus: KeyEvent { action=ACTION_UP, keyCode=KEYCODE_DPAD_RIGHT, scanCode=0, metaState=0, flags=0x28, repeatCount=0, eventTime=2479638, downTime=2479638, deviceId=-1, source=0x101 }
W/ViewRootImpl( 1882): Cancelling event due to no window focus: KeyEvent { action=ACTION_UP, keyCode=KEYCODE_DPAD_RIGHT, scanCode=0, metaState=0, flags=0x28, repeatCount=0, eventTime=2479638, downTime=2479638, deviceId=-1, source=0x101 }
W/ViewRootImpl( 1882): Dropping event due to no window focus: KeyEvent { action=ACTION_DOWN, keyCode=KEYCODE_DPAD_UP, scanCode=0, metaState=0, flags=0x8, repeatCount=0, eventTime=2479720, downTime=2479720, deviceId=-1, source=0x101 }
--------- beginning of main
I/AppiumUnicodeIME(  672): onKeyDown (keyCode='19', event.keyCode='19', metaState='0')
I/AppiumUnicodeIME(  672): onKeyUp (keyCode='19', event.keyCode='19', metaState='0')
I/AppiumUnicodeIME(  672): onKeyDown (keyCode='138', event.keyCode='138', metaState='0')
I/AppiumUnicodeIME(  672): onKeyUp (keyCode='138', event.keyCode='138', metaState='0')
I/AppiumUnicodeIME(  672): onKeyDown (keyCode='22', event.keyCode='22', metaState='0')
I/AppiumUnicodeIME(  672): onKeyUp (keyCode='22', event.keyCode='22', metaState='0')
I/ActivityManager(  527): START u0 {act=android.intent.action.MAIN cat=[android.intent.category.HOME] flg=0x10200000 cmp=com.android.launcher3/.Launcher} from uid 1000 on display 0
I/AppiumUnicodeIME(  672): onKeyDown (keyCode='23', event.keyCode='23', metaState='0')
I/AppiumUnicodeIME(  672): onKeyUp (keyCode='23', event.keyCode='23', metaState='0')
I/AppiumUnicodeIME(  672): onKeyDown (keyCode='33', event.keyCode='33', metaState='0')
I/AppiumUnicodeIME(  672): onKeyUp (keyCode='33', event.keyCode='33', metaState='0')
I/AppiumUnicodeIME(  672): onKeyDown (keyCode='23', event.keyCode='23', metaState='0')
I/AppiumUnicodeIME(  672): onKeyUp (keyCode='23', event.keyCode='23', metaState='0')
I/AppiumUnicodeIME(  672): onKeyDown (keyCode='20', event.keyCode='20', metaState='0')
I/AppiumUnicodeIME(  672): onKeyUp (keyCode='20', event.keyCode='20', metaState='0')
I/AppiumUnicodeIME(  672): onKeyDown (keyCode='82', event.keyCode='82', metaState='0')
I/AppiumUnicodeIME(  672): onKeyUp (keyCode='82', event.keyCode='82', metaState='0')
I/AppiumUnicodeIME(  672): onKeyDown (keyCode='22', event.keyCode='22', metaState='0')
I/AppiumUnicodeIME(  672): onKeyUp (keyCode='22', event.keyCode='22', metaState='0')
I/AppiumUnicodeIME(  672): onKeyDown (keyCode='22', event.keyCode='22', metaState='0')
I/AppiumUnicodeIME(  672): onKeyDown (keyCode='22', event.keyCode='22', metaState='0')
I/AppiumUnicodeIME(  672): onKeyUp (keyCode='22', event.keyCode='22', metaState='0')
I/AppiumUnicodeIME(  672): onKeyDown (keyCode='22', event.keyCode='22', metaState='0')
I/AppiumUnicodeIME(  672): onKeyUp (keyCode='22', event.keyCode='22', metaState='0')
I/AppiumUnicodeIME(  672): onKeyDown (keyCode='22', event.keyCode='22', metaState='0')
I/AppiumUnicodeIME(  672): onKeyUp (keyCode='22', event.keyCode='22', metaState='0')
I/AppiumUnicodeIME(  672): onKeyDown (keyCode='4', event.keyCode='4', metaState='0')
I/AppiumUnicodeIME(  672): onKeyUp (keyCode='4', event.keyCode='4', metaState='0')
W/AudioTrack(  527): AUDIO_OUTPUT_FLAG_FAST denied by client
W/AudioTrack(  527): AUDIO_OUTPUT_FLAG_FAST denied by client
W/AudioTrack(  527): AUDIO_OUTPUT_FLAG_FAST denied by client
I/AppiumUnicodeIME(  672): onKeyDown (keyCode='258', event.keyCode='258', metaState='0')
I/awcn.ComponentCallbacks2( 1239):  onTrimMemory level:20
I/awcn.SessionCenter( 1239): |[seq:[default]] [background]
I/awcn.StrategyCenter( 1239):  saveData
I/awcn.SessionCenter( 1239): |[seq:umeng:56aadbf567e58e38d4000976] [background]
I/awcn.StrategyCenter( 1239):  saveData
I/AppiumUnicodeIME(  672): onKeyUp (keyCode='258', event.keyCode='258', metaState='0')
W/BackupManagerService(  527): dataChanged but no participant pkg='com.android.providers.settings' uid=10013
W/BackupManagerService(  527): dataChanged but no participant pkg='com.android.providers.settings' uid=10013
D/GpsNetInitiatedHandler(  527): location enabled :true
E/GpsLocationProvider(  527): no AGPS interface in set_agps_server
W/ResourceType(  636): No package identifier when getting value for resource number 0x00000000
W/PackageManager(  636): Failure retrieving resources for com.zzl.falcon.internal: Resource ID #0x0
W/EGL_emulation( 1882): eglSurfaceAttrib not implemented
W/OpenGLRenderer( 1882): Failed to set EGL_SWAP_BEHAVIOR on surface 0xe14e7840, error=EGL_SUCCESS
W/ViewRootImpl( 1882): Cancelling event due to no window focus: KeyEvent { action=ACTION_UP, keyCode=KEYCODE_PAIRING, scanCode=0, metaState=0, flags=0x28, repeatCount=0, eventTime=2480587, downTime=2480587, deviceId=-1, source=0x101 }
I/AppiumUnicodeIME(  672): onKeyDown (keyCode='225', event.keyCode='225', metaState='0')
W/ViewRootImpl( 1882): Cancelling event due to no window focus: KeyEvent { action=ACTION_UP, keyCode=KEYCODE_PAIRING, scanCode=0, metaState=0, flags=0x28, repeatCount=0, eventTime=2480587, downTime=2480587, deviceId=-1, source=0x101 }
W/ViewRootImpl( 1882): Cancelling event due to no window focus: KeyEvent { action=ACTION_UP, keyCode=KEYCODE_PAIRING, scanCode=0, metaState=0, flags=0x28, repeatCount=0, eventTime=2480587, downTime=2480587, deviceId=-1, source=0x101 }
I/AppiumUnicodeIME(  672): onKeyUp (keyCode='225', event.keyCode='225', metaState='0')
I/AppiumUnicodeIME(  672): onKeyUp (keyCode='225', event.keyCode='225', metaState='0')
W/ViewRootImpl( 1882): Cancelling event due to no window focus: KeyEvent { action=ACTION_UP, keyCode=KEYCODE_PAIRING, scanCode=0, metaState=0, flags=0x28, repeatCount=0, eventTime=2480587, downTime=2480587, deviceId=-1, source=0x101 }
W/ViewRootImpl( 1882): Cancelling event due to no window focus: KeyEvent { action=ACTION_UP, keyCode=KEYCODE_PAIRING, scanCode=0, metaState=0, flags=0x28, repeatCount=0, eventTime=2480587, downTime=2480587, deviceId=-1, source=0x101 }
W/ViewRootImpl( 1882): Cancelling event due to no window focus: KeyEvent { action=ACTION_UP, keyCode=KEYCODE_PAIRING, scanCode=0, metaState=0, flags=0x28, repeatCount=0, eventTime=2480587, downTime=2480587, deviceId=-1, source=0x101 }
W/ViewRootImpl( 1882): Cancelling event due to no window focus: KeyEvent { action=ACTION_UP, keyCode=KEYCODE_PAIRING, scanCode=0, metaState=0, flags=0x28, repeatCount=0, eventTime=2480587, downTime=2480587, deviceId=-1, source=0x101 }
W/ViewRootImpl( 1882): Cancelling event due to no window focus: KeyEvent { action=ACTION_UP, keyCode=KEYCODE_PAIRING, scanCode=0, metaState=0, flags=0x28, repeatCount=0, eventTime=2480587, downTime=2480587, deviceId=-1, source=0x101 }
W/ViewRootImpl( 1882): Cancelling event due to no window focus: KeyEvent { action=ACTION_UP, keyCode=KEYCODE_PAIRING, scanCode=0, metaState=0, flags=0x28, repeatCount=0, eventTime=2480587, downTime=2480587, deviceId=-1, source=0x101 }
W/ViewRootImpl( 1882): Dropping event due to no window focus: KeyEvent { action=ACTION_DOWN, keyCode=KEYCODE_E, scanCode=0, metaState=0, flags=0x8, repeatCount=0, eventTime=2480614, downTime=2480614, deviceId=-1, source=0x101 }
W/ViewRootImpl( 1882): Cancelling event due to no window focus: KeyEvent { action=ACTION_UP, keyCode=KEYCODE_E, scanCode=0, metaState=0, flags=0x28, repeatCount=0, eventTime=2480680, downTime=2480680, deviceId=-1, source=0x101 }
W/ViewRootImpl( 1882): Cancelling event due to no window focus: KeyEvent { action=ACTION_UP, keyCode=KEYCODE_E, scanCode=0, metaState=0, flags=0x28, repeatCount=0, eventTime=2480680, downTime=2480680, deviceId=-1, source=0x101 }
W/ViewRootImpl( 1882): Cancelling event due to no window focus: KeyEvent { action=ACTION_UP, keyCode=KEYCODE_E, scanCode=0, metaState=0, flags=0x28, repeatCount=0, eventTime=2480680, downTime=2480680, deviceId=-1, source=0x101 }
I/AppiumUnicodeIME(  672): onKeyUp (keyCode='33', event.keyCode='33', metaState='0')
I/AppiumUnicodeIME(  672): onFinishInput
I/AppiumUnicodeIME(  672): onStartInput
I/AppiumUnicodeIME(  672): onKeyDown (keyCode='21', event.keyCode='21', metaState='0')
I/AppiumUnicodeIME(  672): onKeyUp (keyCode='21', event.keyCode='21', metaState='0')
I/AppiumUnicodeIME(  672): onKeyDown (keyCode='113', event.keyCode='113', metaState='0')
I/AppiumUnicodeIME(  672): onKeyUp (keyCode='113', event.keyCode='113', metaState='0')
I/AppiumUnicodeIME(  672): onKeyDown (keyCode='22', event.keyCode='22', metaState='0')
I/AppiumUnicodeIME(  672): onKeyUp (keyCode='22', event.keyCode='22', metaState='0')
I/AppiumUnicodeIME(  672): onKeyDown (keyCode='22', event.keyCode='22', metaState='0')
I/AppiumUnicodeIME(  672): onKeyUp (keyCode='22', event.keyCode='22', metaState='0')
I/AppiumUnicodeIME(  672): onKeyDown (keyCode='22', event.keyCode='22', metaState='0')
I/AppiumUnicodeIME(  672): onKeyUp (keyCode='22', event.keyCode='22', metaState='0')
I/AppiumUnicodeIME(  672): onKeyDown (keyCode='19', event.keyCode='19', metaState='0')
I/AppiumUnicodeIME(  672): onKeyUp (keyCode='19', event.keyCode='19', metaState='0')
I/AppiumUnicodeIME(  672): onKeyDown (keyCode='22', event.keyCode='22', metaState='0')
I/AppiumUnicodeIME(  672): onKeyDown (keyCode='22', event.keyCode='22', metaState='0')
I/AppiumUnicodeIME(  672): onKeyUp (keyCode='22', event.keyCode='22', metaState='0')
I/AppiumUnicodeIME(  672): onKeyDown (keyCode='22', event.keyCode='22', metaState='0')
I/AppiumUnicodeIME(  672): onKeyUp (keyCode='22', event.keyCode='22', metaState='0')
I/AppiumUnicodeIME(  672): onKeyDown (keyCode='22', event.keyCode='22', metaState='0')
I/AppiumUnicodeIME(  672): onKeyUp (keyCode='22', event.keyCode='22', metaState='0')
I/AppiumUnicodeIME(  672): onKeyDown (keyCode='19', event.keyCode='19', metaState='0')
I/AppiumUnicodeIME(  672): onKeyUp (keyCode='19', event.keyCode='19', metaState='0')
I/AppiumUnicodeIME(  672): onKeyDown (keyCode='19', event.keyCode='19', metaState='0')
I/AppiumUnicodeIME(  672): onKeyUp (keyCode='19', event.keyCode='19', metaState='0')
I/AppiumUnicodeIME(  672): onKeyDown (keyCode='19', event.keyCode='19', metaState='0')
I/AppiumUnicodeIME(  672): onKeyUp (keyCode='19', event.keyCode='19', metaState='0')
I/AppiumUnicodeIME(  672): onKeyDown (keyCode='19', event.keyCode='19', metaState='0')
I/AppiumUnicodeIME(  672): onKeyDown (keyCode='19', event.keyCode='19', metaState='0')
I/AppiumUnicodeIME(  672): onKeyUp (keyCode='19', event.keyCode='19', metaState='0')
I/AppiumUnicodeIME(  672): onKeyDown (keyCode='19', event.keyCode='19', metaState='0')
I/AppiumUnicodeIME(  672): onKeyUp (keyCode='19', event.keyCode='19', metaState='0')
I/AppiumUnicodeIME(  672): onKeyDown (keyCode='19', event.keyCode='19', metaState='0')
I/AppiumUnicodeIME(  672): onKeyUp (keyCode='19', event.keyCode='19', metaState='0')
I/AppiumUnicodeIME(  672): onKeyDown (keyCode='19', event.keyCode='19', metaState='0')
I/AppiumUnicodeIME(  672): onKeyUp (keyCode='19', event.keyCode='19', metaState='0')
I/AppiumUnicodeIME(  672): onKeyDown (keyCode='20', event.keyCode='20', metaState='0')
I/AppiumUnicodeIME(  672): onKeyUp (keyCode='20', event.keyCode='20', metaState='0')
I/AppiumUnicodeIME(  672): onKeyDown (keyCode='20', event.keyCode='20', metaState='0')
I/AppiumUnicodeIME(  672): onKeyUp (keyCode='20', event.keyCode='20', metaState='0')
I/AppiumUnicodeIME(  672): onKeyDown (keyCode='20', event.keyCode='20', metaState='0')
I/AppiumUnicodeIME(  672): onKeyUp (keyCode='20', event.keyCode='20', metaState='0')
I/AppiumUnicodeIME(  672): onKeyDown (keyCode='53', event.keyCode='53', metaState='0')
I/AppiumUnicodeIME(  672): onKeyUp (keyCode='53', event.keyCode='53', metaState='0')
I/ActivityManager(  527): START u0 {act=android.intent.action.MAIN cat=[android.intent.category.LAUNCHER] flg=0x10200000 cmp=com.zzl.falcon.internal/com.zzl.falcon.EntranceActivity} from uid 0 on display 0
E/EGL_emulation(  502): tid 502: eglCreateSyncKHR(1209): error 0x3004 (EGL_BAD_ATTRIBUTE)
D/ForegroundCallbacks( 1239): went foreground
I/awcn.SessionCenter( 1239): |[seq:[default]] [forground]
I/awcn.SessionCenter( 1239): |[seq:umeng:56aadbf567e58e38d4000976] [forground]
D/awcn.StrategyCenter( 1239):  getSchemeByHost host:umengacs.m.taobao.com scheme:https
D/awcn.SessionCenter( 1239): |[seq:umeng:56aadbf567e58e38d4000976] getInternal u:https://umengacs.m.taobao.com TypeClass:SPDY timeout:0
D/awcn.StrategyCenter( 1239):  getSchemeByHost host:umengacs.m.taobao.com scheme:https
D/awcn.SessionCenter( 1239): |[seq:umeng:56aadbf567e58e38d4000976] get internal hit cache session session:Session@[umeng:56aadbf567e58e38d4000976.AWCN3_1|http2_0rtt_acs]
W/EGL_emulation( 1239): eglSurfaceAttrib not implemented
W/OpenGLRenderer( 1239): Failed to set EGL_SWAP_BEHAVIOR on surface 0xddc7dd00, error=EGL_SUCCESS
I/AppiumUnicodeIME(  672): onFinishInput
I/AppiumUnicodeIME(  672): onStartInput
I/AppiumUnicodeIME(  672): onKeyDown (keyCode='21', event.keyCode='21', metaState='0')
I/AppiumUnicodeIME(  672): onKeyUp (keyCode='21', event.keyCode='21', metaState='0')
I/AppiumUnicodeIME(  672): onKeyDown (keyCode='21', event.keyCode='21', metaState='0')
I/AppiumUnicodeIME(  672): onKeyUp (keyCode='21', event.keyCode='21', metaState='0')
I/AppiumUnicodeIME(  672): onKeyDown (keyCode='20', event.keyCode='20', metaState='0')
I/AppiumUnicodeIME(  672): onKeyUp (keyCode='20', event.keyCode='20', metaState='0')
W/AudioTrack(  527): AUDIO_OUTPUT_FLAG_FAST denied by client
W/BackupManagerService(  527): dataChanged but no participant pkg='com.android.providers.settings' uid=10013
I/AppiumUnicodeIME(  672): onKeyDown (keyCode='22', event.keyCode='22', metaState='0')
I/AppiumUnicodeIME(  672): onKeyUp (keyCode='22', event.keyCode='22', metaState='0')
I/AppiumUnicodeIME(  672): onKeyDown (keyCode='22', event.keyCode='22', metaState='0')
I/AppiumUnicodeIME(  672): onKeyUp (keyCode='22', event.keyCode='22', metaState='0')
I/AppiumUnicodeIME(  672): onKeyDown (keyCode='20', event.keyCode='20', metaState='0')
I/AppiumUnicodeIME(  672): onKeyUp (keyCode='20', event.keyCode='20', metaState='0')
I/AppiumUnicodeIME(  672): onKeyDown (keyCode='20', event.keyCode='20', metaState='0')
I/AppiumUnicodeIME(  672): onKeyUp (keyCode='20', event.keyCode='20', metaState='0')
I/AppiumUnicodeIME(  672): onKeyDown (keyCode='20', event.keyCode='20', metaState='0')
I/AppiumUnicodeIME(  672): onKeyUp (keyCode='20', event.keyCode='20', metaState='0')
W/BackupManagerService(  527): dataChanged but no participant pkg='com.android.providers.settings' uid=10013
D/GpsNetInitiatedHandler(  527): location enabled :false
I/AppiumUnicodeIME(  672): onKeyDown (keyCode='20', event.keyCode='20', metaState='0')
I/AppiumUnicodeIME(  672): onKeyDown (keyCode='20', event.keyCode='20', metaState='0')
I/AppiumUnicodeIME(  672): onKeyUp (keyCode='20', event.keyCode='20', metaState='0')
I/AppiumUnicodeIME(  672): onKeyDown (keyCode='20', event.keyCode='20', metaState='0')
I/AppiumUnicodeIME(  672): onKeyUp (keyCode='20', event.keyCode='20', metaState='0')
I/AppiumUnicodeIME(  672): onKeyDown (keyCode='20', event.keyCode='20', metaState='0')
I/AppiumUnicodeIME(  672): onKeyUp (keyCode='20', event.keyCode='20', metaState='0')
I/AppiumUnicodeIME(  672): onKeyDown (keyCode='19', event.keyCode='19', metaState='0')
I/AppiumUnicodeIME(  672): onKeyUp (keyCode='19', event.keyCode='19', metaState='0')
I/AppiumUnicodeIME(  672): onKeyDown (keyCode='19', event.keyCode='19', metaState='0')
I/AppiumUnicodeIME(  672): onKeyUp (keyCode='19', event.keyCode='19', metaState='0')
I/AppiumUnicodeIME(  672): onKeyDown (keyCode='19', event.keyCode='19', metaState='0')
I/AppiumUnicodeIME(  672): onKeyUp (keyCode='19', event.keyCode='19', metaState='0')
W/AudioTrack(  527): AUDIO_OUTPUT_FLAG_FAST denied by client
I/AppiumUnicodeIME(  672): onKeyDown (keyCode='19', event.keyCode='19', metaState='0')
I/AppiumUnicodeIME(  672): onKeyDown (keyCode='19', event.keyCode='19', metaState='0')
I/AppiumUnicodeIME(  672): onKeyUp (keyCode='19', event.keyCode='19', metaState='0')
I/AppiumUnicodeIME(  672): onKeyDown (keyCode='20', event.keyCode='20', metaState='0')
I/AppiumUnicodeIME(  672): onKeyUp (keyCode='20', event.keyCode='20', metaState='0')
I/AppiumUnicodeIME(  672): onKeyDown (keyCode='22', event.keyCode='22', metaState='0')
I/AppiumUnicodeIME(  672): onKeyUp (keyCode='22', event.keyCode='22', metaState='0')
I/AppiumUnicodeIME(  672): onKeyDown (keyCode='74', event.keyCode='74', metaState='0')
I/AppiumUnicodeIME(  672): onKeyUp (keyCode='74', event.keyCode='74', metaState='0')
I/AppiumUnicodeIME(  672): onKeyDown (keyCode='48', event.keyCode='48', metaState='0')
I/AppiumUnicodeIME(  672): onKeyUp (keyCode='48', event.keyCode='48', metaState='0')
I/AppiumUnicodeIME(  672): onKeyDown (keyCode='149', event.keyCode='149', metaState='0')
I/AppiumUnicodeIME(  672): onKeyDown (keyCode='23', event.keyCode='23', metaState='0')
I/AppiumUnicodeIME(  672): onKeyUp (keyCode='149', event.keyCode='149', metaState='0')
I/AppiumUnicodeIME(  672): onKeyUp (keyCode='23', event.keyCode='23', metaState='0')
I/AppiumUnicodeIME(  672): onKeyDown (keyCode='5', event.keyCode='5', metaState='0')
I/AppiumUnicodeIME(  672): onKeyUp (keyCode='5', event.keyCode='5', metaState='0')
I/ActivityManager(  527): START u0 {act=android.intent.action.CALL_BUTTON flg=0x10000000 cmp=com.android.dialer/.DialtactsActivity} from uid 10068 on display 0
W/AudioTrack(  527): AUDIO_OUTPUT_FLAG_FAST denied by client
I/AppiumUnicodeIME(  672): onKeyDown (keyCode='19', event.keyCode='19', metaState='0')
I/AppiumUnicodeIME(  672): onKeyUp (keyCode='19', event.keyCode='19', metaState='0')
I/AppiumUnicodeIME(  672): onKeyDown (keyCode='19', event.keyCode='19', metaState='0')
I/AppiumUnicodeIME(  672): onKeyUp (keyCode='19', event.keyCode='19', metaState='0')
I/AppiumUnicodeIME(  672): onKeyDown (keyCode='19', event.keyCode='19', metaState='0')
I/AppiumUnicodeIME(  672): onKeyUp (keyCode='19', event.keyCode='19', metaState='0')
I/AppiumUnicodeIME(  672): onKeyDown (keyCode='21', event.keyCode='21', metaState='0')
I/AppiumUnicodeIME(  672): onKeyUp (keyCode='21', event.keyCode='21', metaState='0')
I/AppiumUnicodeIME(  672): onKeyDown (keyCode='21', event.keyCode='21', metaState='0')
I/AppiumUnicodeIME(  672): onKeyUp (keyCode='21', event.keyCode='21', metaState='0')
I/AppiumUnicodeIME(  672): onKeyDown (keyCode='21', event.keyCode='21', metaState='0')
I/AppiumUnicodeIME(  672): onKeyUp (keyCode='21', event.keyCode='21', metaState='0')
I/AppiumUnicodeIME(  672): onKeyDown (keyCode='108', event.keyCode='108', metaState='0')
I/AppiumUnicodeIME(  672): onKeyDown (keyCode='23', event.keyCode='23', metaState='0')
I/AppiumUnicodeIME(  672): onKeyUp (keyCode='108', event.keyCode='108', metaState='0')
I/AppiumUnicodeIME(  672): onKeyUp (keyCode='23', event.keyCode='23', metaState='0')
I/AppiumUnicodeIME(  672): onKeyDown (keyCode='21', event.keyCode='21', metaState='0')
I/AppiumUnicodeIME(  672): onKeyUp (keyCode='21', event.keyCode='21', metaState='0')
I/AppiumUnicodeIME(  672): onKeyDown (keyCode='22', event.keyCode='22', metaState='0')
I/AppiumUnicodeIME(  672): onKeyUp (keyCode='22', event.keyCode='22', metaState='0')
I/AppiumUnicodeIME(  672): onKeyDown (keyCode='22', event.keyCode='22', metaState='0')
I/AppiumUnicodeIME(  672): onKeyUp (keyCode='22', event.keyCode='22', metaState='0')
I/AppiumUnicodeIME(  672): onKeyDown (keyCode='20', event.keyCode='20', metaState='0')
I/AppiumUnicodeIME(  672): onKeyUp (keyCode='20', event.keyCode='20', metaState='0')
W/MobileDataController(  636): Failed to open stats session
W/MobileDataController(  636): java.lang.IllegalStateException: Bandwidth module disabled
W/MobileDataController(  636): 	at android.os.Parcel.readException(Parcel.java:1554)
W/MobileDataController(  636): 	at android.os.Parcel.readException(Parcel.java:1499)
W/MobileDataController(  636): 	at android.net.INetworkStatsService$Stub$Proxy.openSession(INetworkStatsService.java:171)
W/MobileDataController(  636): 	at com.android.systemui.statusbar.policy.MobileDataControllerImpl.getSession(MobileDataControllerImpl.java:81)
W/MobileDataController(  636): 	at com.android.systemui.statusbar.policy.MobileDataControllerImpl.getDataUsageInfo(MobileDataControllerImpl.java:112)
W/MobileDataController(  636): 	at com.android.systemui.qs.tiles.CellularTile$CellularDetailAdapter.createDetailView(CellularTile.java:234)
W/MobileDataController(  636): 	at com.android.systemui.qs.QSPanel.handleShowDetailImpl(QSPanel.java:359)
W/MobileDataController(  636): 	at com.android.systemui.qs.QSPanel.handleShowDetailTile(QSPanel.java:350)
W/MobileDataController(  636): 	at com.android.systemui.qs.QSPanel.handleShowDetail(QSPanel.java:335)
W/MobileDataController(  636): 	at com.android.systemui.qs.QSPanel.access$1000(QSPanel.java:49)
W/MobileDataController(  636): 	at com.android.systemui.qs.QSPanel$H.handleMessage(QSPanel.java:530)
W/MobileDataController(  636): 	at android.os.Handler.dispatchMessage(Handler.java:102)
W/MobileDataController(  636): 	at android.os.Looper.loop(Looper.java:135)
W/MobileDataController(  636): 	at android.app.ActivityThread.main(ActivityThread.java:5254)
W/MobileDataController(  636): 	at java.lang.reflect.Method.invoke(Native Method)
W/MobileDataController(  636): 	at java.lang.reflect.Method.invoke(Method.java:372)
W/MobileDataController(  636): 	at com.android.internal.os.ZygoteInit$MethodAndArgsCaller.run(ZygoteInit.java:903)
W/MobileDataController(  636): 	at com.android.internal.os.ZygoteInit.main(ZygoteInit.java:698)
W/MobileDataController(  636): Failed to get data usage, no stats session
E/WifiStateMachine(  527): WifiStateMachine L2Connected CMD_START_SCAN source -2 8, 10 -> obsolete
I/AppiumUnicodeIME(  672): onKeyDown (keyCode='19', event.keyCode='19', metaState='0')
I/AppiumUnicodeIME(  672): onKeyDown (keyCode='19', event.keyCode='19', metaState='0')
I/AppiumUnicodeIME(  672): onKeyUp (keyCode='19', event.keyCode='19', metaState='0')
I/AppiumUnicodeIME(  672): onKeyDown (keyCode='19', event.keyCode='19', metaState='0')
I/AppiumUnicodeIME(  672): onKeyUp (keyCode='19', event.keyCode='19', metaState='0')
I/AppiumUnicodeIME(  672): onKeyDown (keyCode='19', event.keyCode='19', metaState='0')
I/AppiumUnicodeIME(  672): onKeyUp (keyCode='19', event.keyCode='19', metaState='0')
I/AppiumUnicodeIME(  672): onKeyDown (keyCode='19', event.keyCode='19', metaState='0')
I/AppiumUnicodeIME(  672): onKeyUp (keyCode='19', event.keyCode='19', metaState='0')
I/AppiumUnicodeIME(  672): onKeyDown (keyCode='21', event.keyCode='21', metaState='0')
I/AppiumUnicodeIME(  672): onKeyDown (keyCode='21', event.keyCode='21', metaState='0')
I/AppiumUnicodeIME(  672): onKeyUp (keyCode='21', event.keyCode='21', metaState='0')
I/AppiumUnicodeIME(  672): onKeyDown (keyCode='21', event.keyCode='21', metaState='0')
I/AppiumUnicodeIME(  672): onKeyUp (keyCode='21', event.keyCode='21', metaState='0')
I/AppiumUnicodeIME(  672): onKeyDown (keyCode='21', event.keyCode='21', metaState='0')
I/AppiumUnicodeIME(  672): onKeyUp (keyCode='21', event.keyCode='21', metaState='0')
I/AppiumUnicodeIME(  672): onKeyDown (keyCode='21', event.keyCode='21', metaState='0')
I/AppiumUnicodeIME(  672): onKeyUp (keyCode='21', event.keyCode='21', metaState='0')
I/AppiumUnicodeIME(  672): onKeyDown (keyCode='20', event.keyCode='20', metaState='0')
I/AppiumUnicodeIME(  672): onKeyUp (keyCode='20', event.keyCode='20', metaState='0')
I/AppiumUnicodeIME(  672): onKeyDown (keyCode='20', event.keyCode='20', metaState='0')
I/AppiumUnicodeIME(  672): onKeyUp (keyCode='20', event.keyCode='20', metaState='0')
I/AppiumUnicodeIME(  672): onKeyDown (keyCode='19', event.keyCode='19', metaState='0')
I/AppiumUnicodeIME(  672): onKeyUp (keyCode='19', event.keyCode='19', metaState='0')
D/PhoneInterfaceManager(  741): [PhoneIntfMgr] getDataEnabled: subId=1 phoneId=0
D/PhoneInterfaceManager(  741): [PhoneIntfMgr] getDataEnabled: subId=1 retVal=true
D/TelephonyManager(  636): getDataEnabled: retVal=true
I/AppiumUnicodeIME(  672): onKeyDown (keyCode='21', event.keyCode='21', metaState='0')
I/AppiumUnicodeIME(  672): onKeyUp (keyCode='21', event.keyCode='21', metaState='0')
I/AppiumUnicodeIME(  672): onKeyDown (keyCode='22', event.keyCode='22', metaState='0')
I/AppiumUnicodeIME(  672): onKeyUp (keyCode='22', event.keyCode='22', metaState='0')
I/AppiumUnicodeIME(  672): onKeyDown (keyCode='22', event.keyCode='22', metaState='0')
I/AppiumUnicodeIME(  672): onKeyUp (keyCode='22', event.keyCode='22', metaState='0')
I/AppiumUnicodeIME(  672): onKeyDown (keyCode='22', event.keyCode='22', metaState='0')
I/AppiumUnicodeIME(  672): onKeyUp (keyCode='22', event.keyCode='22', metaState='0')
I/AppiumUnicodeIME(  672): onKeyDown (keyCode='22', event.keyCode='22', metaState='0')
I/AppiumUnicodeIME(  672): onKeyUp (keyCode='22', event.keyCode='22', metaState='0')
I/ActivityManager(  527): START u0 {act=android.intent.action.POWER_USAGE_SUMMARY flg=0x14000000 cmp=com.android.settings/.Settings$PowerUsageSummaryActivity} from uid 10013 on display 0
I/AppiumUnicodeIME(  672): onKeyDown (keyCode='20', event.keyCode='20', metaState='0')
I/AppiumUnicodeIME(  672): onKeyUp (keyCode='20', event.keyCode='20', metaState='0')
