W/art     (  527): Long monitor contention event with owner method=void com.android.server.am.ActivityManagerService.activityPaused(android.os.IBinder) from ActivityManagerService.java:6374 waiters=1 for 121ms
I/AppiumUnicodeIME(  672): onKeyDown (keyCode='20', event.keyCode='20', metaState='0')
I/AppiumUnicodeIME(  672): onKeyUp (keyCode='20', event.keyCode='20', metaState='0')
W/ViewRootImpl( 4927): Dropping event due to no window focus: KeyEvent { action=ACTION_DOWN, keyCode=KEYCODE_DPAD_DOWN, scanCode=0, metaState=0, flags=0x8, repeatCount=0, eventTime=8872007, downTime=8872007, deviceId=-1, source=0x101 }
W/ViewRootImpl( 4927): Cancelling event due to no window focus: KeyEvent { action=ACTION_UP, keyCode=KEYCODE_DPAD_DOWN, scanCode=0, metaState=0, flags=0x28, repeatCount=0, eventTime=8872169, downTime=8872007, deviceId=-1, source=0x101 }
W/ViewRootImpl( 4927): Cancelling event due to no window focus: KeyEvent { action=ACTION_UP, keyCode=KEYCODE_DPAD_DOWN, scanCode=0, metaState=0, flags=0x28, repeatCount=0, eventTime=8872169, downTime=8872007, deviceId=-1, source=0x101 }
W/ViewRootImpl( 4927): Cancelling event due to no window focus: KeyEvent { action=ACTION_UP, keyCode=KEYCODE_DPAD_DOWN, scanCode=0, metaState=0, flags=0x28, repeatCount=0, eventTime=8872169, downTime=8872007, deviceId=-1, source=0x101 }
W/ViewRootImpl( 4927): Cancelling event due to no window focus: KeyEvent { action=ACTION_UP, keyCode=KEYCODE_DPAD_DOWN, scanCode=0, metaState=0, flags=0x28, repeatCount=0, eventTime=8872169, downTime=8872007, deviceId=-1, source=0x101 }
W/ViewRootImpl( 4927): Cancelling event due to no window focus: KeyEvent { action=ACTION_UP, keyCode=KEYCODE_DPAD_DOWN, scanCode=0, metaState=0, flags=0x28, repeatCount=0, eventTime=8872169, downTime=8872007, deviceId=-1, source=0x101 }
W/ViewRootImpl( 4927): Cancelling event due to no window focus: KeyEvent { action=ACTION_UP, keyCode=KEYCODE_DPAD_DOWN, scanCode=0, metaState=0, flags=0x28, repeatCount=0, eventTime=8872169, downTime=8872007, deviceId=-1, source=0x101 }
D/WifiNetworkAgent(  527): NetworkAgent: NetworkAgent channel lost
E/WifiMonitor(  527): killSupplicant p2pfalse init.svc.wpa_supplicant=unknown init.svc.p2p_supplicant=unknown
D/ConnectivityManager( 1082): getMobileDataEnabled()+ subId=1
D/PhoneInterfaceManager(  741): [PhoneIntfMgr] getDataEnabled: subId=1 phoneId=0
D/PhoneInterfaceManager(  741): [PhoneIntfMgr] getDataEnabled: subId=1 retVal=true
D/ConnectivityManager( 1082): getMobileDataEnabled()- subId=1 retVal=true
D/accs.BaseReceiver( 4764):  onReceive
D/accs.ReceiverImpl( 4764):  ReceiverImpl onReceive begin......
D/accs.AdapterGlobalClientInfo( 4764):  getAgooCustomServiceName name:com.umeng.message.UmengIntentService
D/accs.AdapterGlobalClientInfo( 4764):  getAgooCustomServiceName name:com.umeng.message.UmengIntentService
I/accs.ElectionServiceImpl( 4764):  onStartCommand begin action:android.net.conn.CONNECTIVITY_CHANGE
I/accs.OrangeAdapter( 4764):  isElectionEnable result:false
I/accs.OrangeAdapter( 4764):  isElectionEnable result:false
I/accs.ElectionServiceImpl( 4764):  deliver to channelservice host pkg:
I/accs.ServiceImpl( 4764):  onHostStartCommand:Intent { act=android.net.conn.CONNECTIVITY_CHANGE flg=0x4000010 cmp=com.zzl.falcon.internal/com.taobao.accs.ChannelService (has extras) }
D/accs.ServiceImpl( 4764):  key networkInfo: value [type: WIFI[], state: DISCONNECTED/DISCONNECTED, reason: (unspecified), extra: <unknown ssid>, roaming: false, failover: false, isAvailable: true, isConnectedToProvisioningNetwork: false]
D/accs.ServiceImpl( 4764):  key networkType: value 1
D/accs.ServiceImpl( 4764):  key otherNetwork: value [type: WIFI[], state: DISCONNECTED/DISCONNECTED, reason: (unspecified), extra: <unknown ssid>, roaming: false, failover: false, isAvailable: true, isConnectedToProvisioningNetwork: false]
D/accs.ServiceImpl( 4764):  key inetCondition: value 0
D/accs.ServiceImpl( 4764):  key extraInfo: value <unknown ssid>
I/accs.LoadSoFailUtil( 4764):  getSoFailTimes times:0
D/accs.SilenceConn_umeng:56aadbf567e58e38d4000976( 4764):  try ping, force:false
D/accs.SilenceConn_umeng:56aadbf567e58e38d4000976( 4764):  send message, PING delay:0 dataId:48
I/accs.ServiceImpl( 4764):  tryConnect appkey:0 configTag:umeng:56aadbf567e58e38d4000976|0
D/accs.SilenceConn_umeng:56aadbf567e58e38d4000976( 4764):  clearRepeatControlCommand message:201/
D/ConnectivityManager( 1082): getMobileDataEnabled()+ subId=1
D/PhoneInterfaceManager(  741): [PhoneIntfMgr] getDataEnabled: subId=1 phoneId=0
D/PhoneInterfaceManager(  741): [PhoneIntfMgr] getDataEnabled: subId=1 retVal=true
E/GpsLocationProvider(  527): No APN found to select.
D/accs.BaseReceiver( 1217):  onReceive
D/accs.ReceiverImpl( 1217):  ReceiverImpl onReceive begin......
D/ConnectivityManager( 1082): getMobileDataEnabled()- subId=1 retVal=true
I/accs.ServiceImpl( 4764):  network change:wifi to unknown
D/accs.SilenceConn_umeng:56aadbf567e58e38d4000976( 4764):  try ping, force:true
D/accs.AdapterGlobalClientInfo( 1217):  getAgooCustomServiceName name:com.umeng.message.UmengIntentService
D/accs.SilenceConn_umeng:56aadbf567e58e38d4000976( 4764):  send message, PING delay:0 dataId:49
D/accs.AdapterGlobalClientInfo( 1217):  getAgooCustomServiceName name:com.umeng.message.UmengIntentService
I/accs.ServiceImpl( 4764):  ping connection appkey:0
D/accs.SilenceConn_umeng:56aadbf567e58e38d4000976( 4764):  clearRepeatControlCommand message:201/
I/accs.ElectionServiceImpl( 1217):  onStartCommand begin action:android.net.conn.CONNECTIVITY_CHANGE
I/accs.ElectionServiceUtil( 1217):  getElectionResult from mem host:com.zzl.itoube.internal retry:0
I/accs.ElectionServiceImpl( 1217):  deliver to channelservice host pkg:com.zzl.itoube.internal
D/accs.UtilityImpl( 4764):  getProxy:null:-1
I/accs.ServiceImpl( 1217):  onHostStartCommand:Intent { act=android.net.conn.CONNECTIVITY_CHANGE flg=0x4000010 cmp=com.zzl.itoube.internal/com.taobao.accs.ChannelService (has extras) }
D/accs.ServiceImpl( 1217):  key networkInfo: value [type: WIFI[], state: DISCONNECTED/DISCONNECTED, reason: (unspecified), extra: <unknown ssid>, roaming: false, failover: false, isAvailable: true, isConnectedToProvisioningNetwork: false]
D/accs.ServiceImpl( 1217):  key networkType: value 1
D/accs.ServiceImpl( 1217):  key otherNetwork: value [type: WIFI[], state: DISCONNECTED/DISCONNECTED, reason: (unspecified), extra: <unknown ssid>, roaming: false, failover: false, isAvailable: true, isConnectedToProvisioningNetwork: false]
D/accs.ServiceImpl( 1217):  key inetCondition: value 0
D/accs.ServiceImpl( 1217):  key extraInfo: value <unknown ssid>
I/accs.LoadSoFailUtil( 1217):  getSoFailTimes times:0
D/accs.SpdyConnection( 1217):  try ping, force:false
D/accs.SpdyConnection( 1217):  send message, PING delay:0 dataId:95
D/accs.UTMini( 4764):  commitEvent fail java.lang.NoClassDefFoundError: Failed resolution of: Lcom/ut/mini/internal/UTOriginalCustomHitBuilder;
I/accs.ServiceImpl( 1217):  network change:wifi to unknown
D/accs.SpdyConnection( 1217):  try ping, force:true
D/accs.SpdyConnection( 1217):  send message, PING delay:0 dataId:96
D/accs.UtilityImpl( 1217):  getProxy:null:-1
D/accs.SpdyConnection( 1217):  clearRepeatControlCommand message:201/
D/accs.UTMini( 1217):  commitEvent fail java.lang.NoClassDefFoundError: Failed resolution of: Lcom/ut/mini/internal/UTOriginalCustomHitBuilder;
D/accs.NetworkThread( 1217):  try get message
D/accs.NetworkThread( 1217):  send message not null
I/accs.NetworkThread( 1217):  0 send:PING status:1
D/accs.OrangeAdapter( 1217):  isSmartHb result:true
D/accs.NetworkThread( 1217):  ms:2477890 force:true
D/accs.OrangeAdapter( 1217):  isSmartHb result:true
I/accs.NetworkThread( 1217):  0 onSendPing
D/accs.MessageHandler( 1217):  onSendPing
D/accs.OrangeAdapter( 1217):  isSmartHb result:true
D/accs.HeartbeatManager( 1217):  set 270
D/ConnectivityManager( 1082): getMobileDataEnabled()+ subId=1
D/accs.NetworkThread( 1217):  send succ, remove it
D/accs.NetworkThread( 1217):  ready to get message
D/accs.NetworkThread( 1217):  no message, wait
D/PhoneInterfaceManager(  741): [PhoneIntfMgr] getDataEnabled: subId=1 phoneId=0
D/PhoneInterfaceManager(  741): [PhoneIntfMgr] getDataEnabled: subId=1 retVal=true
I/accs.BaseIntentService( 4764):  onHandleIntent,action=android.net.conn.CONNECTIVITY_CHANGE,agooCommand=com.zzl.falcon.internal.intent.action.COMMAND,mipushCommand=com.zzl.falcon.internal.intent.thirdPush.action.COMMAND
I/accs.BaseIntentService( 4764):  is report cache msg,Config.isReportCacheMsg(mContext)=false
D/accs.isClearTime( 4764):  now=1515834677504,now - lastTime=2184132,istrue=false
I/accs.BaseIntentService( 4764):  is clear all msg=false
D/accs.isClearTime( 4764):  now=1515834677504,now - lastTime=2184132,istrue=false
D/ConnectivityManager( 1082): getMobileDataEnabled()- subId=1 retVal=true
D/PhoneInterfaceManager(  741): [PhoneIntfMgr] getDataEnabled: subId=1 phoneId=0
D/PhoneInterfaceManager(  741): [PhoneIntfMgr] getDataEnabled: subId=1 retVal=true
D/TelephonyManager(  527): getDataEnabled: retVal=true
I/accs.BaseIntentService( 1217):  onHandleIntent,action=android.net.conn.CONNECTIVITY_CHANGE,agooCommand=com.zzl.itoube.internal.intent.action.COMMAND,mipushCommand=com.zzl.itoube.internal.intent.thirdPush.action.COMMAND
I/accs.BaseIntentService( 1217):  is report cache msg,Config.isReportCacheMsg(mContext)=false
D/accs.isClearTime( 1217):  now=1515834677506,now - lastTime=13332749,istrue=false
I/accs.BaseIntentService( 1217):  is clear all msg=false
D/accs.isClearTime( 1217):  now=1515834677506,now - lastTime=13332749,istrue=false
D/accs.BaseReceiver( 4764):  onReceive
D/accs.ReceiverImpl( 4764):  ReceiverImpl onReceive begin......
W/ViewRootImpl( 4682): Cancelling event due to no window focus: KeyEvent { action=ACTION_UP, keyCode=KEYCODE_DPAD_DOWN, scanCode=0, metaState=0, flags=0x28, repeatCount=0, eventTime=8872142, downTime=8872142, deviceId=-1, source=0x101 }
W/ViewRootImpl( 4682): Cancelling event due to no window focus: KeyEvent { action=ACTION_UP, keyCode=KEYCODE_DPAD_DOWN, scanCode=0, metaState=0, flags=0x28, repeatCount=0, eventTime=8872142, downTime=8872142, deviceId=-1, source=0x101 }
W/ViewRootImpl( 4682): Cancelling event due to no window focus: KeyEvent { action=ACTION_UP, keyCode=KEYCODE_DPAD_DOWN, scanCode=0, metaState=0, flags=0x28, repeatCount=0, eventTime=8872142, downTime=8872142, deviceId=-1, source=0x101 }
W/ViewRootImpl( 4682): Cancelling event due to no window focus: KeyEvent { action=ACTION_UP, keyCode=KEYCODE_DPAD_DOWN, scanCode=0, metaState=0, flags=0x28, repeatCount=0, eventTime=8872142, downTime=8872142, deviceId=-1, source=0x101 }
W/ViewRootImpl( 4682): Cancelling event due to no window focus: KeyEvent { action=ACTION_UP, keyCode=KEYCODE_DPAD_DOWN, scanCode=0, metaState=0, flags=0x28, repeatCount=0, eventTime=8872142, downTime=8872142, deviceId=-1, source=0x101 }
W/ViewRootImpl( 4682): Cancelling event due to no window focus: KeyEvent { action=ACTION_UP, keyCode=KEYCODE_DPAD_DOWN, scanCode=0, metaState=0, flags=0x28, repeatCount=0, eventTime=8872142, downTime=8872142, deviceId=-1, source=0x101 }
W/ViewRootImpl( 4682): Dropping event due to no window focus: MotionEvent { action=ACTION_MOVE, id[0]=0, x[0]=-5.0, y[0]=-2.0, toolType[0]=TOOL_TYPE_UNKNOWN, buttonState=0, metaState=0, flags=0x0, edgeFlags=0x0, pointerCount=1, historySize=9, eventTime=8872185, downTime=-1, deviceId=0, source=0x10004 }
D/accs.AdapterGlobalClientInfo( 4764):  getAgooCustomServiceName name:com.umeng.message.UmengIntentService
D/accs.AdapterGlobalClientInfo( 4764):  getAgooCustomServiceName name:com.umeng.message.UmengIntentService
I/accs.ElectionServiceImpl( 4764):  onStartCommand begin action:android.net.conn.CONNECTIVITY_CHANGE
I/accs.OrangeAdapter( 4764):  isElectionEnable result:false
I/accs.OrangeAdapter( 4764):  isElectionEnable result:false
I/accs.ElectionServiceImpl( 4764):  deliver to channelservice host pkg:
I/accs.ServiceImpl( 4764):  onHostStartCommand:Intent { act=android.net.conn.CONNECTIVITY_CHANGE flg=0x4000010 cmp=com.zzl.falcon.internal/com.taobao.accs.ChannelService (has extras) }
D/accs.ServiceImpl( 4764):  key networkInfo: value [type: WIFI[], state: DISCONNECTED/DISCONNECTED, reason: (unspecified), extra: <unknown ssid>, roaming: false, failover: false, isAvailable: true, isConnectedToProvisioningNetwork: false]
D/accs.ServiceImpl( 4764):  key networkType: value 1
D/accs.ServiceImpl( 4764):  key inetCondition: value 0
D/accs.ServiceImpl( 4764):  key extraInfo: value <unknown ssid>
I/accs.LoadSoFailUtil( 4764):  getSoFailTimes times:0
D/accs.SilenceConn_umeng:56aadbf567e58e38d4000976( 4764):  try ping, force:false
D/accs.SilenceConn_umeng:56aadbf567e58e38d4000976( 4764):  send message, PING delay:0 dataId:50
I/accs.ServiceImpl( 4764):  tryConnect appkey:0 configTag:umeng:56aadbf567e58e38d4000976|0
D/accs.SilenceConn_umeng:56aadbf567e58e38d4000976( 4764):  clearRepeatControlCommand message:201/
D/accs.BaseReceiver( 1217):  onReceive
D/accs.ReceiverImpl( 1217):  ReceiverImpl onReceive begin......
I/accs.ServiceImpl( 4764):  network change:unknown to unknown
D/accs.SilenceConn_umeng:56aadbf567e58e38d4000976( 4764):  try ping, force:true
D/accs.SilenceConn_umeng:56aadbf567e58e38d4000976( 4764):  send message, PING delay:0 dataId:51
I/accs.ServiceImpl( 4764):  ping connection appkey:0
D/accs.UtilityImpl( 4764):  getProxy:null:-1
D/accs.UTMini( 4764):  commitEvent fail java.lang.NoClassDefFoundError: Failed resolution of: Lcom/ut/mini/internal/UTOriginalCustomHitBuilder;
D/accs.SilenceConn_umeng:56aadbf567e58e38d4000976( 4764):  clearRepeatControlCommand message:201/
D/accs.AdapterGlobalClientInfo( 1217):  getAgooCustomServiceName name:com.umeng.message.UmengIntentService
D/accs.AdapterGlobalClientInfo( 1217):  getAgooCustomServiceName name:com.umeng.message.UmengIntentService
I/accs.ElectionServiceImpl( 1217):  onStartCommand begin action:android.net.conn.CONNECTIVITY_CHANGE
I/accs.ElectionServiceUtil( 1217):  getElectionResult from mem host:com.zzl.itoube.internal retry:0
I/accs.ElectionServiceImpl( 1217):  deliver to channelservice host pkg:com.zzl.itoube.internal
I/accs.BaseIntentService( 4764):  onHandleIntent,action=android.net.conn.CONNECTIVITY_CHANGE,agooCommand=com.zzl.falcon.internal.intent.action.COMMAND,mipushCommand=com.zzl.falcon.internal.intent.thirdPush.action.COMMAND
I/accs.BaseIntentService( 4764):  is report cache msg,Config.isReportCacheMsg(mContext)=false
D/accs.isClearTime( 4764):  now=1515834677531,now - lastTime=2184159,istrue=false
I/accs.BaseIntentService( 4764):  is clear all msg=false
D/accs.isClearTime( 4764):  now=1515834677531,now - lastTime=2184159,istrue=false
I/accs.ServiceImpl( 1217):  onHostStartCommand:Intent { act=android.net.conn.CONNECTIVITY_CHANGE flg=0x4000010 cmp=com.zzl.itoube.internal/com.taobao.accs.ChannelService (has extras) }
D/accs.ServiceImpl( 1217):  key networkInfo: value [type: WIFI[], state: DISCONNECTED/DISCONNECTED, reason: (unspecified), extra: <unknown ssid>, roaming: false, failover: false, isAvailable: true, isConnectedToProvisioningNetwork: false]
D/accs.ServiceImpl( 1217):  key networkType: value 1
D/accs.ServiceImpl( 1217):  key inetCondition: value 0
D/accs.ServiceImpl( 1217):  key extraInfo: value <unknown ssid>
I/accs.LoadSoFailUtil( 1217):  getSoFailTimes times:0
D/accs.SpdyConnection( 1217):  try ping, force:false
D/accs.SpdyConnection( 1217):  send message, PING delay:0 dataId:97
I/accs.ServiceImpl( 1217):  network change:unknown to unknown
D/accs.SpdyConnection( 1217):  try ping, force:true
D/accs.SpdyConnection( 1217):  send message, PING delay:0 dataId:98
D/accs.UtilityImpl( 1217):  getProxy:null:-1
D/accs.UTMini( 1217):  commitEvent fail java.lang.NoClassDefFoundError: Failed resolution of: Lcom/ut/mini/internal/UTOriginalCustomHitBuilder;
D/accs.SpdyConnection( 1217):  clearRepeatControlCommand message:201/
D/accs.NetworkThread( 1217):  try get message
D/accs.NetworkThread( 1217):  send message not null
I/accs.NetworkThread( 1217):  0 send:PING status:1
D/accs.OrangeAdapter( 1217):  isSmartHb result:true
D/accs.NetworkThread( 1217):  ms:36 force:true
D/accs.OrangeAdapter( 1217):  isSmartHb result:true
D/accs.OrangeAdapter( 1217):  isSmartHb result:true
D/accs.HeartbeatManager( 1217):  set 270
E/GpsLocationProvider(  527): No APN found to select.
I/accs.BaseIntentService( 1217):  onHandleIntent,action=android.net.conn.CONNECTIVITY_CHANGE,agooCommand=com.zzl.itoube.internal.intent.action.COMMAND,mipushCommand=com.zzl.itoube.internal.intent.thirdPush.action.COMMAND
I/accs.BaseIntentService( 1217):  is report cache msg,Config.isReportCacheMsg(mContext)=false
D/accs.isClearTime( 1217):  now=1515834677536,now - lastTime=13332779,istrue=false
I/accs.BaseIntentService( 1217):  is clear all msg=false
D/accs.isClearTime( 1217):  now=1515834677536,now - lastTime=13332779,istrue=false
D/accs.NetworkThread( 1217):  send succ, remove it
D/accs.NetworkThread( 1217):  ready to get message
D/accs.NetworkThread( 1217):  no message, wait
D/ConnectivityManager( 1082): getMobileDataEnabled()+ subId=1
D/PhoneInterfaceManager(  741): [PhoneIntfMgr] getDataEnabled: subId=1 phoneId=0
D/PhoneInterfaceManager(  741): [PhoneIntfMgr] getDataEnabled: subId=1 retVal=true
D/ConnectivityManager( 1082): getMobileDataEnabled()- subId=1 retVal=true
D/PhoneInterfaceManager(  741): [PhoneIntfMgr] getDataEnabled: subId=1 phoneId=0
D/PhoneInterfaceManager(  741): [PhoneIntfMgr] getDataEnabled: subId=1 retVal=true
D/TelephonyManager(  636): getDataEnabled: retVal=true
I/Telephony(  741): PstnIncomingCallNotifier: Unregistering: Handler (com.android.internal.telephony.gsm.GSMPhone) {1f3b226b}
W/ViewRootImpl( 4682): Dropping event due to no window focus: KeyEvent { action=ACTION_DOWN, keyCode=KEYCODE_Y, scanCode=0, metaState=0, flags=0x8, repeatCount=0, eventTime=8872198, downTime=8872198, deviceId=-1, source=0x101 }
D/ForegroundCallbacks( 4682): went foreground
W/ViewRootImpl( 4682): Cancelling event due to no window focus: KeyEvent { action=ACTION_UP, keyCode=KEYCODE_Y, scanCode=0, metaState=0, flags=0x28, repeatCount=0, eventTime=8872374, downTime=8872374, deviceId=-1, source=0x101 }
W/ViewRootImpl( 4682): Cancelling event due to no window focus: KeyEvent { action=ACTION_UP, keyCode=KEYCODE_Y, scanCode=0, metaState=0, flags=0x28, repeatCount=0, eventTime=8872374, downTime=8872374, deviceId=-1, source=0x101 }
W/ViewRootImpl( 4682): Cancelling event due to no window focus: KeyEvent { action=ACTION_UP, keyCode=KEYCODE_Y, scanCode=0, metaState=0, flags=0x28, repeatCount=0, eventTime=8872374, downTime=8872374, deviceId=-1, source=0x101 }
W/ViewRootImpl( 4682): Cancelling event due to no window focus: KeyEvent { action=ACTION_UP, keyCode=KEYCODE_Y, scanCode=0, metaState=0, flags=0x28, repeatCount=0, eventTime=8872374, downTime=8872374, deviceId=-1, source=0x101 }
W/ViewRootImpl( 4682): Cancelling event due to no window focus: KeyEvent { action=ACTION_UP, keyCode=KEYCODE_Y, scanCode=0, metaState=0, flags=0x28, repeatCount=0, eventTime=8872374, downTime=8872374, deviceId=-1, source=0x101 }
W/ViewRootImpl( 4682): Cancelling event due to no window focus: KeyEvent { action=ACTION_UP, keyCode=KEYCODE_Y, scanCode=0, metaState=0, flags=0x28, repeatCount=0, eventTime=8872374, downTime=8872374, deviceId=-1, source=0x101 }
I/Telephony(  741): PstnIncomingCallNotifier: Registering: Handler (com.android.internal.telephony.gsm.GSMPhone) {1f3b226b}
I/AppiumUnicodeIME(  672): onFinishInput
I/AppiumUnicodeIME(  672): onStartInput
I/AppiumUnicodeIME(  672): onKeyDown (keyCode='20', event.keyCode='20', metaState='0')
I/AppiumUnicodeIME(  672): onKeyUp (keyCode='20', event.keyCode='20', metaState='0')
I/AppiumUnicodeIME(  672): onKeyDown (keyCode='237', event.keyCode='237', metaState='0')
I/ActivityManager(  527): Killing 4178:android.process.acore/u0a2 (adj 15): empty for 3346s
W/libprocessgroup(  527): failed to open /acct/uid_10002/pid_4178/cgroup.procs: No such file or directory
I/AppiumUnicodeIME(  672): onKeyUp (keyCode='237', event.keyCode='237', metaState='0')
I/AppiumUnicodeIME(  672): onKeyDown (keyCode='19', event.keyCode='19', metaState='0')
I/AppiumUnicodeIME(  672): onKeyUp (keyCode='19', event.keyCode='19', metaState='0')
W/AudioTrack(  527): AUDIO_OUTPUT_FLAG_FAST denied by client
I/AppiumUnicodeIME(  672): onKeyDown (keyCode='19', event.keyCode='19', metaState='0')
I/AppiumUnicodeIME(  672): onKeyUp (keyCode='19', event.keyCode='19', metaState='0')
I/AppiumUnicodeIME(  672): onKeyDown (keyCode='19', event.keyCode='19', metaState='0')
I/AppiumUnicodeIME(  672): onKeyUp (keyCode='19', event.keyCode='19', metaState='0')
I/AppiumUnicodeIME(  672): onKeyDown (keyCode='19', event.keyCode='19', metaState='0')
I/AppiumUnicodeIME(  672): onKeyUp (keyCode='19', event.keyCode='19', metaState='0')
I/AppiumUnicodeIME(  672): onKeyDown (keyCode='19', event.keyCode='19', metaState='0')
I/AppiumUnicodeIME(  672): onKeyUp (keyCode='19', event.keyCode='19', metaState='0')
I/AppiumUnicodeIME(  672): onKeyDown (keyCode='24', event.keyCode='24', metaState='0')
W/UnimplementedWebViewApi( 4682): Unimplemented WebView method onKeyDown called from: android.webkit.WebView.onKeyDown(WebView.java:2310)
I/AppiumUnicodeIME(  672): onKeyUp (keyCode='24', event.keyCode='24', metaState='0')
I/AppiumUnicodeIME(  672): onKeyDown (keyCode='19', event.keyCode='19', metaState='0')
I/AppiumUnicodeIME(  672): onKeyUp (keyCode='19', event.keyCode='19', metaState='0')
W/EGL_emulation(  636): eglSurfaceAttrib not implemented
W/OpenGLRenderer(  636): Failed to set EGL_SWAP_BEHAVIOR on surface 0xee8c1180, error=EGL_SUCCESS
I/AppiumUnicodeIME(  672): onKeyDown (keyCode='79', event.keyCode='79', metaState='0')
W/UnimplementedWebViewApi( 4682): Unimplemented WebView method onKeyDown called from: android.webkit.WebView.onKeyDown(WebView.java:2310)
I/AppiumUnicodeIME(  672): onKeyUp (keyCode='79', event.keyCode='79', metaState='0')
I/MediaFocusControl(  527):  AudioFocus  requestAudioFocus() from android.media.AudioManager@30b773bacom.android.music.MediaPlaybackService$3@1f3b226b req=1flags=0x0
D/PhoneStatusBar(  636): disable: < expand icons* alerts system_info* back home recent clock search >
W/EGL_emulation(  636): eglSurfaceAttrib not implemented
W/OpenGLRenderer(  636): Failed to set EGL_SWAP_BEHAVIOR on surface 0xee8c1420, error=EGL_SUCCESS
I/AppiumUnicodeIME(  672): onKeyDown (keyCode='19', event.keyCode='19', metaState='0')
I/AppiumUnicodeIME(  672): onKeyUp (keyCode='19', event.keyCode='19', metaState='0')
I/AppiumUnicodeIME(  672): onKeyDown (keyCode='19', event.keyCode='19', metaState='0')
I/AppiumUnicodeIME(  672): onKeyUp (keyCode='19', event.keyCode='19', metaState='0')
I/AppiumUnicodeIME(  672): onKeyDown (keyCode='20', event.keyCode='20', metaState='0')
I/AppiumUnicodeIME(  672): onKeyUp (keyCode='20', event.keyCode='20', metaState='0')
I/AppiumUnicodeIME(  672): onKeyDown (keyCode='82', event.keyCode='82', metaState='0')
W/UnimplementedWebViewApi( 4682): Unimplemented WebView method onKeyDown called from: android.webkit.WebView.onKeyDown(WebView.java:2310)
I/AppiumUnicodeIME(  672): onKeyUp (keyCode='82', event.keyCode='82', metaState='0')
I/AppiumUnicodeIME(  672): onKeyDown (keyCode='20', event.keyCode='20', metaState='0')
W/AudioTrack(  527): AUDIO_OUTPUT_FLAG_FAST denied by client
I/AppiumUnicodeIME(  672): onKeyUp (keyCode='20', event.keyCode='20', metaState='0')
D/PhoneStatusBar(  636): disable: < expand ICONS* alerts SYSTEM_INFO* back home recent clock search >
W/EGL_emulation(  636): eglSurfaceAttrib not implemented
W/OpenGLRenderer(  636): Failed to set EGL_SWAP_BEHAVIOR on surface 0xee8c1420, error=EGL_SUCCESS
W/ViewRootImpl(  636): Dropping event due to no window focus: KeyEvent { action=ACTION_DOWN, keyCode=KEYCODE_PROG_BLUE, scanCode=0, metaState=0, flags=0x8, repeatCount=0, eventTime=8874458, downTime=8874458, deviceId=-1, source=0x101 }
W/ViewRootImpl(  636): Cancelling event due to no window focus: KeyEvent { action=ACTION_UP, keyCode=KEYCODE_PROG_BLUE, scanCode=0, metaState=0, flags=0x28, repeatCount=0, eventTime=8874470, downTime=8874470, deviceId=-1, source=0x101 }
W/ViewRootImpl(  636): Cancelling event due to no window focus: KeyEvent { action=ACTION_UP, keyCode=KEYCODE_PROG_BLUE, scanCode=0, metaState=0, flags=0x28, repeatCount=0, eventTime=8874470, downTime=8874470, deviceId=-1, source=0x101 }
W/ViewRootImpl(  636): Cancelling event due to no window focus: KeyEvent { action=ACTION_UP, keyCode=KEYCODE_PROG_BLUE, scanCode=0, metaState=0, flags=0x28, repeatCount=0, eventTime=8874470, downTime=8874470, deviceId=-1, source=0x101 }
W/ViewRootImpl(  636): Cancelling event due to no window focus: KeyEvent { action=ACTION_UP, keyCode=KEYCODE_PROG_BLUE, scanCode=0, metaState=0, flags=0x28, repeatCount=0, eventTime=8874470, downTime=8874470, deviceId=-1, source=0x101 }
W/ViewRootImpl(  636): Cancelling event due to no window focus: KeyEvent { action=ACTION_UP, keyCode=KEYCODE_PROG_BLUE, scanCode=0, metaState=0, flags=0x28, repeatCount=0, eventTime=8874470, downTime=8874470, deviceId=-1, source=0x101 }
W/ViewRootImpl(  636): Cancelling event due to no window focus: KeyEvent { action=ACTION_UP, keyCode=KEYCODE_PROG_BLUE, scanCode=0, metaState=0, flags=0x28, repeatCount=0, eventTime=8874470, downTime=8874470, deviceId=-1, source=0x101 }
W/ViewRootImpl(  636): Cancelling event due to no window focus: KeyEvent { action=ACTION_UP, keyCode=KEYCODE_PROG_BLUE, scanCode=0, metaState=0, flags=0x28, repeatCount=0, eventTime=8874470, downTime=8874470, deviceId=-1, source=0x101 }
W/ViewRootImpl(  636): Cancelling event due to no window focus: KeyEvent { action=ACTION_UP, keyCode=KEYCODE_PROG_BLUE, scanCode=0, metaState=0, flags=0x28, repeatCount=0, eventTime=8874470, downTime=8874470, deviceId=-1, source=0x101 }
W/ViewRootImpl(  636): Cancelling event due to no window focus: KeyEvent { action=ACTION_UP, keyCode=KEYCODE_PROG_BLUE, scanCode=0, metaState=0, flags=0x28, repeatCount=0, eventTime=8874470, downTime=8874470, deviceId=-1, source=0x101 }
W/ViewRootImpl(  636): Dropping event due to no window focus: KeyEvent { action=ACTION_DOWN, keyCode=KEYCODE_MENU, scanCode=0, metaState=0, flags=0x8, repeatCount=0, eventTime=8874555, downTime=8874555, deviceId=-1, source=0x101 }
I/ActivityManager(  527): START u0 {act=android.intent.action.MAIN cat=[android.intent.category.LAUNCHER] flg=0x10200000 cmp=com.zzl.falcon.internal/com.zzl.falcon.EntranceActivity} from uid 0 on display 0
I/art     (  527): Explicit concurrent mark sweep GC freed 27594(1481KB) AllocSpace objects, 4(64KB) LOS objects, 33% free, 13MB/19MB, paused 959us total 42.245ms
I/ActivityManager(  527): START u0 {act=android.intent.action.MAIN cat=[android.intent.category.LAUNCHER] flg=0x10200000 cmp=com.zzl.falcon.internal/com.zzl.falcon.EntranceActivity} from uid 0 on display 0
W/ViewRootImpl( 4682): Dropping event due to no window focus: KeyEvent { action=ACTION_DOWN, keyCode=KEYCODE_DPAD_UP, scanCode=0, metaState=0, flags=0x400, repeatCount=0, eventTime=8875121, downTime=8875121, deviceId=-1, source=0x101 }
W/ViewRootImpl( 4682): Cancelling event due to no window focus: KeyEvent { action=ACTION_UP, keyCode=KEYCODE_DPAD_UP, scanCode=0, metaState=0, flags=0x420, repeatCount=0, eventTime=8875121, downTime=8875121, deviceId=-1, source=0x101 }
W/ViewRootImpl( 4682): Cancelling event due to no window focus: KeyEvent { action=ACTION_UP, keyCode=KEYCODE_DPAD_UP, scanCode=0, metaState=0, flags=0x420, repeatCount=0, eventTime=8875121, downTime=8875121, deviceId=-1, source=0x101 }
W/ViewRootImpl( 4682): Cancelling event due to no window focus: KeyEvent { action=ACTION_UP, keyCode=KEYCODE_DPAD_UP, scanCode=0, metaState=0, flags=0x420, repeatCount=0, eventTime=8875121, downTime=8875121, deviceId=-1, source=0x101 }
W/ViewRootImpl( 4682): Dropping event due to no window focus: KeyEvent { action=ACTION_DOWN, keyCode=KEYCODE_DPAD_UP, scanCode=0, metaState=0, flags=0x400, repeatCount=0, eventTime=8875121, downTime=8875121, deviceId=-1, source=0x101 }
W/ViewRootImpl( 4682): Cancelling event due to no window focus: KeyEvent { action=ACTION_UP, keyCode=KEYCODE_DPAD_UP, scanCode=0, metaState=0, flags=0x420, repeatCount=0, eventTime=8875121, downTime=8875121, deviceId=-1, source=0x101 }
W/ViewRootImpl( 4682): Cancelling event due to no window focus: KeyEvent { action=ACTION_UP, keyCode=KEYCODE_DPAD_UP, scanCode=0, metaState=0, flags=0x420, repeatCount=0, eventTime=8875121, downTime=8875121, deviceId=-1, source=0x101 }
W/ViewRootImpl( 4682): Cancelling event due to no window focus: KeyEvent { action=ACTION_UP, keyCode=KEYCODE_DPAD_UP, scanCode=0, metaState=0, flags=0x420, repeatCount=0, eventTime=8875121, downTime=8875121, deviceId=-1, source=0x101 }
W/ViewRootImpl( 4682): Dropping event due to no window focus: KeyEvent { action=ACTION_DOWN, keyCode=KEYCODE_DPAD_UP, scanCode=0, metaState=0, flags=0x400, repeatCount=0, eventTime=8875121, downTime=8875121, deviceId=-1, source=0x101 }
W/ViewRootImpl( 4682): Cancelling event due to no window focus: KeyEvent { action=ACTION_UP, keyCode=KEYCODE_DPAD_UP, scanCode=0, metaState=0, flags=0x420, repeatCount=0, eventTime=8875121, downTime=8875121, deviceId=-1, source=0x101 }
W/ViewRootImpl( 4682): Cancelling event due to no window focus: KeyEvent { action=ACTION_UP, keyCode=KEYCODE_DPAD_UP, scanCode=0, metaState=0, flags=0x420, repeatCount=0, eventTime=8875121, downTime=8875121, deviceId=-1, source=0x101 }
W/ViewRootImpl( 4682): Cancelling event due to no window focus: KeyEvent { action=ACTION_UP, keyCode=KEYCODE_DPAD_UP, scanCode=0, metaState=0, flags=0x420, repeatCount=0, eventTime=8875121, downTime=8875121, deviceId=-1, source=0x101 }
I/AppiumUnicodeIME(  672): onKeyUp (keyCode='19', event.keyCode='19', metaState='0')
I/AppiumUnicodeIME(  672): onKeyUp (keyCode='19', event.keyCode='19', metaState='0')
I/AppiumUnicodeIME(  672): onKeyUp (keyCode='19', event.keyCode='19', metaState='0')
W/ViewRootImpl( 4682): Cancelling event due to no window focus: KeyEvent { action=ACTION_UP, keyCode=KEYCODE_DPAD_UP, scanCode=0, metaState=0, flags=0x420, repeatCount=0, eventTime=8875121, downTime=8875121, deviceId=-1, source=0x101 }
W/ViewRootImpl( 4682): Cancelling event due to no window focus: KeyEvent { action=ACTION_UP, keyCode=KEYCODE_DPAD_UP, scanCode=0, metaState=0, flags=0x420, repeatCount=0, eventTime=8875121, downTime=8875121, deviceId=-1, source=0x101 }
W/ViewRootImpl( 4682): Cancelling event due to no window focus: KeyEvent { action=ACTION_UP, keyCode=KEYCODE_DPAD_UP, scanCode=0, metaState=0, flags=0x420, repeatCount=0, eventTime=8875121, downTime=8875121, deviceId=-1, source=0x101 }
W/ViewRootImpl( 4682): Cancelling event due to no window focus: KeyEvent { action=ACTION_UP, keyCode=KEYCODE_DPAD_UP, scanCode=0, metaState=0, flags=0x420, repeatCount=0, eventTime=8875121, downTime=8875121, deviceId=-1, source=0x101 }
W/ViewRootImpl( 4682): Cancelling event due to no window focus: KeyEvent { action=ACTION_UP, keyCode=KEYCODE_DPAD_UP, scanCode=0, metaState=0, flags=0x420, repeatCount=0, eventTime=8875121, downTime=8875121, deviceId=-1, source=0x101 }
W/ViewRootImpl( 4682): Cancelling event due to no window focus: KeyEvent { action=ACTION_UP, keyCode=KEYCODE_DPAD_UP, scanCode=0, metaState=0, flags=0x420, repeatCount=0, eventTime=8875121, downTime=8875121, deviceId=-1, source=0x101 }
W/ViewRootImpl( 4682): Cancelling event due to no window focus: KeyEvent { action=ACTION_UP, keyCode=KEYCODE_DPAD_UP, scanCode=0, metaState=0, flags=0x420, repeatCount=0, eventTime=8875121, downTime=8875121, deviceId=-1, source=0x101 }
W/ViewRootImpl( 4682): Cancelling event due to no window focus: KeyEvent { action=ACTION_UP, keyCode=KEYCODE_DPAD_UP, scanCode=0, metaState=0, flags=0x420, repeatCount=0, eventTime=8875121, downTime=8875121, deviceId=-1, source=0x101 }
W/ViewRootImpl( 4682): Cancelling event due to no window focus: KeyEvent { action=ACTION_UP, keyCode=KEYCODE_DPAD_UP, scanCode=0, metaState=0, flags=0x420, repeatCount=0, eventTime=8875121, downTime=8875121, deviceId=-1, source=0x101 }
I/ActivityManager(  527): START u0 {act=android.intent.action.CALL_BUTTON flg=0x10000000 cmp=com.android.dialer/.DialtactsActivity} from uid 10013 on display 0
W/ViewRootImpl(  636): Dropping event due to no window focus: MotionEvent { action=ACTION_MOVE, id[0]=0, x[0]=3.0, y[0]=-2.0, toolType[0]=TOOL_TYPE_UNKNOWN, buttonState=0, metaState=0, flags=0x0, edgeFlags=0x0, pointerCount=1, historySize=2, eventTime=8875736, downTime=-1, deviceId=0, source=0x10004 }
W/AudioTrack(  527): AUDIO_OUTPUT_FLAG_FAST denied by client
I/accs.SilenceConn_umeng:56aadbf567e58e38d4000976( 4764):  0 getChannelHost:accscdn.m.taobao.com
D/awcn.LocalDnsStrategyTable( 4764):  try resolve ip with local dns host:accscdn.m.taobao.com
D/getConnStrategyListByHost( 4764): |[seq:host] accscdn.m.taobao.com:result [{140.205.195.62 80 http}, {140.205.195.62 443 https}]
I/accs.SilenceConn_umeng:56aadbf567e58e38d4000976( 4764):  0 getChannelHost:accscdn.m.taobao.com
I/accs.SilenceConn_umeng:56aadbf567e58e38d4000976( 4764):  0 get ip from amdc fail!!
E/accs.SilenceConn_umeng:56aadbf567e58e38d4000976( 4764):  0 connect URL:https://accscdn.m.taobao.com:80/accs/
E/accs.SilenceConn_umeng:56aadbf567e58e38d4000976( 4764):  0 connect normal
I/accs.SilenceConn_umeng:56aadbf567e58e38d4000976( 4764):  0 getChannelHost:accscdn.m.taobao.com
I/tnet-jni( 4764): 227 -  create new session: accscdn.m.taobao.com:80
W/System.err( 4764): org.android.spdy.SpdyErrorException: create session error: -1107
W/System.err( 4764): 	at org.android.spdy.SpdyAgent.createSession(SpdyAgent.java:448)
W/System.err( 4764): 	at org.android.spdy.SpdyAgent.createSession(SpdyAgent.java:331)
W/System.err( 4764): 	at com.taobao.accs.net.r.d(Taobao:435)
W/System.err( 4764): 	at com.taobao.accs.net.r.b(Taobao:59)
W/System.err( 4764): 	at com.taobao.accs.net.r$a.a(Taobao:745)
W/System.err( 4764): 	at com.taobao.accs.net.r$a.run(Taobao:810)
E/accs.NetworkThread_umeng:56aadbf567e58e38d4000976( 4764):  0 try connect fail, ready for reconnect
E/accs.NetworkThread_umeng:56aadbf567e58e38d4000976( 4764):  0 try connect, force = false failTimes = 1
I/accs.NetworkThread_umeng:56aadbf567e58e38d4000976( 4764):  0 try connect, need sleep
W/ViewRootImpl( 4682): Cancelling event due to no window focus: KeyEvent { action=ACTION_UP, keyCode=KEYCODE_DPAD_UP, scanCode=0, metaState=0, flags=0x420, repeatCount=0, eventTime=8875121, downTime=8875121, deviceId=-1, source=0x101 }
W/ViewRootImpl( 4682): Cancelling event due to no window focus: KeyEvent { action=ACTION_UP, keyCode=KEYCODE_DPAD_UP, scanCode=0, metaState=0, flags=0x420, repeatCount=0, eventTime=8875121, downTime=8875121, deviceId=-1, source=0x101 }
W/ViewRootImpl( 4682): Cancelling event due to no window focus: KeyEvent { action=ACTION_UP, keyCode=KEYCODE_DPAD_UP, scanCode=0, metaState=0, flags=0x420, repeatCount=0, eventTime=8875121, downTime=8875121, deviceId=-1, source=0x101 }
W/ViewRootImpl( 4682): Dropping event due to no window focus: MotionEvent { action=ACTION_MOVE, id[0]=0, x[0]=4.0, y[0]=1.0, toolType[0]=TOOL_TYPE_UNKNOWN, buttonState=0, metaState=0, flags=0x0, edgeFlags=0x0, pointerCount=1, historySize=51, eventTime=8875795, downTime=-1, deviceId=0, source=0x10004 }
D/PhoneStatusBar(  636): disable: < expand icons* alerts system_info* back home recent clock search >
W/EGL_emulation(  636): eglSurfaceAttrib not implemented
W/OpenGLRenderer(  636): Failed to set EGL_SWAP_BEHAVIOR on surface 0xee8c1420, error=EGL_SUCCESS
W/ViewRootImpl( 4682): Dropping event due to no window focus: MotionEvent { action=ACTION_MOVE, id[0]=0, x[0]=-1.0, y[0]=-2.0, toolType[0]=TOOL_TYPE_UNKNOWN, buttonState=0, metaState=0, flags=0x0, edgeFlags=0x0, pointerCount=1, historySize=4, eventTime=8876081, downTime=-1, deviceId=0, source=0x10004 }
W/ViewRootImpl( 4682): Dropping event due to no window focus: MotionEvent { action=ACTION_DOWN, id[0]=0, x[0]=0.0, y[0]=0.0, toolType[0]=TOOL_TYPE_UNKNOWN, buttonState=0, metaState=0, flags=0x0, edgeFlags=0x0, pointerCount=1, historySize=0, eventTime=8876082, downTime=8875792, deviceId=0, source=0x10004 }
W/ViewRootImpl( 4682): Cancelling event due to no window focus: MotionEvent { action=ACTION_CANCEL, id[0]=0, x[0]=0.0, y[0]=0.0, toolType[0]=TOOL_TYPE_UNKNOWN, buttonState=0, metaState=0, flags=0x0, edgeFlags=0x0, pointerCount=1, historySize=0, eventTime=8876083, downTime=8875792, deviceId=0, source=0x10004 }
W/ViewRootImpl( 4682): Cancelling event due to no window focus: MotionEvent { action=ACTION_CANCEL, id[0]=0, x[0]=0.0, y[0]=0.0, toolType[0]=TOOL_TYPE_UNKNOWN, buttonState=0, metaState=0, flags=0x0, edgeFlags=0x0, pointerCount=1, historySize=0, eventTime=8876083, downTime=8875792, deviceId=0, source=0x10004 }
W/ViewRootImpl( 4682): Cancelling event due to no window focus: MotionEvent { action=ACTION_CANCEL, id[0]=0, x[0]=0.0, y[0]=0.0, toolType[0]=TOOL_TYPE_UNKNOWN, buttonState=0, metaState=0, flags=0x0, edgeFlags=0x0, pointerCount=1, historySize=0, eventTime=8876083, downTime=8875792, deviceId=0, source=0x10004 }
W/InputMethodManagerService(  527): Window already focused, ignoring focus gain of: com.android.internal.view.IInputMethodClient$Stub$Proxy@72ddab5 attribute=null, token = android.os.BinderProxy@11e2cde5
I/AppiumUnicodeIME(  672): onKeyDown (keyCode='20', event.keyCode='20', metaState='0')
I/AppiumUnicodeIME(  672): onKeyUp (keyCode='20', event.keyCode='20', metaState='0')
I/AppiumUnicodeIME(  672): onKeyDown (keyCode='23', event.keyCode='23', metaState='0')
I/AppiumUnicodeIME(  672): onKeyUp (keyCode='23', event.keyCode='23', metaState='0')
I/AppiumUnicodeIME(  672): onKeyDown (keyCode='82', event.keyCode='82', metaState='0')
W/UnimplementedWebViewApi( 4682): Unimplemented WebView method onKeyDown called from: android.webkit.WebView.onKeyDown(WebView.java:2310)
I/AppiumUnicodeIME(  672): onKeyUp (keyCode='82', event.keyCode='82', metaState='0')
W/AudioTrack(  527): AUDIO_OUTPUT_FLAG_FAST denied by client
I/AppiumUnicodeIME(  672): onKeyDown (keyCode='82', event.keyCode='82', metaState='0')
W/UnimplementedWebViewApi( 4682): Unimplemented WebView method onKeyDown called from: android.webkit.WebView.onKeyDown(WebView.java:2310)
I/AppiumUnicodeIME(  672): onKeyUp (keyCode='82', event.keyCode='82', metaState='0')
I/AppiumUnicodeIME(  672): onKeyDown (keyCode='20', event.keyCode='20', metaState='0')
W/AudioTrack(  527): AUDIO_OUTPUT_FLAG_FAST denied by client
I/AppiumUnicodeIME(  672): onKeyUp (keyCode='20', event.keyCode='20', metaState='0')
I/AppiumUnicodeIME(  672): onKeyDown (keyCode='177', event.keyCode='177', metaState='0')
I/AppiumUnicodeIME(  672): onKeyUp (keyCode='177', event.keyCode='177', metaState='0')
I/art     (  636): Explicit concurrent mark sweep GC freed 17776(933KB) AllocSpace objects, 0(0B) LOS objects, 40% free, 9MB/15MB, paused 431us total 15.013ms
I/AppiumUnicodeIME(  672): onKeyDown (keyCode='20', event.keyCode='20', metaState='0')
I/AppiumUnicodeIME(  672): onKeyUp (keyCode='20', event.keyCode='20', metaState='0')
I/AppiumUnicodeIME(  672): onKeyDown (keyCode='20', event.keyCode='20', metaState='0')
I/AppiumUnicodeIME(  672): onKeyUp (keyCode='20', event.keyCode='20', metaState='0')
I/AppiumUnicodeIME(  672): onKeyDown (keyCode='20', event.keyCode='20', metaState='0')
I/AppiumUnicodeIME(  672): onKeyDown (keyCode='20', event.keyCode='20', metaState='0')
I/AppiumUnicodeIME(  672): onKeyUp (keyCode='20', event.keyCode='20', metaState='0')
I/AppiumUnicodeIME(  672): onKeyDown (keyCode='20', event.keyCode='20', metaState='0')
I/AppiumUnicodeIME(  672): onKeyUp (keyCode='20', event.keyCode='20', metaState='0')
I/AppiumUnicodeIME(  672): onKeyDown (keyCode='20', event.keyCode='20', metaState='0')
I/AppiumUnicodeIME(  672): onKeyUp (keyCode='20', event.keyCode='20', metaState='0')
I/AppiumUnicodeIME(  672): onKeyDown (keyCode='82', event.keyCode='82', metaState='0')
W/UnimplementedWebViewApi( 4682): Unimplemented WebView method onKeyMultiple called from: android.webkit.WebView.onKeyMultiple(WebView.java:2320)
W/UnimplementedWebViewApi( 4682): Unimplemented WebView method onKeyDown called from: android.webkit.WebView.onKeyDown(WebView.java:2310)
W/UnimplementedWebViewApi( 4682): Unimplemented WebView method onKeyDown called from: android.webkit.WebView.onKeyDown(WebView.java:2310)
I/AppiumUnicodeIME(  672): onKeyUp (keyCode='82', event.keyCode='82', metaState='0')
I/AppiumUnicodeIME(  672): onKeyDown (keyCode='19', event.keyCode='19', metaState='0')
W/AudioTrack(  527): AUDIO_OUTPUT_FLAG_FAST denied by client
I/AppiumUnicodeIME(  672): onKeyUp (keyCode='19', event.keyCode='19', metaState='0')
I/AppiumUnicodeIME(  672): onKeyDown (keyCode='20', event.keyCode='20', metaState='0')
I/AppiumUnicodeIME(  672): onKeyUp (keyCode='20', event.keyCode='20', metaState='0')
I/AppiumUnicodeIME(  672): onKeyDown (keyCode='23', event.keyCode='23', metaState='0')
I/AppiumUnicodeIME(  672): onKeyUp (keyCode='23', event.keyCode='23', metaState='0')
I/AppiumUnicodeIME(  672): onKeyDown (keyCode='19', event.keyCode='19', metaState='0')
I/AppiumUnicodeIME(  672): onKeyUp (keyCode='19', event.keyCode='19', metaState='0')
I/AppiumUnicodeIME(  672): onKeyDown (keyCode='19', event.keyCode='19', metaState='0')
I/AppiumUnicodeIME(  672): onKeyUp (keyCode='19', event.keyCode='19', metaState='0')
I/AppiumUnicodeIME(  672): onKeyDown (keyCode='82', event.keyCode='82', metaState='0')
W/UnimplementedWebViewApi( 4682): Unimplemented WebView method onKeyDown called from: android.webkit.WebView.onKeyDown(WebView.java:2310)
I/AppiumUnicodeIME(  672): onKeyUp (keyCode='82', event.keyCode='82', metaState='0')
W/AudioTrack(  527): AUDIO_OUTPUT_FLAG_FAST denied by client
I/AppiumUnicodeIME(  672): onKeyDown (keyCode='19', event.keyCode='19', metaState='0')
I/AppiumUnicodeIME(  672): onKeyUp (keyCode='19', event.keyCode='19', metaState='0')
I/AppiumUnicodeIME(  672): onKeyDown (keyCode='22', event.keyCode='22', metaState='0')
I/AppiumUnicodeIME(  672): onKeyUp (keyCode='22', event.keyCode='22', metaState='0')
I/AppiumUnicodeIME(  672): onKeyDown (keyCode='22', event.keyCode='22', metaState='0')
I/AppiumUnicodeIME(  672): onKeyUp (keyCode='22', event.keyCode='22', metaState='0')
I/AppiumUnicodeIME(  672): onKeyDown (keyCode='21', event.keyCode='21', metaState='0')
I/AppiumUnicodeIME(  672): onKeyUp (keyCode='21', event.keyCode='21', metaState='0')
I/AppiumUnicodeIME(  672): onKeyDown (keyCode='19', event.keyCode='19', metaState='0')
I/AppiumUnicodeIME(  672): onKeyUp (keyCode='19', event.keyCode='19', metaState='0')
I/AppiumUnicodeIME(  672): onKeyDown (keyCode='21', event.keyCode='21', metaState='0')
I/AppiumUnicodeIME(  672): onKeyDown (keyCode='21', event.keyCode='21', metaState='0')
I/AppiumUnicodeIME(  672): onKeyUp (keyCode='21', event.keyCode='21', metaState='0')
I/AppiumUnicodeIME(  672): onKeyDown (keyCode='21', event.keyCode='21', metaState='0')
I/AppiumUnicodeIME(  672): onKeyUp (keyCode='21', event.keyCode='21', metaState='0')
I/AppiumUnicodeIME(  672): onKeyDown (keyCode='21', event.keyCode='21', metaState='0')
I/AppiumUnicodeIME(  672): onKeyUp (keyCode='21', event.keyCode='21', metaState='0')
I/AppiumUnicodeIME(  672): onKeyDown (keyCode='21', event.keyCode='21', metaState='0')
I/AppiumUnicodeIME(  672): onKeyUp (keyCode='21', event.keyCode='21', metaState='0')
I/AppiumUnicodeIME(  672): onKeyDown (keyCode='22', event.keyCode='22', metaState='0')
W/UnimplementedWebViewApi( 4682): Unimplemented WebView method onKeyMultiple called from: android.webkit.WebView.onKeyMultiple(WebView.java:2320)
W/UnimplementedWebViewApi( 4682): Unimplemented WebView method onKeyDown called from: android.webkit.WebView.onKeyDown(WebView.java:2310)
I/AppiumUnicodeIME(  672): onKeyUp (keyCode='22', event.keyCode='22', metaState='0')
I/AppiumUnicodeIME(  672): onKeyDown (keyCode='20', event.keyCode='20', metaState='0')
I/AppiumUnicodeIME(  672): onKeyUp (keyCode='20', event.keyCode='20', metaState='0')
I/AppiumUnicodeIME(  672): onKeyDown (keyCode='82', event.keyCode='82', metaState='0')
W/UnimplementedWebViewApi( 4682): Unimplemented WebView method onKeyDown called from: android.webkit.WebView.onKeyDown(WebView.java:2310)
I/AppiumUnicodeIME(  672): onKeyUp (keyCode='82', event.keyCode='82', metaState='0')
W/AudioTrack(  527): AUDIO_OUTPUT_FLAG_FAST denied by client
I/AppiumUnicodeIME(  672): onKeyDown (keyCode='23', event.keyCode='23', metaState='0')
I/AppiumUnicodeIME(  672): onKeyUp (keyCode='23', event.keyCode='23', metaState='0')
I/AppiumUnicodeIME(  672): onKeyDown (keyCode='23', event.keyCode='23', metaState='0')
I/AppiumUnicodeIME(  672): onKeyUp (keyCode='23', event.keyCode='23', metaState='0')
I/AppiumUnicodeIME(  672): onKeyDown (keyCode='83', event.keyCode='83', metaState='0')
I/AppiumUnicodeIME(  672): onKeyUp (keyCode='83', event.keyCode='83', metaState='0')
I/AppiumUnicodeIME(  672): onKeyDown (keyCode='82', event.keyCode='82', metaState='0')
W/UnimplementedWebViewApi( 4682): Unimplemented WebView method onKeyDown called from: android.webkit.WebView.onKeyDown(WebView.java:2310)
I/AppiumUnicodeIME(  672): onKeyUp (keyCode='82', event.keyCode='82', metaState='0')
I/AppiumUnicodeIME(  672): onKeyDown (keyCode='20', event.keyCode='20', metaState='0')
W/AudioTrack(  527): AUDIO_OUTPUT_FLAG_FAST denied by client
I/AppiumUnicodeIME(  672): onKeyUp (keyCode='20', event.keyCode='20', metaState='0')
I/accs.SilenceConn_umeng:56aadbf567e58e38d4000976( 4764):  0 getChannelHost:accscdn.m.taobao.com
D/awcn.LocalDnsStrategyTable( 4764):  try resolve ip with local dns host:accscdn.m.taobao.com
D/getConnStrategyListByHost( 4764): |[seq:host] accscdn.m.taobao.com:result [{140.205.195.62 80 http}, {140.205.195.62 443 https}]
I/accs.SilenceConn_umeng:56aadbf567e58e38d4000976( 4764):  0 getChannelHost:accscdn.m.taobao.com
I/accs.SilenceConn_umeng:56aadbf567e58e38d4000976( 4764):  0 get ip from amdc fail!!
E/accs.SilenceConn_umeng:56aadbf567e58e38d4000976( 4764):  0 connect URL:https://accscdn.m.taobao.com:443/accs/
E/accs.SilenceConn_umeng:56aadbf567e58e38d4000976( 4764):  0 connect normal
I/accs.SilenceConn_umeng:56aadbf567e58e38d4000976( 4764):  0 getChannelHost:accscdn.m.taobao.com
I/tnet-jni( 4764): 227 -  create new session: accscdn.m.taobao.com:443
W/System.err( 4764): org.android.spdy.SpdyErrorException: create session error: -1107
W/System.err( 4764): 	at org.android.spdy.SpdyAgent.createSession(SpdyAgent.java:448)
W/System.err( 4764): 	at org.android.spdy.SpdyAgent.createSession(SpdyAgent.java:331)
W/System.err( 4764): 	at com.taobao.accs.net.r.d(Taobao:435)
W/System.err( 