--------- beginning of system
W/ViewRootImpl( 1239): Cancelling event due to no window focus: KeyEvent { action=ACTION_UP, keyCode=KEYCODE_DPAD_DOWN, scanCode=0, metaState=0, flags=0x28, repeatCount=0, eventTime=5633434, downTime=5633434, deviceId=-1, source=0x101 }
W/ViewRootImpl( 1239): Cancelling event due to no window focus: KeyEvent { action=ACTION_UP, keyCode=KEYCODE_DPAD_DOWN, scanCode=0, metaState=0, flags=0x28, repeatCount=0, eventTime=5633434, downTime=5633434, deviceId=-1, source=0x101 }
W/ViewRootImpl( 1239): Cancelling event due to no window focus: KeyEvent { action=ACTION_UP, keyCode=KEYCODE_DPAD_DOWN, scanCode=0, metaState=0, flags=0x28, repeatCount=0, eventTime=5633434, downTime=5633434, deviceId=-1, source=0x101 }
W/ViewRootImpl( 1239): Cancelling event due to no window focus: KeyEvent { action=ACTION_UP, keyCode=KEYCODE_DPAD_DOWN, scanCode=0, metaState=0, flags=0x28, repeatCount=0, eventTime=5633434, downTime=5633434, deviceId=-1, source=0x101 }
W/ViewRootImpl( 1239): Cancelling event due to no window focus: KeyEvent { action=ACTION_UP, keyCode=KEYCODE_DPAD_DOWN, scanCode=0, metaState=0, flags=0x28, repeatCount=0, eventTime=5633434, downTime=5633434, deviceId=-1, source=0x101 }
W/ViewRootImpl( 1239): Cancelling event due to no window focus: KeyEvent { action=ACTION_UP, keyCode=KEYCODE_DPAD_DOWN, scanCode=0, metaState=0, flags=0x28, repeatCount=0, eventTime=5633434, downTime=5633434, deviceId=-1, source=0x101 }
I/ActivityManager(  527): Waited long enough for: ServiceRecord{e7f701 u0 com.android.music/.MediaPlaybackService}
D/Genyd   (  116): Received Set Clipboard
D/Genymotion(  116): Received Set Clipboard
D/ConnectivityService(  527): setProvNotificationVisibleIntent: E visible=false networkType=0 extraInfo=null
D/Genyd   (  116): Received Set Clipboard
D/Genymotion(  116): Received Set Clipboard
D/Genyd   (  116): Received Set Clipboard
D/Genymotion(  116): Received Set Clipboard
D/Genyd   (  116): Received Set Clipboard
D/Genymotion(  116): Received Set Clipboard
D/ConnectivityService(  527): NetworkAgentInfo [WIFI () - 104] EVENT_NETWORK_INFO_CHANGED, going from CONNECTED to DISCONNECTED
D/ConnectivityService(  527): NetworkAgentInfo [WIFI () - 104] got DISCONNECTED, was satisfying 2
D/MccTable(  741): updateMccMncConfiguration mccmnc='null' fromServiceState=true
D/MccTable(  741): WIFI_COUNTRY_CODE set to 
I/WifiService(  527): WifiService trying to set country code to  with persist set to true
D/ConnectivityService(  527): notifyType LOST for NetworkAgentInfo [WIFI () - 104]
D/CSLegacyTypeTracker(  527): Sending disconnected broadcast for type 1 NetworkAgentInfo [WIFI () - 104] isDefaultNetwork=true
D/ConnectivityService(  527): sendStickyBroadcast: action=android.net.conn.CONNECTIVITY_CHANGE_IMMEDIATE
D/ConnectivityService(  527): sendStickyBroadcast: action=android.net.conn.CONNECTIVITY_CHANGE
D/ConnectivityService(  527): sendStickyBroadcast: action=android.net.conn.CONNECTIVITY_CHANGE_IMMEDIATE
D/ConnectivityService(  527): sendStickyBroadcast: action=android.net.conn.CONNECTIVITY_CHANGE
D/ConnectivityService(  527): Checking for replacement network to handle request NetworkRequest [ id=1, legacyType=-1, [ Capabilities: INTERNET&NOT_RESTRICTED&TRUSTED&NOT_VPN] ]
D/MccTable(  741): updateMccMncConfiguration mccmnc='310260' fromServiceState=true
D/MccTable(  741): updateMccMncConfiguration defaultMccMnc=310270
D/MccTable(  741): updateMccMncConfiguration: mcc=310, mnc=260
D/MccTable(  741): defaultLanguageForMcc(310): country us uses en
D/MccTable(  741): getLocaleFromMcc to en_us mcc=310
D/MccTable(  741): getLocaleForLanguageCountry: skipping already persisted
D/MccTable(  741): WIFI_COUNTRY_CODE set to us
I/WifiService(  527): WifiService trying to set country code to us with persist set to true
D/ConnectivityService(  527): registerNetworkAgent NetworkAgentInfo{ ni{[type: WIFI[], state: CONNECTING/CONNECTING, reason: (unspecified), extra: 0x, roaming: false, failover: false, isAvailable: true, isConnectedToProvisioningNetwork: false]}  network{null}  lp{{InterfaceName: eth1 LinkAddresses: []  Routes: [] DnsAddresses: [] Domains: null MTU: 0 TcpBufferSizes: 524288,1048576,2097152,262144,524288,1048576}}  nc{[ Transports: WIFI Capabilities: INTERNET&NOT_RESTRICTED&TRUSTED&NOT_VPN LinkUpBandwidth>=1048576Kbps LinkDnBandwidth>=1048576Kbps]}  Score{20}  everValidated{false}  lastValidated{false}  created{false}  explicitlySelected{false} }
D/ConnectivityService(  527): NetworkAgentInfo [WIFI () - 105] EVENT_NETWORK_INFO_CHANGED, going from null to CONNECTING
D/ConnectivityService(  527): updateNetworkScore for NetworkAgentInfo [WIFI () - 105] to 56
D/MccTable(  741): updateMccMncConfiguration mccmnc='310270' fromServiceState=false
D/MccTable(  741): updateMccMncConfiguration defaultMccMnc=310270
D/MccTable(  741): updateMccMncConfiguration: mcc=310, mnc=270
D/MccTable(  741): defaultLanguageForMcc(310): country us uses en
D/MccTable(  741): getLocaleFromMcc to en_us mcc=310
D/MccTable(  741): getLocaleForLanguageCountry: skipping already persisted
D/MccTable(  741): updateMccMncConfiguration updateConfig config={1.0 310mcc270mnc ?locale ?layoutDir ?swdp ?wdp ?hdp ?density ?lsize ?long ?orien ?uimode ?night ?touch ?keyb/?/? ?nav/?}
D/MccTable(  741): updateMccMncConfiguration mccmnc='310270' fromServiceState=false
D/MccTable(  741): updateMccMncConfiguration defaultMccMnc=310270
D/MccTable(  741): updateMccMncConfiguration: mcc=310, mnc=270
D/MccTable(  741): defaultLanguageForMcc(310): country us uses en
D/MccTable(  741): getLocaleFromMcc to en_us mcc=310
D/MccTable(  741): getLocaleForLanguageCountry: skipping already persisted
D/MccTable(  741): updateMccMncConfiguration updateConfig config={1.0 310mcc270mnc ?locale ?layoutDir ?swdp ?wdp ?hdp ?density ?lsize ?long ?orien ?uimode ?night ?touch ?keyb/?/? ?nav/?}
D/MccTable(  741): updateMccMncConfiguration mccmnc='310270' fromServiceState=false
D/MccTable(  741): updateMccMncConfiguration defaultMccMnc=310270
D/MccTable(  741): updateMccMncConfiguration: mcc=310, mnc=270
D/MccTable(  741): defaultLanguageForMcc(310): country us uses en
D/MccTable(  741): getLocaleFromMcc to en_us mcc=310
D/MccTable(  741): getLocaleForLanguageCountry: skipping already persisted
D/MccTable(  741): updateMccMncConfiguration updateConfig config={1.0 310mcc270mnc ?locale ?layoutDir ?swdp ?wdp ?hdp ?density ?lsize ?long ?orien ?uimode ?night ?touch ?keyb/?/? ?nav/?}
D/MccTable(  741): updateMccMncConfiguration mccmnc='310270' fromServiceState=false
D/MccTable(  741): updateMccMncConfiguration defaultMccMnc=310270
D/MccTable(  741): updateMccMncConfiguration: mcc=310, mnc=270
D/MccTable(  741): defaultLanguageForMcc(310): country us uses en
D/MccTable(  741): getLocaleFromMcc to en_us mcc=310
D/MccTable(  741): getLocaleForLanguageCountry: skipping already persisted
D/MccTable(  741): updateMccMncConfiguration updateConfig config={1.0 310mcc270mnc ?locale ?layoutDir ?swdp ?wdp ?hdp ?density ?lsize ?long ?orien ?uimode ?night ?touch ?keyb/?/? ?nav/?}
D/ConnectivityService(  527): NetworkAgentInfo [WIFI () - 105] EVENT_NETWORK_INFO_CHANGED, going from CONNECTING to CONNECTED
D/ConnectivityService(  527): Adding iface eth1 to network 105
E/ConnectivityService(  527): Unexpected mtu value: 0, eth1
D/ConnectivityService(  527): Adding Route [fe80::/64 -> :: eth1] to network 105
D/ConnectivityService(  527): Adding Route [10.0.3.0/24 -> 0.0.0.0 eth1] to network 105
D/ConnectivityService(  527): Adding Route [0.0.0.0/0 -> 10.0.3.2 eth1] to network 105
D/ConnectivityService(  527): Setting Dns servers for network 105 to [/172.16.10.220, /202.96.209.5]
D/ConnectivityService(  527): notifyType IP_CHANGED for NetworkAgentInfo [WIFI () - 105]
D/ConnectivityService(  527): notifyType PRECHECK for NetworkAgentInfo [WIFI () - 105]
D/ConnectivityService(  527): rematching NetworkAgentInfo [WIFI () - 105]
D/ConnectivityService(  527):    accepting network in place of null
D/ConnectivityService(  527): Switching to new default network: NetworkAgentInfo{ ni{[type: WIFI[], state: CONNECTED/CONNECTED, reason: (unspecified), extra: "WiredSSID", roaming: false, failover: false, isAvailable: true, isConnectedToProvisioningNetwork: false]}  network{105}  lp{{InterfaceName: eth1 LinkAddresses: [fe80::a00:27ff:fe16:647c/64,10.0.3.15/24,]  Routes: [fe80::/64 -> :: eth1,10.0.3.0/24 -> 0.0.0.0 eth1,0.0.0.0/0 -> 10.0.3.2 eth1,] DnsAddresses: [172.16.10.220,202.96.209.5,] Domains: zzl MTU: 0 TcpBufferSizes: 524288,1048576,2097152,262144,524288,1048576}}  nc{[ Transports: WIFI Capabilities: INTERNET&NOT_RESTRICTED&TRUSTED&NOT_VPN LinkUpBandwidth>=1048576Kbps LinkDnBandwidth>=1048576Kbps]}  Score{16}  everValidated{false}  lastValidated{false}  created{true}  explicitlySelected{false} }
D/ConnectivityService(  527): notifyType AVAILABLE for NetworkAgentInfo [WIFI () - 105]
D/CSLegacyTypeTracker(  527): Sending connected broadcast for type 1 NetworkAgentInfo [WIFI () - 105] isDefaultNetwork=true
D/ConnectivityService(  527): sendStickyBroadcast: action=android.net.conn.CONNECTIVITY_CHANGE_IMMEDIATE
D/ConnectivityService(  527): sendStickyBroadcast: action=android.net.conn.CONNECTIVITY_CHANGE
D/ConnectivityService(  527): NetTransition Wakelock (NetworkAgentInfo [WIFI () - 104] cleared because we found a replacement network
D/ConnectivityService(  527): updateNetworkScore for NetworkAgentInfo [WIFI () - 105] to 60
D/ConnectivityService(  527): rematching NetworkAgentInfo [WIFI () - 105]
D/ConnectivityService(  527): Network NetworkAgentInfo [WIFI () - 105] was already satisfying request 1. No change.
D/ConnectivityService(  527): notifyType AVAILABLE for NetworkAgentInfo [WIFI () - 105]
W/InputMethodManagerService(  527): Window already focused, ignoring focus gain of: com.android.internal.view.IInputMethodClient$Stub$Proxy@2342ef26 attribute=null, token = android.os.BinderProxy@7d4c16e
I/ActivityManager(  527): START u0 {cmp=com.zzl.falcon.internal/com.zzl.falcon.invest.InvestmentDetailActivity (has extras)} from uid 10068 on display 0
V/WindowManager(  527): addAppToken: AppWindowToken{14debcfe token=Token{276360b9 ActivityRecord{2427a280 u0 com.zzl.falcon.internal/com.zzl.falcon.invest.InvestmentDetailActivity t31}}} to stack=1 task=31 at 1
V/WindowManager(  527): Adding window Window{35a466ac u0 com.zzl.falcon.internal/com.zzl.falcon.invest.InvestmentDetailActivity} at 46 of 51 (after Window{334e0074 u0 com.zzl.falcon.internal/com.zzl.falcon.MainActivity})
V/WindowManager(  527): Adding window Window{ae5ab0a u0 com.zzl.falcon.internal/com.zzl.falcon.invest.InvestmentDetailActivity} at 46 of 52 (before Window{35a466ac u0 com.zzl.falcon.internal/com.zzl.falcon.invest.InvestmentDetailActivity})
V/WindowManager(  527): not Base app: Adding window Window{24dab561 u0 com.zzl.falcon.internal/com.zzl.falcon.invest.InvestmentDetailActivity} at 47 of 52
I/ActivityManager(  527): START u0 {cmp=com.zzl.falcon.internal/com.zzl.falcon.account.safety.SafetyActivity (has extras)} from uid 10068 on display 0
V/WindowManager(  527): addAppToken: AppWindowToken{372c469d token=Token{2336a174 ActivityRecord{c0ed547 u0 com.zzl.falcon.internal/com.zzl.falcon.account.safety.SafetyActivity t31}}} to stack=1 task=31 at 2
V/WindowManager(  527): Adding window Window{150baf99 u0 com.zzl.falcon.internal/com.zzl.falcon.account.safety.SafetyActivity} at 48 of 53 (after Window{24dab561 u0 com.zzl.falcon.internal/com.zzl.falcon.invest.InvestmentDetailActivity EXITING})
V/WindowManager(  527): Adding window Window{e1b263f u0 com.zzl.falcon.internal/com.zzl.falcon.account.safety.SafetyActivity} at 48 of 54 (before Window{150baf99 u0 com.zzl.falcon.internal/com.zzl.falcon.account.safety.SafetyActivity})
D/ConnectivityService(  527): setProvNotificationVisibleIntent: E visible=false networkType=0 extraInfo=null
D/Genyd   (  116): Received Set Clipboard
D/Genymotion(  116): Received Set Clipboard
D/Genyd   (  116): Received Set Clipboard
D/Genymotion(  116): Received Set Clipboard
D/Genyd   (  116): Received Set Clipboard
D/Genymotion(  116): Received Set Clipboard
D/Genyd   (  116): Received Set Clipboard
D/Genymotion(  116): Received Set Clipboard
I/ActivityManager(  527): START u0 {flg=0x4000000 cmp=com.zzl.falcon.internal/com.zzl.falcon.account.safety.SafetyActivity} from uid 10068 on display 0
V/WindowManager(  527): addAppToken: AppWindowToken{48ab109 token=Token{2533c210 ActivityRecord{a97e6d3 u0 com.zzl.falcon.internal/com.zzl.falcon.account.safety.SafetyActivity t31}}} to stack=1 task=31 at 3
W/ActivityManager(  527): Duplicate finish request for ActivityRecord{c0ed547 u0 com.zzl.falcon.internal/com.zzl.falcon.account.safety.SafetyActivity t31 f}
V/WindowManager(  527): Adding window Window{38f01d2f u0 com.zzl.falcon.internal/com.zzl.falcon.account.safety.SafetyActivity} at 48 of 53 (after Window{e1b263f u0 com.zzl.falcon.internal/com.zzl.falcon.account.safety.SafetyActivity})
V/WindowManager(  527): Adding window Window{35a454c5 u0 com.zzl.falcon.internal/com.zzl.falcon.account.safety.SafetyActivity} at 48 of 54 (before Window{38f01d2f u0 com.zzl.falcon.internal/com.zzl.falcon.account.safety.SafetyActivity})
I/ActivityManager(  527): START u0 {act=android.intent.action.MAIN cat=[android.intent.category.HOME] flg=0x10200000 cmp=com.android.launcher3/.Launcher} from uid 1000 on display 0
I/ActivityManager(  527): START u0 {act=android.intent.action.MAIN cat=[android.intent.category.LAUNCHER] flg=0x10200000 cmp=com.android.settings/.Settings bnds=[384,777][572,974] (has extras)} from uid 10039 on display 0
I/ActivityManager(  527): START u0 {act=android.intent.action.MAIN cmp=com.android.settings/.SubSettings (has extras)} from uid 1000 on display 0
V/WindowManager(  527): addAppToken: AppWindowToken{1ca4e234 token=Token{34bea107 ActivityRecord{298d9b46 u0 com.android.settings/.SubSettings t44}}} to stack=1 task=44 at 1
W/ContextImpl( 4154): Calling a method in the system process without a qualified user: android.app.ContextImpl.bindService:1764 android.content.ContextWrapper.bindService:539 com.android.settings.applications.ManageApplications.onCreate:881 android.app.Fragment.performCreate:2031 android.app.FragmentManagerImpl.moveToState:863 
E/libprocessgroup( 4589): failed to make and chown /acct/uid_10003: Read-only file system
I/ActivityManager(  527): Start proc 4589:com.android.defcontainer/u0a3 for service com.android.defcontainer/.DefaultContainerService
V/WindowManager(  527): Adding window Window{3c8512cd u0 com.android.settings/com.android.settings.SubSettings} at 46 of 51 (after Window{9001131 u0 com.android.settings/com.android.settings.Settings})
I/ActivityManager(  527): START u0 {act=android.intent.action.MAIN cmp=com.android.settings/.SubSettings (has extras)} from uid 1000 on display 0
V/WindowManager(  527): addAppToken: AppWindowToken{2ce6d7e8 token=Token{1264cd0b ActivityRecord{2d68a4da u0 com.android.settings/.SubSettings t44}}} to stack=1 task=44 at 2
V/WindowManager(  527): Adding window Window{3ec70efb u0 com.android.settings/com.android.settings.SubSettings} at 47 of 52 (after Window{3c8512cd u0 com.android.settings/com.android.settings.SubSettings})
V/WindowManager(  527): not Base app: Adding window Window{15630ee2 u0 com.android.settings/com.android.settings.SubSettings} at 48 of 53
I/ActivityManager(  527): Force stopping com.zzl.falcon.internal appid=10068 user=0: from pid 4154
I/ActivityManager(  527): Killing 1882:com.zzl.falcon.internal:leakcanary/u0a68 (adj 2): stop com.zzl.falcon.internal
W/libprocessgroup(  527): failed to open /acct/uid_10068/pid_1882/cgroup.procs: No such file or directory
W/ActivityManager(  527): Force removing ActivityRecord{3f97bb82 u0 com.zzl.falcon.internal/com.squareup.leakcanary.internal.DisplayLeakActivity t42}: app died, no saved state
W/ActivityManager(  527): Force removing ActivityRecord{14222f9c u0 com.zzl.falcon.internal/com.squareup.leakcanary.internal.DisplayLeakActivity t42}: app died, no saved state
W/ActivityManager(  527): Force removing ActivityRecord{35741055 u0 com.zzl.falcon.internal/com.squareup.leakcanary.internal.DisplayLeakActivity t42}: app died, no saved state
W/ActivityManager(  527): Force removing ActivityRecord{35e4c326 u0 com.zzl.falcon.internal/com.squareup.leakcanary.internal.DisplayLeakActivity t42}: app died, no saved state
W/ActivityManager(  527): Force removing ActivityRecord{1b7b4049 u0 com.zzl.falcon.internal/com.squareup.leakcanary.internal.DisplayLeakActivity t42}: app died, no saved state
W/ActivityManager(  527): Force removing ActivityRecord{107cf98 u0 com.zzl.falcon.internal/com.squareup.leakcanary.internal.DisplayLeakActivity t42}: app died, no saved state
W/ActivityManager(  527): Force removing ActivityRecord{10a87d67 u0 com.zzl.falcon.internal/com.squareup.leakcanary.internal.DisplayLeakActivity t42}: app died, no saved state
I/WindowState(  527): WIN DEATH: Window{3e13bca u0 com.zzl.falcon.internal/com.squareup.leakcanary.internal.DisplayLeakActivity}
I/WindowState(  527): WIN DEATH: Window{3fe04cd u0 com.zzl.falcon.internal/com.squareup.leakcanary.internal.DisplayLeakActivity}
I/WindowState(  527): WIN DEATH: Window{da3edf5 u0 com.zzl.falcon.internal/com.squareup.leakcanary.internal.DisplayLeakActivity}
I/WindowState(  527): WIN DEATH: Window{4489d8f u0 com.zzl.falcon.internal/com.squareup.leakcanary.internal.DisplayLeakActivity}
I/WindowState(  527): WIN DEATH: Window{142aa224 u0 com.zzl.falcon.internal/com.squareup.leakcanary.internal.DisplayLeakActivity}
I/WindowState(  527): WIN DEATH: Window{2376d206 u0 com.zzl.falcon.internal/com.squareup.leakcanary.internal.DisplayLeakActivity}
W/ActivityManager(  527): Force removing ActivityRecord{9bafd85 u0 com.zzl.falcon.internal/com.squareup.leakcanary.internal.DisplayLeakActivity t42}: app died, no saved state
I/WindowState(  527): WIN DEATH: Window{d8cd07a u0 com.zzl.falcon.internal/com.squareup.leakcanary.internal.DisplayLeakActivity}
I/WindowState(  527): WIN DEATH: Window{20f57859 u0 com.zzl.falcon.internal/com.squareup.leakcanary.internal.DisplayLeakActivity}
W/ActivityManager(  527): Force removing ActivityRecord{1841511a u0 com.zzl.falcon.internal/com.squareup.leakcanary.internal.DisplayLeakActivity t42}: app died, no saved state
I/WindowState(  527): WIN DEATH: Window{2ea9c186 u0 com.zzl.falcon.internal/com.squareup.leakcanary.internal.DisplayLeakActivity}
I/WindowState(  527): WIN DEATH: Window{260b600d u0 com.zzl.falcon.internal/com.squareup.leakcanary.internal.DisplayLeakActivity}
I/WindowState(  527): WIN DEATH: Window{37a5e12e u0 com.zzl.falcon.internal/com.squareup.leakcanary.internal.DisplayLeakActivity}
I/WindowState(  527): WIN DEATH: Window{1a2baef7 u0 com.zzl.falcon.internal/com.squareup.leakcanary.internal.DisplayLeakActivity}
I/WindowState(  527): WIN DEATH: Window{2fd845cf u0 com.zzl.falcon.internal/com.squareup.leakcanary.internal.DisplayLeakActivity}
I/WindowState(  527): WIN DEATH: Window{2e5a5825 u0 com.zzl.falcon.internal/com.squareup.leakcanary.internal.DisplayLeakActivity}
I/WindowState(  527): WIN DEATH: Window{2784203e u0 com.zzl.falcon.internal/com.squareup.leakcanary.internal.DisplayLeakActivity}
I/WindowState(  527): WIN DEATH: Window{1b31c41 u0 com.zzl.falcon.internal/com.squareup.leakcanary.internal.DisplayLeakActivity}
I/WindowState(  527): WIN DEATH: Window{f715961 u0 com.zzl.falcon.internal/com.squareup.leakcanary.internal.DisplayLeakActivity}
I/WindowState(  527): WIN DEATH: Window{19c5e70d u0 com.zzl.falcon.internal/com.squareup.leakcanary.internal.DisplayLeakActivity}
I/WindowState(  527): WIN DEATH: Window{3e0a2527 u0 com.zzl.falcon.internal/com.squareup.leakcanary.internal.DisplayLeakActivity}
I/WindowState(  527): WIN DEATH: Window{35fe29db u0 com.zzl.falcon.internal/com.squareup.leakcanary.internal.DisplayLeakActivity}
I/WindowState(  527): WIN DEATH: Window{2fd225e3 u0 com.zzl.falcon.internal/com.squareup.leakcanary.internal.DisplayLeakActivity}
I/ActivityManager(  527): Killing 1239:com.zzl.falcon.internal/u0a68 (adj 7): stop com.zzl.falcon.internal
W/libprocessgroup(  527): failed to open /acct/uid_10068/pid_1239/cgroup.procs: No such file or directory
W/ActivityManager(  527): Scheduling restart of crashed service com.zzl.falcon.internal/com.taobao.accs.data.MsgDistributeService in 1000ms
I/ActivityManager(  527): Killing 1124:com.zzl.falcon.internal:channel/u0a68 (adj 5): stop com.zzl.falcon.internal
W/libprocessgroup(  527): failed to open /acct/uid_10068/pid_1124/cgroup.procs: No such file or directory
W/ActivityManager(  527): Scheduling restart of crashed service com.zzl.falcon.internal/com.taobao.accs.ChannelService in 1000ms
I/ActivityManager(  527):   Force finishing activity 3 ActivityRecord{88bcd29 u0 com.zzl.falcon.internal/com.zzl.falcon.MainActivity t31}
I/WindowState(  527): WIN DEATH: Window{deb0a59 u0 com.zzl.falcon.internal/com.squareup.leakcanary.internal.DisplayLeakActivity}
I/WindowState(  527): WIN DEATH: Window{6394671 u0 com.zzl.falcon.internal/com.squareup.leakcanary.internal.DisplayLeakActivity}
D/WifiService(  527): Client connection lost with reason: 4
W/WindowManager(  527): Failed looking up window
W/WindowManager(  527): java.lang.IllegalArgumentException: Requested window android.os.BinderProxy@1e739741 does not exist
W/WindowManager(  527): 	at com.android.server.wm.WindowManagerService.windowForClientLocked(WindowManagerService.java:8539)
W/WindowManager(  527): 	at com.android.server.wm.WindowManagerService.windowForClientLocked(WindowManagerService.java:8530)
W/WindowManager(  527): 	at com.android.server.wm.WindowState$DeathRecipient.binderDied(WindowState.java:1142)
W/WindowManager(  527): 	at android.os.BinderProxy.sendDeathNotice(Binder.java:623)
I/WindowState(  527): WIN DEATH: null
I/WindowState(  527): WIN DEATH: Window{323f7563 u0 com.zzl.falcon.internal/com.squareup.leakcanary.internal.DisplayLeakActivity}
I/WindowState(  527): WIN DEATH: Window{2a30a562 u0 com.zzl.falcon.internal/com.squareup.leakcanary.internal.DisplayLeakActivity}
I/WindowState(  527): WIN DEATH: Window{3f492bdb u0 com.zzl.falcon.internal/com.squareup.leakcanary.internal.DisplayLeakActivity}
I/WindowState(  527): WIN DEATH: Window{8ddd51d u0 com.zzl.falcon.internal/com.squareup.leakcanary.internal.DisplayLeakActivity}
I/WindowState(  527): WIN DEATH: Window{27fc105e u0 com.zzl.falcon.internal/com.squareup.leakcanary.internal.DisplayLeakActivity}
I/WindowState(  527): WIN DEATH: Window{1c9db0c1 u0 com.zzl.falcon.internal/com.squareup.leakcanary.internal.DisplayLeakActivity}
I/WindowState(  527): WIN DEATH: Window{80e7950 u0 com.zzl.falcon.internal/com.squareup.leakcanary.internal.DisplayLeakActivity}
I/WindowState(  527): WIN DEATH: Window{175c9a15 u0 com.zzl.falcon.internal/com.squareup.leakcanary.internal.DisplayLeakActivity}
I/WindowState(  527): WIN DEATH: Window{b4b801d u0 com.zzl.falcon.internal/com.squareup.leakcanary.internal.DisplayLeakActivity}
I/ActivityManager(  527):   Force finishing activity 3 ActivityRecord{2a064e67 u0 com.zzl.falcon.internal/com.squareup.leakcanary.internal.DisplayLeakActivity t42}
I/ActivityManager(  527):   Force finishing activity 3 ActivityRecord{3c29b4ae u0 com.zzl.falcon.internal/com.squareup.leakcanary.internal.DisplayLeakActivity t42}
I/ActivityManager(  527):   Force finishing activity 3 ActivityRecord{340e17d1 u0 com.zzl.falcon.internal/com.squareup.leakcanary.internal.DisplayLeakActivity t42}
I/ActivityManager(  527):   Force finishing activity 3 ActivityRecord{2b0a63c7 u0 com.zzl.falcon.internal/com.squareup.leakcanary.internal.DisplayLeakActivity t42}
I/ActivityManager(  527):   Force finishing activity 3 ActivityRecord{10f886f2 u0 com.zzl.falcon.internal/com.squareup.leakcanary.internal.DisplayLeakActivity t42}
I/ActivityManager(  527):   Force finishing activity 3 ActivityRecord{6c72133 u0 com.zzl.falcon.internal/com.squareup.leakcanary.internal.DisplayLeakActivity t42}
D/WifiService(  527): Client connection lost with reason: 4
I/ActivityManager(  527):   Force finishing activity 3 ActivityRecord{2e9bb512 u0 com.zzl.falcon.internal/com.squareup.leakcanary.internal.DisplayLeakActivity t42}
I/WindowState(  527): WIN DEATH: Window{334e0074 u0 com.zzl.falcon.internal/com.zzl.falcon.MainActivity}
I/ActivityManager(  527):   Force finishing activity 3 ActivityRecord{d5e2ed1 u0 com.zzl.falcon.internal/com.squareup.leakcanary.internal.DisplayLeakActivity t42}
I/ActivityManager(  527):   Force finishing activity 3 ActivityRecord{1af57330 u0 com.zzl.falcon.internal/com.squareup.leakcanary.internal.DisplayLeakActivity t42}
I/ActivityManager(  527):   Force finishing activity 3 ActivityRecord{2b5d23ba u0 com.zzl.falcon.internal/com.squareup.leakcanary.internal.DisplayLeakActivity t42}
I/ActivityManager(  527):   Force finishing activity 3 ActivityRecord{33a7755d u0 com.zzl.falcon.internal/com.squareup.leakcanary.internal.DisplayLeakActivity t42}
I/ActivityManager(  527):   Force finishing activity 3 ActivityRecord{2bbc6c1b u0 com.zzl.falcon.internal/com.squareup.leakcanary.internal.DisplayLeakActivity t42}
I/ActivityManager(  527):   Force finishing activity 3 ActivityRecord{21a19ff5 u0 com.zzl.falcon.internal/com.squareup.leakcanary.internal.DisplayLeakActivity t42}
I/ActivityManager(  527):   Force finishing activity 3 ActivityRecord{287b22bf u0 com.zzl.falcon.internal/com.squareup.leakcanary.internal.DisplayLeakActivity t42}
I/ActivityManager(  527):   Force finishing activity 3 ActivityRecord{3e69678 u0 com.zzl.falcon.internal/com.squareup.leakcanary.internal.DisplayLeakActivity t42}
I/ActivityManager(  527):   Force finishing activity 3 ActivityRecord{282d0545 u0 com.zzl.falcon.internal/com.squareup.leakcanary.internal.DisplayLeakActivity t42}
I/ActivityManager(  527):   Force finishing activity 3 ActivityRecord{355f6677 u0 com.zzl.falcon.internal/com.squareup.leakcanary.internal.DisplayLeakActivity t42}
I/ActivityManager(  527):   Force finishing activity 3 ActivityRecord{67a41d6 u0 com.zzl.falcon.internal/com.squareup.leakcanary.internal.DisplayLeakActivity t42}
I/ActivityManager(  527):   Force finishing activity 3 ActivityRecord{2a8963e5 u0 com.zzl.falcon.internal/com.squareup.leakcanary.internal.DisplayLeakActivity t42}
I/ActivityManager(  527):   Force finishing activity 3 ActivityRecord{195ab8c5 u0 com.zzl.falcon.internal/com.squareup.leakcanary.internal.DisplayLeakActivity t42}
I/ActivityManager(  527):   Force finishing activity 3 ActivityRecord{37524159 u0 com.zzl.falcon.internal/com.squareup.leakcanary.internal.DisplayLeakActivity t42}
I/ActivityManager(  527):   Force finishing activity 3 ActivityRecord{9a22c3a u0 com.zzl.falcon.internal/com.squareup.leakcanary.internal.DisplayLeakActivity t42}
I/ActivityManager(  527):   Force finishing activity 3 ActivityRecord{3e8dc9d3 u0 com.zzl.falcon.internal/com.squareup.leakcanary.internal.DisplayLeakActivity t42}
I/ActivityManager(  527):   Force finishing activity 3 ActivityRecord{37316b6e u0 com.zzl.falcon.internal/com.squareup.leakcanary.internal.DisplayLeakActivity t42}
I/ActivityManager(  527):   Force finishing activity 3 ActivityRecord{3147035d u0 com.zzl.falcon.internal/com.squareup.leakcanary.internal.DisplayLeakActivity t42}
I/ActivityManager(  527):   Force finishing activity 3 ActivityRecord{280d2300 u0 com.zzl.falcon.internal/com.squareup.leakcanary.internal.DisplayLeakActivity t42}
I/ActivityManager(  527):   Force finishing activity 3 ActivityRecord{20c0c573 u0 com.zzl.falcon.internal/com.squareup.leakcanary.internal.DisplayLeakActivity t42}
I/ActivityManager(  527):   Force finishing activity 3 ActivityRecord{26185be1 u0 com.zzl.falcon.internal/com.squareup.leakcanary.internal.DisplayLeakActivity t42}
I/ActivityManager(  527):   Force finishing activity 3 ActivityRecord{113c40bf u0 com.zzl.falcon.internal/com.squareup.leakcanary.internal.DisplayLeakActivity t42}
I/ActivityManager(  527):   Force finishing activity 3 ActivityRecord{36353e69 u0 com.zzl.falcon.internal/com.squareup.leakcanary.internal.DisplayLeakActivity t42}
I/ActivityManager(  527):   Force finishing activity 3 ActivityRecord{e2edf4b u0 com.zzl.falcon.internal/com.squareup.leakcanary.internal.DisplayLeakActivity t42}
I/ActivityManager(  527):   Force finishing activity 3 ActivityRecord{cfec1be u0 com.zzl.falcon.internal/com.squareup.leakcanary.internal.DisplayLeakActivity t42}
I/ActivityManager(  527):   Force finishing activity 3 ActivityRecord{3e1bf091 u0 com.zzl.falcon.internal/com.squareup.leakcanary.internal.DisplayLeakActivity t42}
I/ActivityManager(  527):   Force finishing activity 3 ActivityRecord{feb18e2 u0 com.zzl.falcon.internal/com.squareup.leakcanary.internal.DisplayLeakActivity t42}
I/ActivityManager(  527):   Force stopping service ServiceRecord{3825aa93 u0 com.zzl.falcon.internal/com.taobao.accs.ChannelService}
W/InputMethodManagerService(  527): Window already focused, ignoring focus gain of: com.android.internal.view.IInputMethodClient$Stub$Proxy@1ba7372e attribute=null, token = android.os.BinderProxy@2923f88a
V/WindowManager(  527): not Base app: Adding window Window{19f5aceb u0 com.android.settings/com.android.settings.SubSettings} at 6 of 11
I/ActivityManager(  527): Force stopping com.zzl.falcon.internal appid=10068 user=0: clear data
D/TaskPersister(  527): removeObsoleteFile: deleting file=31_task.xml
D/TaskPersister(  527): removeObsoleteFile: deleting file=42_task.xml
D/TaskPersister(  527): removeObsoleteFile: deleting file=31_task_thumbnail.png
D/TaskPersister(  527): removeObsoleteFile: deleting file=42_task_thumbnail.png
E/libprocessgroup( 4627): failed to make and chown /acct/uid_10030: Read-only file system
I/ActivityManager(  527): Start proc 4627:com.android.documentsui/u0a30 for broadcast com.android.documentsui/.PackageReceiver
W/InputMethodManagerService(  527): Window already focused, ignoring focus gain of: com.android.internal.view.IInputMethodClient$Stub$Proxy@38002cc7 attribute=null, token = android.os.BinderProxy@2923f88a
I/ActivityManager(  527): Killing 1379:com.android.providers.calendar/u0a1 (adj 15): empty for 6570s
W/libprocessgroup(  527): failed to open /acct/uid_10001/pid_1379/cgroup.procs: No such file or directory
E/libprocessgroup( 4646): failed to make and chown /acct/uid_10006: Read-only file system
I/ActivityManager(  527): Start proc 4646:com.android.externalstorage/u0a6 for content provider com.android.externalstorage/.ExternalStorageProvider
I/ActivityManager(  527): Killing 1971:com.android.inputmethod.latin/u0a38 (adj 15): empty for 6570s
W/libprocessgroup(  527): failed to open /acct/uid_10038/pid_1971/cgroup.procs: No such file or directory
I/ActivityManager(  527): START u0 {act=android.intent.action.MAIN cat=[android.intent.category.HOME] flg=0x10200000 cmp=com.android.launcher3/.Launcher} from uid 1000 on display 0
I/ActivityManager(  527): START u0 {act=android.intent.action.MAIN cat=[android.intent.category.LAUNCHER] flg=0x10200000 cmp=com.zzl.falcon.internal/com.zzl.falcon.EntranceActivity (has extras)} from uid 10039 on display 0
V/WindowManager(  527): addAppToken: AppWindowToken{341f3f31 token=Token{34368fd8 ActivityRecord{2f21aebb u0 com.zzl.falcon.internal/com.zzl.falcon.EntranceActivity t45}}} to stack=1 task=45 at 0
E/libprocessgroup( 4682): failed to make and chown /acct/uid_10068: Read-only file system
I/ActivityManager(  527): Start proc 4682:com.zzl.falcon.internal/u0a68 for activity com.zzl.falcon.internal/com.zzl.falcon.EntranceActivity
V/WindowManager(  527): Adding window Window{3bb36da2 u0 com.zzl.falcon.internal/com.zzl.falcon.EntranceActivity} at 4 of 9 (after Window{9001131 u0 com.android.settings/com.android.settings.Settings})
D/WifiService(  527): New client listening to asynchronous messages
I/ActivityManager(  527): START u0 {cmp=com.zzl.falcon.internal/com.zzl.falcon.MainActivity} from uid 10068 on display 0
V/WindowManager(  527): addAppToken: AppWindowToken{917bcab token=Token{2e990efa ActivityRecord{1e440d25 u0 com.zzl.falcon.internal/com.zzl.falcon.MainActivity t45}}} to stack=1 task=45 at 1
V/WindowManager(  527): Adding window Window{5eda3b4 u0 com.zzl.falcon.internal/com.zzl.falcon.MainActivity} at 5 of 10 (after Window{3bb36da2 u0 com.zzl.falcon.internal/com.zzl.falcon.EntranceActivity})
V/WindowManager(  527): not Base app: Adding window Window{b251623 u0 com.zzl.falcon.internal/com.zzl.falcon.MainActivity} at 6 of 11
W/ActivityManager(  527): getTasks: caller 10068 does not hold GET_TASKS; limiting output
W/ActivityManager(  527): getTasks: caller 10068 does not hold GET_TASKS; limiting output
I/ActivityManager(  527): Killing 1820:com.android.systemui:screenshot/u0a13 (adj 15): empty for 4459s
W/libprocessgroup(  527): failed to open /acct/uid_10013/pid_1820/cgroup.procs: No such file or directory
E/libprocessgroup( 4764): failed to make and chown /acct/uid_10068: Read-only file system
I/ActivityManager(  527): Start proc 4764:com.zzl.falcon.internal:channel/u0a68 for service com.zzl.falcon.internal/com.taobao.accs.ChannelService
D/WifiService(  527): New client listening to asynchronous messages
D/Genyd   (  116): Received Set Clipboard
D/Genymotion(  116): Received Set Clipboard
I/UsageStatsService(  527): User[0] Flushing usage stats to disk
D/Genyd   (  116): Received Set Clipboard
D/Genymotion(  116): Received Set Clipboard
W/BroadcastQueue(  527): Skipping deliver [background] BroadcastRecord{21d6b981 u-1 android.net.conn.CONNECTIVITY_CHANGE} to ReceiverList{fb87a26 4885 (unknown name)/0/u-1 remote:1398ec8b}: process crashing
I/ActivityManager(  527): START u0 {act=android.intent.action.MAIN cat=[android.intent.category.LAUNCHER] flg=0x10200000 cmp=com.zzl.falcon.internal/com.zzl.falcon.EntranceActivity} from uid 0 on display 0
W/ViewRootImpl( 4682): Dropping event due to root view being removed: MotionEvent { action=ACTION_POINTER_DOWN(1), id[0]=0, x[0]=553.0798, y[0]=661.5132, toolType[0]=TOOL_TYPE_UNKNOWN, id[1]=1, x[1]=62.0, y[1]=-151.0, toolType[1]=TOOL_TYPE_UNKNOWN, buttonState=0, metaState=0, flags=0x0, edgeFlags=0x0, pointerCount=2, historySize=0, eventTime=6885515, downTime=6885515, deviceId=0, source=0x1002 }
W/ViewRootImpl( 4682): Dropping event due to root view being removed: MotionEvent { action=ACTION_MOVE, id[0]=0, x[0]=517.58264, y[0]=697.4387, toolType[0]=TOOL_TYPE_UNKNOWN, id[1]=1, x[1]=27.567009, y[1]=-92.05176, toolType[1]=TOOL_TYPE_UNKNOWN, buttonState=0, metaState=0, flags=0x0, edgeFlags=0x0, pointerCount=2, historySize=3, eventTime=6885519, downTime=6885515, deviceId=0, source=0x1002 }
W/ViewRootImpl( 4682): Dropping event due to root view being removed: MotionEvent { action=ACTION_POINTER_UP(1), id[0]=0, x[0]=504.88788, y[0]=700.9099, toolType[0]=TOOL_TYPE_UNKNOWN, id[1]=1, x[1]=11.809282, y[1]=-80.96582, toolType[1]=TOOL_TYPE_UNKNOWN, buttonState=0, metaState=0, flags=0x0, edgeFlags=0x0, pointerCount=2, historySize=0, eventTime=6885520, downTime=6885515, deviceId=0, source=0x1002 }
W/ViewRootImpl( 4682): Dropping event due to root view being removed: MotionEvent { action=ACTION_UP, id[0]=0, x[0]=497.71472, y[0]=707.72034, toolType[0]=TOOL_TYPE_UNKNOWN, buttonState=0, metaState=0, flags=0x0, edgeFlags=0x0, pointerCount=1, historySize=0, eventTime=6885520, downTime=6885515, deviceId=0, source=0x1002 }
W/ViewRootImpl( 4682): Dropping event due to root view being removed: MotionEvent { action=ACTION_MOVE, id[0]=0, x[0]=-1.0, y[0]=1.0, toolType[0]=TOOL_TYPE_UNKNOWN, buttonState=0, metaState=0, flags=0x0, edgeFlags=0x0, pointerCount=1, historySize=17, eventTime=6885525, downTime=-1, deviceId=0, source=0x10004 }
W/InputMethodManagerService(  527): Window already focused, ignoring focus gain of: com.android.internal.view.IInputMethodClient$Stub$Proxy@180d0c14 attribute=null, token = android.os.BinderProxy@1d937887
V/WindowManager(  527): Adding window Window{172212b2 u0 SubPanel:com.zzl.falcon.internal/com.zzl.falcon.MainActivity} at 5 of 10 (after Window{5eda3b4 u0 com.zzl.falcon.internal/com.zzl.falcon.MainActivity})
W/ViewRootImpl( 4682): Dropping event due to no window focus: KeyEvent { action=ACTION_DOWN, keyCode=KEYCODE_MENU, scanCode=0, metaState=0, flags=0x8, repeatCount=0, eventTime=6886848, downTime=6886848, deviceId=-1, source=0x101 }
W/ViewRootImpl( 4682): Cancelling event due to no window focus: KeyEvent { action=ACTION_UP, keyCode=KEYCODE_MENU, scanCode=0, metaState=0, flags=0x28, repeatCount=0, eventTime=6886859, downTime=6886859, deviceId=-1, source=0x101 }
W/ViewRootImpl( 4682): Cancelling event due to no window focus: KeyEvent { action=ACTION_UP, keyCode=KEYCODE_MENU, scanCode=0, metaState=0, flags=0x28, repeatCount=0, eventTime=6886859, downTime=6886859, deviceId=-1, source=0x101 }
W/ViewRootImpl( 4682): Cancelling event due to no window focus: KeyEvent { action=ACTION_UP, keyCode=KEYCODE_MENU, scanCode=0, metaState=0, flags=0x28, repeatCount=0, eventTime=6886859, downTime=6886859, deviceId=-1, source=0x101 }
W/ViewRootImpl( 4682): Cancelling event due to no window focus: KeyEvent { action=ACTION_UP, keyCode=KEYCODE_MENU, scanCode=0, metaState=0, flags=0x28, repeatCount=0, eventTime=6886859, downTime=6886859, deviceId=-1, source=0x101 }
W/ViewRootImpl( 4682): Cancelling event due to no window focus: KeyEvent { action=ACTION_UP, keyCode=KEYCODE_MENU, scanCode=0, metaState=0, flags=0x28, repeatCount=0, eventTime=6886859, downTime=6886859, deviceId=-1, source=0x101 }
W/ViewRootImpl( 4682): Cancelling event due to no window focus: KeyEvent { action=ACTION_UP, keyCode=KEYCODE_MENU, scanCode=0, metaState=0, flags=0x28, repeatCount=0, eventTime=6886859, downTime=6886859, deviceId=-1, source=0x101 }
W/ViewRootImpl( 4682): Dropping event due to no window focus: MotionEvent { action=ACTION_MOVE, id[0]=0, x[0]=-4.0, y[0]=-3.0, toolType[0]=TOOL_TYPE_UNKNOWN, buttonState=0, metaState=0, flags=0x0, edgeFlags=0x0, pointerCount=1, historySize=1, eventTime=6886861, downTime=-1, deviceId=0, source=0x10004 }
W/InputMethodManagerService(  527): Window already focused, ignoring focus gain of: com.android.internal.view.IInputMethodClient$Stub$Proxy@28c017b9 attribute=null, token = android.os.BinderProxy@1d937887
I/ActivityManager(  527): START u0 {act=android.intent.action.CALL_BUTTON flg=0x10000000 cmp=com.android.dialer/.DialtactsActivity} from uid 10068 on display 0
I/ActivityManager(  527): START u0 {act=android.intent.action.MAIN cat=[android.intent.category.LAUNCHER] flg=0x10200000 cmp=com.zzl.falcon.internal/com.squareup.leakcanary.internal.DisplayLeakActivity} from uid 0 on display 0
V/WindowManager(  527): addAppToken: AppWindowToken{1d95c9ac token=Token{dfd1b5f ActivityRecord{331aa7fe u0 com.zzl.falcon.internal/com.squareup.leakcanary.internal.DisplayLeakActivity t46}}} to stack=1 task=46 at 0
V/WindowManager(  527): Adding window Window{30b96129 u0 Starting com.zzl.falcon.internal} at 5 of 10 (after Window{5eda3b4 u0 com.zzl.falcon.internal/com.zzl.falcon.MainActivity})
E/libprocessgroup( 4927): failed to make and chown /acct/uid_10068: Read-only file system
I/ActivityManager(  527): Start proc 4927:com.zzl.falcon.internal:leakcanary/u0a68 for activity com.zzl.falcon.internal/com.squareup.leakcanary.internal.DisplayLeakActivity
V/WindowManager(  527): Adding window Window{f482474 u0 com.zzl.falcon.internal/com.squareup.leakcanary.internal.DisplayLeakActivity} at 5 of 11 (before Window{30b96129 u0 Starting com.zzl.falcon.internal})
W/ViewRootImpl( 4927): Dropping event due to no window focus: KeyEvent { action=ACTION_DOWN, keyCode=KEYCODE_DPAD_LEFT, scanCode=0, metaState=0, flags=0x8, repeatCount=0, eventTime=6887060, downTime=6887060, deviceId=-1, source=0x101 }
W/ViewRootImpl( 4927): Cancelling event due to no window focus: KeyEvent { action=ACTION_UP, keyCode=KEYCODE_DPAD_LEFT, scanCode=0, metaState=0, flags=0x28, repeatCount=0, eventTime=6887322, downTime=6887322, deviceId=-1, source=0x101 }
W/ViewRootImpl( 4927): Cancelling event due to no window focus: KeyEvent { action=ACTION_UP, keyCode=KEYCODE_DPAD_LEFT, scanCode=0, metaState=0, flags=0x28, repeatCount=0, eventTime=6887322, downTime=6887322, deviceId=-1, source=0x101 }
W/ViewRootImpl( 4927): Cancelling event due to no window focus: KeyEvent { action=ACTION_UP, keyCode=KEYCODE_DPAD_LEFT, scanCode=0, metaState=0, flags=0x28, repeatCount=0, eventTime=6887322, downTime=6887322, deviceId=-1, source=0x101 }
W/ViewRootImpl( 4927): Cancelling event due to no window focus: KeyEvent { action=ACTION_UP, keyCode=KEYCODE_DPAD_LEFT, scanCode=0, metaState=0, flags=0x28, repeatCount=0, eventTime=6887322, downTime=6887322, deviceId=-1, source=0x101 }
W/ViewRootImpl( 4927): Cancelling event due to no window focus: KeyEvent { action=ACTION_UP, keyCode=KEYCODE_DPAD_LEFT, scanCode=0, metaState=0, flags=0x28, repeatCount=0, eventTime=6887322, downTime=6887322, deviceId=-1, source=0x101 }
W/ViewRootImpl( 4927): Cancelling event due to no window focus: KeyEvent { action=ACTION_UP, keyCode=KEYCODE_DPAD_LEFT, scanCode=0, metaState=0, flags=0x28, repeatCount=0, eventTime=6887322, downTime=6887322, deviceId=-1, source=0x101 }
W/ViewRootImpl( 4927): Cancelling event due to no window focus: KeyEvent { action=ACTION_UP, keyCode=KEYCODE_DPAD_LEFT, scanCode=0, metaState=0, flags=0x28, repeatCount=0, eventTime=6887322, downTime=6887322, deviceId=-1, source=0x101 }
W/ViewRootImpl( 4927): Cancelling event due to no window focus: KeyEvent { action=ACTION_UP, keyCode=KEYCODE_DPAD_LEFT, scanCode=0, metaState=0, flags=0x28, repeatCount=0, eventTime=6887322, downTime=6887322, deviceId=-1, source=0x101 }
W/ViewRootImpl( 4927): Cancelling event due to no window focus: KeyEvent { action=ACTION_UP, keyCode=KEYCODE_DPAD_LEFT, scanCode=0, metaState=0, flags=0x28, repeatCount=0, eventTime=6887322, downTime=6887322, deviceId=-1, source=0x101 }
I/ActivityManager(  527): START u0 {act=android.intent.action.MAIN cat=[android.intent.category.HOME] flg=0x10200000 cmp=com.android.launcher3/.Launcher} from uid 1000 on display 0
W/ViewRootImpl( 4927): Dropping event due to no window focus: KeyEvent { action=ACTION_DOWN, keyCode=KEYCODE_DPAD_DOWN, scanCode=0, metaState=0, flags=0x8, repeatCount=0, eventTime=6887503, downTime=6887503, deviceId=-1, source=0x101 }
W/ViewRootImpl( 4927): Cancelling event due to no window focus: KeyEvent { action=ACTION_UP, keyCode=KEYCODE_DPAD_DOWN, scanCode=0, metaState=0, flags=0x28, repeatCount=0, eventTime=6887505, downTime=6887505, deviceId=-1, source=0x101 }
W/ViewRootImpl( 4927): Cancelling event due to no window focus: KeyEvent { action=ACTION_UP, keyCode=KEYCODE_DPAD_DOWN, scanCode=0, metaState=0, flags=0x28, repeatCount=0, eventTime=6887505, downTime=6887505, deviceId=-1, source=0x101 }
W/ViewRootImpl( 4927): Cancelling event due to no window focus: KeyEvent { action=ACTION_UP, keyCode=KEYCODE_DPAD_DOWN, scanCode=0, metaState=0, flags=0x28, repeatCount=0, eventTime=6887505, downTime=6887505, deviceId=-1, source=0x101 }
W/ViewRootImpl( 4927): Cancelling event due to no window focus: KeyEvent { action=ACTION_UP, keyCode=KEYCODE_DPAD_DOWN, scanCode=0, metaState=0, flags=0x28, repeatCount=0, eventTime=6887505, downTime=6887505, deviceId=-1, source=0x101 }
W/ViewRootImpl( 4927): Cancelling event due to no window focus: KeyEvent { action=ACTION_UP, keyCode=KEYCODE_DPAD_DOWN, scanCode=0, metaState=0, flags=0x28, repeatCount=0, eventTime=6887505, downTime=6887505, deviceId=-1, source=0x101 }
W/ViewRootImpl( 4927): Cancelling event due to no window focus: KeyEvent { action=ACTION_UP, keyCode=KEYCODE_DPAD_DOWN, scanCode=0, metaState=0, flags=0x28, repeatCount=0, eventTime=6887505, downTime=6887505, deviceId=-1, source=0x101 }
W/ViewRootImpl( 4927): Cancelling event due to no window focus: KeyEvent { action=ACTION_UP, keyCode=KEYCODE_DPAD_DOWN, scanCode=0, metaState=0, flags=0x28, repeatCount=0, eventTime=6887505, downTime=6887505, deviceId=-1, source=0x101 }
W/ViewRootImpl( 4927): Cancelling event due to no window focus: KeyEvent { action=ACTION_UP, keyCode=KEYCODE_DPAD_DOWN, scanCode=0, metaState=0, flags=0x28, repeatCount=0, eventTime=6887505, downTime=6887505, deviceId=-1, source=0x101 }
W/ViewRootImpl( 4927): Cancelling event due to no window focus: KeyEvent { action=ACTION_UP, keyCode=KEYCODE_DPAD_DOWN, scanCode=0, metaState=0, flags=0x28, repeatCount=0, eventTime=6887505, downTime=6887505, deviceId=-1, source=0x101 }
W/ViewRootImpl( 4927): Dropping event due to no window focus: KeyEvent { action=ACTION_DOWN, keyCode=KEYCODE_DPAD_LEFT, scanCode=0, metaState=0, flags=0x8, repeatCount=0, eventTime=6887634, downTime=6887634, deviceId=-1, source=0x101 }
W/ViewRootImpl( 4927): Cancelling event due to no window focus: KeyEvent { action=ACTION_UP, keyCode=KEYCODE_DPAD_LEFT, scanCode=0, metaState=0, flags=0x28, repeatCount=0, eventTime=6887639, downTime=6887639, deviceId=-1, source=0x101 }
W/ViewRootImpl( 4927): Cancelling event due to no window focus: KeyEvent { action=ACTION_UP, keyCode=KEYCODE_DPAD_LEFT, scanCode=0, metaState=0, flags=0x28, repeatCount=0, eventTime=6887639, downTime=6887639, deviceId=-1, source=0x101 }
W/ViewRootImpl( 4927): Cancelling event due to no window focus: KeyEvent { action=ACTION_UP, keyCode=KEYCODE_DPAD_LEFT, scanCode=0, metaState=0, flags=0x28, repeatCount=0, eventTime=6887639, downTime=6887639, deviceId=-1, source=0x101 }
W/ViewRootImpl( 4927): Cancelling event due to no window focus: KeyEvent { action=ACTION_UP, keyCode=KEYCODE_DPAD_LEFT, scanCode=0, metaState=0, flags=0x28, repeatCount=0, eventTime=6887639, downTime=6887639, deviceId=-1, source=0x101 }
W/ViewRootImpl( 4927): Cancelling event due to no window focus: KeyEvent { action=ACTION_UP, keyCode=KEYCODE_DPAD_LEFT, scanCode=0, metaState=0, flags=0x28, repeatCount=0, eventTime=6887639, downTime=6887639, deviceId=-1, source=0x101 }
W/ViewRootImpl( 4927): Cancelling event due to no window focus: KeyEvent { action=ACTION_UP, keyCode=KEYCODE_DPAD_LEFT, scanCode=0, metaState=0, flags=0x28, repeatCount=0, eventTime=6887639, downTime=6887639, deviceId=-1, source=0x101 }
W/ViewRootImpl( 4927): Cancelling event due to no window focus: KeyEvent { action=ACTION_UP, keyCode=KEYCODE_DPAD_LEFT, scanCode=0, metaState=0, flags=0x28, repeatCount=0, eventTime=6887639, downTime=6887639, deviceId=-1, source=0x101 }
W/ViewRootImpl( 4927): Cancelling event due to no window focus: KeyEvent { action=ACTION_UP, keyCode=KEYCODE_DPAD_LEFT, scanCode=0, metaState=0, flags=0x28, repeatCount=0, eventTime=6887639, downTime=6887639, deviceId=-1, source=0x101 }
W/ViewRootImpl( 4927): Cancelling event due to no window focus: KeyEvent { action=ACTION_UP, keyCode=KEYCODE_DPAD_LEFT, scanCode=0, metaState=0, flags=0x28, repeatCount=0, eventTime=6887639, downTime=6887639, deviceId=-1, source=0x101 }
I/ActivityManager(  527): START u0 {act=android.intent.action.MAIN cat=[android.intent.category.LAUNCHER] flg=0x10200000 cmp=com.zzl.falcon.internal/com.squareup.leakcanary.internal.DisplayLeakActivity} from uid 0 on display 0
W/InputManager(  527): Input event injection from pid 4885 failed.
I/ActivityManager(  527): START u0 {act=android.intent.action.SHOW_BRIGHTNESS_DIALOG cmp=com.android.systemui/.settings.BrightnessDialog} from uid 1000 on display 0
I/ActivityManager(  527): START u0 {act=android.intent.action.MAIN cat=[android.intent.category.LAUNCHER] flg=0x10200000 cmp=com.zzl.falcon.internal/com.squareup.leakcanary.internal.DisplayLeakActivity} from uid 0 on display 0
I/ActivityManager(  527): START u0 {act=android.intent.action.MAIN cat=[android.intent.category.LAUNCHER] flg=0x10200000 cmp=com.zzl.falcon.internal/com.squareup.leakcanary.internal.DisplayLeakActivity} from uid 0 on display 0
I/ActivityManager(  527): START u0 {act=android.intent.action.MAIN cat=[android.intent.category.LAUNCHER] flg=0x10200000 cmp=com.zzl.falcon.internal/com.squareup.leakcanary.internal.DisplayLeakActivity} from uid 0 on display 0
I/ActivityManager(  527): START u0 {act=android.intent.action.MAIN cat=[android.intent.category.LAUNCHER] flg=0x10200000 cmp=com.zzl.falcon.internal/com.zzl.falcon.EntranceActivity} from uid 0 on display 0
W/InputManager(  527): Input event injection from pid 4885 failed.
W/InputManager(  527): Input event injection from pid 4885 failed.
W/InputManager(  527): Input event injection from pid 4885 failed.
W/InputManager(  527): Input event injection from pid 4885 failed.
W/InputManager(  527): Input event injection from pid 4885 failed.
W/InputManager(  527): Input event injection from pid 4885 failed.
W/InputManager(  527): Input event injection from pid 4885 failed.
W/InputManager(  527): Input event injection from pid 4885 failed.
W/InputManager(  527): Input event injection from pid 4885 failed.
W/InputManager(  527): Input event injection from pid 4885 failed.
W/InputManager(  527): Input event injection from pid 4885 failed.
W/InputManager(  527): Input event injection from pid 4885 failed.
W/InputManager(  527): Input event injection from pid 4885 failed.
W/InputManager(  527): Input event injection from pid 4885 failed.
W/ViewRootImpl( 4682): Dropping event due to no window focus: KeyEvent { action=ACTION_DOWN, keyCode=KEYCODE_DPAD_DOWN, scanCode=0, metaState=0, flags=0x8, repeatCount=0, eventTime=6889708, downTime=6889708, deviceId=-1, source=0x101 }
W/IntentResolver(  527): resolveIntent failed: found match, but none with CATEGORY_DEFAULT
I/ActivityManager(  527): START u0 {act=android.intent.action.MAIN cat=[android.intent.category.LAUNCHER] flg=0x10000000 sel=act=android.intent.action.MAIN cat=[android.intent.category.APP_CALCULATOR]}} from uid 1000 on display 0
D/ZenLog  (  527): set_zen_mode: off,manualConditionExit
D/ZenLog  (  527): update_zen_mode: important_interruptions -> off
