W/ViewRootImpl(  636): Cancelling event due to no window focus: KeyEvent { action=ACTION_UP, keyCode=KEYCODE_MENU, scanCode=0, metaState=0, flags=0x28, repeatCount=0, eventTime=8142001, downTime=8142001, deviceId=-1, source=0x101 }
W/ViewRootImpl(  636): Cancelling event due to no window focus: KeyEvent { action=ACTION_UP, keyCode=KEYCODE_MENU, scanCode=0, metaState=0, flags=0x28, repeatCount=0, eventTime=8142001, downTime=8142001, deviceId=-1, source=0x101 }
W/ViewRootImpl(  636): Cancelling event due to no window focus: KeyEvent { action=ACTION_UP, keyCode=KEYCODE_MENU, scanCode=0, metaState=0, flags=0x28, repeatCount=0, eventTime=8142001, downTime=8142001, deviceId=-1, source=0x101 }
W/ViewRootImpl(  636): Cancelling event due to no window focus: KeyEvent { action=ACTION_UP, keyCode=KEYCODE_MENU, scanCode=0, metaState=0, flags=0x28, repeatCount=0, eventTime=8142001, downTime=8142001, deviceId=-1, source=0x101 }
W/ViewRootImpl(  636): Cancelling event due to no window focus: KeyEvent { action=ACTION_UP, keyCode=KEYCODE_MENU, scanCode=0, metaState=0, flags=0x28, repeatCount=0, eventTime=8142001, downTime=8142001, deviceId=-1, source=0x101 }
W/ViewRootImpl(  636): Cancelling event due to no window focus: KeyEvent { action=ACTION_UP, keyCode=KEYCODE_MENU, scanCode=0, metaState=0, flags=0x28, repeatCount=0, eventTime=8142001, downTime=8142001, deviceId=-1, source=0x101 }
W/ViewRootImpl(  636): Dropping event due to no window focus: KeyEvent { action=ACTION_DOWN, keyCode=KEYCODE_DPAD_DOWN, scanCode=0, metaState=0, flags=0x8, repeatCount=0, eventTime=8142034, downTime=8142034, deviceId=-1, source=0x101 }
D/PhoneStatusBar(  636): disable: < expand icons* alerts system_info* back home recent clock search >
W/EGL_emulation(  636): eglSurfaceAttrib not implemented
W/OpenGLRenderer(  636): Failed to set EGL_SWAP_BEHAVIOR on surface 0xee8c1420, error=EGL_SUCCESS
I/AppiumUnicodeIME(  672): onKeyDown (keyCode='82', event.keyCode='82', metaState='0')
I/AppiumUnicodeIME(  672): onKeyUp (keyCode='82', event.keyCode='82', metaState='0')
W/UnimplementedWebViewApi( 4682): Unimplemented WebView method onKeyDown called from: android.webkit.WebView.onKeyDown(WebView.java:2310)
W/AudioTrack(  527): AUDIO_OUTPUT_FLAG_FAST denied by client
W/InputMethodManagerService(  527): Window already focused, ignoring focus gain of: com.android.internal.view.IInputMethodClient$Stub$Proxy@ccdb146 attribute=null, token = android.os.BinderProxy@11e2cde5
I/AppiumUnicodeIME(  672): onKeyDown (keyCode='25', event.keyCode='25', metaState='0')
W/UnimplementedWebViewApi( 4682): Unimplemented WebView method onKeyDown called from: android.webkit.WebView.onKeyDown(WebView.java:2310)
I/AppiumUnicodeIME(  672): onKeyUp (keyCode='25', event.keyCode='25', metaState='0')
I/AppiumUnicodeIME(  672): onKeyDown (keyCode='40', event.keyCode='40', metaState='0')
I/AppiumUnicodeIME(  672): onKeyUp (keyCode='40', event.keyCode='40', metaState='0')
I/AppiumUnicodeIME(  672): onKeyDown (keyCode='143', event.keyCode='143', metaState='0')
I/AppiumUnicodeIME(  672): onKeyUp (keyCode='143', event.keyCode='143', metaState='0')
I/AppiumUnicodeIME(  672): onKeyDown (keyCode='22', event.keyCode='22', metaState='0')
I/AppiumUnicodeIME(  672): onKeyUp (keyCode='22', event.keyCode='22', metaState='0')
I/AppiumUnicodeIME(  672): onKeyDown (keyCode='23', event.keyCode='23', metaState='0')
I/AppiumUnicodeIME(  672): onKeyUp (keyCode='23', event.keyCode='23', metaState='0')
W/EGL_emulation(  636): eglSurfaceAttrib not implemented
W/OpenGLRenderer(  636): Failed to set EGL_SWAP_BEHAVIOR on surface 0xe202c360, error=EGL_SUCCESS
I/AppiumUnicodeIME(  672): onKeyDown (keyCode='21', event.keyCode='21', metaState='0')
I/AppiumUnicodeIME(  672): onKeyUp (keyCode='21', event.keyCode='21', metaState='0')
I/AppiumUnicodeIME(  672): onKeyDown (keyCode='21', event.keyCode='21', metaState='0')
I/AppiumUnicodeIME(  672): onKeyUp (keyCode='21', event.keyCode='21', metaState='0')
I/AppiumUnicodeIME(  672): onKeyDown (keyCode='238', event.keyCode='238', metaState='0')
I/AppiumUnicodeIME(  672): onKeyUp (keyCode='238', event.keyCode='238', metaState='0')
I/AppiumUnicodeIME(  672): onKeyDown (keyCode='191', event.keyCode='191', metaState='0')
I/AppiumUnicodeIME(  672): onKeyUp (keyCode='191', event.keyCode='191', metaState='0')
I/AppiumUnicodeIME(  672): onKeyDown (keyCode='23', event.keyCode='23', metaState='0')
I/AppiumUnicodeIME(  672): onKeyUp (keyCode='23', event.keyCode='23', metaState='0')
I/AppiumUnicodeIME(  672): onKeyDown (keyCode='20', event.keyCode='20', metaState='0')
I/AppiumUnicodeIME(  672): onKeyUp (keyCode='20', event.keyCode='20', metaState='0')
I/AppiumUnicodeIME(  672): onKeyDown (keyCode='19', event.keyCode='19', metaState='0')
I/AppiumUnicodeIME(  672): onKeyUp (keyCode='19', event.keyCode='19', metaState='0')
I/AppiumUnicodeIME(  672): onKeyDown (keyCode='19', event.keyCode='19', metaState='0')
I/AppiumUnicodeIME(  672): onKeyDown (keyCode='19', event.keyCode='19', metaState='0')
I/AppiumUnicodeIME(  672): onKeyUp (keyCode='19', event.keyCode='19', metaState='0')
I/AppiumUnicodeIME(  672): onKeyDown (keyCode='19', event.keyCode='19', metaState='0')
I/AppiumUnicodeIME(  672): onKeyUp (keyCode='19', event.keyCode='19', metaState='0')
I/AppiumUnicodeIME(  672): onKeyDown (keyCode='19', event.keyCode='19', metaState='0')
I/AppiumUnicodeIME(  672): onKeyUp (keyCode='19', event.keyCode='19', metaState='0')
I/AppiumUnicodeIME(  672): onKeyDown (keyCode='19', event.keyCode='19', metaState='0')
I/AppiumUnicodeIME(  672): onKeyUp (keyCode='19', event.keyCode='19', metaState='0')
I/AppiumUnicodeIME(  672): onKeyDown (keyCode='82', event.keyCode='82', metaState='0')
W/UnimplementedWebViewApi( 4682): Unimplemented WebView method onKeyMultiple called from: android.webkit.WebView.onKeyMultiple(WebView.java:2320)
W/UnimplementedWebViewApi( 4682): Unimplemented WebView method onKeyDown called from: android.webkit.WebView.onKeyDown(WebView.java:2310)
W/UnimplementedWebViewApi( 4682): Unimplemented WebView method onKeyDown called from: android.webkit.WebView.onKeyDown(WebView.java:2310)
I/AppiumUnicodeIME(  672): onKeyUp (keyCode='82', event.keyCode='82', metaState='0')
I/AppiumUnicodeIME(  672): onKeyDown (keyCode='5', event.keyCode='5', metaState='0')
W/UnimplementedWebViewApi( 4682): Unimplemented WebView method onKeyDown called from: android.webkit.WebView.onKeyDown(WebView.java:2310)
W/AudioTrack(  527): AUDIO_OUTPUT_FLAG_FAST denied by client
I/AppiumUnicodeIME(  672): onKeyUp (keyCode='5', event.keyCode='5', metaState='0')
I/ActivityManager(  527): START u0 {act=android.intent.action.CALL_BUTTON flg=0x10000000 cmp=com.android.dialer/.DialtactsActivity} from uid 10068 on display 0
I/AppiumUnicodeIME(  672): onKeyDown (keyCode='23', event.keyCode='23', metaState='0')
I/AppiumUnicodeIME(  672): onKeyUp (keyCode='23', event.keyCode='23', metaState='0')
I/ActivityManager(  527): START u0 {act=android.intent.action.MAIN cat=[android.intent.category.LAUNCHER] flg=0x10200000 cmp=com.zzl.falcon.internal/com.squareup.leakcanary.internal.DisplayLeakActivity} from uid 0 on display 0
D/        (  527): HostConnection::get() New Host Connection established 0xee8b6970, tid 4616
E/EGL_emulation(  502): tid 502: eglCreateSyncKHR(1209): error 0x3004 (EGL_BAD_ATTRIBUTE)
I/AppiumUnicodeIME(  672): onKeyDown (keyCode='23', event.keyCode='23', metaState='0')
I/AppiumUnicodeIME(  672): onKeyUp (keyCode='23', event.keyCode='23', metaState='0')
I/InputDispatcher(  527): Dropping event because there is no touchable window at (207, 249).
W/InputManager(  527): Input event injection from pid 5654 failed.
W/InputManager(  527): Input event injection from pid 5654 failed.
W/InputManager(  527): Input event injection from pid 5654 failed.
W/InputManager(  527): Input event injection from pid 5654 failed.
W/InputManager(  527): Input event injection from pid 5654 failed.
W/InputManager(  527): Input event injection from pid 5654 failed.
W/InputManager(  527): Input event injection from pid 5654 failed.
W/InputManager(  527): Input event injection from pid 5654 failed.
W/InputManager(  527): Input event injection from pid 5654 failed.
W/InputManager(  527): Input event injection from pid 5654 failed.
W/InputManager(  527): Input event injection from pid 5654 failed.
I/InputDispatcher(  527): Dropping event because there is no touchable window at (104, 689).
I/AppiumUnicodeIME(  672): onKeyDown (keyCode='20', event.keyCode='20', metaState='0')
I/AppiumUnicodeIME(  672): onKeyUp (keyCode='20', event.keyCode='20', metaState='0')
I/AppiumUnicodeIME(  672): onKeyDown (keyCode='20', event.keyCode='20', metaState='0')
I/AppiumUnicodeIME(  672): onKeyUp (keyCode='20', event.keyCode='20', metaState='0')
I/AppiumUnicodeIME(  672): onKeyDown (keyCode='20', event.keyCode='20', metaState='0')
I/AppiumUnicodeIME(  672): onKeyUp (keyCode='20', event.keyCode='20', metaState='0')
I/AppiumUnicodeIME(  672): onKeyDown (keyCode='20', event.keyCode='20', metaState='0')
I/AppiumUnicodeIME(  672): onKeyUp (keyCode='20', event.keyCode='20', metaState='0')
W/InputManager(  527): Input event injection from pid 5654 failed.
W/InputManager(  527): Input event injection from pid 5654 failed.
I/InputDispatcher(  527): Dropping event because there is no touchable window at (540, 1170).
W/InputManager(  527): Input event injection from pid 5654 failed.
W/InputManager(  527): Input event injection from pid 5654 failed.
W/InputManager(  527): Input event injection from pid 5654 failed.
W/InputManager(  527): Input event injection from pid 5654 failed.
W/InputManager(  527): Input event injection from pid 5654 failed.
I/AppiumUnicodeIME(  672): onKeyDown (keyCode='19', event.keyCode='19', metaState='0')
I/AppiumUnicodeIME(  672): onKeyUp (keyCode='19', event.keyCode='19', metaState='0')
I/InputDispatcher(  527): Dropping event because there is no touchable window at (342, 211).
W/InputManager(  527): Input event injection from pid 5654 failed.
W/InputManager(  527): Input event injection from pid 5654 failed.
I/ActivityManager(  527): START u0 {act=android.intent.action.MAIN cat=[android.intent.category.LAUNCHER] flg=0x10200000 cmp=com.zzl.falcon.internal/com.zzl.falcon.EntranceActivity} from uid 0 on display 0
W/EGL_emulation( 4927): eglSurfaceAttrib not implemented
W/OpenGLRenderer( 4927): Failed to set EGL_SWAP_BEHAVIOR on surface 0xf3f62940, error=EGL_SUCCESS
W/ViewRootImpl( 4927): Cancelling event due to no window focus: KeyEvent { action=ACTION_UP, keyCode=KEYCODE_DPAD_UP, scanCode=0, metaState=0, flags=0x28, repeatCount=0, eventTime=8144290, downTime=8144290, deviceId=-1, source=0x101 }
W/ViewRootImpl( 4927): Cancelling event due to no window focus: KeyEvent { action=ACTION_UP, keyCode=KEYCODE_DPAD_UP, scanCode=0, metaState=0, flags=0x28, repeatCount=0, eventTime=8144290, downTime=8144290, deviceId=-1, source=0x101 }
W/ViewRootImpl( 4927): Cancelling event due to no window focus: KeyEvent { action=ACTION_UP, keyCode=KEYCODE_DPAD_UP, scanCode=0, metaState=0, flags=0x28, repeatCount=0, eventTime=8144290, downTime=8144290, deviceId=-1, source=0x101 }
W/ViewRootImpl( 4927): Cancelling event due to no window focus: KeyEvent { action=ACTION_UP, keyCode=KEYCODE_DPAD_UP, scanCode=0, metaState=0, flags=0x28, repeatCount=0, eventTime=8144290, downTime=8144290, deviceId=-1, source=0x101 }
W/ViewRootImpl( 4927): Cancelling event due to no window focus: KeyEvent { action=ACTION_UP, keyCode=KEYCODE_DPAD_UP, scanCode=0, metaState=0, flags=0x28, repeatCount=0, eventTime=8144290, downTime=8144290, deviceId=-1, source=0x101 }
W/ViewRootImpl( 4927): Cancelling event due to no window focus: KeyEvent { action=ACTION_UP, keyCode=KEYCODE_DPAD_UP, scanCode=0, metaState=0, flags=0x28, repeatCount=0, eventTime=8144290, downTime=8144290, deviceId=-1, source=0x101 }
W/ViewRootImpl( 4927): Cancelling event due to no window focus: KeyEvent { action=ACTION_UP, keyCode=KEYCODE_DPAD_UP, scanCode=0, metaState=0, flags=0x28, repeatCount=0, eventTime=8144290, downTime=8144290, deviceId=-1, source=0x101 }
W/ViewRootImpl( 4927): Cancelling event due to no window focus: KeyEvent { action=ACTION_UP, keyCode=KEYCODE_DPAD_UP, scanCode=0, metaState=0, flags=0x28, repeatCount=0, eventTime=8144290, downTime=8144290, deviceId=-1, source=0x101 }
W/ViewRootImpl( 4927): Cancelling event due to no window focus: KeyEvent { action=ACTION_UP, keyCode=KEYCODE_DPAD_UP, scanCode=0, metaState=0, flags=0x28, repeatCount=0, eventTime=8144290, downTime=8144290, deviceId=-1, source=0x101 }
I/AppiumUnicodeIME(  672): onFinishInput
I/AppiumUnicodeIME(  672): onStartInput
E/EGL_emulation(  502): tid 502: eglCreateSyncKHR(1209): error 0x3004 (EGL_BAD_ATTRIBUTE)
I/AppiumUnicodeIME(  672): onKeyDown (keyCode='19', event.keyCode='19', metaState='0')
I/AppiumUnicodeIME(  672): onKeyUp (keyCode='19', event.keyCode='19', metaState='0')
I/AppiumUnicodeIME(  672): onKeyDown (keyCode='23', event.keyCode='23', metaState='0')
W/IInputConnectionWrapper( 4682): showStatusIcon on inactive InputConnection
D/ForegroundCallbacks( 4682): still foreground
I/AppiumUnicodeIME(  672): onFinishInput
I/AppiumUnicodeIME(  672): onStartInput
I/AppiumUnicodeIME(  672): onKeyUp (keyCode='23', event.keyCode='23', metaState='0')
I/AppiumUnicodeIME(  672): onKeyDown (keyCode='22', event.keyCode='22', metaState='0')
I/AppiumUnicodeIME(  672): onKeyUp (keyCode='22', event.keyCode='22', metaState='0')
I/AppiumUnicodeIME(  672): onKeyDown (keyCode='22', event.keyCode='22', metaState='0')
I/AppiumUnicodeIME(  672): onKeyUp (keyCode='22', event.keyCode='22', metaState='0')
I/AppiumUnicodeIME(  672): onKeyDown (keyCode='22', event.keyCode='22', metaState='0')
I/AppiumUnicodeIME(  672): onKeyUp (keyCode='22', event.keyCode='22', metaState='0')
I/AppiumUnicodeIME(  672): onKeyDown (keyCode='82', event.keyCode='82', metaState='0')
W/UnimplementedWebViewApi( 4682): Unimplemented WebView method onKeyDown called from: android.webkit.WebView.onKeyDown(WebView.java:2310)
I/AppiumUnicodeIME(  672): onKeyUp (keyCode='82', event.keyCode='82', metaState='0')
I/AppiumUnicodeIME(  672): onKeyDown (keyCode='22', event.keyCode='22', metaState='0')
W/AudioTrack(  527): AUDIO_OUTPUT_FLAG_FAST denied by client
I/AppiumUnicodeIME(  672): onKeyUp (keyCode='22', event.keyCode='22', metaState='0')
I/AppiumUnicodeIME(  672): onKeyDown (keyCode='19', event.keyCode='19', metaState='0')
I/AppiumUnicodeIME(  672): onKeyUp (keyCode='19', event.keyCode='19', metaState='0')
I/art     (  636): Explicit concurrent mark sweep GC freed 5817(292KB) AllocSpace objects, 2(1152KB) LOS objects, 40% free, 9MB/15MB, paused 674us total 13.468ms
I/AppiumUnicodeIME(  672): onKeyDown (keyCode='21', event.keyCode='21', metaState='0')
I/AppiumUnicodeIME(  672): onKeyUp (keyCode='21', event.keyCode='21', metaState='0')
I/AppiumUnicodeIME(  672): onKeyDown (keyCode='21', event.keyCode='21', metaState='0')
I/AppiumUnicodeIME(  672): onKeyUp (keyCode='21', event.keyCode='21', metaState='0')
I/AppiumUnicodeIME(  672): onKeyDown (keyCode='22', event.keyCode='22', metaState='0')
I/AppiumUnicodeIME(  672): onKeyUp (keyCode='22', event.keyCode='22', metaState='0')
I/AppiumUnicodeIME(  672): onKeyDown (keyCode='21', event.keyCode='21', metaState='0')
I/AppiumUnicodeIME(  672): onKeyUp (keyCode='21', event.keyCode='21', metaState='0')
I/ActivityManager(  527): START u0 {act=android.intent.action.MAIN cat=[android.intent.category.LAUNCHER] flg=0x10000000 cmp=com.android.browser/.BrowserActivity sel=act=android.intent.action.MAIN cat=[android.intent.category.APP_BROWSER]}} from uid 1000 on display 0
I/AppiumUnicodeIME(  672): onKeyUp (keyCode='64', event.keyCode='64', metaState='0')
I/AppiumUnicodeIME(  672): onKeyDown (keyCode='20', event.keyCode='20', metaState='0')
I/AppiumUnicodeIME(  672): onKeyUp (keyCode='20', event.keyCode='20', metaState='0')
I/AppiumUnicodeIME(  672): onKeyDown (keyCode='20', event.keyCode='20', metaState='0')
I/AppiumUnicodeIME(  672): onKeyUp (keyCode='20', event.keyCode='20', metaState='0')
I/AppiumUnicodeIME(  672): onKeyDown (keyCode='23', event.keyCode='23', metaState='0')
I/AppiumUnicodeIME(  672): onKeyUp (keyCode='23', event.keyCode='23', metaState='0')
I/art     (  527): Explicit concurrent mark sweep GC freed 8983(411KB) AllocSpace objects, 3(1168KB) LOS objects, 33% free, 12MB/19MB, paused 667us total 27.237ms
I/AppiumUnicodeIME(  672): onKeyDown (keyCode='19', event.keyCode='19', metaState='0')
I/AppiumUnicodeIME(  672): onKeyUp (keyCode='19', event.keyCode='19', metaState='0')
I/AppiumUnicodeIME(  672): onKeyDown (keyCode='19', event.keyCode='19', metaState='0')
I/AppiumUnicodeIME(  672): onKeyUp (keyCode='19', event.keyCode='19', metaState='0')
I/AppiumUnicodeIME(  672): onKeyDown (keyCode='22', event.keyCode='22', metaState='0')
I/AppiumUnicodeIME(  672): onKeyUp (keyCode='22', event.keyCode='22', metaState='0')
I/AppiumUnicodeIME(  672): onKeyDown (keyCode='23', event.keyCode='23', metaState='0')
I/AppiumUnicodeIME(  672): onKeyUp (keyCode='23', event.keyCode='23', metaState='0')
I/AppiumUnicodeIME(  672): onKeyDown (keyCode='125', event.keyCode='125', metaState='0')
I/AppiumUnicodeIME(  672): onKeyUp (keyCode='125', event.keyCode='125', metaState='0')
I/AppiumUnicodeIME(  672): onKeyDown (keyCode='23', event.keyCode='23', metaState='0')
I/AppiumUnicodeIME(  672): onKeyUp (keyCode='23', event.keyCode='23', metaState='0')
I/AppiumUnicodeIME(  672): onKeyDown (keyCode='22', event.keyCode='22', metaState='0')
I/AppiumUnicodeIME(  672): onKeyUp (keyCode='22', event.keyCode='22', metaState='0')
I/ActivityManager(  527): START u0 {act=android.intent.action.MAIN cat=[android.intent.category.LAUNCHER] flg=0x10200000 cmp=com.zzl.falcon.internal/com.squareup.leakcanary.internal.DisplayLeakActivity} from uid 0 on display 0
E/EGL_emulation(  502): tid 502: eglCreateSyncKHR(1209): error 0x3004 (EGL_BAD_ATTRIBUTE)
I/AppiumUnicodeIME(  672): onKeyDown (keyCode='21', event.keyCode='21', metaState='0')
I/AppiumUnicodeIME(  672): onKeyUp (keyCode='21', event.keyCode='21', metaState='0')
I/AppiumUnicodeIME(  672): onKeyDown (keyCode='21', event.keyCode='21', metaState='0')
I/AppiumUnicodeIME(  672): onKeyUp (keyCode='21', event.keyCode='21', metaState='0')
I/InputDispatcher(  527): Dropping event because there is no touchable window at (756, 796).
W/InputManager(  527): Input event injection from pid 5654 failed.
W/InputManager(  527): Input event injection from pid 5654 failed.
I/AppiumUnicodeIME(  672): onKeyDown (keyCode='19', event.keyCode='19', metaState='0')
I/AppiumUnicodeIME(  672): onKeyUp (keyCode='19', event.keyCode='19', metaState='0')
I/AppiumUnicodeIME(  672): onKeyDown (keyCode='19', event.keyCode='19', metaState='0')
I/AppiumUnicodeIME(  672): onKeyUp (keyCode='19', event.keyCode='19', metaState='0')
I/AppiumUnicodeIME(  672): onKeyDown (keyCode='19', event.keyCode='19', metaState='0')
I/AppiumUnicodeIME(  672): onKeyUp (keyCode='19', event.keyCode='19', metaState='0')
I/InputDispatcher(  527): Dropping event because there is no touchable window at (357, 485).
W/InputManager(  527): Input event injection from pid 5654 failed.
W/InputManager(  527): Input event injection from pid 5654 failed.
W/EGL_emulation( 4927): eglSurfaceAttrib not implemented
W/OpenGLRenderer( 4927): Failed to set EGL_SWAP_BEHAVIOR on surface 0xf3f62940, error=EGL_SUCCESS
W/ViewRootImpl( 4927): Dropping event due to no window focus: KeyEvent { action=ACTION_DOWN, keyCode=KEYCODE_MENU, scanCode=0, metaState=0, flags=0x8, repeatCount=0, eventTime=8149706, downTime=8149706, deviceId=-1, source=0x101 }
I/AppiumUnicodeIME(  672): onFinishInput
I/AppiumUnicodeIME(  672): onStartInput
I/AppiumUnicodeIME(  672): onKeyUp (keyCode='82', event.keyCode='82', metaState='0')
I/AppiumUnicodeIME(  672): onKeyDown (keyCode='20', event.keyCode='20', metaState='0')
I/AppiumUnicodeIME(  672): onKeyUp (keyCode='20', event.keyCode='20', metaState='0')
I/AppiumUnicodeIME(  672): onKeyDown (keyCode='20', event.keyCode='20', metaState='0')
I/AppiumUnicodeIME(  672): onKeyUp (keyCode='20', event.keyCode='20', metaState='0')
I/AppiumUnicodeIME(  672): onKeyDown (keyCode='20', event.keyCode='20', metaState='0')
I/AppiumUnicodeIME(  672): onKeyUp (keyCode='20', event.keyCode='20', metaState='0')
I/AppiumUnicodeIME(  672): onKeyDown (keyCode='23', event.keyCode='23', metaState='0')
I/AppiumUnicodeIME(  672): onKeyUp (keyCode='23', event.keyCode='23', metaState='0')
I/AppiumUnicodeIME(  672): onKeyDown (keyCode='22', event.keyCode='22', metaState='0')
I/AppiumUnicodeIME(  672): onKeyUp (keyCode='22', event.keyCode='22', metaState='0')
I/AppiumUnicodeIME(  672): onKeyDown (keyCode='22', event.keyCode='22', metaState='0')
I/AppiumUnicodeIME(  672): onKeyUp (keyCode='22', event.keyCode='22', metaState='0')
I/AppiumUnicodeIME(  672): onKeyDown (keyCode='22', event.keyCode='22', metaState='0')
I/AppiumUnicodeIME(  672): onKeyUp (keyCode='22', event.keyCode='22', metaState='0')
I/AppiumUnicodeIME(  672): onKeyDown (keyCode='19', event.keyCode='19', metaState='0')
I/AppiumUnicodeIME(  672): onKeyUp (keyCode='19', event.keyCode='19', metaState='0')
I/AppiumUnicodeIME(  672): onKeyDown (keyCode='22', event.keyCode='22', metaState='0')
I/AppiumUnicodeIME(  672): onKeyUp (keyCode='22', event.keyCode='22', metaState='0')
I/AppiumUnicodeIME(  672): onKeyDown (keyCode='20', event.keyCode='20', metaState='0')
I/AppiumUnicodeIME(  672): onKeyUp (keyCode='20', event.keyCode='20', metaState='0')
I/AppiumUnicodeIME(  672): onKeyDown (keyCode='23', event.keyCode='23', metaState='0')
I/AppiumUnicodeIME(  672): onKeyUp (keyCode='23', event.keyCode='23', metaState='0')
I/AppiumUnicodeIME(  672): onKeyDown (keyCode='82', event.keyCode='82', metaState='0')
I/AppiumUnicodeIME(  672): onKeyUp (keyCode='82', event.keyCode='82', metaState='0')
I/AppiumUnicodeIME(  672): onKeyDown (keyCode='20', event.keyCode='20', metaState='0')
I/AppiumUnicodeIME(  672): onKeyUp (keyCode='20', event.keyCode='20', metaState='0')
I/AppiumUnicodeIME(  672): onKeyDown (keyCode='150', event.keyCode='150', metaState='0')
I/AppiumUnicodeIME(  672): onKeyDown (keyCode='22', event.keyCode='22', metaState='0')
I/AppiumUnicodeIME(  672): onKeyUp (keyCode='150', event.keyCode='150', metaState='0')
I/AppiumUnicodeIME(  672): onKeyUp (keyCode='22', event.keyCode='22', metaState='0')
I/AppiumUnicodeIME(  672): onKeyDown (keyCode='22', event.keyCode='22', metaState='0')
I/AppiumUnicodeIME(  672): onKeyUp (keyCode='22', event.keyCode='22', metaState='0')
D/awcn.DefaultHeartbeatImpl( 4682): |[seq:umeng:56aadbf567e58e38d4000976.AWCN2_1] heartbeat session:Session@[umeng:56aadbf567e58e38d4000976.AWCN2_1|http2_0rtt_acs]
D/awcn.TnetSpdySession( 4682): |[seq:umeng:56aadbf567e58e38d4000976.AWCN2_1] ping host:https://umengacs.m.taobao.com thread:AWCN Scheduler1
D/awcn.TnetSpdySession( 4682): |[seq:umeng:56aadbf567e58e38d4000976.AWCN2_1] https://umengacs.m.taobao.com submit ping ms:45050 force:true
D/awcn.DefaultHeartbeatImpl( 4682): |[seq:umeng:56aadbf567e58e38d4000976.AWCN2_1] reSchedule session:Session@[umeng:56aadbf567e58e38d4000976.AWCN2_1|http2_0rtt_acs] delay:45050
I/awcn.TnetSpdySession( 4682): |[seq:umeng:56aadbf567e58e38d4000976.AWCN2_1] ping receive Host:https://umengacs.m.taobao.com id:35
W/IInputConnectionWrapper( 4682): showStatusIcon on inactive InputConnection
D/ForegroundCallbacks( 4682): went background
I/AppiumUnicodeIME(  672): onKeyDown (keyCode='19', event.keyCode='19', metaState='0')
I/AppiumUnicodeIME(  672): onKeyUp (keyCode='19', event.keyCode='19', metaState='0')
I/AppiumUnicodeIME(  672): onKeyDown (keyCode='19', event.keyCode='19', metaState='0')
I/AppiumUnicodeIME(  672): onKeyUp (keyCode='19', event.keyCode='19', metaState='0')
I/AppiumUnicodeIME(  672): onKeyDown (keyCode='21', event.keyCode='21', metaState='0')
I/AppiumUnicodeIME(  672): onKeyUp (keyCode='21', event.keyCode='21', metaState='0')
I/AppiumUnicodeIME(  672): onKeyDown (keyCode='88', event.keyCode='88', metaState='0')
I/AppiumUnicodeIME(  672): onKeyUp (keyCode='88', event.keyCode='88', metaState='0')
I/AppiumUnicodeIME(  672): onKeyDown (keyCode='21', event.keyCode='21', metaState='0')
I/AppiumUnicodeIME(  672): onKeyDown (keyCode='21', event.keyCode='21', metaState='0')
I/AppiumUnicodeIME(  672): onKeyUp (keyCode='21', event.keyCode='21', metaState='0')
I/AppiumUnicodeIME(  672): onKeyDown (keyCode='21', event.keyCode='21', metaState='0')
I/AppiumUnicodeIME(  672): onKeyUp (keyCode='21', event.keyCode='21', metaState='0')
I/AppiumUnicodeIME(  672): onKeyDown (keyCode='21', event.keyCode='21', metaState='0')
I/AppiumUnicodeIME(  672): onKeyUp (keyCode='21', event.keyCode='21', metaState='0')
I/AppiumUnicodeIME(  672): onKeyDown (keyCode='21', event.keyCode='21', metaState='0')
I/AppiumUnicodeIME(  672): onKeyUp (keyCode='21', event.keyCode='21', metaState='0')
I/AppiumUnicodeIME(  672): onKeyDown (keyCode='22', event.keyCode='22', metaState='0')
I/MediaFocusControl(  527):  AudioFocus  requestAudioFocus() from android.media.AudioManager@b74a7f3com.android.music.MediaPlaybackService$3@4c9bcb0 req=1flags=0x0
I/AppiumUnicodeIME(  672): onKeyUp (keyCode='22', event.keyCode='22', metaState='0')
I/AppiumUnicodeIME(  672): onKeyDown (keyCode='21', event.keyCode='21', metaState='0')
I/AppiumUnicodeIME(  672): onKeyUp (keyCode='21', event.keyCode='21', metaState='0')
D/PhoneStatusBar(  636): disable: < expand ICONS* alerts SYSTEM_INFO* back home recent clock search >
W/EGL_emulation(  636): eglSurfaceAttrib not implemented
W/OpenGLRenderer(  636): Failed to set EGL_SWAP_BEHAVIOR on surface 0xee8c1420, error=EGL_SUCCESS
W/ViewRootImpl(  636): Dropping event due to no window focus: KeyEvent { action=ACTION_DOWN, keyCode=KEYCODE_DPAD_RIGHT, scanCode=0, metaState=0, flags=0x8, repeatCount=0, eventTime=8150439, downTime=8150439, deviceId=-1, source=0x101 }
W/ViewRootImpl(  636): Cancelling event due to no window focus: KeyEvent { action=ACTION_UP, keyCode=KEYCODE_DPAD_RIGHT, scanCode=0, metaState=0, flags=0x28, repeatCount=0, eventTime=8150536, downTime=8150536, deviceId=-1, source=0x101 }
W/ViewRootImpl(  636): Cancelling event due to no window focus: KeyEvent { action=ACTION_UP, keyCode=KEYCODE_DPAD_RIGHT, scanCode=0, metaState=0, flags=0x28, repeatCount=0, eventTime=8150536, downTime=8150536, deviceId=-1, source=0x101 }
W/ViewRootImpl(  636): Cancelling event due to no window focus: KeyEvent { action=ACTION_UP, keyCode=KEYCODE_DPAD_RIGHT, scanCode=0, metaState=0, flags=0x28, repeatCount=0, eventTime=8150536, downTime=8150536, deviceId=-1, source=0x101 }
W/ViewRootImpl(  636): Cancelling event due to no window focus: KeyEvent { action=ACTION_UP, keyCode=KEYCODE_DPAD_RIGHT, scanCode=0, metaState=0, flags=0x28, repeatCount=0, eventTime=8150536, downTime=8150536, deviceId=-1, source=0x101 }
W/ViewRootImpl(  636): Cancelling event due to no window focus: KeyEvent { action=ACTION_UP, keyCode=KEYCODE_DPAD_RIGHT, scanCode=0, metaState=0, flags=0x28, repeatCount=0, eventTime=8150536, downTime=8150536, deviceId=-1, source=0x101 }
W/ViewRootImpl(  636): Cancelling event due to no window focus: KeyEvent { action=ACTION_UP, keyCode=KEYCODE_DPAD_RIGHT, scanCode=0, metaState=0, flags=0x28, repeatCount=0, eventTime=8150536, downTime=8150536, deviceId=-1, source=0x101 }
W/ViewRootImpl(  636): Cancelling event due to no window focus: KeyEvent { action=ACTION_UP, keyCode=KEYCODE_DPAD_RIGHT, scanCode=0, metaState=0, flags=0x28, repeatCount=0, eventTime=8150536, downTime=8150536, deviceId=-1, source=0x101 }
W/ViewRootImpl(  636): Cancelling event due to no window focus: KeyEvent { action=ACTION_UP, keyCode=KEYCODE_DPAD_RIGHT, scanCode=0, metaState=0, flags=0x28, repeatCount=0, eventTime=8150536, downTime=8150536, deviceId=-1, source=0x101 }
W/ViewRootImpl(  636): Cancelling event due to no window focus: KeyEvent { action=ACTION_UP, keyCode=KEYCODE_DPAD_RIGHT, scanCode=0, metaState=0, flags=0x28, repeatCount=0, eventTime=8150536, downTime=8150536, deviceId=-1, source=0x101 }
W/MediaSessionService(  527): Attempted to dispatch null or non-media key event.
W/MediaSessionService(  527): Attempted to dispatch null or non-media key event.
I/awcn.ComponentCallbacks2( 4682):  onTrimMemory level:20
I/awcn.SessionCenter( 4682): |[seq:[default]] [background]
I/awcn.StrategyCenter( 4682):  saveData
I/awcn.SessionCenter( 4682): |[seq:umeng:56aadbf567e58e38d4000976] [background]
I/awcn.StrategyCenter( 4682):  saveData
I/ActivityManager(  527): START u0 {act=android.intent.action.MAIN cat=[android.intent.category.LAUNCHER] flg=0x10200000 cmp=com.zzl.falcon.internal/com.zzl.falcon.EntranceActivity} from uid 0 on display 0
D/        (  527): HostConnection::get() New Host Connection established 0xee8b6f40, tid 4620
E/EGL_emulation(  502): tid 502: eglCreateSyncKHR(1209): error 0x3004 (EGL_BAD_ATTRIBUTE)
W/art     (  527): Long monitor contention event with owner method=int com.android.server.am.ActivityStackSupervisor.startActivityMayWait(android.app.IApplicationThread, int, java.lang.String, android.content.Intent, java.lang.String, android.service.voice.IVoiceInteractionSession, com.android.internal.app.IVoiceInteractor, android.os.IBinder, java.lang.String, int, int, android.app.ProfilerInfo, android.app.IActivityManager$WaitResult, android.content.res.Configuration, android.os.Bundle, int, android.app.IActivityContainer, com.android.server.am.TaskRecord) from ActivityStackSupervisor.java:857 waiters=0 for 106ms
I/ActivityManager(  527): Activity reported stop, but no longer stopping: ActivityRecord{31589bf1 u0 com.zzl.falcon.internal/com.zzl.falcon.WebViewActivity t45}
D/ForegroundCallbacks( 4682): went foreground
I/awcn.SessionCenter( 4682): |[seq:[default]] [forground]
I/awcn.SessionCenter( 4682): |[seq:umeng:56aadbf567e58e38d4000976] [forground]
D/awcn.StrategyCenter( 4682):  getSchemeByHost host:umengacs.m.taobao.com scheme:https
D/awcn.SessionCenter( 4682): |[seq:umeng:56aadbf567e58e38d4000976] getInternal u:https://umengacs.m.taobao.com TypeClass:SPDY timeout:0
D/awcn.StrategyCenter( 4682):  getSchemeByHost host:umengacs.m.taobao.com scheme:https
D/awcn.SessionCenter( 4682): |[seq:umeng:56aadbf567e58e38d4000976] get internal hit cache session session:Session@[umeng:56aadbf567e58e38d4000976.AWCN2_1|http2_0rtt_acs]
W/EGL_emulation( 4682): eglSurfaceAttrib not implemented
W/OpenGLRenderer( 4682): Failed to set EGL_SWAP_BEHAVIOR on surface 0xdd9b0480, error=EGL_SUCCESS
W/EGL_emulation(  636): eglSurfaceAttrib not implemented
W/OpenGLRenderer(  636): Failed to set EGL_SWAP_BEHAVIOR on surface 0xee8c1180, error=EGL_SUCCESS
I/art     ( 5654): System.exit called, status: 0
I/AndroidRuntime( 5654): VM exiting with result code 0.
I/art     (  636): Explicit concurrent mark sweep GC freed 6446(317KB) AllocSpace objects, 1(576KB) LOS objects, 40% free, 9MB/15MB, paused 689us total 12.956ms
I/art     (  527): Explicit concurrent mark sweep GC freed 9540(469KB) AllocSpace objects, 5(1200KB) LOS objects, 33% free, 12MB/19MB, paused 623us total 19.612ms
I/art     ( 4682): Explicit concurrent mark sweep GC freed 23365(1328KB) AllocSpace objects, 10(160KB) LOS objects, 39% free, 10MB/16MB, paused 342us total 16.074ms
I/art     ( 4682): Explicit concurrent mark sweep GC freed 693(39KB) AllocSpace objects, 0(0B) LOS objects, 40% free, 10MB/16MB, paused 518us total 13.559ms
I/art     ( 4682): Explicit concurrent mark sweep GC freed 3(96B) AllocSpace objects, 0(0B) LOS objects, 40% free, 10MB/16MB, paused 341us total 13.785ms
I/art     ( 4682): Explicit concurrent mark sweep GC freed 3(96B) AllocSpace objects, 0(0B) LOS objects, 40% free, 10MB/16MB, paused 253us total 12.651ms
I/art     ( 4682): Explicit concurrent mark sweep GC freed 3(96B) AllocSpace objects, 0(0B) LOS objects, 40% free, 10MB/16MB, paused 365us total 12.733ms
I/art     (  636): Explicit concurrent mark sweep GC freed 3745(194KB) AllocSpace objects, 1(576KB) LOS objects, 40% free, 8MB/14MB, paused 901us total 16.415ms
I/art     (  527): Explicit concurrent mark sweep GC freed 7991(412KB) AllocSpace objects, 7(1232KB) LOS objects, 33% free, 11MB/17MB, paused 834us total 21.749ms
I/art     (  636): Explicit concurrent mark sweep GC freed 3420(178KB) AllocSpace objects, 0(0B) LOS objects, 40% free, 8MB/14MB, paused 267us total 10.535ms
I/art     (  527): Explicit concurrent mark sweep GC freed 6551(259KB) AllocSpace objects, 0(0B) LOS objects, 33% free, 11MB/17MB, paused 347us total 18.386ms
I/ActivityManager(  527): Waited long enough for: ServiceRecord{3fae09cc u0 com.android.music/.MediaPlaybackService}
I/art     (  636): Explicit concurrent mark sweep GC freed 3612(188KB) AllocSpace objects, 0(0B) LOS objects, 40% free, 8MB/14MB, paused 692us total 10.836ms
I/art     (  527): Explicit concurrent mark sweep GC freed 6488(269KB) AllocSpace objects, 1(16KB) LOS objects, 33% free, 11MB/17MB, paused 553us total 18.254ms
I/art     (  636): Explicit concurrent mark sweep GC freed 3621(188KB) AllocSpace objects, 0(0B) LOS objects, 40% free, 8MB/14MB, paused 309us total 10.476ms
I/art     (  527): Explicit concurrent mark sweep GC freed 6497(269KB) AllocSpace objects, 1(16KB) LOS objects, 33% free, 11MB/17MB, paused 966us total 19.449ms
I/art     (  636): Explicit concurrent mark sweep GC freed 3779(194KB) AllocSpace objects, 0(0B) LOS objects, 39% free, 8MB/14MB, paused 444us total 10.950ms
I/art     (  527): Explicit concurrent mark sweep GC freed 8453(362KB) AllocSpace objects, 0(0B) LOS objects, 33% free, 11MB/17MB, paused 1.282ms total 19.827ms
I/art     (  636): Explicit concurrent mark sweep GC freed 3624(188KB) AllocSpace objects, 0(0B) LOS objects, 40% free, 8MB/14MB, paused 292us total 10.171ms
I/art     (  527): Explicit concurrent mark sweep GC freed 5978(235KB) AllocSpace objects, 0(0B) LOS objects, 33% free, 11MB/17MB, paused 545us total 23.637ms
D/AndroidRuntime( 5732): >>>>>> START com.android.internal.os.RuntimeInit uid 0 <<<<<<
D/AndroidRuntime( 5732): CheckJNI is OFF
E/memtrack( 5732): Couldn't load memtrack module (No such file or directory)
E/android.os.Debug( 5732): failed to load memtrack module: -2
D/AndroidRuntime( 5732): Calling main entry com.android.commands.pm.Pm
I/art     ( 5732): System.exit called, status: 0
I/AndroidRuntime( 5732): VM exiting with result code 0.
I/art     (  636): Explicit concurrent mark sweep GC freed 3612(188KB) AllocSpace objects, 0(0B) LOS objects, 39% free, 8MB/14MB, paused 253us total 11.170ms
I/art     (  527): Explicit concurrent mark sweep GC freed 6509(267KB) AllocSpace objects, 0(0B) LOS objects, 33% free, 11MB/17MB, paused 563us total 18.047ms
I/art     (  636): Explicit concurrent mark sweep GC freed 3967(201KB) AllocSpace objects, 0(0B) LOS objects, 39% free, 8MB/14MB, paused 773us total 11.448ms
D/awcn.DefaultHeartbeatImpl( 4682): |[seq:umeng:56aadbf567e58e38d4000976.AWCN2_1] heartbeat session:Session@[umeng:56aadbf567e58e38d4000976.AWCN2_1|http2_0rtt_acs]
D/awcn.TnetSpdySession( 4682): |[seq:umeng:56aadbf567e58e38d4000976.AWCN2_1] ping host:https://umengacs.m.taobao.com thread:AWCN Scheduler1
D/awcn.TnetSpdySession( 4682): |[seq:umeng:56aadbf567e58e38d4000976.AWCN2_1] https://umengacs.m.taobao.com submit ping ms:45051 force:true
D/awcn.DefaultHeartbeatImpl( 4682): |[seq:umeng:56aadbf567e58e38d4000976.AWCN2_1] reSchedule session:Session@[umeng:56aadbf567e58e38d4000976.AWCN2_1|http2_0rtt_acs] delay:45051
I/awcn.TnetSpdySession( 4682): |[seq:umeng:56aadbf567e58e38d4000976.AWCN2_1] ping receive Host:https://umengacs.m.taobao.com id:37
I/art     (  527): Explicit concurrent mark sweep GC freed 6584(260KB) AllocSpace objects, 0(0B) LOS objects, 33% free, 11MB/17MB, paused 436us total 20.372ms
I/art     (  636): Explicit concurrent mark sweep GC freed 3642(189KB) AllocSpace objects, 0(0B) LOS objects, 39% free, 8MB/14MB, paused 310us total 10.385ms
I/art     (  527): Explicit concurrent mark sweep GC freed 6946(280KB) AllocSpace objects, 0(0B) LOS objects, 33% free, 11MB/17MB, paused 923us total 18.481ms
I/art     (  636): Explicit concurrent mark sweep GC freed 3630(188KB) AllocSpace objects, 0(0B) LOS objects, 40% free, 8MB/14MB, paused 688us total 13.266ms
I/art     (  527): Explicit concurrent mark sweep GC freed 6090(239KB) AllocSpace objects, 0(0B) LOS objects, 33% free, 11MB/17MB, paused 788us total 18.914ms
I/MediaFocusControl(  527):  AudioFocus  abandonAudioFocus() from android.media.AudioManager@b74a7f3com.android.music.MediaPlaybackService$3@4c9bcb0
V/MusicFXControlPanelReceiver( 2300): onReceive
V/MusicFXControlPanelReceiver( 2300): Action: android.media.action.CLOSE_AUDIO_EFFECT_CONTROL_SESSION
V/MusicFXControlPanelReceiver( 2300): Package name: com.android.music
V/MusicFXControlPanelReceiver( 2300): Audio session: 785
V/MusicFXControlPanelEffect( 2300): closeSession(android.app.ReceiverRestrictedContext@2bbe0fee, com.android.music, 785)
I/art     (  636): Explicit concurrent mark sweep GC freed 3603(187KB) AllocSpace objects, 0(0B) LOS objects, 40% free, 8MB/14MB, paused 284us total 10.661ms
I/art     (  527): Explicit concurrent mark sweep GC freed 6544(260KB) AllocSpace objects, 0(0B) LOS objects, 33% free, 11MB/17MB, paused 858us total 27.691ms
I/art     (  636): Explicit concurrent mark sweep GC freed 3621(188KB) AllocSpace objects, 0(0B) LOS objects, 40% free, 8MB/14MB, paused 485us total 10.263ms
I/art     (  527): Explicit concurrent mark sweep GC freed 6850(274KB) AllocSpace objects, 0(0B) LOS objects, 33% free, 11MB/17MB, paused 739us total 18.404ms
I/art     (  636): Explicit concurrent mark sweep GC freed 3622(188KB) AllocSpace objects, 0(0B) LOS objects, 40% free, 8MB/14MB, paused 404us total 10.634ms
I/art     (  527): Explicit concurrent mark sweep GC freed 6427(254KB) AllocSpace objects, 0(0B) LOS objects, 33% free, 11MB/17MB, paused 746us total 17.481ms
I/art     (  636): Explicit concurrent mark sweep GC freed 3612(188KB) AllocSpace objects, 0(0B) LOS objects, 40% free, 8MB/14MB, paused 575us total 11.278ms
I/art     (  527): Explicit concurrent mark sweep GC freed 5940(233KB) AllocSpace objects, 0(0B) LOS objects, 33% free, 11MB/17MB, paused 583us total 18.509ms
I/art     (  636): Explicit concurrent mark sweep GC freed 3621(188KB) AllocSpace objects, 0(0B) LOS objects, 40% free, 8MB/14MB, paused 597us total 10.035ms
I/art     (  527): Explicit concurrent mark sweep GC freed 6420(254KB) AllocSpace objects, 0(0B) LOS objects, 33% free, 11MB/17MB, paused 1.069ms total 20.426ms
D/NetworkMonitor/NetworkAgentInfo [WIFI () - 105](  527): OfflineState{ when=-96ms what=532488 arg2=1 target=com.android.internal.util.StateMachine$SmHandler }
D/NetworkMonitor/NetworkAgentInfo [WIFI () - 105](  527): DefaultState{ when=-96ms what=532488 arg2=1 target=com.android.internal.util.StateMachine$SmHandler }
D/NetworkMonitor/NetworkAgentInfo [WIFI () - 105](  527): Forcing reevaluation
D/NetworkMonitor/NetworkAgentInfo [WIFI () - 105](  527): EvaluatingState{ when=0 what=532486 arg1=6 target=com.android.internal.util.StateMachine$SmHandler }
D/NetworkMonitor/NetworkAgentInfo [WIFI () - 105](  527): Checking http://connectivitycheck.android.com/generate_204 on "WiredSSID"
I/art     (  636): Explicit concurrent mark sweep GC freed 3622(188KB) AllocSpace objects, 0(0B) LOS objects, 40% free, 8MB/14MB, paused 470us total 12.105ms
I/art     (  527): Explicit concurrent mark sweep GC freed 6996(282KB) AllocSpace objects, 0(0B) LOS objects, 33% free, 11MB/17MB, paused 766us total 18.145ms
D/awcn.DefaultHeartbeatImpl( 4682): |[seq:umeng:56aadbf567e58e38d4000976.AWCN2_1] heartbeat session:Session@[umeng:56aadbf567e58e38d4000976.AWCN2_1|http2_0rtt_acs]
D/awcn.TnetSpdySession( 4682): |[seq:umeng:56aadbf567e58e38d4000976.AWCN2_1] ping host:https://umengacs.m.taobao.com thread:AWCN Scheduler1
D/awcn.TnetSpdySession( 4682): |[seq:umeng:56aadbf567e58e38d4000976.AWCN2_1] https://umengacs.m.taobao.com submit ping ms:45052 force:true
D/awcn.DefaultHeartbeatImpl( 4682): |[seq:umeng:56aadbf567e58e38d4000976.AWCN2_1] reSchedule session:Session@[umeng:56aadbf567e58e38d4000976.AWCN2_1|http2_0rtt_acs] delay:45052
I/awcn.TnetSpdySession( 4682): |[seq:umeng:56aadbf567e58e38d4000976.AWCN2_1] ping receive Host:https://umengacs.m.taobao.com id:39
I/art     (  636): Explicit concurrent mark sweep GC freed 3621(188KB) AllocSpace objects, 0(0B) LOS objects, 40% free, 8MB/14MB, paused 224us total 10.059ms
I/art     (  527): Explicit concurrent mark sweep GC freed 6644(283KB) AllocSpace objects, 0(0B) LOS objects, 33% free, 11MB/17MB, paused 852us total 23.600ms
D/NetworkMonitor/NetworkAgentInfo [WIFI () - 105](  527): Probably not a portal: exception java.net.SocketTimeoutException: failed to connect to connectivitycheck.android.com/172.217.27.142 (port 80) after 10000ms
D/ConnectivityService(  527): setProvNotificationVisibleIntent: E visible=false networkType=0 extraInfo=null
I/art     (  636): Explicit concurrent mark sweep GC freed 3612(188KB) AllocSpace objects, 0(0B) LOS objects, 39% free, 8MB/14MB, paused 223us total 10.793ms
I/art     (  527): Explicit concurrent mark sweep GC freed 6321(252KB) AllocSpace objects, 0(0B) LOS objects, 33% free, 11MB/17MB, paused 784us total 17.194ms
I/art     (  636): Explicit concurrent mark sweep GC freed 3621(188KB) AllocSpace objects, 0(0B) LOS objects, 39% free, 8MB/14MB, paused 260us total 11.539ms
I/art     (  527): Explicit concurrent mark sweep GC freed 6442(255KB) AllocSpace objects, 0(0B) LOS objects, 33% free, 11MB/17MB, paused 2.898ms total 141.739ms
I/art     (  636): Explicit concurrent mark sweep GC freed 3968(201KB) AllocSpace objects, 0(0B) LOS objects, 39% free, 8MB/14MB, paused 283us total 10.446ms
I/art     (  527): Explicit concurrent mark sweep GC freed 6936(278KB) AllocSpace objects, 0(0B) LOS objects, 33% free, 11MB/17MB, paused 1.195ms total 20.226ms
I/art     (  636): Explicit concurrent mark sweep GC freed 3641(189KB) AllocSpace objects, 0(0B) LOS objects, 39% free, 8MB/14MB, paused 522us total 11.114ms
I/art     (  527): Explicit concurrent mark sweep GC freed 6444(255KB) AllocSpace objects, 0(0B) LOS objects, 33% free, 11MB/17MB, paused 445us total 18.506ms
I/art     (  636): Explicit concurrent mark sweep GC freed 3612(188KB) AllocSpace objects, 0(0B) LOS objects, 40% free, 8MB/14MB, paused 369us total 11.511ms
I/art     (  527): Explicit concurrent mark sweep GC freed 6429(255KB) AllocSpace objects, 0(0B) LOS objects, 33% free, 11MB/17MB, paused 752us total 19.564ms
I/art     (  636): Explicit concurrent mark sweep GC freed 3621(188KB) AllocSpace objects, 0(0B) LOS objects, 40% free, 8MB/14MB, paused 225us total 10.005ms
I/art     (  527): Explicit concurrent mark sweep GC freed 5940(233KB) AllocSpace objects, 0(0B) LOS objects, 33% free, 11MB/17MB, paused 711us total 17.467ms
I/art     (  636): Explicit concurrent mark sweep GC freed 3622(188KB) AllocSpace objects, 0(0B) LOS objects, 40% free, 8MB/14MB, paused 266us total 11.716ms
I/art     (  527): Explicit concurrent mark sweep GC freed 6810(272KB) AllocSpace objects, 0(0B) LOS objects, 33% free, 11MB/17MB, paused 887us total 18.756ms
I/tnet-jni( 1217): 105 - [spdyPingRecvCallback] - 
I/tnet-jni( 1217): 105 - [SpdySessionCallBack.spdyPingRecvCallback] - org.android.spdy.SpdySession@2d7e5d8e
D/accs.SpdyConnection( 1217):  spdyPingRecvCallback uniId:18
D/accs.MessageHandler( 1217):  onRcvPing
D/accs.HeartbeatManager( 1217):  onHeartbeatSucc
D/accs.OrangeAdapter( 1217):  isSmartHb result:true
D/accs.HeartbeatManager( 1217):  set 270
D/accs.AccsJobService( 4764):  onStartJob
I/accs.ElectionServiceImpl( 4764):  onStartCommand begin action:com.taobao.accs.intent.action.COMMAND
I/accs.OrangeAdapter( 4764):  isElectionEnable result:false
I/accs.OrangeAdapter( 4764):  isElectionEnable result:false
I/accs.ElectionServiceImpl( 4764):  deliver to channelservice host pkg:
I/accs.ServiceImpl( 4764):  onHostStartCommand:Intent { act=com.taobao.accs.intent.action.COMMAND pkg=com.zzl.falcon.internal cmp=com.zzl.falcon.internal/com.taobao.accs.ChannelService (has extras) }
D/accs.ServiceImpl( 4764):  key command: value 201
I/accs.LoadSoFailUtil( 4764):  getSoFailTimes times:0
D/accs.SilenceConn_umeng:56aadbf567e58e38d4000976( 4764):  try ping, force:false
D/accs.SilenceConn_umeng:56aadbf567e58e38d4000976( 4764):  send message, PING delay:0 dataId:34
I/accs.ServiceImpl( 4764):  tryConnect appkey:0 configTag:umeng:56aadbf567e58e38d4000976|0
D/accs.NetworkThread_umeng:56aadbf567e58e38d4000976( 4764):  try get message
D/accs.NetworkThread_umeng:56aadbf567e58e38d4000976( 4764):  send message not null
I/accs.NetworkThread_umeng:56aadbf567e58e38d4000976( 4764):  0 send:PING status:3
D/accs.OrangeAdapter( 4764):  isSmartHb result:true
D/accs.NetworkThread_umeng:56aadbf567e58e38d4000976( 4764):  ms:279567 force:false
I/accs.ServiceImpl( 4764):  command:201
E/accs.NetworkThread_umeng:56aadbf567e58e38d4000976( 4764):  0 try connect, force = true failTimes = 0
I/accs.NetworkThread_umeng:56aadbf567e58e38d4000976( 4764):  0 try connect, need sleep
D/accs.SilenceConn_umeng:56aadbf567e58e38d4000976( 4764):  send message, PING delay:0 dataId:35
D/accs.SilenceConn_umeng:56aadbf567e58e38d4000976( 4764):  clearRepeatControlCommand message:201/
D/accs.MonitorStatistic( 4764):  commitUT interval:1196223 interval1:1596451
D/awcn.DefaultHeartbeatImpl( 4682): |[seq:umeng:56aadbf567e58e38d4000976.AWCN2_1] heartbeat session:Session@[umeng:56aadbf567e58e38d4000976.AWCN2_1|http2_0rtt_acs]
D/awcn.TnetSpdySession( 4682): |[seq:umeng:56aadbf567e58e38d4000976.AWCN2_1] ping host:https://umengacs.m.taobao.com thread:AWCN Scheduler1
D/awcn.TnetSpdySession( 4682): |[seq:umeng:56aadbf567e58e38d4000976.AWCN2_1] https://umengacs.m.taobao.com submit ping ms:45050 force:true
D/awcn.DefaultHeartbeatImpl( 4682): |[seq:umeng:56aadbf567e58e38d4000976.AWCN2_1] reSchedule session:Session@[umeng:56aadbf567e58e38d4000976.AWCN2_1|http2_0rtt_acs] delay:45050
I/awcn.TnetSpdySession( 4682): |[seq:umeng:56aadbf567e58e38d4000976.AWCN2_1] ping receive Host:https://umengacs.m.taobao.com id:41
I/art     (  636): Explicit concurrent mark sweep GC freed 3621(188KB) AllocSpace objects, 0(0B) LOS objects, 40% free, 8MB/14MB, paused 368us total 10.626ms
I/art     (  527): Explicit concurrent mark sweep GC freed 6673(266KB) AllocSpace objects, 0(0B) LOS objects, 33% free, 11MB/17MB, paused 866us total 19.027ms
D/Genyd   (  116): Received Set Clipboard
D/Genymotion(  116): Received Set Clipboard
I/accs.SilenceConn_umeng:56aadbf567e58e38d4000976( 4764):  0 getChannelHost:accscdn.m.taobao.com
D/awcn.LocalDnsStrategyTable( 4764):  try resolve ip with local dns host:accscdn.m.taobao.com
D/getConnStrategyListByHost( 4764): |[seq:host] accscdn.m.taobao.com:result [{140.205.195.62 80 http}, {140.205.195.62 443 https}]
I/accs.SilenceConn_umeng:56aadbf567e58e38d4000976( 4764):  0 getChannelHost:accscdn.m.taobao.com
I/accs.SilenceConn_umeng:56aadbf567e58e38d4000976( 4764):  0 get ip from amdc fail!!
E/accs.SilenceConn_umeng:56aadbf567e58e38d4000976( 4764):  0 connect URL:https://accscdn.m.taobao.com:80/accs/
E/accs.SilenceConn_umeng:56aadbf567e58e38d4000976( 4764):  0 connect normal
I/accs.SilenceConn_umeng:56aadbf567e58e38d4000976( 4764):  0 getChannelHost:accscdn.m.taobao.com
I/tnet-jni( 4764): 227 -  create new session: accscdn.m.taobao.com:80
E/accs.SilenceConn_umeng:56aadbf567e58e38d4000976( 4764):  0 notifyStatus:CONNECTING
I/accs.SilenceConn_umeng:56aadbf567e58e38d4000976( 4764):  0 notifyStatus:CONNECTING handled
I/tnet-jni( 4764): 221 - [spdySessionFailedError] - 
I/tnet-jni( 4764): 221 - [SpdySessionCallBack.spdySessionFailedError] - org.android.spdy.SpdySession@37591186
D/tnet-jni( 4764): 221 - [SpdySession.cleanUp] - 
E/accs.SilenceConn_umeng:56aadbf567e58e38d4000976( 4764):  0 spdySessionFailedError, retryTimes:0 errorId:-3530
E/accs.SilenceConn_umeng:56aadbf567e58e38d4000976( 4764):  0 notifyStatus:DISCONNECTED
D/accs.OrangeAdapter( 4764):  isSmartHb result:true
D/accs.HeartbeatManager( 4764):  set 270
D/accs.HeartbeatManager( 4764):  onNetworkFail
D/accs.SilenceConn_umeng:56aadbf567e58e38d4000976( 4764):  try ping, force:false
E/accs.NetworkThread_umeng:56aadbf567e58e38d4000976( 4764):  0 try connect fail, ready for reconnect
E/accs.NetworkThread_umeng:56aadbf567e58e38d4000976( 4764):  0 try connect, force = false failTimes = 1
I/accs.NetworkThread_umeng:56aadbf567e58e38d4000976( 4764):  0 try connect, need sleep
D/accs.SilenceConn_umeng:56aadbf567e58e38d4000976( 4764):  send message, PING delay:8900 dataId:36
I/accs.SilenceConn_umeng:56aadbf567e58e38d4000976( 4764):  0 notifyStatus:DISCONNECTED handled
D/accs.UTMini( 4764):  commitEvent fail java.lang.NoClassDefFoundError: Failed resolution of: Lcom/ut/mini/internal/UTOriginalCustomHitBuilder;
D/tnet-jni( 4764): 221 - [SpdySession.clearAllStreamCb] - 
D/tnet-jni( 4764): 221 - [SpdySession.cleanUp] - 
I/art     (  636): Explicit concurrent mark sweep GC freed 3612(188KB) AllocSpace objects, 0(0B) LOS objects, 40% free, 8MB/14MB, paused 308us total 10.907ms
I/art     (  527): Explicit concurrent mark sweep GC freed 7186(298KB) AllocSpace objects, 0(0B) LOS objects, 33% free, 11MB/17MB, paused 338us total 18.074ms
I/accs.SilenceConn_umeng:56aadbf567e58e38d4000976( 4764):  0 getChannelHost:accscdn.m.taobao.com
D/awcn.LocalDnsStrategyTable( 4764):  try resolve ip with local dns host:accscdn.m.taobao.com
D/getConnStrategyListByHost( 4764): |[seq:host] accscdn.m.taobao.com:result [{140.205.195.62 80 http}, {140.205.195.62 443 https}]
I/accs.SilenceConn_umeng:56aadbf567e58e38d4000976( 4764):  0 getChannelHost:accscdn.m.taobao.com
