I/AppiumUnicodeIME(  672): onKeyDown (keyCode='82', event.keyCode='82', metaState='0')
I/AppiumUnicodeIME(  672): onKeyUp (keyCode='82', event.keyCode='82', metaState='0')
I/AppiumUnicodeIME(  672): onKeyDown (keyCode='22', event.keyCode='22', metaState='0')
I/AppiumUnicodeIME(  672): onKeyUp (keyCode='22', event.keyCode='22', metaState='0')
I/dhcpcd  ( 6065): eth1: rebinding lease of 10.0.3.15
I/AppiumUnicodeIME(  672): onKeyDown (keyCode='21', event.keyCode='21', metaState='0')
I/AppiumUnicodeIME(  672): onKeyUp (keyCode='21', event.keyCode='21', metaState='0')
I/AppiumUnicodeIME(  672): onKeyDown (keyCode='21', event.keyCode='21', metaState='0')
I/AppiumUnicodeIME(  672): onKeyUp (keyCode='21', event.keyCode='21', metaState='0')
I/dhcpcd  ( 6065): eth1: acknowledged 10.0.3.15 from 10.0.3.2
I/AppiumUnicodeIME(  672): onKeyDown (keyCode='20', event.keyCode='20', metaState='0')
I/AppiumUnicodeIME(  672): onKeyUp (keyCode='20', event.keyCode='20', metaState='0')
I/AppiumUnicodeIME(  672): onKeyDown (keyCode='20', event.keyCode='20', metaState='0')
I/AppiumUnicodeIME(  672): onKeyUp (keyCode='20', event.keyCode='20', metaState='0')
I/AppiumUnicodeIME(  672): onKeyDown (keyCode='20', event.keyCode='20', metaState='0')
I/AppiumUnicodeIME(  672): onKeyUp (keyCode='20', event.keyCode='20', metaState='0')
D/TaskPersister(  527): removeObsoleteFile: deleting file=46_task.xml
D/TaskPersister(  527): removeObsoleteFile: deleting file=46_task_thumbnail.png
I/AppiumUnicodeIME(  672): onKeyDown (keyCode='20', event.keyCode='20', metaState='0')
I/dhcpcd  ( 6065): eth1: leased 10.0.3.15 for 86400 seconds
I/AppiumUnicodeIME(  672): onKeyDown (keyCode='228', event.keyCode='228', metaState='0')
I/AppiumUnicodeIME(  672): onKeyUp (keyCode='228', event.keyCode='228', metaState='0')
I/AppiumUnicodeIME(  672): onKeyDown (keyCode='21', event.keyCode='21', metaState='0')
I/AppiumUnicodeIME(  672): onKeyUp (keyCode='21', event.keyCode='21', metaState='0')
I/AppiumUnicodeIME(  672): onKeyDown (keyCode='22', event.keyCode='22', metaState='0')
I/AppiumUnicodeIME(  672): onKeyUp (keyCode='22', event.keyCode='22', metaState='0')
I/AppiumUnicodeIME(  672): onKeyDown (keyCode='22', event.keyCode='22', metaState='0')
I/AppiumUnicodeIME(  672): onKeyUp (keyCode='22', event.keyCode='22', metaState='0')
I/AppiumUnicodeIME(  672): onKeyDown (keyCode='22', event.keyCode='22', metaState='0')
I/AppiumUnicodeIME(  672): onKeyUp (keyCode='22', event.keyCode='22', metaState='0')
D/MccTable(  741): updateMccMncConfiguration mccmnc='310270' fromServiceState=false
I/AppiumUnicodeIME(  672): onKeyDown (keyCode='19', event.keyCode='19', metaState='0')
I/AppiumUnicodeIME(  672): onKeyUp (keyCode='19', event.keyCode='19', metaState='0')
I/AppiumUnicodeIME(  672): onKeyDown (keyCode='19', event.keyCode='19', metaState='0')
I/AppiumUnicodeIME(  672): onKeyUp (keyCode='19', event.keyCode='19', metaState='0')
I/AppiumUnicodeIME(  672): onKeyDown (keyCode='19', event.keyCode='19', metaState='0')
I/AppiumUnicodeIME(  672): onKeyUp (keyCode='19', event.keyCode='19', metaState='0')
D/MccTable(  741): updateMccMncConfiguration defaultMccMnc=310270
D/MccTable(  741): updateMccMncConfiguration: mcc=310, mnc=270
D/MccTable(  741): defaultLanguageForMcc(310): country us uses en
D/MccTable(  741): getLocaleFromMcc to en_us mcc=310
D/MccTable(  741): getLocaleForLanguageCountry: skipping already persisted
D/MccTable(  741): updateMccMncConfiguration updateConfig config={1.0 310mcc270mnc ?locale ?layoutDir ?swdp ?wdp ?hdp ?density ?lsize ?long ?orien ?uimode ?night ?touch ?keyb/?/? ?nav/?}
I/AppiumUnicodeIME(  672): onKeyDown (keyCode='21', event.keyCode='21', metaState='0')
I/AppiumUnicodeIME(  672): onKeyDown (keyCode='21', event.keyCode='21', metaState='0')
I/AppiumUnicodeIME(  672): onKeyUp (keyCode='21', event.keyCode='21', metaState='0')
I/AppiumUnicodeIME(  672): onKeyDown (keyCode='21', event.keyCode='21', metaState='0')
I/AppiumUnicodeIME(  672): onKeyUp (keyCode='21', event.keyCode='21', metaState='0')
I/AppiumUnicodeIME(  672): onKeyDown (keyCode='21', event.keyCode='21', metaState='0')
I/AppiumUnicodeIME(  672): onKeyUp (keyCode='21', event.keyCode='21', metaState='0')
I/AppiumUnicodeIME(  672): onKeyDown (keyCode='23', event.keyCode='23', metaState='0')
I/AppiumUnicodeIME(  672): onKeyUp (keyCode='23', event.keyCode='23', metaState='0')
I/AppiumUnicodeIME(  672): onKeyDown (keyCode='20', event.keyCode='20', metaState='0')
I/AppiumUnicodeIME(  672): onKeyUp (keyCode='20', event.keyCode='20', metaState='0')
I/AppiumUnicodeIME(  672): onKeyDown (keyCode='174', event.keyCode='174', metaState='0')
I/AppiumUnicodeIME(  672): onKeyUp (keyCode='174', event.keyCode='174', metaState='0')
I/AppiumUnicodeIME(  672): onKeyDown (keyCode='23', event.keyCode='23', metaState='0')
D/GpsLocationProvider(  527): received SIM realted action: 
I/AppiumUnicodeIME(  672): onKeyUp (keyCode='23', event.keyCode='23', metaState='0')
D/GpsLocationProvider(  527): SIM MCC/MNC is available: 310270
D/GpsLocationProvider(  527): Reset GPS properties, previous size = 8
D/GpsLocationProvider(  527): GpsParamsResource: SUPL_HOST=supl.google.com
D/GpsLocationProvider(  527): GpsParamsResource: SUPL_PORT=7275
D/GpsLocationProvider(  527): GpsParamsResource: NTP_SERVER=north-america.pool.ntp.org
D/GpsLocationProvider(  527): GpsParamsResource: SUPL_VER=0x20000
D/GpsLocationProvider(  527): GpsParamsResource: SUPL_MODE=1
D/GpsLocationProvider(  527): GPS properties reloaded, size = 8
E/GpsLocationProvider(  527): no AGPS interface in set_agps_server
E/GpsLocationProvider(  527): no GPS configuration interface in configuraiton_update
D/GpsLocationProvider(  527): final config = #Sat Jan 13 04:13:44 EST 2018
D/GpsLocationProvider(  527): SUPL_VER=0x20000
D/GpsLocationProvider(  527): SUPL_HOST=supl.google.com
D/GpsLocationProvider(  527): XTRA_SERVER_3=http\://xtra3.gpsonextra.net/xtra.bin
D/GpsLocationProvider(  527): XTRA_SERVER_1=http\://xtra1.gpsonextra.net/xtra.bin
D/GpsLocationProvider(  527): SUPL_PORT=7276
D/GpsLocationProvider(  527): XTRA_SERVER_2=http\://xtra2.gpsonextra.net/xtra.bin
D/GpsLocationProvider(  527): NTP_SERVER=north-america.pool.ntp.org
D/GpsLocationProvider(  527): SUPL_MODE=1
D/MccTable(  741): updateMccMncConfiguration mccmnc='310270' fromServiceState=false
D/MccTable(  741): updateMccMncConfiguration defaultMccMnc=310270
D/MccTable(  741): updateMccMncConfiguration: mcc=310, mnc=270
D/MccTable(  741): defaultLanguageForMcc(310): country us uses en
D/MccTable(  741): getLocaleFromMcc to en_us mcc=310
D/MccTable(  741): getLocaleForLanguageCountry: skipping already persisted
D/MccTable(  741): updateMccMncConfiguration updateConfig config={1.0 310mcc270mnc ?locale ?layoutDir ?swdp ?wdp ?hdp ?density ?lsize ?long ?orien ?uimode ?night ?touch ?keyb/?/? ?nav/?}
I/AppiumUnicodeIME(  672): onKeyDown (keyCode='19', event.keyCode='19', metaState='0')
I/AppiumUnicodeIME(  672): onKeyDown (keyCode='19', event.keyCode='19', metaState='0')
I/AppiumUnicodeIME(  672): onKeyUp (keyCode='19', event.keyCode='19', metaState='0')
I/AppiumUnicodeIME(  672): onKeyDown (keyCode='19', event.keyCode='19', metaState='0')
I/AppiumUnicodeIME(  672): onKeyUp (keyCode='19', event.keyCode='19', metaState='0')
I/AppiumUnicodeIME(  672): onKeyDown (keyCode='19', event.keyCode='19', metaState='0')
I/AppiumUnicodeIME(  672): onKeyUp (keyCode='19', event.keyCode='19', metaState='0')
I/AppiumUnicodeIME(  672): onKeyDown (keyCode='20', event.keyCode='20', metaState='0')
I/AppiumUnicodeIME(  672): onKeyUp (keyCode='20', event.keyCode='20', metaState='0')
I/AppiumUnicodeIME(  672): onKeyDown (keyCode='20', event.keyCode='20', metaState='0')
I/AppiumUnicodeIME(  672): onKeyUp (keyCode='20', event.keyCode='20', metaState='0')
I/AppiumUnicodeIME(  672): onKeyDown (keyCode='20', event.keyCode='20', metaState='0')
I/AppiumUnicodeIME(  672): onKeyUp (keyCode='20', event.keyCode='20', metaState='0')
I/AppiumUnicodeIME(  672): onKeyDown (keyCode='20', event.keyCode='20', metaState='0')
I/AppiumUnicodeIME(  672): onKeyUp (keyCode='20', event.keyCode='20', metaState='0')
V/KeyguardUpdateMonitor(  636): action android.intent.action.SIM_STATE_CHANGED state: IMSI slotId: 0 subid: 1
I/AppiumUnicodeIME(  672): onKeyDown (keyCode='23', event.keyCode='23', metaState='0')
I/AppiumUnicodeIME(  672): onKeyUp (keyCode='23', event.keyCode='23', metaState='0')
I/AppiumUnicodeIME(  672): onKeyDown (keyCode='22', event.keyCode='22', metaState='0')
I/AppiumUnicodeIME(  672): onKeyUp (keyCode='22', event.keyCode='22', metaState='0')
I/AppiumUnicodeIME(  672): onKeyDown (keyCode='82', event.keyCode='82', metaState='0')
I/AppiumUnicodeIME(  672): onKeyUp (keyCode='82', event.keyCode='82', metaState='0')
I/AppiumUnicodeIME(  672): onKeyDown (keyCode='23', event.keyCode='23', metaState='0')
I/AppiumUnicodeIME(  672): onKeyUp (keyCode='23', event.keyCode='23', metaState='0')
I/AppiumUnicodeIME(  672): onKeyDown (keyCode='21', event.keyCode='21', metaState='0')
W/AudioTrack(  527): AUDIO_OUTPUT_FLAG_FAST denied by client
I/AppiumUnicodeIME(  672): onKeyUp (keyCode='21', event.keyCode='21', metaState='0')
I/ActivityManager(  527): START u0 {act=android.settings.SETTINGS flg=0x14000000 cmp=com.android.settings/.Settings} from uid 10013 on display 0
I/AppiumUnicodeIME(  672): onKeyDown (keyCode='23', event.keyCode='23', metaState='0')
I/AppiumUnicodeIME(  672): onKeyUp (keyCode='23', event.keyCode='23', metaState='0')
D/GpsLocationProvider(  527): received SIM realted action: 
D/KeyguardUpdateMonitor(  636): handleSimStateChange(subId=1, slotId=0, state=READY)
D/GpsLocationProvider(  527): SIM MCC/MNC is available: 310270
D/GpsLocationProvider(  527): Reset GPS properties, previous size = 8
D/GpsLocationProvider(  527): GpsParamsResource: SUPL_HOST=supl.google.com
D/GpsLocationProvider(  527): GpsParamsResource: SUPL_PORT=7275
D/GpsLocationProvider(  527): GpsParamsResource: NTP_SERVER=north-america.pool.ntp.org
D/GpsLocationProvider(  527): GpsParamsResource: SUPL_VER=0x20000
D/GpsLocationProvider(  527): GpsParamsResource: SUPL_MODE=1
I/AppiumUnicodeIME(  672): onKeyDown (keyCode='21', event.keyCode='21', metaState='0')
I/AppiumUnicodeIME(  672): onKeyUp (keyCode='21', event.keyCode='21', metaState='0')
I/AppiumUnicodeIME(  672): onKeyDown (keyCode='21', event.keyCode='21', metaState='0')
I/AppiumUnicodeIME(  672): onKeyUp (keyCode='21', event.keyCode='21', metaState='0')
I/AppiumUnicodeIME(  672): onKeyDown (keyCode='21', event.keyCode='21', metaState='0')
I/AppiumUnicodeIME(  672): onKeyUp (keyCode='21', event.keyCode='21', metaState='0')
D/GpsLocationProvider(  527): GPS properties reloaded, size = 8
E/GpsLocationProvider(  527): no AGPS interface in set_agps_server
E/GpsLocationProvider(  527): no GPS configuration interface in configuraiton_update
D/GpsLocationProvider(  527): final config = #Sat Jan 13 04:13:44 EST 2018
D/GpsLocationProvider(  527): SUPL_VER=0x20000
D/GpsLocationProvider(  527): SUPL_HOST=supl.google.com
D/GpsLocationProvider(  527): XTRA_SERVER_3=http\://xtra3.gpsonextra.net/xtra.bin
D/GpsLocationProvider(  527): XTRA_SERVER_1=http\://xtra1.gpsonextra.net/xtra.bin
D/GpsLocationProvider(  527): SUPL_PORT=7276
D/GpsLocationProvider(  527): XTRA_SERVER_2=http\://xtra2.gpsonextra.net/xtra.bin
D/GpsLocationProvider(  527): NTP_SERVER=north-america.pool.ntp.org
D/GpsLocationProvider(  527): SUPL_MODE=1
I/AppiumUnicodeIME(  672): onKeyDown (keyCode='82', event.keyCode='82', metaState='0')
I/AppiumUnicodeIME(  672): onKeyUp (keyCode='82', event.keyCode='82', metaState='0')
I/AppiumUnicodeIME(  672): onKeyDown (keyCode='22', event.keyCode='22', metaState='0')
I/Telephony(  741): PstnIncomingCallNotifier: Unregistering: Handler (com.android.internal.telephony.gsm.GSMPhone) {1f3b226b}
I/AppiumUnicodeIME(  672): onKeyUp (keyCode='22', event.keyCode='22', metaState='0')
I/AppiumUnicodeIME(  672): onKeyDown (keyCode='104', event.keyCode='104', metaState='0')
I/AppiumUnicodeIME(  672): onKeyUp (keyCode='104', event.keyCode='104', metaState='0')
I/AppiumUnicodeIME(  672): onKeyDown (keyCode='22', event.keyCode='22', metaState='0')
I/AppiumUnicodeIME(  672): onKeyUp (keyCode='22', event.keyCode='22', metaState='0')
I/AppiumUnicodeIME(  672): onKeyDown (keyCode='20', event.keyCode='20', metaState='0')
I/AppiumUnicodeIME(  672): onKeyUp (keyCode='20', event.keyCode='20', metaState='0')
I/AppiumUnicodeIME(  672): onKeyDown (keyCode='192', event.keyCode='192', metaState='0')
I/AppiumUnicodeIME(  672): onKeyDown (keyCode='23', event.keyCode='23', metaState='0')
I/AppiumUnicodeIME(  672): onKeyUp (keyCode='192', event.keyCode='192', metaState='0')
I/Telephony(  741): PstnIncomingCallNotifier: Registering: Handler (com.android.internal.telephony.gsm.GSMPhone) {1f3b226b}
I/AppiumUnicodeIME(  672): onKeyUp (keyCode='23', event.keyCode='23', metaState='0')
I/ActivityManager(  527): START u0 {act=android.intent.action.MAIN cat=[android.intent.category.HOME] flg=0x10200000 cmp=com.android.launcher3/.Launcher} from uid 1000 on display 0
E/WifiStateMachine(  527): WifiStateMachine: handleSuccessfulIpConfiguration and no scan results"WiredSSID"NONE
D/ConnectivityService(  527): NetworkAgentInfo [WIFI () - 106] EVENT_NETWORK_INFO_CHANGED, going from CONNECTING to CONNECTED
I/AppiumUnicodeIME(  672): onKeyDown (keyCode='20', event.keyCode='20', metaState='0')
D/ConnectivityService(  527): Adding iface eth1 to network 106
I/AppiumUnicodeIME(  672): onKeyUp (keyCode='20', event.keyCode='20', metaState='0')
E/WifiStateMachine(  527): Did not find remoteAddress {10.0.3.2} in /proc/net/arp
I/AppiumUnicodeIME(  672): onKeyDown (keyCode='19', event.keyCode='19', metaState='0')
I/AppiumUnicodeIME(  672): onKeyDown (keyCode='19', event.keyCode='19', metaState='0')
I/AppiumUnicodeIME(  672): onKeyUp (keyCode='19', event.keyCode='19', metaState='0')
I/AppiumUnicodeIME(  672): onKeyDown (keyCode='19', event.keyCode='19', metaState='0')
I/AppiumUnicodeIME(  672): onKeyUp (keyCode='19', event.keyCode='19', metaState='0')
I/AppiumUnicodeIME(  672): onKeyDown (keyCode='19', event.keyCode='19', metaState='0')
I/AppiumUnicodeIME(  672): onKeyUp (keyCode='19', event.keyCode='19', metaState='0')
I/AppiumUnicodeIME(  672): onKeyDown (keyCode='19', event.keyCode='19', metaState='0')
I/AppiumUnicodeIME(  672): onKeyUp (keyCode='19', event.keyCode='19', metaState='0')
E/ConnectivityService(  527): Unexpected mtu value: 0, eth1
D/ConnectivityService(  527): Adding Route [fe80::/64 -> :: eth1] to network 106
D/ConnectivityService(  527): Adding Route [10.0.3.0/24 -> 0.0.0.0 eth1] to network 106
D/ConnectivityService(  527): Adding Route [0.0.0.0/0 -> 10.0.3.2 eth1] to network 106
D/ConnectivityService(  527): Setting Dns servers for network 106 to [/172.16.10.220, /202.96.209.5]
D/ConnectivityService(  527): notifyType IP_CHANGED for NetworkAgentInfo [WIFI () - 106]
D/ConnectivityService(  527): notifyType PRECHECK for NetworkAgentInfo [WIFI () - 106]
D/ConnectivityService(  527): rematching NetworkAgentInfo [WIFI () - 106]
D/ConnectivityService(  527):    accepting network in place of null
D/NetworkMonitor/NetworkAgentInfo [WIFI () - 106](  527): DefaultState{ when=0 what=532481 target=com.android.internal.util.StateMachine$SmHandler }
D/NetworkMonitor/NetworkAgentInfo [WIFI () - 106](  527): Connected
D/NetworkMonitor/NetworkAgentInfo [WIFI () - 106](  527): EvaluatingState{ when=0 what=532486 arg1=1 target=com.android.internal.util.StateMachine$SmHandler }
D/NetworkMonitor/NetworkAgentInfo [WIFI () - 106](  527): Checking http://connectivitycheck.android.com/generate_204 on "WiredSSID"
D/ConnectivityService(  527): Switching to new default network: NetworkAgentInfo{ ni{[type: WIFI[], state: CONNECTED/CONNECTED, reason: (unspecified), extra: "WiredSSID", roaming: false, failover: false, isAvailable: true, isConnectedToProvisioningNetwork: false]}  network{106}  lp{{InterfaceName: eth1 LinkAddresses: [fe80::a00:27ff:fe16:647c/64,10.0.3.15/24,]  Routes: [fe80::/64 -> :: eth1,10.0.3.0/24 -> 0.0.0.0 eth1,0.0.0.0/0 -> 10.0.3.2 eth1,] DnsAddresses: [172.16.10.220,202.96.209.5,] Domains: zzl MTU: 0 TcpBufferSizes: 524288,1048576,2097152,262144,524288,1048576}}  nc{[ Transports: WIFI Capabilities: INTERNET&NOT_RESTRICTED&TRUSTED&NOT_VPN LinkUpBandwidth>=1048576Kbps LinkDnBandwidth>=1048576Kbps]}  Score{16}  everValidated{false}  lastValidated{false}  created{true}  explicitlySelected{false} }
I/AppiumUnicodeIME(  672): onKeyDown (keyCode='19', event.keyCode='19', metaState='0')
I/AppiumUnicodeIME(  672): onKeyDown (keyCode='19', event.keyCode='19', metaState='0')
I/AppiumUnicodeIME(  672): onKeyUp (keyCode='19', event.keyCode='19', metaState='0')
I/AppiumUnicodeIME(  672): onKeyDown (keyCode='19', event.keyCode='19', metaState='0')
I/AppiumUnicodeIME(  672): onKeyUp (keyCode='19', event.keyCode='19', metaState='0')
D/ConnectivityService(  527): notifyType AVAILABLE for NetworkAgentInfo [WIFI () - 106]
D/CSLegacyTypeTracker(  527): Sending connected broadcast for type 1 NetworkAgentInfo [WIFI () - 106] isDefaultNetwork=true
D/ConnectivityService(  527): sendStickyBroadcast: action=android.net.conn.CONNECTIVITY_CHANGE_IMMEDIATE
D/ConnectivityManager.CallbackHandler(  636): CM callback handler got msg 524290
V/KeyguardUpdateMonitor(  636): onSubscriptionInfoChanged()
D/ConnectivityService(  527): sendStickyBroadcast: action=android.net.conn.CONNECTIVITY_CHANGE
D/Tethering(  527): MasterInitialState.processMessage what=3
W/BroadcastQueue(  527): Skipping deliver [background] BroadcastRecord{419f036 u-1 android.net.conn.CONNECTIVITY_CHANGE} to ReceiverList{f27a6d9 6025 (unknown name)/0/u-1 remote:19adf952}: process crashing
D/awcn.NetworkStatusMonitor( 4764):  receiver:android.net.conn.CONNECTIVITY_CHANGE
D/TelephonyProvider(  741): subIdString = 1 subId = 1
D/awcn.NetworkStatusMonitor( 1217):  receiver:android.net.conn.CONNECTIVITY_CHANGE
D/awcn.NetworkStatusMonitor( 4682):  receiver:android.net.conn.CONNECTIVITY_CHANGE
D/awcn.NetworkStatusMonitor( 1217):  [checkNetworkStatus]
D/awcn.NetworkStatusMonitor( 4682):  [checkNetworkStatus]
D/awcn.NetworkStatusMonitor( 1331):  receiver:android.net.conn.CONNECTIVITY_CHANGE
D/awcn.NetworkStatusMonitor( 1331):  [checkNetworkStatus]
D/awcn.NetworkStatusMonitor( 4764):  [checkNetworkStatus]
I/awcn.NetworkStatusMonitor( 1217):  checkNetworkStatus info.isConnected:true info.isAvailable:true
I/awcn.NetworkStatusMonitor( 1217):  Network Status Change NO ===>>> WIFI
I/awcn.NetworkStatusHelper( 1217):  
I/awcn.NetworkStatusHelper( 1217): 
I/awcn.NetworkStatusHelper( 1217): Network detail***********************
I/awcn.NetworkStatusHelper( 1217): status: WIFI
I/awcn.NetworkStatusHelper( 1217):  BSSID: 01:80:c2:00:00:03
I/awcn.NetworkStatusHelper( 1217):  SSID: "WiredSSID"
I/awcn.NetworkStatusHelper( 1217): ******************************************
D/awcn.SessionCenter( 1217):  onNetworkStatusChanged networkStatus:WIFI
D/awcn.SessionCenter( 1217):  [reCreateSession]
I/awcn.SessionCenter( 1217):  recreate session failed: infos is empty
I/awcn.AccsSessionManager( 1217):  call back is null
I/awcn.NetworkStatusMonitor( 4682):  checkNetworkStatus info.isConnected:true info.isAvailable:true
I/awcn.NetworkStatusHelper( 4682):  
I/awcn.NetworkStatusHelper( 4682): Network detail*******************************
I/awcn.NetworkStatusHelper( 4682): Status: WIFI
I/awcn.NetworkStatusHelper( 4682): Subtype: wifi
I/awcn.NetworkStatusHelper( 4682): BSSID: 01:80:c2:00:00:03
I/awcn.NetworkStatusHelper( 4682): SSID: "WiredSSID"
I/awcn.NetworkStatusHelper( 4682): *********************************************
E/awcn.SessionCenter( 4682): |[seq:[default]] onNetworkStatusChanged. reCreateSession networkStatus:WIFI
I/awcn.SessionCenter( 4682): |[seq:[default]] recreate session failed: infos is empty
D/awcn.AccsSessionManager( 4682): |[seq:[default]] app is background not need check accs session, return bg:true
E/awcn.SessionCenter( 4682): |[seq:umeng:56aadbf567e58e38d4000976] onNetworkStatusChanged. reCreateSession networkStatus:WIFI
I/awcn.SessionCenter( 4682): |[seq:umeng:56aadbf567e58e38d4000976] recreate session failed: infos is empty
D/awcn.StrategyCenter( 4682):  getSchemeByHost host:umengacs.m.taobao.com scheme:https
D/awcn.AccsSessionManager( 4682): |[seq:umeng:56aadbf567e58e38d4000976] app is background not need check accs session, return bg:true
I/awcn.BandWidthSampler( 4682):  [startNetworkMeter] NetworkStatus:WIFI
I/awcn.NetworkStatusMonitor( 1331):  checkNetworkStatus info.isConnected:true info.isAvailable:true
I/awcn.NetworkStatusMonitor( 1331):  Network Status Change NO ===>>> WIFI
I/awcn.NetworkStatusHelper( 1331):  
I/awcn.NetworkStatusHelper( 1331): 
I/awcn.NetworkStatusHelper( 1331): Network detail***********************
I/awcn.NetworkStatusHelper( 1331): status: WIFI
I/awcn.NetworkStatusHelper( 1331):  BSSID: 01:80:c2:00:00:03
I/awcn.NetworkStatusHelper( 1331):  SSID: "WiredSSID"
I/awcn.NetworkStatusHelper( 1331): ******************************************
D/awcn.SessionCenter( 1331):  onNetworkStatusChanged networkStatus:WIFI
D/awcn.SessionCenter( 1331):  [reCreateSession]
I/awcn.SessionCenter( 1331):  recreate session failed: infos is empty
D/awcn.AccsSessionManager( 1331):  app is background not need check accs session, return bg:true
D/NetworkMonitor/NetworkAgentInfo [WIFI () - 106](  527): Probably not a portal: exception java.net.UnknownHostException: Unable to resolve host "connectivitycheck.android.com": No address associated with hostname
I/AppiumUnicodeIME(  672): onKeyDown (keyCode='19', event.keyCode='19', metaState='0')
I/AppiumUnicodeIME(  672): onKeyDown (keyCode='19', event.keyCode='19', metaState='0')
I/AppiumUnicodeIME(  672): onKeyUp (keyCode='19', event.keyCode='19', metaState='0')
I/AppiumUnicodeIME(  672): onKeyDown (keyCode='19', event.keyCode='19', metaState='0')
I/AppiumUnicodeIME(  672): onKeyUp (keyCode='19', event.keyCode='19', metaState='0')
I/AppiumUnicodeIME(  672): onKeyDown (keyCode='19', event.keyCode='19', metaState='0')
I/awcn.NetworkStatusMonitor( 4764):  checkNetworkStatus info.isConnected:true info.isAvailable:true
D/ConnectivityManager( 1082): getMobileDataEnabled()+ subId=1
I/awcn.NetworkStatusHelper( 4764):  
I/awcn.NetworkStatusHelper( 4764): Network detail*******************************
I/awcn.NetworkStatusHelper( 4764): Status: WIFI
I/awcn.NetworkStatusHelper( 4764): Subtype: wifi
I/awcn.NetworkStatusHelper( 4764): BSSID: 01:80:c2:00:00:03
I/awcn.NetworkStatusHelper( 4764): SSID: "WiredSSID"
I/awcn.NetworkStatusHelper( 4764): *********************************************
E/awcn.SessionCenter( 4764): |[seq:[default]] onNetworkStatusChanged. reCreateSession networkStatus:WIFI
I/awcn.SessionCenter( 4764): |[seq:[default]] recreate session failed: infos is empty
E/awcn.SessionCenter( 4764): |[seq:0] onNetworkStatusChanged. reCreateSession networkStatus:WIFI
I/awcn.SessionCenter( 4764): |[seq:0] recreate session failed: infos is empty
D/PhoneInterfaceManager(  741): [PhoneIntfMgr] getDataEnabled: subId=1 phoneId=0
D/PhoneInterfaceManager(  741): [PhoneIntfMgr] getDataEnabled: subId=1 retVal=true
D/ConnectivityManager( 1082): getMobileDataEnabled()- subId=1 retVal=true
D/accs.BaseReceiver( 4764):  onReceive
D/accs.ReceiverImpl( 4764):  ReceiverImpl onReceive begin......
D/accs.AdapterGlobalClientInfo( 4764):  getAgooCustomServiceName name:com.umeng.message.UmengIntentService
V/KeyguardUpdateMonitor(  636): SubInfo:{id=1, iccId=89014103211118510720 simSlotIndex=0 displayName=Android carrierName=Android nameSource=0 iconTint=-16746133 dataRoaming=0 iconBitmap=android.graphics.Bitmap@3fbdb22d mcc 310 mnc 270}
I/AppiumUnicodeIME(  672): onKeyUp (keyCode='19', event.keyCode='19', metaState='0')
I/AppiumUnicodeIME(  672): onKeyDown (keyCode='21', event.keyCode='21', metaState='0')
I/AppiumUnicodeIME(  672): onKeyUp (keyCode='21', event.keyCode='21', metaState='0')
I/AppiumUnicodeIME(  672): onKeyDown (keyCode='82', event.keyCode='82', metaState='0')
D/PhoneInterfaceManager(  741): [PhoneIntfMgr] getDataEnabled: subId=1 phoneId=0
D/PhoneInterfaceManager(  741): [PhoneIntfMgr] getDataEnabled: subId=1 retVal=true
I/AppiumUnicodeIME(  672): onKeyUp (keyCode='82', event.keyCode='82', metaState='0')
D/TelephonyManager(  527): getDataEnabled: retVal=true
D/accs.AdapterGlobalClientInfo( 4764):  getAgooCustomServiceName name:com.umeng.message.UmengIntentService
I/accs.ElectionServiceImpl( 4764):  onStartCommand begin action:android.net.conn.CONNECTIVITY_CHANGE
I/accs.OrangeAdapter( 4764):  isElectionEnable result:false
I/accs.OrangeAdapter( 4764):  isElectionEnable result:false
I/accs.ElectionServiceImpl( 4764):  deliver to channelservice host pkg:
D/accs.BaseReceiver( 1217):  onReceive
D/accs.ReceiverImpl( 1217):  ReceiverImpl onReceive begin......
I/accs.ServiceImpl( 4764):  onHostStartCommand:Intent { act=android.net.conn.CONNECTIVITY_CHANGE flg=0x4000010 cmp=com.zzl.falcon.internal/com.taobao.accs.ChannelService (has extras) }
D/accs.ServiceImpl( 4764):  key networkInfo: value [type: WIFI[], state: CONNECTED/CONNECTED, reason: (unspecified), extra: "WiredSSID", roaming: false, failover: false, isAvailable: true, isConnectedToProvisioningNetwork: false]
D/accs.ServiceImpl( 4764):  key networkType: value 1
D/accs.ServiceImpl( 4764):  key inetCondition: value 0
D/accs.ServiceImpl( 4764):  key extraInfo: value "WiredSSID"
I/accs.LoadSoFailUtil( 4764):  getSoFailTimes times:0
D/accs.SilenceConn_umeng:56aadbf567e58e38d4000976( 4764):  try ping, force:false
D/accs.SilenceConn_umeng:56aadbf567e58e38d4000976( 4764):  send message, PING delay:0 dataId:52
I/accs.ServiceImpl( 4764):  tryConnect appkey:0 configTag:umeng:56aadbf567e58e38d4000976|0
D/accs.AdapterGlobalClientInfo( 1217):  getAgooCustomServiceName name:com.umeng.message.UmengIntentService
I/accs.ServiceImpl( 4764):  network change:unknown to wifi
D/accs.AdapterGlobalClientInfo( 1217):  getAgooCustomServiceName name:com.umeng.message.UmengIntentService
D/accs.SilenceConn_umeng:56aadbf567e58e38d4000976( 4764):  try ping, force:true
I/AppiumUnicodeIME(  672): onKeyDown (keyCode='22', event.keyCode='22', metaState='0')
I/AppiumUnicodeIME(  672): onKeyDown (keyCode='22', event.keyCode='22', metaState='0')
I/AppiumUnicodeIME(  672): onKeyUp (keyCode='22', event.keyCode='22', metaState='0')
I/AppiumUnicodeIME(  672): onKeyDown (keyCode='22', event.keyCode='22', metaState='0')
I/AppiumUnicodeIME(  672): onKeyUp (keyCode='22', event.keyCode='22', metaState='0')
I/AppiumUnicodeIME(  672): onKeyDown (keyCode='22', event.keyCode='22', metaState='0')
I/AppiumUnicodeIME(  672): onKeyUp (keyCode='22', event.keyCode='22', metaState='0')
I/accs.ElectionServiceImpl( 1217):  onStartCommand begin action:android.net.conn.CONNECTIVITY_CHANGE
I/accs.ElectionServiceUtil( 1217):  getElectionResult from mem host:com.zzl.itoube.internal retry:0
I/accs.ElectionServiceImpl( 1217):  deliver to channelservice host pkg:com.zzl.itoube.internal
I/accs.ServiceImpl( 1217):  onHostStartCommand:Intent { act=android.net.conn.CONNECTIVITY_CHANGE flg=0x4000010 cmp=com.zzl.itoube.internal/com.taobao.accs.ChannelService (has extras) }
D/accs.SilenceConn_umeng:56aadbf567e58e38d4000976( 4764):  send message, PING delay:0 dataId:53
I/accs.ServiceImpl( 4764):  ping connection appkey:0
D/accs.ServiceImpl( 1217):  key networkInfo: value [type: WIFI[], state: CONNECTED/CONNECTED, reason: (unspecified), extra: "WiredSSID", roaming: false, failover: false, isAvailable: true, isConnectedToProvisioningNetwork: false]
D/accs.ServiceImpl( 1217):  key networkType: value 1
D/accs.ServiceImpl( 1217):  key inetCondition: value 0
D/accs.UtilityImpl( 4764):  getProxy:null:-1
D/accs.ServiceImpl( 1217):  key extraInfo: value "WiredSSID"
I/accs.LoadSoFailUtil( 1217):  getSoFailTimes times:0
D/accs.SpdyConnection( 1217):  try ping, force:false
D/accs.UTMini( 4764):  commitEvent fail java.lang.NoClassDefFoundError: Failed resolution of: Lcom/ut/mini/internal/UTOriginalCustomHitBuilder;
D/accs.SpdyConnection( 1217):  send message, PING delay:0 dataId:104
I/accs.BaseIntentService( 4764):  onHandleIntent,action=android.net.conn.CONNECTIVITY_CHANGE,agooCommand=com.zzl.falcon.internal.intent.action.COMMAND,mipushCommand=com.zzl.falcon.internal.intent.thirdPush.action.COMMAND
I/accs.BaseIntentService( 4764):  is report cache msg,Config.isReportCacheMsg(mContext)=false
D/accs.isClearTime( 4764):  now=1515834825153,now - lastTime=2331781,istrue=false
I/accs.BaseIntentService( 4764):  is clear all msg=false
D/accs.isClearTime( 4764):  now=1515834825153,now - lastTime=2331781,istrue=false
D/accs.SilenceConn_umeng:56aadbf567e58e38d4000976( 4764):  clearRepeatControlCommand message:201/
D/accs.NetworkThread( 1217):  try get message
D/accs.NetworkThread( 1217):  send message not null
I/accs.NetworkThread( 1217):  0 send:PING status:3
D/accs.OrangeAdapter( 1217):  isSmartHb result:true
D/accs.NetworkThread_umeng:56aadbf567e58e38d4000976( 4764):  ready to get message
D/accs.NetworkThread_umeng:56aadbf567e58e38d4000976( 4764):  try get message
D/accs.NetworkThread_umeng:56aadbf567e58e38d4000976( 4764):  send message not null
I/accs.NetworkThread_umeng:56aadbf567e58e38d4000976( 4764):  0 send:PING status:3
D/accs.OrangeAdapter( 4764):  isSmartHb result:true
D/accs.NetworkThread_umeng:56aadbf567e58e38d4000976( 4764):  ms:128933 force:true
E/accs.NetworkThread( 1217):  0 try connect, force = false failTimes = 4
E/accs.NetworkThread( 1217):  0 try connect fail 4 times
D/accs.OrangeAdapter( 1217):  isSmartHb result:true
D/accs.HeartbeatManager( 1217):  set 270
E/accs.NetworkThread_umeng:56aadbf567e58e38d4000976( 4764):  0 try connect, force = true failTimes = 0
I/accs.NetworkThread_umeng:56aadbf567e58e38d4000976( 4764):  0 try connect, need sleep
I/accs.ServiceImpl( 1217):  network change:unknown to wifi
D/accs.SpdyConnection( 1217):  try ping, force:true
D/accs.SpdyConnection( 1217):  send message, PING delay:0 dataId:105
D/accs.UtilityImpl( 1217):  getProxy:null:-1
D/accs.NetworkThread( 1217):  send succ, remove it
D/accs.NetworkThread( 1217):  ready to get message
D/accs.NetworkThread( 1217):  no message, wait
D/accs.UTMini( 1217):  commitEvent fail java.lang.NoClassDefFoundError: Failed resolution of: Lcom/ut/mini/internal/UTOriginalCustomHitBuilder;
D/accs.NetworkThread( 1217):  try get message
D/accs.NetworkThread( 1217):  send message not null
I/accs.NetworkThread( 1217):  0 send:PING status:3
D/accs.OrangeAdapter( 1217):  isSmartHb result:true
D/accs.NetworkThread( 1217):  ms:2 force:true
I/accs.BaseIntentService( 1217):  onHandleIntent,action=android.net.conn.CONNECTIVITY_CHANGE,agooCommand=com.zzl.itoube.internal.intent.action.COMMAND,mipushCommand=com.zzl.itoube.internal.intent.thirdPush.action.COMMAND
I/accs.BaseIntentService( 1217):  is report cache msg,Config.isReportCacheMsg(mContext)=false
D/accs.isClearTime( 1217):  now=1515834825167,now - lastTime=13480410,istrue=false
I/accs.BaseIntentService( 1217):  is clear all msg=false
D/accs.isClearTime( 1217):  now=1515834825167,now - lastTime=13480410,istrue=false
I/AppiumUnicodeIME(  672): onKeyDown (keyCode='19', event.keyCode='19', metaState='0')
I/AppiumUnicodeIME(  672): onKeyUp (keyCode='19', event.keyCode='19', metaState='0')
I/AppiumUnicodeIME(  672): onKeyDown (keyCode='19', event.keyCode='19', metaState='0')
I/AppiumUnicodeIME(  672): onKeyUp (keyCode='19', event.keyCode='19', metaState='0')
I/AppiumUnicodeIME(  672): onKeyDown (keyCode='19', event.keyCode='19', metaState='0')
I/AppiumUnicodeIME(  672): onKeyUp (keyCode='19', event.keyCode='19', metaState='0')
D/ConnectivityManager( 1082): getMobileDataEnabled()+ subId=1
E/accs.NetworkThread( 1217):  0 try connect, force = true failTimes = 0
I/accs.NetworkThread( 1217):  0 try connect, need sleep
D/PhoneInterfaceManager(  741): [PhoneIntfMgr] getDataEnabled: subId=1 phoneId=0
D/PhoneInterfaceManager(  741): [PhoneIntfMgr] getDataEnabled: subId=1 retVal=true
D/ConnectivityManager( 1082): getMobileDataEnabled()- subId=1 retVal=true
W/AudioTrack(  527): AUDIO_OUTPUT_FLAG_FAST denied by client
I/AppiumUnicodeIME(  672): onKeyDown (keyCode='20', event.keyCode='20', metaState='0')
I/AppiumUnicodeIME(  672): onKeyUp (keyCode='20', event.keyCode='20', metaState='0')
I/AppiumUnicodeIME(  672): onKeyDown (keyCode='20', event.keyCode='20', metaState='0')
I/AppiumUnicodeIME(  672): onKeyUp (keyCode='20', event.keyCode='20', metaState='0')
I/AppiumUnicodeIME(  672): onKeyDown (keyCode='20', event.keyCode='20', metaState='0')
I/AppiumUnicodeIME(  672): onKeyUp (keyCode='20', event.keyCode='20', metaState='0')
I/AppiumUnicodeIME(  672): onKeyDown (keyCode='20', event.keyCode='20', metaState='0')
I/AppiumUnicodeIME(  672): onKeyUp (keyCode='20', event.keyCode='20', metaState='0')
E/GpsLocationProvider(  527): No APN found to select.
I/AppiumUnicodeIME(  672): onKeyDown (keyCode='19', event.keyCode='19', metaState='0')
I/AppiumUnicodeIME(  672): onKeyUp (keyCode='19', event.keyCode='19', metaState='0')
I/NotificationMgr(  741): updateMwi(): subId 1 update to false
I/AppiumUnicodeIME(  672): onKeyDown (keyCode='21', event.keyCode='21', metaState='0')
I/AppiumUnicodeIME(  672): onKeyUp (keyCode='21', event.keyCode='21', metaState='0')
I/AppiumUnicodeIME(  672): onKeyDown (keyCode='21', event.keyCode='21', metaState='0')
I/AppiumUnicodeIME(  672): onKeyUp (keyCode='21', event.keyCode='21', metaState='0')
I/AppiumUnicodeIME(  672): onKeyDown (keyCode='20', event.keyCode='20', metaState='0')
I/AppiumUnicodeIME(  672): onKeyUp (keyCode='20', event.keyCode='20', metaState='0')
I/AppiumUnicodeIME(  672): onKeyDown (keyCode='22', event.keyCode='22', metaState='0')
I/AppiumUnicodeIME(  672): onKeyUp (keyCode='22', event.keyCode='22', metaState='0')
D/MccTable(  741): updateMccMncConfiguration mccmnc='310270' fromServiceState=false
D/MccTable(  741): updateMccMncConfiguration defaultMccMnc=310270
D/MccTable(  741): updateMccMncConfiguration: mcc=310, mnc=270
D/MccTable(  741): defaultLanguageForMcc(310): country us uses en
D/MccTable(  741): getLocaleFromMcc to en_us mcc=310
D/MccTable(  741): getLocaleForLanguageCountry: skipping already persisted
D/MccTable(  741): updateMccMncConfiguration updateConfig config={1.0 310mcc270mnc ?locale ?layoutDir ?swdp ?wdp ?hdp ?density ?lsize ?long ?orien ?uimode ?night ?touch ?keyb/?/? ?nav/?}
I/art     ( 6025): System.exit called, status: 0
I/AndroidRuntime( 6025): VM exiting with result code 0.
I/art     (  527): Explicit concurrent mark sweep GC freed 42337(2MB) AllocSpace objects, 9(144KB) LOS objects, 33% free, 12MB/19MB, paused 984us total 34.912ms
D/GpsLocationProvider(  527): received SIM realted action: 
D/GpsLocationProvider(  527): SIM MCC/MNC is available: 310270
D/GpsLocationProvider(  527): Reset GPS properties, previous size = 8
D/GpsLocationProvider(  527): GpsParamsResource: SUPL_HOST=supl.google.com
D/GpsLocationProvider(  527): GpsParamsResource: SUPL_PORT=7275
D/GpsLocationProvider(  527): GpsParamsResource: NTP_SERVER=north-america.pool.ntp.org
D/GpsLocationProvider(  527): GpsParamsResource: SUPL_VER=0x20000
D/GpsLocationProvider(  527): GpsParamsResource: SUPL_MODE=1
D/GpsLocationProvider(  527): GPS properties reloaded, size = 8
E/GpsLocationProvider(  527): no AGPS interface in set_agps_server
E/GpsLocationProvider(  527): no GPS configuration interface in configuraiton_update
D/GpsLocationProvider(  527): final config = #Sat Jan 13 04:13:45 EST 2018
D/GpsLocationProvider(  527): SUPL_VER=0x20000
D/GpsLocationProvider(  527): SUPL_HOST=supl.google.com
D/GpsLocationProvider(  527): XTRA_SERVER_3=http\://xtra3.gpsonextra.net/xtra.bin
D/GpsLocationProvider(  527): XTRA_SERVER_1=http\://xtra1.gpsonextra.net/xtra.bin
D/GpsLocationProvider(  527): SUPL_PORT=7276
D/GpsLocationProvider(  527): XTRA_SERVER_2=http\://xtra2.gpsonextra.net/xtra.bin
D/GpsLocationProvider(  527): NTP_SERVER=north-america.pool.ntp.org
D/GpsLocationProvider(  527): SUPL_MODE=1
D/MccTable(  741): updateMccMncConfiguration mccmnc='310270' fromServiceState=false
D/MccTable(  741): updateMccMncConfiguration defaultMccMnc=310270
D/MccTable(  741): updateMccMncConfiguration: mcc=310, mnc=270
D/MccTable(  741): defaultLanguageForMcc(310): country us uses en
D/MccTable(  741): getLocaleFromMcc to en_us mcc=310
D/MccTable(  741): getLocaleForLanguageCountry: skipping already persisted
D/MccTable(  741): updateMccMncConfiguration updateConfig config={1.0 310mcc270mnc ?locale ?layoutDir ?swdp ?wdp ?hdp ?density ?lsize ?long ?orien ?uimode ?night ?touch ?keyb/?/? ?nav/?}
D/GpsLocationProvider(  527): received SIM realted action: 
D/GpsLocationProvider(  527): SIM MCC/MNC is available: 310270
D/GpsLocationProvider(  527): Reset GPS properties, previous size = 8
D/GpsLocationProvider(  527): GpsParamsResource: SUPL_HOST=supl.google.com
D/GpsLocationProvider(  527): GpsParamsResource: SUPL_PORT=7275
D/GpsLocationProvider(  527): GpsParamsResource: NTP_SERVER=north-america.pool.ntp.org
D/GpsLocationProvider(  527): GpsParamsResource: SUPL_VER=0x20000
D/GpsLocationProvider(  527): GpsParamsResource: SUPL_MODE=1
D/GpsLocationProvider(  527): GPS properties reloaded, size = 8
E/GpsLocationProvider(  527): no AGPS interface in set_agps_server
E/GpsLocationProvider(  527): no GPS configuration interface in configuraiton_update
D/GpsLocationProvider(  527): final config = #Sat Jan 13 04:13:45 EST 2018
D/GpsLocationProvider(  527): SUPL_VER=0x20000
D/GpsLocationProvider(  527): SUPL_HOST=supl.google.com
D/GpsLocationProvider(  527): XTRA_SERVER_3=http\://xtra3.gpsonextra.net/xtra.bin
D/GpsLocationProvider(  527): XTRA_SERVER_1=http\://xtra1.gpsonextra.net/xtra.bin
D/GpsLocationProvider(  527): SUPL_PORT=7276
D/GpsLocationProvider(  527): XTRA_SERVER_2=http\://xtra2.gpsonextra.net/xtra.bin
D/GpsLocationProvider(  527): NTP_SERVER=north-america.pool.ntp.org
D/GpsLocationProvider(  527): SUPL_MODE=1
D/GpsLocationProvider(  527): received SIM realted action: 
D/GpsLocationProvider(  527): SIM MCC/MNC is available: 310270
D/GpsLocationProvider(  527): Reset GPS properties, previous size = 8
D/GpsLocationProvider(  527): GpsParamsResource: SUPL_HOST=supl.google.com
D/GpsLocationProvider(  527): GpsParamsResource: SUPL_PORT=7275
D/GpsLocationProvider(  527): GpsParamsResource: NTP_SERVER=north-america.pool.ntp.org
D/GpsLocationProvider(  527): GpsParamsResource: SUPL_VER=0x20000
D/GpsLocationProvider(  527): GpsParamsResource: SUPL_MODE=1
D/GpsLocationProvider(  527): GPS properties reloaded, size = 8
E/GpsLocationProvider(  527): no AGPS interface in set_agps_server
E/GpsLocationProvider(  527): no GPS configuration interface in configuraiton_update
D/GpsLocationProvider(  527): final config = #Sat Jan 13 04:13:45 EST 2018
D/GpsLocationProvider(  527): SUPL_VER=0x20000
D/GpsLocationProvider(  527): SUPL_HOST=supl.google.com
D/GpsLocationProvider(  527): XTRA_SERVER_3=http\://xtra3.gpsonextra.net/xtra.bin
D/GpsLocationProvider(  527): XTRA_SERVER_1=http\://xtra1.gpsonextra.net/xtra.bin
D/GpsLocationProvider(  527): SUPL_PORT=7276
D/GpsLocationProvider(  527): XTRA_SERVER_2=http\://xtra2.gpsonextra.net/xtra.bin
D/GpsLocationProvider(  527): NTP_SERVER=north-america.pool.ntp.org
D/GpsLocationProvider(  527): SUPL_MODE=1
I/Telephony(  741): PstnIncomingCallNotifier: Unregistering: Handler (com.android.internal.telephony.gsm.GSMPhone) {1f3b226b}
I/Telephony(  741): PstnIncomingCallNotifier: Registering: Handler (com.android.internal.telephony.gsm.GSMPhone) {1f3b226b}
I/Telephony(  741): PstnIncomingCallNotifier: Unregistering: Handler (com.android.internal.telephony.gsm.GSMPhone) {1f3b226b}
I/Telephony(  741): PstnIncomingCallNotifier: Registering: Handler (com.android.internal.telephony.gsm.GSMPhone) {1f3b226b}
