12-15 11:03:07.011 12727 12755 D MSF.D.QLog: QLog init
12-15 11:03:26.848 11874 12319 I tnet-jni: 369 - [spdyPingRecvCallback] - 
12-15 11:03:26.848  1487  1554 E BatteryStatsService: no controller energy info supplied
12-15 11:03:26.848 11874 12319 I tnet-jni: 369 - [SpdySessionCallBack.spdyPingRecvCallback] - org.android.spdy.SpdySession@a869fb1
12-15 11:03:26.849 11874 12319 D accs.SilenceConn_umeng:56aadbf567e58e38d4000976:  spdyPingRecvCallback uniId:6
12-15 11:03:26.849 11874 12319 D accs.MsgRecv_umeng:56aadbf567e58e38d4000976:  onRcvPing
12-15 11:03:26.849 11874 12319 D accs.HeartbeatManager:  onHeartbeatSucc
12-15 11:03:26.850 11874 12319 D accs.OrangeAdapter:  isSmartHb result:true
12-15 11:03:26.850 11874 12319 D accs.HeartbeatManager:  set 270
12-15 11:03:26.872  1487  1768 I chatty  : uid=1000(system) WifiStateMachin expire 24 lines
12-15 11:03:26.875  1487  1554 E BatteryStatsService: no controller energy info supplied
12-15 11:03:30.230  8113  8226 E anti    : anti once
12-15 11:04:28.549  1487  1554 E BatteryStatsService: no controller energy info supplied
12-15 11:04:28.684  1487  1554 E BatteryStatsService: no controller energy info supplied
12-15 11:04:28.751  5116  5134 D Protocol: 3001
12-15 11:04:28.752  5116  5134 D Protocol: 3001
12-15 11:04:28.903  5116 10694 D Protocol: response length: 23   
12-15 11:04:28.904  5116 10694 D Protocol: response protocol: 3001   
12-15 11:04:32.394  8113  8226 E anti    : anti once
12-15 11:04:32.405  6522  6522 D JIGUANG-JCore: [PushService] onStartCommand - intent:Intent { act=cn.jpush.android.intent.RTC cmp=com.zzl.helploan/cn.jpush.android.service.PushService (has extras) }, pkg:com.zzl.helploan, connection:0
12-15 11:04:32.410  6522  6597 D JIGUANG-JCore: [JiguangTcpManager] Action - restartNetworkingClient, pid:6522
12-15 11:04:32.411  6522  6597 I JIGUANG-JCore: [JiguangTcpManager] No network connection. Give up to start connection thread.
12-15 11:04:32.415  6508  6508 D JIGUANG-JCore: [PushService] onStartCommand - intent:Intent { act=cn.jpush.android.intent.RTC cmp=com.qianshi.dedaojin/cn.jpush.android.service.PushService (has extras) }, pkg:com.qianshi.dedaojin, connection:0
12-15 11:04:32.419  6508  6585 D JIGUANG-JCore: [JiguangTcpManager] Action - restartNetworkingClient, pid:6508
12-15 11:04:32.420  6508  6585 I JIGUANG-JCore: [JiguangTcpManager] No network connection. Give up to start connection thread.
12-15 11:05:30.246  1487  1554 E BatteryStatsService: no controller energy info supplied
12-15 11:05:30.266  5116  5134 D Protocol: 3001
12-15 11:05:30.266  5116  5134 D Protocol: 3001
12-15 11:05:30.274  1487  1768 I chatty  : uid=1000(system) WifiStateMachin expire 30 lines
12-15 11:05:30.277  1487  1554 E BatteryStatsService: no controller energy info supplied
12-15 11:05:30.368  8113  8226 E anti    : anti once
12-15 11:05:30.401   993   993 I MSM-irqbalance: Decided to move IRQ173 from CPU0 [P:0] to CPU6 [P:1] (banned)
12-15 11:05:30.401   993   993 I MSM-irqbalance: Decided to move IRQ184 from CPU0 [P:0] to CPU5 [P:1] (banned)
12-15 11:05:30.402   993   993 I MSM-irqbalance: Decided to move IRQ186 from CPU0 [P:0] to CPU7 [P:1] (banned)
12-15 11:05:30.402   993   993 I MSM-irqbalance: Decided to move IRQ175 from CPU0 [P:0] to CPU4 [P:1] (banned)
12-15 11:05:30.402   993   993 I MSM-irqbalance: Decided to move IRQ174 from CPU0 [P:0] to CPU6 [P:1] (banned)
12-15 11:05:30.402   993   993 I MSM-irqbalance: Decided to move IRQ188 from CPU0 [P:0] to CPU5 [P:1] (banned)
12-15 11:05:30.403   993   993 I MSM-irqbalance: Decided to move IRQ166 from CPU0 [P:0] to CPU7 [P:1] (banned)
12-15 11:05:30.403   993   993 I MSM-irqbalance: Decided to move IRQ187 from CPU0 [P:0] to CPU4 [P:1] (banned)
12-15 11:05:30.403   993   993 I MSM-irqbalance: Decided to move IRQ185 from CPU0 [P:0] to CPU6 [P:1] (banned)
12-15 11:05:30.404   993   993 I MSM-irqbalance: Decided to move IRQ155 from CPU0 [P:0] to CPU5 [P:1] (banned)
12-15 11:05:30.450  5116 10694 D Protocol: response length: 23   
12-15 11:05:30.450  5116 10694 D Protocol: response protocol: 3001   
12-15 11:05:31.303  1487  2097 E BatteryStatsService: no controller energy info supplied
12-15 11:05:31.303  1487  2097 E BatteryStatsService: no controller energy info supplied
12-15 11:05:31.338  1487  2097 E BatteryStatsService: modem info is invalid: ModemActivityInfo{ mTimestamp=6826352 mSleepTimeMs=6743497 mIdleTimeMs=-6533355 mTxTimeMs[]=[0, 0, 0, 0, 0] mRxTimeMs=1686 mEnergyUsed=0}
12-15 11:05:31.378  8113  8226 E anti    : anti once
12-15 11:05:31.405  2453  2453 I chatty  : uid=1000(system) com.evenwell.PowerMonitor expire 60 lines
12-15 11:05:31.500  2453 14305 I chatty  : uid=1000(system) com.evenwell.PowerMonitor expire 15 lines
12-15 11:05:31.932  2453  2453 W ContextImpl: Calling a method in the system process without a qualified user: android.app.ContextImpl.sendBroadcast:905 android.content.ContextWrapper.sendBroadcast:421 com.evenwell.PowerMonitor.PowerCalculator$6.onPostExecute:1549 com.evenwell.PowerMonitor.PowerCalculator$6.onPostExecute:1513 android.os.AsyncTask.finish:660 
12-15 11:06:06.779  1487  1554 E BatteryStatsService: no controller energy info supplied
12-15 11:06:06.810  1487  1554 E BatteryStatsService: no controller energy info supplied
12-15 11:06:06.975  8113  8226 E anti    : anti once
12-15 11:06:31.685  1487  1554 E BatteryStatsService: no controller energy info supplied
12-15 11:06:31.694  5116  5134 D Protocol: 3001
12-15 11:06:31.694  5116  5134 D Protocol: 3001
12-15 11:06:31.707  1487  1768 I chatty  : uid=1000(system) WifiStateMachin expire 12 lines
12-15 11:06:31.710  1487  1554 E BatteryStatsService: no controller energy info supplied
12-15 11:06:32.011  5116 10694 D Protocol: response length: 23   
12-15 11:06:32.011  5116 10694 D Protocol: response protocol: 3001   
12-15 11:06:52.725  1487  1554 E BatteryStatsService: no controller energy info supplied
12-15 11:06:52.743  8113  8226 E anti    : anti once
12-15 11:06:57.111  1487  1768 I chatty  : uid=1000(system) WifiStateMachin expire 12 lines
12-15 11:06:57.115  1487  1554 E BatteryStatsService: no controller energy info supplied
12-15 11:06:57.118 11874 12319 I tnet-jni: 369 - [spdyPingRecvCallback] - 
12-15 11:06:57.118 11874 12319 I tnet-jni: 369 - [SpdySessionCallBack.spdyPingRecvCallback] - org.android.spdy.SpdySession@a869fb1
12-15 11:06:57.118 11874 12319 D accs.SilenceConn_umeng:56aadbf567e58e38d4000976:  spdyPingRecvCallback uniId:8
12-15 11:06:57.118 11874 12319 D accs.MsgRecv_umeng:56aadbf567e58e38d4000976:  onRcvPing
12-15 11:06:57.119 11874 12319 D accs.HeartbeatManager:  onHeartbeatSucc
12-15 11:06:57.119 11874 12319 D accs.OrangeAdapter:  isSmartHb result:true
12-15 11:06:57.119 11874 12319 D accs.HeartbeatManager:  set 270
12-15 11:06:57.142 11874 12319 D accs.UtilityImpl:  setServiceTime:1513307217135
12-15 11:07:57.875  1807  1807 I chatty  : uid=10099(com.android.systemui) expire 10 lines
12-15 11:07:57.889  1487  1554 E BatteryStatsService: no controller energy info supplied
12-15 11:07:57.894  8113  8226 E anti    : anti once
12-15 11:07:57.994  1487  1768 I chatty  : uid=1000(system) WifiStateMachin expire 12 lines
12-15 11:07:57.997  1487  1554 E BatteryStatsService: no controller energy info supplied
12-15 11:07:58.017  5116  5134 D Protocol: 3001
12-15 11:07:58.017  5116  5134 D Protocol: 3001
12-15 11:07:58.047   499 10554 I Netd    : Destroyed 9 sockets for UidRanges{ 10000-2147483647 } skip={1001 10063 10069 10074 10095 10096 10099 10116 10134 10207 10220} in 1.8 ms
12-15 11:07:58.054  5989 14260 W System.err: java.net.SocketException: Software caused connection abort
12-15 11:07:58.054  5989 14260 W System.err: 	at java.net.PlainSocketImpl.socketConnect(Native Method)
12-15 11:07:58.054  5989 14260 W System.err: 	at java.net.AbstractPlainSocketImpl.doConnect(AbstractPlainSocketImpl.java:334)
12-15 11:07:58.055  5989 14260 W System.err: 	at java.net.AbstractPlainSocketImpl.connectToAddress(AbstractPlainSocketImpl.java:196)
12-15 11:07:58.055  5989 14260 W System.err: 	at java.net.AbstractPlainSocketImpl.connect(AbstractPlainSocketImpl.java:178)
12-15 11:07:58.055  5989 14260 W System.err: 	at java.net.SocksSocketImpl.connect(SocksSocketImpl.java:356)
12-15 11:07:58.055  5989 14260 W System.err: 	at java.net.Socket.connect(Socket.java:586)
12-15 11:07:58.055  5989 14260 W System.err: 	at com.android.okhttp.internal.Platform.connectSocket(Platform.java:113)
12-15 11:07:58.055  5989 14260 W System.err: 	at com.android.okhttp.Connection.connectSocket(Connection.java:196)
12-15 11:07:58.055  5989 14260 W System.err: 	at com.android.okhttp.Connection.connect(Connection.java:172)
12-15 11:07:58.055  5989 14260 W System.err: 	at com.android.okhttp.Connection.connectAndSetOwner(Connection.java:367)
12-15 11:07:58.055  5989 14260 W System.err: 	at com.android.okhttp.OkHttpClient$1.connectAndSetOwner(OkHttpClient.java:130)
12-15 11:07:58.055  5989 14260 W System.err: 	at com.android.okhttp.internal.http.HttpEngine.connect(HttpEngine.java:330)
12-15 11:07:58.055  5989 14260 W System.err: 	at com.android.okhttp.internal.http.HttpEngine.sendRequest(HttpEngine.java:247)
12-15 11:07:58.056  5989  6010 E [push]LBS: 189/LBS http error, e=Software caused connection abort
12-15 11:07:58.059 11874 12319 I tnet-jni: 369 - [spdySessionCloseCallback] - errorCode = -2032
12-15 11:07:58.059 11874 12319 I tnet-jni: 369 - [SpdySessionCallBack.spdySessionCloseCallback] - org.android.spdy.SpdySession@a869fb1
12-15 11:07:58.060 11874 12319 E accs.SilenceConn_umeng:56aadbf567e58e38d4000976:  0 spdySessionCloseCallback, errorCode:-2032
12-15 11:07:58.060 11874 12319 D tnet-jni: 369 - [SpdySession.cleanUp] - 
12-15 11:07:58.060 11874 12319 E accs.SilenceConn_umeng:56aadbf567e58e38d4000976:  0 notifyStatus:DISCONNECTED
12-15 11:07:58.060 11874 12319 D accs.OrangeAdapter:  isSmartHb result:true
12-15 11:07:58.060 11874 12319 D accs.HeartbeatManager:  set 270
12-15 11:07:58.063  5989  6010 E [push]LBS: 189/get server address from LBS failed, get null
12-15 11:07:58.064  5989 14260 W System.err: 	at com.android.okhttp.internal.huc.HttpURLConnectionImpl.execute(HttpURLConnectionImpl.java:457)
12-15 11:07:58.064  5989 14260 W System.err: 	at com.android.okhttp.internal.huc.HttpURLConnectionImpl.getResponse(HttpURLConnectionImpl.java:405)
12-15 11:07:58.066  5989 14260 W System.err: 	at com.android.okhttp.internal.huc.HttpURLConnectionImpl.getResponseCode(HttpURLConnectionImpl.java:521)
12-15 11:07:58.090  5989 14260 W System.err: 	at com.android.okhttp.internal.huc.DelegatingHttpsURLConnection.getResponseCode(DelegatingHttpsURLConnection.java:105)
12-15 11:07:58.090  5989 14260 W System.err: 	at com.android.okhttp.internal.huc.HttpsURLConnectionImpl.getResponseCode(HttpsURLConnectionImpl.java)
12-15 11:07:58.090  5989 14260 W System.err: 	at com.netease.nimlib.k.a.d.a.a(Unknown Source)
12-15 11:07:58.090  5989 14260 W System.err: 	at com.netease.nimlib.k.a.d.b$b.run(Unknown Source)
12-15 11:07:58.090  5989 14260 W System.err: 	at com.netease.nimlib.c.a.b$b.run(Unknown Source)
12-15 11:07:58.090  5989 14260 W System.err: 	at java.util.concurrent.ThreadPoolExecutor.runWorker(ThreadPoolExecutor.java:1133)
12-15 11:07:58.090  5989 14260 W System.err: 	at java.util.concurrent.ThreadPoolExecutor$Worker.run(ThreadPoolExecutor.java:607)
12-15 11:07:58.090  5989 14260 W System.err: 	at java.lang.Thread.run(Thread.java:761)
12-15 11:07:58.112  5989  6010 I [push]LBS: 189/get server address from LBS on background
12-15 11:07:58.115  5989  6010 D [push]LBS: 189/LBS http get, url=https://lbs.netease.im/lbs/conf.jsp?tp=1&sv=39&pv=1&id=zzl00461&k=76476effe7ec3d5c0f84edf3fd444f9a
12-15 11:07:58.115  5989  6010 E [push]nim_http: 217/http get error, e=Software caused connection abort, url=https://dr.netease.im/1.gif?server=link.netease.im:8080&uid=zzl00461&session=5145bc53-24be-43e2-b40e-8eedd8599595&type=im&event=connect_timeout&appkey=76476effe7ec3d5c0f84edf3fd444f9a&os=aos
12-15 11:07:58.117  5989  6010 D [push]stat: 1/report im connection timeout failed, code=0, e=Software caused connection abort
12-15 11:07:58.128  1487  1547 D NetworkPolicy: setRestrictBackgroundLocked(): false
12-15 11:07:58.146  2385  2385 E DpmApi  : enableTrigger 
12-15 11:07:58.146  2385  2385 E DpmApi  : enableTriggerMethod 
12-15 11:07:58.154 11874 12319 D accs.HeartbeatManager:  onNetworkFail
12-15 11:07:58.154 11874 12319 D accs.SilenceConn_umeng:56aadbf567e58e38d4000976:  try ping, force:false
12-15 11:07:58.165 11874 12319 D accs.SilenceConn_umeng:56aadbf567e58e38d4000976:  send message, PING delay:4989 dataId:14
12-15 11:07:58.166 11874 12319 I accs.SilenceConn_umeng:56aadbf567e58e38d4000976:  0 notifyStatus:DISCONNECTED handled
12-15 11:07:58.166 11874 12319 D accs.SilenceConn_umeng:56aadbf567e58e38d4000976:  spdySessionCloseCallback, conKeepTime:901 connectType:service
12-15 11:07:58.168 11874 12319 D accs.UTMini:  commitEvent fail java.lang.NoClassDefFoundError: Failed resolution of: Lcom/ut/mini/internal/UTOriginalCustomHitBuilder;
12-15 11:07:58.168 11874 12319 D tnet-jni: 369 - [SpdySession.cleanUp] - 
12-15 11:07:58.180  1487  1685 D ConnectivityService: Returning blocked NetworkInfo to uid=10260
12-15 11:07:58.182  1487  2054 D ConnectivityService: Returning blocked NetworkInfo to uid=10089
12-15 11:07:58.239  5116 10694 D Protocol: response length: 23   
12-15 11:07:58.240  5116 10694 D Protocol: response protocol: 3001   
12-15 11:09:23.944  1487  1554 E BatteryStatsService: no controller energy info supplied
12-15 11:09:23.954   993   993 I MSM-irqbalance: Decided to move IRQ3 from CPU3 [P:0] to CPU6 [P:1] (banned)
12-15 11:09:23.954   993   993 I MSM-irqbalance: Decided to move IRQ5 from CPU3 [P:0] to CPU5 [P:1] (banned)
12-15 11:09:23.955   993   993 I MSM-irqbalance: Decided to move IRQ3 from CPU2 [P:0] to CPU7 [P:1] (banned)
12-15 11:09:23.955   993   993 I MSM-irqbalance: Decided to move IRQ5 from CPU2 [P:0] to CPU4 [P:1] (banned)
12-15 11:09:23.955   993   993 I MSM-irqbalance: Decided to move IRQ184 from CPU0 [P:0] to CPU6 [P:1] (banned)
12-15 11:09:23.956   993   993 I MSM-irqbalance: Decided to move IRQ173 from CPU0 [P:0] to CPU5 [P:1] (banned)
12-15 11:09:23.956   993   993 I MSM-irqbalance: Decided to move IRQ186 from CPU0 [P:0] to CPU7 [P:1] (banned)
12-15 11:09:23.957   993   993 I MSM-irqbalance: Decided to move IRQ5 from CPU0 [P:0] to CPU4 [P:1] (banned)
12-15 11:09:23.957   993   993 I MSM-irqbalance: Decided to move IRQ3 from CPU0 [P:0] to CPU6 [P:1] (banned)
12-15 11:09:23.957   993   993 I MSM-irqbalance: Decided to move IRQ175 from CPU0 [P:0] to CPU5 [P:1] (banned)
12-15 11:09:23.958   993   993 I MSM-irqbalance: Decided to move IRQ174 from CPU0 [P:0] to CPU7 [P:1] (banned)
12-15 11:09:23.959   993   993 I MSM-irqbalance: Decided to move IRQ166 from CPU0 [P:0] to CPU4 [P:1] (banned)
12-15 11:09:23.960   993   993 I MSM-irqbalance: Decided to move IRQ185 from CPU0 [P:0] to CPU6 [P:1] (banned)
12-15 11:09:23.960   993   993 I MSM-irqbalance: Decided to move IRQ187 from CPU0 [P:0] to CPU5 [P:1] (banned)
12-15 11:09:23.961   993   993 I MSM-irqbalance: Decided to move IRQ155 from CPU0 [P:0] to CPU7 [P:1] (banned)
12-15 11:09:23.961   993   993 I MSM-irqbalance: Decided to move IRQ188 from CPU0 [P:0] to CPU4 [P:1] (banned)
12-15 11:09:23.962   993   993 I MSM-irqbalance: Decided to move IRQ167 from CPU0 [P:0] to CPU6 [P:1] (banned)
12-15 11:09:23.980  6522  6522 D JIGUANG-JCore: [PushService] onStartCommand - intent:Intent { act=cn.jpush.android.intent.RTC cmp=com.zzl.helploan/cn.jpush.android.service.PushService (has extras) }, pkg:com.zzl.helploan, connection:0
12-15 11:09:23.984  6522  6597 D JIGUANG-JCore: [JiguangTcpManager] Action - restartNetworkingClient, pid:6522
12-15 11:09:23.986  6522  6597 I JIGUANG-JCore: [JiguangTcpManager] No network connection. Give up to start connection thread.
12-15 11:09:23.993  8113  8226 E anti    : anti once
12-15 11:09:24.001  6508  6508 D JIGUANG-JCore: [PushService] onStartCommand - intent:Intent { act=cn.jpush.android.intent.RTC cmp=com.qianshi.dedaojin/cn.jpush.android.service.PushService (has extras) }, pkg:com.qianshi.dedaojin, connection:0
12-15 11:09:24.004  6508  6585 D JIGUANG-JCore: [JiguangTcpManager] Action - restartNetworkingClient, pid:6508
12-15 11:09:24.005  6508  6585 I JIGUANG-JCore: [JiguangTcpManager] No network connection. Give up to start connection thread.
12-15 11:09:32.589  5116  5134 D Protocol: 3001
12-15 11:09:32.593  5116  5134 D Protocol: 3001
12-15 11:09:32.597  1487  1768 I chatty  : uid=1000(system) WifiStateMachin expire 15 lines
12-15 11:09:32.601  1487  1554 E BatteryStatsService: no controller energy info supplied
12-15 11:09:32.626  1487 11742 D ConnectivityService: Returning blocked NetworkInfo to uid=10259
12-15 11:09:32.762  5116 10694 D Protocol: response length: 23   
12-15 11:09:32.762  5116 10694 D Protocol: response protocol: 3001   
12-15 11:09:32.881  3814 10875 D SMACK   : SENT (1): <iq to='c2dms.com' id='f23VB-54' type='get'><ping xmlns='urn:xmpp:ping'/></iq>
12-15 11:09:32.895  3814 14329 D 717FihPush.FihXmppConnection: [PingListener] Sending ping packet(1) com.fihtdc.push_system.lib.service.xmpp.FihXmppConnection@9b61ffd
12-15 11:09:32.895  3814 14329 D 717FihPushService: setServiceForeground()
12-15 11:09:32.896  3814 14329 D 717FihPushService: setServiceForeground(): is screen off, force foreground
12-15 11:09:32.900  3814  3814 I 717FihPushService: onStartCommand(): 7.0010.07 Intent { act=action.force_foreground cmp=com.evenwell.DeviceMonitorControl/com.fihtdc.push_system.lib.FihPushService }
12-15 11:09:32.907  3814 14329 V 717FihPush.PushConfig: getHeartbeatForceWakeup(): from default 1800
12-15 11:09:32.907  3814 14329 I 717FihPush.FihXmppConnection: updateForceWakeupAlarm(1), interval = 1800
12-15 11:09:32.920  3814 10876 D SMACK   : RECV (1): <iq type="result" id="f23VB-54" from="c2dms.com" to="d1cgape741705276@c2dms.com/D1CGAPE741705276"/>
12-15 11:09:32.923  3814 10877 D 717FihPush.FihXmppConnection: [PingListener] Receive Pong packet(1) f23VB-54
12-15 11:09:32.933  3814 10880 D 717FihPush.FihXmppConnection: [PingListener] Process Pong packet(1) com.fihtdc.push_system.lib.service.xmpp.FihXmppConnection@9b61ffd
12-15 11:09:33.208  8113  8226 E anti    : anti once
12-15 11:09:33.266  1487  2428 D ConnectivityService: Returning blocked NetworkInfo to uid=10135
12-15 11:09:34.208  1487 11743 E BatteryStatsService: no controller energy info supplied
12-15 11:09:34.208  1487 11743 E BatteryStatsService: no controller energy info supplied
12-15 11:09:34.216  8113  8226 E anti    : anti once
12-15 11:09:34.240  1487 11743 E BatteryStatsService: modem info is invalid: ModemActivityInfo{ mTimestamp=7069254 mSleepTimeMs=6984054 mIdleTimeMs=-6743312 mTxTimeMs[]=[0, 0, 0, 0, 0] mRxTimeMs=2162 mEnergyUsed=0}
12-15 11:09:34.296  2453  2453 I chatty  : uid=1000(system) com.evenwell.PowerMonitor expire 70 lines
12-15 11:09:34.488  2453 14335 I chatty  : uid=1000(system) com.evenwell.PowerMonitor expire 15 lines
12-15 11:09:34.925  2453  2453 W ContextImpl: Calling a method in the system process without a qualified user: android.app.ContextImpl.sendBroadcast:905 android.content.ContextWrapper.sendBroadcast:421 com.evenwell.PowerMonitor.PowerCalculator$6.onPostExecute:1549 com.evenwell.PowerMonitor.PowerCalculator$6.onPostExecute:1513 android.os.AsyncTask.finish:660 
12-15 11:10:27.429  8113  8226 E anti    : anti once
12-15 11:10:27.431  1487  1768 I chatty  : uid=1000(system) WifiStateMachin expire 33 lines
12-15 11:10:27.432  1487  1554 E BatteryStatsService: no controller energy info supplied
12-15 11:10:27.533  1487  1554 E BatteryStatsService: no controller energy info supplied
12-15 11:10:30.322  8113  8226 E anti    : anti once
12-15 11:10:30.323 11874 12342 D accs.NetworkThread_umeng:56aadbf567e58e38d4000976:  try get message
12-15 11:10:30.323 11874 12342 D accs.NetworkThread_umeng:56aadbf567e58e38d4000976:  send message not null
12-15 11:10:30.323 11874 12342 I accs.NetworkThread_umeng:56aadbf567e58e38d4000976:  0 send:PING status:3
12-15 11:10:30.324 11874 12342 D accs.OrangeAdapter:  isSmartHb result:true
12-15 11:10:30.336  1487  2431 D ConnectivityService: Returning blocked NetworkInfo to uid=10250
12-15 11:10:30.338 11874 12342 E accs.NetworkThread_umeng:56aadbf567e58e38d4000976:  0 Network not available
12-15 11:10:30.338 11874 12342 D accs.OrangeAdapter:  isSmartHb result:true
12-15 11:10:30.338 11874 12342 D accs.HeartbeatManager:  set 270
12-15 11:10:30.349 11874 12342 D accs.NetworkThread_umeng:56aadbf567e58e38d4000976:  send succ, remove it
12-15 11:10:30.350 11874 12342 D accs.NetworkThread_umeng:56aadbf567e58e38d4000976:  ready to get message
12-15 11:10:30.350 11874 12342 D accs.NetworkThread_umeng:56aadbf567e58e38d4000976:  no message, wait
12-15 11:10:31.556   993   993 I MSM-irqbalance: Decided to move IRQ3 from CPU3 [P:0] to CPU7 [P:1] (banned)
12-15 11:10:31.556   993   993 I MSM-irqbalance: Decided to move IRQ5 from CPU3 [P:0] to CPU5 [P:1] (banned)
12-15 11:10:31.557   993   993 I MSM-irqbalance: Decided to move IRQ3 from CPU2 [P:0] to CPU6 [P:1] (banned)
12-15 11:10:31.557   993   993 I MSM-irqbalance: Decided to move IRQ5 from CPU2 [P:0] to CPU4 [P:1] (banned)
12-15 11:10:31.558   993   993 I MSM-irqbalance: Decided to move IRQ173 from CPU0 [P:0] to CPU7 [P:1] (banned)
12-15 11:10:31.558   993   993 I MSM-irqbalance: Decided to move IRQ184 from CPU0 [P:0] to CPU5 [P:1] (banned)
12-15 11:10:31.559   993   993 I MSM-irqbalance: Decided to move IRQ186 from CPU0 [P:0] to CPU6 [P:1] (banned)
12-15 11:10:31.559   993   993 I MSM-irqbalance: Decided to move IRQ5 from CPU0 [P:0] to CPU4 [P:1] (banned)
12-15 11:10:31.559   993   993 I MSM-irqbalance: Decided to move IRQ175 from CPU0 [P:0] to CPU7 [P:1] (banned)
12-15 11:10:31.560   993   993 I MSM-irqbalance: Decided to move IRQ3 from CPU0 [P:0] to CPU5 [P:1] (banned)
12-15 11:10:31.560   993   993 I MSM-irqbalance: Decided to move IRQ166 from CPU0 [P:0] to CPU6 [P:1] (banned)
12-15 11:10:31.561   993   993 I MSM-irqbalance: Decided to move IRQ187 from CPU0 [P:0] to CPU4 [P:1] (banned)
12-15 11:10:31.561   993   993 I MSM-irqbalance: Decided to move IRQ185 from CPU0 [P:0] to CPU7 [P:1] (banned)
12-15 11:10:31.561   993   993 I MSM-irqbalance: Decided to move IRQ174 from CPU0 [P:0] to CPU5 [P:1] (banned)
12-15 11:10:31.562   993   993 I MSM-irqbalance: Decided to move IRQ167 from CPU0 [P:0] to CPU6 [P:1] (banned)
12-15 11:10:31.562   993   993 I MSM-irqbalance: Decided to move IRQ155 from CPU0 [P:0] to CPU4 [P:1] (banned)
12-15 11:10:32.117  8113  8226 E anti    : anti once
12-15 11:10:59.547  1487  1554 E BatteryStatsService: no controller energy info supplied
12-15 11:10:59.551  8113  8226 E anti    : anti once
12-15 11:10:59.573  1487  1554 E BatteryStatsService: no controller energy info supplied
12-15 11:10:59.576  5116  5134 D Protocol: 3001
12-15 11:10:59.576  5116  5134 D Protocol: 3001
12-15 11:10:59.596  1487 11742 D ConnectivityService: Returning blocked NetworkInfo to uid=10133
12-15 11:10:59.733  5116 10694 D Protocol: response length: 23   
12-15 11:10:59.733  5116 10694 D Protocol: response protocol: 3001   
12-15 11:11:55.387  1487  2480 D BatteryService: Processing new values: chargerAcOnline=false, chargerUsbOnline=false, chargerWirelessOnline=false, maxChargingCurrent0, maxChargingVoltage0, chargeCounter0, batteryStatus=3, batteryHealth=2, batteryPresent=true, batteryLevel=90, batteryTechnology=Li-ion, batteryVoltage=4257, batteryCurrentNow=-4577, batteryTemperature=237, mBatteryLevelCritical=false, mPlugType=0
12-15 11:11:55.387  1487  2480 D BatteryService: Sending ACTION_BATTERY_CHANGED.  level:90, scale:100, status:3, health:2, present:true, voltage: 4257, temperature: 237, technology: Li-ion, Current: -4577, AC powered:false, USB powered:false, Wireless powered:false, icon:17303241, invalid charger:0, maxChargingCurrent:0, maxChargingVoltage:0, chargeCounter:0
12-15 11:11:55.388  1487  1487 I chatty  : uid=1000 system_server expire 10 lines
12-15 11:11:55.390  2385  2546 W QCNEJ   : |CORE| CNE received unexpected action: android.intent.action.BATTERY_CHANGED
12-15 11:11:55.390  1487  1767 I chatty  : uid=1000(system) WifiService expire 12 lines
12-15 11:11:55.398  2081  2081 E QtiImsExtUtils: getConfigForPhoneId subId is invalid
12-15 11:11:55.398  2081  2081 E QtiImsExtUtils: isCarrierConfigEnabled bundle is null
12-15 11:11:55.400  3923  3923 I [BatteryProtectApp]: DetectBatteryService: ACTION_BATTERY_CHANGED -> mTemprature : 23.7
12-15 11:11:55.400  3923  3923 I [BatteryProtectApp]: DetectBatteryService: mMaxTempShutDown : false
12-15 11:11:55.400  3923  3923 I [BatteryProtectApp]: DetectBatteryService: mLowTempShutDown : false
12-15 11:11:55.400  3923  3923 I [BatteryProtectApp]: DetectBatteryService:IS_SUPPORT_DECREASE_CHARGING : true
12-15 11:11:55.400  3923  3923 I [BatteryProtectApp]: DetectBatteryService:phone not in any mode now,and health is Good  [mTemprature = 23.7 ]
12-15 11:11:55.401  3923  3923 I [BatteryProtectApp]: DetectBatteryService:-Not need to display
12-15 11:11:55.403  1487  1554 E BatteryStatsService: no controller energy info supplied
12-15 11:11:55.407  1807  1807 I chatty  : uid=10099(com.android.systemui) expire 11 lines
12-15 11:11:55.492  8113  8226 E anti    : anti once
12-15 11:11:59.834  5116  5134 D Protocol: 3001
12-15 11:11:59.834  5116  5134 D Protocol: 3001
12-15 11:11:59.843  1487  1554 E BatteryStatsService: no controller energy info supplied
12-15 11:12:00.084  5116 10694 D Protocol: response length: 23   
12-15 11:12:00.084  5116 10694 D Protocol: response protocol: 3001   
12-15 11:12:50.270  4287  4479 D jni_imsdk: [17-12-15 11:12:50.270][DEBUG][timer_queue.cc:142][RunLoop][IMCore]Run Timer: report_task 1473676306 1479082077
12-15 11:12:50.274  1487  1768 I chatty  : uid=1000(system) WifiStateMachin expire 18 lines
12-15 11:12:50.277  4287  4479 D jni_imsdk: [17-12-15 11:12:50.277][DEBUG][timer_queue.cc:36][UpdateFireTime][IMCore]before add time 1473676306
12-15 11:12:50.277  1487  1554 E BatteryStatsService: no controller energy info supplied
12-15 11:12:50.283  4287  4479 D jni_imsdk: [17-12-15 11:12:50.277][DEBUG][timer_queue.cc:38][UpdateFireTime][IMCore]add firetime : 1800000 to 1480882085
12-15 11:12:50.283  4287  4479 D jni_imsdk: [17-12-15 11:12:50.283][DEBUG][timer_queue.cc:29][Run][IMCore]run timer func: report_task
12-15 11:12:50.283  4287  4479 D jni_imsdk: [17-12-15 11:12:50.283][EVENT][qr_task.cc:126][operator()][IMCore]begin report event
12-15 11:12:50.283  4287  4479 D jni_imsdk: [17-12-15 11:12:50.283][EVENT][qr_task.cc:130][operator()][IMCore]nothing to report,return
12-15 11:12:50.283  4287  4479 D jni_imsdk: [17-12-15 11:12:50.283][DEBUG][timer_queue.cc:121][RunLoop][IMCore]timer runloop: name|ctx_timer_queue fire_time_ms|1480882085
12-15 11:12:50.415  8113  8226 E anti    : anti once
12-15 11:12:56.131  1487  2097 D BatteryService: Processing new values: chargerAcOnline=false, chargerUsbOnline=false, chargerWirelessOnline=false, maxChargingCurrent0, maxChargingVoltage0, chargeCounter0, batteryStatus=3, batteryHealth=2, batteryPresent=true, batteryLevel=90, batteryTechnology=Li-ion, batteryVoltage=4257, batteryCurrentNow=-4577, batteryTemperature=230, mBatteryLevelCritical=false, mPlugType=0
12-15 11:12:56.131  1487  2097 D BatteryService: Sending ACTION_BATTERY_CHANGED.  level:90, scale:100, status:3, health:2, present:true, voltage: 4257, temperature: 230, technology: Li-ion, Current: -4577, AC powered:false, USB powered:false, Wireless powered:false, icon:17303241, invalid charger:0, maxChargingCurrent:0, maxChargingVoltage:0, chargeCounter:0
12-15 11:12:56.135  2385  2546 W QCNEJ   : |CORE| CNE received unexpected action: android.intent.action.BATTERY_CHANGED
12-15 11:12:56.136  3923  3923 I [BatteryProtectApp]: DetectBatteryService: ACTION_BATTERY_CHANGED -> mTemprature : 23.0
12-15 11:12:56.136  3923  3923 I [BatteryProtectApp]: DetectBatteryService: mMaxTempShutDown : false
12-15 11:12:56.136  3923  3923 I [BatteryProtectApp]: DetectBatteryService: mLowTempShutDown : false
12-15 11:12:56.143  2081  2081 E QtiImsExtUtils: getConfigForPhoneId subId is invalid
12-15 11:12:56.143  2081  2081 E QtiImsExtUtils: isCarrierConfigEnabled bundle is null
12-15 11:12:56.147  3923  3923 I [BatteryProtectApp]: DetectBatteryService:IS_SUPPORT_DECREASE_CHARGING : true
12-15 11:12:56.147  3923  3923 I [BatteryProtectApp]: DetectBatteryService:phone not in any mode now,and health is Good  [mTemprature = 23.0 ]
12-15 11:12:56.148  3923  3923 I [BatteryProtectApp]: DetectBatteryService:-Not need to display
12-15 11:13:06.439  1487  1554 E BatteryStatsService: no controller energy info supplied
12-15 11:13:06.469  8113  8226 E anti    : anti once
12-15 11:13:07.034   993   993 I MSM-irqbalance: Decided to move IRQ3 from CPU3 [P:0] to CPU7 [P:1] (banned)
12-15 11:13:07.035   993   993 I MSM-irqbalance: Decided to move IRQ5 from CPU3 [P:0] to CPU5 [P:1] (banned)
12-15 11:13:07.035   993   993 I MSM-irqbalance: Decided to move IRQ3 from CPU2 [P:0] to CPU6 [P:1] (banned)
12-15 11:13:07.035   993   993 I MSM-irqbalance: Decided to move IRQ5 from CPU2 [P:0] to CPU4 [P:1] (banned)
12-15 11:13:07.036   993   993 I MSM-irqbalance: Decided to move IRQ173 from CPU0 [P:0] to CPU7 [P:1] (banned)
12-15 11:13:07.036   993   993 I MSM-irqbalance: Decided to move IRQ184 from CPU0 [P:0] to CPU5 [P:1] (banned)
12-15 11:13:07.037   993   993 I MSM-irqbalance: Decided to move IRQ3 from CPU0 [P:0] to CPU6 [P:1] (banned)
12-15 11:13:07.037   993   993 I MSM-irqbalance: Decided to move IRQ186 from CPU0 [P:0] to CPU4 [P:1] (banned)
12-15 11:13:07.037   993   993 I MSM-irqbalance: Decided to move IRQ175 from CPU0 [P:0] to CPU7 [P:1] (banned)
12-15 11:13:07.038   993   993 I MSM-irqbalance: Decided to move IRQ5 from CPU0 [P:0] to CPU5 [P:1] (banned)
12-15 11:13:07.038   993   993 I MSM-irqbalance: Decided to move IRQ166 from CPU0 [P:0] to CPU6 [P:1] (banned)
12-15 11:13:07.039   993   993 I MSM-irqbalance: Decided to move IRQ187 from CPU0 [P:0] to CPU4 [P:1] (banned)
12-15 11:13:07.039   993   993 I MSM-irqbalance: Decided to move IRQ185 from CPU0 [P:0] to CPU7 [P:1] (banned)
12-15 11:13:07.039   993   993 I MSM-irqbalance: Decided to move IRQ174 from CPU0 [P:0] to CPU5 [P:1] (banned)
12-15 11:13:07.040   993   993 I MSM-irqbalance: Decided to move IRQ155 from CPU0 [P:0] to CPU6 [P:1] (banned)
12-15 11:13:07.159 14343 14343 W cat     : type=1400 audit(0.0:66307): avc: denied { read } for name="address" dev="sysfs" ino=37913 scontext=u:r:untrusted_app:s0:c512,c768 tcontext=u:object_r:sysfs:s0 tclass=file permissive=0
12-15 11:13:07.443  1487  2454 E BatteryStatsService: no controller energy info supplied
12-15 11:13:07.443  1487  2454 E BatteryStatsService: no controller energy info supplied
12-15 11:13:07.470  1487  2454 E BatteryStatsService: modem info is invalid: ModemActivityInfo{ mTimestamp=7282489 mSleepTimeMs=7195115 mIdleTimeMs=-6983858 mTxTimeMs[]=[0, 0, 0, 0, 0] mRxTimeMs=1978 mEnergyUsed=0}
12-15 11:13:07.474  8113  8226 E anti    : anti once
12-15 11:13:07.517  2453  2453 I chatty  : uid=1000(system) com.evenwell.PowerMonitor expire 55 lines
12-15 11:13:07.597  2453 14349 I chatty  : uid=1000(system) com.evenwell.PowerMonitor expire 15 lines
12-15 11:13:07.972  2453  2453 W ContextImpl: Calling a method in the system process without a qualified user: android.app.ContextImpl.sendBroadcast:905 android.content.ContextWrapper.sendBroadcast:421 com.evenwell.PowerMonitor.PowerCalculator$6.onPostExecute:1549 com.evenwell.PowerMonitor.PowerCalculator$6.onPostExecute:1513 android.os.AsyncTask.finish:660 
12-15 11:13:10.751  8113  8226 E anti    : anti once
12-15 11:13:16.012  8113  8226 E anti    : anti once
12-15 11:13:17.020  8113  8226 E anti    : anti once
12-15 11:13:17.140  1487  1763 I chatty  : uid=1000(system) NetworkStats expire 2 lines
12-15 11:13:17.149  2385  2396 D QtiTetherService/IpaWrapper: getStats(false)
12-15 11:13:17.150  4174  4174 I FihWeatherService/UpdateService: Trigger by WeatherService self!
12-15 11:13:17.150  4174  4174 D FihWeatherService/UpdateService: ====OnStartCommamnd====
12-15 11:13:17.151  4174  4174 I FihWeatherService/UpdateService: Permission granted
12-15 11:13:17.152  4174  4174 I FihWeatherService/UpdateService: handleCommand()
12-15 11:13:17.152  4174  4174 D FihWeatherService/UpdateService: [handleCommand] Received intent:com.fihtdc.action.AUTO_SEARCH_CURRENT_CITY
12-15 11:13:17.153  4174  4174 I FihWeatherService/UpdateService: Acquire partial lock!
12-15 11:13:17.155  4174  4174 D FihWeatherService/UpdateService: Start search current city
12-15 11:13:17.155  4174  4174 D FihWeatherService/BaiduLocation: startLocation()
12-15 11:13:17.184  1487  1755 W ActivityManager: Sending non-protected broadcast com.fihtdc.push_system.action.command from system uid 1000 pkg com.evenwell.DeviceMonitorControl
12-15 11:13:17.190  4174  4174 D FihWeatherService/Util: MCC:460
12-15 11:13:17.221  1487  1528 I chatty  : uid=1000(system) Binder:1487_2 expire 5 lines
12-15 11:13:17.223  4174  4174 D DeviceId: Settings.System.getString or putString failed
12-15 11:13:17.228  4174  4174 D DeviceId: Settings.System.getString or putString failed
12-15 11:13:17.236  1487  1497 I chatty  : uid=1000(system) HeapTaskDaemon expire 1 line
12-15 11:13:17.252  4174  4174 D FihWeatherService/FihLocation: FihLocation startLocation!!
12-15 11:13:17.253  4174  4174 I FihWeatherService/UpdateService: Trigger by WeatherService self!
12-15 11:13:17.253  4174  4174 D FihWeatherService/UpdateService: ====OnStartCommamnd====
12-15 11:13:17.253  4174  4174 I FihWeatherService/UpdateService: Refresh all!
12-15 11:13:17.254  4174  4174 I FihWeatherService/UpdateService: Permission granted
12-15 11:13:17.254  4174  4174 I FihWeatherService/UpdateService: handleCommand()
12-15 11:13:17.254  4174  4174 D FihWeatherService/UpdateService: [handleCommand] Received intent:com.fihtdc.action.REFRESH_ALL_CITY_WEATHER
12-15 11:13:17.259  1807  1807 I chatty  : uid=10099(com.android.systemui) expire 10 lines
12-15 11:13:17.291  5116  5134 D Protocol: 3001
12-15 11:13:17.291  5116  5134 D Protocol: 3001
12-15 11:13:17.322 11775 11775 I com.fihtdc.UsageStatsLogReceiver.receiver.StatusReceiver: action: android.fihtdc.UsageStatsLogReceiver.action.UPLOAD_ALARM
12-15 11:13:17.323 11775 14357 I com.fihtdc.UsageStatsLogReceiver.receiver.StatusReceiver: doUploadAlarm
12-15 11:13:17.323 11775 14357 I com.fihtdc.UsageStatsLogReceiver.helper.SharedPrefHelper: isTimeToUpload: false lastReportTime: 1513246347785 currentTime: 1513307597323 uploadPeriod: 86400000 Settings.USG_UPLOAD_BASE_PERIOD: 86400000 uploadPeriodDate: 1
12-15 11:13:17.323 11775 14357 I com.fihtdc.UsageStatsLogReceiver.helper.SharedPrefHelper: isTimeToUpload3rdUsage: false lastReportTime: 1513303976099 currentTime: 1513307597323 Settings.USG_3RD_ACTIVATE_UPLOAD_PERIOD: 72000000
12-15 11:13:17.324 11775 14357 I com.fihtdc.UsageStatsLogReceiver.helper.SchaduleJobManager: doCancelPeriodUploadJobSchaduler
12-15 11:13:17.325 11775 14357 I com.fihtdc.UsageStatsLogReceiver.receiver.StatusReceiver: doSetUploadPeriodAlarm
12-15 11:13:17.333 11775 14357 I com.fihtdc.UsageStatsLogReceiver.receiver.StatusReceiver: doSetUploadPeriodAlarm : Calendar.HOUR :10 Settings.UPLOAD_CHECK_PERIOD: 1
12-15 11:13:17.334  3814  3814 V 717FihPush.PushServiceUtil: getImageId(): from fver: 00CN
12-15 11:13:17.349  3814  3814 V 717FihPush.PushServiceUtil: getActivePushService(): 1 com.evenwell.DeviceMonitorControl--42625
12-15 11:13:17.349  3814  3814 D 717FihPushBroadcastReceiver: onReceive(): com.fihtdc.push_system.action.command, current active=ServiceInfo{f6ea338 com.fihtdc.push_system.lib.FihPushService}
12-15 11:13:17.349  3814  3814 D 717FihPushBroadcastReceiver: onReceive(): PUSH_COMMAND_KEEP_ALIVE 
12-15 11:13:17.361  3814  3814 I 717FihPush.StandByManager: updateKeepAlive, next check at Fri Dec 15 11:23:17 GMT+08:00 2017
12-15 11:13:17.399  1487  1547 D NetworkPolicy: setRestrictBackgroundLocked(): false
12-15 11:13:17.426  4174  4174 I FihWeatherService/UpdateService: Acquire partial lock!
12-15 11:13:17.428  4174  4174 D FihWeatherService/UpdateService: b.containsKey(KEY_REFRESH_ALL_CITY_WEATHER)
12-15 11:13:17.428  4174  4174 D FihWeatherService/UpdateService: getAllCityNameFromDB()
12-15 11:13:17.459  4174  4174 D FihWeatherService/UpdateService: CityNAME:31.336922,121.430202
12-15 11:13:17.473 13140 13140 D baidu_location_service: baidu location service start1 ...13140
12-15 11:13:17.484  4174  4174 D baidu_location_client: baidu location connected ...
12-15 11:13:17.497  2385  2385 E DpmApi  : enableTrigger 
12-15 11:13:17.497  2385  2385 E DpmApi  : enableTriggerMethod 
12-15 11:13:17.510 13140 13153 D baidu_location_service: baidu location service register ...
12-15 11:13:17.514  5116 10694 D Protocol: response length: 23   
12-15 11:13:17.514  5116 10694 D Protocol: response protocol: 3001   
12-15 11:13:17.572  4174  4174 I FihWeatherService/BaiduLocation: LBS V6.1.3
12-15 11:13:17.572  4174  4174 D FihWeatherService/BaiduLocation: onReceiveLocation = (4.9E-324, 4.9E-324)
12-15 11:13:17.573  4174 14363 D FihWeatherService/GetLocationFromNetwork: location:4.9E-324,4.9E-324
12-15 11:13:17.577  4174 14363 D FihWeatherService/Util: MCC:460
12-15 11:13:17.577  4174 14363 D FihWeatherService/GetLocationFromNetwork: Extract city by Baidu Map API...
12-15 11:13:17.577  4174 14363 D FihWeatherService/GetLocationFromNetwork: Request city: http://api.map.baidu.com/geocoder/v2/?output=json&ak=GoBbkyW9UT10CAuxoIxDXQdD&location=4.9E-324,4.9E-324
12-15 11:13:17.977  1487  2097 W NetworkIdentity: Active mobile network without subscriber!
12-15 11:13:17.978  1487  2097 W NetworkIdentity: Active mobile network without subscriber!
12-15 11:13:17.978  1487  2097 W NetworkIdentity: Active mobile network without subscriber!
12-15 11:13:17.978  1487  2097 W NetworkIdentity: Active mobile network without subscriber!
12-15 11:13:17.978  1487  2097 W NetworkIdentity: Active mobile network without subscriber!
12-15 11:13:17.978  1487  2097 W NetworkIdentity: Active mobile network without subscriber!
12-15 11:13:17.978  1487  2097 W NetworkIdentity: Active mobile network without subscriber!
12-15 11:13:17.978  1487  2097 W NetworkIdentity: Active mobile network without subscriber!
12-15 11:13:17.978  1487  2097 W NetworkIdentity: Active mobile network without subscriber!
12-15 11:13:17.979  1487  2454 W NetworkIdentity: Active mobile network without subscriber!
12-15 11:13:17.980  1487  1527 W NetworkIdentity: Active mobile network without subscriber!
12-15 11:13:17.980  1487  2454 W NetworkIdentity: Active mobile network without subscriber!
12-15 11:13:17.980  1487  2454 W NetworkIdentity: Active mobile network without subscriber!
12-15 11:13:17.980  1487  2454 W NetworkIdentity: Active mobile network without subscriber!
12-15 11:13:17.980  1487  2454 W NetworkIdentity: Active mobile network without subscriber!
12-15 11:13:17.980  1487  2454 W NetworkIdentity: Active mobile network without subscriber!
12-15 11:13:17.980  1487  2454 W NetworkIdentity: Active mobile network without subscriber!
12-15 11:13:17.980  1487  2454 W NetworkIdentity: Active mobile network without subscriber!
12-15 11:13:17.980  1487  2454 W NetworkIdentity: Active mobile network without subscriber!
12-15 11:13:17.982  1487  2054 D ConnectivityService: Returning unblocked NetworkInfo to uid=10133
12-15 11:13:17.982  1487 11742 W NetworkIdentity: Active mobile network without subscriber!
12-15 11:13:17.996  1487 11743 W NetworkIdentity: Active mobile network without subscriber!
12-15 11:13:17.996  1487 11743 W NetworkIdentity: Active mobile network without subscriber!
12-15 11:13:17.996  1487 11743 W NetworkIdentity: Active mobile network without subscriber!
12-15 11:13:17.996  1487 11743 W NetworkIdentity: Active mobile network without subscriber!
12-15 11:13:17.996  1487 11743 W NetworkIdentity: Active mobile network without subscriber!
12-15 11:13:17.996  1487 11743 W NetworkIdentity: Active mobile network without subscriber!
12-15 11:13:17.997  1487 11743 W NetworkIdentity: Active mobile network without subscriber!
12-15 11:13:17.997  1487 11743 W NetworkIdentity: Active mobile network without subscriber!
12-15 11:13:17.997  1487 11743 W NetworkIdentity: Active mobile network without subscriber!
12-15 11:13:17.999  1487  2452 W NetworkIdentity: Active mobile network without subscriber!
12-15 11:13:18.022  1487  2522 W NetworkIdentity: Active mobile network without subscriber!
12-15 11:13:18.023  1487  2522 W NetworkIdentity: Active mobile network without subscriber!
12-15 11:13:18.023  1487  2522 W NetworkIdentity: Active mobile network without subscriber!
12-15 11:13:18.023  1487  2522 W NetworkIdentity: Active mobile network without subscriber!
12-15 11:13:18.023  1487  2522 W NetworkIdentity: Active mobile network without subscriber!
12-15 11:13:18.023  1487  2522 W NetworkIdentity: Active mobile network without subscriber!
12-15 11:13:18.023  1487  2522 W NetworkIdentity: Active mobile network without subscriber!
12-15 11:13:18.023  1487  2522 W NetworkIdentity: Active mobile network without subscriber!
12-15 11:13:18.023  1487  2522 W NetworkIdentity: Active mobile network without subscriber!
12-15 11:13:18.025  1487  2096 W NetworkIdentity: Active mobile network without subscriber!
12-15 11:13:18.031  8113  8226 E anti    : anti once
12-15 11:13:18.462   993   993 I MSM-irqbalance: Decided to move IRQ3 from CPU3 [P:0] to CPU7 [P:1] (banned)
12-15 11:13:18.463   993   993 I MSM-irqbalance: Decided to move IRQ5 from CPU3 [P:0] to CPU5 [P:1] (banned)
12-15 11:13:18.463   993   993 I MSM-irqbalance: Decided to move IRQ3 from CPU2 [P:0] to CPU6 [P:1] (banned)
12-15 11:13:18.464   993   993 I MSM-irqbalance: Decided to move IRQ5 from CPU2 [P:0] to CPU4 [P:1] (banned)
12-15 11:13:18.464   993   993 I MSM-irqbalance: Decided to move IRQ3 from CPU0 [P:0] to CPU7 [P:1] (banned)
12-15 11:13:18.464   993   993 I MSM-irqbalance: Decided to move IRQ173 from CPU0 [P:0] to CPU5 [P:1] (banned)
12-15 11:13:18.465   993   993 I MSM-irqbalance: Decided to move IRQ184 from CPU0 [P:0] to CPU6 [P:1] (banned)
12-15 11:13:18.465   993   993 I MSM-irqbalance: Decided to move IRQ186 from CPU0 [P:0] to CPU4 [P:1] (banned)
12-15 11:13:18.466   993   993 I MSM-irqbalance: Decided to move IRQ5 from CPU0 [P:0] to CPU7 [P:1] (banned)
12-15 11:13:18.466   993   993 I MSM-irqbalance: Decided to move IRQ188 from CPU0 [P:0] to CPU5 [P:1] (banned)
12-15 11:13:18.467   993   993 I MSM-irqbalance: Decided to move IRQ175 from CPU0 [P:0] to CPU6 [P:1] (banned)
12-15 11:13:18.467   993   993 I MSM-irqbalance: Decided to move IRQ166 from CPU0 [P:0] to CPU4 [P:1] (banned)
12-15 11:13:18.467   993   993 I MSM-irqbalance: Decided to move IRQ174 from CPU0 [P:0] to CPU7 [P:1] (banned)
12-15 11:13:18.468   993   993 I MSM-irqbalance: Decided to move IRQ187 from CPU0 [P:0] to CPU5 [P:1] (banned)
12-15 11:13:18.468   993   993 I MSM-irqbalance: Decided to move IRQ185 from CPU0 [P:0] to CPU6 [P:1] (banned)
12-15 11:13:18.469   993   993 I MSM-irqbalance: Decided to move IRQ167 from CPU0 [P:0] to CPU4 [P:1] (banned)
12-15 11:13:19.037  8113  8226 E anti    : anti once
12-15 11:13:20.043  8113  8226 E anti    : anti once
12-15 11:13:20.070  1487 11742 D ConnectivityService: Returning unblocked NetworkInfo to uid=10089
12-15 11:13:20.518 13140 13153 E SQLiteLog: (14) cannot open file at line 32456 of [bda77dda96]
12-15 11:13:20.518 13140 13153 E SQLiteLog: (14) os_unix.c:32456: (13) open(/storage/emulated/0/baidu/tempdata//ls.db) - 
12-15 11:13:20.519 13140 13153 E SQLiteDatabase: Failed to open database '/storage/emulated/0/baidu/tempdata//ls.db'.
12-15 11:13:20.519 13140 13153 E SQLiteDatabase: android.database.sqlite.SQLiteCantOpenDatabaseException: unknown error (code 14): Could not open database
12-15 11:13:20.519 13140 13153 E SQLiteDatabase: 	at android.database.sqlite.SQLiteConnection.nativeOpen(Native Method)
12-15 11:13:20.519 13140 13153 E SQLiteDatabase: 	at android.database.sqlite.SQLiteConnection.open(SQLiteConnection.java:209)
12-15 11:13:20.519 13140 13153 E SQLiteDatabase: 	at android.database.sqlite.SQLiteConnection.open(SQLiteConnection.java:193)
12-15 11:13:20.519 13140 13153 E SQLiteDatabase: 	at android.database.sqlite.SQLiteConnectionPool.openConnectionLocked(SQLiteConnectionPool.java:463)
12-15 11:13:20.519 13140 13153 E SQLiteDatabase: 	at android.database.sqlite.SQLiteConnectionPool.open(SQLiteConnectionPool.java:185)
12-15 11:13:20.519 13140 13153 E SQLiteDatabase: 	at android.database.sqlite.SQLiteConnectionPool.open(SQLiteConnectionPool.java:177)
12-15 11:13:20.519 13140 13153 E SQLiteDatabase: 	at android.database.sqlite.SQLiteDatabase.openInner(SQLiteDatabase.java:808)
12-15 11:13:20.519 13140 13153 E SQLiteDatabase: 	at android.database.sqlite.SQLiteDatabase.open(SQLiteDatabase.java:793)
12-15 11:13:20.519 13140 13153 E SQLiteDatabase: 	at android.database.sqlite.SQLiteDatabase.openDatabase(SQLiteDatabase.java:696)
12-15 11:13:20.519 13140 13153 E SQLiteDatabase: 	at android.database.sqlite.SQLiteDatabase.openOrCreateDatabase(SQLiteDatabase.java:711)
12-15 11:13:20.519 13140 13153 E SQLiteDatabase: 	at com.baidu.location.c.b.aY(Unknown Source)
12-15 11:13:20.519 13140 13153 E SQLiteDatabase: 	at com.baidu.location.c.b.if(Unknown Source)
12-15 11:13:20.519 13140 13153 E SQLiteDatabase: 	at com.baidu.location.c.b$1.run(Unknown Source)
12-15 11:13:20.519 13140 13153 E SQLiteDatabase: 	at android.os.Handler.handleCallback(Handler.java:751)
12-15 11:13:20.519 13140 13153 E SQLiteDatabase: 	at android.os.Handler.dispatchMessage(Handler.java:95)
12-15 11:13:20.519 13140 13153 E SQLiteDatabase: 	at android.os.Looper.loop(Looper.java:154)
12-15 11:13:20.519 13140 13153 E SQLiteDatabase: 	at android.os.HandlerThread.run(HandlerThread.java:61)
12-15 11:13:21.050  8113  8226 E anti    : anti once
12-15 11:13:22.056  8113  8226 E anti    : anti once
12-15 11:13:22.683   499  1880 I Netd    : Destroyed 5 sockets for UidRanges{ 10000-2147483647 } skip={1001 10063 10069 10074 10095 10096 10099 10116 10134 10207 10220} in 1.7 ms
12-15 11:13:22.765  1487  1547 D NetworkPolicy: setRestrictBackgroundLocked(): false
12-15 11:13:22.783  2385  2385 E DpmApi  : enableTrigger 
12-15 11:13:22.784  2385  2385 E DpmApi  : enableTriggerMethod 
12-15 11:13:22.825  4174 14363 E FihWeatherService/GetLocationFromNetwork: Exception@GetLocationFromAccu$doInBackground:No value for result
12-15 11:13:22.825  4174 14363 D FihWeatherService/GetLocationFromNetwork: Extract city by Accu API...
12-15 11:13:22.825  4174 14363 D FihWeatherService/GetLocationFromNetwork: Request city: http://api.accuweather.com/locations/v1/cities/geoposition/search.json?partner=foxconnholdings&apikey=8a2db0fba8cc4cabb3896494a9803e49&language=zh-cn&q=4.9E-324,4.9E-324
12-15 11:13:23.062  8113  8226 E anti    : anti once
12-15 11:13:23.218  1487  2097 D ConnectivityService: Returning blocked NetworkInfo to uid=10133
12-15 11:13:23.472   993   993 I MSM-irqbalance: Decided to move IRQ5 from CPU0 [P:0] to CPU7 [P:1] (banned)
12-15 11:13:23.473   993   993 I MSM-irqbalance: Decided to move IRQ3 from CPU0 [P:0] to CPU5 [P:1] (banned)
12-15 11:13:23.796  1487  2054 D ConnectivityService: Returning blocked NetworkInfo to uid=10089
12-15 11:13:23.858  4174 14363 E FihWeatherService/GetLocationFromNetwork: Exception@GetLocationFromAccu$doInBackground:Value null of type org.json.JSONObject$1 cannot be converted to JSONObject
12-15 11:13:23.858  4174 14363 D FihWeatherService/GetLocationFromNetwork: Current city: null
12-15 11:13:23.859  4174  4174 D FihWeatherService/BaiduLocation: Message= 2
12-15 11:13:23.859  4174  4174 D FihWeatherService/BaiduLocation: Get address failed!
12-15 11:13:23.859  4174  4174 D FihWeatherService/UpdateService: onLocationedFailed: isAutoSearchCurrentCity=true
12-15 11:13:23.859  4174  4174 I FihWeatherService/UpdateService: Lock is held, release!
12-15 11:13:23.862  4174  4174 D FihWeatherService/UpdateService: UpdateStatusFeedback -> send broadcast: com.fihtdc.action.UPDATE_STATUS, [status_code = 10]
12-15 11:13:23.862  4174  4174 I FihWeatherService/BaiduLocation: Cancel baidu alarm
12-15 11:13:23.867  2530  2530 I WeatherLiveIcon: startUpdateDegree...
12-15 11:13:23.871  4174  4174 D FihWeatherService/WeatherIntentReceiver: Received intent:com.fihtdc.action.UPDATE_STATUS
12-15 11:13:23.871  4174  4174 D FihWeatherService/WeatherIntentReceiver: Status code: 10
12-15 11:13:23.886  2530  2530 I WeatherLiveIcon: currentDegreeStr = 93
12-15 11:13:23.894  2530  2530 V WeatherUtil: celsiusToFahrenheit=str33.88889
12-15 11:13:24.249  8113  8226 E anti    : anti once
12-15 11:14:09.090  1487  1768 I chatty  : uid=1000(system) WifiStateMachin expire 12 lines
12-15 11:14:09.090  8113  8226 E anti    : anti once
12-15 11:14:09.094  1487  1554 E BatteryStatsService: no controller energy info supplied
12-15 11:14:14.667  6522  6522 D JIGUANG-JCore: [PushService] onStartCommand - intent:Intent { act=cn.jpush.android.intent.RTC cmp=com.zzl.helploan/cn.jpush.android.service.PushService (has extras) }, pkg:com.zzl.helploan, connection:0
12-15 11:14:14.670  6522  6597 D JIGUANG-JCore: [JiguangTcpManager] Action - restartNetworkingClient, pid:6522
12-15 11:14:14.672  6522  6597 I JIGUANG-JCore: [JiguangTcpManager] No network connection. Give up to start connection thread.
12-15 11:14:14.684  6508  6508 D JIGUANG-JCore: [PushService] onStartCommand - intent:Intent { act=cn.jpush.android.intent.RTC cmp=com.qianshi.dedaojin/cn.jpush.android.service.PushService (has extras) }, pkg:com.qianshi.dedaojin, connection:0
12-15 11:14:14.687  6508  6585 D JIGUANG-JCore: [JiguangTcpManager] Action - restartNetworkingClient, pid:6508
