--------- beginning of system
12-15 09:12:09.707   409   415 D vold    : e4crypt_unlock_user_key 0 serial=0 token_present=0
12-15 09:12:09.707  1487  1760 I chatty  : uid=1000(system) CryptdConnector expire 1 line
12-15 09:12:09.707  1487  1487 I chatty  : uid=1000 system_server expire 78 lines
12-15 09:12:09.708  1487  1758 I chatty  : uid=1000(system) MountService expire 4 lines
12-15 09:12:09.708  1487  1549 I chatty  : uid=1000(system) ActivityManager expire 2 lines
12-15 09:12:09.709  1487  1759 I chatty  : uid=1000(system) VoldConnector expire 11 lines
12-15 09:12:09.711  1487  1574 I chatty  : uid=1000(system) android.fg expire 1 line
12-15 09:12:09.728   409   414 V vold    : Waiting for FUSE to spin up...
12-15 09:12:09.732  1487  1575 I chatty  : uid=1000(system) android.io expire 4 lines
12-15 09:12:10.370  1487  1528 I chatty  : uid=1000(system) Binder:1487_2 expire 1 line
12-15 09:12:10.488  1487  1551 I chatty  : uid=1000(system) android.ui expire 2 lines
12-15 09:12:10.566  1807  2035 E ActivityThread: Failed to find provider info for com.fihtdc.providers.weather
12-15 09:12:10.573  1807  2035 E ActivityThread: Failed to find provider info for com.evenwell.providers.weather
12-15 09:12:10.697  1487  1487 I chatty  : uid=1000 system_server expire 50 lines
12-15 09:12:10.769  1487  1547 I chatty  : uid=1000(system) android.bg expire 13 lines
12-15 09:12:10.839  1487  1575 I chatty  : uid=1000(system) android.io expire 23 lines
12-15 09:12:10.897  2081  2081 E ActivityThread: Failed to find provider info for com.android.contacts
12-15 09:12:10.900  1487  2107 I chatty  : uid=1000(system) uteStateMachine expire 1 line
12-15 09:12:10.905  1487  2109 I chatty  : uid=1000(system) CallAudioModeSt expire 1 line
12-15 09:12:10.923  1487  2113 I chatty  : uid=1000(system) AsyncQueryWorke expire 1 line
12-15 09:12:11.036  1487  1549 I chatty  : uid=1000(system) ActivityManager expire 29 lines
12-15 09:12:11.188  1487  2096 I chatty  : uid=1000(system) Binder:1487_5 expire 20 lines
12-15 09:12:11.197  1487  1778 I chatty  : uid=1000(system) onProviders.ECP expire 2 lines
12-15 09:12:11.285  1487  1772 I chatty  : uid=1000(system) ConnectivitySer expire 12 lines
12-15 09:12:11.310  2081  2165 E ActivityThread: Failed to find provider info for com.android.contacts
12-15 09:12:11.843  1487  1554 I chatty  : uid=1000(system) batterystats-sy expire 2 lines
12-15 09:12:11.997  1807  2241 E ActivityThread: Failed to find provider info for com.evenwell.powersaving.g3
12-15 09:12:12.021  1807  2241 E ActivityThread: Failed to find provider info for com.evenwell.powersaving.g3
12-15 09:12:12.025  1487  2097 I chatty  : uid=1000(system) Binder:1487_6 expire 6 lines
12-15 09:12:12.038  1807  2248 E ActivityThread: Failed to find provider info for com.android.contacts
12-15 09:12:12.142  1487  1528 I chatty  : uid=1000(system) Binder:1487_2 expire 7 lines
12-15 09:12:12.171  1487  2054 I chatty  : uid=1000(system) Binder:1487_4 expire 5 lines
12-15 09:12:12.246  2081  2081 D MccTable: updateMccMncConfiguration mccmnc='' fromServiceState=false
12-15 09:12:12.279  1487  1685 I chatty  : uid=1000(system) Binder:1487_3 expire 13 lines
12-15 09:12:12.497   409   415 D VoldCryptCmdListener: cryptfs getpw
12-15 09:12:12.497  1487  1760 I chatty  : uid=1000(system) CryptdConnector expire 3 lines
12-15 09:12:12.498   409   415 D VoldCryptCmdListener: cryptfs clearpw
12-15 09:12:12.578  1807  2241 E ActivityThread: Failed to find provider info for com.evenwell.powersaving.g3
12-15 09:12:12.627  1807  2241 E ActivityThread: Failed to find provider info for com.evenwell.powersaving.g3
12-15 09:12:12.714  1487  1768 I chatty  : uid=1000(system) WifiStateMachin expire 1 line
12-15 09:12:12.757  1487  1576 I chatty  : uid=1000(system) android.display expire 9 lines
12-15 09:12:12.783   409   415 D vold    : e4crypt_prepare_user_storage for volume null, user 0, serial 0, flags 2
12-15 09:12:12.783   409   415 D vold    : Preparing: /data/system_ce/0
12-15 09:12:12.783   409   415 D vold    : Preparing: /data/misc_ce/0
12-15 09:12:12.783   409   415 D vold    : Preparing: /data/media/0
12-15 09:12:12.783   409   415 D vold    : Preparing: /data/data
12-15 09:12:12.812   409   413 D vold    : Disk at 7:8 changed
12-15 09:12:13.352   409   414 D vold    : Linking /storage/emulated/0 to /mnt/user/0/primary
12-15 09:12:13.353  1487  1759 I chatty  : uid=1000(system) VoldConnector expire 1 line
12-15 09:12:13.355  1487  1758 I chatty  : uid=1000(system) MountService expire 1 line
12-15 09:12:13.562  1487  1767 I chatty  : uid=1000(system) WifiService expire 1 line
12-15 09:12:14.165  1487  2480 I chatty  : uid=1000(system) Binder:1487_B expire 11 lines
12-15 09:12:14.235  1487  2106 I chatty  : uid=1000 system_server expire 1 line
12-15 09:12:14.273  1807  1807 V KeyguardStatusView: refresh statusview showing:true
12-15 09:12:14.273  2385  2385 W ContextImpl: Calling a method in the system process without a qualified user: android.app.ContextImpl.sendBroadcast:905 android.content.ContextWrapper.sendBroadcast:421 com.quicinc.cne.CNEService.CNEServiceApp.broadcastCNEStarted:103 com.quicinc.cne.CNEService.CNEServiceApp.startCne:123 com.quicinc.cne.CNEService.CNEServiceApp.onCreate:94 
12-15 09:12:14.355  1807  1807 V KeyguardDisplayManager: show
12-15 09:12:14.362  1487  2335 I chatty  : uid=1000(system) backup expire 1 line
12-15 09:12:14.373  1807  2035 E ActivityThread: Failed to find provider info for com.fihtdc.providers.weather
12-15 09:12:14.391  1487  2454 I chatty  : uid=1000(system) Binder:1487_A expire 3 lines
12-15 09:12:14.433  1487  2431 I chatty  : uid=1000(system) Binder:1487_8 expire 4 lines
12-15 09:12:14.520  1487  2481 I chatty  : uid=1000(system) Binder:1487_C expire 6 lines
12-15 09:12:14.570  1807  2035 E ActivityThread: Failed to find provider info for com.fihtdc.providers.weather
12-15 09:12:14.608  1487  2482 I chatty  : uid=1000(system) Binder:1487_D expire 2 lines
12-15 09:12:14.825  1487  2428 I chatty  : uid=1000(system) Binder:1487_7 expire 14 lines
12-15 09:12:14.965  2483  2483 W ContextImpl: Calling a method in the system process without a qualified user: android.app.ContextImpl.startService:1385 android.content.ContextWrapper.startService:613 android.content.ContextWrapper.startService:613 com.evenwell.OTAUpdate.OTAReceiver.media_mountedCheckingService:217 com.evenwell.OTAUpdate.OTAReceiver.onReceive:191 
12-15 09:12:15.278  2530  2530 E ActivityThread: Failed to find provider info for com.fihtdc.AccountProxy.providers.AccountProxyContentProvider
12-15 09:12:15.298  2736  2736 W ContextImpl: Calling a method in the system process without a qualified user: android.app.ContextImpl.startService:1385 android.content.ContextWrapper.startService:613 tmsdk.common.TMSDKContext.start:-1 tmsdk.common.TMSDKContext.init:-1 com.evenwell.spamdetector.SpamServiceApp.onCreate:30 
12-15 09:12:15.649  2817  2894 D ActivityThread: Loading provider com.android.email.provider;com.android.email.notifier: com.android.email.provider.EmailProvider
12-15 09:12:15.668  2817  2897 D ActivityThread: Loading provider com.android.email.provider;com.android.email.notifier: com.android.email.provider.EmailProvider
12-15 09:12:15.671  2817  2895 D ActivityThread: Loading provider com.android.email.provider;com.android.email.notifier: com.android.email.provider.EmailProvider
12-15 09:12:15.752  1487  1527 I chatty  : uid=1000(system) Binder:1487_1 expire 1 line
12-15 09:12:15.837  2843  2843 W PackageParser: Unknown element under <manifest>: meta-data at /storage/emulated/0/Android/obb/air.tv.douyu.android/lebian/air.tv.douyu.android-1/air.tv.douyu.android.odex.jar Binary XML file line #134
12-15 09:12:15.986  1487  2522 I chatty  : uid=1000(system) Binder:1487_E expire 1 line
12-15 09:12:16.307  2949  2949 W PackageParser: Unknown element under <manifest>: meta-data at /storage/emulated/0/Android/obb/air.tv.douyu.android/lebian/air.tv.douyu.android-1/air.tv.douyu.android.odex.jar Binary XML file line #134
12-15 09:12:16.482  2936  2936 E ActivityThread: Failed to find provider info for com.tencent.mm.coolassist.debugprovider
12-15 09:12:22.568  1487  3312 I chatty  : uid=1000 system_server expire 16 lines
12-15 09:12:22.599  2496  2496 W ContextImpl: Calling a method in the system process without a qualified user: android.app.ContextImpl.startService:1385 android.content.ContextWrapper.startService:613 android.content.ContextWrapper.startService:613 com.qualcomm.qti.services.secureui.BootReceiver.onReceive:30 android.app.ActivityThread.handleReceiver:3011 
12-15 09:12:22.695  1487  1487 I chatty  : uid=1000 system_server expire 17 lines
12-15 09:12:22.695  1487  1583 I chatty  : uid=1000(system) PowerManagerSer expire 10 lines
12-15 09:12:22.715  1487  1549 I chatty  : uid=1000(system) ActivityManager expire 10 lines
12-15 09:12:22.781  3321  3321 W ContextImpl: Calling a method in the system process without a qualified user: android.app.ContextImpl.startService:1385 android.content.ContextWrapper.startService:613 android.content.ContextWrapper.startService:613 com.qualcomm.cabl.CABLReceiver.onReceive:33 android.app.ActivityThread.handleReceiver:3011 
12-15 09:12:22.809  3321  3321 W ContextImpl: Calling a method in the system process without a qualified user: android.app.ContextImpl.startService:1385 android.content.ContextWrapper.startService:613 android.content.ContextWrapper.startService:613 com.qualcomm.svi.SVIReceiver.onReceive:33 android.app.ActivityThread.handleReceiver:3011 
12-15 09:12:22.830  1487  2482 I chatty  : uid=1000(system) Binder:1487_D expire 8 lines
12-15 09:12:22.989  1487  1685 I chatty  : uid=1000(system) Binder:1487_3 expire 10 lines
12-15 09:12:23.178  1487  2481 I chatty  : uid=1000(system) Binder:1487_C expire 9 lines
12-15 09:12:23.439  3392  3392 W ContextImpl: Calling a method in the system process without a qualified user: android.app.ContextImpl.startService:1385 android.content.ContextWrapper.startService:613 android.content.ContextWrapper.startService:613 com.android.dialer.calllog.CallLogNotificationsService.updateVoicemailNotifications:197 com.android.dialer.calllog.CallLogReceiver.onReceive:39 
12-15 09:12:23.702  3295  3295 I PackageParser: com.UCMobile: compat added android.permission.WRITE_EXTERNAL_STORAGE android.permission.READ_PHONE_STATE
12-15 09:12:23.743  1487  2096 I chatty  : uid=1000(system) Binder:1487_5 expire 15 lines
12-15 09:12:23.889  1487  2454 I chatty  : uid=1000(system) Binder:1487_A expire 16 lines
12-15 09:12:23.903  1487  1528 I chatty  : uid=1000(system) Binder:1487_2 expire 20 lines
12-15 09:12:23.945  1487  2428 I chatty  : uid=1000(system) Binder:1487_7 expire 11 lines
12-15 09:12:24.210  1487  1788 I chatty  : uid=1000(system) PhotonicModulat expire 14 lines
12-15 09:12:24.238  1487  2054 I chatty  : uid=1000(system) Binder:1487_4 expire 25 lines
12-15 09:12:24.429  1487  2097 I chatty  : uid=1000(system) Binder:1487_6 expire 10 lines
12-15 09:12:24.819  1487  1527 I chatty  : uid=1000(system) Binder:1487_1 expire 2 lines
12-15 09:12:24.857  2817  2817 E ActivityThread: Service com.android.email.service.EmailBroadcastProcessorService has leaked ServiceConnection com.android.emailcommon.service.ServiceProxy$ProxyConnection@7b709c7 that was originally bound here
12-15 09:12:24.857  2817  2817 E ActivityThread: android.app.ServiceConnectionLeaked: Service com.android.email.service.EmailBroadcastProcessorService has leaked ServiceConnection com.android.emailcommon.service.ServiceProxy$ProxyConnection@7b709c7 that was originally bound here
12-15 09:12:24.857  2817  2817 E ActivityThread: 	at android.app.LoadedApk$ServiceDispatcher.<init>(LoadedApk.java:1336)
12-15 09:12:24.857  2817  2817 E ActivityThread: 	at android.app.LoadedApk.getServiceDispatcher(LoadedApk.java:1231)
12-15 09:12:24.857  2817  2817 E ActivityThread: 	at android.app.ContextImpl.bindServiceCommon(ContextImpl.java:1478)
12-15 09:12:24.857  2817  2817 E ActivityThread: 	at android.app.ContextImpl.bindService(ContextImpl.java:1450)
12-15 09:12:24.857  2817  2817 E ActivityThread: 	at android.content.ContextWrapper.bindService(ContextWrapper.java:636)
12-15 09:12:24.857  2817  2817 E ActivityThread: 	at com.android.emailcommon.service.ServiceProxy.setTask(ServiceProxy.java:181)
12-15 09:12:24.857  2817  2817 E ActivityThread: 	at com.android.emailcommon.service.ServiceProxy.test(ServiceProxy.java:224)
12-15 09:12:24.857  2817  2817 E ActivityThread: 	at com.android.email.service.EmailServiceUtils.isServiceAvailable(EmailServiceUtils.java:160)
12-15 09:12:24.857  2817  2817 E ActivityThread: 	at com.android.email.provider.AccountReconciler.reconcileAccountsInternal(AccountReconciler.java:177)
12-15 09:12:24.857  2817  2817 E ActivityThread: 	at com.android.email.provider.AccountReconciler.reconcileAccounts(AccountReconciler.java:121)
12-15 09:12:24.857  2817  2817 E ActivityThread: 	at com.android.email.service.EmailBroadcastProcessorService.reconcileAndStartServices(EmailBroadcastProcessorService.java:309)
12-15 09:12:24.857  2817  2817 E ActivityThread: 	at com.android.email.service.EmailBroadcastProcessorService.onBootCompleted(EmailBroadcastProcessorService.java:299)
12-15 09:12:24.857  2817  2817 E ActivityThread: 	at com.android.email.service.EmailBroadcastProcessorService.onHandleIntent(EmailBroadcastProcessorService.java:130)
12-15 09:12:24.857  2817  2817 E ActivityThread: 	at android.app.IntentService$ServiceHandler.handleMessage(IntentService.java:67)
12-15 09:12:24.857  2817  2817 E ActivityThread: 	at android.os.Handler.dispatchMessage(Handler.java:102)
12-15 09:12:24.857  2817  2817 E ActivityThread: 	at android.os.Looper.loop(Looper.java:154)
12-15 09:12:24.857  2817  2817 E ActivityThread: 	at android.os.HandlerThread.run(HandlerThread.java:61)
12-15 09:12:25.144  1487  2480 I chatty  : uid=1000(system) Binder:1487_B expire 6 lines
12-15 09:12:26.016  1487  2452 I chatty  : uid=1000(system) Binder:1487_9 expire 8 lines
12-15 09:12:26.497  1487  1576 I chatty  : uid=1000(system) android.display expire 3 lines
12-15 09:12:26.725  2067  2067 W ContextImpl: Calling a method in the system process without a qualified user: android.app.ContextImpl.startService:1385 android.content.ContextWrapper.startService:613 android.content.ContextWrapper.startService:613 com.dolby.dax.service.DsBooter.onReceive:37 android.app.ActivityThread.handleReceiver:3011 
12-15 09:12:27.054  3757  3757 W ContextImpl: Calling a method in the system process without a qualified user: android.app.ContextImpl.startService:1385 android.content.ContextWrapper.startService:613 android.content.ContextWrapper.startService:613 com.evenwell.DbgCfgTool.BootBroadcastReceiver.onReceive:-1 android.app.ActivityThread.handleReceiver:3011 
12-15 09:12:27.345  3782  3782 W ContextImpl: Calling a method in the system process without a qualified user: android.app.ContextImpl.startService:1385 android.content.ContextWrapper.startService:613 android.content.ContextWrapper.startService:613 com.fihtdc.DeviceMonitorControl.DeviceMonitorControlReceiver.onReceive:50 android.app.ActivityThread.handleReceiver:3011 
12-15 09:12:27.419  1487  2431 I chatty  : uid=1000(system) Binder:1487_8 expire 5 lines
12-15 09:12:27.530  2483  2483 W ContextImpl: Calling a method in the system process without a qualified user: android.app.ContextImpl.startService:1385 android.content.ContextWrapper.startService:613 android.content.ContextWrapper.startService:613 com.evenwell.OTAUpdate.OTAReceiver.invokeCheckingLocalService:236 com.evenwell.OTAUpdate.OTAReceiver.onReceive:43 
12-15 09:12:27.598  2453  2453 W ContextImpl: Calling a method in the system process without a qualified user: android.app.ContextImpl.sendBroadcast:905 android.content.ContextWrapper.sendBroadcast:421 android.content.ContextWrapper.sendBroadcast:421 com.evenwell.PowerMonitor.BootReceiver.onReceive:137 android.app.ActivityThread.handleReceiver:3011 
12-15 09:12:27.600  2453  2453 W ContextImpl: Calling a method in the system process without a qualified user: android.app.ContextImpl.sendBroadcast:905 android.content.ContextWrapper.sendBroadcast:421 android.content.ContextWrapper.sendBroadcast:421 com.evenwell.PowerMonitor.BootReceiver.onReceive:145 android.app.ActivityThread.handleReceiver:3011 
12-15 09:12:27.616  3814  3814 W ContextImpl: Calling a method in the system process without a qualified user: android.app.ContextImpl.sendBroadcast:905 android.content.ContextWrapper.sendBroadcast:421 com.fihtdc.push_system.lib.utils.StandByManager$1.onReceive:94 android.app.LoadedApk$ReceiverDispatcher$Args.run:1122 android.os.Handler.handleCallback:751 
12-15 09:12:27.650  2453  2453 W ActivityThread: ClassLoader.loadClass: The class loader returned by Thread.getContextClassLoader() may fail for processes that host multiple applications. You should explicitly specify a context class loader. For example: Thread.setContextClassLoader(getClass().getClassLoader());
12-15 09:12:27.741  2453  2453 W ContextImpl: Calling a method in the system process without a qualified user: android.app.ContextImpl.startService:1385 android.content.ContextWrapper.startService:613 android.content.ContextWrapper.startService:613 com.evenwell.PowerMonitor.BootReceiver.onReceive:245 android.app.ActivityThread.handleReceiver:3011 
12-15 09:12:27.872  2453  2453 W ContextImpl: Calling a method in the system process without a qualified user: android.app.ContextImpl.sendBroadcast:905 android.content.ContextWrapper.sendBroadcast:421 com.evenwell.PowerMonitor.LogService.onStartCommand:151 android.app.ActivityThread.handleServiceArgs:3297 android.app.ActivityThread.-wrap21:-1 
12-15 09:12:27.875  2453  2453 W ContextImpl: Calling a method in the system process without a qualified user: android.app.ContextImpl.sendBroadcast:905 android.content.ContextWrapper.sendBroadcast:421 com.evenwell.PowerMonitor.LogService.onStartCommand:156 android.app.ActivityThread.handleServiceArgs:3297 android.app.ActivityThread.-wrap21:-1 
12-15 09:12:28.023  3870  3870 W ContextImpl: Calling a method in the system process without a qualified user: android.app.ContextImpl.sendBroadcast:905 android.content.ContextWrapper.sendBroadcast:421 android.content.ContextWrapper.sendBroadcast:421 com.evenwell.autoregistration.common.CommonBootCompleteReceiver.onReceive:51 android.app.ActivityThread.handleReceiver:3011 
12-15 09:12:28.313  3923  3923 W ContextImpl: Calling a method in the system process without a qualified user: android.app.ContextImpl.startService:1385 android.content.ContextWrapper.startService:613 android.content.ContextWrapper.startService:613 com.evenwell.batteryprotect.BatteryProtectOnReceiver.onReceive:-1 android.app.ActivityThread.handleReceiver:3011 
12-15 09:12:28.369  3923  3923 W ContextImpl: Calling a method in the system process without a qualified user: android.app.ContextImpl.sendBroadcast:905 android.content.ContextWrapper.sendBroadcast:421 com.evenwell.batteryprotect.DetectBatteryService.onStartCommand:-1 android.app.ActivityThread.handleServiceArgs:3297 android.app.ActivityThread.-wrap21:-1 
12-15 09:12:28.454  3947  3947 W ContextImpl: Calling a method in the system process without a qualified user: android.app.ContextImpl.startService:1385 android.content.ContextWrapper.startService:613 android.content.ContextWrapper.startService:613 com.evenwell.cpudaemon.WorkerReceiver.startWorkerService:65 com.evenwell.cpudaemon.WorkerReceiver.onReceive:29 
12-15 09:12:28.478  3947  3962 W ContextImpl: Calling a method in the system process without a qualified user: android.app.ContextImpl.startService:1385 android.content.ContextWrapper.startService:613 com.evenwell.cpudaemon.WorkerService.enable:142 com.evenwell.cpudaemon.WorkerService.onHandleIntent:50 android.app.IntentService$ServiceHandler.handleMessage:67 
12-15 09:12:28.749  3814  3830 W ActivityThread: ClassLoader.getResourceAsStream: The class loader returned by Thread.getContextClassLoader() may fail for processes that host multiple applications. You should explicitly specify a context class loader. For example: Thread.setContextClassLoader(getClass().getClassLoader());
12-15 09:12:29.343  1487  1554 I chatty  : uid=1000(system) batterystats-sy expire 3 lines
12-15 09:12:29.684  1487  2522 I chatty  : uid=1000(system) Binder:1487_E expire 13 lines
12-15 09:12:30.235  1487  1757 I chatty  : uid=1000(system) InputReader expire 1 line
12-15 09:12:30.523  3947  3947 W ContextImpl: Calling a method in the system process without a qualified user: android.app.ContextImpl.startService:1385 android.content.ContextWrapper.startService:613 com.evenwell.cpudaemon.WorkerReceiver.startWorkerService:65 com.evenwell.cpudaemon.WorkerReceiver.onReceive:38 android.app.LoadedApk$ReceiverDispatcher$Args.run:1122 
12-15 09:12:32.065  3904  3904 W ContextImpl: Calling a method in the system process without a qualified user: android.app.ContextImpl.startService:1385 android.content.ContextWrapper.startService:613 com.amazonaws.mobileconnectors.s3.transferutility.TransferUtility.sendIntent:432 com.amazonaws.mobileconnectors.s3.transferutility.TransferUtility.download:138 com.fihtdc.healthycare.Utils.AWSDownload:164 
12-15 09:12:32.073  3904  3904 W ContextImpl: Calling a method in the system process without a qualified user: android.app.ContextImpl.startService:1385 android.content.ContextWrapper.startService:613 android.content.ContextWrapper.startService:613 com.fihtdc.healthycare.Utils.StartCmdMgrService:62 com.fihtdc.healthycare.HealthycareReceiver.onReceive:45 
12-15 09:12:32.615  3904  3998 W ActivityThread: ClassLoader.getResources: The class loader returned by Thread.getContextClassLoader() may fail for processes that host multiple applications. You should explicitly specify a context class loader. For example: Thread.setContextClassLoader(getClass().getClassLoader());
12-15 09:12:33.062  4003  4003 I PackageParser: com.UCMobile: compat added android.permission.WRITE_EXTERNAL_STORAGE android.permission.READ_PHONE_STATE
12-15 09:12:34.843  4062  4062 I PackageParser: com.UCMobile: compat added android.permission.WRITE_EXTERNAL_STORAGE android.permission.READ_PHONE_STATE
12-15 09:12:36.115  1487  2096 I chatty  : uid=1000(system) Binder:1487_5 expire 3 lines
12-15 09:12:36.435  1487  2054 I chatty  : uid=1000(system) Binder:1487_4 expire 3 lines
12-15 09:12:37.800  2385  2385 W ContextImpl: Calling a method in the system process without a qualified user: android.app.ContextImpl.startService:1385 android.content.ContextWrapper.startService:613 android.content.ContextWrapper.startService:613 com.qti.dpmserviceapp.DpmServiceAppReceiver.onReceive:33 android.app.ActivityThread.handleReceiver:3011 
12-15 09:12:38.025  4240  4240 W ContextImpl: Calling a method in the system process without a qualified user: android.app.ContextImpl.startService:1385 android.content.ContextWrapper.startService:613 android.content.ContextWrapper.startService:613 com.qualcomm.fastdormancy.FastDormancyReceiver.onReceive:33 android.app.ActivityThread.handleReceiver:3011 
12-15 09:12:38.032  4240  4240 W ContextImpl: Calling a method in the system process without a qualified user: android.app.ContextImpl.startService:1385 android.content.ContextWrapper.startService:613 com.qualcomm.qcrilhook.QcRilHook.<init>:102 com.qualcomm.qcrilhook.QcRilHook.<init>:89 com.qualcomm.fastdormancy.FastDormancyService.onCreate:262 
12-15 09:12:38.035  4240  4240 W ContextImpl: Calling a method in the system process without a qualified user: android.app.ContextImpl.bindService:1449 android.content.ContextWrapper.bindService:636 com.qualcomm.qcrilhook.QcRilHook.<init>:104 com.qualcomm.qcrilhook.QcRilHook.<init>:89 com.qualcomm.fastdormancy.FastDormancyService.onCreate:262 
12-15 09:12:39.486  1487  1549 I chatty  : uid=1000(system) ActivityManager expire 7 lines
12-15 09:12:39.517  1487  2454 I chatty  : uid=1000(system) Binder:1487_A expire 2 lines
12-15 09:12:39.755  2385  2385 W ContextImpl: Calling a method in the system process without a qualified user: android.app.ContextImpl.startService:1385 android.content.ContextWrapper.startService:613 android.content.ContextWrapper.startService:613 com.qualcomm.qti.tetherservice.TetherReceiver.onReceive:32 android.app.ActivityThread.handleReceiver:3011 
12-15 09:12:39.875  1487  1528 I chatty  : uid=1000(system) Binder:1487_2 expire 2 lines
12-15 09:12:39.881  1487  1788 I chatty  : uid=1000(system) PhotonicModulat expire 12 lines
12-15 09:12:40.060  1487  2522 I chatty  : uid=1000(system) Binder:1487_E expire 2 lines
12-15 09:12:40.280  4304  4304 W PackageParser: Unknown element under <manifest>: meta-data at /storage/emulated/0/Android/obb/air.tv.douyu.android/lebian/air.tv.douyu.android-1/air.tv.douyu.android.odex.jar Binary XML file line #134
12-15 09:12:40.430  4304  4338 W PackageParser: Unknown element under <manifest>: meta-data at /storage/emulated/0/Android/obb/air.tv.douyu.android/lebian/air.tv.douyu.android-1/air.tv.douyu.android.odex.jar Binary XML file line #134
12-15 09:12:40.478  4317  4317 D ActivityThread: Loading provider air.tv.douyu.android:com.excelliance.kxqp.platform.PluginManagerProvider: com.excelliance.kxqp.platform.PluginManagerProvider
12-15 09:12:40.553  4304  4338 W PackageParser: Unknown element under <manifest>: meta-data at /storage/emulated/0/Android/obb/air.tv.douyu.android/lebian/air.tv.douyu.android-1/air.tv.douyu.android.odex.jar Binary XML file line #134
12-15 09:12:40.656  4317  4339 W PackageParser: Unknown element under <manifest>: meta-data at /storage/emulated/0/Android/obb/air.tv.douyu.android/lebian/air.tv.douyu.android-1/air.tv.douyu.android.odex.jar Binary XML file line #134
12-15 09:12:40.666  4317  4317 W PackageParser: Unknown element under <manifest>: meta-data at /storage/emulated/0/Android/obb/air.tv.douyu.android/lebian/air.tv.douyu.android-1/air.tv.douyu.android.odex.jar Binary XML file line #134
12-15 09:12:41.094  4350  4350 W PackageParser: Unknown element under <manifest>: meta-data at /storage/emulated/0/Android/obb/air.tv.douyu.android/lebian/air.tv.douyu.android-1/air.tv.douyu.android.odex.jar Binary XML file line #134
12-15 09:12:41.375  4350  4390 W PackageParser: Unknown element under <manifest>: meta-data at /storage/emulated/0/Android/obb/air.tv.douyu.android/lebian/air.tv.douyu.android-1/air.tv.douyu.android.odex.jar Binary XML file line #134
12-15 09:12:41.376  4287  4287 W PackageParser: Unknown element under <manifest>: meta-data at /storage/emulated/0/Android/obb/air.tv.douyu.android/lebian/air.tv.douyu.android-1/air.tv.douyu.android.odex.jar Binary XML file line #134
12-15 09:12:41.410  4287  4287 W ActivityThread: Unable to get context for package com.lbsdk.removed.x.y.z while loading content provider com.douyu.message.provider.IMFileProvider
12-15 09:12:41.540  4350  4390 W PackageParser: Unknown element under <manifest>: meta-data at /storage/emulated/0/Android/obb/air.tv.douyu.android/lebian/air.tv.douyu.android-1/air.tv.douyu.android.odex.jar Binary XML file line #134
12-15 09:12:41.660  4350  4390 W PackageParser: Unknown element under <manifest>: meta-data at /storage/emulated/0/Android/obb/air.tv.douyu.android/lebian/air.tv.douyu.android-1/air.tv.douyu.android.odex.jar Binary XML file line #134
12-15 09:12:42.015  4350  4390 W PackageParser: Unknown element under <manifest>: meta-data at /storage/emulated/0/Android/obb/air.tv.douyu.android/lebian/air.tv.douyu.android-1/air.tv.douyu.android.odex.jar Binary XML file line #134
12-15 09:12:42.311  4350  4390 W PackageParser: Unknown element under <manifest>: meta-data at /data/app/air.tv.douyu.android-1/base.apk Binary XML file line #120
12-15 09:12:42.349  1487  1583 I chatty  : uid=1000(system) PowerManagerSer expire 1 line
12-15 09:12:42.375  1487  1487 I chatty  : uid=1000 system_server expire 4 lines
12-15 09:12:42.427  4287  4287 D ActivityThread: Loading provider air.tv.douyu.android.imfileProvider: com.douyu.message.provider.IMFileProvider
12-15 09:12:42.464  1487  2096 I chatty  : uid=1000(system) Binder:1487_5 expire 32 lines
12-15 09:12:42.519  4287  4287 D ActivityThread: Loading provider air.tv.douyu.android:com.excelliance.kxqp.platform.proxy.gameplugin.ContentProviderProxy.P00: com.excelliance.kxqp.platform.proxy.gameplugin.ContentProviderProxy$P00
12-15 09:12:42.520  4287  4287 D ActivityThread: Loading provider air.tv.douyu.android:com.excelliance.kxqp.LBInitProvider.P00: com.excelliance.lbsdk.LBInitProvider$P00
12-15 09:12:43.317  1487  1549 I chatty  : uid=1000(system) ActivityManager expire 8 lines
12-15 09:12:43.821  1487  2522 I chatty  : uid=1000(system) Binder:1487_E expire 4 lines
12-15 09:12:43.838  1487  2481 I chatty  : uid=1000(system) Binder:1487_C expire 6 lines
12-15 09:12:43.845  1487  1527 I chatty  : uid=1000(system) Binder:1487_1 expire 23 lines
12-15 09:12:44.282  4450  4450 W PackageParser: Unknown element under <manifest>: meta-data at /storage/emulated/0/Android/obb/air.tv.douyu.android/lebian/air.tv.douyu.android-1/air.tv.douyu.android.odex.jar Binary XML file line #134
12-15 09:12:44.588  1487  2482 I chatty  : uid=1000(system) Binder:1487_D expire 4 lines
12-15 09:12:45.072  4484  4484 W PackageParser: Unknown element under <manifest>: meta-data at /storage/emulated/0/Android/obb/air.tv.douyu.android/lebian/air.tv.douyu.android-1/air.tv.douyu.android.odex.jar Binary XML file line #134
12-15 09:12:45.130  1487  2431 I chatty  : uid=1000(system) Binder:1487_8 expire 21 lines
12-15 09:12:45.153  1487  2054 I chatty  : uid=1000(system) Binder:1487_4 expire 30 lines
12-15 09:12:45.843  1487  2454 I chatty  : uid=1000(system) Binder:1487_A expire 12 lines
12-15 09:12:45.973  1487  2480 I chatty  : uid=1000(system) Binder:1487_B expire 20 lines
12-15 09:12:46.570  1487  1528 I chatty  : uid=1000(system) Binder:1487_2 expire 32 lines
12-15 09:12:46.630  1487  2097 I chatty  : uid=1000(system) Binder:1487_6 expire 13 lines
12-15 09:12:46.643  1487  2428 I chatty  : uid=1000(system) Binder:1487_7 expire 15 lines
12-15 09:12:47.039  4647  4647 W PackageParser: Unknown element under <manifest>: meta-data at /storage/emulated/0/Android/obb/air.tv.douyu.android/lebian/air.tv.douyu.android-1/air.tv.douyu.android.odex.jar Binary XML file line #134
12-15 09:12:47.900  4647  4647 D ActivityThread: Loading provider downloads.air.tv.douyu.android: com.igexin.download.DownloadProvider
12-15 09:12:48.795  1487  2452 I chatty  : uid=1000(system) Binder:1487_9 expire 22 lines
12-15 09:12:49.284  1487  1575 I chatty  : uid=1000(system) android.io expire 6 lines
12-15 09:12:53.361  1487  1685 I chatty  : uid=1000(system) Binder:1487_3 expire 23 lines
12-15 09:12:53.682  1487  1528 I chatty  : uid=1000(system) Binder:1487_2 expire 12 lines
12-15 09:12:53.695  1487  2452 I chatty  : uid=1000(system) Binder:1487_9 expire 11 lines
12-15 09:12:53.710  1487  2096 I chatty  : uid=1000(system) Binder:1487_5 expire 19 lines
12-15 09:12:53.715  1487  2454 I chatty  : uid=1000(system) Binder:1487_A expire 28 lines
12-15 09:12:53.730  1487  2480 I chatty  : uid=1000(system) Binder:1487_B expire 21 lines
12-15 09:12:53.732  1487  2054 I chatty  : uid=1000(system) Binder:1487_4 expire 24 lines
12-15 09:12:53.767  1487  2522 I chatty  : uid=1000(system) Binder:1487_E expire 22 lines
12-15 09:12:53.769  1487  2097 I chatty  : uid=1000(system) Binder:1487_6 expire 2 lines
12-15 09:12:53.782  1487  2482 I chatty  : uid=1000(system) Binder:1487_D expire 20 lines
12-15 09:12:53.810  1487  1527 I chatty  : uid=1000(system) Binder:1487_1 expire 1 line
12-15 09:12:53.835  1487  2481 I chatty  : uid=1000(system) Binder:1487_C expire 11 lines
12-15 09:12:53.864  1487  2431 I chatty  : uid=1000(system) Binder:1487_8 expire 28 lines
12-15 09:12:53.973  1487  2428 I chatty  : uid=1000(system) Binder:1487_7 expire 75 lines
12-15 09:12:54.287  1487  2482 I chatty  : uid=1000(system) Binder:1487_D expire 19 lines
12-15 09:12:54.292  1487  2522 I chatty  : uid=1000(system) Binder:1487_E expire 12 lines
12-15 09:12:54.309  1487  1528 I chatty  : uid=1000(system) Binder:1487_2 expire 19 lines
12-15 09:12:54.311  1487  2097 I chatty  : uid=1000(system) Binder:1487_6 expire 29 lines
12-15 09:12:54.314  1487  2452 I chatty  : uid=1000(system) Binder:1487_9 expire 28 lines
12-15 09:12:54.316  1487  2480 I chatty  : uid=1000(system) Binder:1487_B expire 13 lines
12-15 09:12:54.341  1487  2431 I chatty  : uid=1000(system) Binder:1487_8 expire 19 lines
12-15 09:12:54.344  1487  2454 I chatty  : uid=1000(system) Binder:1487_A expire 11 lines
12-15 09:12:54.355  1487  1575 I chatty  : uid=1000(system) android.io expire 2 lines
12-15 09:12:54.357  1487  2481 I chatty  : uid=1000(system) Binder:1487_C expire 12 lines
12-15 09:12:54.360  1487  2096 I chatty  : uid=1000(system) Binder:1487_5 expire 37 lines
12-15 09:12:54.363  1487  1685 I chatty  : uid=1000(system) Binder:1487_3 expire 3 lines
12-15 09:12:54.368  1487  2054 I chatty  : uid=1000(system) Binder:1487_4 expire 2 lines
12-15 09:12:54.490  1487  1527 I chatty  : uid=1000(system) Binder:1487_1 expire 7 lines
12-15 09:12:54.505  1487  1549 I chatty  : uid=1000(system) ActivityManager expire 3 lines
12-15 09:12:54.781   499   843 E FrameworkListener: read() failed (Connection reset by peer)
12-15 09:12:54.781   499   843 E FrameworkListener: read() failed (Connection reset by peer)
12-15 09:12:54.781   499   843 E FrameworkListener: read() failed (Connection reset by peer)
12-15 09:12:54.781   499   843 E FrameworkListener: read() failed (Connection reset by peer)
12-15 09:12:54.813  5342  5342 E ActivityThread: Failed to find provider info for com.tencent.mm.coolassist.debugprovider
12-15 09:12:55.015  1487  1685 I chatty  : uid=1000(system) Binder:1487_3 expire 49 lines
12-15 09:12:55.017  1487  2454 I chatty  : uid=1000(system) Binder:1487_A expire 13 lines
12-15 09:12:55.048  1487  2481 I chatty  : uid=1000(system) Binder:1487_C expire 12 lines
12-15 09:12:55.050  1487  1527 I chatty  : uid=1000(system) Binder:1487_1 expire 23 lines
12-15 09:12:55.065  1487  2096 I chatty  : uid=1000(system) Binder:1487_5 expire 12 lines
12-15 09:12:55.070  1487  2097 I chatty  : uid=1000(system) Binder:1487_6 expire 2 lines
12-15 09:12:55.087  1487  2431 I chatty  : uid=1000(system) Binder:1487_8 expire 11 lines
12-15 09:12:55.100  1487  2480 I chatty  : uid=1000(system) Binder:1487_B expire 14 lines
12-15 09:12:55.165  1487  2522 I chatty  : uid=1000(system) Binder:1487_E expire 11 lines
12-15 09:12:55.240  5405  5405 E ActivityThread: Failed to find provider info for com.tencent.mm.coolassist.debugprovider
12-15 09:12:55.326  1487  2054 I chatty  : uid=1000(system) Binder:1487_4 expire 22 lines
12-15 09:12:55.503  1487  2428 I chatty  : uid=1000(system) Binder:1487_7 expire 11 lines
12-15 09:12:55.730  1487  2452 I chatty  : uid=1000(system) Binder:1487_9 expire 41 lines
12-15 09:12:55.889  1487  2482 I chatty  : uid=1000(system) Binder:1487_D expire 20 lines
12-15 09:12:55.961  1487  1528 I chatty  : uid=1000(system) Binder:1487_2 expire 20 lines
12-15 09:12:56.213  1487  2054 I chatty  : uid=1000(system) Binder:1487_4 expire 14 lines
12-15 09:12:56.223  1487  2097 I chatty  : uid=1000(system) Binder:1487_6 expire 10 lines
12-15 09:12:56.227  1487  2452 I chatty  : uid=1000(system) Binder:1487_9 expire 15 lines
12-15 09:12:56.261  1487  2454 I chatty  : uid=1000(system) Binder:1487_A expire 25 lines
12-15 09:12:56.272  1487  2481 I chatty  : uid=1000(system) Binder:1487_C expire 13 lines
12-15 09:12:56.274  1487  2096 I chatty  : uid=1000(system) Binder:1487_5 expire 5 lines
12-15 09:12:56.297  1487  2431 I chatty  : uid=1000(system) Binder:1487_8 expire 32 lines
12-15 09:12:56.316  1487  2482 I chatty  : uid=1000(system) Binder:1487_D expire 27 lines
12-15 09:12:56.722  1487  2428 I chatty  : uid=1000(system) Binder:1487_7 expire 11 lines
12-15 09:12:57.054  1487  2522 I chatty  : uid=1000(system) Binder:1487_E expire 16 lines
12-15 09:12:58.300  1487  1575 I chatty  : uid=1000(system) android.io expire 4 lines
12-15 09:12:58.407  1487  1549 I chatty  : uid=1000(system) ActivityManager expire 12 lines
12-15 09:12:59.041  1487  1685 I chatty  : uid=1000(system) Binder:1487_3 expire 3 lines
12-15 09:13:02.454  1487  2480 I chatty  : uid=1000(system) Binder:1487_B expire 11 lines
12-15 09:13:10.996  1487  1527 I chatty  : uid=1000(system) Binder:1487_1 expire 3 lines
12-15 09:13:11.238  6017  6017 E ActivityThread: Failed to find provider info for com.tencent.mm.coolassist.debugprovider
12-15 09:13:11.365  1487  2481 I chatty  : uid=1000(system) Binder:1487_C expire 11 lines
12-15 09:13:11.382  1487  2097 I chatty  : uid=1000(system) Binder:1487_6 expire 2 lines
12-15 09:13:11.498  1487  1549 I chatty  : uid=1000(system) ActivityManager expire 3 lines
12-15 09:13:12.128  1487  2428 I chatty  : uid=1000(system) Binder:1487_7 expire 19 lines
12-15 09:13:12.151  1487  1528 I chatty  : uid=1000(system) Binder:1487_2 expire 11 lines
12-15 09:13:12.778  1487  2452 I chatty  : uid=1000(system) Binder:1487_9 expire 12 lines
12-15 09:13:12.779  1487  2096 I chatty  : uid=1000(system) Binder:1487_5 expire 20 lines
12-15 09:13:12.790  1487  1527 I chatty  : uid=1000(system) Binder:1487_1 expire 40 lines
12-15 09:13:12.791  1487  2481 I chatty  : uid=1000(system) Binder:1487_C expire 13 lines
12-15 09:13:12.825  1487  1549 I chatty  : uid=1000(system) ActivityManager expire 2 lines
12-15 09:13:12.917  1487  2480 I chatty  : uid=1000(system) Binder:1487_B expire 10 lines
12-15 09:13:12.917  1487  2482 I chatty  : uid=1000(system) Binder:1487_D expire 32 lines
12-15 09:13:12.920  1487  2054 I chatty  : uid=1000(system) Binder:1487_4 expire 21 lines
12-15 09:13:12.937  1487  1528 I chatty  : uid=1000(system) Binder:1487_2 expire 10 lines
12-15 09:13:12.962  1487  2097 I chatty  : uid=1000(system) Binder:1487_6 expire 19 lines
12-15 09:13:13.011  1487  2522 I chatty  : uid=1000(system) Binder:1487_E expire 11 lines
12-15 09:13:13.018  1487  2428 I chatty  : uid=1000(system) Binder:1487_7 expire 19 lines
12-15 09:13:13.036  1487  2431 I chatty  : uid=1000(system) Binder:1487_8 expire 18 lines
12-15 09:13:13.067  1487  1685 I chatty  : uid=1000(system) Binder:1487_3 expire 11 lines
12-15 09:13:13.102  1487  2454 I chatty  : uid=1000(system) Binder:1487_A expire 46 lines
12-15 09:13:13.300  1487  2482 I chatty  : uid=1000(system) Binder:1487_D expire 7 lines
12-15 09:13:13.301  1487  1527 I chatty  : uid=1000(system) Binder:1487_1 expire 11 lines
12-15 09:13:13.304  1487  2522 I chatty  : uid=1000(system) Binder:1487_E expire 12 lines
12-15 09:13:13.305  1487  2452 I chatty  : uid=1000(system) Binder:1487_9 expire 19 lines
12-15 09:13:13.327  1487  2054 I chatty  : uid=1000(system) Binder:1487_4 expire 22 lines
12-15 09:13:13.328  1487  1685 I chatty  : uid=1000(system) Binder:1487_3 expire 21 lines
12-15 09:13:13.345  1487  2097 I chatty  : uid=1000(system) Binder:1487_6 expire 18 lines
12-15 09:13:13.347  1487  2431 I chatty  : uid=1000(system) Binder:1487_8 expire 20 lines
12-15 09:13:13.356  1487  2096 I chatty  : uid=1000(system) Binder:1487_5 expire 20 lines
12-15 09:13:13.357  1487  1528 I chatty  : uid=1000(system) Binder:1487_2 expire 29 lines
12-15 09:13:13.398  1487  2480 I chatty  : uid=1000(system) Binder:1487_B expire 36 lines
12-15 09:13:13.472  1487  2481 I chatty  : uid=1000(system) Binder:1487_C expire 10 lines
12-15 09:13:13.529  1487  2428 I chatty  : uid=1000(system) Binder:1487_7 expire 24 lines
12-15 09:13:13.720  1487  2054 I chatty  : uid=1000(system) Binder:1487_4 expire 31 lines
12-15 09:13:13.740  1487  2431 I chatty  : uid=1000(system) Binder:1487_8 expire 28 lines
12-15 09:13:13.742  1487  1528 I chatty  : uid=1000(system) Binder:1487_2 expire 16 lines
12-15 09:13:13.790  1487  2096 I chatty  : uid=1000(system) Binder:1487_5 expire 16 lines
12-15 09:13:13.792  1487  2482 I chatty  : uid=1000(system) Binder:1487_D expire 30 lines
12-15 09:13:13.794  1487  2454 I chatty  : uid=1000(system) Binder:1487_A expire 22 lines
12-15 09:13:13.798  1487  1575 I chatty  : uid=1000(system) android.io expire 2 lines
12-15 09:13:14.008  6226  6226 W PackageParser: Unknown element under <manifest>: meta-data at /storage/emulated/0/Android/obb/air.tv.douyu.android/lebian/air.tv.douyu.android-1/air.tv.douyu.android.odex.jar Binary XML file line #134
12-15 09:13:14.042  1487  1685 I chatty  : uid=1000(system) Binder:1487_3 expire 22 lines
12-15 09:13:14.075  1487  2480 I chatty  : uid=1000(system) Binder:1487_B expire 21 lines
12-15 09:13:14.235  6226  6250 W PackageParser: Unknown element under <manifest>: meta-data at /storage/emulated/0/Android/obb/air.tv.douyu.android/lebian/air.tv.douyu.android-1/air.tv.douyu.android.odex.jar Binary XML file line #134
12-15 09:13:14.386  6226  6250 W PackageParser: Unknown element under <manifest>: meta-data at /storage/emulated/0/Android/obb/air.tv.douyu.android/lebian/air.tv.douyu.android-1/air.tv.douyu.android.odex.jar Binary XML file line #134
12-15 09:13:14.479  1487  1527 I chatty  : uid=1000(system) Binder:1487_1 expire 2 lines
12-15 09:13:14.694  1487  2452 I chatty  : uid=1000(system) Binder:1487_9 expire 4 lines
12-15 09:13:14.967  6295  6295 W PackageParser: Unknown element under <manifest>: meta-data at /storage/emulated/0/Android/obb/air.tv.douyu.android/lebian/air.tv.douyu.android-1/air.tv.douyu.android.odex.jar Binary XML file line #134
12-15 09:13:15.111  1487  2097 I chatty  : uid=1000(system) Binder:1487_6 expire 20 lines
12-15 09:13:15.176  1487  2481 I chatty  : uid=1000(system) Binder:1487_C expire 2 lines
12-15 09:13:15.244  1487  2522 I chatty  : uid=1000(system) Binder:1487_E expire 22 lines
12-15 09:13:15.621  6295  6427 W PackageParser: Unknown element under <manifest>: meta-data at /storage/emulated/0/Android/obb/air.tv.douyu.android/lebian/air.tv.douyu.android-1/air.tv.douyu.android.odex.jar Binary XML file line #134
12-15 09:13:15.817  1487  2482 I chatty  : uid=1000(system) Binder:1487_D expire 11 lines
12-15 09:13:15.819  6295  6427 W PackageParser: Unknown element under <manifest>: meta-data at /storage/emulated/0/Android/obb/air.tv.douyu.android/lebian/air.tv.douyu.android-1/air.tv.douyu.android.odex.jar Binary XML file line #134
12-15 09:13:15.825  1487  2097 I chatty  : uid=1000(system) Binder:1487_6 expire 14 lines
12-15 09:13:15.882  1487  2454 I chatty  : uid=1000(system) Binder:1487_A expire 5 lines
12-15 09:13:15.893  1487  2096 I chatty  : uid=1000(system) Binder:1487_5 expire 21 lines
12-15 09:13:15.965  6295  6427 W PackageParser: Unknown element under <manifest>: meta-data at /storage/emulated/0/Android/obb/air.tv.douyu.android/lebian/air.tv.douyu.android-1/air.tv.douyu.android.odex.jar Binary XML file line #134
12-15 09:13:16.020  1487  2431 I chatty  : uid=1000(system) Binder:1487_8 expire 14 lines
12-15 09:13:16.201  1487  2480 I chatty  : uid=1000(system) Binder:1487_B expire 19 lines
12-15 09:13:16.250  1487  1755 I chatty  : uid=1000(system) AlarmManager expire 2 lines
12-15 09:13:16.309  1487  1575 I chatty  : uid=1000(system) android.io expire 6 lines
12-15 09:13:16.311  1487  2481 I chatty  : uid=1000(system) Binder:1487_C expire 7 lines
12-15 09:13:16.338  1487  2452 I chatty  : uid=1000(system) Binder:1487_9 expire 8 lines
12-15 09:13:17.356  1487  1528 I chatty  : uid=1000(system) Binder:1487_2 expire 25 lines
12-15 09:13:17.732  6295  6427 W PackageParser: Unknown element under <manifest>: meta-data at /storage/emulated/0/Android/obb/air.tv.douyu.android/lebian/air.tv.douyu.android-1/air.tv.douyu.android.odex.jar Binary XML file line #134
12-15 09:13:17.824  1487  1685 I chatty  : uid=1000(system) Binder:1487_3 expire 22 lines
12-15 09:13:18.014  1487  1527 I chatty  : uid=1000(system) Binder:1487_1 expire 21 lines
12-15 09:13:18.028  6826  6868 D ActivityThread: Loading provider com.android.email.provider;com.android.email.notifier: com.android.email.provider.EmailProvider
12-15 09:13:18.035  6826  6869 D ActivityThread: Loading provider com.android.email.provider;com.android.email.notifier: com.android.email.provider.EmailProvider
12-15 09:13:18.041  6295  6427 W PackageParser: Unknown element under <manifest>: meta-data at /data/app/air.tv.douyu.android-1/base.apk Binary XML file line #120
12-15 09:13:18.049  6826  6877 D ActivityThread: Loading provider com.android.email.provider;com.android.email.notifier: com.android.email.provider.EmailProvider
12-15 09:13:20.035  1487  1487 I chatty  : uid=1000 system_server expire 4 lines
12-15 09:13:20.214  1487  1549 I chatty  : uid=1000(system) ActivityManager expire 9 lines
12-15 09:13:23.112  1487  2054 I chatty  : uid=1000(system) Binder:1487_4 expire 22 lines
12-15 09:13:26.477  1487  2428 I chatty  : uid=1000(system) Binder:1487_7 expire 20 lines
12-15 09:13:26.627  1487  1757 I chatty  : uid=1000(system) InputReader expire 1 line
12-15 09:13:26.645  1487  1583 I chatty  : uid=1000(system) PowerManagerSer expire 2 lines
12-15 09:13:26.659  1487  1788 I chatty  : uid=1000(system) PhotonicModulat expire 2 lines
12-15 09:13:26.659  1487  1576 I chatty  : uid=1000(system) android.display expire 1 line
12-15 09:13:26.833  3947  3947 W ContextImpl: Calling a method in the system process without a qualified user: android.app.ContextImpl.startService:1385 android.content.ContextWrapper.startService:613 com.evenwell.cpudaemon.WorkerReceiver.startWorkerService:65 com.evenwell.cpudaemon.WorkerReceiver.onReceive:38 android.app.LoadedApk$ReceiverDispatcher$Args.run:1122 
12-15 09:13:28.143  1487  2096 I chatty  : uid=1000(system) Binder:1487_5 expire 2 lines
12-15 09:13:28.347  1487  2097 I chatty  : uid=1000(system) Binder:1487_6 expire 1 line
12-15 09:13:28.505  1487  2522 I chatty  : uid=1000(system) Binder:1487_E expire 2 lines
12-15 09:13:31.455  1487  1772 I chatty  : uid=1000(system) ConnectivitySer expire 1 line
12-15 09:13:31.539  7192  7192 W ContextImpl: Calling a method in the system process without a qualified user: android.app.ContextImpl.startService:1385 android.content.ContextWrapper.startService:613 tmsdk.common.TMSDKContext.start:-1 tmsdk.common.TMSDKContext.init:-1 com.evenwell.spamdetector.SpamServiceApp.onCreate:30 
12-15 09:13:31.564  1487  2480 I chatty  : uid=1000(system) Binder:1487_B expire 11 lines
12-15 09:13:31.695  1487  2428 I chatty  : uid=1000(system) Binder:1487_7 expire 13 lines
12-15 09:13:31.720  1487  2454 I chatty  : uid=1000(system) Binder:1487_A expire 13 lines
12-15 09:13:31.747  1487  1527 I chatty  : uid=1000(system) Binder:1487_1 expire 18 lines
12-15 09:13:31.808  1487  2481 I chatty  : uid=1000(system) Binder:1487_C expire 24 lines
12-15 09:13:31.833  1487  2097 I chatty  : uid=1000(system) Binder:1487_6 expire 13 lines
12-15 09:13:31.901  1487  2096 I chatty  : uid=1000(system) Binder:1487_5 expire 24 lines
12-15 09:13:32.085  1487  2431 I chatty  : uid=1000(system) Binder:1487_8 expire 12 lines
12-15 09:13:32.167  1487  1528 I chatty  : uid=1000(system) Binder:1487_2 expire 20 lines
12-15 09:13:32.230  1487  1552 I chatty  : uid=1000(system) ActivityManager expire 1 line
12-15 09:13:32.264  7302  7302 W ContextImpl: Calling a method in the system process without a qualified user: android.app.ContextImpl.startService:1385 android.content.ContextWrapper.startService:613 android.content.ContextWrapper.startService:613 com.fihtdc.stbmonitor.queue.STBMonitorReceiver.onReceive:338 android.app.ActivityThread.handleReceiver:3011 
12-15 09:13:32.433  1807  1807 V KeyguardDisplayManager: hide
12-15 09:13:32.462  7302  7302 W ContextImpl: Calling a method in the system process without a qualified user: android.app.ContextImpl.startService:1385 android.content.ContextWrapper.startService:613 android.content.ContextWrapper.startService:613 com.fihtdc.stbmonitor.utility.Utility.checkIfUploadRegularQueue:249 com.fihtdc.stbmonitor.queue.STBMonitorReceiver.onReceive:342 
12-15 09:13:32.568  7302  7302 W ContextImpl: Calling a method in the system process without a qualified user: android.app.ContextImpl.startService:1385 android.content.ContextWrapper.startService:613 android.content.ContextWrapper.startService:613 com.fihtdc.stbmonitor.queue.STBMonitorReceiver.onReceive:338 android.app.ActivityThread.handleReceiver:3011 
12-15 09:13:32.579  1487  2054 I chatty  : uid=1000(system) Binder:1487_4 expire 20 lines
12-15 09:13:32.784  7302  7302 W ContextImpl: Calling a method in the system process without a qualified user: android.app.ContextImpl.startService:1385 android.content.ContextWrapper.startService:613 android.content.ContextWrapper.startService:613 com.fihtdc.stbmonitor.utility.Utility.checkIfUploadRegularQueue:249 com.fihtdc.stbmonitor.queue.STBMonitorReceiver.onReceive:342 
12-15 09:13:32.821  7302  7302 W ContextImpl: Calling a method in the system process without a qualified user: android.app.ContextImpl.startService:1385 android.content.ContextWrapper.startService:613 android.content.ContextWrapper.startService:613 com.fihtdc.stbmonitor.queue.STBMonitorReceiver.onReceive:338 android.app.ActivityThread.handleReceiver:3011 
12-15 09:13:32.988  7302  7302 W ContextImpl: Calling a method in the system process without a qualified user: android.app.ContextImpl.startService:1385 android.content.ContextWrapper.startService:613 android.content.ContextWrapper.startService:613 com.fihtdc.stbmonitor.utility.Utility.checkIfUploadRegularQueue:249 com.fihtdc.stbmonitor.queue.STBMonitorReceiver.onReceive:342 
12-15 09:13:33.027  7302  7302 W ContextImpl: Calling a method in the system process without a qualified user: android.app.ContextImpl.startService:1385 android.content.ContextWrapper.startService:613 android.content.ContextWrapper.startService:613 com.fihtdc.stbmonitor.queue.STBMonitorReceiver.onReceive:338 android.app.ActivityThread.handleReceiver:3011 
