12-15 11:25:16.292  2337  2572 W beacon  : onUserAction return false, because eventName:[MTT_UPLOAD_PUSH_V4] is not allowed in server strategy!
12-15 11:25:16.302  1487  2097 D BatteryService: Processing new values: chargerAcOnline=true, chargerUsbOnline=false, chargerWirelessOnline=false, maxChargingCurrent0, maxChargingVoltage0, chargeCounter0, batteryStatus=2, batteryHealth=2, batteryPresent=true, batteryLevel=90, batteryTechnology=Li-ion, batteryVoltage=4255, batteryCurrentNow=-16174, batteryTemperature=222, mBatteryLevelCritical=false, mPlugType=1
12-15 11:25:16.303  3486  8882 W beacon  : onUserAction return false, because eventName:[MTT_UPLOAD_PUSH_V4] is not allowed in server strategy!
12-15 11:25:16.304  1487  1685 D BatteryService: Processing new values: chargerAcOnline=true, chargerUsbOnline=false, chargerWirelessOnline=false, maxChargingCurrent0, maxChargingVoltage0, chargeCounter0, batteryStatus=2, batteryHealth=2, batteryPresent=true, batteryLevel=90, batteryTechnology=Li-ion, batteryVoltage=4255, batteryCurrentNow=-16174, batteryTemperature=222, mBatteryLevelCritical=false, mPlugType=1
12-15 11:25:16.313   893   893 I chatty  : uid=1000(system) /system/bin/cnss-daemon expire 140 lines
12-15 11:25:16.315  2337  2572 W beacon  : onUserAction return false, because eventName:[MTT_UPLOAD_PUSH_V4] is not allowed in server strategy!
12-15 11:25:16.316  2337  2572 W beacon  : onUserAction return false, because eventName:[MTT_UPLOAD_PUSH_V4] is not allowed in server strategy!
12-15 11:25:16.317  2337  2572 W beacon  : onUserAction return false, because eventName:[MTT_UPLOAD_PUSH_V4] is not allowed in server strategy!
12-15 11:25:16.317  2337  2572 W beacon  : onUserAction return false, because eventName:[MTT_UPLOAD_PUSH_V4] is not allowed in server strategy!
12-15 11:25:16.318  2337  2572 W beacon  : onUserAction return false, because eventName:[MTT_UPLOAD_PUSH_V4] is not allowed in server strategy!
12-15 11:25:16.319  2337  2572 W beacon  : onUserAction return false, because eventName:[MTT_UPLOAD_PUSH_V4] is not allowed in server strategy!
12-15 11:25:16.320  2337  2572 W beacon  : onUserAction return false, because eventName:[MTT_UPLOAD_PUSH_V4] is not allowed in server strategy!
12-15 11:25:16.334  8308 14557 D com.qq.connect: updateAllIconCache over ,cache count: 100
12-15 11:25:16.338  3486  8882 W beacon  : onUserAction return false, because eventName:[MTT_UPLOAD_PUSH_V4] is not allowed in server strategy!
12-15 11:25:16.344  1487  2522 D BatteryService: Processing new values: chargerAcOnline=true, chargerUsbOnline=false, chargerWirelessOnline=false, maxChargingCurrent0, maxChargingVoltage0, chargeCounter0, batteryStatus=2, batteryHealth=2, batteryPresent=true, batteryLevel=90, batteryTechnology=Li-ion, batteryVoltage=4255, batteryCurrentNow=-16174, batteryTemperature=222, mBatteryLevelCritical=false, mPlugType=1
12-15 11:25:16.345  1487  2522 D BatteryService: Processing new values: chargerAcOnline=true, chargerUsbOnline=false, chargerWirelessOnline=false, maxChargingCurrent0, maxChargingVoltage0, chargeCounter0, batteryStatus=2, batteryHealth=2, batteryPresent=true, batteryLevel=90, batteryTechnology=Li-ion, batteryVoltage=4255, batteryCurrentNow=-16174, batteryTemperature=222, mBatteryLevelCritical=false, mPlugType=1
12-15 11:25:16.351  1487  2452 D BatteryService: Processing new values: chargerAcOnline=true, chargerUsbOnline=false, chargerWirelessOnline=false, maxChargingCurrent0, maxChargingVoltage0, chargeCounter0, batteryStatus=2, batteryHealth=2, batteryPresent=true, batteryLevel=90, batteryTechnology=Li-ion, batteryVoltage=4255, batteryCurrentNow=-16174, batteryTemperature=222, mBatteryLevelCritical=false, mPlugType=1
12-15 11:25:16.353  1487  2480 D BatteryService: Processing new values: chargerAcOnline=true, chargerUsbOnline=false, chargerWirelessOnline=false, maxChargingCurrent0, maxChargingVoltage0, chargeCounter0, batteryStatus=2, batteryHealth=2, batteryPresent=true, batteryLevel=90, batteryTechnology=Li-ion, batteryVoltage=4255, batteryCurrentNow=-16174, batteryTemperature=222, mBatteryLevelCritical=false, mPlugType=1
12-15 11:25:16.359  1487  2431 D BatteryService: Processing new values: chargerAcOnline=true, chargerUsbOnline=false, chargerWirelessOnline=false, maxChargingCurrent0, maxChargingVoltage0, chargeCounter0, batteryStatus=2, batteryHealth=2, batteryPresent=true, batteryLevel=90, batteryTechnology=Li-ion, batteryVoltage=4255, batteryCurrentNow=-16174, batteryTemperature=222, mBatteryLevelCritical=false, mPlugType=1
12-15 11:25:16.360  1487 11742 D BatteryService: Processing new values: chargerAcOnline=true, chargerUsbOnline=false, chargerWirelessOnline=false, maxChargingCurrent0, maxChargingVoltage0, chargeCounter0, batteryStatus=2, batteryHealth=2, batteryPresent=true, batteryLevel=90, batteryTechnology=Li-ion, batteryVoltage=4255, batteryCurrentNow=-16174, batteryTemperature=222, mBatteryLevelCritical=false, mPlugType=1
12-15 11:25:16.363  3486  8882 W beacon  : onUserAction return false, because eventName:[MTT_UPLOAD_PUSH_V4] is not allowed in server strategy!
12-15 11:25:16.365  3486  8882 W beacon  : onUserAction return false, because eventName:[MTT_UPLOAD_PUSH_V4] is not allowed in server strategy!
12-15 11:25:16.367  3486  8882 W beacon  : onUserAction return false, because eventName:[MTT_UPLOAD_PUSH_V4] is not allowed in server strategy!
12-15 11:25:16.371  3486  8882 W beacon  : onUserAction return false, because eventName:[MTT_UPLOAD_PUSH_V4] is not allowed in server strategy!
12-15 11:25:16.374  3486  8882 W beacon  : onUserAction return false, because eventName:[MTT_UPLOAD_PUSH_V4] is not allowed in server strategy!
12-15 11:25:16.379  3486  8882 W beacon  : onUserAction return false, because eventName:[MTT_UPLOAD_PUSH_V4] is not allowed in server strategy!
12-15 11:25:16.381  1487  2480 D BatteryService: Processing new values: chargerAcOnline=true, chargerUsbOnline=false, chargerWirelessOnline=false, maxChargingCurrent0, maxChargingVoltage0, chargeCounter0, batteryStatus=2, batteryHealth=2, batteryPresent=true, batteryLevel=90, batteryTechnology=Li-ion, batteryVoltage=4255, batteryCurrentNow=-16174, batteryTemperature=222, mBatteryLevelCritical=false, mPlugType=1
12-15 11:25:16.381  3486  8882 W beacon  : onUserAction return false, because eventName:[MTT_UPLOAD_PUSH_V4] is not allowed in server strategy!
12-15 11:25:16.383  1487 11742 D BatteryService: Processing new values: chargerAcOnline=true, chargerUsbOnline=false, chargerWirelessOnline=false, maxChargingCurrent0, maxChargingVoltage0, chargeCounter0, batteryStatus=2, batteryHealth=2, batteryPresent=true, batteryLevel=90, batteryTechnology=Li-ion, batteryVoltage=4255, batteryCurrentNow=-16174, batteryTemperature=222, mBatteryLevelCritical=false, mPlugType=1
12-15 11:25:16.384  3486  8882 W beacon  : onUserAction return false, because eventName:[MTT_UPLOAD_PUSH_V4] is not allowed in server strategy!
12-15 11:25:16.386  3486  8882 W beacon  : onUserAction return false, because eventName:[MTT_UPLOAD_PUSH_V4] is not allowed in server strategy!
12-15 11:25:16.389  3486  8882 W beacon  : onUserAction return false, because eventName:[MTT_UPLOAD_PUSH_V4] is not allowed in server strategy!
12-15 11:25:16.390  3486  8882 W beacon  : onUserAction return false, because eventName:[MTT_UPLOAD_PUSH_V4] is not allowed in server strategy!
12-15 11:25:16.392  3486  8882 W beacon  : onUserAction return false, because eventName:[MTT_UPLOAD_PUSH_V4] is not allowed in server strategy!
12-15 11:25:16.395  3486  8882 W beacon  : onUserAction return false, because eventName:[MTT_UPLOAD_PUSH_V4] is not allowed in server strategy!
12-15 11:25:16.397  3486  8882 W beacon  : onUserAction return false, because eventName:[MTT_UPLOAD_PUSH_V4] is not allowed in server strategy!
12-15 11:25:16.398  3486  8882 W beacon  : onUserAction return false, because eventName:[MTT_UPLOAD_PUSH_V4] is not allowed in server strategy!
12-15 11:25:16.399  3486  8882 W beacon  : onUserAction return false, because eventName:[MTT_UPLOAD_PUSH_V4] is not allowed in server strategy!
12-15 11:25:16.400  3486  8882 W beacon  : onUserAction return false, because eventName:[MTT_UPLOAD_PUSH_V4] is not allowed in server strategy!
12-15 11:25:16.405  3486  8882 W beacon  : onUserAction return false, because eventName:[MTT_UPLOAD_PUSH_V4] is not allowed in server strategy!
12-15 11:25:16.406  3486  8882 W beacon  : onUserAction return false, because eventName:[MTT_UPLOAD_PUSH_V4] is not allowed in server strategy!
12-15 11:25:16.407  1487  2054 D BatteryService: Processing new values: chargerAcOnline=true, chargerUsbOnline=false, chargerWirelessOnline=false, maxChargingCurrent0, maxChargingVoltage0, chargeCounter0, batteryStatus=2, batteryHealth=2, batteryPresent=true, batteryLevel=90, batteryTechnology=Li-ion, batteryVoltage=4255, batteryCurrentNow=-16174, batteryTemperature=222, mBatteryLevelCritical=false, mPlugType=1
12-15 11:25:16.408  1487  2097 D BatteryService: Processing new values: chargerAcOnline=true, chargerUsbOnline=false, chargerWirelessOnline=false, maxChargingCurrent0, maxChargingVoltage0, chargeCounter0, batteryStatus=2, batteryHealth=2, batteryPresent=true, batteryLevel=90, batteryTechnology=Li-ion, batteryVoltage=4255, batteryCurrentNow=-16174, batteryTemperature=222, mBatteryLevelCritical=false, mPlugType=1
12-15 11:25:16.409  3486  8882 W beacon  : onUserAction return false, because eventName:[MTT_UPLOAD_PUSH_V4] is not allowed in server strategy!
12-15 11:25:16.410  3486  8882 W beacon  : onUserAction return false, because eventName:[MTT_UPLOAD_PUSH_V4] is not allowed in server strategy!
12-15 11:25:16.411  3486  8882 W beacon  : onUserAction return false, because eventName:[MTT_UPLOAD_PUSH_V4] is not allowed in server strategy!
12-15 11:25:16.416  3486  8882 W beacon  : onUserAction return false, because eventName:[MTT_UPLOAD_PUSH_V4] is not allowed in server strategy!
12-15 11:25:16.418  3486  8882 W beacon  : onUserAction return false, because eventName:[MTT_UPLOAD_PUSH_V4] is not allowed in server strategy!
12-15 11:25:16.427  3947  3947 I CPUDaemon: [WorkerReceiver]: onReceive(): action=android.intent.action.SCREEN_ON
12-15 11:25:16.427  3947  3947 W ContextImpl: Calling a method in the system process without a qualified user: android.app.ContextImpl.startService:1385 android.content.ContextWrapper.startService:613 com.evenwell.cpudaemon.WorkerReceiver.startWorkerService:65 com.evenwell.cpudaemon.WorkerReceiver.onReceive:38 android.app.LoadedApk$ReceiverDispatcher$Args.run:1122 
12-15 11:25:16.437  1487  2452 I chatty  : uid=1000(system) Binder:1487_9 expire 5 lines
12-15 11:25:16.439  1487  2096 D BatteryService: Processing new values: chargerAcOnline=true, chargerUsbOnline=false, chargerWirelessOnline=false, maxChargingCurrent0, maxChargingVoltage0, chargeCounter0, batteryStatus=2, batteryHealth=2, batteryPresent=true, batteryLevel=90, batteryTechnology=Li-ion, batteryVoltage=4255, batteryCurrentNow=-16174, batteryTemperature=222, mBatteryLevelCritical=false, mPlugType=1
12-15 11:25:16.444  3486  8882 W beacon  : onUserAction return false, because eventName:[MTT_UPLOAD_PUSH_V4] is not allowed in server strategy!
12-15 11:25:16.450  1487  2096 D BatteryService: Processing new values: chargerAcOnline=true, chargerUsbOnline=false, chargerWirelessOnline=false, maxChargingCurrent0, maxChargingVoltage0, chargeCounter0, batteryStatus=2, batteryHealth=2, batteryPresent=true, batteryLevel=90, batteryTechnology=Li-ion, batteryVoltage=4255, batteryCurrentNow=-16174, batteryTemperature=222, mBatteryLevelCritical=false, mPlugType=1
12-15 11:25:16.450  1487  2096 D BatteryService: Processing new values: chargerAcOnline=true, chargerUsbOnline=false, chargerWirelessOnline=false, maxChargingCurrent0, maxChargingVoltage0, chargeCounter0, batteryStatus=2, batteryHealth=2, batteryPresent=true, batteryLevel=90, batteryTechnology=Li-ion, batteryVoltage=4255, batteryCurrentNow=-16174, batteryTemperature=222, mBatteryLevelCritical=false, mPlugType=1
12-15 11:25:16.456  1487  2096 D BatteryService: Processing new values: chargerAcOnline=true, chargerUsbOnline=false, chargerWirelessOnline=false, maxChargingCurrent0, maxChargingVoltage0, chargeCounter0, batteryStatus=2, batteryHealth=2, batteryPresent=true, batteryLevel=90, batteryTechnology=Li-ion, batteryVoltage=4255, batteryCurrentNow=-16174, batteryTemperature=222, mBatteryLevelCritical=false, mPlugType=1
12-15 11:25:16.458  8308 14557 W SkinEngine: jimxia, getApplicationIcon: com.evenwell.gallery.overlay.base.s600cn, resId: 0
12-15 11:25:16.459  8308 14557 E SkinEngine: jimxia, icon resid for pkg: com.evenwell.gallery.overlay.base.s600cn is 0
12-15 11:25:16.459  8308 14557 W SkinEngine: jimxia, getApplicationIcon: com.android.cts.priv.ctsshim, resId: 0
12-15 11:25:16.459  8308 14557 E SkinEngine: jimxia, icon resid for pkg: com.android.cts.priv.ctsshim is 0
12-15 11:25:16.463  8308 14557 W SkinEngine: jimxia, getApplicationIcon: com.qualcomm.qti.auth.sampleextauthservice, resId: 0
12-15 11:25:16.463  8308 14557 E SkinEngine: jimxia, icon resid for pkg: com.qualcomm.qti.auth.sampleextauthservice is 0
12-15 11:25:16.463  8308 14557 W SkinEngine: jimxia, getApplicationIcon: com.evenwell.apnwidget.overlay.base.s600cn, resId: 0
12-15 11:25:16.463  8308 14557 E SkinEngine: jimxia, icon resid for pkg: com.evenwell.apnwidget.overlay.base.s600cn is 0
12-15 11:25:16.463  8308 14557 W SkinEngine: jimxia, getApplicationIcon: com.evenwell.SetupWizard.overlay.base.s600cn, resId: 0
12-15 11:25:16.463  8308 14557 E SkinEngine: jimxia, icon resid for pkg: com.evenwell.SetupWizard.overlay.base.s600cn is 0
12-15 11:25:16.463  8308 14557 W SkinEngine: jimxia, getApplicationIcon: com.evenwell.universalsearch.overlay.base.s600cn, resId: 0
12-15 11:25:16.463  8308 14557 E SkinEngine: jimxia, icon resid for pkg: com.evenwell.universalsearch.overlay.base.s600cn is 0
12-15 11:25:16.466  3486  8882 W beacon  : onUserAction return false, because eventName:[MTT_UPLOAD_PUSH_V4] is not allowed in server strategy!
12-15 11:25:16.479  3947  3947 I CPUDaemon: [CPUInterface]: Load cpu lib success
12-15 11:25:16.479  3947  3947 I CPUDaemon: [WorkerService]: loadParam()
12-15 11:25:16.480  8308 14557 W SkinEngine: jimxia, getApplicationIcon: com.android.providers.media, resId: 0
12-15 11:25:16.480  8308 14557 E SkinEngine: jimxia, icon resid for pkg: com.android.providers.media is 0
12-15 11:25:16.480  8308 14557 W SkinEngine: jimxia, getApplicationIcon: com.qti.service.colorservice, resId: 0
12-15 11:25:16.480  8308 14557 E SkinEngine: jimxia, icon resid for pkg: com.qti.service.colorservice is 0
12-15 11:25:16.480  8308 14557 W SkinEngine: jimxia, getApplicationIcon: com.evenwell.camera2.overlay.base.s600cn, resId: 0
12-15 11:25:16.480  8308 14557 E SkinEngine: jimxia, icon resid for pkg: com.evenwell.camera2.overlay.base.s600cn is 0
12-15 11:25:16.480  8308 14557 W SkinEngine: jimxia, getApplicationIcon: com.android.wallpapercropper, resId: 0
12-15 11:25:16.480  8308 14557 E SkinEngine: jimxia, icon resid for pkg: com.android.wallpapercropper is 0
12-15 11:25:16.481  8308 14557 W SkinEngine: jimxia, getApplicationIcon: com.quicinc.cne.CNEService, resId: 0
12-15 11:25:16.481  8308 14557 E SkinEngine: jimxia, icon resid for pkg: com.quicinc.cne.CNEService is 0
12-15 11:25:16.481  8308 14557 W SkinEngine: jimxia, getApplicationIcon: com.evenwell.AccountProxy.overlay.base.s600cn, resId: 0
12-15 11:25:16.481  8308 14557 E SkinEngine: jimxia, icon resid for pkg: com.evenwell.AccountProxy.overlay.base.s600cn is 0
12-15 11:25:16.481  8308 14557 W SkinEngine: jimxia, getApplicationIcon: com.evenwell.AccountProxynbb.overlay.base.s600cn, resId: 0
12-15 11:25:16.481  8308 14557 E SkinEngine: jimxia, icon resid for pkg: com.evenwell.AccountProxynbb.overlay.base.s600cn is 0
12-15 11:25:16.481  8308 14557 W SkinEngine: jimxia, getApplicationIcon: com.evenwell.magictorch.overlay.base.s600cn, resId: 0
12-15 11:25:16.481  8308 14557 E SkinEngine: jimxia, icon resid for pkg: com.evenwell.magictorch.overlay.base.s600cn is 0
12-15 11:25:16.481  8308 14557 W SkinEngine: jimxia, getApplicationIcon: com.android.calendar.overlay.base.s600cn, resId: 0
12-15 11:25:16.481  8308 14557 E SkinEngine: jimxia, icon resid for pkg: com.android.calendar.overlay.base.s600cn is 0
12-15 11:25:16.481  8308 14557 W SkinEngine: jimxia, getApplicationIcon: com.evenwell.email.data.overlay.base.s600cn, resId: 0
12-15 11:25:16.481  8308 14557 E SkinEngine: jimxia, icon resid for pkg: com.evenwell.email.data.overlay.base.s600cn is 0
12-15 11:25:16.483  3947 14572 I CPUDaemon: [WorkerService]: onHandleIntent(): jobType=boost-mode
12-15 11:25:16.483  3947 14572 E EvenwellCPU: Java_com_evenwell_System_CPU_FihMode()
12-15 11:25:16.483  3947 14572 E fihopt  : sendreq()-1, cmd: 9, TURBO_STATE: 1
12-15 11:25:16.483  3947 14572 E fihopt  : set_fih_mode_cfg: mode(5)[90].
12-15 11:25:16.484   417  2330 E ANDR-PERF-MPCTL: Invalid profile no. 0, total profiles 0 only
12-15 11:25:16.485  3947 14572 I CPUDaemon: [CPUInterface]: Change mode to 5
12-15 11:25:16.490  1487  1528 D BatteryService: Processing new values: chargerAcOnline=true, chargerUsbOnline=false, chargerWirelessOnline=false, maxChargingCurrent0, maxChargingVoltage0, chargeCounter0, batteryStatus=2, batteryHealth=2, batteryPresent=true, batteryLevel=90, batteryTechnology=Li-ion, batteryVoltage=4255, batteryCurrentNow=-16174, batteryTemperature=222, mBatteryLevelCritical=false, mPlugType=1
12-15 11:25:16.490  8308 14557 W SkinEngine: jimxia, getApplicationIcon: com.android.documentsui, resId: 0
12-15 11:25:16.490  8308 14557 E SkinEngine: jimxia, icon resid for pkg: com.android.documentsui is 0
12-15 11:25:16.491  1487 10626 D BatteryService: Processing new values: chargerAcOnline=true, chargerUsbOnline=false, chargerWirelessOnline=false, maxChargingCurrent0, maxChargingVoltage0, chargeCounter0, batteryStatus=2, batteryHealth=2, batteryPresent=true, batteryLevel=90, batteryTechnology=Li-ion, batteryVoltage=4255, batteryCurrentNow=-16174, batteryTemperature=222, mBatteryLevelCritical=false, mPlugType=1
12-15 11:25:16.494  8308 14557 W SkinEngine: jimxia, getApplicationIcon: com.android.externalstorage, resId: 0
12-15 11:25:16.494  8308 14557 E SkinEngine: jimxia, icon resid for pkg: com.android.externalstorage is 0
12-15 11:25:16.494  8308 14557 W SkinEngine: jimxia, getApplicationIcon: com.evenwell.screenlock.overlay.base.s600cn, resId: 0
12-15 11:25:16.494  8308 14557 E SkinEngine: jimxia, icon resid for pkg: com.evenwell.screenlock.overlay.base.s600cn is 0
12-15 11:25:16.495  1487  2452 D BatteryService: Processing new values: chargerAcOnline=true, chargerUsbOnline=false, chargerWirelessOnline=false, maxChargingCurrent0, maxChargingVoltage0, chargeCounter0, batteryStatus=2, batteryHealth=2, batteryPresent=true, batteryLevel=90, batteryTechnology=Li-ion, batteryVoltage=4255, batteryCurrentNow=-16174, batteryTemperature=222, mBatteryLevelCritical=false, mPlugType=1
12-15 11:25:16.497  8308 14557 W SkinEngine: jimxia, getApplicationIcon: com.android.htmlviewer, resId: 0
12-15 11:25:16.497  8308 14557 E SkinEngine: jimxia, icon resid for pkg: com.android.htmlviewer is 0
12-15 11:25:16.497  8308 14557 W SkinEngine: jimxia, getApplicationIcon: com.android.mms.service, resId: 0
12-15 11:25:16.497  8308 14557 E SkinEngine: jimxia, icon resid for pkg: com.android.mms.service is 0
12-15 11:25:16.498  1487  2482 D BatteryService: Processing new values: chargerAcOnline=true, chargerUsbOnline=false, chargerWirelessOnline=false, maxChargingCurrent0, maxChargingVoltage0, chargeCounter0, batteryStatus=2, batteryHealth=2, batteryPresent=true, batteryLevel=90, batteryTechnology=Li-ion, batteryVoltage=4255, batteryCurrentNow=-16174, batteryTemperature=222, mBatteryLevelCritical=false, mPlugType=1
12-15 11:25:16.499  3486  8882 W beacon  : onUserAction return false, because eventName:[MTT_UPLOAD_PUSH_V4] is not allowed in server strategy!
12-15 11:25:16.500  8308 14557 W SkinEngine: jimxia, getApplicationIcon: com.qualcomm.qti.auth.sampleauthenticatorservice, resId: 0
12-15 11:25:16.500  8308 14557 E SkinEngine: jimxia, icon resid for pkg: com.qualcomm.qti.auth.sampleauthenticatorservice is 0
12-15 11:25:16.500  3486  8882 W beacon  : onUserAction return false, because eventName:[MTT_UPLOAD_PUSH_V4] is not allowed in server strategy!
12-15 11:25:16.500  8308 14557 W SkinEngine: jimxia, getApplicationIcon: com.android.systemui.overlay.base.s600cn, resId: 0
12-15 11:25:16.500  8308 14557 E SkinEngine: jimxia, icon resid for pkg: com.android.systemui.overlay.base.s600cn is 0
12-15 11:25:16.501  8308 14557 W SkinEngine: jimxia, getApplicationIcon: com.evenwell.dataspeedindicator.overlay.base.s600cn, resId: 0
12-15 11:25:16.501  8308 14557 E SkinEngine: jimxia, icon resid for pkg: com.evenwell.dataspeedindicator.overlay.base.s600cn is 0
12-15 11:25:16.501  8308 14557 W SkinEngine: jimxia, getApplicationIcon: com.android.settings.btl.s600cn.overlay, resId: 0
12-15 11:25:16.501  8308 14557 E SkinEngine: jimxia, icon resid for pkg: com.android.settings.btl.s600cn.overlay is 0
12-15 11:25:16.501  8308 14557 W SkinEngine: jimxia, getApplicationIcon: com.android.carrierconfig.btl.common.overlay, resId: 0
12-15 11:25:16.501  8308 14557 E SkinEngine: jimxia, icon resid for pkg: com.android.carrierconfig.btl.common.overlay is 0
12-15 11:25:16.501  8308 14557 W SkinEngine: jimxia, getApplicationIcon: com.qualcomm.qti.telephonyservice, resId: 0
12-15 11:25:16.501  8308 14557 E SkinEngine: jimxia, icon resid for pkg: com.qualcomm.qti.telephonyservice is 0
12-15 11:25:16.501  8308 14557 W SkinEngine: jimxia, getApplicationIcon: com.evenwell.partnerbrowsercustomizations.overlay.base.s600cn, resId: 0
12-15 11:25:16.501  8308 14557 E SkinEngine: jimxia, icon resid for pkg: com.evenwell.partnerbrowsercustomizations.overlay.base.s600cn is 0
12-15 11:25:16.504  3486  8882 W beacon  : onUserAction return false, because eventName:[MTT_UPLOAD_PUSH_V4] is not allowed in server strategy!
12-15 11:25:16.505  8308 14557 W SkinEngine: jimxia, getApplicationIcon: com.qualcomm.qti.auth.fidocryptoservice, resId: 0
12-15 11:25:16.505  8308 14557 E SkinEngine: jimxia, icon resid for pkg: com.qualcomm.qti.auth.fidocryptoservice is 0
12-15 11:25:16.506  3486  8882 W beacon  : onUserAction return false, because eventName:[MTT_UPLOAD_PUSH_V4] is not allowed in server strategy!
12-15 11:25:16.517  8308 14557 W SkinEngine: jimxia, getApplicationIcon: com.android.defcontainer, resId: 0
12-15 11:25:16.517  8308 14557 E SkinEngine: jimxia, icon resid for pkg: com.android.defcontainer is 0
12-15 11:25:16.517  8308 14557 W SkinEngine: jimxia, getApplicationIcon: android.btl.s600cn.overlay, resId: 0
12-15 11:25:16.517  8308 14557 E SkinEngine: jimxia, icon resid for pkg: android.btl.s600cn.overlay is 0
12-15 11:25:16.517  1487  1528 D BatteryService: Processing new values: chargerAcOnline=true, chargerUsbOnline=false, chargerWirelessOnline=false, maxChargingCurrent0, maxChargingVoltage0, chargeCounter0, batteryStatus=2, batteryHealth=2, batteryPresent=true, batteryLevel=90, batteryTechnology=Li-ion, batteryVoltage=4255, batteryCurrentNow=-16174, batteryTemperature=222, mBatteryLevelCritical=false, mPlugType=1
12-15 11:25:16.519  1487  1685 D BatteryService: Processing new values: chargerAcOnline=true, chargerUsbOnline=false, chargerWirelessOnline=false, maxChargingCurrent0, maxChargingVoltage0, chargeCounter0, batteryStatus=2, batteryHealth=2, batteryPresent=true, batteryLevel=90, batteryTechnology=Li-ion, batteryVoltage=4255, batteryCurrentNow=-16174, batteryTemperature=222, mBatteryLevelCritical=false, mPlugType=1
12-15 11:25:16.520  8308 14557 W SkinEngine: jimxia, getApplicationIcon: com.android.pacprocessor, resId: 0
12-15 11:25:16.520  8308 14557 E SkinEngine: jimxia, icon resid for pkg: com.android.pacprocessor is 0
12-15 11:25:16.523  3486  8882 W beacon  : onUserAction return false, because eventName:[MTT_UPLOAD_PUSH_V4] is not allowed in server strategy!
12-15 11:25:16.523  8308 14557 W SkinEngine: jimxia, getApplicationIcon: com.evenwell.foxlauncher.partner, resId: 0
12-15 11:25:16.523  8308 14557 E SkinEngine: jimxia, icon resid for pkg: com.evenwell.foxlauncher.partner is 0
12-15 11:25:16.528  8308 14557 W SkinEngine: jimxia, getApplicationIcon: com.android.certinstaller, resId: 0
12-15 11:25:16.528  8308 14557 E SkinEngine: jimxia, icon resid for pkg: com.android.certinstaller is 0
12-15 11:25:16.528  8308 14557 W SkinEngine: jimxia, getApplicationIcon: com.android.carrierconfig, resId: 0
12-15 11:25:16.528  8308 14557 E SkinEngine: jimxia, icon resid for pkg: com.android.carrierconfig is 0
12-15 11:25:16.529  8308 14557 W SkinEngine: jimxia, getApplicationIcon: org.codeaurora.bluetooth, resId: 0
12-15 11:25:16.529  8308 14557 E SkinEngine: jimxia, icon resid for pkg: org.codeaurora.bluetooth is 0
12-15 11:25:16.529  8308 14557 W SkinEngine: jimxia, getApplicationIcon: com.fihtdc.note.overlay.base.s600cn, resId: 0
12-15 11:25:16.529  8308 14557 E SkinEngine: jimxia, icon resid for pkg: com.fihtdc.note.overlay.base.s600cn is 0
12-15 11:25:16.529  8308 14557 W SkinEngine: jimxia, getApplicationIcon: com.android.cellbroadcastreceiver.overlay.base.s600cn, resId: 0
12-15 11:25:16.529  8308 14557 E SkinEngine: jimxia, icon resid for pkg: com.android.cellbroadcastreceiver.overlay.base.s600cn is 0
12-15 11:25:16.529  8308 14557 W SkinEngine: jimxia, getApplicationIcon: com.qti.qualcomm.datastatusnotification, resId: 0
12-15 11:25:16.529  8308 14557 E SkinEngine: jimxia, icon resid for pkg: com.qti.qualcomm.datastatusnotification is 0
12-15 11:25:16.531  3486  8882 W beacon  : onUserAction return false, because eventName:[MTT_UPLOAD_PUSH_V4] is not allowed in server strategy!
12-15 11:25:16.533  8308 14557 W SkinEngine: jimxia, getApplicationIcon: com.android.egg, resId: 2130837523
12-15 11:25:16.535  1487 11742 D BatteryService: Processing new values: chargerAcOnline=true, chargerUsbOnline=false, chargerWirelessOnline=false, maxChargingCurrent0, maxChargingVoltage0, chargeCounter0, batteryStatus=2, batteryHealth=2, batteryPresent=true, batteryLevel=90, batteryTechnology=Li-ion, batteryVoltage=4255, batteryCurrentNow=-16174, batteryTemperature=222, mBatteryLevelCritical=false, mPlugType=1
12-15 11:25:16.536  1487  1527 D BatteryService: Processing new values: chargerAcOnline=true, chargerUsbOnline=false, chargerWirelessOnline=false, maxChargingCurrent0, maxChargingVoltage0, chargeCounter0, batteryStatus=2, batteryHealth=2, batteryPresent=true, batteryLevel=90, batteryTechnology=Li-ion, batteryVoltage=4255, batteryCurrentNow=-16174, batteryTemperature=222, mBatteryLevelCritical=false, mPlugType=1
12-15 11:25:16.537  8308 14557 D com.qq.connect: unkown drawable!::android.graphics.drawable.VectorDrawable@bfdf7cd
12-15 11:25:16.540  8308 14557 W SkinEngine: jimxia, getApplicationIcon: com.android.mtp, resId: 0
12-15 11:25:16.540  8308 14557 E SkinEngine: jimxia, icon resid for pkg: com.android.mtp is 0
12-15 11:25:16.540  8308 14557 W SkinEngine: jimxia, getApplicationIcon: com.android.backupconfirm, resId: 0
12-15 11:25:16.540  8308 14557 E SkinEngine: jimxia, icon resid for pkg: com.android.backupconfirm is 0
12-15 11:25:16.540  8308 14557 W SkinEngine: jimxia, getApplicationIcon: com.android.provision, resId: 0
12-15 11:25:16.540  8308 14557 E SkinEngine: jimxia, icon resid for pkg: com.android.provision is 0
12-15 11:25:16.540  3486  8882 W beacon  : onUserAction return false, because eventName:[MTT_UPLOAD_PUSH_V4] is not allowed in server strategy!
12-15 11:25:16.540  8308 14557 W SkinEngine: jimxia, getApplicationIcon: org.codeaurora.ims, resId: 0
12-15 11:25:16.540  8308 14557 E SkinEngine: jimxia, icon resid for pkg: org.codeaurora.ims is 0
12-15 11:25:16.543  3486  8882 W beacon  : onUserAction return false, because eventName:[MTT_UPLOAD_PUSH_V4] is not allowed in server strategy!
12-15 11:25:16.544  8308 14557 W SkinEngine: jimxia, getApplicationIcon: com.android.statementservice, resId: 0
12-15 11:25:16.544  8308 14557 E SkinEngine: jimxia, icon resid for pkg: com.android.statementservice is 0
12-15 11:25:16.544  8308 14557 W SkinEngine: jimxia, getApplicationIcon: com.evenwell.backuptool.overlay.base.s600cn, resId: 0
12-15 11:25:16.544  8308 14557 E SkinEngine: jimxia, icon resid for pkg: com.evenwell.backuptool.overlay.base.s600cn is 0
12-15 11:25:16.547  8308 14557 W SkinEngine: jimxia, getApplicationIcon: com.qualcomm.qti.auth.secureextauthservice, resId: 0
12-15 11:25:16.547  8308 14557 E SkinEngine: jimxia, icon resid for pkg: com.qualcomm.qti.auth.secureextauthservice is 0
12-15 11:25:16.548  8308 14557 W SkinEngine: jimxia, getApplicationIcon: com.qualcomm.qcrilmsgtunnel, resId: 0
12-15 11:25:16.548  8308 14557 E SkinEngine: jimxia, icon resid for pkg: com.qualcomm.qcrilmsgtunnel is 0
12-15 11:25:16.548  8308 14557 W SkinEngine: jimxia, getApplicationIcon: com.android.sharedstoragebackup, resId: 0
12-15 11:25:16.548  8308 14557 E SkinEngine: jimxia, icon resid for pkg: com.android.sharedstoragebackup is 0
12-15 11:25:16.548  8308 14557 W SkinEngine: jimxia, getApplicationIcon: com.fihtdc.AprUploadService.data.overlay.base.s600cn, resId: 0
12-15 11:25:16.548  8308 14557 E SkinEngine: jimxia, icon resid for pkg: com.fihtdc.AprUploadService.data.overlay.base.s600cn is 0
12-15 11:25:16.556  8308 14557 W SkinEngine: jimxia, getApplicationIcon: com.android.printspooler, resId: 0
12-15 11:25:16.556  8308 14557 E SkinEngine: jimxia, icon resid for pkg: com.android.printspooler is 0
12-15 11:25:16.556  8308 14557 W SkinEngine: jimxia, getApplicationIcon: com.fihtdc.autoregistration.overlay.base.s600cn, resId: 0
12-15 11:25:16.556  8308 14557 E SkinEngine: jimxia, icon resid for pkg: com.fihtdc.autoregistration.overlay.base.s600cn is 0
12-15 11:25:16.556  8308 14557 W SkinEngine: jimxia, getApplicationIcon: com.evenwell.settings.data.overlay.base.s600cn, resId: 0
12-15 11:25:16.556  8308 14557 E SkinEngine: jimxia, icon resid for pkg: com.evenwell.settings.data.overlay.base.s600cn is 0
12-15 11:25:16.560  8308 14557 W SkinEngine: jimxia, getApplicationIcon: com.android.dreams.basic, resId: 0
12-15 11:25:16.560  8308 14557 E SkinEngine: jimxia, icon resid for pkg: com.android.dreams.basic is 0
12-15 11:25:16.560  8308 14557 W SkinEngine: jimxia, getApplicationIcon: com.qualcomm.qti.qcom_accesslogkit, resId: 0
12-15 11:25:16.560  8308 14557 E SkinEngine: jimxia, icon resid for pkg: com.qualcomm.qti.qcom_accesslogkit is 0
12-15 11:25:16.560  8308 14557 W SkinEngine: jimxia, getApplicationIcon: com.android.frameworks.telresources, resId: 0
12-15 11:25:16.560  8308 14557 E SkinEngine: jimxia, icon resid for pkg: com.android.frameworks.telresources is 0
12-15 11:25:16.561  5116  5116 W Protocol: screenOn enter
12-15 11:25:16.561  5116  5116 W Protocol: screenOn open
12-15 11:25:16.564  1487  1527 D BatteryService: Processing new values: chargerAcOnline=true, chargerUsbOnline=false, chargerWirelessOnline=false, maxChargingCurrent0, maxChargingVoltage0, chargeCounter0, batteryStatus=2, batteryHealth=2, batteryPresent=true, batteryLevel=90, batteryTechnology=Li-ion, batteryVoltage=4255, batteryCurrentNow=-16174, batteryTemperature=222, mBatteryLevelCritical=false, mPlugType=1
12-15 11:25:16.565  8308 14557 W SkinEngine: jimxia, getApplicationIcon: com.android.inputdevices, resId: 0
12-15 11:25:16.565  8308 14557 E SkinEngine: jimxia, icon resid for pkg: com.android.inputdevices is 0
12-15 11:25:16.565  8308 14557 W SkinEngine: jimxia, getApplicationIcon: com.evenwell.foxlauncher.overlay.base.s600cn, resId: 0
12-15 11:25:16.565  8308 14557 E SkinEngine: jimxia, icon resid for pkg: com.evenwell.foxlauncher.overlay.base.s600cn is 0
12-15 11:25:16.565  8308 14557 W SkinEngine: jimxia, getApplicationIcon: com.evenwell.seniorlauncher.overlay.base.s600cn, resId: 0
12-15 11:25:16.566  8308 14557 E SkinEngine: jimxia, icon resid for pkg: com.evenwell.seniorlauncher.overlay.base.s600cn is 0
12-15 11:25:16.566  8308 14557 W SkinEngine: jimxia, getApplicationIcon: com.evenwell.OTAUpdate.overlay.base.s600cn, resId: 0
12-15 11:25:16.566  8308 14557 E SkinEngine: jimxia, icon resid for pkg: com.evenwell.OTAUpdate.overlay.base.s600cn is 0
12-15 11:25:16.568  8308 14556 D com.qq.connect:  thumb for /storage/emulated/0/Pictures/MyCameraApp/IMG_20171106_171036.jpg
12-15 11:25:16.568  8308 14557 W SkinEngine: jimxia, getApplicationIcon: com.qualcomm.qti.auth.securesampleauthservice, resId: 0
12-15 11:25:16.568  8308 14557 E SkinEngine: jimxia, icon resid for pkg: com.qualcomm.qti.auth.securesampleauthservice is 0
12-15 11:25:16.568  8308 14557 W SkinEngine: jimxia, getApplicationIcon: com.fihtdc.calendarwidget.overlay.base.s600cn, resId: 0
12-15 11:25:16.568  8308 14557 E SkinEngine: jimxia, icon resid for pkg: com.fihtdc.calendarwidget.overlay.base.s600cn is 0
12-15 11:25:16.568  8308 14557 W SkinEngine: jimxia, getApplicationIcon: com.qualcomm.qti.CdmaCallOptions, resId: 0
12-15 11:25:16.568  8308 14557 E SkinEngine: jimxia, icon resid for pkg: com.qualcomm.qti.CdmaCallOptions is 0
12-15 11:25:16.568  8308 14557 W SkinEngine: jimxia, getApplicationIcon: com.qualcomm.qti.StatsPollManager, resId: 0
12-15 11:25:16.568  8308 14557 E SkinEngine: jimxia, icon resid for pkg: com.qualcomm.qti.StatsPollManager is 0
12-15 11:25:16.568  8308 14557 W SkinEngine: jimxia, getApplicationIcon: com.qti.dpmserviceapp, resId: 0
12-15 11:25:16.568  8308 14557 E SkinEngine: jimxia, icon resid for pkg: com.qti.dpmserviceapp is 0
12-15 11:25:16.568  8308 14557 W SkinEngine: jimxia, getApplicationIcon: com.evenwell.support.overlay.base.s600cn, resId: 0
12-15 11:25:16.568  8308 14557 E SkinEngine: jimxia, icon resid for pkg: com.evenwell.support.overlay.base.s600cn is 0
12-15 11:25:16.569 13987 13987 I chatty  : uid=1000(system) com.android.settings expire 64 lines
12-15 11:25:16.571  8308 14557 W SkinEngine: jimxia, getApplicationIcon: com.evenwell.DbgCfgTool, resId: 0
12-15 11:25:16.571  8308 14557 E SkinEngine: jimxia, icon resid for pkg: com.evenwell.DbgCfgTool is 0
12-15 11:25:16.571  8308 14557 W SkinEngine: jimxia, getApplicationIcon: com.evenwell.cellbroadcastreceiver.overlay.base.s600cn, resId: 0
12-15 11:25:16.572  8308 14557 E SkinEngine: jimxia, icon resid for pkg: com.evenwell.cellbroadcastreceiver.overlay.base.s600cn is 0
12-15 11:25:16.574  1487  2482 D BatteryService: Processing new values: chargerAcOnline=true, chargerUsbOnline=false, chargerWirelessOnline=false, maxChargingCurrent0, maxChargingVoltage0, chargeCounter0, batteryStatus=2, batteryHealth=2, batteryPresent=true, batteryLevel=90, batteryTechnology=Li-ion, batteryVoltage=4255, batteryCurrentNow=-16174, batteryTemperature=222, mBatteryLevelCritical=false, mPlugType=1
12-15 11:25:16.574  8308 14557 W SkinEngine: jimxia, getApplicationIcon: com.qti.xdivert, resId: 0
12-15 11:25:16.574  8308 14557 E SkinEngine: jimxia, icon resid for pkg: com.qti.xdivert is 0
12-15 11:25:16.574  8308 14557 W SkinEngine: jimxia, getApplicationIcon: com.evenwell.weather.overlay.base.s600cn, resId: 0
12-15 11:25:16.574  8308 14557 E SkinEngine: jimxia, icon resid for pkg: com.evenwell.weather.overlay.base.s600cn is 0
12-15 11:25:16.574  8308 14557 W SkinEngine: jimxia, getApplicationIcon: com.evenwell.batteryprotect.overlay.base.s600cn, resId: 0
12-15 11:25:16.574  8308 14557 E SkinEngine: jimxia, icon resid for pkg: com.evenwell.batteryprotect.overlay.base.s600cn is 0
12-15 11:25:16.574  3486  8882 W beacon  : onUserAction return false, because eventName:[MTT_UPLOAD_PUSH_V4] is not allowed in server strategy!
12-15 11:25:16.577  8308 14557 W SkinEngine: jimxia, getApplicationIcon: android.ext.shared, resId: 0
12-15 11:25:16.577  8308 14557 E SkinEngine: jimxia, icon resid for pkg: android.ext.shared is 0
12-15 11:25:16.577  8308 14556 D com.qq.connect: create thumb bitmap failed
12-15 11:25:16.577  8308 14557 W SkinEngine: jimxia, getApplicationIcon: com.android.onetimeinitializer, resId: 0
12-15 11:25:16.577  8308 14557 E SkinEngine: jimxia, icon resid for pkg: com.android.onetimeinitializer is 0
12-15 11:25:16.577  8308 14557 W SkinEngine: jimxia, getApplicationIcon: com.qualcomm.qti.simsettings, resId: 0
12-15 11:25:16.577  8308 14557 E SkinEngine: jimxia, icon resid for pkg: com.qualcomm.qti.simsettings is 0
12-15 11:25:16.580  1487  2454 D BatteryService: Processing new values: chargerAcOnline=true, chargerUsbOnline=false, chargerWirelessOnline=false, maxChargingCurrent0, maxChargingVoltage0, chargeCounter0, batteryStatus=2, batteryHealth=2, batteryPresent=true, batteryLevel=90, batteryTechnology=Li-ion, batteryVoltage=4255, batteryCurrentNow=-16174, batteryTemperature=222, mBatteryLevelCritical=false, mPlugType=1
12-15 11:25:16.582  1487  1685 D BatteryService: Processing new values: chargerAcOnline=true, chargerUsbOnline=false, chargerWirelessOnline=false, maxChargingCurrent0, maxChargingVoltage0, chargeCounter0, batteryStatus=2, batteryHealth=2, batteryPresent=true, batteryLevel=90, batteryTechnology=Li-ion, batteryVoltage=4255, batteryCurrentNow=-16174, batteryTemperature=222, mBatteryLevelCritical=false, mPlugType=1
12-15 11:25:16.584  8308 14557 W SkinEngine: jimxia, getApplicationIcon: com.android.keychain, resId: 0
12-15 11:25:16.584  8308 14557 E SkinEngine: jimxia, icon resid for pkg: com.android.keychain is 0
12-15 11:25:16.589  8308 14557 W SkinEngine: jimxia, getApplicationIcon: com.android.printservice.recommendation, resId: 0
12-15 11:25:16.589  8308 14557 E SkinEngine: jimxia, icon resid for pkg: com.android.printservice.recommendation is 0
12-15 11:25:16.589  8308 14557 W SkinEngine: jimxia, getApplicationIcon: com.evenwell.nps.overlay.base.s600cn, resId: 0
12-15 11:25:16.589  8308 14557 E SkinEngine: jimxia, icon resid for pkg: com.evenwell.nps.overlay.base.s600cn is 0
12-15 11:25:16.589  8308 14557 W SkinEngine: jimxia, getApplicationIcon: com.evenwell.defaultappconfigure.overlay.base.s600cn, resId: 0
12-15 11:25:16.589  8308 14557 E SkinEngine: jimxia, icon resid for pkg: com.evenwell.defaultappconfigure.overlay.base.s600cn is 0
12-15 11:25:16.590  3486  8882 W beacon  : onUserAction return false, because eventName:[MTT_UPLOAD_PUSH_V4] is not allowed in server strategy!
12-15 11:25:16.593  8308 14557 W SkinEngine: jimxia, getApplicationIcon: android.ext.services, resId: 0
12-15 11:25:16.593  8308 14557 E SkinEngine: jimxia, icon resid for pkg: android.ext.services is 0
12-15 11:25:16.600  8308 14557 W SkinEngine: jimxia, getApplicationIcon: com.android.packageinstaller, resId: 0
12-15 11:25:16.600  8308 14557 E SkinEngine: jimxia, icon resid for pkg: com.android.packageinstaller is 0
12-15 11:25:16.600  8308 14557 W SkinEngine: jimxia, getApplicationIcon: org.codeaurora.btmultisim, resId: 0
12-15 11:25:16.600  8308 14557 E SkinEngine: jimxia, icon resid for pkg: org.codeaurora.btmultisim is 0
12-15 11:25:16.604  8308 14557 W SkinEngine: jimxia, getApplicationIcon: com.svox.pico, resId: 0
12-15 11:25:16.604  8308 14557 E SkinEngine: jimxia, icon resid for pkg: com.svox.pico is 0
12-15 11:25:16.604  1487  2096 D BatteryService: Processing new values: chargerAcOnline=true, chargerUsbOnline=false, chargerWirelessOnline=false, maxChargingCurrent0, maxChargingVoltage0, chargeCounter0, batteryStatus=2, batteryHealth=2, batteryPresent=true, batteryLevel=90, batteryTechnology=Li-ion, batteryVoltage=4255, batteryCurrentNow=-16174, batteryTemperature=222, mBatteryLevelCritical=false, mPlugType=1
12-15 11:25:16.604  8308 14557 W SkinEngine: jimxia, getApplicationIcon: com.evenwell.SettingsUtils.overlay.base.s600cn, resId: 0
12-15 11:25:16.604  8308 14557 E SkinEngine: jimxia, icon resid for pkg: com.evenwell.SettingsUtils.overlay.base.s600cn is 0
12-15 11:25:16.609  8308 14557 W SkinEngine: jimxia, getApplicationIcon: com.android.proxyhandler, resId: 0
12-15 11:25:16.609  8308 14557 E SkinEngine: jimxia, icon resid for pkg: com.android.proxyhandler is 0
12-15 11:25:16.609  8308 14557 W SkinEngine: jimxia, getApplicationIcon: com.android.partnerbrowsercustomizations, resId: 0
12-15 11:25:16.609  8308 14557 E SkinEngine: jimxia, icon resid for pkg: com.android.partnerbrowsercustomizations is 0
12-15 11:25:16.609  8308 14557 W SkinEngine: jimxia, getApplicationIcon: com.evenwell.fmradio.overlay.base.s600cn, resId: 0
12-15 11:25:16.609  8308 14557 E SkinEngine: jimxia, icon resid for pkg: com.evenwell.fmradio.overlay.base.s600cn is 0
12-15 11:25:16.609  8308 14557 W SkinEngine: jimxia, getApplicationIcon: com.fihtdc.music.overlay.base.s600cn, resId: 0
12-15 11:25:16.609  8308 14557 E SkinEngine: jimxia, icon resid for pkg: com.fihtdc.music.overlay.base.s600cn is 0
12-15 11:25:16.609  1487  2454 D BatteryService: Processing new values: chargerAcOnline=true, chargerUsbOnline=false, chargerWirelessOnline=false, maxChargingCurrent0, maxChargingVoltage0, chargeCounter0, batteryStatus=2, batteryHealth=2, batteryPresent=true, batteryLevel=90, batteryTechnology=Li-ion, batteryVoltage=4255, batteryCurrentNow=-16174, batteryTemperature=222, mBatteryLevelCritical=false, mPlugType=1
12-15 11:25:16.613  3486  8882 W beacon  : onUserAction return false, because eventName:[MTT_UPLOAD_PUSH_V4] is not allowed in server strategy!
12-15 11:25:16.618  8308 14557 W SkinEngine: jimxia, getApplicationIcon: com.android.managedprovisioning, resId: 0
12-15 11:25:16.618  8308 14557 E SkinEngine: jimxia, icon resid for pkg: com.android.managedprovisioning is 0
12-15 11:25:16.618  8308 14557 W SkinEngine: jimxia, getApplicationIcon: com.evenwell.powersaving.g3.overlay.base.s600cn, resId: 0
12-15 11:25:16.618  8308 14557 E SkinEngine: jimxia, icon resid for pkg: com.evenwell.powersaving.g3.overlay.base.s600cn is 0
12-15 11:25:16.619  8308 14557 W SkinEngine: jimxia, getApplicationIcon: com.fihtdc.carrierconfig.overlay.base.s600cn, resId: 0
12-15 11:25:16.619  8308 14557 E SkinEngine: jimxia, icon resid for pkg: com.fihtdc.carrierconfig.overlay.base.s600cn is 0
12-15 11:25:16.619  8308 14557 W SkinEngine: jimxia, getApplicationIcon: com.android.providers.settings.btl.s600cn.overlay, resId: 0
12-15 11:25:16.619  8308 14557 E SkinEngine: jimxia, icon resid for pkg: com.android.providers.settings.btl.s600cn.overlay is 0
12-15 11:25:16.619  8308 14557 W SkinEngine: jimxia, getApplicationIcon: com.fihtdc.backuptool.overlay.base.s600cn, resId: 0
12-15 11:25:16.619  8308 14557 E SkinEngine: jimxia, icon resid for pkg: com.fihtdc.backuptool.overlay.base.s600cn is 0
12-15 11:25:16.619  8308 14557 W SkinEngine: jimxia, getApplicationIcon: com.android.smspush, resId: 0
12-15 11:25:16.619  8308 14557 E SkinEngine: jimxia, icon resid for pkg: com.android.smspush is 0
12-15 11:25:16.619  8308 14557 W SkinEngine: jimxia, getApplicationIcon: com.evenwell.calendarwidget.overlay.base.s600cn, resId: 0
12-15 11:25:16.619  8308 14557 E SkinEngine: jimxia, icon resid for pkg: com.evenwell.calendarwidget.overlay.base.s600cn is 0
12-15 11:25:16.619  8308 14557 W SkinEngine: jimxia, getApplicationIcon: com.android.soundrecorder.overlay.base.s600cn, resId: 0
12-15 11:25:16.619  8308 14557 E SkinEngine: jimxia, icon resid for pkg: com.android.soundrecorder.overlay.base.s600cn is 0
12-15 11:25:16.619  8308 14557 W SkinEngine: jimxia, getApplicationIcon: com.evenwell.music.overlay.base.s600cn, resId: 0
12-15 11:25:16.619  8308 14557 E SkinEngine: jimxia, icon resid for pkg: com.evenwell.music.overlay.base.s600cn is 0
12-15 11:25:16.619  8308 14557 W SkinEngine: jimxia, getApplicationIcon: com.qualcomm.qti.telephony.vodafonepack, resId: 0
12-15 11:25:16.619  8308 14557 E SkinEngine: jimxia, icon resid for pkg: com.qualcomm.qti.telephony.vodafonepack is 0
12-15 11:25:16.622  3486  8882 W beacon  : onUserAction return false, because eventName:[MTT_UPLOAD_PUSH_V4] is not allowed in server strategy!
12-15 11:25:16.623  8308 14557 W SkinEngine: jimxia, getApplicationIcon: com.evenwell.DeviceMonitorControl, resId: 0
12-15 11:25:16.623  8308 14557 E SkinEngine: jimxia, icon resid for pkg: com.evenwell.DeviceMonitorControl is 0
12-15 11:25:16.623  8308 14557 W SkinEngine: jimxia, getApplicationIcon: com.evenwell.AprUploadService.data.overlay.base.s600cn, resId: 0
12-15 11:25:16.624  8308 14557 E SkinEngine: jimxia, icon resid for pkg: com.evenwell.AprUploadService.data.overlay.base.s600cn is 0
12-15 11:25:16.624  8308 14557 W SkinEngine: jimxia, getApplicationIcon: com.evenwell.appwidget.worldclock.overlay.base.s600cn, resId: 0
12-15 11:25:16.624  8308 14557 E SkinEngine: jimxia, icon resid for pkg: com.evenwell.appwidget.worldclock.overlay.base.s600cn is 0
12-15 11:25:16.624  8308 14557 W SkinEngine: jimxia, getApplicationIcon: com.evenwell.providers.partnerbookmarks.overlay.base.s600cn, resId: 0
12-15 11:25:16.624  8308 14557 E SkinEngine: jimxia, icon resid for pkg: com.evenwell.providers.partnerbookmarks.overlay.base.s600cn is 0
12-15 11:25:16.624  8308 14557 W SkinEngine: jimxia, getApplicationIcon: com.qualcomm.qti.ims, resId: 0
12-15 11:25:16.624  8308 14557 E SkinEngine: jimxia, icon resid for pkg: com.qualcomm.qti.ims is 0
12-15 11:25:16.624  8308 14557 W SkinEngine: jimxia, getApplicationIcon: com.android.systemui.btl.s600cn.overlay, resId: 0
12-15 11:25:16.624  8308 14557 E SkinEngine: jimxia, icon resid for pkg: com.android.systemui.btl.s600cn.overlay is 0
12-15 11:25:16.624  8308 14557 W SkinEngine: jimxia, getApplicationIcon: com.android.providers.contacts.overlay.base.s600cn, resId: 0
12-15 11:25:16.624  8308 14557 E SkinEngine: jimxia, icon resid for pkg: com.android.providers.contacts.overlay.base.s600cn is 0
12-15 11:25:16.625  1487  2096 D BatteryService: Processing new values: chargerAcOnline=true, chargerUsbOnline=false, chargerWirelessOnline=false, maxChargingCurrent0, maxChargingVoltage0, chargeCounter0, batteryStatus=2, batteryHealth=2, batteryPresent=true, batteryLevel=90, batteryTechnology=Li-ion, batteryVoltage=4255, batteryCurrentNow=-16174, batteryTemperature=222, mBatteryLevelCritical=false, mPlugType=1
12-15 11:25:16.627  8308 14557 W SkinEngine: jimxia, getApplicationIcon: com.quicinc.wbcserviceapp, resId: 0
12-15 11:25:16.627  8308 14557 E SkinEngine: jimxia, icon resid for pkg: com.quicinc.wbcserviceapp is 0
12-15 11:25:16.627  8308 14557 W SkinEngine: jimxia, getApplicationIcon: com.evenwell.deskclock.overlay.base.s600cn, resId: 0
12-15 11:25:16.627  8308 14557 E SkinEngine: jimxia, icon resid for pkg: com.evenwell.deskclock.overlay.base.s600cn is 0
12-15 11:25:16.627  8308 14557 W SkinEngine: jimxia, getApplicationIcon: com.qualcomm.location, resId: 0
12-15 11:25:16.627  8308 14557 E SkinEngine: jimxia, icon resid for pkg: com.qualcomm.location is 0
12-15 11:25:16.627  8308 14557 W SkinEngine: jimxia, getApplicationIcon: com.evenwell.providers.weather.overlay.base.s600cn, resId: 0
12-15 11:25:16.627  8308 14557 E SkinEngine: jimxia, icon resid for pkg: com.evenwell.providers.weather.overlay.base.s600cn is 0
12-15 11:25:16.627  8308 14557 W SkinEngine: jimxia, getApplicationIcon: com.android.cts.ctsshim, resId: 0
12-15 11:25:16.627  8308 14557 E SkinEngine: jimxia, icon resid for pkg: com.android.cts.ctsshim is 0
12-15 11:25:16.627  8308 14557 W SkinEngine: jimxia, getApplicationIcon: com.fihtdc.safebox.overlay.base.s600cn, resId: 0
12-15 11:25:16.627  8308 14557 E SkinEngine: jimxia, icon resid for pkg: com.fihtdc.safebox.overlay.base.s600cn is 0
12-15 11:25:16.627  8308 14557 W SkinEngine: jimxia, getApplicationIcon: com.qualcomm.qti.tetherservice, resId: 0
12-15 11:25:16.627  8308 14557 E SkinEngine: jimxia, icon resid for pkg: com.qualcomm.qti.tetherservice is 0
12-15 11:25:16.627  8308 14557 W SkinEngine: jimxia, getApplicationIcon: com.fihtdc.mms.overlay.base.s600cn, resId: 0
12-15 11:25:16.627  8308 14557 E SkinEngine: jimxia, icon resid for pkg: com.fihtdc.mms.overlay.base.s600cn is 0
12-15 11:25:16.628  3486  8882 W beacon  : onUserAction return false, because eventName:[MTT_UPLOAD_PUSH_V4] is not allowed in server strategy!
12-15 11:25:16.630  8308 14557 W SkinEngine: jimxia, getApplicationIcon: com.qualcomm.qti.securemsm.mdtp, resId: 0
12-15 11:25:16.630  8308 14557 E SkinEngine: jimxia, icon resid for pkg: com.qualcomm.qti.securemsm.mdtp is 0
12-15 11:25:16.630  8308 14557 W SkinEngine: jimxia, getApplicationIcon: com.evenwell.documentsui.overlay.base.s600cn, resId: 0
12-15 11:25:16.630  8308 14557 E SkinEngine: jimxia, icon resid for pkg: com.evenwell.documentsui.overlay.base.s600cn is 0
12-15 11:25:16.631  1487 10626 D BatteryService: Processing new values: chargerAcOnline=true, chargerUsbOnline=false, chargerWirelessOnline=false, maxChargingCurrent0, maxChargingVoltage0, chargeCounter0, batteryStatus=2, batteryHealth=2, batteryPresent=true, batteryLevel=90, batteryTechnology=Li-ion, batteryVoltage=4255, batteryCurrentNow=-16174, batteryTemperature=222, mBatteryLevelCritical=false, mPlugType=1
12-15 11:25:16.633  8308 14557 W SkinEngine: jimxia, getApplicationIcon: com.qualcomm.qti.services.secureui, resId: 0
12-15 11:25:16.633  8308 14557 E SkinEngine: jimxia, icon resid for pkg: com.qualcomm.qti.services.secureui is 0
12-15 11:25:16.633  8308 14557 W SkinEngine: jimxia, getApplicationIcon: com.android.vpndialogs, resId: 0
12-15 11:25:16.633  8308 14557 E SkinEngine: jimxia, icon resid for pkg: com.android.vpndialogs is 0
12-15 11:25:16.636  8308 14557 W SkinEngine: jimxia, getApplicationIcon: com.android.shell, resId: 0
12-15 11:25:16.636  8308 14557 E SkinEngine: jimxia, icon resid for pkg: com.android.shell is 0
12-15 11:25:16.636  8308 14557 W SkinEngine: jimxia, getApplicationIcon: com.android.wallpaperbackup, resId: 0
12-15 11:25:16.636  8308 14557 E SkinEngine: jimxia, icon resid for pkg: com.android.wallpaperbackup is 0
12-15 11:25:16.638   878   878 I AudioPolicyManagerCustom: FLAG None hence request for a primary output
12-15 11:25:16.639   878  1781 I AudioPolicyManagerCustom: FLAG None hence request for a primary output
