12-15 11:14:14.688  6508  6585 I JIGUANG-JCore: [JiguangTcpManager] No network connection. Give up to start connection thread.
12-15 11:14:31.791  1487  1554 E BatteryStatsService: no controller energy info supplied
12-15 11:14:31.802  8113  8226 E anti    : anti once
12-15 11:15:01.032  1487  1768 I chatty  : uid=1000(system) WifiStateMachin expire 18 lines
12-15 11:15:01.040  1487  1554 E BatteryStatsService: no controller energy info supplied
12-15 11:15:01.041  8113  8226 E anti    : anti once
12-15 11:15:01.065  1487  1755 W ActivityManager: Sending non-protected broadcast com.android.deskclock.ON_QUARTER_HOUR from system uid 1000 pkg com.android.deskclock
12-15 11:15:01.109  5116  5134 D Protocol: 3001
12-15 11:15:01.109  5116  5134 D Protocol: 3001
12-15 11:15:01.128  1487  1554 E BatteryStatsService: no controller energy info supplied
12-15 11:15:01.298  5116 10694 D Protocol: response length: 23   
12-15 11:15:01.299  5116 10694 D Protocol: response protocol: 3001   
12-15 11:15:09.303   993   993 I MSM-irqbalance: Decided to move IRQ3 from CPU3 [P:0] to CPU7 [P:1] (banned)
12-15 11:15:09.309   993   993 I MSM-irqbalance: Decided to move IRQ5 from CPU3 [P:0] to CPU5 [P:1] (banned)
12-15 11:15:09.310   993   993 I MSM-irqbalance: Decided to move IRQ3 from CPU2 [P:0] to CPU6 [P:1] (banned)
12-15 11:15:09.310   993   993 I MSM-irqbalance: Decided to move IRQ5 from CPU2 [P:0] to CPU4 [P:1] (banned)
12-15 11:15:09.310  8113  8226 E anti    : anti once
12-15 11:15:09.310   993   993 I MSM-irqbalance: Decided to move IRQ173 from CPU0 [P:0] to CPU7 [P:1] (banned)
12-15 11:15:09.311   993   993 I MSM-irqbalance: Decided to move IRQ184 from CPU0 [P:0] to CPU5 [P:1] (banned)
12-15 11:15:09.311   993   993 I MSM-irqbalance: Decided to move IRQ186 from CPU0 [P:0] to CPU6 [P:1] (banned)
12-15 11:15:09.312   993   993 I MSM-irqbalance: Decided to move IRQ3 from CPU0 [P:0] to CPU4 [P:1] (banned)
12-15 11:15:09.312   993   993 I MSM-irqbalance: Decided to move IRQ5 from CPU0 [P:0] to CPU7 [P:1] (banned)
12-15 11:15:09.312   993   993 I MSM-irqbalance: Decided to move IRQ175 from CPU0 [P:0] to CPU5 [P:1] (banned)
12-15 11:15:09.313   993   993 I MSM-irqbalance: Decided to move IRQ166 from CPU0 [P:0] to CPU6 [P:1] (banned)
12-15 11:15:09.313   993   993 I MSM-irqbalance: Decided to move IRQ187 from CPU0 [P:0] to CPU4 [P:1] (banned)
12-15 11:15:09.313   993   993 I MSM-irqbalance: Decided to move IRQ185 from CPU0 [P:0] to CPU7 [P:1] (banned)
12-15 11:15:09.314   993   993 I MSM-irqbalance: Decided to move IRQ174 from CPU0 [P:0] to CPU5 [P:1] (banned)
12-15 11:15:09.314   993   993 I MSM-irqbalance: Decided to move IRQ155 from CPU0 [P:0] to CPU6 [P:1] (banned)
12-15 11:16:02.545  1487  1554 E BatteryStatsService: no controller energy info supplied
12-15 11:16:02.558  5116  5134 D Protocol: 3001
12-15 11:16:02.558  5116  5134 D Protocol: 3001
12-15 11:16:02.569  1487  1768 I chatty  : uid=1000(system) WifiStateMachin expire 12 lines
12-15 11:16:02.572  1487  1554 E BatteryStatsService: no controller energy info supplied
12-15 11:16:02.718  5116 10694 D Protocol: response length: 23   
12-15 11:16:02.719  5116 10694 D Protocol: response protocol: 3001   
12-15 11:16:11.199  8113  8226 E anti    : anti once
12-15 11:16:11.967  1487  2522 E BatteryStatsService: no controller energy info supplied
12-15 11:16:11.967  1487  2522 E BatteryStatsService: no controller energy info supplied
12-15 11:16:12.001  1487  2522 E BatteryStatsService: modem info is invalid: ModemActivityInfo{ mTimestamp=7467015 mSleepTimeMs=7377818 mIdleTimeMs=-7194938 mTxTimeMs[]=[0, 0, 0, 0, 0] mRxTimeMs=1644 mEnergyUsed=0}
12-15 11:16:12.058  2453  2453 I chatty  : uid=1000(system) com.evenwell.PowerMonitor expire 68 lines
12-15 11:16:12.168  2453 14399 I chatty  : uid=1000(system) com.evenwell.PowerMonitor expire 15 lines
12-15 11:16:12.204  8113  8226 E anti    : anti once
12-15 11:16:12.612  2453  2453 W ContextImpl: Calling a method in the system process without a qualified user: android.app.ContextImpl.sendBroadcast:905 android.content.ContextWrapper.sendBroadcast:421 com.evenwell.PowerMonitor.PowerCalculator$6.onPostExecute:1549 com.evenwell.PowerMonitor.PowerCalculator$6.onPostExecute:1513 android.os.AsyncTask.finish:660 
12-15 11:16:12.867  5116  5116 I time    : send cancel
12-15 11:16:13.461  8113  8226 E anti    : anti once
12-15 11:16:14.763  8113  8226 E anti    : anti once
12-15 11:16:18.970   993   993 I MSM-irqbalance: Decided to move IRQ3 from CPU3 [P:0] to CPU7 [P:1] (banned)
12-15 11:16:18.971   993   993 I MSM-irqbalance: Decided to move IRQ5 from CPU3 [P:0] to CPU5 [P:1] (banned)
12-15 11:16:18.972   993   993 I MSM-irqbalance: Decided to move IRQ3 from CPU2 [P:0] to CPU6 [P:1] (banned)
12-15 11:16:18.972   993   993 I MSM-irqbalance: Decided to move IRQ173 from CPU2 [P:0] to CPU4 [P:1] (banned)
12-15 11:16:18.972   993   993 I MSM-irqbalance: Decided to move IRQ5 from CPU2 [P:0] to CPU7 [P:1] (banned)
12-15 11:16:18.973   993   993 I MSM-irqbalance: Decided to move IRQ173 from CPU0 [P:0] to CPU5 [P:1] (banned)
12-15 11:16:18.973   993   993 I MSM-irqbalance: Decided to move IRQ184 from CPU0 [P:0] to CPU6 [P:1] (banned)
12-15 11:16:18.974   993   993 I MSM-irqbalance: Decided to move IRQ186 from CPU0 [P:0] to CPU4 [P:1] (banned)
12-15 11:16:18.974   993   993 I MSM-irqbalance: Decided to move IRQ3 from CPU0 [P:0] to CPU7 [P:1] (banned)
12-15 11:16:18.975   993   993 I MSM-irqbalance: Decided to move IRQ5 from CPU0 [P:0] to CPU5 [P:1] (banned)
12-15 11:16:18.975   993   993 I MSM-irqbalance: Decided to move IRQ175 from CPU0 [P:0] to CPU6 [P:1] (banned)
12-15 11:16:18.975   993   993 I MSM-irqbalance: Decided to move IRQ166 from CPU0 [P:0] to CPU4 [P:1] (banned)
12-15 11:16:18.976   993   993 I MSM-irqbalance: Decided to move IRQ187 from CPU0 [P:0] to CPU7 [P:1] (banned)
12-15 11:16:18.976   993   993 I MSM-irqbalance: Decided to move IRQ185 from CPU0 [P:0] to CPU5 [P:1] (banned)
12-15 11:16:18.976   993   993 I MSM-irqbalance: Decided to move IRQ174 from CPU0 [P:0] to CPU6 [P:1] (banned)
12-15 11:16:18.977   993   993 I MSM-irqbalance: Decided to move IRQ188 from CPU0 [P:0] to CPU4 [P:1] (banned)
12-15 11:16:18.977   993   993 I MSM-irqbalance: Decided to move IRQ167 from CPU0 [P:0] to CPU7 [P:1] (banned)
12-15 11:16:18.977   993   993 I MSM-irqbalance: Decided to move IRQ155 from CPU0 [P:0] to CPU5 [P:1] (banned)
12-15 11:16:19.069  8113  8226 E anti    : anti once
12-15 11:16:41.965  8113  8226 E anti    : anti once
12-15 11:16:42.114 14400 14400 W cat     : type=1400 audit(0.0:66308): avc: denied { read } for name="address" dev="sysfs" ino=37913 scontext=u:r:untrusted_app:s0:c512,c768 tcontext=u:object_r:sysfs:s0 tclass=file permissive=0
12-15 11:17:03.689  1487  1768 I chatty  : uid=1000(system) WifiStateMachin expire 18 lines
12-15 11:17:03.691  1487  1554 E BatteryStatsService: no controller energy info supplied
12-15 11:17:03.693  5116  5134 D Protocol: 3001
12-15 11:17:03.695  1807  1807 I chatty  : uid=10099(com.android.systemui) expire 11 lines
12-15 11:17:03.696  5116  5134 D Protocol: 3001
12-15 11:17:03.719  1487  1554 E BatteryStatsService: no controller energy info supplied
12-15 11:17:03.869  5116 10694 D Protocol: response length: 23   
12-15 11:17:03.869  5116 10694 D Protocol: response protocol: 3001   
12-15 11:17:09.899  8113  8226 E anti    : anti once
12-15 11:18:09.248  1487  1554 E BatteryStatsService: no controller energy info supplied
12-15 11:18:09.272  1487  1755 W ActivityManager: Unable to start service Intent { act=com.UCMobile.intent.action.COCKROACH flg=0x4 (has extras) } U=0: not found
12-15 11:18:09.272  1487  1755 W ActivityManager: Unable to start service Intent { act=com.zzl.falcon.intent.action.COCKROACH flg=0x4 (has extras) } U=0: not found
12-15 11:18:09.273  1487  1755 W ActivityManager: Unable to start service Intent { act=fm.xiami.main.intent.action.COCKROACH flg=0x4 (has extras) } U=0: not found
12-15 11:18:09.379  8113  8334 V AAA     : trigger_action_code=7
12-15 11:18:09.379  8113  8334 V AAA     : result=1
12-15 11:18:09.379  8113  8334 V AAA     : primaryStr=1_1_0_90_1_1_50305069056
12-15 11:18:09.379  8113  8334 V AAA     : selfStr=0_1_0
12-15 11:18:09.379  8113  8334 V AAA     : updateStr=0_0_1_20_0_3_0_0
12-15 11:18:09.379  8113  8334 V AAA     : newAppStr=1_1_0_10_0_3_0
12-15 11:18:09.385  8113  8334 V AAA     : trigger_action_code=7
12-15 11:18:09.385  8113  8334 V AAA     : result=12
12-15 11:18:09.385  8113  8334 V AAA     : primaryStr=1_1_0_90_1_1_50305069056
12-15 11:18:09.385  8113  8334 V AAA     : selfStr=0_1_0
12-15 11:18:09.385  8113  8334 V AAA     : updateStr=0_0_1_20_0_3_0_0
12-15 11:18:09.385  8113  8334 V AAA     : newAppStr=1_1_0_10_0_3_0
12-15 11:18:09.389  8113  8334 V AAA     : trigger_action_code=7
12-15 11:18:09.389  8113  8334 V AAA     : result=1
12-15 11:18:09.389  8113  8334 V AAA     : primaryStr=1_1_0_90_1_1_50305069056
12-15 11:18:09.389  8113  8334 V AAA     : selfStr=0_1_0
12-15 11:18:09.389  8113  8334 V AAA     : updateStr=0_0_1_20_0_3_0_0
12-15 11:18:09.389  8113  8334 V AAA     : newAppStr=1_1_0_10_0_3_0
12-15 11:18:09.394  8113  8334 V AAA     : trigger_action_code=7
12-15 11:18:09.394  8113  8334 V AAA     : result=12
12-15 11:18:09.394  8113  8334 V AAA     : primaryStr=1_1_0_90_1_1_50305069056
12-15 11:18:09.394  8113  8334 V AAA     : selfStr=0_1_0
12-15 11:18:09.394  8113  8334 V AAA     : updateStr=0_0_1_20_0_3_0_0
12-15 11:18:09.395  8113  8334 V AAA     : newAppStr=1_1_0_10_0_3_0
12-15 11:18:09.399  8113  8334 V AAA     : trigger_action_code=7
12-15 11:18:09.399  8113  8334 V AAA     : result=1
12-15 11:18:09.399  8113  8334 V AAA     : primaryStr=1_1_0_90_1_1_50305069056
12-15 11:18:09.399  8113  8334 V AAA     : selfStr=0_1_0
12-15 11:18:09.399  8113  8334 V AAA     : updateStr=0_0_1_20_0_3_0_0
12-15 11:18:09.399  8113  8334 V AAA     : newAppStr=1_1_0_10_0_3_0
12-15 11:18:09.408  8113  8334 V AAA     : trigger_action_code=7
12-15 11:18:09.408  8113  8334 V AAA     : result=12
12-15 11:18:09.408  8113  8334 V AAA     : primaryStr=1_1_0_90_1_1_50305069056
12-15 11:18:09.408  8113  8334 V AAA     : selfStr=0_1_0
12-15 11:18:09.408  8113  8334 V AAA     : updateStr=0_0_1_20_0_3_0_0
12-15 11:18:09.408  8113  8334 V AAA     : newAppStr=1_1_0_10_0_3_0
12-15 11:18:09.409  5116  5134 D Protocol: 3001
12-15 11:18:09.409  5116  5134 D Protocol: 3001
12-15 11:18:09.413  1487  1768 I chatty  : uid=1000(system) WifiStateMachin expire 10 lines
12-15 11:18:09.416  1487  1554 E BatteryStatsService: no controller energy info supplied
12-15 11:18:09.722  5116 10694 D Protocol: response length: 23   
12-15 11:18:09.723  5116 10694 D Protocol: response protocol: 3001   
12-15 11:18:13.757  8113  8226 E anti    : anti once
12-15 11:18:34.045  8113  8226 E anti    : anti once
12-15 11:18:51.844  1487  1768 I chatty  : uid=1000(system) WifiStateMachin expire 14 lines
12-15 11:18:51.846  1487  1554 E BatteryStatsService: no controller energy info supplied
12-15 11:18:51.992   993   993 I MSM-irqbalance: Decided to move IRQ173 from CPU3 [P:0] to CPU7 [P:1] (banned)
12-15 11:18:51.993   993   993 I MSM-irqbalance: Decided to move IRQ3 from CPU3 [P:0] to CPU5 [P:1] (banned)
12-15 11:18:51.993   993   993 I MSM-irqbalance: Decided to move IRQ5 from CPU3 [P:0] to CPU6 [P:1] (banned)
12-15 11:18:51.994   993   993 I MSM-irqbalance: Decided to move IRQ173 from CPU2 [P:0] to CPU4 [P:1] (banned)
12-15 11:18:51.994   993   993 I MSM-irqbalance: Decided to move IRQ3 from CPU2 [P:0] to CPU7 [P:1] (banned)
12-15 11:18:51.995   993   993 I MSM-irqbalance: Decided to move IRQ5 from CPU2 [P:0] to CPU5 [P:1] (banned)
12-15 11:18:51.995   993   993 I MSM-irqbalance: Decided to move IRQ173 from CPU0 [P:0] to CPU6 [P:1] (banned)
12-15 11:18:51.996   993   993 I MSM-irqbalance: Decided to move IRQ184 from CPU0 [P:0] to CPU4 [P:1] (banned)
12-15 11:18:51.998   993   993 I MSM-irqbalance: Decided to move IRQ3 from CPU0 [P:0] to CPU7 [P:1] (banned)
12-15 11:18:51.999   993   993 I MSM-irqbalance: Decided to move IRQ186 from CPU0 [P:0] to CPU5 [P:1] (banned)
12-15 11:18:51.999   993   993 I MSM-irqbalance: Decided to move IRQ175 from CPU0 [P:0] to CPU6 [P:1] (banned)
12-15 11:18:52.000   993   993 I MSM-irqbalance: Decided to move IRQ5 from CPU0 [P:0] to CPU4 [P:1] (banned)
12-15 11:18:52.001   993   993 I MSM-irqbalance: Decided to move IRQ188 from CPU0 [P:0] to CPU7 [P:1] (banned)
12-15 11:18:56.253   993   993 I MSM-irqbalance: Decided to move IRQ166 from CPU0 [P:0] to CPU5 [P:1] (banned)
12-15 11:18:56.254   993   993 I MSM-irqbalance: Decided to move IRQ187 from CPU0 [P:0] to CPU6 [P:1] (banned)
12-15 11:18:56.254   993   993 I MSM-irqbalance: Decided to move IRQ185 from CPU0 [P:0] to CPU4 [P:1] (banned)
12-15 11:18:56.255   993   993 I MSM-irqbalance: Decided to move IRQ174 from CPU0 [P:0] to CPU7 [P:1] (banned)
12-15 11:18:56.255   993   993 I MSM-irqbalance: Decided to move IRQ155 from CPU0 [P:0] to CPU5 [P:1] (banned)
12-15 11:18:56.344  4647  4810 W Settings: Setting auto_time has moved from android.provider.Settings.System to android.provider.Settings.Global, returning read-only value.
12-15 11:18:56.382  4647  4810 W Settings: Setting auto_time has moved from android.provider.Settings.System to android.provider.Settings.Global, returning read-only value.
12-15 11:19:05.761  8113  8226 E anti    : anti once
12-15 11:19:05.843  6522  6522 D JIGUANG-JCore: [PushService] onStartCommand - intent:Intent { act=cn.jpush.android.intent.RTC cmp=com.zzl.helploan/cn.jpush.android.service.PushService (has extras) }, pkg:com.zzl.helploan, connection:0
12-15 11:19:05.868  6522  6597 D JIGUANG-JCore: [JiguangTcpManager] Action - restartNetworkingClient, pid:6522
12-15 11:19:05.872  6508  6508 D JIGUANG-JCore: [PushService] onStartCommand - intent:Intent { act=cn.jpush.android.intent.RTC cmp=com.qianshi.dedaojin/cn.jpush.android.service.PushService (has extras) }, pkg:com.qianshi.dedaojin, connection:0
12-15 11:19:05.875  6508  6585 D JIGUANG-JCore: [JiguangTcpManager] Action - restartNetworkingClient, pid:6508
12-15 11:19:05.877  6508  6585 I JIGUANG-JCore: [JiguangTcpManager] No network connection. Give up to start connection thread.
12-15 11:19:05.881  6522  6597 I JIGUANG-JCore: [JiguangTcpManager] No network connection. Give up to start connection thread.
12-15 11:19:05.978  1487  1554 E BatteryStatsService: no controller energy info supplied
12-15 11:19:05.980  4647 14412 W Settings: Setting auto_time has moved from android.provider.Settings.System to android.provider.Settings.Global, returning read-only value.
12-15 11:19:15.923  8113  8226 E anti    : anti once
12-15 11:19:16.680  1487 10594 E BatteryStatsService: no controller energy info supplied
12-15 11:19:16.680  1487 10594 E BatteryStatsService: no controller energy info supplied
12-15 11:19:16.714  1487 10594 E BatteryStatsService: modem info is invalid: ModemActivityInfo{ mTimestamp=7651727 mSleepTimeMs=7561052 mIdleTimeMs=-7377657 mTxTimeMs[]=[0, 0, 0, 0, 0] mRxTimeMs=1318 mEnergyUsed=0}
12-15 11:19:16.770  2453  2453 I chatty  : uid=1000(system) com.evenwell.PowerMonitor expire 64 lines
12-15 11:19:16.873  2453 14423 I chatty  : uid=1000(system) com.evenwell.PowerMonitor expire 15 lines
12-15 11:19:16.928  8113  8226 E anti    : anti once
12-15 11:19:17.260  2453  2453 W ContextImpl: Calling a method in the system process without a qualified user: android.app.ContextImpl.sendBroadcast:905 android.content.ContextWrapper.sendBroadcast:421 com.evenwell.PowerMonitor.PowerCalculator$6.onPostExecute:1549 com.evenwell.PowerMonitor.PowerCalculator$6.onPostExecute:1513 android.os.AsyncTask.finish:660 
12-15 11:19:33.821  1487  1768 I chatty  : uid=1000(system) WifiStateMachin expire 18 lines
12-15 11:19:33.825  1487  1554 E BatteryStatsService: no controller energy info supplied
12-15 11:19:33.860  5116  5134 D Protocol: 3001
12-15 11:19:33.860  5116  5134 D Protocol: 3001
12-15 11:19:33.868  1487  1554 E BatteryStatsService: no controller energy info supplied
12-15 11:19:34.036  5116 10694 D Protocol: response length: 23   
12-15 11:19:34.036  5116 10694 D Protocol: response protocol: 3001   
12-15 11:19:39.442  8113  8226 E anti    : anti once
12-15 11:20:34.951  1487  1554 E BatteryStatsService: no controller energy info supplied
12-15 11:20:34.961  5116  5134 D Protocol: 3001
12-15 11:20:34.962  5116  5134 D Protocol: 3001
12-15 11:20:34.973  1807  1807 I chatty  : uid=10099(com.android.systemui) expire 11 lines
12-15 11:20:34.976  1487  1768 I chatty  : uid=1000(system) WifiStateMachin expire 12 lines
12-15 11:20:34.979  1487  1554 E BatteryStatsService: no controller energy info supplied
12-15 11:20:35.130  5116 10694 D Protocol: response length: 23   
12-15 11:20:35.131  5116 10694 D Protocol: response protocol: 3001   
12-15 11:21:28.265  1487  1554 E BatteryStatsService: no controller energy info supplied
12-15 11:21:28.266  8113  8226 E anti    : anti once
12-15 11:21:35.721   993   993 I MSM-irqbalance: Decided to move IRQ3 from CPU3 [P:0] to CPU7 [P:1] (banned)
12-15 11:21:35.721   993   993 I MSM-irqbalance: Decided to move IRQ5 from CPU3 [P:0] to CPU5 [P:1] (banned)
12-15 11:21:35.722   993   993 I MSM-irqbalance: Decided to move IRQ3 from CPU2 [P:0] to CPU6 [P:1] (banned)
12-15 11:21:35.722   993   993 I MSM-irqbalance: Decided to move IRQ5 from CPU2 [P:0] to CPU4 [P:1] (banned)
12-15 11:21:35.723   993   993 I MSM-irqbalance: Decided to move IRQ173 from CPU0 [P:0] to CPU7 [P:1] (banned)
12-15 11:21:35.723   993   993 I MSM-irqbalance: Decided to move IRQ184 from CPU0 [P:0] to CPU5 [P:1] (banned)
12-15 11:21:35.724   993   993 I MSM-irqbalance: Decided to move IRQ186 from CPU0 [P:0] to CPU6 [P:1] (banned)
12-15 11:21:35.724   993   993 I MSM-irqbalance: Decided to move IRQ5 from CPU0 [P:0] to CPU4 [P:1] (banned)
12-15 11:21:35.725   993   993 I MSM-irqbalance: Decided to move IRQ3 from CPU0 [P:0] to CPU7 [P:1] (banned)
12-15 11:21:35.725   993   993 I MSM-irqbalance: Decided to move IRQ175 from CPU0 [P:0] to CPU5 [P:1] (banned)
12-15 11:21:35.728   993   993 I MSM-irqbalance: Decided to move IRQ166 from CPU0 [P:0] to CPU6 [P:1] (banned)
12-15 11:21:35.728   993   993 I MSM-irqbalance: Decided to move IRQ174 from CPU0 [P:0] to CPU4 [P:1] (banned)
12-15 11:21:35.729   993   993 I MSM-irqbalance: Decided to move IRQ187 from CPU0 [P:0] to CPU7 [P:1] (banned)
12-15 11:21:35.729   993   993 I MSM-irqbalance: Decided to move IRQ185 from CPU0 [P:0] to CPU5 [P:1] (banned)
12-15 11:21:35.729   993   993 I MSM-irqbalance: Decided to move IRQ155 from CPU0 [P:0] to CPU6 [P:1] (banned)
12-15 11:21:35.730   993   993 I MSM-irqbalance: Decided to move IRQ188 from CPU0 [P:0] to CPU4 [P:1] (banned)
12-15 11:21:35.730   993   993 I MSM-irqbalance: Decided to move IRQ167 from CPU0 [P:0] to CPU7 [P:1] (banned)
12-15 11:21:35.736  5116  5134 D Protocol: 3001
12-15 11:21:35.736  5116  5134 D Protocol: 3001
12-15 11:21:35.742  1487  1768 I chatty  : uid=1000(system) WifiStateMachin expire 12 lines
12-15 11:21:35.744  1487  1554 E BatteryStatsService: no controller energy info supplied
12-15 11:21:35.931  5116 10694 D Protocol: response length: 23   
12-15 11:21:35.932  5116 10694 D Protocol: response protocol: 3001   
12-15 11:21:54.254  1487  2480 D BatteryService: Processing new values: chargerAcOnline=false, chargerUsbOnline=false, chargerWirelessOnline=false, maxChargingCurrent0, maxChargingVoltage0, chargeCounter0, batteryStatus=3, batteryHealth=2, batteryPresent=true, batteryLevel=90, batteryTechnology=Li-ion, batteryVoltage=4261, batteryCurrentNow=-9155, batteryTemperature=222, mBatteryLevelCritical=false, mPlugType=0
12-15 11:21:54.254  1487  2480 D BatteryService: Sending ACTION_BATTERY_CHANGED.  level:90, scale:100, status:3, health:2, present:true, voltage: 4261, temperature: 222, technology: Li-ion, Current: -9155, AC powered:false, USB powered:false, Wireless powered:false, icon:17303241, invalid charger:0, maxChargingCurrent:0, maxChargingVoltage:0, chargeCounter:0
12-15 11:21:54.262  1487  1487 I chatty  : uid=1000 system_server expire 11 lines
12-15 11:21:54.263  8113  8226 E anti    : anti once
12-15 11:21:54.265  2385  2546 W QCNEJ   : |CORE| CNE received unexpected action: android.intent.action.BATTERY_CHANGED
12-15 11:21:54.269  1487  1554 E BatteryStatsService: no controller energy info supplied
12-15 11:21:54.269  3923  3923 I [BatteryProtectApp]: DetectBatteryService: ACTION_BATTERY_CHANGED -> mTemprature : 22.2
12-15 11:21:54.269  3923  3923 I [BatteryProtectApp]: DetectBatteryService: mMaxTempShutDown : false
12-15 11:21:54.269  3923  3923 I [BatteryProtectApp]: DetectBatteryService: mLowTempShutDown : false
12-15 11:21:54.269  3923  3923 I [BatteryProtectApp]: DetectBatteryService:IS_SUPPORT_DECREASE_CHARGING : true
12-15 11:21:54.269  3923  3923 I [BatteryProtectApp]: DetectBatteryService:phone not in any mode now,and health is Good  [mTemprature = 22.2 ]
12-15 11:21:54.269  3923  3923 I [BatteryProtectApp]: DetectBatteryService:-Not need to display
12-15 11:21:54.270  2081  2081 E QtiImsExtUtils: getConfigForPhoneId subId is invalid
12-15 11:21:54.270  2081  2081 E QtiImsExtUtils: isCarrierConfigEnabled bundle is null
12-15 11:22:57.307  5116  5134 D Protocol: 3001
12-15 11:22:57.308  5116  5134 D Protocol: 3001
12-15 11:22:57.312  1487  1768 I chatty  : uid=1000(system) WifiStateMachin expire 12 lines
12-15 11:22:57.316  1487  1554 E BatteryStatsService: no controller energy info supplied
12-15 11:22:57.335  8113  8226 E anti    : anti once
12-15 11:22:57.465  5116 10694 D Protocol: response length: 23   
12-15 11:22:57.465  5116 10694 D Protocol: response protocol: 3001   
12-15 11:23:19.624  1487  1554 E BatteryStatsService: no controller energy info supplied
12-15 11:23:20.112  8113  8226 E anti    : anti once
12-15 11:23:20.617  1487  1768 I chatty  : uid=1000(system) WifiStateMachin expire 18 lines
12-15 11:23:20.621  1487 11742 E BatteryStatsService: no controller energy info supplied
12-15 11:23:20.621  1487 11742 E BatteryStatsService: no controller energy info supplied
12-15 11:23:20.653  1487 11742 E BatteryStatsService: modem info is invalid: ModemActivityInfo{ mTimestamp=7895668 mSleepTimeMs=7802671 mIdleTimeMs=-7560857 mTxTimeMs[]=[0, 0, 0, 0, 0] mRxTimeMs=2127 mEnergyUsed=0}
12-15 11:23:20.709  2453  2453 I chatty  : uid=1000(system) com.evenwell.PowerMonitor expire 58 lines
12-15 11:23:20.805  2453 14433 I chatty  : uid=1000(system) com.evenwell.PowerMonitor expire 15 lines
12-15 11:23:20.959  4174  4174 D FihWeatherService/BaiduLocation: Message= 6
12-15 11:23:20.959  4174  4174 D FihWeatherService/BaiduLocation: bIsLocationChangeCall= false
12-15 11:23:20.959  4174  4174 D FihWeatherService/BaiduLocation: location does not call onLocationChanged !!!
12-15 11:23:20.960  4174  4174 D FihWeatherService/FihLocation: FihLocation stopLocation!!
12-15 11:23:20.960  4174  4174 D FihWeatherService/UpdateService: onLocationedFailed: isAutoSearchCurrentCity=false
12-15 11:23:20.960  4174  4174 I FihWeatherService/BaiduLocation: Cancel baidu alarm
12-15 11:23:20.965 13140 13140 D baidu_location_service: baidu location service stop ...
12-15 11:23:21.118  8113  8226 E anti    : anti once
12-15 11:23:21.210  2453  2453 W ContextImpl: Calling a method in the system process without a qualified user: android.app.ContextImpl.sendBroadcast:905 android.content.ContextWrapper.sendBroadcast:421 com.evenwell.PowerMonitor.PowerCalculator$6.onPostExecute:1549 com.evenwell.PowerMonitor.PowerCalculator$6.onPostExecute:1513 android.os.AsyncTask.finish:660 
12-15 11:23:21.985  1487  1554 E BatteryStatsService: no controller energy info supplied
12-15 11:23:26.303  1487  2522 W NetworkIdentity: Active mobile network without subscriber!
12-15 11:23:26.303  1487  2522 W NetworkIdentity: Active mobile network without subscriber!
12-15 11:23:26.303  1487  2522 W NetworkIdentity: Active mobile network without subscriber!
12-15 11:23:26.303  1487  2522 W NetworkIdentity: Active mobile network without subscriber!
12-15 11:23:26.303  1487  2522 W NetworkIdentity: Active mobile network without subscriber!
12-15 11:23:26.303  1487  2522 W NetworkIdentity: Active mobile network without subscriber!
12-15 11:23:26.304  1487  2522 W NetworkIdentity: Active mobile network without subscriber!
12-15 11:23:26.304  1487  2522 W NetworkIdentity: Active mobile network without subscriber!
12-15 11:23:26.304  1487  2522 W NetworkIdentity: Active mobile network without subscriber!
12-15 11:23:26.304  1487  2522 W NetworkIdentity: Active mobile network without subscriber!
12-15 11:23:26.305  1487  2522 W NetworkIdentity: Active mobile network without subscriber!
12-15 11:23:26.305  1487  2522 W NetworkIdentity: Active mobile network without subscriber!
12-15 11:23:26.305  1487  2522 W NetworkIdentity: Active mobile network without subscriber!
12-15 11:23:26.305  1487  2522 W NetworkIdentity: Active mobile network without subscriber!
12-15 11:23:26.305  1487  2522 W NetworkIdentity: Active mobile network without subscriber!
12-15 11:23:26.305  1487  2522 W NetworkIdentity: Active mobile network without subscriber!
12-15 11:23:26.305  1487  2522 W NetworkIdentity: Active mobile network without subscriber!
12-15 11:23:26.305  1487  2522 W NetworkIdentity: Active mobile network without subscriber!
12-15 11:23:26.307  1487 11743 W NetworkIdentity: Active mobile network without subscriber!
12-15 11:23:26.308  1487 11743 W NetworkIdentity: Active mobile network without subscriber!
12-15 11:23:26.308  1487 11743 W NetworkIdentity: Active mobile network without subscriber!
12-15 11:23:26.308  1487 11743 W NetworkIdentity: Active mobile network without subscriber!
12-15 11:23:26.308  1487 11743 W NetworkIdentity: Active mobile network without subscriber!
12-15 11:23:26.308  1487 11743 W NetworkIdentity: Active mobile network without subscriber!
12-15 11:23:26.308  1487 11743 W NetworkIdentity: Active mobile network without subscriber!
12-15 11:23:26.308  1487 11743 W NetworkIdentity: Active mobile network without subscriber!
12-15 11:23:26.308  1487 11743 W NetworkIdentity: Active mobile network without subscriber!
12-15 11:23:26.315  1487  2454 W NetworkIdentity: Active mobile network without subscriber!
12-15 11:23:26.315  1487  2454 W NetworkIdentity: Active mobile network without subscriber!
12-15 11:23:26.315  1487  2454 W NetworkIdentity: Active mobile network without subscriber!
12-15 11:23:26.315  1487  2454 W NetworkIdentity: Active mobile network without subscriber!
12-15 11:23:26.315  1487  2454 W NetworkIdentity: Active mobile network without subscriber!
12-15 11:23:26.315  1487  2454 W NetworkIdentity: Active mobile network without subscriber!
12-15 11:23:26.315  1487  2454 W NetworkIdentity: Active mobile network without subscriber!
12-15 11:23:26.315  1487  2454 W NetworkIdentity: Active mobile network without subscriber!
12-15 11:23:26.316  1487  2454 W NetworkIdentity: Active mobile network without subscriber!
12-15 11:23:28.947   993   993 I MSM-irqbalance: Decided to move IRQ3 from CPU3 [P:0] to CPU7 [P:1] (banned)
12-15 11:23:28.951   993   993 I MSM-irqbalance: Decided to move IRQ5 from CPU3 [P:0] to CPU5 [P:1] (banned)
12-15 11:23:28.951   993   993 I MSM-irqbalance: Decided to move IRQ3 from CPU2 [P:0] to CPU6 [P:1] (banned)
12-15 11:23:28.952   993   993 I MSM-irqbalance: Decided to move IRQ5 from CPU2 [P:0] to CPU4 [P:1] (banned)
12-15 11:23:28.952   993   993 I MSM-irqbalance: Decided to move IRQ173 from CPU0 [P:0] to CPU7 [P:1] (banned)
12-15 11:23:28.953   993   993 I MSM-irqbalance: Decided to move IRQ184 from CPU0 [P:0] to CPU5 [P:1] (banned)
12-15 11:23:28.953   993   993 I MSM-irqbalance: Decided to move IRQ186 from CPU0 [P:0] to CPU6 [P:1] (banned)
12-15 11:23:28.953   993   993 I MSM-irqbalance: Decided to move IRQ3 from CPU0 [P:0] to CPU4 [P:1] (banned)
12-15 11:23:28.954   993   993 I MSM-irqbalance: Decided to move IRQ5 from CPU0 [P:0] to CPU7 [P:1] (banned)
12-15 11:23:28.954   993   993 I MSM-irqbalance: Decided to move IRQ175 from CPU0 [P:0] to CPU5 [P:1] (banned)
12-15 11:23:28.955   993   993 I MSM-irqbalance: Decided to move IRQ166 from CPU0 [P:0] to CPU6 [P:1] (banned)
12-15 11:23:28.955   993   993 I MSM-irqbalance: Decided to move IRQ187 from CPU0 [P:0] to CPU4 [P:1] (banned)
12-15 11:23:28.956  8113  8226 E anti    : anti once
12-15 11:23:28.956   993   993 I MSM-irqbalance: Decided to move IRQ185 from CPU0 [P:0] to CPU7 [P:1] (banned)
12-15 11:23:28.956   993   993 I MSM-irqbalance: Decided to move IRQ174 from CPU0 [P:0] to CPU5 [P:1] (banned)
12-15 11:23:28.957   993   993 I MSM-irqbalance: Decided to move IRQ155 from CPU0 [P:0] to CPU6 [P:1] (banned)
12-15 11:23:28.957   993   993 I MSM-irqbalance: Decided to move IRQ167 from CPU0 [P:0] to CPU4 [P:1] (banned)
12-15 11:23:57.146  1487  1554 E BatteryStatsService: no controller energy info supplied
12-15 11:23:57.181  6522  6522 D JIGUANG-JCore: [PushService] onStartCommand - intent:Intent { act=cn.jpush.android.intent.RTC cmp=com.zzl.helploan/cn.jpush.android.service.PushService (has extras) }, pkg:com.zzl.helploan, connection:0
12-15 11:23:57.186  6522  6597 D JIGUANG-JCore: [JiguangTcpManager] Action - restartNetworkingClient, pid:6522
12-15 11:23:57.187  1807  1807 I chatty  : uid=10099(com.android.systemui) expire 10 lines
12-15 11:23:57.188  6522  6597 I JIGUANG-JCore: [JiguangTcpManager] No network connection. Give up to start connection thread.
12-15 11:23:57.210  6508  6508 D JIGUANG-JCore: [PushService] onStartCommand - intent:Intent { act=cn.jpush.android.intent.RTC cmp=com.qianshi.dedaojin/cn.jpush.android.service.PushService (has extras) }, pkg:com.qianshi.dedaojin, connection:0
12-15 11:23:57.214  6508  6585 D JIGUANG-JCore: [JiguangTcpManager] Action - restartNetworkingClient, pid:6508
12-15 11:23:57.215  6508  6585 I JIGUANG-JCore: [JiguangTcpManager] No network connection. Give up to start connection thread.
12-15 11:23:57.313  5116  5134 D Protocol: 3001
12-15 11:23:57.313  5116  5134 D Protocol: 3001
12-15 11:23:57.319  1487  1768 I chatty  : uid=1000(system) WifiStateMachin expire 18 lines
12-15 11:23:57.322  1487  1554 E BatteryStatsService: no controller energy info supplied
12-15 11:23:57.470  8113  8226 E anti    : anti once
12-15 11:23:57.632  5116 10694 D Protocol: response length: 23   
12-15 11:23:57.632  5116 10694 D Protocol: response protocol: 3001   
12-15 11:24:06.995  8113  8226 E anti    : anti once
12-15 11:24:44.565  1487  1554 E BatteryStatsService: no controller energy info supplied
12-15 11:24:44.592  1487  1554 E BatteryStatsService: no controller energy info supplied
12-15 11:24:45.655   905  1289 I chatty  : uid=1000(system) /system/bin/gx_fpd expire 59 lines
12-15 11:24:45.667  8113  8226 E anti    : anti once
12-15 11:24:45.678  1487  1757 I PowerManagerService: Waking up from sleep (uid 1000)...
12-15 11:24:45.679  1487  1487 I chatty  : uid=1000 system_server expire 15 lines
12-15 11:24:45.687  1487  1551 I chatty  : uid=1000(system) android.ui expire 10 lines
12-15 11:24:45.701  1487  1768 I chatty  : uid=1000(system) WifiStateMachin expire 21 lines
12-15 11:24:45.706  1487  1487 I NotificationService: updateLightsLocked() : ledNotification = null ,mInCall = false ,mScreenOn = true ,FQC = false
12-15 11:24:45.708  1487  1583 I DisplayPowerController: Blocking screen on until initial contents have been drawn.
12-15 11:24:45.711   878  1878 D audio_hw_primary: adev_set_parameters: enter: screen_state=on
12-15 11:24:45.712   878  1878 D audio_hw_extn: audio_extn_set_anc_parameters: anc_enabled:0
12-15 11:24:45.712   878  1878 D audio_hw_spkr_prot: audio_extn_fbsp_set_parameters: Speaker protection disabled
12-15 11:24:45.714  1807  1807 I chatty  : uid=10099(com.android.systemui) expire 10 lines
12-15 11:24:45.714  1807  2241 I chatty  : uid=10099(com.android.systemui) QSTileHost expire 4 lines
12-15 11:24:45.719  1487  1788 D DisplayManagerService: Set backlight to 0
12-15 11:24:45.720  1487  1576 I DisplayManagerService: Display device changed state: "", ON
12-15 11:24:45.723   501   501 D SurfaceFlinger: Set power mode=2, type=0 flinger=0x7fa9c48800
12-15 11:24:45.723   501   501 I SDM     : HWCDisplay::SetPowerMode: display = 0, mode = 2
12-15 11:24:45.723   501   501 I SDM     : DisplayBase::SetDisplayState: Set state = 1, display 0
12-15 11:24:45.724   905   905 I chatty  : uid=1000(system) /system/bin/gx_fpd expire 6 lines
12-15 11:24:45.917  1487  1547 D NetworkPolicy: setRestrictBackgroundLocked(): false
12-15 11:24:45.930  1487  1788 I chatty  : uid=1000(system) PhotonicModulat expire 95 lines
12-15 11:24:45.933  1487  1583 I DisplayPowerController: Unblocked screen on after 225 ms
12-15 11:24:45.935  1487  1788 D DisplayManagerService: Set backlight to 20
12-15 11:24:45.940  1487  1788 D DisplayManagerService: Set backlight to 19
12-15 11:24:45.944  4240  4240 D FastDormancyService: onDataActivity: direction=0
12-15 11:24:45.951  4240  4240 D FastDormancyService: onDataActivity: direction=0
12-15 11:24:45.957 11874 11874 D accs.AccsJobService:  onStartJob
12-15 11:24:45.964  1487  1788 D DisplayManagerService: Set backlight to 16
12-15 11:24:45.964 11874 11874 I accs.ElectionServiceImpl:  onStartCommand begin action:com.taobao.accs.intent.action.COMMAND
12-15 11:24:45.965 11874 11874 I accs.OrangeAdapter:  isElectionEnable result:false
12-15 11:24:45.965 11874 11874 I accs.OrangeAdapter:  isElectionEnable result:false
12-15 11:24:45.965 11874 11874 I accs.ElectionServiceImpl:  deliver to channelservice host pkg:
12-15 11:24:45.967 11874 11874 I accs.ServiceImpl:  onHostStartCommand:Intent { act=com.taobao.accs.intent.action.COMMAND pkg=com.zzl.falcon.internal cmp=com.zzl.falcon.internal/com.taobao.accs.ChannelService (has extras) }
12-15 11:24:45.967 11874 11874 D accs.ServiceImpl:  key command: value 201
12-15 11:24:45.967 11874 11874 I accs.LoadSoFailUtil:  getSoFailTimes times:0
12-15 11:24:45.967 11874 11874 D accs.SilenceConn_umeng:56aadbf567e58e38d4000976:  try ping, force:false
12-15 11:24:45.968  1487  2522 D ConnectivityService: Returning unblocked NetworkInfo to uid=10250
12-15 11:24:45.969  1487  2686 I chatty  : uid=1000(system) IzatServiceBase expire 7 lines
12-15 11:24:45.969 11874 11874 D accs.SilenceConn_umeng:56aadbf567e58e38d4000976:  send message, PING delay:0 dataId:15
12-15 11:24:45.971 11874 12342 D accs.NetworkThread_umeng:56aadbf567e58e38d4000976:  try get message
12-15 11:24:45.971 11874 12342 D accs.NetworkThread_umeng:56aadbf567e58e38d4000976:  send message not null
12-15 11:24:45.971 11874 12342 I accs.NetworkThread_umeng:56aadbf567e58e38d4000976:  0 send:PING status:3
12-15 11:24:45.971 11874 12342 D accs.OrangeAdapter:  isSmartHb result:true
12-15 11:24:45.971 11874 12342 D accs.NetworkThread_umeng:56aadbf567e58e38d4000976:  ms:855633 force:false
12-15 11:24:45.972 11874 11874 I accs.ServiceImpl:  tryConnect appkey:umeng:56aadbf567e58e38d4000976 configTag:umeng:56aadbf567e58e38d4000976|0
12-15 11:24:45.972 11874 11874 I accs.ServiceImpl:  command:201
12-15 11:24:45.973 11874 11874 D accs.SilenceConn_umeng:56aadbf567e58e38d4000976:  send message, PING delay:0 dataId:16
12-15 11:24:45.973 11874 12342 E accs.NetworkThread_umeng:56aadbf567e58e38d4000976:  0 try connect, force = true failTimes = 0
12-15 11:24:45.974 11874 14320 D accs.SilenceConn_umeng:56aadbf567e58e38d4000976:  clearRepeatControlCommand message:201/
12-15 11:24:45.974 11874 12342 I accs.NetworkThread_umeng:56aadbf567e58e38d4000976:  0 try connect, need sleep
12-15 11:24:45.974 11874 11874 D accs.MonitorStatistic:  commitUT interval:2706891 interval1:5047327
12-15 11:24:45.975 11874 11874 D accs.MonitorStatistic:  eventId=66001;arg1=1;arg2=0;arg3=221;args={commitTime=1513308285974, networkAvailable=true, connStatus=3, startServiceTime=1513303238647, proxy=, url=https://106.11.61.109:443/accs/auth?1=WVyJK2CWAMsDAN92NrVbBYwA&2=899fe6e0bc4f6768e6f84f92be2450590c9647d67b3980fa895b955b09ce6211&3=umeng:56aadbf567e58e38d4000976&5=0&6=wifi&7=null&8=221&9=1513306376389&10=1&11=24&12=com.zzl.falcon.internal&13=2.4.1&14=android@umeng&15=TA-1000&16=Nokia&17=221&19=0, connType=0, tcpConnected=true, threadIsalive=true}
12-15 11:24:45.977 11874 11874 D accs.UTMini:  commitEvent fail java.lang.NoClassDefFoundError: Failed resolution of: Lcom/ut/mini/internal/UTOriginalCustomHitBuilder;
12-15 11:24:45.980  1487 10626 W NetworkIdentity: Active mobile network without subscriber!
12-15 11:24:45.980  1487 10626 W NetworkIdentity: Active mobile network without subscriber!
12-15 11:24:45.980  1487 10626 W NetworkIdentity: Active mobile network without subscriber!
12-15 11:24:45.980  1487 10626 W NetworkIdentity: Active mobile network without subscriber!
12-15 11:24:45.981  1487 10626 W NetworkIdentity: Active mobile network without subscriber!
12-15 11:24:45.981  1487 10626 W NetworkIdentity: Active mobile network without subscriber!
12-15 11:24:45.981  1487 10626 W NetworkIdentity: Active mobile network without subscriber!
12-15 11:24:45.981  1487 10626 W NetworkIdentity: Active mobile network without subscriber!
12-15 11:24:45.981  1487 10626 W NetworkIdentity: Active mobile network without subscriber!
12-15 11:24:45.984  1487  2431 W NetworkIdentity: Active mobile network without subscriber!
12-15 11:24:45.984  1487  2431 W NetworkIdentity: Active mobile network without subscriber!
12-15 11:24:45.984  1487  2431 W NetworkIdentity: Active mobile network without subscriber!
12-15 11:24:45.984  1487  2431 W NetworkIdentity: Active mobile network without subscriber!
12-15 11:24:45.984  1487  2431 W NetworkIdentity: Active mobile network without subscriber!
12-15 11:24:45.984  1487  2431 W NetworkIdentity: Active mobile network without subscriber!
12-15 11:24:45.984  1487  2431 W NetworkIdentity: Active mobile network without subscriber!
12-15 11:24:45.984  1487  2431 W NetworkIdentity: Active mobile network without subscriber!
12-15 11:24:45.984  1487  2431 W NetworkIdentity: Active mobile network without subscriber!
12-15 11:24:46.010  1487 11742 D ConnectivityService: Returning unblocked NetworkInfo to uid=10135
12-15 11:24:46.019  3947  3947 I CPUDaemon: [WorkerReceiver]: onReceive(): action=android.intent.action.SCREEN_ON
12-15 11:24:46.020  3947  3947 W ContextImpl: Calling a method in the system process without a qualified user: android.app.ContextImpl.startService:1385 android.content.ContextWrapper.startService:613 com.evenwell.cpudaemon.WorkerReceiver.startWorkerService:65 com.evenwell.cpudaemon.WorkerReceiver.onReceive:38 android.app.LoadedApk$ReceiverDispatcher$Args.run:1122 
12-15 11:24:46.030  1487  1788 D DisplayManagerService: Set backlight to 11
12-15 11:24:46.044  3947  3947 I CPUDaemon: [CPUInterface]: Load cpu lib success
12-15 11:24:46.044  3947  3947 I CPUDaemon: [WorkerService]: loadParam()
12-15 11:24:46.044  3947 14458 I CPUDaemon: [WorkerService]: onHandleIntent(): jobType=boost-mode
12-15 11:24:46.045  3947 14458 E EvenwellCPU: Java_com_evenwell_System_CPU_FihMode()
12-15 11:24:46.045  3947 14458 E fihopt  : sendreq()-1, cmd: 9, TURBO_STATE: 1
12-15 11:24:46.045  3947 14458 E fihopt  : set_fih_mode_cfg: mode(5)[90].
12-15 11:24:46.046   417  2330 E ANDR-PERF-MPCTL: Invalid profile no. 0, total profiles 0 only
12-15 11:24:46.046  3947 14458 I CPUDaemon: [CPUInterface]: Change mode to 5
12-15 11:24:46.094  5116  5116 W Protocol: screenOn enter
12-15 11:24:46.094  5116  5116 W Protocol: screenOn open
12-15 11:24:46.149  2453  2453 I chatty  : uid=1000(system) com.evenwell.PowerMonitor expire 10 lines
12-15 11:24:46.245  1487  2428 D ConnectivityService: Returning unblocked NetworkInfo to uid=10133
12-15 11:24:46.256 12727 12727 D StandbyModeManager: onReceive action: android.intent.action.SCREEN_ON
12-15 11:24:46.262 12727 12727 D MSF.C.LogManager: onReceive broadcastreceiver.action = android.intent.action.SCREEN_ON
12-15 11:24:46.318  1487  1487 E NotificationService: Suppressing notification from package by user request.
12-15 11:24:46.673  8113  8226 E anti    : anti once
12-15 11:24:47.047  3947 14458 E EvenwellCPU: Java_com_evenwell_System_CPU_FihMode()
12-15 11:24:47.047  3947 14458 E fihopt  : sendreq()-1, cmd: 9, TURBO_STATE: 1
12-15 11:24:47.047  3947 14458 E fihopt  : set_fih_mode_cfg: mode(1)[90].
12-15 11:24:47.048   417  2330 E ANDR-PERF-MPCTL: Invalid profile no. 0, total profiles 0 only
12-15 11:24:47.056  3947 14458 I CPUDaemon: [CPUInterface]: Change mode to 1
12-15 11:24:47.059  3947  3947 I CPUDaemon: [WorkerService]: onDestroy()
12-15 11:24:47.059  3947  3947 I CPUDaemon: [WorkerService]: saveParam()
12-15 11:24:47.631   993   993 I MSM-irqbalance: Decided to move IRQ3 from CPU2 [P:0] to CPU4 [P:1] (banned)
12-15 11:24:47.632   993   993 I MSM-irqbalance: Decided to move IRQ5 from CPU2 [P:0] to CPU5 [P:1] (banned)
12-15 11:24:47.633   993   993 I MSM-irqbalance: Decided to move IRQ173 from CPU0 [P:0] to CPU6 [P:1] (banned)
12-15 11:24:47.633   993   993 I MSM-irqbalance: Decided to move IRQ184 from CPU0 [P:0] to CPU7 [P:1] (banned)
12-15 11:24:47.633   993   993 I MSM-irqbalance: Decided to move IRQ3 from CPU0 [P:0] to CPU4 [P:1] (banned)
12-15 11:24:47.634   993   993 I MSM-irqbalance: Decided to move IRQ175 from CPU0 [P:0] to CPU5 [P:1] (banned)
12-15 11:24:47.634   993   993 I MSM-irqbalance: Decided to move IRQ186 from CPU0 [P:0] to CPU6 [P:1] (banned)
12-15 11:24:47.634   993   993 I MSM-irqbalance: Decided to move IRQ5 from CPU0 [P:0] to CPU7 [P:1] (banned)
12-15 11:24:47.635   993   993 I MSM-irqbalance: Decided to move IRQ174 from CPU0 [P:0] to CPU4 [P:1] (banned)
12-15 11:24:47.635   993   993 I MSM-irqbalance: Decided to move IRQ282 from CPU0 [P:0] to CPU5 [P:1] (banned)
12-15 11:24:47.636   993   993 I MSM-irqbalance: Decided to move IRQ166 from CPU0 [P:0] to CPU6 [P:1] (banned)
12-15 11:24:47.636   993   993 I MSM-irqbalance: Decided to move IRQ169 from CPU0 [P:0] to CPU7 [P:1] (banned)
12-15 11:24:47.637   993   993 I MSM-irqbalance: Decided to move IRQ167 from CPU0 [P:0] to CPU4 [P:1] (banned)
12-15 11:24:47.637   993   993 I MSM-irqbalance: Decided to move IRQ187 from CPU0 [P:0] to CPU5 [P:1] (banned)
12-15 11:24:47.637   993   993 I MSM-irqbalance: Decided to move IRQ141 from CPU0 [P:0] to CPU6 [P:1] (banned)
12-15 11:24:47.638   993   993 I MSM-irqbalance: Decided to move IRQ171 from CPU0 [P:0] to CPU7 [P:1] (banned)
12-15 11:24:47.638   993   993 I MSM-irqbalance: Decided to move IRQ185 from CPU0 [P:0] to CPU4 [P:1] (banned)
12-15 11:24:47.639   993   993 I MSM-irqbalance: Decided to move IRQ155 from CPU0 [P:0] to CPU5 [P:1] (banned)
12-15 11:24:47.639   993   993 I MSM-irqbalance: Decided to move IRQ188 from CPU0 [P:0] to CPU6 [P:1] (banned)
12-15 11:24:47.639   993   993 I MSM-irqbalance: Decided to move IRQ163 from CPU0 [P:0] to CPU7 [P:1] (banned)
12-15 11:24:47.640   993   993 I MSM-irqbalance: Decided to move IRQ151 from CPU0 [P:0] to CPU4 [P:1] (banned)
12-15 11:24:47.681  8113  8226 E anti    : anti once
12-15 11:24:47.880  5989  6010 E [push]LBS: 189/LBS http error, e=Connection timed out
12-15 11:24:47.886  5989  6010 E [push]LBS: 189/get server address from LBS failed, get null
12-15 11:24:48.069  1487  1788 D DisplayManagerService: Set backlight to 12
12-15 11:24:48.086  1487  1788 D DisplayManagerService: Set backlight to 14
12-15 11:24:48.103  1487  1788 D DisplayManagerService: Set backlight to 15
12-15 11:24:48.119  1487  1788 D DisplayManagerService: Set backlight to 16
12-15 11:24:48.137  1487  1788 D DisplayManagerService: Set backlight to 18
12-15 11:24:48.153  1487  1788 D DisplayManagerService: Set backlight to 20
12-15 11:24:48.169  1487  1788 D DisplayManagerService: Set backlight to 22
12-15 11:24:48.186  1487  1788 D DisplayManagerService: Set backlight to 24
12-15 11:24:48.203  1487  1788 D DisplayManagerService: Set backlight to 26
12-15 11:24:48.219  1487  1788 D DisplayManagerService: Set backlight to 28
12-15 11:24:48.236  1487  1788 D DisplayManagerService: Set backlight to 30
12-15 11:24:48.253  1487  1788 D DisplayManagerService: Set backlight to 33
12-15 11:24:48.270  1487  1788 D DisplayManagerService: Set backlight to 35
12-15 11:24:48.286  1487  1788 D DisplayManagerService: Set backlight to 38
12-15 11:24:48.303  1487  1788 D DisplayManagerService: Set backlight to 41
12-15 11:24:48.319  1487  1788 D DisplayManagerService: Set backlight to 42
12-15 11:24:48.687  8113  8226 E anti    : anti once
12-15 11:24:48.895  1487  2431 D ConnectivityService: Returning unblocked NetworkInfo to uid=10089
12-15 11:24:49.165  1487 11742 I chatty  : uid=1000(system) Binder:1487_11 expire 5 lines
12-15 11:24:49.251   893   893 I chatty  : uid=1000(system) /system/bin/cnss-daemon expire 65 lines
12-15 11:24:49.694  8113  8226 E anti    : anti once
12-15 11:24:50.700  8113  8226 E anti    : anti once
12-15 11:24:50.974 11874 12342 I accs.SilenceConn_umeng:56aadbf567e58e38d4000976:  0 getChannelHost:umengjmacs.m.taobao.com
12-15 11:24:50.975 11874 12342 E accs.SilenceConn_umeng:56aadbf567e58e38d4000976:  0 connect strategys ip:106.11.61.109 port:80
12-15 11:24:50.975 11874 12342 E accs.SilenceConn_umeng:56aadbf567e58e38d4000976:  0 connect strategys ip:106.11.61.109 port:443
12-15 11:24:50.975 11874 12342 E accs.SilenceConn_umeng:56aadbf567e58e38d4000976:  0 connect strategys ip:140.205.60.10 port:80
12-15 11:24:50.975 11874 12342 E accs.SilenceConn_umeng:56aadbf567e58e38d4000976:  0 connect strategys ip:140.205.60.10 port:443
12-15 11:24:50.975 11874 12342 E accs.SilenceConn_umeng:56aadbf567e58e38d4000976:  0 get ip from amdc succ:106.11.61.109:443 originPos:1
12-15 11:24:50.975 11874 12342 E accs.SilenceConn_umeng:56aadbf567e58e38d4000976:  0 connect URL:https://106.11.61.109:443/accs/
12-15 11:24:50.977 11874 12342 E accs.SilenceConn_umeng:56aadbf567e58e38d4000976:  0 connect normal
12-15 11:24:50.977 11874 12342 I accs.SilenceConn_umeng:56aadbf567e58e38d4000976:  0 getChannelHost:umengjmacs.m.taobao.com
12-15 11:24:50.977 11874 12342 I accs.SilenceConn_umeng:56aadbf567e58e38d4000976:  use custom pub key pubKey:11
12-15 11:24:50.981 11874 12342 I tnet-jni: 373 -  create new session: 106.11.61.109:443
12-15 11:24:50.981 11874 12342 E accs.SilenceConn_umeng:56aadbf567e58e38d4000976:  0 notifyStatus:CONNECTING
12-15 11:24:50.982 11874 12342 I accs.SilenceConn_umeng:56aadbf567e58e38d4000976:  0 notifyStatus:CONNECTING handled
12-15 11:24:51.028  1487  2096 I chatty  : uid=1000(system) Binder:1487_5 expire 4 lines
12-15 11:24:51.033 11874 12319 I tnet-jni: 369 - [SpdySessionCallBack.getSSLMeta] - org.android.spdy.SpdySession@eb485ed
12-15 11:24:51.033 11874 12319 I tnet-jni: 369 - [spdySessionConnectCB] - 
12-15 11:24:51.033 11874 12319 I tnet-jni: 369 - [SpdySessionCallBack.spdySessionConnectCB] - org.android.spdy.SpdySession@eb485ed
12-15 11:24:51.034 11874 12319 E accs.SilenceConn_umeng:56aadbf567e58e38d4000976:  0 spdySessionConnectCB sessionConnectInterval:54 sslTime:1 reuse:0
12-15 11:24:51.034 11874 12319 I awcn.HMacUtil:  hmacSha1Hex result:899fe6e0bc4f6768e6f84f92be2450590c9647d67b3980fa895b955b09ce6211
12-15 11:24:51.035 11874 12319 I awcn.HMacUtil:  hmacSha1Hex result:899fe6e0bc4f6768e6f84f92be2450590c9647d67b3980fa895b955b09ce6211
12-15 11:24:51.043 11874 12319 E accs.SilenceConn_umeng:56aadbf567e58e38d4000976:  0 auth URL:https://106.11.61.109:443/accs/auth?1=WVyJK2CWAMsDAN92NrVbBYwA&2=899fe6e0bc4f6768e6f84f92be2450590c9647d67b3980fa895b955b09ce6211&3=umeng:56aadbf567e58e38d4000976&4=WVyJK2CWAMsDAN92NrVbBYwAumeng:56aadbf567e58e38d40009761513320775&5=0&6=wifi&7=null&8=221&9=1513308291042&10=1&11=24&12=com.zzl.falcon.internal&13=2.4.1&14=android@umeng&15=TA-1000&16=Nokia&17=221&19=0
12-15 11:24:51.043 11874 12319 I accs.Utils:  getMode mode:0
12-15 11:24:51.043 11874 12319 I accs.SilenceConn_umeng:56aadbf567e58e38d4000976:  0 getChannelHost:umengjmacs.m.taobao.com
12-15 11:24:51.044 11874 12319 I accs.SilenceConn_umeng:56aadbf567e58e38d4000976:  0 getChannelHost:umengjmacs.m.taobao.com
12-15 11:24:51.044 11874 12319 I tnet-jni: 369 - index=1  starttime=1513308291044
12-15 11:24:51.045 11874 12319 I tnet-jni: 369 - index=1   calltime=1513308291045
12-15 11:24:51.046 11874 12319 D accs.UTMini:  commitEvent fail java.lang.NoClassDefFoundError: Failed resolution of: Lcom/ut/mini/internal/UTOriginalCustomHitBuilder;
12-15 11:24:51.065 11874 12319 I tnet-jni: 369 - [SpdySessionCallBack.putSSLMeta] - org.android.spdy.SpdySession@eb485ed
12-15 11:24:51.070 11874 12319 I tnet-jni: 369 - [spdyStreamResponseRecv] - 
12-15 11:24:51.070 11874 12319 I tnet-jni: 369 - [SpdySessionCallBack.spdyOnStreamResponse] - org.android.spdy.SpdySession@eb485ed
12-15 11:24:51.070 11874 12319 I accs.UtilityImpl:  	header::version value:HTTP/1.1
12-15 11:24:51.070 11874 12319 I accs.UtilityImpl:  	header:date value:Fri, 15 Dec 2017 03:24:50 GMT
12-15 11:24:51.071 11874 12319 I accs.UtilityImpl:  	header:server value:Tengine/Aserver/3.0.177_20170808144625
12-15 11:24:51.071 11874 12319 I accs.UtilityImpl:  	header:content-length value:0
12-15 11:24:51.071 11874 12319 I accs.UtilityImpl:  	header:x-workerid value:4838829774807760914
12-15 11:24:51.071 11874 12319 I accs.UtilityImpl:  	header::status value:200
12-15 11:24:51.071 11874 12319 E accs.SilenceConn_umeng:56aadbf567e58e38d4000976:  0 spdyOnStreamResponse httpStatusCode: 200
12-15 11:24:51.071 11874 12319 E accs.SilenceConn_umeng:56aadbf567e58e38d4000976:  0 notifyStatus:CONNECTED
12-15 11:24:51.071 11874 12319 D accs.HeartbeatManager:  resetLevel
12-15 11:24:51.072 11874 12319 D accs.OrangeAdapter:  isSmartHb result:true
12-15 11:24:51.072 11874 12319 D accs.HeartbeatManager:  set 270
12-15 11:24:51.078 11874 12319 I accs.SilenceConn_umeng:56aadbf567e58e38d4000976:  0 notifyStatus:CONNECTED handled
12-15 11:24:51.078 11874 12342 D accs.OrangeAdapter:  isSmartHb result:true
12-15 11:24:51.078 11874 12342 D accs.OrangeAdapter:  isSmartHb result:true
12-15 11:24:51.078 11874 12342 D accs.HeartbeatManager:  set 270
