I/AppiumUnicodeIME(  672): onKeyUp (keyCode='20', event.keyCode='20', metaState='0')
I/AppiumUnicodeIME(  672): onKeyDown (keyCode='21', event.keyCode='21', metaState='0')
I/AppiumUnicodeIME(  672): onKeyDown (keyCode='21', event.keyCode='21', metaState='0')
I/AppiumUnicodeIME(  672): onKeyUp (keyCode='21', event.keyCode='21', metaState='0')
I/AppiumUnicodeIME(  672): onKeyDown (keyCode='21', event.keyCode='21', metaState='0')
I/AppiumUnicodeIME(  672): onKeyUp (keyCode='21', event.keyCode='21', metaState='0')
I/AppiumUnicodeIME(  672): onKeyDown (keyCode='21', event.keyCode='21', metaState='0')
I/AppiumUnicodeIME(  672): onKeyUp (keyCode='21', event.keyCode='21', metaState='0')
I/AppiumUnicodeIME(  672): onKeyDown (keyCode='21', event.keyCode='21', metaState='0')
I/AppiumUnicodeIME(  672): onKeyDown (keyCode='21', event.keyCode='21', metaState='0')
I/AppiumUnicodeIME(  672): onKeyUp (keyCode='21', event.keyCode='21', metaState='0')
I/AppiumUnicodeIME(  672): onKeyDown (keyCode='21', event.keyCode='21', metaState='0')
I/AppiumUnicodeIME(  672): onKeyUp (keyCode='21', event.keyCode='21', metaState='0')
I/AppiumUnicodeIME(  672): onKeyDown (keyCode='21', event.keyCode='21', metaState='0')
I/AppiumUnicodeIME(  672): onKeyUp (keyCode='21', event.keyCode='21', metaState='0')
I/AppiumUnicodeIME(  672): onKeyDown (keyCode='21', event.keyCode='21', metaState='0')
I/AppiumUnicodeIME(  672): onKeyUp (keyCode='21', event.keyCode='21', metaState='0')
I/AppiumUnicodeIME(  672): onKeyDown (keyCode='19', event.keyCode='19', metaState='0')
I/AppiumUnicodeIME(  672): onKeyUp (keyCode='19', event.keyCode='19', metaState='0')
I/AppiumUnicodeIME(  672): onKeyDown (keyCode='20', event.keyCode='20', metaState='0')
I/AppiumUnicodeIME(  672): onKeyUp (keyCode='20', event.keyCode='20', metaState='0')
I/AppiumUnicodeIME(  672): onKeyDown (keyCode='20', event.keyCode='20', metaState='0')
I/AppiumUnicodeIME(  672): onKeyUp (keyCode='20', event.keyCode='20', metaState='0')
W/AudioTrack(  527): AUDIO_OUTPUT_FLAG_FAST denied by client
I/AppiumUnicodeIME(  672): onKeyDown (keyCode='22', event.keyCode='22', metaState='0')
I/AppiumUnicodeIME(  672): onKeyUp (keyCode='22', event.keyCode='22', metaState='0')
I/AppiumUnicodeIME(  672): onKeyDown (keyCode='22', event.keyCode='22', metaState='0')
I/AppiumUnicodeIME(  672): onKeyUp (keyCode='22', event.keyCode='22', metaState='0')
I/AppiumUnicodeIME(  672): onKeyDown (keyCode='23', event.keyCode='23', metaState='0')
I/AppiumUnicodeIME(  672): onFinishInput
I/AppiumUnicodeIME(  672): onStartInput
W/AudioTrack(  527): AUDIO_OUTPUT_FLAG_FAST denied by client
I/AppiumUnicodeIME(  672): onFinishInput
I/AppiumUnicodeIME(  672): onStartInput
I/AppiumUnicodeIME(  672): onKeyUp (keyCode='23', event.keyCode='23', metaState='0')
I/AppiumUnicodeIME(  672): onKeyDown (keyCode='19', event.keyCode='19', metaState='0')
I/AppiumUnicodeIME(  672): onKeyUp (keyCode='19', event.keyCode='19', metaState='0')
W/AudioTrack(  527): AUDIO_OUTPUT_FLAG_FAST denied by client
I/AppiumUnicodeIME(  672): onKeyDown (keyCode='19', event.keyCode='19', metaState='0')
I/AppiumUnicodeIME(  672): onKeyDown (keyCode='19', event.keyCode='19', metaState='0')
I/AppiumUnicodeIME(  672): onKeyUp (keyCode='19', event.keyCode='19', metaState='0')
I/AppiumUnicodeIME(  672): onKeyDown (keyCode='19', event.keyCode='19', metaState='0')
I/AppiumUnicodeIME(  672): onKeyUp (keyCode='19', event.keyCode='19', metaState='0')
I/AppiumUnicodeIME(  672): onKeyDown (keyCode='19', event.keyCode='19', metaState='0')
I/AppiumUnicodeIME(  672): onKeyUp (keyCode='19', event.keyCode='19', metaState='0')
I/AppiumUnicodeIME(  672): onKeyDown (keyCode='16', event.keyCode='16', metaState='0')
I/AppiumUnicodeIME(  672): onKeyUp (keyCode='16', event.keyCode='16', metaState='0')
I/AppiumUnicodeIME(  672): onKeyDown (keyCode='55', event.keyCode='55', metaState='0')
I/AppiumUnicodeIME(  672): onKeyUp (keyCode='55', event.keyCode='55', metaState='0')
I/AppiumUnicodeIME(  672): onKeyDown (keyCode='199', event.keyCode='199', metaState='0')
I/AppiumUnicodeIME(  672): onKeyDown (keyCode='23', event.keyCode='23', metaState='0')
I/AppiumUnicodeIME(  672): onKeyUp (keyCode='199', event.keyCode='199', metaState='0')
I/AppiumUnicodeIME(  672): onKeyUp (keyCode='23', event.keyCode='23', metaState='0')
W/AudioTrack(  527): AUDIO_OUTPUT_FLAG_FAST denied by client
I/AppiumUnicodeIME(  672): onKeyDown (keyCode='20', event.keyCode='20', metaState='0')
I/AppiumUnicodeIME(  672): onKeyUp (keyCode='20', event.keyCode='20', metaState='0')
I/AppiumUnicodeIME(  672): onKeyDown (keyCode='20', event.keyCode='20', metaState='0')
I/AppiumUnicodeIME(  672): onKeyUp (keyCode='20', event.keyCode='20', metaState='0')
I/AppiumUnicodeIME(  672): onKeyDown (keyCode='82', event.keyCode='82', metaState='0')
W/AudioTrack(  527): AUDIO_OUTPUT_FLAG_FAST denied by client
I/AppiumUnicodeIME(  672): onFinishInput
I/AppiumUnicodeIME(  672): onStartInput
I/AppiumUnicodeIME(  672): onKeyUp (keyCode='82', event.keyCode='82', metaState='0')
V/WindowManager(  527): Adding window Window{2d3a65e1 u0 SubPanel:com.zzl.falcon.internal/com.zzl.falcon.login.LoginActivity} at 7 of 12 (after Window{2678641b u0 com.zzl.falcon.internal/com.zzl.falcon.login.LoginActivity})
W/ViewRootImpl( 4682): Dropping event due to no window focus: KeyEvent { action=ACTION_DOWN, keyCode=KEYCODE_DPAD_CENTER, scanCode=0, metaState=0, flags=0x8, repeatCount=0, eventTime=9779128, downTime=9779128, deviceId=-1, source=0x101 }
W/AudioTrack(  527): AUDIO_OUTPUT_FLAG_FAST denied by client
W/EGL_emulation( 4682): eglSurfaceAttrib not implemented
W/OpenGLRenderer( 4682): Failed to set EGL_SWAP_BEHAVIOR on surface 0xddcc10a0, error=EGL_SUCCESS
W/ViewRootImpl( 4682): Cancelling event due to no window focus: KeyEvent { action=ACTION_UP, keyCode=KEYCODE_DPAD_CENTER, scanCode=0, metaState=0, flags=0x28, repeatCount=0, eventTime=9779149, downTime=9779149, deviceId=-1, source=0x101 }
W/ViewRootImpl( 4682): Cancelling event due to no window focus: KeyEvent { action=ACTION_UP, keyCode=KEYCODE_DPAD_CENTER, scanCode=0, metaState=0, flags=0x28, repeatCount=0, eventTime=9779149, downTime=9779149, deviceId=-1, source=0x101 }
W/ViewRootImpl( 4682): Cancelling event due to no window focus: KeyEvent { action=ACTION_UP, keyCode=KEYCODE_DPAD_CENTER, scanCode=0, metaState=0, flags=0x28, repeatCount=0, eventTime=9779149, downTime=9779149, deviceId=-1, source=0x101 }
W/ViewRootImpl( 4682): Cancelling event due to no window focus: KeyEvent { action=ACTION_UP, keyCode=KEYCODE_DPAD_CENTER, scanCode=0, metaState=0, flags=0x28, repeatCount=0, eventTime=9779149, downTime=9779149, deviceId=-1, source=0x101 }
W/ViewRootImpl( 4682): Cancelling event due to no window focus: KeyEvent { action=ACTION_UP, keyCode=KEYCODE_DPAD_CENTER, scanCode=0, metaState=0, flags=0x28, repeatCount=0, eventTime=9779149, downTime=9779149, deviceId=-1, source=0x101 }
W/ViewRootImpl( 4682): Cancelling event due to no window focus: KeyEvent { action=ACTION_UP, keyCode=KEYCODE_DPAD_CENTER, scanCode=0, metaState=0, flags=0x28, repeatCount=0, eventTime=9779149, downTime=9779149, deviceId=-1, source=0x101 }
W/ViewRootImpl( 4682): Cancelling event due to no window focus: KeyEvent { action=ACTION_UP, keyCode=KEYCODE_DPAD_CENTER, scanCode=0, metaState=0, flags=0x28, repeatCount=0, eventTime=9779149, downTime=9779149, deviceId=-1, source=0x101 }
W/ViewRootImpl( 4682): Cancelling event due to no window focus: KeyEvent { action=ACTION_UP, keyCode=KEYCODE_DPAD_CENTER, scanCode=0, metaState=0, flags=0x28, repeatCount=0, eventTime=9779149, downTime=9779149, deviceId=-1, source=0x101 }
W/ViewRootImpl( 4682): Cancelling event due to no window focus: KeyEvent { action=ACTION_UP, keyCode=KEYCODE_DPAD_CENTER, scanCode=0, metaState=0, flags=0x28, repeatCount=0, eventTime=9779149, downTime=9779149, deviceId=-1, source=0x101 }
I/AppiumUnicodeIME(  672): onFinishInput
I/AppiumUnicodeIME(  672): onStartInput
I/art     (  527): Explicit concurrent mark sweep GC freed 9859(456KB) AllocSpace objects, 0(0B) LOS objects, 33% free, 13MB/19MB, paused 612us total 30.113ms
W/InputMethodManagerService(  527): Window already focused, ignoring focus gain of: com.android.internal.view.IInputMethodClient$Stub$Proxy@18e7ab63 attribute=null, token = android.os.BinderProxy@1f5eee2a
I/AppiumUnicodeIME(  672): onKeyUp (keyCode='23', event.keyCode='23', metaState='0')
I/AppiumUnicodeIME(  672): onKeyDown (keyCode='114', event.keyCode='114', metaState='0')
I/AppiumUnicodeIME(  672): onKeyUp (keyCode='114', event.keyCode='114', metaState='0')
I/AppiumUnicodeIME(  672): onKeyDown (keyCode='19', event.keyCode='19', metaState='0')
I/AppiumUnicodeIME(  672): onKeyUp (keyCode='19', event.keyCode='19', metaState='0')
I/ActivityManager(  527): START u0 {act=android.intent.action.MAIN cat=[android.intent.category.LAUNCHER] flg=0x10200000 cmp=com.zzl.falcon.internal/com.zzl.falcon.EntranceActivity} from uid 0 on display 0
I/AppiumUnicodeIME(  672): onKeyDown (keyCode='19', event.keyCode='19', metaState='0')
I/AppiumUnicodeIME(  672): onKeyUp (keyCode='19', event.keyCode='19', metaState='0')
W/EGL_emulation(  636): eglSurfaceAttrib not implemented
W/OpenGLRenderer(  636): Failed to set EGL_SWAP_BEHAVIOR on surface 0xe2111880, error=EGL_SUCCESS
I/AppiumUnicodeIME(  672): onKeyDown (keyCode='103', event.keyCode='103', metaState='0')
I/AppiumUnicodeIME(  672): onKeyUp (keyCode='103', event.keyCode='103', metaState='0')
I/AppiumUnicodeIME(  672): onKeyDown (keyCode='19', event.keyCode='19', metaState='0')
I/AppiumUnicodeIME(  672): onKeyDown (keyCode='19', event.keyCode='19', metaState='0')
I/AppiumUnicodeIME(  672): onKeyUp (keyCode='19', event.keyCode='19', metaState='0')
I/AppiumUnicodeIME(  672): onKeyDown (keyCode='19', event.keyCode='19', metaState='0')
I/AppiumUnicodeIME(  672): onKeyUp (keyCode='19', event.keyCode='19', metaState='0')
I/AppiumUnicodeIME(  672): onKeyDown (keyCode='19', event.keyCode='19', metaState='0')
I/AppiumUnicodeIME(  672): onKeyUp (keyCode='19', event.keyCode='19', metaState='0')
I/AppiumUnicodeIME(  672): onKeyDown (keyCode='19', event.keyCode='19', metaState='0')
I/AppiumUnicodeIME(  672): onKeyUp (keyCode='19', event.keyCode='19', metaState='0')
W/AudioTrack(  527): AUDIO_OUTPUT_FLAG_FAST denied by client
I/AppiumUnicodeIME(  672): onKeyDown (keyCode='19', event.keyCode='19', metaState='0')
I/AppiumUnicodeIME(  672): onKeyDown (keyCode='19', event.keyCode='19', metaState='0')
I/AppiumUnicodeIME(  672): onKeyUp (keyCode='19', event.keyCode='19', metaState='0')
I/AppiumUnicodeIME(  672): onKeyDown (keyCode='19', event.keyCode='19', metaState='0')
I/AppiumUnicodeIME(  672): onKeyUp (keyCode='19', event.keyCode='19', metaState='0')
I/AppiumUnicodeIME(  672): onKeyDown (keyCode='19', event.keyCode='19', metaState='0')
I/AppiumUnicodeIME(  672): onKeyUp (keyCode='19', event.keyCode='19', metaState='0')
I/AppiumUnicodeIME(  672): onKeyDown (keyCode='19', event.keyCode='19', metaState='0')
I/AppiumUnicodeIME(  672): onKeyUp (keyCode='19', event.keyCode='19', metaState='0')
I/AppiumUnicodeIME(  672): onKeyDown (keyCode='23', event.keyCode='23', metaState='0')
I/AppiumUnicodeIME(  672): onKeyUp (keyCode='23', event.keyCode='23', metaState='0')
W/AudioTrack(  527): AUDIO_OUTPUT_FLAG_FAST denied by client
W/EGL_emulation( 4682): eglSurfaceAttrib not implemented
W/OpenGLRenderer( 4682): Failed to set EGL_SWAP_BEHAVIOR on surface 0xddcc1080, error=EGL_SUCCESS
I/AppiumUnicodeIME(  672): onKeyDown (keyCode='20', event.keyCode='20', metaState='0')
I/AppiumUnicodeIME(  672): onKeyUp (keyCode='20', event.keyCode='20', metaState='0')
I/AppiumUnicodeIME(  672): onKeyDown (keyCode='20', event.keyCode='20', metaState='0')
I/AppiumUnicodeIME(  672): onKeyUp (keyCode='20', event.keyCode='20', metaState='0')
I/AppiumUnicodeIME(  672): onKeyDown (keyCode='20', event.keyCode='20', metaState='0')
I/AppiumUnicodeIME(  672): onKeyUp (keyCode='20', event.keyCode='20', metaState='0')
I/AppiumUnicodeIME(  672): onKeyDown (keyCode='20', event.keyCode='20', metaState='0')
I/AppiumUnicodeIME(  672): onKeyUp (keyCode='20', event.keyCode='20', metaState='0')
V/RenderScript( 4682): 0xdef81600 Launching thread(s), CPUs 4
I/AppiumUnicodeIME(  672): onKeyDown (keyCode='23', event.keyCode='23', metaState='0')
W/AudioTrack(  527): AUDIO_OUTPUT_FLAG_FAST denied by client
I/AppiumUnicodeIME(  672): onKeyUp (keyCode='23', event.keyCode='23', metaState='0')
I/AppiumUnicodeIME(  672): onFinishInput
I/AppiumUnicodeIME(  672): onStartInput
I/AppiumUnicodeIME(  672): onFinishInput
I/AppiumUnicodeIME(  672): onStartInput
W/AudioTrack(  527): AUDIO_OUTPUT_FLAG_FAST denied by client
I/AppiumUnicodeIME(  672): onKeyDown (keyCode='23', event.keyCode='23', metaState='0')
I/AppiumUnicodeIME(  672): onKeyUp (keyCode='23', event.keyCode='23', metaState='0')
I/AppiumUnicodeIME(  672): onKeyDown (keyCode='82', event.keyCode='82', metaState='0')
W/AudioTrack(  527): AUDIO_OUTPUT_FLAG_FAST denied by client
I/AppiumUnicodeIME(  672): onKeyUp (keyCode='82', event.keyCode='82', metaState='0')
I/ActivityManager(  527): START u0 {act=android.intent.action.MAIN cat=[android.intent.category.LAUNCHER] flg=0x10000000 cmp=com.android.music/.MusicBrowserActivity sel=act=android.intent.action.MAIN cat=[android.intent.category.APP_MUSIC]}} from uid 1000 on display 0
W/AudioTrack(  527): AUDIO_OUTPUT_FLAG_FAST denied by client
W/AudioTrack(  527): AUDIO_OUTPUT_FLAG_FAST denied by client
I/AppiumUnicodeIME(  672): onKeyUp (keyCode='209', event.keyCode='209', metaState='0')
I/AppiumUnicodeIME(  672): onKeyDown (keyCode='19', event.keyCode='19', metaState='0')
I/AppiumUnicodeIME(  672): onKeyUp (keyCode='19', event.keyCode='19', metaState='0')
I/AppiumUnicodeIME(  672): onKeyDown (keyCode='19', event.keyCode='19', metaState='0')
I/AppiumUnicodeIME(  672): onKeyUp (keyCode='19', event.keyCode='19', metaState='0')
I/AppiumUnicodeIME(  672): onKeyDown (keyCode='253', event.keyCode='253', metaState='0')
I/AppiumUnicodeIME(  672): onFinishInput
I/AppiumUnicodeIME(  672): onStartInput
I/AppiumUnicodeIME(  672): onKeyUp (keyCode='253', event.keyCode='253', metaState='0')
I/AppiumUnicodeIME(  672): onKeyDown (keyCode='82', event.keyCode='82', metaState='0')
I/AppiumUnicodeIME(  672): onKeyUp (keyCode='82', event.keyCode='82', metaState='0')
I/AppiumUnicodeIME(  672): onKeyDown (keyCode='97', event.keyCode='97', metaState='0')
I/AppiumUnicodeIME(  672): onKeyDown (keyCode='4', event.keyCode='4', metaState='0')
I/AppiumUnicodeIME(  672): onKeyUp (keyCode='97', event.keyCode='97', metaState='0')
I/AppiumUnicodeIME(  672): onKeyUp (keyCode='4', event.keyCode='4', metaState='0')
W/AudioTrack(  527): AUDIO_OUTPUT_FLAG_FAST denied by client
I/InputDispatcher(  527): Dropped event because of pending overdue app switch.
W/InputManager(  527): Input event injection from pid 6477 failed.
I/AppiumUnicodeIME(  672): onKeyUp (keyCode='21', event.keyCode='21', metaState='0')
D/ForegroundCallbacks( 4682): still foreground
I/AppiumUnicodeIME(  672): onKeyDown (keyCode='23', event.keyCode='23', metaState='0')
I/AppiumUnicodeIME(  672): onKeyUp (keyCode='23', event.keyCode='23', metaState='0')
I/AppiumUnicodeIME(  672): onKeyDown (keyCode='21', event.keyCode='21', metaState='0')
I/AppiumUnicodeIME(  672): onKeyUp (keyCode='21', event.keyCode='21', metaState='0')
I/AppiumUnicodeIME(  672): onKeyDown (keyCode='82', event.keyCode='82', metaState='0')
I/AppiumUnicodeIME(  672): onKeyUp (keyCode='82', event.keyCode='82', metaState='0')
W/AudioTrack(  527): AUDIO_OUTPUT_FLAG_FAST denied by client
I/AppiumUnicodeIME(  672): onKeyDown (keyCode='144', event.keyCode='144', metaState='0')
W/AudioTrack(  527): AUDIO_OUTPUT_FLAG_FAST denied by client
W/EGL_emulation( 4682): eglSurfaceAttrib not implemented
W/OpenGLRenderer( 4682): Failed to set EGL_SWAP_BEHAVIOR on surface 0xddd3ad00, error=EGL_SUCCESS
W/ViewRootImpl( 4682): Cancelling event due to no window focus: KeyEvent { action=ACTION_UP, keyCode=KEYCODE_NUMPAD_0, scanCode=0, metaState=0, flags=0x28, repeatCount=0, eventTime=9780200, downTime=9780200, deviceId=-1, source=0x101 }
I/AppiumUnicodeIME(  672): onKeyUp (keyCode='144', event.keyCode='144', metaState='0')
W/ViewRootImpl( 4682): Cancelling event due to no window focus: KeyEvent { action=ACTION_UP, keyCode=KEYCODE_NUMPAD_0, scanCode=0, metaState=0, flags=0x28, repeatCount=0, eventTime=9780200, downTime=9780200, deviceId=-1, source=0x101 }
W/ViewRootImpl( 4682): Cancelling event due to no window focus: KeyEvent { action=ACTION_UP, keyCode=KEYCODE_NUMPAD_0, scanCode=0, metaState=0, flags=0x28, repeatCount=0, eventTime=9780200, downTime=9780200, deviceId=-1, source=0x101 }
I/AppiumUnicodeIME(  672): onKeyUp (keyCode='144', event.keyCode='144', metaState='0')
I/AppiumUnicodeIME(  672): onFinishInput
I/AppiumUnicodeIME(  672): onStartInput
I/AppiumUnicodeIME(  672): onKeyDown (keyCode='124', event.keyCode='124', metaState='0')
I/AppiumUnicodeIME(  672): onKeyDown (keyCode='19', event.keyCode='19', metaState='0')
I/AppiumUnicodeIME(  672): onKeyUp (keyCode='19', event.keyCode='19', metaState='0')
I/AppiumUnicodeIME(  672): onKeyDown (keyCode='23', event.keyCode='23', metaState='0')
I/AppiumUnicodeIME(  672): onKeyUp (keyCode='23', event.keyCode='23', metaState='0')
I/AppiumUnicodeIME(  672): onKeyDown (keyCode='4', event.keyCode='4', metaState='0')
I/AppiumUnicodeIME(  672): onKeyUp (keyCode='4', event.keyCode='4', metaState='0')
I/AppiumUnicodeIME(  672): onKeyDown (keyCode='23', event.keyCode='23', metaState='0')
I/AppiumUnicodeIME(  672): onKeyUp (keyCode='23', event.keyCode='23', metaState='0')
D/PhoneStatusBar(  636): disable: < expand ICONS* alerts SYSTEM_INFO* back home recent clock search >
D/PhoneStatusBar(  636): disable: < expand icons* alerts system_info* back home recent clock search >
I/art     ( 6477): System.exit called, status: 0
I/AndroidRuntime( 6477): VM exiting with result code 0.
W/AudioTrack(  527): AUDIO_OUTPUT_FLAG_FAST denied by client
I/AppiumUnicodeIME(  672): onKeyDown (keyCode='20', event.keyCode='20', metaState='0')
I/AppiumUnicodeIME(  672): onKeyUp (keyCode='20', event.keyCode='20', metaState='0')
I/AppiumUnicodeIME(  672): onKeyDown (keyCode='20', event.keyCode='20', metaState='0')
I/AppiumUnicodeIME(  672): onKeyUp (keyCode='20', event.keyCode='20', metaState='0')
W/AudioTrack(  527): AUDIO_OUTPUT_FLAG_FAST denied by client
I/AppiumUnicodeIME(  672): onFinishInput
I/AppiumUnicodeIME(  672): onStartInput
I/art     (  636): Explicit concurrent mark sweep GC freed 6322(301KB) AllocSpace objects, 1(576KB) LOS objects, 39% free, 9MB/15MB, paused 532us total 11.758ms
W/EGL_emulation( 4682): eglSurfaceAttrib not implemented
W/OpenGLRenderer( 4682): Failed to set EGL_SWAP_BEHAVIOR on surface 0xddcc1080, error=EGL_SUCCESS
I/art     (  527): Explicit concurrent mark sweep GC freed 11679(512KB) AllocSpace objects, 4(899KB) LOS objects, 33% free, 12MB/18MB, paused 661us total 44.934ms
I/art     (  636): Explicit concurrent mark sweep GC freed 3472(180KB) AllocSpace objects, 1(291KB) LOS objects, 39% free, 9MB/15MB, paused 263us total 13.576ms
I/art     (  527): Explicit concurrent mark sweep GC freed 9081(442KB) AllocSpace objects, 6(96KB) LOS objects, 33% free, 12MB/18MB, paused 1.061ms total 28.603ms
I/art     ( 4682): Explicit concurrent mark sweep GC freed 8016(503KB) AllocSpace objects, 6(96KB) LOS objects, 39% free, 10MB/17MB, paused 498us total 15.874ms
I/art     (  636): Explicit concurrent mark sweep GC freed 3498(182KB) AllocSpace objects, 0(0B) LOS objects, 39% free, 9MB/15MB, paused 317us total 11.118ms
I/art     (  527): Explicit concurrent mark sweep GC freed 5756(223KB) AllocSpace objects, 0(0B) LOS objects, 33% free, 12MB/18MB, paused 742us total 18.942ms
I/art     (  636): Explicit concurrent mark sweep GC freed 3633(189KB) AllocSpace objects, 0(0B) LOS objects, 40% free, 9MB/15MB, paused 212us total 10.489ms
I/art     (  527): Explicit concurrent mark sweep GC freed 5467(212KB) AllocSpace objects, 0(0B) LOS objects, 33% free, 12MB/18MB, paused 1.161ms total 70.012ms
D/AndroidRuntime( 6566): >>>>>> START com.android.internal.os.RuntimeInit uid 0 <<<<<<
D/AndroidRuntime( 6566): CheckJNI is OFF
E/memtrack( 6566): Couldn't load memtrack module (No such file or directory)
E/android.os.Debug( 6566): failed to load memtrack module: -2
D/AndroidRuntime( 6566): Calling main entry com.android.commands.pm.Pm
I/art     ( 6566): System.exit called, status: 0
I/AndroidRuntime( 6566): VM exiting with result code 0.
I/art     (  636): Explicit concurrent mark sweep GC freed 3630(188KB) AllocSpace objects, 0(0B) LOS objects, 40% free, 9MB/15MB, paused 235us total 11.214ms
I/ActivityManager(  527): Waited long enough for: ServiceRecord{35e109c4 u0 com.android.music/.MediaPlaybackService}
I/art     (  527): Explicit concurrent mark sweep GC freed 5535(224KB) AllocSpace objects, 0(0B) LOS objects, 33% free, 12MB/18MB, paused 838us total 18.031ms
I/art     (  636): Explicit concurrent mark sweep GC freed 3621(188KB) AllocSpace objects, 0(0B) LOS objects, 40% free, 9MB/15MB, paused 335us total 9.875ms
I/art     (  527): Explicit concurrent mark sweep GC freed 5452(211KB) AllocSpace objects, 0(0B) LOS objects, 33% free, 12MB/18MB, paused 531us total 24.113ms
I/art     (  636): Explicit concurrent mark sweep GC freed 3621(188KB) AllocSpace objects, 0(0B) LOS objects, 40% free, 9MB/15MB, paused 530us total 11.847ms
I/art     (  527): Explicit concurrent mark sweep GC freed 5461(211KB) AllocSpace objects, 0(0B) LOS objects, 33% free, 12MB/18MB, paused 714us total 19.237ms
I/art     (  636): Explicit concurrent mark sweep GC freed 3631(189KB) AllocSpace objects, 0(0B) LOS objects, 39% free, 9MB/15MB, paused 224us total 10.097ms
I/art     (  527): Explicit concurrent mark sweep GC freed 5692(241KB) AllocSpace objects, 0(0B) LOS objects, 33% free, 12MB/18MB, paused 748us total 18.556ms
I/art     (  636): Explicit concurrent mark sweep GC freed 3630(188KB) AllocSpace objects, 0(0B) LOS objects, 40% free, 9MB/15MB, paused 541us total 11.118ms
I/art     (  527): Explicit concurrent mark sweep GC freed 5462(211KB) AllocSpace objects, 0(0B) LOS objects, 33% free, 12MB/18MB, paused 736us total 18.782ms
I/art     (  636): Explicit concurrent mark sweep GC freed 3621(188KB) AllocSpace objects, 0(0B) LOS objects, 40% free, 9MB/15MB, paused 434us total 10.190ms
I/art     (  527): Explicit concurrent mark sweep GC freed 5457(211KB) AllocSpace objects, 0(0B) LOS objects, 33% free, 12MB/18MB, paused 1.308ms total 20.647ms
I/art     (  636): Explicit concurrent mark sweep GC freed 3630(188KB) AllocSpace objects, 0(0B) LOS objects, 40% free, 9MB/15MB, paused 224us total 9.905ms
I/art     (  527): Explicit concurrent mark sweep GC freed 5462(211KB) AllocSpace objects, 0(0B) LOS objects, 33% free, 12MB/18MB, paused 545us total 17.109ms
I/art     (  636): Explicit concurrent mark sweep GC freed 3630(188KB) AllocSpace objects, 0(0B) LOS objects, 39% free, 9MB/15MB, paused 331us total 10.694ms
I/art     (  527): Explicit concurrent mark sweep GC freed 5457(211KB) AllocSpace objects, 0(0B) LOS objects, 33% free, 12MB/18MB, paused 727us total 19.316ms
I/art     (  636): Explicit concurrent mark sweep GC freed 3630(188KB) AllocSpace objects, 0(0B) LOS objects, 40% free, 9MB/15MB, paused 638us total 22.194ms
I/art     (  527): Explicit concurrent mark sweep GC freed 5546(214KB) AllocSpace objects, 0(0B) LOS objects, 33% free, 12MB/18MB, paused 669us total 17.380ms
I/art     (  636): Explicit concurrent mark sweep GC freed 3955(201KB) AllocSpace objects, 0(0B) LOS objects, 40% free, 9MB/15MB, paused 460us total 11.306ms
I/art     (  527): Explicit concurrent mark sweep GC freed 5466(212KB) AllocSpace objects, 0(0B) LOS objects, 33% free, 12MB/18MB, paused 938us total 18.932ms
I/art     (  636): Explicit concurrent mark sweep GC freed 3650(189KB) AllocSpace objects, 0(0B) LOS objects, 39% free, 9MB/15MB, paused 190us total 10.281ms
I/art     (  527): Explicit concurrent mark sweep GC freed 5579(218KB) AllocSpace objects, 0(0B) LOS objects, 33% free, 12MB/18MB, paused 1.137ms total 18.668ms
I/art     (  636): Explicit concurrent mark sweep GC freed 3631(189KB) AllocSpace objects, 0(0B) LOS objects, 40% free, 9MB/15MB, paused 175us total 10.672ms
I/art     (  527): Explicit concurrent mark sweep GC freed 5445(210KB) AllocSpace objects, 0(0B) LOS objects, 33% free, 12MB/18MB, paused 1.370ms total 18.029ms
I/art     (  636): Explicit concurrent mark sweep GC freed 3621(188KB) AllocSpace objects, 0(0B) LOS objects, 40% free, 9MB/15MB, paused 346us total 15.317ms
I/art     (  527): Explicit concurrent mark sweep GC freed 5455(211KB) AllocSpace objects, 0(0B) LOS objects, 33% free, 12MB/18MB, paused 580us total 18.566ms
I/art     (  636): Explicit concurrent mark sweep GC freed 3618(188KB) AllocSpace objects, 0(0B) LOS objects, 40% free, 9MB/15MB, paused 233us total 10.677ms
I/art     (  527): Explicit concurrent mark sweep GC freed 5460(211KB) AllocSpace objects, 0(0B) LOS objects, 33% free, 12MB/18MB, paused 1.095ms total 18.979ms
I/art     (  636): Explicit concurrent mark sweep GC freed 3633(189KB) AllocSpace objects, 0(0B) LOS objects, 39% free, 9MB/15MB, paused 181us total 10.541ms
I/art     (  527): Explicit concurrent mark sweep GC freed 5457(211KB) AllocSpace objects, 0(0B) LOS objects, 33% free, 12MB/18MB, paused 711us total 18.376ms
I/art     (  636): Explicit concurrent mark sweep GC freed 3627(188KB) AllocSpace objects, 0(0B) LOS objects, 40% free, 9MB/15MB, paused 374us total 11.435ms
I/art     (  527): Explicit concurrent mark sweep GC freed 5636(219KB) AllocSpace objects, 0(0B) LOS objects, 33% free, 12MB/18MB, paused 457us total 18.270ms
I/art     (  636): Explicit concurrent mark sweep GC freed 3633(189KB) AllocSpace objects, 0(0B) LOS objects, 40% free, 9MB/15MB, paused 516us total 10.811ms
I/art     (  527): Explicit concurrent mark sweep GC freed 5457(211KB) AllocSpace objects, 0(0B) LOS objects, 33% free, 12MB/18MB, paused 2.056ms total 20.294ms
I/MediaFocusControl(  527):  AudioFocus  abandonAudioFocus() from android.media.AudioManager@8acb5ecom.android.music.MediaPlaybackService$3@2dc36b3f
V/MusicFXControlPanelReceiver( 2300): onReceive
V/MusicFXControlPanelReceiver( 2300): Action: android.media.action.CLOSE_AUDIO_EFFECT_CONTROL_SESSION
V/MusicFXControlPanelReceiver( 2300): Package name: com.android.music
V/MusicFXControlPanelReceiver( 2300): Audio session: 835
V/MusicFXControlPanelEffect( 2300): closeSession(android.app.ReceiverRestrictedContext@2bbe0fee, com.android.music, 835)
I/art     (  636): Explicit concurrent mark sweep GC freed 3630(188KB) AllocSpace objects, 0(0B) LOS objects, 39% free, 9MB/15MB, paused 607us total 15.461ms
I/art     (  527): Explicit concurrent mark sweep GC freed 5576(216KB) AllocSpace objects, 0(0B) LOS objects, 33% free, 12MB/18MB, paused 621us total 34.560ms
D/AndroidRuntime( 6596): >>>>>> START com.android.internal.os.RuntimeInit uid 0 <<<<<<
D/AndroidRuntime( 6596): CheckJNI is OFF
E/memtrack( 6596): Couldn't load memtrack module (No such file or directory)
E/android.os.Debug( 6596): failed to load memtrack module: -2
D/AndroidRuntime( 6596): Calling main entry com.android.commands.pm.Pm
I/art     ( 6596): System.exit called, status: 0
I/AndroidRuntime( 6596): VM exiting with result code 0.
I/art     (  636): Explicit concurrent mark sweep GC freed 3640(189KB) AllocSpace objects, 0(0B) LOS objects, 39% free, 9MB/15MB, paused 307us total 11.996ms
I/art     (  527): Explicit concurrent mark sweep GC freed 5596(227KB) AllocSpace objects, 0(0B) LOS objects, 33% free, 12MB/18MB, paused 1.372ms total 17.816ms
I/art     (  636): Explicit concurrent mark sweep GC freed 3630(188KB) AllocSpace objects, 0(0B) LOS objects, 40% free, 9MB/15MB, paused 240us total 14.123ms
I/art     (  527): Explicit concurrent mark sweep GC freed 7962(322KB) AllocSpace objects, 1(16KB) LOS objects, 33% free, 12MB/18MB, paused 449us total 18.315ms
I/art     (  636): Explicit concurrent mark sweep GC freed 3621(188KB) AllocSpace objects, 0(0B) LOS objects, 40% free, 9MB/15MB, paused 224us total 11.595ms
D/AndroidRuntime( 6616): >>>>>> START com.android.internal.os.RuntimeInit uid 0 <<<<<<
D/AndroidRuntime( 6616): CheckJNI is OFF
E/memtrack( 6616): Couldn't load memtrack module (No such file or directory)
E/android.os.Debug( 6616): failed to load memtrack module: -2
D/AndroidRuntime( 6616): Calling main entry com.android.commands.wm.Wm
D/AndroidRuntime( 6616): Shutting down VM
I/art     (  527): Explicit concurrent mark sweep GC freed 5567(216KB) AllocSpace objects, 0(0B) LOS objects, 33% free, 12MB/18MB, paused 1.255ms total 34.654ms
D/AndroidRuntime( 6641): >>>>>> START com.android.internal.os.RuntimeInit uid 0 <<<<<<
D/AndroidRuntime( 6641): CheckJNI is OFF
E/memtrack( 6641): Couldn't load memtrack module (No such file or directory)
E/android.os.Debug( 6641): failed to load memtrack module: -2
D/AndroidRuntime( 6641): Calling main entry com.android.commands.monkey.Monkey
W/BroadcastQueue(  527): Skipping deliver [background] BroadcastRecord{2d32658e u-1 android.net.conn.CONNECTIVITY_CHANGE} to ReceiverList{333ab1af 6641 (unknown name)/0/u-1 remote:10ed5490}: process crashing
I/ActivityManager(  527): START u0 {act=android.intent.action.MAIN cat=[android.intent.category.LAUNCHER] flg=0x10200000 cmp=com.zzl.falcon.internal/com.squareup.leakcanary.internal.DisplayLeakActivity} from uid 0 on display 0
E/EGL_emulation(  502): tid 502: eglCreateSyncKHR(1209): error 0x3004 (EGL_BAD_ATTRIBUTE)
W/art     (  527): Long monitor contention event with owner method=android.graphics.Bitmap com.android.server.wm.WindowManagerService.screenshotApplications(android.os.IBinder, int, int, int, boolean) from WindowManagerService.java:6129 waiters=0 for 344ms
W/art     (  527): Long monitor contention event with owner method=int com.android.server.am.ActivityStackSupervisor.startActivityMayWait(android.app.IApplicationThread, int, java.lang.String, android.content.Intent, java.lang.String, android.service.voice.IVoiceInteractionSession, com.android.internal.app.IVoiceInteractor, android.os.IBinder, java.lang.String, int, int, android.app.ProfilerInfo, android.app.IActivityManager$WaitResult, android.content.res.Configuration, android.os.Bundle, int, android.app.IActivityContainer, com.android.server.am.TaskRecord) from ActivityStackSupervisor.java:857 waiters=0 for 348ms
I/InputDispatcher(  527): Dropping event because there is no touchable window at (651, 821).
W/InputManager(  527): Input event injection from pid 6641 failed.
W/InputManager(  527): Input event injection from pid 6641 failed.
I/InputDispatcher(  527): Dropping event because there is no touchable window at (336, 1179).
W/InputManager(  527): Input event injection from pid 6641 failed.
W/InputManager(  527): Input event injection from pid 6641 failed.
W/EGL_emulation( 4927): eglSurfaceAttrib not implemented
W/OpenGLRenderer( 4927): Failed to set EGL_SWAP_BEHAVIOR on surface 0xf3f62940, error=EGL_SUCCESS
W/ViewRootImpl( 4927): Dropping event due to no window focus: KeyEvent { action=ACTION_DOWN, keyCode=KEYCODE_DPAD_LEFT, scanCode=0, metaState=0, flags=0x8, repeatCount=0, eventTime=9848056, downTime=9848056, deviceId=-1, source=0x101 }
W/ViewRootImpl( 4927): Cancelling event due to no window focus: KeyEvent { action=ACTION_UP, keyCode=KEYCODE_DPAD_LEFT, scanCode=0, metaState=0, flags=0x28, repeatCount=0, eventTime=9848085, downTime=9848085, deviceId=-1, source=0x101 }
W/ViewRootImpl( 4927): Cancelling event due to no window focus: KeyEvent { action=ACTION_UP, keyCode=KEYCODE_DPAD_LEFT, scanCode=0, metaState=0, flags=0x28, repeatCount=0, eventTime=9848085, downTime=9848085, deviceId=-1, source=0x101 }
W/ViewRootImpl( 4927): Cancelling event due to no window focus: KeyEvent { action=ACTION_UP, keyCode=KEYCODE_DPAD_LEFT, scanCode=0, metaState=0, flags=0x28, repeatCount=0, eventTime=9848085, downTime=9848085, deviceId=-1, source=0x101 }
W/ViewRootImpl( 4927): Cancelling event due to no window focus: KeyEvent { action=ACTION_UP, keyCode=KEYCODE_DPAD_LEFT, scanCode=0, metaState=0, flags=0x28, repeatCount=0, eventTime=9848085, downTime=9848085, deviceId=-1, source=0x101 }
W/ViewRootImpl( 4927): Cancelling event due to no window focus: KeyEvent { action=ACTION_UP, keyCode=KEYCODE_DPAD_LEFT, scanCode=0, metaState=0, flags=0x28, repeatCount=0, eventTime=9848085, downTime=9848085, deviceId=-1, source=0x101 }
W/ViewRootImpl( 4927): Cancelling event due to no window focus: KeyEvent { action=ACTION_UP, keyCode=KEYCODE_DPAD_LEFT, scanCode=0, metaState=0, flags=0x28, repeatCount=0, eventTime=9848085, downTime=9848085, deviceId=-1, source=0x101 }
W/ViewRootImpl( 4927): Cancelling event due to no window focus: KeyEvent { action=ACTION_UP, keyCode=KEYCODE_DPAD_LEFT, scanCode=0, metaState=0, flags=0x28, repeatCount=0, eventTime=9848085, downTime=9848085, deviceId=-1, source=0x101 }
W/ViewRootImpl( 4927): Cancelling event due to no window focus: KeyEvent { action=ACTION_UP, keyCode=KEYCODE_DPAD_LEFT, scanCode=0, metaState=0, flags=0x28, repeatCount=0, eventTime=9848085, downTime=9848085, deviceId=-1, source=0x101 }
W/ViewRootImpl( 4927): Cancelling event due to no window focus: KeyEvent { action=ACTION_UP, keyCode=KEYCODE_DPAD_LEFT, scanCode=0, metaState=0, flags=0x28, repeatCount=0, eventTime=9848085, downTime=9848085, deviceId=-1, source=0x101 }
W/ViewRootImpl( 4927): Dropping event due to no window focus: KeyEvent { action=ACTION_DOWN, keyCode=KEYCODE_DPAD_CENTER, scanCode=0, metaState=0, flags=0x8, repeatCount=0, eventTime=9848164, downTime=9848164, deviceId=-1, source=0x101 }
W/ViewRootImpl( 4927): Cancelling event due to no window focus: KeyEvent { action=ACTION_UP, keyCode=KEYCODE_DPAD_CENTER, scanCode=0, metaState=0, flags=0x28, repeatCount=0, eventTime=9848165, downTime=9848165, deviceId=-1, source=0x101 }
W/ViewRootImpl( 4927): Cancelling event due to no window focus: KeyEvent { action=ACTION_UP, keyCode=KEYCODE_DPAD_CENTER, scanCode=0, metaState=0, flags=0x28, repeatCount=0, eventTime=9848165, downTime=9848165, deviceId=-1, source=0x101 }
W/ViewRootImpl( 4927): Cancelling event due to no window focus: KeyEvent { action=ACTION_UP, keyCode=KEYCODE_DPAD_CENTER, scanCode=0, metaState=0, flags=0x28, repeatCount=0, eventTime=9848165, downTime=9848165, deviceId=-1, source=0x101 }
W/ViewRootImpl( 4927): Cancelling event due to no window focus: KeyEvent { action=ACTION_UP, keyCode=KEYCODE_DPAD_CENTER, scanCode=0, metaState=0, flags=0x28, repeatCount=0, eventTime=9848165, downTime=9848165, deviceId=-1, source=0x101 }
W/ViewRootImpl( 4927): Cancelling event due to no window focus: KeyEvent { action=ACTION_UP, keyCode=KEYCODE_DPAD_CENTER, scanCode=0, metaState=0, flags=0x28, repeatCount=0, eventTime=9848165, downTime=9848165, deviceId=-1, source=0x101 }
W/ViewRootImpl( 4927): Cancelling event due to no window focus: KeyEvent { action=ACTION_UP, keyCode=KEYCODE_DPAD_CENTER, scanCode=0, metaState=0, flags=0x28, repeatCount=0, eventTime=9848165, downTime=9848165, deviceId=-1, source=0x101 }
W/ViewRootImpl( 4927): Cancelling event due to no window focus: KeyEvent { action=ACTION_UP, keyCode=KEYCODE_DPAD_CENTER, scanCode=0, metaState=0, flags=0x28, repeatCount=0, eventTime=9848165, downTime=9848165, deviceId=-1, source=0x101 }
W/ViewRootImpl( 4927): Cancelling event due to no window focus: KeyEvent { action=ACTION_UP, keyCode=KEYCODE_DPAD_CENTER, scanCode=0, metaState=0, flags=0x28, repeatCount=0, eventTime=9848165, downTime=9848165, deviceId=-1, source=0x101 }
W/ViewRootImpl( 4927): Cancelling event due to no window focus: KeyEvent { action=ACTION_UP, keyCode=KEYCODE_DPAD_CENTER, scanCode=0, metaState=0, flags=0x28, repeatCount=0, eventTime=9848165, downTime=9848165, deviceId=-1, source=0x101 }
W/ViewRootImpl( 4927): Dropping event due to no window focus: KeyEvent { action=ACTION_DOWN, keyCode=KEYCODE_MENU, scanCode=0, metaState=0, flags=0x8, repeatCount=0, eventTime=9848167, downTime=9848167, deviceId=-1, source=0x101 }
W/ViewRootImpl( 4927): Cancelling event due to no window focus: KeyEvent { action=ACTION_UP, keyCode=KEYCODE_MENU, scanCode=0, metaState=0, flags=0x28, repeatCount=0, eventTime=9848168, downTime=9848168, deviceId=-1, source=0x101 }
W/ViewRootImpl( 4927): Cancelling event due to no window focus: KeyEvent { action=ACTION_UP, keyCode=KEYCODE_MENU, scanCode=0, metaState=0, flags=0x28, repeatCount=0, eventTime=9848168, downTime=9848168, deviceId=-1, source=0x101 }
W/ViewRootImpl( 4927): Cancelling event due to no window focus: KeyEvent { action=ACTION_UP, keyCode=KEYCODE_MENU, scanCode=0, metaState=0, flags=0x28, repeatCount=0, eventTime=9848168, downTime=9848168, deviceId=-1, source=0x101 }
W/ViewRootImpl( 4927): Cancelling event due to no window focus: KeyEvent { action=ACTION_UP, keyCode=KEYCODE_MENU, scanCode=0, metaState=0, flags=0x28, repeatCount=0, eventTime=9848168, downTime=9848168, deviceId=-1, source=0x101 }
W/ViewRootImpl( 4927): Cancelling event due to no window focus: KeyEvent { action=ACTION_UP, keyCode=KEYCODE_MENU, scanCode=0, metaState=0, flags=0x28, repeatCount=0, eventTime=9848168, downTime=9848168, deviceId=-1, source=0x101 }
W/ViewRootImpl( 4927): Cancelling event due to no window focus: KeyEvent { action=ACTION_UP, keyCode=KEYCODE_MENU, scanCode=0, metaState=0, flags=0x28, repeatCount=0, eventTime=9848168, downTime=9848168, deviceId=-1, source=0x101 }
I/AppiumUnicodeIME(  672): onFinishInput
I/AppiumUnicodeIME(  672): onStartInput
I/AppiumUnicodeIME(  672): onKeyDown (keyCode='19', event.keyCode='19', metaState='0')
I/AppiumUnicodeIME(  672): onKeyUp (keyCode='19', event.keyCode='19', metaState='0')
I/AppiumUnicodeIME(  672): onKeyDown (keyCode='19', event.keyCode='19', metaState='0')
I/AppiumUnicodeIME(  672): onKeyUp (keyCode='19', event.keyCode='19', metaState='0')
I/AppiumUnicodeIME(  672): onKeyDown (keyCode='19', event.keyCode='19', metaState='0')
I/AppiumUnicodeIME(  672): onKeyUp (keyCode='19', event.keyCode='19', metaState='0')
I/AppiumUnicodeIME(  672): onKeyDown (keyCode='23', event.keyCode='23', metaState='0')
I/AppiumUnicodeIME(  672): onKeyUp (keyCode='23', event.keyCode='23', metaState='0')
I/AppiumUnicodeIME(  672): onKeyDown (keyCode='23', event.keyCode='23', metaState='0')
I/AppiumUnicodeIME(  672): onKeyUp (keyCode='23', event.keyCode='23', metaState='0')
I/AppiumUnicodeIME(  672): onKeyDown (keyCode='70', event.keyCode='70', metaState='0')
I/AppiumUnicodeIME(  672): onKeyUp (keyCode='70', event.keyCode='70', metaState='0')
I/AppiumUnicodeIME(  672): onKeyDown (keyCode='21', event.keyCode='21', metaState='0')
I/AppiumUnicodeIME(  672): onKeyDown (keyCode='21', event.keyCode='21', metaState='0')
I/AppiumUnicodeIME(  672): onKeyUp (keyCode='21', event.keyCode='21', metaState='0')
I/AppiumUnicodeIME(  672): onKeyDown (keyCode='21', event.keyCode='21', metaState='0')
I/AppiumUnicodeIME(  672): onKeyUp (keyCode='21', event.keyCode='21', metaState='0')
I/AppiumUnicodeIME(  672): onKeyDown (keyCode='21', event.keyCode='21', metaState='0')
I/AppiumUnicodeIME(  672): onKeyUp (keyCode='21', event.keyCode='21', metaState='0')
I/AppiumUnicodeIME(  672): onKeyDown (keyCode='21', event.keyCode='21', metaState='0')
I/AppiumUnicodeIME(  672): onKeyUp (keyCode='21', event.keyCode='21', metaState='0')
I/AppiumUnicodeIME(  672): onKeyDown (keyCode='20', event.keyCode='20', metaState='0')
I/AppiumUnicodeIME(  672): onKeyUp (keyCode='20', event.keyCode='20', metaState='0')
D/ForegroundCallbacks( 4682): went background
I/AppiumUnicodeIME(  672): onKeyDown (keyCode='19', event.keyCode='19', metaState='0')
I/AppiumUnicodeIME(  672): onKeyDown (keyCode='19', event.keyCode='19', metaState='0')
I/AppiumUnicodeIME(  672): onKeyUp (keyCode='19', event.keyCode='19', metaState='0')
I/AppiumUnicodeIME(  672): onKeyDown (keyCode='19', event.keyCode='19', metaState='0')
I/AppiumUnicodeIME(  672): onKeyUp (keyCode='19', event.keyCode='19', metaState='0')
I/AppiumUnicodeIME(  672): onKeyDown (keyCode='19', event.keyCode='19', metaState='0')
I/AppiumUnicodeIME(  672): onKeyUp (keyCode='19', event.keyCode='19', metaState='0')
I/AppiumUnicodeIME(  672): onKeyDown (keyCode='23', event.keyCode='23', metaState='0')
I/AppiumUnicodeIME(  672): onKeyUp (keyCode='23', event.keyCode='23', metaState='0')
I/AppiumUnicodeIME(  672): onKeyDown (keyCode='22', event.keyCode='22', metaState='0')
I/AppiumUnicodeIME(  672): onKeyUp (keyCode='22', event.keyCode='22', metaState='0')
I/ActivityManager(  527): START u0 {act=android.intent.action.MAIN cat=[android.intent.category.LAUNCHER] flg=0x10200000 cmp=com.zzl.falcon.internal/com.squareup.leakcanary.internal.DisplayLeakActivity} from uid 0 on display 0
I/AppiumUnicodeIME(  672): onKeyDown (keyCode='22', event.keyCode='22', metaState='0')
I/AppiumUnicodeIME(  672): onKeyUp (keyCode='22', event.keyCode='22', metaState='0')
I/AppiumUnicodeIME(  672): onKeyDown (keyCode='22', event.keyCode='22', metaState='0')
I/AppiumUnicodeIME(  672): onKeyUp (keyCode='22', event.keyCode='22', metaState='0')
I/AppiumUnicodeIME(  672): onKeyDown (keyCode='20', event.keyCode='20', metaState='0')
I/AppiumUnicodeIME(  672): onKeyUp (keyCode='20', event.keyCode='20', metaState='0')
D/PhoneStatusBar(  636): disable: < expand ICONS* alerts SYSTEM_INFO* back home recent clock search >
I/AppiumUnicodeIME(  672): onKeyDown (keyCode='22', event.keyCode='22', metaState='0')
I/AppiumUnicodeIME(  672): onKeyDown (keyCode='22', event.keyCode='22', metaState='0')
I/AppiumUnicodeIME(  672): onKeyUp (keyCode='22', event.keyCode='22', metaState='0')
I/AppiumUnicodeIME(  672): onKeyDown (keyCode='22', event.keyCode='22', metaState='0')
I/AppiumUnicodeIME(  672): onKeyUp (keyCode='22', event.keyCode='22', metaState='0')
I/AppiumUnicodeIME(  672): onKeyDown (keyCode='22', event.keyCode='22', metaState='0')
I/AppiumUnicodeIME(  672): onKeyUp (keyCode='22', event.keyCode='22', metaState='0')
I/AppiumUnicodeIME(  672): onKeyDown (keyCode='9', event.keyCode='9', metaState='0')
I/AppiumUnicodeIME(  672): onKeyUp (keyCode='9', event.keyCode='9', metaState='0')
I/AppiumUnicodeIME(  672): onKeyDown (keyCode='21', event.keyCode='21', metaState='0')
I/AppiumUnicodeIME(  672): onKeyUp (keyCode='21', event.keyCode='21', metaState='0')
I/AppiumUnicodeIME(  672): onKeyDown (keyCode='21', event.keyCode='21', metaState='0')
I/AppiumUnicodeIME(  672): onKeyUp (keyCode='21', event.keyCode='21', metaState='0')
I/AppiumUnicodeIME(  672): onKeyDown (keyCode='21', event.keyCode='21', metaState='0')
I/AppiumUnicodeIME(  672): onKeyUp (keyCode='21', event.keyCode='21', metaState='0')
I/AppiumUnicodeIME(  672): onKeyDown (keyCode='21', event.keyCode='21', metaState='0')
I/AppiumUnicodeIME(  672): onKeyUp (keyCode='21', event.keyCode='21', metaState='0')
I/AppiumUnicodeIME(  672): onKeyDown (keyCode='21', event.keyCode='21', metaState='0')
I/AppiumUnicodeIME(  672): onKeyDown (keyCode='21', event.keyCode='21', metaState='0')
I/AppiumUnicodeIME(  672): onKeyUp (keyCode='21', event.keyCode='21', metaState='0')
I/AppiumUnicodeIME(  672): onKeyDown (keyCode='21', event.keyCode='21', metaState='0')
I/AppiumUnicodeIME(  672): onKeyUp (keyCode='21', event.keyCode='21', metaState='0')
I/AppiumUnicodeIME(  672): onKeyDown (keyCode='21', event.keyCode='21', metaState='0')
I/AppiumUnicodeIME(  672): onKeyUp (keyCode='21', event.keyCode='21', metaState='0')
I/AppiumUnicodeIME(  672): onKeyDown (keyCode='21', event.keyCode='21', metaState='0')
I/AppiumUnicodeIME(  672): onKeyUp (keyCode='21', event.keyCode='21', metaState='0')
W/EGL_emulation(  636): eglSurfaceAttrib not implemented
W/OpenGLRenderer(  636): Failed to set EGL_SWAP_BEHAVIOR on surface 0xee8c1420, error=EGL_SUCCESS
W/ViewRootImpl(  636): Dropping event due to no window focus: MotionEvent { action=ACTION_MOVE, id[0]=0, x[0]=-3.0, y[0]=-2.0, toolType[0]=TOOL_TYPE_UNKNOWN, buttonState=0, metaState=0, flags=0x0, edgeFlags=0x0, pointerCount=1, historySize=0, eventTime=9848923, downTime=-1, deviceId=0, source=0x10004 }
W/ViewRootImpl(  636): Dropping event due to no window focus: KeyEvent { action=ACTION_DOWN, keyCode=KEYCODE_DPAD_RIGHT, scanCode=0, metaState=0, flags=0x8, repeatCount=0, eventTime=9848925, downTime=9848925, deviceId=-1, source=0x101 }
I/awcn.ComponentCallbacks2( 4682):  onTrimMemory level:20
I/awcn.SessionCenter( 4682): |[seq:[default]] [background]
I/awcn.StrategyCenter( 4682):  saveData
I/awcn.AmdcThreadPoolExecutor( 4682):  thread created! name:AMDC7
I/awcn.SessionCenter( 4682): |[seq:umeng:56aadbf567e58e38d4000976] [background]
I/awcn.StrategyCenter( 4682):  saveData
W/ResourceType(  636): No package identifier when getting value for resource number 0x00000000
W/PackageManager(  636): Failure retrieving resources for com.zzl.falcon.internal: Resource ID #0x0
I/ActivityManager(  527): START u0 {act=android.intent.action.MAIN cat=[android.intent.category.LAUNCHER] flg=0x10200000 cmp=com.zzl.falcon.internal/com.squareup.leakcanary.internal.DisplayLeakActivity} from uid 0 on display 0
I/ActivityManager(  527): START u0 {act=android.intent.action.CALL_BUTTON flg=0x10000000 cmp=com.android.dialer/.DialtactsActivity} from uid 10013 on display 0
W/ViewRootImpl( 4927): Dropping event due to no window focus: KeyEvent { action=ACTION_DOWN, keyCode=KEYCODE_I, scanCode=0, metaState=0, flags=0x8, repeatCount=0, eventTime=9849382, downTime=9849382, deviceId=-1, source=0x101 }
W/ViewRootImpl( 4927): Cancelling event due to no window focus: KeyEvent { action=ACTION_UP, keyCode=KEYCODE_I, scanCode=0, metaState=0, flags=0x28, repeatCount=0, eventTime=9849403, downTime=9849403, deviceId=-1, source=0x101 }
W/ViewRootImpl( 4927): Cancelling event due to no window focus: KeyEvent { action=ACTION_UP, keyCode=KEYCODE_I, scanCode=0, metaState=0, flags=0x28, repeatCount=0, eventTime=9849403, downTime=9849403, deviceId=-1, source=0x101 }
W/ViewRootImpl( 4927): Cancelling event due to no window focus: KeyEvent { action=ACTION_UP, keyCode=KEYCODE_I, scanCode=0, metaState=0, flags=0x28, repeatCount=0, eventTime=9849403, downTime=9849403, deviceId=-1, source=0x101 }
I/AppiumUnicodeIME(  672): onKeyUp (keyCode='37', event.keyCode='37', metaState='0')
W/InputMethodManagerService(  527): Window already focused, ignoring focus gain of: com.android.internal.view.IInputMethodClient$Stub$Proxy@2981649f attribute=null, token = android.os.BinderProxy@8d0254e
I/AppiumUnicodeIME(  672): onKeyDown (keyCode='21', event.keyCode='21', metaState='0')
I/awcn.SerializeHelper( 4682):  persist end. file:/storage/emulated/0/Android/data/com.zzl.falcon.internal/files/awcn_strategy/ef133debedbd6d843d539e5eb14cfdfd cost:7
I/awcn.SerializeHelper( 4682):  persist end. file:/storage/emulated/0/Android/data/com.zzl.falcon.internal/files/awcn_strategy/0c61135c2fdcd71f15ad7297245abe44 cost:4
I/awcn.SerializeHelper( 4682):  persist end. file:/storage/emulated/0/Android/data/com.zzl.falcon.internal/files/awcn_strategy/49c6a36aaea8ee1549c1cd3e07070c79 cost:5
I/AppiumUnicodeIME(  672): onKeyUp (keyCode='21', event.keyCode='21', metaState='0')
I/AppiumUnicodeIME(  672): onKeyDown (keyCode='22', event.keyCode='22', metaState='0')
I/AppiumUnicodeIME(  672): onKeyUp (keyCode='22', event.keyCode='22', metaState='0')
I/AppiumUnicodeIME(  672): onKeyDown (keyCode='19', event.keyCode='19', metaState='0')
I/AppiumUnicodeIME(  672): onKeyUp (keyCode='19', event.keyCode='19', metaState='0')
I/AppiumUnicodeIME(  672): onKeyDown (keyCode='19', event.keyCode='19', metaState='0')
I/AppiumUnicodeIME(  672): onKeyUp (keyCode='19', event.keyCode='19', metaState='0')
I/AppiumUnicodeIME(  672): onKeyDown (keyCode='20', event.keyCode='20', metaState='0')
I/AppiumUnicodeIME(  672): onKeyUp (keyCode='20', event.keyCode='20', metaState='0')
I/AppiumUnicodeIME(  672): onKeyDown (keyCode='21', event.keyCode='21', metaState='0')
I/AppiumUnicodeIME(  672): onKeyUp (keyCode='21', event.keyCode='21', metaState='0')
I/AppiumUnicodeIME(  672): onKeyDown (keyCode='22', event.keyCode='22', metaState='0')
I/AppiumUnicodeIME(  672): onKeyUp (keyCode='22', event.keyCode='22', metaState='0')
I/AppiumUnicodeIME(  672): onKeyDown (keyCode='254', event.keyCode='254', metaState='0')
I/AppiumUnicodeIME(  672): onKeyUp (keyCode='254', event.keyCode='254', metaState='0')
I/AppiumUnicodeIME(  672): onKeyDown (keyCode='23', event.keyCode='23', metaState='0')
I/AppiumUnicodeIME(  672): onKeyUp (keyCode='23', event.keyCode='23', metaState='0')
I/AppiumUnicodeIME(  672): onKeyDown (keyCode='19', event.keyCode='19', metaState='0')
I/AppiumUnicodeIME(  672): onKeyUp (keyCode='19', event.keyCode='19', metaState='0')
I/AppiumUnicodeIME(  672): onKeyDown (keyCode='19', event.keyCode='19', metaState='0')
I/AppiumUnicodeIME(  672): onKeyUp (keyCode='19', event.keyCode='19', metaState='0')
I/AppiumUnicodeIME(  672): onKeyDown (keyCode='19', event.keyCode='19', metaState='0')
I/AppiumUnicodeIME(  672): onKeyUp (keyCode='19', event.keyCode='19', metaState='0')
I/AppiumUnicodeIME(  672): onKeyDown (keyCode='19', event.keyCode='19', metaState='0')
I/AppiumUnicodeIME(  672): onKeyUp (keyCode='19', event.keyCode='19', metaState='0')
I/AppiumUnicodeIME(  672): onKeyDown (keyCode='19', event.keyCode='19', metaState='0')
I/AppiumUnicodeIME(  672): onKeyDown (keyCode='19', event.keyCode='19', metaState='0')
I/AppiumUnicodeIME(  672): onKeyUp (keyCode='19', event.keyCode='19', metaState='0')
I/AppiumUnicodeIME(  672): onKeyDown (keyCode='19', event.keyCode='19', metaState='0')
I/AppiumUnicodeIME(  672): onKeyUp (keyCode='19', event.keyCode='19', metaState='0')
