W/ViewRootImpl( 4927): Cancelling event due to no window focus: KeyEvent { action=ACTION_UP, keyCode=KEYCODE_DPAD_CENTER, scanCode=0, metaState=0, flags=0x28, repeatCount=0, eventTime=9015070, downTime=9015070, deviceId=-1, source=0x101 }
W/ViewRootImpl( 4927): Cancelling event due to no window focus: KeyEvent { action=ACTION_UP, keyCode=KEYCODE_DPAD_CENTER, scanCode=0, metaState=0, flags=0x28, repeatCount=0, eventTime=9015070, downTime=9015070, deviceId=-1, source=0x101 }
W/ViewRootImpl( 4927): Cancelling event due to no window focus: KeyEvent { action=ACTION_UP, keyCode=KEYCODE_DPAD_CENTER, scanCode=0, metaState=0, flags=0x28, repeatCount=0, eventTime=9015070, downTime=9015070, deviceId=-1, source=0x101 }
W/ViewRootImpl( 4927): Cancelling event due to no window focus: KeyEvent { action=ACTION_UP, keyCode=KEYCODE_DPAD_CENTER, scanCode=0, metaState=0, flags=0x28, repeatCount=0, eventTime=9015070, downTime=9015070, deviceId=-1, source=0x101 }
W/ViewRootImpl( 4927): Cancelling event due to no window focus: KeyEvent { action=ACTION_UP, keyCode=KEYCODE_DPAD_CENTER, scanCode=0, metaState=0, flags=0x28, repeatCount=0, eventTime=9015070, downTime=9015070, deviceId=-1, source=0x101 }
W/ViewRootImpl( 4927): Cancelling event due to no window focus: KeyEvent { action=ACTION_UP, keyCode=KEYCODE_DPAD_CENTER, scanCode=0, metaState=0, flags=0x28, repeatCount=0, eventTime=9015070, downTime=9015070, deviceId=-1, source=0x101 }
W/ViewRootImpl( 4927): Dropping event due to no window focus: KeyEvent { action=ACTION_DOWN, keyCode=KEYCODE_DPAD_LEFT, scanCode=0, metaState=0, flags=0x8, repeatCount=0, eventTime=9015154, downTime=9015154, deviceId=-1, source=0x101 }
W/ViewRootImpl( 4927): Cancelling event due to no window focus: KeyEvent { action=ACTION_UP, keyCode=KEYCODE_DPAD_LEFT, scanCode=0, metaState=0, flags=0x28, repeatCount=0, eventTime=9015155, downTime=9015155, deviceId=-1, source=0x101 }
W/ViewRootImpl( 4927): Cancelling event due to no window focus: KeyEvent { action=ACTION_UP, keyCode=KEYCODE_DPAD_LEFT, scanCode=0, metaState=0, flags=0x28, repeatCount=0, eventTime=9015155, downTime=9015155, deviceId=-1, source=0x101 }
W/ViewRootImpl( 4927): Cancelling event due to no window focus: KeyEvent { action=ACTION_UP, keyCode=KEYCODE_DPAD_LEFT, scanCode=0, metaState=0, flags=0x28, repeatCount=0, eventTime=9015155, downTime=9015155, deviceId=-1, source=0x101 }
W/ViewRootImpl( 4927): Cancelling event due to no window focus: KeyEvent { action=ACTION_UP, keyCode=KEYCODE_DPAD_LEFT, scanCode=0, metaState=0, flags=0x28, repeatCount=0, eventTime=9015155, downTime=9015155, deviceId=-1, source=0x101 }
W/ViewRootImpl( 4927): Cancelling event due to no window focus: KeyEvent { action=ACTION_UP, keyCode=KEYCODE_DPAD_LEFT, scanCode=0, metaState=0, flags=0x28, repeatCount=0, eventTime=9015155, downTime=9015155, deviceId=-1, source=0x101 }
W/ViewRootImpl( 4927): Cancelling event due to no window focus: KeyEvent { action=ACTION_UP, keyCode=KEYCODE_DPAD_LEFT, scanCode=0, metaState=0, flags=0x28, repeatCount=0, eventTime=9015155, downTime=9015155, deviceId=-1, source=0x101 }
W/ViewRootImpl( 4927): Cancelling event due to no window focus: KeyEvent { action=ACTION_UP, keyCode=KEYCODE_DPAD_LEFT, scanCode=0, metaState=0, flags=0x28, repeatCount=0, eventTime=9015155, downTime=9015155, deviceId=-1, source=0x101 }
W/ViewRootImpl( 4927): Cancelling event due to no window focus: KeyEvent { action=ACTION_UP, keyCode=KEYCODE_DPAD_LEFT, scanCode=0, metaState=0, flags=0x28, repeatCount=0, eventTime=9015155, downTime=9015155, deviceId=-1, source=0x101 }
W/ViewRootImpl( 4927): Cancelling event due to no window focus: KeyEvent { action=ACTION_UP, keyCode=KEYCODE_DPAD_LEFT, scanCode=0, metaState=0, flags=0x28, repeatCount=0, eventTime=9015155, downTime=9015155, deviceId=-1, source=0x101 }
W/InputMethodManagerService(  527): Starting input on non-focused client com.android.internal.view.IInputMethodClient$Stub$Proxy@6c79026 (uid=10068 pid=4682)
W/BackupManagerService(  527): dataChanged but no participant pkg='com.android.providers.settings' uid=10013
D/ZenLog  (  527): set_zen_mode: no_interruptions,setting
D/ZenLog  (  527): update_zen_mode: off -> no_interruptions
D/ZenLog  (  527): set_ringer_mode_internal: ZenModeHelper,i:normal->silent,e:normal->silent
W/BackupManagerService(  527): dataChanged but no participant pkg='com.android.providers.settings' uid=10013
D/ZenLog  (  527): set_zen_mode: important_interruptions,setting
D/ZenLog  (  527): update_zen_mode: no_interruptions -> important_interruptions
D/ZenLog  (  527): set_ringer_mode_internal: ZenModeHelper,i:silent->normal,e:silent->silent
I/ActivityManager(  527): START u0 {act=android.intent.action.MAIN cat=[android.intent.category.LAUNCHER] flg=0x10200000 cmp=com.zzl.falcon.internal/com.squareup.leakcanary.internal.DisplayLeakActivity} from uid 0 on display 0
W/ViewRootImpl(  636): Cancelling event due to no window focus: KeyEvent { action=ACTION_UP, keyCode=KEYCODE_DPAD_LEFT, scanCode=0, metaState=0, flags=0x28, repeatCount=0, eventTime=9016682, downTime=9016682, deviceId=-1, source=0x101 }
W/ViewRootImpl(  636): Cancelling event due to no window focus: KeyEvent { action=ACTION_UP, keyCode=KEYCODE_DPAD_LEFT, scanCode=0, metaState=0, flags=0x28, repeatCount=0, eventTime=9016682, downTime=9016682, deviceId=-1, source=0x101 }
W/ViewRootImpl(  636): Cancelling event due to no window focus: KeyEvent { action=ACTION_UP, keyCode=KEYCODE_DPAD_LEFT, scanCode=0, metaState=0, flags=0x28, repeatCount=0, eventTime=9016682, downTime=9016682, deviceId=-1, source=0x101 }
W/ViewRootImpl(  636): Cancelling event due to no window focus: KeyEvent { action=ACTION_UP, keyCode=KEYCODE_DPAD_LEFT, scanCode=0, metaState=0, flags=0x28, repeatCount=0, eventTime=9016682, downTime=9016682, deviceId=-1, source=0x101 }
W/ViewRootImpl(  636): Cancelling event due to no window focus: KeyEvent { action=ACTION_UP, keyCode=KEYCODE_DPAD_LEFT, scanCode=0, metaState=0, flags=0x28, repeatCount=0, eventTime=9016682, downTime=9016682, deviceId=-1, source=0x101 }
W/ViewRootImpl(  636): Cancelling event due to no window focus: KeyEvent { action=ACTION_UP, keyCode=KEYCODE_DPAD_LEFT, scanCode=0, metaState=0, flags=0x28, repeatCount=0, eventTime=9016682, downTime=9016682, deviceId=-1, source=0x101 }
W/ViewRootImpl(  636): Cancelling event due to no window focus: KeyEvent { action=ACTION_UP, keyCode=KEYCODE_DPAD_LEFT, scanCode=0, metaState=0, flags=0x28, repeatCount=0, eventTime=9016682, downTime=9016682, deviceId=-1, source=0x101 }
W/ViewRootImpl(  636): Cancelling event due to no window focus: KeyEvent { action=ACTION_UP, keyCode=KEYCODE_DPAD_LEFT, scanCode=0, metaState=0, flags=0x28, repeatCount=0, eventTime=9016682, downTime=9016682, deviceId=-1, source=0x101 }
W/ViewRootImpl(  636): Cancelling event due to no window focus: KeyEvent { action=ACTION_UP, keyCode=KEYCODE_DPAD_LEFT, scanCode=0, metaState=0, flags=0x28, repeatCount=0, eventTime=9016682, downTime=9016682, deviceId=-1, source=0x101 }
I/ActivityManager(  527): START u0 {act=android.intent.action.MAIN cat=[android.intent.category.LAUNCHER] flg=0x10000000 cmp=com.android.browser/.BrowserActivity sel=act=android.intent.action.MAIN cat=[android.intent.category.APP_BROWSER]}} from uid 1000 on display 0
W/BackupManagerService(  527): dataChanged but no participant pkg='com.android.providers.settings' uid=10013
W/BackupManagerService(  527): dataChanged but no participant pkg='com.android.providers.settings' uid=10013
W/BackupManagerService(  527): dataChanged but no participant pkg='com.android.providers.settings' uid=10013
D/MccTable(  741): updateMccMncConfiguration mccmnc='310260' fromServiceState=true
D/MccTable(  741): updateMccMncConfiguration defaultMccMnc=310270
D/MccTable(  741): updateMccMncConfiguration: mcc=310, mnc=260
D/MccTable(  741): defaultLanguageForMcc(310): country us uses en
D/MccTable(  741): getLocaleFromMcc to en_us mcc=310
D/MccTable(  741): getLocaleForLanguageCountry: skipping already persisted
D/MccTable(  741): WIFI_COUNTRY_CODE set to us
I/WifiService(  527): WifiService trying to set country code to us with persist set to true
I/ActivityManager(  527): START u0 {act=android.intent.action.CALL_BUTTON flg=0x10000000 cmp=com.android.dialer/.DialtactsActivity} from uid 10013 on display 0
D/ConnectivityService(  527): registerNetworkAgent NetworkAgentInfo{ ni{[type: WIFI[], state: CONNECTING/CONNECTING, reason: (unspecified), extra: 0x, roaming: false, failover: false, isAvailable: true, isConnectedToProvisioningNetwork: false]}  network{null}  lp{{InterfaceName: eth1 LinkAddresses: []  Routes: [] DnsAddresses: [] Domains: null MTU: 0 TcpBufferSizes: 524288,1048576,2097152,262144,524288,1048576}}  nc{[ Transports: WIFI Capabilities: INTERNET&NOT_RESTRICTED&TRUSTED&NOT_VPN LinkUpBandwidth>=1048576Kbps LinkDnBandwidth>=1048576Kbps]}  Score{20}  everValidated{false}  lastValidated{false}  created{false}  explicitlySelected{false} }
D/ConnectivityService(  527): NetworkAgentInfo [WIFI () - 106] EVENT_NETWORK_INFO_CHANGED, going from null to CONNECTING
W/InputMethodManagerService(  527): Window already focused, ignoring focus gain of: com.android.internal.view.IInputMethodClient$Stub$Proxy@3c84a155 attribute=null, token = android.os.BinderProxy@8d0254e
D/ConnectivityService(  527): updateNetworkScore for NetworkAgentInfo [WIFI () - 106] to 56
W/BackupManagerService(  527): dataChanged but no participant pkg='com.android.providers.settings' uid=10013
D/TaskPersister(  527): removeObsoleteFile: deleting file=46_task.xml
D/TaskPersister(  527): removeObsoleteFile: deleting file=46_task_thumbnail.png
D/MccTable(  741): updateMccMncConfiguration mccmnc='310270' fromServiceState=false
D/MccTable(  741): updateMccMncConfiguration defaultMccMnc=310270
D/MccTable(  741): updateMccMncConfiguration: mcc=310, mnc=270
D/MccTable(  741): defaultLanguageForMcc(310): country us uses en
D/MccTable(  741): getLocaleFromMcc to en_us mcc=310
D/MccTable(  741): getLocaleForLanguageCountry: skipping already persisted
D/MccTable(  741): updateMccMncConfiguration updateConfig config={1.0 310mcc270mnc ?locale ?layoutDir ?swdp ?wdp ?hdp ?density ?lsize ?long ?orien ?uimode ?night ?touch ?keyb/?/? ?nav/?}
D/MccTable(  741): updateMccMncConfiguration mccmnc='310270' fromServiceState=false
D/MccTable(  741): updateMccMncConfiguration defaultMccMnc=310270
D/MccTable(  741): updateMccMncConfiguration: mcc=310, mnc=270
D/MccTable(  741): defaultLanguageForMcc(310): country us uses en
D/MccTable(  741): getLocaleFromMcc to en_us mcc=310
D/MccTable(  741): getLocaleForLanguageCountry: skipping already persisted
D/MccTable(  741): updateMccMncConfiguration updateConfig config={1.0 310mcc270mnc ?locale ?layoutDir ?swdp ?wdp ?hdp ?density ?lsize ?long ?orien ?uimode ?night ?touch ?keyb/?/? ?nav/?}
I/ActivityManager(  527): START u0 {act=android.settings.SETTINGS flg=0x14000000 cmp=com.android.settings/.Settings} from uid 10013 on display 0
I/ActivityManager(  527): START u0 {act=android.intent.action.MAIN cat=[android.intent.category.HOME] flg=0x10200000 cmp=com.android.launcher3/.Launcher} from uid 1000 on display 0
D/ConnectivityService(  527): NetworkAgentInfo [WIFI () - 106] EVENT_NETWORK_INFO_CHANGED, going from CONNECTING to CONNECTED
D/ConnectivityService(  527): Adding iface eth1 to network 106
E/ConnectivityService(  527): Unexpected mtu value: 0, eth1
D/ConnectivityService(  527): Adding Route [fe80::/64 -> :: eth1] to network 106
D/ConnectivityService(  527): Adding Route [10.0.3.0/24 -> 0.0.0.0 eth1] to network 106
D/ConnectivityService(  527): Adding Route [0.0.0.0/0 -> 10.0.3.2 eth1] to network 106
D/ConnectivityService(  527): Setting Dns servers for network 106 to [/172.16.10.220, /202.96.209.5]
D/ConnectivityService(  527): notifyType IP_CHANGED for NetworkAgentInfo [WIFI () - 106]
D/ConnectivityService(  527): notifyType PRECHECK for NetworkAgentInfo [WIFI () - 106]
D/ConnectivityService(  527): rematching NetworkAgentInfo [WIFI () - 106]
D/ConnectivityService(  527):    accepting network in place of null
D/ConnectivityService(  527): Switching to new default network: NetworkAgentInfo{ ni{[type: WIFI[], state: CONNECTED/CONNECTED, reason: (unspecified), extra: "WiredSSID", roaming: false, failover: false, isAvailable: true, isConnectedToProvisioningNetwork: false]}  network{106}  lp{{InterfaceName: eth1 LinkAddresses: [fe80::a00:27ff:fe16:647c/64,10.0.3.15/24,]  Routes: [fe80::/64 -> :: eth1,10.0.3.0/24 -> 0.0.0.0 eth1,0.0.0.0/0 -> 10.0.3.2 eth1,] DnsAddresses: [172.16.10.220,202.96.209.5,] Domains: zzl MTU: 0 TcpBufferSizes: 524288,1048576,2097152,262144,524288,1048576}}  nc{[ Transports: WIFI Capabilities: INTERNET&NOT_RESTRICTED&TRUSTED&NOT_VPN LinkUpBandwidth>=1048576Kbps LinkDnBandwidth>=1048576Kbps]}  Score{16}  everValidated{false}  lastValidated{false}  created{true}  explicitlySelected{false} }
D/ConnectivityService(  527): notifyType AVAILABLE for NetworkAgentInfo [WIFI () - 106]
D/CSLegacyTypeTracker(  527): Sending connected broadcast for type 1 NetworkAgentInfo [WIFI () - 106] isDefaultNetwork=true
D/ConnectivityService(  527): sendStickyBroadcast: action=android.net.conn.CONNECTIVITY_CHANGE_IMMEDIATE
D/ConnectivityService(  527): sendStickyBroadcast: action=android.net.conn.CONNECTIVITY_CHANGE
W/BroadcastQueue(  527): Skipping deliver [background] BroadcastRecord{419f036 u-1 android.net.conn.CONNECTIVITY_CHANGE} to ReceiverList{f27a6d9 6025 (unknown name)/0/u-1 remote:19adf952}: process crashing
D/MccTable(  741): updateMccMncConfiguration mccmnc='310270' fromServiceState=false
D/MccTable(  741): updateMccMncConfiguration defaultMccMnc=310270
D/MccTable(  741): updateMccMncConfiguration: mcc=310, mnc=270
D/MccTable(  741): defaultLanguageForMcc(310): country us uses en
D/MccTable(  741): getLocaleFromMcc to en_us mcc=310
D/MccTable(  741): getLocaleForLanguageCountry: skipping already persisted
D/MccTable(  741): updateMccMncConfiguration updateConfig config={1.0 310mcc270mnc ?locale ?layoutDir ?swdp ?wdp ?hdp ?density ?lsize ?long ?orien ?uimode ?night ?touch ?keyb/?/? ?nav/?}
D/MccTable(  741): updateMccMncConfiguration mccmnc='310270' fromServiceState=false
D/MccTable(  741): updateMccMncConfiguration defaultMccMnc=310270
D/MccTable(  741): updateMccMncConfiguration: mcc=310, mnc=270
D/MccTable(  741): defaultLanguageForMcc(310): country us uses en
D/MccTable(  741): getLocaleFromMcc to en_us mcc=310
D/MccTable(  741): getLocaleForLanguageCountry: skipping already persisted
D/MccTable(  741): updateMccMncConfiguration updateConfig config={1.0 310mcc270mnc ?locale ?layoutDir ?swdp ?wdp ?hdp ?density ?lsize ?long ?orien ?uimode ?night ?touch ?keyb/?/? ?nav/?}
D/ConnectivityService(  527): updateNetworkScore for NetworkAgentInfo [WIFI () - 106] to 60
D/ConnectivityService(  527): rematching NetworkAgentInfo [WIFI () - 106]
D/ConnectivityService(  527): Network NetworkAgentInfo [WIFI () - 106] was already satisfying request 1. No change.
D/ConnectivityService(  527): notifyType AVAILABLE for NetworkAgentInfo [WIFI () - 106]
D/Genyd   (  116): Received Set Clipboard
D/Genymotion(  116): Received Set Clipboard
D/ConnectivityService(  527): setProvNotificationVisibleIntent: E visible=false networkType=0 extraInfo=null
D/Genyd   (  116): Received Set Clipboard
D/Genymotion(  116): Received Set Clipboard
W/BroadcastQueue(  527): Skipping deliver [background] BroadcastRecord{77c6840 u-1 android.net.conn.CONNECTIVITY_CHANGE} to ReceiverList{393c1379 6252 (unknown name)/0/u-1 remote:8533772}: process crashing
I/ActivityManager(  527): START u0 {act=android.intent.action.MAIN cat=[android.intent.category.LAUNCHER] flg=0x10200000 cmp=com.zzl.falcon.internal/com.zzl.falcon.EntranceActivity} from uid 0 on display 0
W/ViewRootImpl( 4927): Dropping event due to no window focus: MotionEvent { action=ACTION_MOVE, id[0]=0, x[0]=1.0, y[0]=1.0, toolType[0]=TOOL_TYPE_UNKNOWN, buttonState=0, metaState=0, flags=0x0, edgeFlags=0x0, pointerCount=1, historySize=6, eventTime=9150404, downTime=-1, deviceId=0, source=0x10004 }
W/ViewRootImpl( 4682): Dropping event due to no window focus: MotionEvent { action=ACTION_MOVE, id[0]=0, x[0]=2.0, y[0]=0.0, toolType[0]=TOOL_TYPE_UNKNOWN, buttonState=0, metaState=0, flags=0x0, edgeFlags=0x0, pointerCount=1, historySize=2, eventTime=9150443, downTime=-1, deviceId=0, source=0x10004 }
W/ViewRootImpl( 4682): Dropping event due to no window focus: KeyEvent { action=ACTION_DOWN, keyCode=KEYCODE_DPAD_RIGHT, scanCode=0, metaState=0, flags=0x8, repeatCount=0, eventTime=9150443, downTime=9150443, deviceId=-1, source=0x101 }
D/WifiService(  527): setWifiEnabled: false pid=636, uid=10013
E/WifiService(  527): Invoking mWifiStateMachine.setWifiEnabled
D/ConnectivityService(  527): NetworkAgentInfo [WIFI () - 106] EVENT_NETWORK_INFO_CHANGED, going from CONNECTED to DISCONNECTED
D/ConnectivityService(  527): NetworkAgentInfo [WIFI () - 106] got DISCONNECTED, was satisfying 2
D/ConnectivityService(  527): notifyType LOST for NetworkAgentInfo [WIFI () - 106]
D/CSLegacyTypeTracker(  527): Sending disconnected broadcast for type 1 NetworkAgentInfo [WIFI () - 106] isDefaultNetwork=true
D/ConnectivityService(  527): sendStickyBroadcast: action=android.net.conn.CONNECTIVITY_CHANGE_IMMEDIATE
D/ConnectivityService(  527): sendStickyBroadcast: action=android.net.conn.CONNECTIVITY_CHANGE
D/ConnectivityService(  527): sendStickyBroadcast: action=android.net.conn.CONNECTIVITY_CHANGE_IMMEDIATE
D/ConnectivityService(  527): sendStickyBroadcast: action=android.net.conn.CONNECTIVITY_CHANGE
W/BroadcastQueue(  527): Skipping deliver [background] BroadcastRecord{2236ff58 u-1 android.net.conn.CONNECTIVITY_CHANGE} to ReceiverList{393c1379 6252 (unknown name)/0/u-1 remote:8533772}: process crashing
D/ConnectivityService(  527): Checking for replacement network to handle request NetworkRequest [ id=1, legacyType=-1, [ Capabilities: INTERNET&NOT_RESTRICTED&TRUSTED&NOT_VPN] ]
W/BroadcastQueue(  527): Skipping deliver [background] BroadcastRecord{2947b8b1 u-1 android.net.conn.CONNECTIVITY_CHANGE} to ReceiverList{393c1379 6252 (unknown name)/0/u-1 remote:8533772}: process crashing
--------- beginning of main
D/awcn.AccsSessionManager( 4682): |[seq:umeng:56aadbf567e58e38d4000976] network is not available, not need check accs session, return network:false
I/awcn.BandWidthSampler( 4682):  [startNetworkMeter] NetworkStatus:NO
D/awcn.SessionRequest( 4682): |[seq:umeng:56aadbf567e58e38d4000976.AWCN3_1] Session:Session@[umeng:56aadbf567e58e38d4000976.AWCN3_1|http2_0rtt_acs] EventType:DISCONNECTED Event:anet.channel.entity.c@2a694981
D/awcn.SessionRequest( 4682): |[seq:umeng:56aadbf567e58e38d4000976.AWCN3_1] Connect Disconnect session:Session@[umeng:56aadbf567e58e38d4000976.AWCN3_1|http2_0rtt_acs] host:https://umengacs.m.taobao.com appIsBg:false isHandleFinish:false
I/accs.MsgDistributeService( 4682):  onStartCommand action:com.taobao.accs.intent.action.RECEIVE
I/AppiumUnicodeIME(  672): onKeyDown (keyCode='20', event.keyCode='20', metaState='0')
E/awcn.SessionRequest( 4682): |[seq:umeng:56aadbf567e58e38d4000976.AWCN3_1] [onDisConnect]no network, don't Recreate session:Session@[umeng:56aadbf567e58e38d4000976.AWCN3_1|http2_0rtt_acs]
D/accs.MsgDistribute( 4682):  action:com.taobao.accs.intent.action.RECEIVE
I/accs.MsgDistribute( 4682):  distribute command::103  serviceId::  dataId:: appkey: config:
I/AppiumUnicodeIME(  672): onKeyUp (keyCode='20', event.keyCode='20', metaState='0')
I/AppiumUnicodeIME(  672): onKeyDown (keyCode='19', event.keyCode='19', metaState='0')
I/AppiumUnicodeIME(  672): onKeyUp (keyCode='19', event.keyCode='19', metaState='0')
I/AppiumUnicodeIME(  672): onKeyDown (keyCode='21', event.keyCode='21', metaState='0')
I/AppiumUnicodeIME(  672): onKeyDown (keyCode='21', event.keyCode='21', metaState='0')
I/AppiumUnicodeIME(  672): onKeyUp (keyCode='21', event.keyCode='21', metaState='0')
I/AppiumUnicodeIME(  672): onKeyDown (keyCode='21', event.keyCode='21', metaState='0')
I/AppiumUnicodeIME(  672): onKeyUp (keyCode='21', event.keyCode='21', metaState='0')
I/AppiumUnicodeIME(  672): onKeyDown (keyCode='21', event.keyCode='21', metaState='0')
I/AppiumUnicodeIME(  672): onKeyUp (keyCode='21', event.keyCode='21', metaState='0')
I/AppiumUnicodeIME(  672): onKeyDown (keyCode='21', event.keyCode='21', metaState='0')
I/AppiumUnicodeIME(  672): onKeyUp (keyCode='21', event.keyCode='21', metaState='0')
W/UnimplementedWebViewApi( 4682): Unimplemented WebView method onKeyMultiple called from: android.webkit.WebView.onKeyMultiple(WebView.java:2320)
W/UnimplementedWebViewApi( 4682): Unimplemented WebView method onKeyDown called from: android.webkit.WebView.onKeyDown(WebView.java:2310)
I/AppiumUnicodeIME(  672): onKeyDown (keyCode='20', event.keyCode='20', metaState='0')
I/AppiumUnicodeIME(  672): onKeyDown (keyCode='20', event.keyCode='20', metaState='0')
I/AppiumUnicodeIME(  672): onKeyUp (keyCode='20', event.keyCode='20', metaState='0')
I/AppiumUnicodeIME(  672): onKeyDown (keyCode='20', event.keyCode='20', metaState='0')
I/AppiumUnicodeIME(  672): onKeyUp (keyCode='20', event.keyCode='20', metaState='0')
I/AppiumUnicodeIME(  672): onKeyDown (keyCode='20', event.keyCode='20', metaState='0')
I/AppiumUnicodeIME(  672): onKeyUp (keyCode='20', event.keyCode='20', metaState='0')
I/AppiumUnicodeIME(  672): onKeyDown (keyCode='82', event.keyCode='82', metaState='0')
W/UnimplementedWebViewApi( 4682): Unimplemented WebView method onKeyMultiple called from: android.webkit.WebView.onKeyMultiple(WebView.java:2320)
W/UnimplementedWebViewApi( 4682): Unimplemented WebView method onKeyDown called from: android.webkit.WebView.onKeyDown(WebView.java:2310)
W/UnimplementedWebViewApi( 4682): Unimplemented WebView method onKeyDown called from: android.webkit.WebView.onKeyDown(WebView.java:2310)
I/AppiumUnicodeIME(  672): onKeyUp (keyCode='82', event.keyCode='82', metaState='0')
W/AudioTrack(  527): AUDIO_OUTPUT_FLAG_FAST denied by client
I/art     (  527): Explicit concurrent mark sweep GC freed 15002(686KB) AllocSpace objects, 0(0B) LOS objects, 33% free, 12MB/18MB, paused 552us total 31.028ms
I/AppiumUnicodeIME(  672): onKeyDown (keyCode='19', event.keyCode='19', metaState='0')
I/AppiumUnicodeIME(  672): onKeyDown (keyCode='19', event.keyCode='19', metaState='0')
I/AppiumUnicodeIME(  672): onKeyUp (keyCode='19', event.keyCode='19', metaState='0')
I/AppiumUnicodeIME(  672): onKeyDown (keyCode='19', event.keyCode='19', metaState='0')
I/AppiumUnicodeIME(  672): onKeyUp (keyCode='19', event.keyCode='19', metaState='0')
I/AppiumUnicodeIME(  672): onKeyDown (keyCode='19', event.keyCode='19', metaState='0')
I/AppiumUnicodeIME(  672): onKeyUp (keyCode='19', event.keyCode='19', metaState='0')
I/AppiumUnicodeIME(  672): onKeyDown (keyCode='19', event.keyCode='19', metaState='0')
I/AppiumUnicodeIME(  672): onKeyUp (keyCode='19', event.keyCode='19', metaState='0')
W/UnimplementedWebViewApi( 4682): Unimplemented WebView method onKeyMultiple called from: android.webkit.WebView.onKeyMultiple(WebView.java:2320)
W/UnimplementedWebViewApi( 4682): Unimplemented WebView method onKeyDown called from: android.webkit.WebView.onKeyDown(WebView.java:2310)
I/AppiumUnicodeIME(  672): onKeyDown (keyCode='19', event.keyCode='19', metaState='0')
I/AppiumUnicodeIME(  672): onKeyDown (keyCode='19', event.keyCode='19', metaState='0')
I/AppiumUnicodeIME(  672): onKeyUp (keyCode='19', event.keyCode='19', metaState='0')
I/AppiumUnicodeIME(  672): onKeyDown (keyCode='82', event.keyCode='82', metaState='0')
W/UnimplementedWebViewApi( 4682): Unimplemented WebView method onKeyMultiple called from: android.webkit.WebView.onKeyMultiple(WebView.java:2320)
W/UnimplementedWebViewApi( 4682): Unimplemented WebView method onKeyDown called from: android.webkit.WebView.onKeyDown(WebView.java:2310)
W/UnimplementedWebViewApi( 4682): Unimplemented WebView method onKeyDown called from: android.webkit.WebView.onKeyDown(WebView.java:2310)
I/AppiumUnicodeIME(  672): onKeyUp (keyCode='82', event.keyCode='82', metaState='0')
V/WindowManager(  527): Adding window Window{249c249c u0 SubPanel:com.zzl.falcon.internal/com.zzl.falcon.WebViewActivity} at 7 of 12 (after Window{2bc5acbb u0 com.zzl.falcon.internal/com.zzl.falcon.WebViewActivity})
W/ViewRootImpl( 4682): Dropping event due to no window focus: KeyEvent { action=ACTION_DOWN, keyCode=KEYCODE_MENU, scanCode=0, metaState=0, flags=0x8, repeatCount=0, eventTime=9153160, downTime=9153160, deviceId=-1, source=0x101 }
W/AudioTrack(  527): AUDIO_OUTPUT_FLAG_FAST denied by client
W/ViewRootImpl( 4682): Cancelling event due to no window focus: KeyEvent { action=ACTION_UP, keyCode=KEYCODE_MENU, scanCode=0, metaState=0, flags=0x28, repeatCount=0, eventTime=9153292, downTime=9153292, deviceId=-1, source=0x101 }
W/ViewRootImpl( 4682): Cancelling event due to no window focus: KeyEvent { action=ACTION_UP, keyCode=KEYCODE_MENU, scanCode=0, metaState=0, flags=0x28, repeatCount=0, eventTime=9153292, downTime=9153292, deviceId=-1, source=0x101 }
W/ViewRootImpl( 4682): Cancelling event due to no window focus: KeyEvent { action=ACTION_UP, keyCode=KEYCODE_MENU, scanCode=0, metaState=0, flags=0x28, repeatCount=0, eventTime=9153292, downTime=9153292, deviceId=-1, source=0x101 }
W/ViewRootImpl( 4682): Cancelling event due to no window focus: KeyEvent { action=ACTION_UP, keyCode=KEYCODE_MENU, scanCode=0, metaState=0, flags=0x28, repeatCount=0, eventTime=9153292, downTime=9153292, deviceId=-1, source=0x101 }
W/ViewRootImpl( 4682): Cancelling event due to no window focus: KeyEvent { action=ACTION_UP, keyCode=KEYCODE_MENU, scanCode=0, metaState=0, flags=0x28, repeatCount=0, eventTime=9153292, downTime=9153292, deviceId=-1, source=0x101 }
W/ViewRootImpl( 4682): Cancelling event due to no window focus: KeyEvent { action=ACTION_UP, keyCode=KEYCODE_MENU, scanCode=0, metaState=0, flags=0x28, repeatCount=0, eventTime=9153292, downTime=9153292, deviceId=-1, source=0x101 }
W/ViewRootImpl( 4682): Dropping event due to no window focus: KeyEvent { action=ACTION_DOWN, keyCode=KEYCODE_DPAD_CENTER, scanCode=0, metaState=0, flags=0x8, repeatCount=0, eventTime=9153292, downTime=9153292, deviceId=-1, source=0x101 }
W/AudioTrack(  527): AUDIO_OUTPUT_FLAG_FAST denied by client
W/ViewRootImpl( 4682): Cancelling event due to no window focus: KeyEvent { action=ACTION_UP, keyCode=KEYCODE_DPAD_CENTER, scanCode=0, metaState=0, flags=0x28, repeatCount=0, eventTime=9153353, downTime=9153353, deviceId=-1, source=0x101 }
W/ViewRootImpl( 4682): Cancelling event due to no window focus: KeyEvent { action=ACTION_UP, keyCode=KEYCODE_DPAD_CENTER, scanCode=0, metaState=0, flags=0x28, repeatCount=0, eventTime=9153353, downTime=9153353, deviceId=-1, source=0x101 }
W/ViewRootImpl( 4682): Cancelling event due to no window focus: KeyEvent { action=ACTION_UP, keyCode=KEYCODE_DPAD_CENTER, scanCode=0, metaState=0, flags=0x28, repeatCount=0, eventTime=9153353, downTime=9153353, deviceId=-1, source=0x101 }
W/ViewRootImpl( 4682): Cancelling event due to no window focus: KeyEvent { action=ACTION_UP, keyCode=KEYCODE_DPAD_CENTER, scanCode=0, metaState=0, flags=0x28, repeatCount=0, eventTime=9153353, downTime=9153353, deviceId=-1, source=0x101 }
W/ViewRootImpl( 4682): Cancelling event due to no window focus: KeyEvent { action=ACTION_UP, keyCode=KEYCODE_DPAD_CENTER, scanCode=0, metaState=0, flags=0x28, repeatCount=0, eventTime=9153353, downTime=9153353, deviceId=-1, source=0x101 }
W/ViewRootImpl( 4682): Cancelling event due to no window focus: KeyEvent { action=ACTION_UP, keyCode=KEYCODE_DPAD_CENTER, scanCode=0, metaState=0, flags=0x28, repeatCount=0, eventTime=9153353, downTime=9153353, deviceId=-1, source=0x101 }
W/ViewRootImpl( 4682): Cancelling event due to no window focus: KeyEvent { action=ACTION_UP, keyCode=KEYCODE_DPAD_CENTER, scanCode=0, metaState=0, flags=0x28, repeatCount=0, eventTime=9153353, downTime=9153353, deviceId=-1, source=0x101 }
W/ViewRootImpl( 4682): Cancelling event due to no window focus: KeyEvent { action=ACTION_UP, keyCode=KEYCODE_DPAD_CENTER, scanCode=0, metaState=0, flags=0x28, repeatCount=0, eventTime=9153353, downTime=9153353, deviceId=-1, source=0x101 }
W/ViewRootImpl( 4682): Cancelling event due to no window focus: KeyEvent { action=ACTION_UP, keyCode=KEYCODE_DPAD_CENTER, scanCode=0, metaState=0, flags=0x28, repeatCount=0, eventTime=9153353, downTime=9153353, deviceId=-1, source=0x101 }
I/AppiumUnicodeIME(  672): onKeyUp (keyCode='21', event.keyCode='21', metaState='0')
W/AudioTrack(  527): AUDIO_OUTPUT_FLAG_FAST denied by client
I/AppiumUnicodeIME(  672): onKeyDown (keyCode='20', event.keyCode='20', metaState='0')
W/InputMethodManagerService(  527): Window already focused, ignoring focus gain of: com.android.internal.view.IInputMethodClient$Stub$Proxy@14789a2b attribute=null, token = android.os.BinderProxy@2427754a
I/AppiumUnicodeIME(  672): onKeyUp (keyCode='20', event.keyCode='20', metaState='0')
I/AppiumUnicodeIME(  672): onKeyDown (keyCode='82', event.keyCode='82', metaState='0')
W/UnimplementedWebViewApi( 4682): Unimplemented WebView method onKeyDown called from: android.webkit.WebView.onKeyDown(WebView.java:2310)
I/AppiumUnicodeIME(  672): onKeyUp (keyCode='82', event.keyCode='82', metaState='0')
I/AppiumUnicodeIME(  672): onKeyDown (keyCode='233', event.keyCode='233', metaState='0')
I/AppiumUnicodeIME(  672): onKeyUp (keyCode='233', event.keyCode='233', metaState='0')
W/AudioTrack(  527): AUDIO_OUTPUT_FLAG_FAST denied by client
I/AppiumUnicodeIME(  672): onKeyDown (keyCode='19', event.keyCode='19', metaState='0')
I/AppiumUnicodeIME(  672): onKeyUp (keyCode='19', event.keyCode='19', metaState='0')
I/AppiumUnicodeIME(  672): onKeyDown (keyCode='19', event.keyCode='19', metaState='0')
I/AppiumUnicodeIME(  672): onKeyUp (keyCode='19', event.keyCode='19', metaState='0')
I/AppiumUnicodeIME(  672): onKeyDown (keyCode='53', event.keyCode='53', metaState='0')
I/art     (  636): Explicit concurrent mark sweep GC freed 7180(338KB) AllocSpace objects, 1(14KB) LOS objects, 40% free, 9MB/16MB, paused 525us total 12.605ms
I/AppiumUnicodeIME(  672): onKeyUp (keyCode='53', event.keyCode='53', metaState='0')
I/AppiumUnicodeIME(  672): onKeyDown (keyCode='22', event.keyCode='22', metaState='0')
I/AppiumUnicodeIME(  672): onKeyUp (keyCode='22', event.keyCode='22', metaState='0')
I/AppiumUnicodeIME(  672): onKeyDown (keyCode='22', event.keyCode='22', metaState='0')
I/AppiumUnicodeIME(  672): onKeyUp (keyCode='22', event.keyCode='22', metaState='0')
I/AppiumUnicodeIME(  672): onKeyDown (keyCode='24', event.keyCode='24', metaState='0')
W/UnimplementedWebViewApi( 4682): Unimplemented WebView method onKeyDown called from: android.webkit.WebView.onKeyDown(WebView.java:2310)
I/AppiumUnicodeIME(  672): onKeyUp (keyCode='24', event.keyCode='24', metaState='0')
I/AppiumUnicodeIME(  672): onKeyDown (keyCode='113', event.keyCode='113', metaState='0')
I/AppiumUnicodeIME(  672): onKeyUp (keyCode='113', event.keyCode='113', metaState='0')
I/AppiumUnicodeIME(  672): onKeyDown (keyCode='247', event.keyCode='247', metaState='0')
W/EGL_emulation(  636): eglSurfaceAttrib not implemented
W/OpenGLRenderer(  636): Failed to set EGL_SWAP_BEHAVIOR on surface 0xee8c1200, error=EGL_SUCCESS
D/PhoneStatusBar(  636): disable: < expand icons* alerts system_info* back home recent clock search >
I/AppiumUnicodeIME(  672): onKeyUp (keyCode='247', event.keyCode='247', metaState='0')
I/AppiumUnicodeIME(  672): onKeyDown (keyCode='22', event.keyCode='22', metaState='0')
I/AppiumUnicodeIME(  672): onKeyUp (keyCode='22', event.keyCode='22', metaState='0')
I/AppiumUnicodeIME(  672): onKeyDown (keyCode='22', event.keyCode='22', metaState='0')
I/AppiumUnicodeIME(  672): onKeyUp (keyCode='22', event.keyCode='22', metaState='0')
I/AppiumUnicodeIME(  672): onKeyDown (keyCode='22', event.keyCode='22', metaState='0')
I/AppiumUnicodeIME(  672): onKeyUp (keyCode='22', event.keyCode='22', metaState='0')
I/AppiumUnicodeIME(  672): onKeyDown (keyCode='22', event.keyCode='22', metaState='0')
I/AppiumUnicodeIME(  672): onKeyUp (keyCode='22', event.keyCode='22', metaState='0')
I/AppiumUnicodeIME(  672): onKeyDown (keyCode='82', event.keyCode='82', metaState='0')
W/UnimplementedWebViewApi( 4682): Unimplemented WebView method onKeyDown called from: android.webkit.WebView.onKeyDown(WebView.java:2310)
I/AppiumUnicodeIME(  672): onKeyUp (keyCode='82', event.keyCode='82', metaState='0')
W/AudioTrack(  527): AUDIO_OUTPUT_FLAG_FAST denied by client
W/EGL_emulation(  636): eglSurfaceAttrib not implemented
W/OpenGLRenderer(  636): Failed to set EGL_SWAP_BEHAVIOR on surface 0xee8c1420, error=EGL_SUCCESS
I/AppiumUnicodeIME(  672): onKeyDown (keyCode='21', event.keyCode='21', metaState='0')
I/AppiumUnicodeIME(  672): onKeyUp (keyCode='21', event.keyCode='21', metaState='0')
I/AppiumUnicodeIME(  672): onKeyDown (keyCode='21', event.keyCode='21', metaState='0')
I/AppiumUnicodeIME(  672): onKeyUp (keyCode='21', event.keyCode='21', metaState='0')
I/AppiumUnicodeIME(  672): onKeyDown (keyCode='21', event.keyCode='21', metaState='0')
I/AppiumUnicodeIME(  672): onKeyUp (keyCode='21', event.keyCode='21', metaState='0')
I/AppiumUnicodeIME(  672): onKeyDown (keyCode='21', event.keyCode='21', metaState='0')
I/AppiumUnicodeIME(  672): onKeyUp (keyCode='21', event.keyCode='21', metaState='0')
I/AppiumUnicodeIME(  672): onKeyDown (keyCode='21', event.keyCode='21', metaState='0')
I/AppiumUnicodeIME(  672): onKeyUp (keyCode='21', event.keyCode='21', metaState='0')
I/AppiumUnicodeIME(  672): onKeyDown (keyCode='19', event.keyCode='19', metaState='0')
I/AppiumUnicodeIME(  672): onKeyUp (keyCode='19', event.keyCode='19', metaState='0')
I/AppiumUnicodeIME(  672): onKeyDown (keyCode='19', event.keyCode='19', metaState='0')
I/AppiumUnicodeIME(  672): onKeyUp (keyCode='19', event.keyCode='19', metaState='0')
I/AppiumUnicodeIME(  672): onKeyDown (keyCode='20', event.keyCode='20', metaState='0')
I/AppiumUnicodeIME(  672): onKeyUp (keyCode='20', event.keyCode='20', metaState='0')
I/AppiumUnicodeIME(  672): onKeyDown (keyCode='20', event.keyCode='20', metaState='0')
I/AppiumUnicodeIME(  672): onKeyUp (keyCode='20', event.keyCode='20', metaState='0')
I/AppiumUnicodeIME(  672): onKeyDown (keyCode='20', event.keyCode='20', metaState='0')
I/AppiumUnicodeIME(  672): onKeyUp (keyCode='20', event.keyCode='20', metaState='0')
I/AppiumUnicodeIME(  672): onKeyDown (keyCode='20', event.keyCode='20', metaState='0')
I/AppiumUnicodeIME(  672): onKeyUp (keyCode='20', event.keyCode='20', metaState='0')
I/AppiumUnicodeIME(  672): onKeyDown (keyCode='21', event.keyCode='21', metaState='0')
I/AppiumUnicodeIME(  672): onKeyUp (keyCode='21', event.keyCode='21', metaState='0')
I/AppiumUnicodeIME(  672): onKeyDown (keyCode='245', event.keyCode='245', metaState='0')
I/AppiumUnicodeIME(  672): onKeyUp (keyCode='245', event.keyCode='245', metaState='0')
I/AppiumUnicodeIME(  672): onKeyDown (keyCode='21', event.keyCode='21', metaState='0')
I/AppiumUnicodeIME(  672): onKeyUp (keyCode='21', event.keyCode='21', metaState='0')
I/AppiumUnicodeIME(  672): onKeyDown (keyCode='82', event.keyCode='82', metaState='0')
W/UnimplementedWebViewApi( 4682): Unimplemented WebView method onKeyDown called from: android.webkit.WebView.onKeyDown(WebView.java:2310)
I/AppiumUnicodeIME(  672): onKeyUp (keyCode='82', event.keyCode='82', metaState='0')
W/AudioTrack(  527): AUDIO_OUTPUT_FLAG_FAST denied by client
I/AppiumUnicodeIME(  672): onKeyDown (keyCode='36', event.keyCode='36', metaState='0')
I/AppiumUnicodeIME(  672): onKeyUp (keyCode='36', event.keyCode='36', metaState='0')
I/AppiumUnicodeIME(  672): onKeyDown (keyCode='82', event.keyCode='82', metaState='0')
W/UnimplementedWebViewApi( 4682): Unimplemented WebView method onKeyDown called from: android.webkit.WebView.onKeyDown(WebView.java:2310)
I/AppiumUnicodeIME(  672): onKeyUp (keyCode='82', event.keyCode='82', metaState='0')
I/AppiumUnicodeIME(  672): onKeyDown (keyCode='20', event.keyCode='20', metaState='0')
I/AppiumUnicodeIME(  672): onKeyUp (keyCode='20', event.keyCode='20', metaState='0')
W/AudioTrack(  527): AUDIO_OUTPUT_FLAG_FAST denied by client
I/AppiumUnicodeIME(  672): onKeyDown (keyCode='20', event.keyCode='20', metaState='0')
I/AppiumUnicodeIME(  672): onKeyUp (keyCode='20', event.keyCode='20', metaState='0')
I/AppiumUnicodeIME(  672): onKeyDown (keyCode='20', event.keyCode='20', metaState='0')
I/AppiumUnicodeIME(  672): onKeyUp (keyCode='20', event.keyCode='20', metaState='0')
I/AppiumUnicodeIME(  672): onKeyDown (keyCode='20', event.keyCode='20', metaState='0')
I/AppiumUnicodeIME(  672): onKeyUp (keyCode='20', event.keyCode='20', metaState='0')
I/AppiumUnicodeIME(  672): onKeyDown (keyCode='20', event.keyCode='20', metaState='0')
I/AppiumUnicodeIME(  672): onKeyUp (keyCode='20', event.keyCode='20', metaState='0')
I/AppiumUnicodeIME(  672): onKeyDown (keyCode='156', event.keyCode='156', metaState='0')
I/AppiumUnicodeIME(  672): onKeyUp (keyCode='156', event.keyCode='156', metaState='0')
I/AppiumUnicodeIME(  672): onKeyDown (keyCode='82', event.keyCode='82', metaState='0')
I/accs.SilenceConn_umeng:56aadbf567e58e38d4000976( 4764):  0 getChannelHost:accscdn.m.taobao.com
D/awcn.LocalDnsStrategyTable( 4764):  try resolve ip with local dns host:accscdn.m.taobao.com
D/getConnStrategyListByHost( 4764): |[seq:host] accscdn.m.taobao.com:result [{140.205.195.62 80 http}, {140.205.195.62 443 https}]
I/accs.SilenceConn_umeng:56aadbf567e58e38d4000976( 4764):  0 getChannelHost:accscdn.m.taobao.com
I/accs.SilenceConn_umeng:56aadbf567e58e38d4000976( 4764):  0 get ip from amdc fail!!
E/accs.SilenceConn_umeng:56aadbf567e58e38d4000976( 4764):  0 connect URL:https://accscdn.m.taobao.com:443/accs/
E/accs.SilenceConn_umeng:56aadbf567e58e38d4000976( 4764):  0 connect normal
I/accs.SilenceConn_umeng:56aadbf567e58e38d4000976( 4764):  0 getChannelHost:accscdn.m.taobao.com
I/tnet-jni( 4764): 227 -  create new session: accscdn.m.taobao.com:443
W/System.err( 4764): org.android.spdy.SpdyErrorException: create session error: -1107
W/System.err( 4764): 	at org.android.spdy.SpdyAgent.createSession(SpdyAgent.java:448)
W/System.err( 4764): 	at org.android.spdy.SpdyAgent.createSession(SpdyAgent.java:331)
W/System.err( 4764): 	at com.taobao.accs.net.r.d(Taobao:435)
W/System.err( 4764): 	at com.taobao.accs.net.r.b(Taobao:59)
W/System.err( 4764): 	at com.taobao.accs.net.r$a.a(Taobao:745)
W/System.err( 4764): 	at com.taobao.accs.net.r$a.run(Taobao:810)
E/accs.NetworkThread_umeng:56aadbf567e58e38d4000976( 4764):  0 try connect fail, ready for reconnect
E/accs.NetworkThread_umeng:56aadbf567e58e38d4000976( 4764):  0 try connect, force = false failTimes = 1
I/accs.NetworkThread_umeng:56aadbf567e58e38d4000976( 4764):  0 try connect, need sleep
W/UnimplementedWebViewApi( 4682): Unimplemented WebView method onKeyDown called from: android.webkit.WebView.onKeyDown(WebView.java:2310)
I/AppiumUnicodeIME(  672): onKeyUp (keyCode='82', event.keyCode='82', metaState='0')
W/AudioTrack(  527): AUDIO_OUTPUT_FLAG_FAST denied by client
I/AppiumUnicodeIME(  672): onKeyDown (keyCode='235', event.keyCode='235', metaState='0')
I/AppiumUnicodeIME(  672): onKeyUp (keyCode='235', event.keyCode='235', metaState='0')
I/AppiumUnicodeIME(  672): onKeyDown (keyCode='256', event.keyCode='256', metaState='0')
I/AppiumUnicodeIME(  672): onKeyUp (keyCode='256', event.keyCode='256', metaState='0')
I/AppiumUnicodeIME(  672): onKeyDown (keyCode='19', event.keyCode='19', metaState='0')
I/AppiumUnicodeIME(  672): onKeyDown (keyCode='19', event.keyCode='19', metaState='0')
I/AppiumUnicodeIME(  672): onKeyUp (keyCode='19', event.keyCode='19', metaState='0')
I/AppiumUnicodeIME(  672): onKeyDown (keyCode='19', event.keyCode='19', metaState='0')
I/AppiumUnicodeIME(  672): onKeyUp (keyCode='19', event.keyCode='19', metaState='0')
I/AppiumUnicodeIME(  672): onKeyDown (keyCode='19', event.keyCode='19', metaState='0')
I/AppiumUnicodeIME(  672): onKeyUp (keyCode='19', event.keyCode='19', metaState='0')
I/AppiumUnicodeIME(  672): onKeyDown (keyCode='19', event.keyCode='19', metaState='0')
I/AppiumUnicodeIME(  672): onKeyUp (keyCode='19', event.keyCode='19', metaState='0')
I/AppiumUnicodeIME(  672): onKeyDown (keyCode='23', event.keyCode='23', metaState='0')
I/AppiumUnicodeIME(  672): onKeyUp (keyCode='23', event.keyCode='23', metaState='0')
W/UnimplementedWebViewApi( 4682): Unimplemented WebView method onKeyMultiple called from: android.webkit.WebView.onKeyMultiple(WebView.java:2320)
W/UnimplementedWebViewApi( 4682): Unimplemented WebView method onKeyDown called from: android.webkit.WebView.onKeyDown(WebView.java:2310)
I/AppiumUnicodeIME(  672): onKeyDown (keyCode='19', event.keyCode='19', metaState='0')
I/AppiumUnicodeIME(  672): onKeyUp (keyCode='19', event.keyCode='19', metaState='0')
I/AppiumUnicodeIME(  672): onKeyDown (keyCode='19', event.keyCode='19', metaState='0')
I/AppiumUnicodeIME(  672): onKeyUp (keyCode='19', event.keyCode='19', metaState='0')
I/art     (  527): Explicit concurrent mark sweep GC freed 7883(366KB) AllocSpace objects, 2(32KB) LOS objects, 33% free, 12MB/18MB, paused 1.609ms total 21.463ms
I/AppiumUnicodeIME(  672): onKeyDown (keyCode='21', event.keyCode='21', metaState='0')
I/AppiumUnicodeIME(  672): onKeyDown (keyCode='21', event.keyCode='21', metaState='0')
I/AppiumUnicodeIME(  672): onKeyUp (keyCode='21', event.keyCode='21', metaState='0')
I/AppiumUnicodeIME(  672): onKeyDown (keyCode='21', event.keyCode='21', metaState='0')
I/AppiumUnicodeIME(  672): onKeyUp (keyCode='21', event.keyCode='21', metaState='0')
I/AppiumUnicodeIME(  672): onKeyDown (keyCode='21', event.keyCode='21', metaState='0')
I/AppiumUnicodeIME(  672): onKeyUp (keyCode='21', event.keyCode='21', metaState='0')
I/AppiumUnicodeIME(  672): onKeyDown (keyCode='21', event.keyCode='21', metaState='0')
I/AppiumUnicodeIME(  672): onKeyUp (keyCode='21', event.keyCode='21', metaState='0')
I/AppiumUnicodeIME(  672): onKeyDown (keyCode='23', event.keyCode='23', metaState='0')
I/AppiumUnicodeIME(  672): onKeyUp (keyCode='23', event.keyCode='23', metaState='0')
I/AppiumUnicodeIME(  672): onKeyDown (keyCode='20', event.keyCode='20', metaState='0')
W/UnimplementedWebViewApi( 4682): Unimplemented WebView method onKeyMultiple called from: android.webkit.WebView.onKeyMultiple(WebView.java:2320)
W/UnimplementedWebViewApi( 4682): Unimplemented WebView method onKeyDown called from: android.webkit.WebView.onKeyDown(WebView.java:2310)
I/AppiumUnicodeIME(  672): onKeyUp (keyCode='20', event.keyCode='20', metaState='0')
I/AppiumUnicodeIME(  672): onKeyDown (keyCode='169', event.keyCode='169', metaState='0')
I/AppiumUnicodeIME(  672): onKeyUp (keyCode='169', event.keyCode='169', metaState='0')
I/AppiumUnicodeIME(  672): onKeyDown (keyCode='82', event.keyCode='82', metaState='0')
W/UnimplementedWebViewApi( 4682): Unimplemented WebView method onKeyDown called from: android.webkit.WebView.onKeyDown(WebView.java:2310)
I/AppiumUnicodeIME(  672): onKeyUp (keyCode='82', event.keyCode='82', metaState='0')
W/AudioTrack(  527): AUDIO_OUTPUT_FLAG_FAST denied by client
I/AppiumUnicodeIME(  672): onKeyDown (keyCode='20', event.keyCode='20', metaState='0')
I/AppiumUnicodeIME(  672): onKeyUp (keyCode='20', event.keyCode='20', metaState='0')
I/AppiumUnicodeIME(  672): onKeyDown (keyCode='20', event.keyCode='20', metaState='0')
I/AppiumUnicodeIME(  672): onKeyUp (keyCode='20', event.keyCode='20', metaState='0')
I/AppiumUnicodeIME(  672): onKeyDown (keyCode='226', event.keyCode='226', metaState='0')
I/AppiumUnicodeIME(  672): onKeyUp (keyCode='226', event.keyCode='226', metaState='0')
I/AppiumUnicodeIME(  672): onKeyDown (keyCode='22', event.keyCode='22', metaState='0')
I/AppiumUnicodeIME(  672): onKeyUp (keyCode='22', event.keyCode='22', metaState='0')
I/art     (  636): Explicit concurrent mark sweep GC freed 4818(239KB) AllocSpace objects, 2(590KB) LOS objects, 40% free, 9MB/15MB, paused 551us total 18.348ms
I/AppiumUnicodeIME(  672): onKeyDown (keyCode='19', event.keyCode='19', metaState='0')
I/AppiumUnicodeIME(  672): onKeyUp (keyCode='19', event.keyCode='19', metaState='0')
I/AppiumUnicodeIME(  672): onKeyDown (keyCode='19', event.keyCode='19', metaState='0')
I/AppiumUnicodeIME(  672): onKeyUp (keyCode='19', event.keyCode='19', metaState='0')
I/AppiumUnicodeIME(  672): onKeyDown (keyCode='19', event.keyCode='19', metaState='0')
I/AppiumUnicodeIME(  672): onKeyUp (keyCode='19', event.keyCode='19', metaState='0')
I/AppiumUnicodeIME(  672): onKeyDown (keyCode='20', event.keyCode='20', metaState='0')
I/AppiumUnicodeIME(  672): onKeyUp (keyCode='20', event.keyCode='20', metaState='0')
I/AppiumUnicodeIME(  672): onKeyDown (keyCode='82', event.keyCode='82', metaState='0')
W/UnimplementedWebViewApi( 4682): Unimplemented WebView method onKeyDown called from: android.webkit.WebView.onKeyDown(WebView.java:2310)
I/AppiumUnicodeIME(  672): onKeyUp (keyCode='82', event.keyCode='82', metaState='0')
W/AudioTrack(  527): AUDIO_OUTPUT_FLAG_FAST denied by client
I/AppiumUnicodeIME(  672): onKeyDown (keyCode='24', event.keyCode='24', metaState='0')
W/UnimplementedWebViewApi( 4682): Unimplemented WebView method onKeyDown called from: android.webkit.WebView.onKeyDown(WebView.java:2310)
I/AppiumUnicodeIME(  672): onKeyUp (keyCode='24', event.keyCode='24', metaState='0')
W/EGL_emulation(  636): eglSurfaceAttrib not implemented
W/OpenGLRenderer(  636): Failed to set EGL_SWAP_BEHAVIOR on surface 0xe2200300, error=EGL_SUCCESS
I/AppiumUnicodeIME(  672): onKeyDown (keyCode='19', event.keyCode='19', metaState='0')
I/AppiumUnicodeIME(  672): onKeyDown (keyCode='19', event.keyCode='19', metaState='0')
I/AppiumUnicodeIME(  672): onKeyUp (keyCode='19', event.keyCode='19', metaState='0')
I/AppiumUnicodeIME(  672): onKeyDown (keyCode='19', event.keyCode='19', metaState='0')
I/AppiumUnicodeIME(  672): onKeyUp (keyCode='19', event.keyCode='19', metaState='0')
I/AppiumUnicodeIME(  672): onKeyDown (keyCode='19', event.keyCode='19', metaState='0')
I/AppiumUnicodeIME(  672): onKeyUp (keyCode='19', event.keyCode='19', metaState='0')
I/AppiumUnicodeIME(  672): onKeyDown (keyCode='19', event.keyCode='19', metaState='0')
I/AppiumUnicodeIME(  672): onKeyUp (keyCode='19', event.keyCode='19', metaState='0')
I/AppiumUnicodeIME(  672): onKeyDown (keyCode='23', event.keyCode='23', metaState='0')
I/AppiumUnicodeIME(  672): onKeyUp (keyCode='23', event.keyCode='23', metaState='0')
I/AppiumUnicodeIME(  672): onKeyDown (keyCode='21', event.keyCode='21', metaState='0')
W/UnimplementedWebViewApi( 4682): Unimplemented WebView method onKeyMultiple called from: android.webkit.WebView.onKeyMultiple(WebView.java:2320)
W/UnimplementedWebViewApi( 4682): Unimplemented WebView method onKeyDown called from: android.webkit.WebView.onKeyDown(WebView.java:2310)
I/AppiumUnicodeIME(  672): onKeyUp (keyCode='21', event.keyCode='21', metaState='0')
I/AppiumUnicodeIME(  672): onKeyDown (keyCode='21', event.keyCode='21', metaState='0')
I/AppiumUnicodeIME(  672): onKeyUp (keyCode='21', event.keyCode='21', metaState='0')
I/AppiumUnicodeIME(  672): onKeyDown (keyCode='19', event.keyCode='19', metaState='0')
I/AppiumUnicodeIME(  672): onKeyUp (keyCode='19', event.keyCode='19', metaState='0')
I/AppiumUnicodeIME(  672): onKeyDown (keyCode='19', event.keyCode='19', metaState='0')
I/AppiumUnicodeIME(  672): onKeyUp (keyCode='19', event.keyCode='19', metaState='0')
I/AppiumUnicodeIME(  672): onKeyDown (keyCode='19', event.keyCode='19', metaState='0')
I/AppiumUnicodeIME(  672): onKeyUp (keyCode='19', event.keyCode='19', metaState='0')
I/AppiumUnicodeIME(  672): onKeyDown (keyCode='19', event.keyCode='19', metaState='0')
I/AppiumUnicodeIME(  672): onKeyUp (keyCode='19', event.keyCode='19', metaState='0')
I/AppiumUnicodeIME(  672): onKeyDown (keyCode='82', event.keyCode='82', metaState='0')
W/UnimplementedWebViewApi( 4682): Unimplemented WebView method onKeyDown called from: android.webkit.WebView.onKeyDown(WebView.java:2310)
I/AppiumUnicodeIME(  672): onKeyUp (keyCode='82', event.keyCode='82', metaState='0')
I/AppiumUnicodeIME(  672): onKeyDown (keyCode='24', event.keyCode='24', metaState='0')
W/AudioTrack(  527): AUDIO_OUTPUT_FLAG_FAST denied by client
W/UnimplementedWebViewApi( 4682): Unimplemented WebView method onKeyDown called from: android.webkit.WebView.onKeyDown(WebView.java:2310)
W/EGL_emulation(  636): eglSurfaceAttrib not implemented
W/OpenGLRenderer(  636): Failed to set EGL_SWAP_BEHAVIOR on surface 0xe2200300, error=EGL_SUCCESS
I/AppiumUnicodeIME(  672): onKeyUp (keyCode='24', event.keyCode='24', metaState='0')
I/accs.SilenceConn_umeng:56aadbf567e58e38d4000976( 4764):  0 getChannelHost:accscdn.m.taobao.com
D/awcn.LocalDnsStrategyTable( 4764):  try resolve ip with local dns host:accscdn.m.taobao.com
D/getConnStrategyListByHost( 4764): |[seq:host] accscdn.m.taobao.com:result [{140.205.195.62 80 http}, {140.205.195.62 443 https}]
I/accs.SilenceConn_umeng:56aadbf567e58e38d4000976( 4764):  0 getChannelHost:accscdn.m.taobao.com
I/accs.SilenceConn_umeng:56aadbf567e58e38d4000976( 4764):  0 get ip from amdc fail!!
E/accs.SilenceConn_umeng:56aadbf567e58e38d4000976( 4764):  0 connect URL:https://accscdn.m.taobao.com:443/accs/
E/accs.SilenceConn_umeng:56aadbf567e58e38d4000976( 4764):  0 connect normal
I/accs.SilenceConn_umeng:56aadbf567e58e38d4000976( 4764):  0 getChannelHost:accscdn.m.taobao.com
I/tnet-jni( 4764): 227 -  create new session: accscdn.m.taobao.com:443
W/System.err( 4764): org.android.spdy.SpdyErrorException: create session error: -1107
W/System.err( 4764): 	at org.android.spdy.SpdyAgent.createSession(SpdyAgent.java:448)
