I/AppiumUnicodeIME(  672): onKeyDown (keyCode='19', event.keyCode='19', metaState='0')
I/AppiumUnicodeIME(  672): onKeyUp (keyCode='19', event.keyCode='19', metaState='0')
I/AppiumUnicodeIME(  672): onKeyDown (keyCode='19', event.keyCode='19', metaState='0')
I/AppiumUnicodeIME(  672): onKeyUp (keyCode='19', event.keyCode='19', metaState='0')
I/AppiumUnicodeIME(  672): onKeyDown (keyCode='21', event.keyCode='21', metaState='0')
I/AppiumUnicodeIME(  672): onKeyUp (keyCode='21', event.keyCode='21', metaState='0')
D/PhoneStatusBar(  636): disable: < expand icons* alerts system_info* back home recent clock search >
I/AppiumUnicodeIME(  672): onKeyDown (keyCode='19', event.keyCode='19', metaState='0')
I/AppiumUnicodeIME(  672): onKeyDown (keyCode='19', event.keyCode='19', metaState='0')
I/AppiumUnicodeIME(  672): onKeyUp (keyCode='19', event.keyCode='19', metaState='0')
I/AppiumUnicodeIME(  672): onKeyDown (keyCode='19', event.keyCode='19', metaState='0')
I/AppiumUnicodeIME(  672): onKeyUp (keyCode='19', event.keyCode='19', metaState='0')
D/PhoneStatusBar(  636): disable: < expand ICONS* alerts SYSTEM_INFO* back home recent clock search >
W/ViewRootImpl( 4927): Dropping event due to no window focus: MotionEvent { action=ACTION_MOVE, id[0]=0, x[0]=-1.0, y[0]=-3.0, toolType[0]=TOOL_TYPE_UNKNOWN, buttonState=0, metaState=0, flags=0x0, edgeFlags=0x0, pointerCount=1, historySize=11, eventTime=9849760, downTime=-1, deviceId=0, source=0x10004 }
W/ViewRootImpl( 4927): Dropping event due to no window focus: MotionEvent { action=ACTION_MOVE, id[0]=0, x[0]=-3.0, y[0]=4.0, toolType[0]=TOOL_TYPE_UNKNOWN, buttonState=0, metaState=0, flags=0x0, edgeFlags=0x0, pointerCount=1, historySize=0, eventTime=9849762, downTime=-1, deviceId=0, source=0x10004 }
W/ViewRootImpl(  636): Dropping event due to no window focus: MotionEvent { action=ACTION_MOVE, id[0]=0, x[0]=3.0, y[0]=-5.0, toolType[0]=TOOL_TYPE_UNKNOWN, buttonState=0, metaState=0, flags=0x0, edgeFlags=0x0, pointerCount=1, historySize=12, eventTime=9849777, downTime=-1, deviceId=0, source=0x10004 }
D/PhoneStatusBar(  636): disable: < expand icons* alerts system_info* back home recent clock search >
D/PhoneStatusBar(  636): disable: < expand ICONS* alerts SYSTEM_INFO* back home recent clock search >
D/PhoneStatusBar(  636): disable: < expand icons* alerts system_info* back home recent clock search >
D/PhoneStatusBar(  636): disable: < expand ICONS* alerts SYSTEM_INFO* back home recent clock search >
D/PhoneStatusBar(  636): disable: < expand icons* alerts system_info* back home recent clock search >
D/PhoneStatusBar(  636): disable: < expand ICONS* alerts SYSTEM_INFO* back home recent clock search >
D/PhoneStatusBar(  636): disable: < expand icons* alerts system_info* back home recent clock search >
D/PhoneStatusBar(  636): disable: < expand ICONS* alerts SYSTEM_INFO* back home recent clock search >
D/PhoneStatusBar(  636): disable: < expand icons* alerts system_info* back home recent clock search >
D/PhoneStatusBar(  636): disable: < expand ICONS* alerts SYSTEM_INFO* back home recent clock search >
D/PhoneStatusBar(  636): disable: < expand icons* alerts system_info* back home recent clock search >
W/ViewRootImpl( 4927): Cancelling event due to no window focus: KeyEvent { action=ACTION_UP, keyCode=KEYCODE_NUMPAD_COMMA, scanCode=0, metaState=0, flags=0x28, repeatCount=0, eventTime=9849973, downTime=9849973, deviceId=-1, source=0x101 }
W/ViewRootImpl( 4927): Cancelling event due to no window focus: KeyEvent { action=ACTION_UP, keyCode=KEYCODE_NUMPAD_COMMA, scanCode=0, metaState=0, flags=0x28, repeatCount=0, eventTime=9849973, downTime=9849973, deviceId=-1, source=0x101 }
W/ViewRootImpl( 4927): Cancelling event due to no window focus: KeyEvent { action=ACTION_UP, keyCode=KEYCODE_NUMPAD_COMMA, scanCode=0, metaState=0, flags=0x28, repeatCount=0, eventTime=9849973, downTime=9849973, deviceId=-1, source=0x101 }
I/AppiumUnicodeIME(  672): onKeyUp (keyCode='159', event.keyCode='159', metaState='0')
W/ViewRootImpl( 4927): Cancelling event due to no window focus: KeyEvent { action=ACTION_UP, keyCode=KEYCODE_NUMPAD_COMMA, scanCode=0, metaState=0, flags=0x28, repeatCount=0, eventTime=9849973, downTime=9849973, deviceId=-1, source=0x101 }
W/ViewRootImpl( 4927): Cancelling event due to no window focus: KeyEvent { action=ACTION_UP, keyCode=KEYCODE_NUMPAD_COMMA, scanCode=0, metaState=0, flags=0x28, repeatCount=0, eventTime=9849973, downTime=9849973, deviceId=-1, source=0x101 }
W/ViewRootImpl( 4927): Cancelling event due to no window focus: KeyEvent { action=ACTION_UP, keyCode=KEYCODE_NUMPAD_COMMA, scanCode=0, metaState=0, flags=0x28, repeatCount=0, eventTime=9849973, downTime=9849973, deviceId=-1, source=0x101 }
W/ViewRootImpl( 4927): Cancelling event due to no window focus: KeyEvent { action=ACTION_UP, keyCode=KEYCODE_NUMPAD_COMMA, scanCode=0, metaState=0, flags=0x28, repeatCount=0, eventTime=9849973, downTime=9849973, deviceId=-1, source=0x101 }
W/ViewRootImpl( 4927): Cancelling event due to no window focus: KeyEvent { action=ACTION_UP, keyCode=KEYCODE_NUMPAD_COMMA, scanCode=0, metaState=0, flags=0x28, repeatCount=0, eventTime=9849973, downTime=9849973, deviceId=-1, source=0x101 }
W/ViewRootImpl( 4927): Cancelling event due to no window focus: KeyEvent { action=ACTION_UP, keyCode=KEYCODE_NUMPAD_COMMA, scanCode=0, metaState=0, flags=0x28, repeatCount=0, eventTime=9849973, downTime=9849973, deviceId=-1, source=0x101 }
W/ViewRootImpl( 4927): Dropping event due to no window focus: KeyEvent { action=ACTION_DOWN, keyCode=KEYCODE_MENU, scanCode=0, metaState=0, flags=0x8, repeatCount=0, eventTime=9849985, downTime=9849985, deviceId=-1, source=0x101 }
W/InputMethodManagerService(  527): Window already focused, ignoring focus gain of: com.android.internal.view.IInputMethodClient$Stub$Proxy@aba79ec attribute=null, token = android.os.BinderProxy@8d0254e
I/AppiumUnicodeIME(  672): onKeyUp (keyCode='82', event.keyCode='82', metaState='0')
I/AppiumUnicodeIME(  672): onKeyDown (keyCode='21', event.keyCode='21', metaState='0')
I/AppiumUnicodeIME(  672): onKeyUp (keyCode='21', event.keyCode='21', metaState='0')
I/AppiumUnicodeIME(  672): onKeyDown (keyCode='20', event.keyCode='20', metaState='0')
W/EGL_emulation(  636): eglSurfaceAttrib not implemented
W/OpenGLRenderer(  636): Failed to set EGL_SWAP_BEHAVIOR on surface 0xee8c1420, error=EGL_SUCCESS
I/AppiumUnicodeIME(  672): onKeyUp (keyCode='20', event.keyCode='20', metaState='0')
I/AppiumUnicodeIME(  672): onKeyDown (keyCode='82', event.keyCode='82', metaState='0')
I/AppiumUnicodeIME(  672): onKeyUp (keyCode='82', event.keyCode='82', metaState='0')
I/AppiumUnicodeIME(  672): onKeyDown (keyCode='20', event.keyCode='20', metaState='0')
I/AppiumUnicodeIME(  672): onKeyUp (keyCode='20', event.keyCode='20', metaState='0')
I/AppiumUnicodeIME(  672): onKeyDown (keyCode='23', event.keyCode='23', metaState='0')
I/AppiumUnicodeIME(  672): onKeyUp (keyCode='23', event.keyCode='23', metaState='0')
I/AppiumUnicodeIME(  672): onKeyDown (keyCode='23', event.keyCode='23', metaState='0')
I/AppiumUnicodeIME(  672): onKeyUp (keyCode='23', event.keyCode='23', metaState='0')
I/AppiumUnicodeIME(  672): onKeyDown (keyCode='20', event.keyCode='20', metaState='0')
I/AppiumUnicodeIME(  672): onKeyUp (keyCode='20', event.keyCode='20', metaState='0')
I/AppiumUnicodeIME(  672): onKeyDown (keyCode='82', event.keyCode='82', metaState='0')
I/AppiumUnicodeIME(  672): onKeyUp (keyCode='82', event.keyCode='82', metaState='0')
I/AppiumUnicodeIME(  672): onKeyDown (keyCode='92', event.keyCode='92', metaState='0')
I/AppiumUnicodeIME(  672): onKeyUp (keyCode='92', event.keyCode='92', metaState='0')
I/AppiumUnicodeIME(  672): onKeyDown (keyCode='19', event.keyCode='19', metaState='0')
I/AppiumUnicodeIME(  672): onKeyUp (keyCode='19', event.keyCode='19', metaState='0')
I/AppiumUnicodeIME(  672): onKeyDown (keyCode='82', event.keyCode='82', metaState='0')
I/AppiumUnicodeIME(  672): onKeyUp (keyCode='82', event.keyCode='82', metaState='0')
I/AppiumUnicodeIME(  672): onKeyDown (keyCode='23', event.keyCode='23', metaState='0')
I/AppiumUnicodeIME(  672): onKeyUp (keyCode='23', event.keyCode='23', metaState='0')
I/AppiumUnicodeIME(  672): onKeyDown (keyCode='19', event.keyCode='19', metaState='0')
I/AppiumUnicodeIME(  672): onKeyUp (keyCode='19', event.keyCode='19', metaState='0')
I/AppiumUnicodeIME(  672): onKeyDown (keyCode='19', event.keyCode='19', metaState='0')
I/AppiumUnicodeIME(  672): onKeyUp (keyCode='19', event.keyCode='19', metaState='0')
I/AppiumUnicodeIME(  672): onKeyDown (keyCode='19', event.keyCode='19', metaState='0')
I/AppiumUnicodeIME(  672): onKeyUp (keyCode='19', event.keyCode='19', metaState='0')
I/AppiumUnicodeIME(  672): onKeyDown (keyCode='19', event.keyCode='19', metaState='0')
I/AppiumUnicodeIME(  672): onKeyUp (keyCode='19', event.keyCode='19', metaState='0')
I/AppiumUnicodeIME(  672): onKeyDown (keyCode='19', event.keyCode='19', metaState='0')
I/AppiumUnicodeIME(  672): onKeyUp (keyCode='19', event.keyCode='19', metaState='0')
I/AppiumUnicodeIME(  672): onKeyDown (keyCode='250', event.keyCode='250', metaState='0')
I/AppiumUnicodeIME(  672): onKeyUp (keyCode='250', event.keyCode='250', metaState='0')
I/AppiumUnicodeIME(  672): onKeyDown (keyCode='82', event.keyCode='82', metaState='0')
I/AppiumUnicodeIME(  672): onKeyUp (keyCode='82', event.keyCode='82', metaState='0')
I/AppiumUnicodeIME(  672): onKeyDown (keyCode='21', event.keyCode='21', metaState='0')
I/AppiumUnicodeIME(  672): onKeyUp (keyCode='21', event.keyCode='21', metaState='0')
I/AppiumUnicodeIME(  672): onKeyDown (keyCode='19', event.keyCode='19', metaState='0')
I/AppiumUnicodeIME(  672): onKeyUp (keyCode='19', event.keyCode='19', metaState='0')
I/ActivityManager(  527): START u0 {act=android.intent.action.MAIN cat=[android.intent.category.HOME] flg=0x10200000 cmp=com.android.launcher3/.Launcher} from uid 1000 on display 0
I/AppiumUnicodeIME(  672): onKeyDown (keyCode='4', event.keyCode='4', metaState='0')
I/AppiumUnicodeIME(  672): onKeyUp (keyCode='4', event.keyCode='4', metaState='0')
E/EGL_emulation(  502): tid 502: eglCreateSyncKHR(1209): error 0x3004 (EGL_BAD_ATTRIBUTE)
I/AppiumUnicodeIME(  672): onKeyDown (keyCode='19', event.keyCode='19', metaState='0')
I/AppiumUnicodeIME(  672): onKeyUp (keyCode='19', event.keyCode='19', metaState='0')
I/AppiumUnicodeIME(  672): onKeyDown (keyCode='23', event.keyCode='23', metaState='0')
I/AppiumUnicodeIME(  672): onKeyUp (keyCode='23', event.keyCode='23', metaState='0')
D/ForegroundCallbacks( 4682): went foreground
I/awcn.SessionCenter( 4682): |[seq:[default]] [forground]
I/awcn.SessionCenter( 4682): |[seq:umeng:56aadbf567e58e38d4000976] [forground]
D/awcn.AccsSessionManager( 4682): |[seq:[default]] network is not available, not need check accs session, return network:false
D/awcn.StrategyCenter( 4682):  getSchemeByHost host:umengacs.m.taobao.com scheme:https
D/awcn.AccsSessionManager( 4682): |[seq:umeng:56aadbf567e58e38d4000976] network is not available, not need check accs session, return network:false
I/InputDispatcher(  527): Dropping event because there is no touchable window at (120, 822).
W/InputManager(  527): Input event injection from pid 6641 failed.
W/InputManager(  527): Input event injection from pid 6641 failed.
W/InputManager(  527): Input event injection from pid 6641 failed.
W/InputManager(  527): Input event injection from pid 6641 failed.
W/EGL_emulation( 4682): eglSurfaceAttrib not implemented
W/OpenGLRenderer( 4682): Failed to set EGL_SWAP_BEHAVIOR on surface 0xddd3ad00, error=EGL_SUCCESS
W/ViewRootImpl( 4682): Dropping event due to no window focus: MotionEvent { action=ACTION_MOVE, id[0]=0, x[0]=1.0, y[0]=1.0, toolType[0]=TOOL_TYPE_UNKNOWN, buttonState=0, metaState=0, flags=0x0, edgeFlags=0x0, pointerCount=1, historySize=9, eventTime=9850384, downTime=-1, deviceId=0, source=0x10004 }
W/ViewRootImpl( 4682): Dropping event due to no window focus: MotionEvent { action=ACTION_DOWN, id[0]=0, x[0]=0.0, y[0]=0.0, toolType[0]=TOOL_TYPE_UNKNOWN, buttonState=0, metaState=0, flags=0x0, edgeFlags=0x0, pointerCount=1, historySize=0, eventTime=9850384, downTime=9850372, deviceId=0, source=0x10004 }
W/ViewRootImpl( 4682): Cancelling event due to no window focus: MotionEvent { action=ACTION_CANCEL, id[0]=0, x[0]=0.0, y[0]=0.0, toolType[0]=TOOL_TYPE_UNKNOWN, buttonState=0, metaState=0, flags=0x0, edgeFlags=0x0, pointerCount=1, historySize=0, eventTime=9850384, downTime=9850372, deviceId=0, source=0x10004 }
W/ViewRootImpl( 4682): Cancelling event due to no window focus: MotionEvent { action=ACTION_CANCEL, id[0]=0, x[0]=0.0, y[0]=0.0, toolType[0]=TOOL_TYPE_UNKNOWN, buttonState=0, metaState=0, flags=0x0, edgeFlags=0x0, pointerCount=1, historySize=0, eventTime=9850384, downTime=9850372, deviceId=0, source=0x10004 }
W/ViewRootImpl( 4682): Cancelling event due to no window focus: MotionEvent { action=ACTION_CANCEL, id[0]=0, x[0]=0.0, y[0]=0.0, toolType[0]=TOOL_TYPE_UNKNOWN, buttonState=0, metaState=0, flags=0x0, edgeFlags=0x0, pointerCount=1, historySize=0, eventTime=9850384, downTime=9850372, deviceId=0, source=0x10004 }
W/ViewRootImpl( 4682): Cancelling event due to no window focus: MotionEvent { action=ACTION_CANCEL, id[0]=0, x[0]=0.0, y[0]=0.0, toolType[0]=TOOL_TYPE_UNKNOWN, buttonState=0, metaState=0, flags=0x0, edgeFlags=0x0, pointerCount=1, historySize=0, eventTime=9850384, downTime=9850372, deviceId=0, source=0x10004 }
W/ViewRootImpl( 4682): Cancelling event due to no window focus: MotionEvent { action=ACTION_CANCEL, id[0]=0, x[0]=0.0, y[0]=0.0, toolType[0]=TOOL_TYPE_UNKNOWN, buttonState=0, metaState=0, flags=0x0, edgeFlags=0x0, pointerCount=1, historySize=0, eventTime=9850384, downTime=9850372, deviceId=0, source=0x10004 }
W/ViewRootImpl( 4682): Cancelling event due to no window focus: MotionEvent { action=ACTION_CANCEL, id[0]=0, x[0]=0.0, y[0]=0.0, toolType[0]=TOOL_TYPE_UNKNOWN, buttonState=0, metaState=0, flags=0x0, edgeFlags=0x0, pointerCount=1, historySize=0, eventTime=9850384, downTime=9850372, deviceId=0, source=0x10004 }
W/ViewRootImpl( 4682): Cancelling event due to no window focus: MotionEvent { action=ACTION_CANCEL, id[0]=0, x[0]=0.0, y[0]=0.0, toolType[0]=TOOL_TYPE_UNKNOWN, buttonState=0, metaState=0, flags=0x0, edgeFlags=0x0, pointerCount=1, historySize=0, eventTime=9850384, downTime=9850372, deviceId=0, source=0x10004 }
I/AppiumUnicodeIME(  672): onKeyDown (keyCode='22', event.keyCode='22', metaState='0')
I/AppiumUnicodeIME(  672): onFinishInput
I/AppiumUnicodeIME(  672): onStartInput
I/AppiumUnicodeIME(  672): onKeyUp (keyCode='22', event.keyCode='22', metaState='0')
W/AudioTrack(  527): AUDIO_OUTPUT_FLAG_FAST denied by client
I/ActivityManager(  527): START u0 {cmp=com.zzl.falcon.internal/com.zzl.falcon.invest.InvestmentDetailActivity (has extras)} from uid 10068 on display 0
W/AudioTrack(  527): AUDIO_OUTPUT_FLAG_FAST denied by client
V/WindowManager(  527): addAppToken: AppWindowToken{34181a84 token=Token{bb54897 ActivityRecord{1bbee716 u0 com.zzl.falcon.internal/com.zzl.falcon.invest.InvestmentDetailActivity t45}}} to stack=1 task=45 at 1
I/AppiumUnicodeIME(  672): onFinishInput
I/AppiumUnicodeIME(  672): onStartInput
I/AppiumUnicodeIME(  672): onKeyDown (keyCode='19', event.keyCode='19', metaState='0')
I/AppiumUnicodeIME(  672): onKeyUp (keyCode='19', event.keyCode='19', metaState='0')
I/AppiumUnicodeIME(  672): onKeyDown (keyCode='19', event.keyCode='19', metaState='0')
I/AppiumUnicodeIME(  672): onKeyUp (keyCode='19', event.keyCode='19', metaState='0')
W/AudioTrack(  527): AUDIO_OUTPUT_FLAG_FAST denied by client
D/ForegroundCallbacks( 4682): still foreground
V/WindowManager(  527): Adding window Window{13a5ea2 u0 com.zzl.falcon.internal/com.zzl.falcon.invest.InvestmentDetailActivity} at 6 of 11 (after Window{5eda3b4 u0 com.zzl.falcon.internal/com.zzl.falcon.MainActivity})
I/AppiumUnicodeIME(  672): onFinishInput
I/AppiumUnicodeIME(  672): onStartInput
I/InputDispatcher(  527): Dropped event because of pending overdue app switch.
W/InputManager(  527): Input event injection from pid 6641 failed.
W/EGL_emulation( 4682): eglSurfaceAttrib not implemented
W/OpenGLRenderer( 4682): Failed to set EGL_SWAP_BEHAVIOR on surface 0xe1ccac80, error=EGL_SUCCESS
W/ViewRootImpl( 4682): Cancelling event due to no window focus: KeyEvent { action=ACTION_UP, keyCode=KEYCODE_J, scanCode=0, metaState=0, flags=0x28, repeatCount=0, eventTime=9850761, downTime=9850761, deviceId=-1, source=0x101 }
W/ViewRootImpl( 4682): Cancelling event due to no window focus: KeyEvent { action=ACTION_UP, keyCode=KEYCODE_J, scanCode=0, metaState=0, flags=0x28, repeatCount=0, eventTime=9850761, downTime=9850761, deviceId=-1, source=0x101 }
W/ViewRootImpl( 4682): Cancelling event due to no window focus: KeyEvent { action=ACTION_UP, keyCode=KEYCODE_J, scanCode=0, metaState=0, flags=0x28, repeatCount=0, eventTime=9850761, downTime=9850761, deviceId=-1, source=0x101 }
W/ViewRootImpl( 4682): Cancelling event due to no window focus: KeyEvent { action=ACTION_UP, keyCode=KEYCODE_J, scanCode=0, metaState=0, flags=0x28, repeatCount=0, eventTime=9850761, downTime=9850761, deviceId=-1, source=0x101 }
W/ViewRootImpl( 4682): Cancelling event due to no window focus: KeyEvent { action=ACTION_UP, keyCode=KEYCODE_J, scanCode=0, metaState=0, flags=0x28, repeatCount=0, eventTime=9850761, downTime=9850761, deviceId=-1, source=0x101 }
W/ViewRootImpl( 4682): Cancelling event due to no window focus: KeyEvent { action=ACTION_UP, keyCode=KEYCODE_J, scanCode=0, metaState=0, flags=0x28, repeatCount=0, eventTime=9850761, downTime=9850761, deviceId=-1, source=0x101 }
W/ViewRootImpl( 4682): Cancelling event due to no window focus: KeyEvent { action=ACTION_UP, keyCode=KEYCODE_J, scanCode=0, metaState=0, flags=0x28, repeatCount=0, eventTime=9850761, downTime=9850761, deviceId=-1, source=0x101 }
W/ViewRootImpl( 4682): Cancelling event due to no window focus: KeyEvent { action=ACTION_UP, keyCode=KEYCODE_J, scanCode=0, metaState=0, flags=0x28, repeatCount=0, eventTime=9850761, downTime=9850761, deviceId=-1, source=0x101 }
W/ViewRootImpl( 4682): Cancelling event due to no window focus: KeyEvent { action=ACTION_UP, keyCode=KEYCODE_J, scanCode=0, metaState=0, flags=0x28, repeatCount=0, eventTime=9850761, downTime=9850761, deviceId=-1, source=0x101 }
E/com.umeng.message.UTrack( 4682): RegistrationId is empty
E/com.umeng.message.UTrack( 4682): RegistrationId is empty
W/ViewRootImpl( 4682): Dropping event due to no window focus: KeyEvent { action=ACTION_DOWN, keyCode=KEYCODE_SPACE, scanCode=0, metaState=0, flags=0x8, repeatCount=0, eventTime=9850788, downTime=9850788, deviceId=-1, source=0x101 }
W/ViewRootImpl( 4682): Cancelling event due to no window focus: KeyEvent { action=ACTION_UP, keyCode=KEYCODE_SPACE, scanCode=0, metaState=0, flags=0x28, repeatCount=0, eventTime=9850844, downTime=9850844, deviceId=-1, source=0x101 }
W/ViewRootImpl( 4682): Cancelling event due to no window focus: KeyEvent { action=ACTION_UP, keyCode=KEYCODE_SPACE, scanCode=0, metaState=0, flags=0x28, repeatCount=0, eventTime=9850844, downTime=9850844, deviceId=-1, source=0x101 }
W/ViewRootImpl( 4682): Cancelling event due to no window focus: KeyEvent { action=ACTION_UP, keyCode=KEYCODE_SPACE, scanCode=0, metaState=0, flags=0x28, repeatCount=0, eventTime=9850844, downTime=9850844, deviceId=-1, source=0x101 }
W/ViewRootImpl( 4682): Cancelling event due to no window focus: KeyEvent { action=ACTION_UP, keyCode=KEYCODE_SPACE, scanCode=0, metaState=0, flags=0x28, repeatCount=0, eventTime=9850844, downTime=9850844, deviceId=-1, source=0x101 }
W/ViewRootImpl( 4682): Cancelling event due to no window focus: KeyEvent { action=ACTION_UP, keyCode=KEYCODE_SPACE, scanCode=0, metaState=0, flags=0x28, repeatCount=0, eventTime=9850844, downTime=9850844, deviceId=-1, source=0x101 }
W/ViewRootImpl( 4682): Cancelling event due to no window focus: KeyEvent { action=ACTION_UP, keyCode=KEYCODE_SPACE, scanCode=0, metaState=0, flags=0x28, repeatCount=0, eventTime=9850844, downTime=9850844, deviceId=-1, source=0x101 }
W/ViewRootImpl( 4682): Cancelling event due to no window focus: KeyEvent { action=ACTION_UP, keyCode=KEYCODE_SPACE, scanCode=0, metaState=0, flags=0x28, repeatCount=0, eventTime=9850844, downTime=9850844, deviceId=-1, source=0x101 }
W/ViewRootImpl( 4682): Cancelling event due to no window focus: KeyEvent { action=ACTION_UP, keyCode=KEYCODE_SPACE, scanCode=0, metaState=0, flags=0x28, repeatCount=0, eventTime=9850844, downTime=9850844, deviceId=-1, source=0x101 }
W/ViewRootImpl( 4682): Cancelling event due to no window focus: KeyEvent { action=ACTION_UP, keyCode=KEYCODE_SPACE, scanCode=0, metaState=0, flags=0x28, repeatCount=0, eventTime=9850844, downTime=9850844, deviceId=-1, source=0x101 }
W/ViewRootImpl( 4682): Dropping event due to no window focus: KeyEvent { action=ACTION_DOWN, keyCode=KEYCODE_DPAD_UP, scanCode=0, metaState=0, flags=0x8, repeatCount=0, eventTime=9850848, downTime=9850848, deviceId=-1, source=0x101 }
I/art     (  636): Explicit concurrent mark sweep GC freed 8532(401KB) AllocSpace objects, 0(0B) LOS objects, 40% free, 9MB/16MB, paused 389us total 20.009ms
W/EGL_emulation( 4682): eglSurfaceAttrib not implemented
W/OpenGLRenderer( 4682): Failed to set EGL_SWAP_BEHAVIOR on surface 0xe1d06220, error=EGL_SUCCESS
I/ActivityManager(  527): Displayed com.zzl.falcon.internal/com.zzl.falcon.invest.InvestmentDetailActivity: +500ms
W/ViewRootImpl( 4682): Cancelling event due to no window focus: KeyEvent { action=ACTION_UP, keyCode=KEYCODE_DPAD_UP, scanCode=0, metaState=0, flags=0x28, repeatCount=0, eventTime=9850890, downTime=9850890, deviceId=-1, source=0x101 }
W/ViewRootImpl( 4682): Cancelling event due to no window focus: KeyEvent { action=ACTION_UP, keyCode=KEYCODE_DPAD_UP, scanCode=0, metaState=0, flags=0x28, repeatCount=0, eventTime=9850890, downTime=9850890, deviceId=-1, source=0x101 }
W/ViewRootImpl( 4682): Cancelling event due to no window focus: KeyEvent { action=ACTION_UP, keyCode=KEYCODE_DPAD_UP, scanCode=0, metaState=0, flags=0x28, repeatCount=0, eventTime=9850890, downTime=9850890, deviceId=-1, source=0x101 }
W/ViewRootImpl( 4682): Cancelling event due to no window focus: KeyEvent { action=ACTION_UP, keyCode=KEYCODE_DPAD_UP, scanCode=0, metaState=0, flags=0x28, repeatCount=0, eventTime=9850890, downTime=9850890, deviceId=-1, source=0x101 }
W/ViewRootImpl( 4682): Cancelling event due to no window focus: KeyEvent { action=ACTION_UP, keyCode=KEYCODE_DPAD_UP, scanCode=0, metaState=0, flags=0x28, repeatCount=0, eventTime=9850890, downTime=9850890, deviceId=-1, source=0x101 }
W/ViewRootImpl( 4682): Cancelling event due to no window focus: KeyEvent { action=ACTION_UP, keyCode=KEYCODE_DPAD_UP, scanCode=0, metaState=0, flags=0x28, repeatCount=0, eventTime=9850890, downTime=9850890, deviceId=-1, source=0x101 }
W/ViewRootImpl( 4682): Cancelling event due to no window focus: KeyEvent { action=ACTION_UP, keyCode=KEYCODE_DPAD_UP, scanCode=0, metaState=0, flags=0x28, repeatCount=0, eventTime=9850890, downTime=9850890, deviceId=-1, source=0x101 }
W/ViewRootImpl( 4682): Cancelling event due to no window focus: KeyEvent { action=ACTION_UP, keyCode=KEYCODE_DPAD_UP, scanCode=0, metaState=0, flags=0x28, repeatCount=0, eventTime=9850890, downTime=9850890, deviceId=-1, source=0x101 }
W/ViewRootImpl( 4682): Cancelling event due to no window focus: KeyEvent { action=ACTION_UP, keyCode=KEYCODE_DPAD_UP, scanCode=0, metaState=0, flags=0x28, repeatCount=0, eventTime=9850890, downTime=9850890, deviceId=-1, source=0x101 }
I/AppiumUnicodeIME(  672): onKeyDown (keyCode='151', event.keyCode='151', metaState='0')
I/AppiumUnicodeIME(  672): onFinishInput
I/AppiumUnicodeIME(  672): onStartInput
I/AppiumUnicodeIME(  672): onKeyDown (keyCode='122', event.keyCode='122', metaState='0')
I/AppiumUnicodeIME(  672): onKeyUp (keyCode='151', event.keyCode='151', metaState='0')
I/AppiumUnicodeIME(  672): onKeyUp (keyCode='122', event.keyCode='122', metaState='0')
I/AppiumUnicodeIME(  672): onKeyDown (keyCode='20', event.keyCode='20', metaState='0')
I/AppiumUnicodeIME(  672): onKeyUp (keyCode='20', event.keyCode='20', metaState='0')
I/AppiumUnicodeIME(  672): onKeyDown (keyCode='20', event.keyCode='20', metaState='0')
I/AppiumUnicodeIME(  672): onKeyUp (keyCode='20', event.keyCode='20', metaState='0')
I/AppiumUnicodeIME(  672): onKeyDown (keyCode='235', event.keyCode='235', metaState='0')
I/AppiumUnicodeIME(  672): onKeyUp (keyCode='235', event.keyCode='235', metaState='0')
I/AppiumUnicodeIME(  672): onKeyDown (keyCode='19', event.keyCode='19', metaState='0')
I/AppiumUnicodeIME(  672): onKeyUp (keyCode='19', event.keyCode='19', metaState='0')
I/AppiumUnicodeIME(  672): onKeyDown (keyCode='22', event.keyCode='22', metaState='0')
I/AppiumUnicodeIME(  672): onKeyUp (keyCode='22', event.keyCode='22', metaState='0')
I/AppiumUnicodeIME(  672): onKeyDown (keyCode='76', event.keyCode='76', metaState='0')
I/AppiumUnicodeIME(  672): onKeyUp (keyCode='76', event.keyCode='76', metaState='0')
I/AppiumUnicodeIME(  672): onKeyDown (keyCode='19', event.keyCode='19', metaState='0')
I/AppiumUnicodeIME(  672): onKeyUp (keyCode='19', event.keyCode='19', metaState='0')
I/AppiumUnicodeIME(  672): onKeyDown (keyCode='19', event.keyCode='19', metaState='0')
I/AppiumUnicodeIME(  672): onKeyUp (keyCode='19', event.keyCode='19', metaState='0')
I/AppiumUnicodeIME(  672): onKeyDown (keyCode='19', event.keyCode='19', metaState='0')
I/AppiumUnicodeIME(  672): onKeyUp (keyCode='19', event.keyCode='19', metaState='0')
I/AppiumUnicodeIME(  672): onKeyDown (keyCode='21', event.keyCode='21', metaState='0')
I/AppiumUnicodeIME(  672): onKeyUp (keyCode='21', event.keyCode='21', metaState='0')
I/ActivityManager(  527): START u0 {act=android.intent.action.MAIN cat=[android.intent.category.LAUNCHER] flg=0x10200000 cmp=com.zzl.falcon.internal/com.squareup.leakcanary.internal.DisplayLeakActivity} from uid 0 on display 0
I/AppiumUnicodeIME(  672): onKeyDown (keyCode='19', event.keyCode='19', metaState='0')
I/AppiumUnicodeIME(  672): onKeyDown (keyCode='19', event.keyCode='19', metaState='0')
I/AppiumUnicodeIME(  672): onKeyUp (keyCode='19', event.keyCode='19', metaState='0')
I/AppiumUnicodeIME(  672): onKeyDown (keyCode='19', event.keyCode='19', metaState='0')
I/AppiumUnicodeIME(  672): onKeyUp (keyCode='19', event.keyCode='19', metaState='0')
V/WindowManager(  527): addAppToken: AppWindowToken{1dd41c6 token=Token{30395ba1 ActivityRecord{f8e9808 u0 com.zzl.falcon.internal/com.squareup.leakcanary.internal.DisplayLeakActivity t48}}} to stack=1 task=48 at 0
E/EGL_emulation(  502): tid 502: eglCreateSyncKHR(1209): error 0x3004 (EGL_BAD_ATTRIBUTE)
V/WindowManager(  527): Adding window Window{31a7a39b u0 Starting com.zzl.falcon.internal} at 7 of 13 (after Window{13a5ea2 u0 com.zzl.falcon.internal/com.zzl.falcon.invest.InvestmentDetailActivity})
I/InputDispatcher(  527): Dropping event because there is no touchable window at (263, 824).
W/InputManager(  527): Input event injection from pid 6641 failed.
W/InputManager(  527): Input event injection from pid 6641 failed.
W/InputManager(  527): Input event injection from pid 6641 failed.
W/InputManager(  527): Input event injection from pid 6641 failed.
W/InputManager(  527): Input event injection from pid 6641 failed.
W/InputManager(  527): Input event injection from pid 6641 failed.
W/InputManager(  527): Input event injection from pid 6641 failed.
W/InputManager(  527): Input event injection from pid 6641 failed.
I/InputDispatcher(  527): Dropping event because there is no touchable window at (437, 812).
W/InputManager(  527): Input event injection from pid 6641 failed.
W/InputManager(  527): Input event injection from pid 6641 failed.
W/InputManager(  527): Input event injection from pid 6641 failed.
W/InputManager(  527): Input event injection from pid 6641 failed.
I/InputDispatcher(  527): Dropping event because there is no touchable window at (204, 784).
W/InputManager(  527): Input event injection from pid 6641 failed.
W/InputManager(  527): Input event injection from pid 6641 failed.
W/InputManager(  527): Input event injection from pid 6641 failed.
W/InputManager(  527): Input event injection from pid 6641 failed.
V/WindowManager(  527): Adding window Window{81f6f11 u0 com.zzl.falcon.internal/com.squareup.leakcanary.internal.DisplayLeakActivity} at 7 of 14 (before Window{31a7a39b u0 Starting com.zzl.falcon.internal})
I/art     ( 6641): System.exit called, status: 0
I/AndroidRuntime( 6641): VM exiting with result code 0.
W/EGL_emulation( 4927): eglSurfaceAttrib not implemented
W/OpenGLRenderer( 4927): Failed to set EGL_SWAP_BEHAVIOR on surface 0xf3f62940, error=EGL_SUCCESS
I/art     (  527): Explicit concurrent mark sweep GC freed 12191(581KB) AllocSpace objects, 2(32KB) LOS objects, 33% free, 13MB/20MB, paused 3.341ms total 44.217ms
I/AppiumUnicodeIME(  672): onFinishInput
I/AppiumUnicodeIME(  672): onStartInput
I/ActivityManager(  527): Displayed com.zzl.falcon.internal/com.squareup.leakcanary.internal.DisplayLeakActivity: +328ms
D/ForegroundCallbacks( 4682): went background
I/awcn.ComponentCallbacks2( 4682):  onTrimMemory level:20
I/awcn.SessionCenter( 4682): |[seq:[default]] [background]
I/awcn.StrategyCenter( 4682):  saveData
I/awcn.SessionCenter( 4682): |[seq:umeng:56aadbf567e58e38d4000976] [background]
I/awcn.StrategyCenter( 4682):  saveData
W/ResourceType(  636): No package identifier when getting value for resource number 0x00000000
W/PackageManager(  636): Failure retrieving resources for com.zzl.falcon.internal: Resource ID #0x0
I/art     (  636): Explicit concurrent mark sweep GC freed 13420(571KB) AllocSpace objects, 1(576KB) LOS objects, 40% free, 10MB/17MB, paused 497us total 22.147ms
D/TaskPersister(  527): removeObsoleteFile: deleting file=47_task.xml
D/TaskPersister(  527): removeObsoleteFile: deleting file=47_task_thumbnail.png
I/art     (  527): Explicit concurrent mark sweep GC freed 8444(416KB) AllocSpace objects, 8(2MB) LOS objects, 33% free, 11MB/17MB, paused 583us total 19.121ms
I/art     (  636): Explicit concurrent mark sweep GC freed 3844(201KB) AllocSpace objects, 2(1152KB) LOS objects, 40% free, 9MB/15MB, paused 617us total 22.343ms
I/art     (  527): Explicit concurrent mark sweep GC freed 9274(505KB) AllocSpace objects, 7(132KB) LOS objects, 33% free, 11MB/17MB, paused 1.140ms total 20.143ms
I/art     (  636): Explicit concurrent mark sweep GC freed 3627(188KB) AllocSpace objects, 0(0B) LOS objects, 40% free, 9MB/15MB, paused 301us total 10.532ms
I/art     (  527): Explicit concurrent mark sweep GC freed 5879(249KB) AllocSpace objects, 0(0B) LOS objects, 33% free, 11MB/17MB, paused 797us total 18.917ms
I/art     (  636): Explicit concurrent mark sweep GC freed 3631(189KB) AllocSpace objects, 0(0B) LOS objects, 39% free, 9MB/15MB, paused 214us total 12.316ms
D/AndroidRuntime( 6727): >>>>>> START com.android.internal.os.RuntimeInit uid 0 <<<<<<
D/AndroidRuntime( 6727): CheckJNI is OFF
I/art     (  527): Explicit concurrent mark sweep GC freed 5463(211KB) AllocSpace objects, 0(0B) LOS objects, 33% free, 11MB/17MB, paused 1.536ms total 27.318ms
E/memtrack( 6727): Couldn't load memtrack module (No such file or directory)
E/android.os.Debug( 6727): failed to load memtrack module: -2
D/AndroidRuntime( 6727): Calling main entry com.android.commands.pm.Pm
I/art     ( 6727): System.exit called, status: 0
I/AndroidRuntime( 6727): VM exiting with result code 0.
I/art     (  636): Explicit concurrent mark sweep GC freed 3624(188KB) AllocSpace objects, 0(0B) LOS objects, 39% free, 9MB/15MB, paused 192us total 10.725ms
I/art     (  527): Explicit concurrent mark sweep GC freed 5549(224KB) AllocSpace objects, 0(0B) LOS objects, 33% free, 11MB/17MB, paused 893us total 20.005ms
I/art     (  636): Explicit concurrent mark sweep GC freed 3630(188KB) AllocSpace objects, 0(0B) LOS objects, 40% free, 9MB/15MB, paused 513us total 10.770ms
I/art     (  527): Explicit concurrent mark sweep GC freed 5461(211KB) AllocSpace objects, 0(0B) LOS objects, 33% free, 11MB/17MB, paused 1.062ms total 21.032ms
I/art     (  636): Explicit concurrent mark sweep GC freed 3630(188KB) AllocSpace objects, 0(0B) LOS objects, 40% free, 9MB/15MB, paused 196us total 9.887ms
I/art     (  527): Explicit concurrent mark sweep GC freed 5457(211KB) AllocSpace objects, 0(0B) LOS objects, 33% free, 11MB/17MB, paused 844us total 17.691ms
I/art     (  636): Explicit concurrent mark sweep GC freed 3630(188KB) AllocSpace objects, 0(0B) LOS objects, 39% free, 9MB/15MB, paused 395us total 10.784ms
I/art     (  527): Explicit concurrent mark sweep GC freed 5460(211KB) AllocSpace objects, 0(0B) LOS objects, 33% free, 11MB/17MB, paused 1.046ms total 20.947ms
I/art     (  636): Explicit concurrent mark sweep GC freed 3955(201KB) AllocSpace objects, 0(0B) LOS objects, 40% free, 9MB/15MB, paused 241us total 10.163ms
I/art     (  527): Explicit concurrent mark sweep GC freed 5544(214KB) AllocSpace objects, 0(0B) LOS objects, 33% free, 11MB/17MB, paused 737us total 17.464ms
I/art     (  636): Explicit concurrent mark sweep GC freed 3650(189KB) AllocSpace objects, 0(0B) LOS objects, 39% free, 9MB/15MB, paused 336us total 10.576ms
I/art     (  527): Explicit concurrent mark sweep GC freed 5473(212KB) AllocSpace objects, 0(0B) LOS objects, 33% free, 11MB/17MB, paused 524us total 17.777ms
I/art     (  636): Explicit concurrent mark sweep GC freed 3631(189KB) AllocSpace objects, 0(0B) LOS objects, 40% free, 9MB/15MB, paused 237us total 10.557ms
I/art     (  527): Explicit concurrent mark sweep GC freed 5574(218KB) AllocSpace objects, 0(0B) LOS objects, 33% free, 11MB/17MB, paused 1.142ms total 18.831ms
I/art     (  636): Explicit concurrent mark sweep GC freed 3630(188KB) AllocSpace objects, 0(0B) LOS objects, 40% free, 9MB/15MB, paused 404us total 11.257ms
I/art     (  527): Explicit concurrent mark sweep GC freed 5470(211KB) AllocSpace objects, 0(0B) LOS objects, 33% free, 11MB/17MB, paused 1.049ms total 19.465ms
I/art     (  636): Explicit concurrent mark sweep GC freed 3621(188KB) AllocSpace objects, 0(0B) LOS objects, 40% free, 9MB/15MB, paused 626us total 17.624ms
I/art     (  527): Explicit concurrent mark sweep GC freed 5455(211KB) AllocSpace objects, 0(0B) LOS objects, 33% free, 11MB/17MB, paused 393us total 20.032ms
I/art     (  636): Explicit concurrent mark sweep GC freed 3630(188KB) AllocSpace objects, 0(0B) LOS objects, 39% free, 9MB/15MB, paused 334us total 11.475ms
I/art     (  527): Explicit concurrent mark sweep GC freed 5437(210KB) AllocSpace objects, 0(0B) LOS objects, 33% free, 11MB/17MB, paused 738us total 18.456ms
I/art     (  636): Explicit concurrent mark sweep GC freed 3621(188KB) AllocSpace objects, 0(0B) LOS objects, 39% free, 9MB/15MB, paused 233us total 11.285ms
I/art     (  527): Explicit concurrent mark sweep GC freed 5455(211KB) AllocSpace objects, 0(0B) LOS objects, 33% free, 11MB/17MB, paused 414us total 19.062ms
I/art     (  636): Explicit concurrent mark sweep GC freed 3630(188KB) AllocSpace objects, 0(0B) LOS objects, 40% free, 9MB/15MB, paused 188us total 10.400ms
I/art     (  527): Explicit concurrent mark sweep GC freed 5460(211KB) AllocSpace objects, 0(0B) LOS objects, 33% free, 11MB/17MB, paused 582us total 30.653ms
I/art     (  636): Explicit concurrent mark sweep GC freed 3630(188KB) AllocSpace objects, 0(0B) LOS objects, 40% free, 9MB/15MB, paused 240us total 10.954ms
I/art     (  527): Explicit concurrent mark sweep GC freed 5457(211KB) AllocSpace objects, 0(0B) LOS objects, 33% free, 11MB/17MB, paused 1.541ms total 28.289ms
I/art     (  636): Explicit concurrent mark sweep GC freed 3630(188KB) AllocSpace objects, 0(0B) LOS objects, 39% free, 9MB/15MB, paused 356us total 18.814ms
I/art     (  527): Explicit concurrent mark sweep GC freed 5479(213KB) AllocSpace objects, 0(0B) LOS objects, 33% free, 11MB/17MB, paused 525us total 17.169ms
I/art     (  636): Explicit concurrent mark sweep GC freed 3631(189KB) AllocSpace objects, 0(0B) LOS objects, 40% free, 9MB/15MB, paused 209us total 11.761ms
I/art     (  527): Explicit concurrent mark sweep GC freed 5458(211KB) AllocSpace objects, 0(0B) LOS objects, 33% free, 11MB/17MB, paused 461us total 17.568ms
I/art     (  636): Explicit concurrent mark sweep GC freed 3621(188KB) AllocSpace objects, 0(0B) LOS objects, 40% free, 9MB/15MB, paused 179us total 9.396ms
I/art     (  527): Explicit concurrent mark sweep GC freed 5633(219KB) AllocSpace objects, 0(0B) LOS objects, 33% free, 11MB/17MB, paused 952us total 31.796ms
I/art     (  636): Explicit concurrent mark sweep GC freed 3627(188KB) AllocSpace objects, 0(0B) LOS objects, 40% free, 9MB/15MB, paused 220us total 11.227ms
I/art     (  527): Explicit concurrent mark sweep GC freed 5460(211KB) AllocSpace objects, 0(0B) LOS objects, 33% free, 11MB/17MB, paused 401us total 38.425ms
I/art     (  636): Explicit concurrent mark sweep GC freed 3633(189KB) AllocSpace objects, 0(0B) LOS objects, 39% free, 9MB/15MB, paused 235us total 11.072ms
I/art     (  527): Explicit concurrent mark sweep GC freed 5486(213KB) AllocSpace objects, 0(0B) LOS objects, 33% free, 11MB/17MB, paused 369us total 16.461ms
I/art     (  636): Explicit concurrent mark sweep GC freed 3630(188KB) AllocSpace objects, 0(0B) LOS objects, 40% free, 9MB/15MB, paused 180us total 9.693ms
I/art     (  527): Explicit concurrent mark sweep GC freed 5464(211KB) AllocSpace objects, 0(0B) LOS objects, 33% free, 11MB/17MB, paused 895us total 18.180ms
I/art     (  636): Explicit concurrent mark sweep GC freed 3630(188KB) AllocSpace objects, 0(0B) LOS objects, 40% free, 9MB/15MB, paused 468us total 11.253ms
I/art     (  527): Explicit concurrent mark sweep GC freed 5457(211KB) AllocSpace objects, 0(0B) LOS objects, 33% free, 11MB/17MB, paused 610us total 17.674ms
I/art     (  636): Explicit concurrent mark sweep GC freed 3630(188KB) AllocSpace objects, 0(0B) LOS objects, 39% free, 9MB/15MB, paused 421us total 9.985ms
I/art     (  527): Explicit concurrent mark sweep GC freed 5676(240KB) AllocSpace objects, 0(0B) LOS objects, 33% free, 11MB/17MB, paused 418us total 21.123ms
I/art     (  636): Explicit concurrent mark sweep GC freed 3628(188KB) AllocSpace objects, 0(0B) LOS objects, 40% free, 9MB/15MB, paused 193us total 11.131ms
I/art     (  527): Explicit concurrent mark sweep GC freed 5458(212KB) AllocSpace objects, 0(0B) LOS objects, 33% free, 11MB/17MB, paused 881us total 20.866ms
I/art     (  636): Explicit concurrent mark sweep GC freed 3633(189KB) AllocSpace objects, 0(0B) LOS objects, 40% free, 9MB/15MB, paused 186us total 10.826ms
I/art     (  527): Explicit concurrent mark sweep GC freed 5431(210KB) AllocSpace objects, 0(0B) LOS objects, 33% free, 11MB/17MB, paused 633us total 19.021ms
I/art     (  636): Explicit concurrent mark sweep GC freed 3621(188KB) AllocSpace objects, 0(0B) LOS objects, 39% free, 9MB/15MB, paused 358us total 10.743ms
I/art     (  527): Explicit concurrent mark sweep GC freed 5452(211KB) AllocSpace objects, 0(0B) LOS objects, 33% free, 11MB/17MB, paused 809us total 24.768ms
I/art     (  636): Explicit concurrent mark sweep GC freed 3618(188KB) AllocSpace objects, 0(0B) LOS objects, 39% free, 9MB/15MB, paused 494us total 10.757ms
I/art     (  527): Explicit concurrent mark sweep GC freed 5460(211KB) AllocSpace objects, 0(0B) LOS objects, 33% free, 11MB/17MB, paused 511us total 20.429ms
D/accs.BaseReceiver( 1217):  onReceive
D/accs.ReceiverImpl( 1217):  ReceiverImpl onReceive begin......
D/accs.AdapterGlobalClientInfo( 1217):  getAgooCustomServiceName name:com.umeng.message.UmengIntentService
D/accs.AdapterGlobalClientInfo( 1217):  getAgooCustomServiceName name:com.umeng.message.UmengIntentService
I/accs.ElectionServiceImpl( 1217):  onStartCommand begin action:com.taobao.accs.intent.action.COMMAND
I/accs.ElectionServiceUtil( 1217):  getElectionResult from mem host:com.zzl.itoube.internal retry:0
I/accs.ElectionServiceImpl( 1217):  deliver to channelservice host pkg:com.zzl.itoube.internal
I/accs.ServiceImpl( 1217):  onHostStartCommand:Intent { act=com.taobao.accs.intent.action.COMMAND flg=0x14 pkg=com.zzl.itoube.internal cmp=com.zzl.itoube.internal/com.taobao.accs.ChannelService (has extras) }
D/accs.ServiceImpl( 1217):  key command: value 201
D/accs.ServiceImpl( 1217):  key android.intent.extra.ALARM_COUNT: value 1
I/accs.LoadSoFailUtil( 1217):  getSoFailTimes times:0
D/accs.SpdyConnection( 1217):  try ping, force:false
D/accs.SpdyConnection( 1217):  send message, PING delay:0 dataId:117
I/accs.ServiceImpl( 1217):  command:201
D/accs.SpdyConnection( 1217):  send message, PING delay:0 dataId:118
D/accs.NetworkThread( 1217):  try get message
D/accs.NetworkThread( 1217):  send message not null
I/accs.NetworkThread( 1217):  0 send:PING status:3
D/accs.OrangeAdapter( 1217):  isSmartHb result:true
D/accs.NetworkThread( 1217):  ms:270006 force:false
D/accs.SpdyConnection( 1217):  clearRepeatControlCommand message:201/
D/accs.MonitorStatistic( 1217):  commitUT interval:340947 interval1:9920064
E/accs.NetworkThread( 1217):  0 try connect, force = true failTimes = 0
I/accs.NetworkThread( 1217):  0 try connect, need sleep
D/accs.AccsJobService( 4764):  onStartJob
I/accs.BaseIntentService( 1217):  onHandleIntent,action=com.taobao.accs.intent.action.COMMAND,agooCommand=com.zzl.itoube.internal.intent.action.COMMAND,mipushCommand=com.zzl.itoube.internal.intent.thirdPush.action.COMMAND
I/accs.ElectionServiceImpl( 4764):  onStartCommand begin action:com.taobao.accs.intent.action.COMMAND
I/accs.OrangeAdapter( 4764):  isElectionEnable result:false
I/accs.OrangeAdapter( 4764):  isElectionEnable result:false
I/accs.ElectionServiceImpl( 4764):  deliver to channelservice host pkg:
I/accs.ServiceImpl( 4764):  onHostStartCommand:Intent { act=com.taobao.accs.intent.action.COMMAND pkg=com.zzl.falcon.internal cmp=com.zzl.falcon.internal/com.taobao.accs.ChannelService (has extras) }
D/accs.ServiceImpl( 4764):  key command: value 201
I/accs.LoadSoFailUtil( 4764):  getSoFailTimes times:0
D/accs.SilenceConn_umeng:56aadbf567e58e38d4000976( 4764):  try ping, force:false
D/accs.SilenceConn_umeng:56aadbf567e58e38d4000976( 4764):  send message, PING delay:0 dataId:64
I/accs.ServiceImpl( 4764):  tryConnect appkey:0 configTag:umeng:56aadbf567e58e38d4000976|0
I/accs.ServiceImpl( 4764):  command:201
D/accs.NetworkThread_umeng:56aadbf567e58e38d4000976( 4764):  ready to get message
D/accs.NetworkThread_umeng:56aadbf567e58e38d4000976( 4764):  try get message
D/accs.NetworkThread_umeng:56aadbf567e58e38d4000976( 4764):  send message not null
I/accs.NetworkThread_umeng:56aadbf567e58e38d4000976( 4764):  0 send:PING status:3
D/accs.OrangeAdapter( 4764):  isSmartHb result:true
D/accs.NetworkThread_umeng:56aadbf567e58e38d4000976( 4764):  ms:320916 force:false
D/accs.SilenceConn_umeng:56aadbf567e58e38d4000976( 4764):  send message, PING delay:0 dataId:65
D/accs.MonitorStatistic( 4764):  commitUT interval:1351348 interval1:3243926
D/accs.MonitorStatistic( 4764):  eventId=66001;arg1=1;arg2=0;arg3=221;args={commitTime=1515835737150, networkAvailable=true, connStatus=3, startServiceTime=1515832493224, proxy=, url=null, connType=0, tcpConnected=false, threadIsalive=true}
D/accs.UTMini( 4764):  commitEvent fail java.lang.NoClassDefFoundError: Failed resolution of: Lcom/ut/mini/internal/UTOriginalCustomHitBuilder;
D/accs.SilenceConn_umeng:56aadbf567e58e38d4000976( 4764):  clearRepeatControlCommand message:201/
E/accs.NetworkThread_umeng:56aadbf567e58e38d4000976( 4764):  0 try connect, force = true failTimes = 0
I/accs.NetworkThread_umeng:56aadbf567e58e38d4000976( 4764):  0 try connect, need sleep
I/art     (  636): Explicit concurrent mark sweep GC freed 3633(189KB) AllocSpace objects, 0(0B) LOS objects, 40% free, 9MB/15MB, paused 494us total 13.084ms
I/art     (  527): Explicit concurrent mark sweep GC freed 5658(221KB) AllocSpace objects, 0(0B) LOS objects, 33% free, 11MB/17MB, paused 813us total 22.630ms
I/art     (  636): Explicit concurrent mark sweep GC freed 3955(201KB) AllocSpace objects, 0(0B) LOS objects, 40% free, 9MB/15MB, paused 576us total 10.198ms
I/art     (  527): Explicit concurrent mark sweep GC freed 5558(215KB) AllocSpace objects, 0(0B) LOS objects, 33% free, 11MB/17MB, paused 350us total 17.324ms
I/accs.SpdyConnection( 1217):  0 getDefaultHost:umengjmacs.m.taobao.com
E/accs.SpdyConnection( 1217):  0 connect strategys ip:106.11.61.109 port:80
E/accs.SpdyConnection( 1217):  0 connect strategys ip:106.11.61.109 port:443
D/accs.HttpDnsProvider( 1217):  updateStrategyPos StrategyPos:2
E/accs.SpdyConnection( 1217):  0 get ip from amdc succ:106.11.61.109:80 originPos:0
E/accs.SpdyConnection( 1217):  0 connect URL:https://106.11.61.109:80/accs/
E/accs.SpdyConnection( 1217):  0 connect normal
I/accs.SpdyConnection( 1217):  0 getDefaultHost:umengjmacs.m.taobao.com
I/tnet-jni( 1217): 106 -  create new session: 106.11.61.109:80
E/accs.SpdyConnection( 1217):  0 notifyStatus:CONNECTING
I/accs.SpdyConnection( 1217):  0 notifyStatus:CONNECTING handled
I/tnet-jni( 1217): 105 - [spdySessionFailedError] - 
I/tnet-jni( 1217): 105 - [SpdySessionCallBack.spdySessionFailedError] - org.android.spdy.SpdySession@213fdf16
D/tnet-jni( 1217): 105 - [SpdySession.cleanUp] - 
E/accs.SpdyConnection( 1217):  0 spdySessionFailedError, retryTimes:0 errorId:-2601
E/accs.SpdyConnection( 1217):  0 notifyStatus:DISCONNECTED
D/accs.OrangeAdapter( 1217):  isSmartHb result:true
D/accs.HeartbeatManager( 1217):  set 270
D/accs.HeartbeatManager( 1217):  onNetworkFail
D/accs.SpdyConnection( 1217):  try ping, force:false
E/accs.NetworkThread( 1217):  0 try connect fail, ready for reconnect
D/accs.SpdyConnection( 1217):  send message, PING delay:5673 dataId:119
I/accs.SpdyConnection( 1217):  0 notifyStatus:DISCONNECTED handled
E/accs.NetworkThread( 1217):  0 try connect, force = false failTimes = 1
I/accs.NetworkThread( 1217):  0 try connect, need sleep
D/accs.UTMini( 1217):  commitEvent fail java.lang.NoClassDefFoundError: Failed resolution of: Lcom/ut/mini/internal/UTOriginalCustomHitBuilder;
D/tnet-jni( 1217): 105 - [SpdySession.clearAllStreamCb] - 
D/tnet-jni( 1217): 105 - [SpdySession.cleanUp] - 
I/accs.SilenceConn_umeng:56aadbf567e58e38d4000976( 4764):  0 getChannelHost:accscdn.m.taobao.com
D/awcn.LocalDnsStrategyTable( 4764):  try resolve ip with local dns host:accscdn.m.taobao.com
D/getConnStrategyListByHost( 4764): |[seq:host] accscdn.m.taobao.com:result [{140.205.195.62 80 http}, {140.205.195.62 443 https}]
I/accs.SilenceConn_umeng:56aadbf567e58e38d4000976( 4764):  0 getChannelHost:accscdn.m.taobao.com
I/accs.SilenceConn_umeng:56aadbf567e58e38d4000976( 4764):  0 get ip from amdc fail!!
E/accs.SilenceConn_umeng:56aadbf567e58e38d4000