D/accs.ServiceImpl( 1217):  key inetCondition: value 0
D/accs.ServiceImpl( 1217):  key extraInfo: value <unknown ssid>
I/accs.LoadSoFailUtil( 1217):  getSoFailTimes times:0
D/accs.SpdyConnection( 1217):  try ping, force:false
D/accs.SpdyConnection( 1217):  send message, PING delay:0 dataId:97
I/accs.ServiceImpl( 1217):  network change:unknown to unknown
D/accs.SpdyConnection( 1217):  try ping, force:true
D/accs.SpdyConnection( 1217):  send message, PING delay:0 dataId:98
D/accs.UtilityImpl( 1217):  getProxy:null:-1
D/accs.UTMini( 1217):  commitEvent fail java.lang.NoClassDefFoundError: Failed resolution of: Lcom/ut/mini/internal/UTOriginalCustomHitBuilder;
D/accs.SpdyConnection( 1217):  clearRepeatControlCommand message:201/
D/accs.NetworkThread( 1217):  try get message
D/accs.NetworkThread( 1217):  send message not null
I/accs.NetworkThread( 1217):  0 send:PING status:1
D/accs.OrangeAdapter( 1217):  isSmartHb result:true
D/accs.NetworkThread( 1217):  ms:36 force:true
D/accs.OrangeAdapter( 1217):  isSmartHb result:true
D/accs.OrangeAdapter( 1217):  isSmartHb result:true
D/accs.HeartbeatManager( 1217):  set 270
E/GpsLocationProvider(  527): No APN found to select.
I/accs.BaseIntentService( 1217):  onHandleIntent,action=android.net.conn.CONNECTIVITY_CHANGE,agooCommand=com.zzl.itoube.internal.intent.action.COMMAND,mipushCommand=com.zzl.itoube.internal.intent.thirdPush.action.COMMAND
I/accs.BaseIntentService( 1217):  is report cache msg,Config.isReportCacheMsg(mContext)=false
D/accs.isClearTime( 1217):  now=1515834677536,now - lastTime=13332779,istrue=false
I/accs.BaseIntentService( 1217):  is clear all msg=false
D/accs.isClearTime( 1217):  now=1515834677536,now - lastTime=13332779,istrue=false
D/accs.NetworkThread( 1217):  send succ, remove it
D/accs.NetworkThread( 1217):  ready to get message
D/accs.NetworkThread( 1217):  no message, wait
D/ConnectivityManager( 1082): getMobileDataEnabled()+ subId=1
D/PhoneInterfaceManager(  741): [PhoneIntfMgr] getDataEnabled: subId=1 phoneId=0
D/PhoneInterfaceManager(  741): [PhoneIntfMgr] getDataEnabled: subId=1 retVal=true
D/ConnectivityManager( 1082): getMobileDataEnabled()- subId=1 retVal=true
D/PhoneInterfaceManager(  741): [PhoneIntfMgr] getDataEnabled: subId=1 phoneId=0
D/PhoneInterfaceManager(  741): [PhoneIntfMgr] getDataEnabled: subId=1 retVal=true
D/TelephonyManager(  636): getDataEnabled: retVal=true
I/Telephony(  741): PstnIncomingCallNotifier: Unregistering: Handler (com.android.internal.telephony.gsm.GSMPhone) {1f3b226b}
W/ViewRootImpl( 4682): Dropping event due to no window focus: KeyEvent { action=ACTION_DOWN, keyCode=KEYCODE_Y, scanCode=0, metaState=0, flags=0x8, repeatCount=0, eventTime=8872198, downTime=8872198, deviceId=-1, source=0x101 }
D/ForegroundCallbacks( 4682): went foreground
W/ViewRootImpl( 4682): Cancelling event due to no window focus: KeyEvent { action=ACTION_UP, keyCode=KEYCODE_Y, scanCode=0, metaState=0, flags=0x28, repeatCount=0, eventTime=8872374, downTime=8872374, deviceId=-1, source=0x101 }
W/ViewRootImpl( 4682): Cancelling event due to no window focus: KeyEvent { action=ACTION_UP, keyCode=KEYCODE_Y, scanCode=0, metaState=0, flags=0x28, repeatCount=0, eventTime=8872374, downTime=8872374, deviceId=-1, source=0x101 }
W/ViewRootImpl( 4682): Cancelling event due to no window focus: KeyEvent { action=ACTION_UP, keyCode=KEYCODE_Y, scanCode=0, metaState=0, flags=0x28, repeatCount=0, eventTime=8872374, downTime=8872374, deviceId=-1, source=0x101 }
W/ViewRootImpl( 4682): Cancelling event due to no window focus: KeyEvent { action=ACTION_UP, keyCode=KEYCODE_Y, scanCode=0, metaState=0, flags=0x28, repeatCount=0, eventTime=8872374, downTime=8872374, deviceId=-1, source=0x101 }
W/ViewRootImpl( 4682): Cancelling event due to no window focus: KeyEvent { action=ACTION_UP, keyCode=KEYCODE_Y, scanCode=0, metaState=0, flags=0x28, repeatCount=0, eventTime=8872374, downTime=8872374, deviceId=-1, source=0x101 }
W/ViewRootImpl( 4682): Cancelling event due to no window focus: KeyEvent { action=ACTION_UP, keyCode=KEYCODE_Y, scanCode=0, metaState=0, flags=0x28, repeatCount=0, eventTime=8872374, downTime=8872374, deviceId=-1, source=0x101 }
I/Telephony(  741): PstnIncomingCallNotifier: Registering: Handler (com.android.internal.telephony.gsm.GSMPhone) {1f3b226b}
I/AppiumUnicodeIME(  672): onFinishInput
I/AppiumUnicodeIME(  672): onStartInput
I/AppiumUnicodeIME(  672): onKeyDown (keyCode='20', event.keyCode='20', metaState='0')
I/AppiumUnicodeIME(  672): onKeyUp (keyCode='20', event.keyCode='20', metaState='0')
I/AppiumUnicodeIME(  672): onKeyDown (keyCode='237', event.keyCode='237', metaState='0')
I/ActivityManager(  527): Killing 4178:android.process.acore/u0a2 (adj 15): empty for 3346s
W/libprocessgroup(  527): failed to open /acct/uid_10002/pid_4178/cgroup.procs: No such file or directory
I/AppiumUnicodeIME(  672): onKeyUp (keyCode='237', event.keyCode='237', metaState='0')
I/AppiumUnicodeIME(  672): onKeyDown (keyCode='19', event.keyCode='19', metaState='0')
I/AppiumUnicodeIME(  672): onKeyUp (keyCode='19', event.keyCode='19', metaState='0')
W/AudioTrack(  527): AUDIO_OUTPUT_FLAG_FAST denied by client
I/AppiumUnicodeIME(  672): onKeyDown (keyCode='19', event.keyCode='19', metaState='0')
I/AppiumUnicodeIME(  672): onKeyUp (keyCode='19', event.keyCode='19', metaState='0')
I/AppiumUnicodeIME(  672): onKeyDown (keyCode='19', event.keyCode='19', metaState='0')
I/AppiumUnicodeIME(  672): onKeyUp (keyCode='19', event.keyCode='19', metaState='0')
I/AppiumUnicodeIME(  672): onKeyDown (keyCode='19', event.keyCode='19', metaState='0')
I/AppiumUnicodeIME(  672): onKeyUp (keyCode='19', event.keyCode='19', metaState='0')
I/AppiumUnicodeIME(  672): onKeyDown (keyCode='19', event.keyCode='19', metaState='0')
I/AppiumUnicodeIME(  672): onKeyUp (keyCode='19', event.keyCode='19', metaState='0')
I/AppiumUnicodeIME(  672): onKeyDown (keyCode='24', event.keyCode='24', metaState='0')
W/UnimplementedWebViewApi( 4682): Unimplemented WebView method onKeyDown called from: android.webkit.WebView.onKeyDown(WebView.java:2310)
I/AppiumUnicodeIME(  672): onKeyUp (keyCode='24', event.keyCode='24', metaState='0')
I/AppiumUnicodeIME(  672): onKeyDown (keyCode='19', event.keyCode='19', metaState='0')
I/AppiumUnicodeIME(  672): onKeyUp (keyCode='19', event.keyCode='19', metaState='0')
W/EGL_emulation(  636): eglSurfaceAttrib not implemented
W/OpenGLRenderer(  636): Failed to set EGL_SWAP_BEHAVIOR on surface 0xee8c1180, error=EGL_SUCCESS
I/AppiumUnicodeIME(  672): onKeyDown (keyCode='79', event.keyCode='79', metaState='0')
W/UnimplementedWebViewApi( 4682): Unimplemented WebView method onKeyDown called from: android.webkit.WebView.onKeyDown(WebView.java:2310)
I/AppiumUnicodeIME(  672): onKeyUp (keyCode='79', event.keyCode='79', metaState='0')
I/MediaFocusControl(  527):  AudioFocus  requestAudioFocus() from android.media.AudioManager@30b773bacom.android.music.MediaPlaybackService$3@1f3b226b req=1flags=0x0
D/PhoneStatusBar(  636): disable: < expand icons* alerts system_info* back home recent clock search >
W/EGL_emulation(  636): eglSurfaceAttrib not implemented
W/OpenGLRenderer(  636): Failed to set EGL_SWAP_BEHAVIOR on surface 0xee8c1420, error=EGL_SUCCESS
I/AppiumUnicodeIME(  672): onKeyDown (keyCode='19', event.keyCode='19', metaState='0')
I/AppiumUnicodeIME(  672): onKeyUp (keyCode='19', event.keyCode='19', metaState='0')
I/AppiumUnicodeIME(  672): onKeyDown (keyCode='19', event.keyCode='19', metaState='0')
I/AppiumUnicodeIME(  672): onKeyUp (keyCode='19', event.keyCode='19', metaState='0')
I/AppiumUnicodeIME(  672): onKeyDown (keyCode='20', event.keyCode='20', metaState='0')
I/AppiumUnicodeIME(  672): onKeyUp (keyCode='20', event.keyCode='20', metaState='0')
I/AppiumUnicodeIME(  672): onKeyDown (keyCode='82', event.keyCode='82', metaState='0')
W/UnimplementedWebViewApi( 4682): Unimplemented WebView method onKeyDown called from: android.webkit.WebView.onKeyDown(WebView.java:2310)
I/AppiumUnicodeIME(  672): onKeyUp (keyCode='82', event.keyCode='82', metaState='0')
I/AppiumUnicodeIME(  672): onKeyDown (keyCode='20', event.keyCode='20', metaState='0')
W/AudioTrack(  527): AUDIO_OUTPUT_FLAG_FAST denied by client
I/AppiumUnicodeIME(  672): onKeyUp (keyCode='20', event.keyCode='20', metaState='0')
D/PhoneStatusBar(  636): disable: < expand ICONS* alerts SYSTEM_INFO* back home recent clock search >
W/EGL_emulation(  636): eglSurfaceAttrib not implemented
W/OpenGLRenderer(  636): Failed to set EGL_SWAP_BEHAVIOR on surface 0xee8c1420, error=EGL_SUCCESS
W/ViewRootImpl(  636): Dropping event due to no window focus: KeyEvent { action=ACTION_DOWN, keyCode=KEYCODE_PROG_BLUE, scanCode=0, metaState=0, flags=0x8, repeatCount=0, eventTime=8874458, downTime=8874458, deviceId=-1, source=0x101 }
W/ViewRootImpl(  636): Cancelling event due to no window focus: KeyEvent { action=ACTION_UP, keyCode=KEYCODE_PROG_BLUE, scanCode=0, metaState=0, flags=0x28, repeatCount=0, eventTime=8874470, downTime=8874470, deviceId=-1, source=0x101 }
W/ViewRootImpl(  636): Cancelling event due to no window focus: KeyEvent { action=ACTION_UP, keyCode=KEYCODE_PROG_BLUE, scanCode=0, metaState=0, flags=0x28, repeatCount=0, eventTime=8874470, downTime=8874470, deviceId=-1, source=0x101 }
W/ViewRootImpl(  636): Cancelling event due to no window focus: KeyEvent { action=ACTION_UP, keyCode=KEYCODE_PROG_BLUE, scanCode=0, metaState=0, flags=0x28, repeatCount=0, eventTime=8874470, downTime=8874470, deviceId=-1, source=0x101 }
W/ViewRootImpl(  636): Cancelling event due to no window focus: KeyEvent { action=ACTION_UP, keyCode=KEYCODE_PROG_BLUE, scanCode=0, metaState=0, flags=0x28, repeatCount=0, eventTime=8874470, downTime=8874470, deviceId=-1, source=0x101 }
W/ViewRootImpl(  636): Cancelling event due to no window focus: KeyEvent { action=ACTION_UP, keyCode=KEYCODE_PROG_BLUE, scanCode=0, metaState=0, flags=0x28, repeatCount=0, eventTime=8874470, downTime=8874470, deviceId=-1, source=0x101 }
W/ViewRootImpl(  636): Cancelling event due to no window focus: KeyEvent { action=ACTION_UP, keyCode=KEYCODE_PROG_BLUE, scanCode=0, metaState=0, flags=0x28, repeatCount=0, eventTime=8874470, downTime=8874470, deviceId=-1, source=0x101 }
W/ViewRootImpl(  636): Cancelling event due to no window focus: KeyEvent { action=ACTION_UP, keyCode=KEYCODE_PROG_BLUE, scanCode=0, metaState=0, flags=0x28, repeatCount=0, eventTime=8874470, downTime=8874470, deviceId=-1, source=0x101 }
W/ViewRootImpl(  636): Cancelling event due to no window focus: KeyEvent { action=ACTION_UP, keyCode=KEYCODE_PROG_BLUE, scanCode=0, metaState=0, flags=0x28, repeatCount=0, eventTime=8874470, downTime=8874470, deviceId=-1, source=0x101 }
W/ViewRootImpl(  636): Cancelling event due to no window focus: KeyEvent { action=ACTION_UP, keyCode=KEYCODE_PROG_BLUE, scanCode=0, metaState=0, flags=0x28, repeatCount=0, eventTime=8874470, downTime=8874470, deviceId=-1, source=0x101 }
W/ViewRootImpl(  636): Dropping event due to no window focus: KeyEvent { action=ACTION_DOWN, keyCode=KEYCODE_MENU, scanCode=0, metaState=0, flags=0x8, repeatCount=0, eventTime=8874555, downTime=8874555, deviceId=-1, source=0x101 }
I/ActivityManager(  527): START u0 {act=android.intent.action.MAIN cat=[android.intent.category.LAUNCHER] flg=0x10200000 cmp=com.zzl.falcon.internal/com.zzl.falcon.EntranceActivity} from uid 0 on display 0
I/art     (  527): Explicit concurrent mark sweep GC freed 27594(1481KB) AllocSpace objects, 4(64KB) LOS objects, 33% free, 13MB/19MB, paused 959us total 42.245ms
I/ActivityManager(  527): START u0 {act=android.intent.action.MAIN cat=[android.intent.category.LAUNCHER] flg=0x10200000 cmp=com.zzl.falcon.internal/com.zzl.falcon.EntranceActivity} from uid 0 on display 0
W/ViewRootImpl( 4682): Dropping event due to no window focus: KeyEvent { action=ACTION_DOWN, keyCode=KEYCODE_DPAD_UP, scanCode=0, metaState=0, flags=0x400, repeatCount=0, eventTime=8875121, downTime=8875121, deviceId=-1, source=0x101 }
W/ViewRootImpl( 4682): Cancelling event due to no window focus: KeyEvent { action=ACTION_UP, keyCode=KEYCODE_DPAD_UP, scanCode=0, metaState=0, flags=0x420, repeatCount=0, eventTime=8875121, downTime=8875121, deviceId=-1, source=0x101 }
W/ViewRootImpl( 4682): Cancelling event due to no window focus: KeyEvent { action=ACTION_UP, keyCode=KEYCODE_DPAD_UP, scanCode=0, metaState=0, flags=0x420, repeatCount=0, eventTime=8875121, downTime=8875121, deviceId=-1, source=0x101 }
W/ViewRootImpl( 4682): Cancelling event due to no window focus: KeyEvent { action=ACTION_UP, keyCode=KEYCODE_DPAD_UP, scanCode=0, metaState=0, flags=0x420, repeatCount=0, eventTime=8875121, downTime=8875121, deviceId=-1, source=0x101 }
W/ViewRootImpl( 4682): Dropping event due to no window focus: KeyEvent { action=ACTION_DOWN, keyCode=KEYCODE_DPAD_UP, scanCode=0, metaState=0, flags=0x400, repeatCount=0, eventTime=8875121, downTime=8875121, deviceId=-1, source=0x101 }
W/ViewRootImpl( 4682): Cancelling event due to no window focus: KeyEvent { action=ACTION_UP, keyCode=KEYCODE_DPAD_UP, scanCode=0, metaState=0, flags=0x420, repeatCount=0, eventTime=8875121, downTime=8875121, deviceId=-1, source=0x101 }
W/ViewRootImpl( 4682): Cancelling event due to no window focus: KeyEvent { action=ACTION_UP, keyCode=KEYCODE_DPAD_UP, scanCode=0, metaState=0, flags=0x420, repeatCount=0, eventTime=8875121, downTime=8875121, deviceId=-1, source=0x101 }
W/ViewRootImpl( 4682): Cancelling event due to no window focus: KeyEvent { action=ACTION_UP, keyCode=KEYCODE_DPAD_UP, scanCode=0, metaState=0, flags=0x420, repeatCount=0, eventTime=8875121, downTime=8875121, deviceId=-1, source=0x101 }
W/ViewRootImpl( 4682): Dropping event due to no window focus: KeyEvent { action=ACTION_DOWN, keyCode=KEYCODE_DPAD_UP, scanCode=0, metaState=0, flags=0x400, repeatCount=0, eventTime=8875121, downTime=8875121, deviceId=-1, source=0x101 }
W/ViewRootImpl( 4682): Cancelling event due to no window focus: KeyEvent { action=ACTION_UP, keyCode=KEYCODE_DPAD_UP, scanCode=0, metaState=0, flags=0x420, repeatCount=0, eventTime=8875121, downTime=8875121, deviceId=-1, source=0x101 }
W/ViewRootImpl( 4682): Cancelling event due to no window focus: KeyEvent { action=ACTION_UP, keyCode=KEYCODE_DPAD_UP, scanCode=0, metaState=0, flags=0x420, repeatCount=0, eventTime=8875121, downTime=8875121, deviceId=-1, source=0x101 }
W/ViewRootImpl( 4682): Cancelling event due to no window focus: KeyEvent { action=ACTION_UP, keyCode=KEYCODE_DPAD_UP, scanCode=0, metaState=0, flags=0x420, repeatCount=0, eventTime=8875121, downTime=8875121, deviceId=-1, source=0x101 }
I/AppiumUnicodeIME(  672): onKeyUp (keyCode='19', event.keyCode='19', metaState='0')
I/AppiumUnicodeIME(  672): onKeyUp (keyCode='19', event.keyCode='19', metaState='0')
I/AppiumUnicodeIME(  672): onKeyUp (keyCode='19', event.keyCode='19', metaState='0')
W/ViewRootImpl( 4682): Cancelling event due to no window focus: KeyEvent { action=ACTION_UP, keyCode=KEYCODE_DPAD_UP, scanCode=0, metaState=0, flags=0x420, repeatCount=0, eventTime=8875121, downTime=8875121, deviceId=-1, source=0x101 }
W/ViewRootImpl( 4682): Cancelling event due to no window focus: KeyEvent { action=ACTION_UP, keyCode=KEYCODE_DPAD_UP, scanCode=0, metaState=0, flags=0x420, repeatCount=0, eventTime=8875121, downTime=8875121, deviceId=-1, source=0x101 }
W/ViewRootImpl( 4682): Cancelling event due to no window focus: KeyEvent { action=ACTION_UP, keyCode=KEYCODE_DPAD_UP, scanCode=0, metaState=0, flags=0x420, repeatCount=0, eventTime=8875121, downTime=8875121, deviceId=-1, source=0x101 }
W/ViewRootImpl( 4682): Cancelling event due to no window focus: KeyEvent { action=ACTION_UP, keyCode=KEYCODE_DPAD_UP, scanCode=0, metaState=0, flags=0x420, repeatCount=0, eventTime=8875121, downTime=8875121, deviceId=-1, source=0x101 }
W/ViewRootImpl( 4682): Cancelling event due to no window focus: KeyEvent { action=ACTION_UP, keyCode=KEYCODE_DPAD_UP, scanCode=0, metaState=0, flags=0x420, repeatCount=0, eventTime=8875121, downTime=8875121, deviceId=-1, source=0x101 }
W/ViewRootImpl( 4682): Cancelling event due to no window focus: KeyEvent { action=ACTION_UP, keyCode=KEYCODE_DPAD_UP, scanCode=0, metaState=0, flags=0x420, repeatCount=0, eventTime=8875121, downTime=8875121, deviceId=-1, source=0x101 }
W/ViewRootImpl( 4682): Cancelling event due to no window focus: KeyEvent { action=ACTION_UP, keyCode=KEYCODE_DPAD_UP, scanCode=0, metaState=0, flags=0x420, repeatCount=0, eventTime=8875121, downTime=8875121, deviceId=-1, source=0x101 }
W/ViewRootImpl( 4682): Cancelling event due to no window focus: KeyEvent { action=ACTION_UP, keyCode=KEYCODE_DPAD_UP, scanCode=0, metaState=0, flags=0x420, repeatCount=0, eventTime=8875121, downTime=8875121, deviceId=-1, source=0x101 }
W/ViewRootImpl( 4682): Cancelling event due to no window focus: KeyEvent { action=ACTION_UP, keyCode=KEYCODE_DPAD_UP, scanCode=0, metaState=0, flags=0x420, repeatCount=0, eventTime=8875121, downTime=8875121, deviceId=-1, source=0x101 }
I/ActivityManager(  527): START u0 {act=android.intent.action.CALL_BUTTON flg=0x10000000 cmp=com.android.dialer/.DialtactsActivity} from uid 10013 on display 0
W/ViewRootImpl(  636): Dropping event due to no window focus: MotionEvent { action=ACTION_MOVE, id[0]=0, x[0]=3.0, y[0]=-2.0, toolType[0]=TOOL_TYPE_UNKNOWN, buttonState=0, metaState=0, flags=0x0, edgeFlags=0x0, pointerCount=1, historySize=2, eventTime=8875736, downTime=-1, deviceId=0, source=0x10004 }
W/AudioTrack(  527): AUDIO_OUTPUT_FLAG_FAST denied by client
I/accs.SilenceConn_umeng:56aadbf567e58e38d4000976( 4764):  0 getChannelHost:accscdn.m.taobao.com
D/awcn.LocalDnsStrategyTable( 4764):  try resolve ip with local dns host:accscdn.m.taobao.com
D/getConnStrategyListByHost( 4764): |[seq:host] accscdn.m.taobao.com:result [{140.205.195.62 80 http}, {140.205.195.62 443 https}]
I/accs.SilenceConn_umeng:56aadbf567e58e38d4000976( 4764):  0 getChannelHost:accscdn.m.taobao.com
I/accs.SilenceConn_umeng:56aadbf567e58e38d4000976( 4764):  0 get ip from amdc fail!!
E/accs.SilenceConn_umeng:56aadbf567e58e38d4000976( 4764):  0 connect URL:https://accscdn.m.taobao.com:80/accs/
E/accs.SilenceConn_umeng:56aadbf567e58e38d4000976( 4764):  0 connect normal
I/accs.SilenceConn_umeng:56aadbf567e58e38d4000976( 4764):  0 getChannelHost:accscdn.m.taobao.com
I/tnet-jni( 4764): 227 -  create new session: accscdn.m.taobao.com:80
W/System.err( 4764): org.android.spdy.SpdyErrorException: create session error: -1107
W/System.err( 4764): 	at org.android.spdy.SpdyAgent.createSession(SpdyAgent.java:448)
W/System.err( 4764): 	at org.android.spdy.SpdyAgent.createSession(SpdyAgent.java:331)
W/System.err( 4764): 	at com.taobao.accs.net.r.d(Taobao:435)
W/System.err( 4764): 	at com.taobao.accs.net.r.b(Taobao:59)
W/System.err( 4764): 	at com.taobao.accs.net.r$a.a(Taobao:745)
W/System.err( 4764): 	at com.taobao.accs.net.r$a.run(Taobao:810)
E/accs.NetworkThread_umeng:56aadbf567e58e38d4000976( 4764):  0 try connect fail, ready for reconnect
E/accs.NetworkThread_umeng:56aadbf567e58e38d4000976( 4764):  0 try connect, force = false failTimes = 1
I/accs.NetworkThread_umeng:56aadbf567e58e38d4000976( 4764):  0 try connect, need sleep
W/ViewRootImpl( 4682): Cancelling event due to no window focus: KeyEvent { action=ACTION_UP, keyCode=KEYCODE_DPAD_UP, scanCode=0, metaState=0, flags=0x420, repeatCount=0, eventTime=8875121, downTime=8875121, deviceId=-1, source=0x101 }
W/ViewRootImpl( 4682): Cancelling event due to no window focus: KeyEvent { action=ACTION_UP, keyCode=KEYCODE_DPAD_UP, scanCode=0, metaState=0, flags=0x420, repeatCount=0, eventTime=8875121, downTime=8875121, deviceId=-1, source=0x101 }
W/ViewRootImpl( 4682): Cancelling event due to no window focus: KeyEvent { action=ACTION_UP, keyCode=KEYCODE_DPAD_UP, scanCode=0, metaState=0, flags=0x420, repeatCount=0, eventTime=8875121, downTime=8875121, deviceId=-1, source=0x101 }
W/ViewRootImpl( 4682): Dropping event due to no window focus: MotionEvent { action=ACTION_MOVE, id[0]=0, x[0]=4.0, y[0]=1.0, toolType[0]=TOOL_TYPE_UNKNOWN, buttonState=0, metaState=0, flags=0x0, edgeFlags=0x0, pointerCount=1, historySize=51, eventTime=8875795, downTime=-1, deviceId=0, source=0x10004 }
D/PhoneStatusBar(  636): disable: < expand icons* alerts system_info* back home recent clock search >
W/EGL_emulation(  636): eglSurfaceAttrib not implemented
W/OpenGLRenderer(  636): Failed to set EGL_SWAP_BEHAVIOR on surface 0xee8c1420, error=EGL_SUCCESS
W/ViewRootImpl( 4682): Dropping event due to no window focus: MotionEvent { action=ACTION_MOVE, id[0]=0, x[0]=-1.0, y[0]=-2.0, toolType[0]=TOOL_TYPE_UNKNOWN, buttonState=0, metaState=0, flags=0x0, edgeFlags=0x0, pointerCount=1, historySize=4, eventTime=8876081, downTime=-1, deviceId=0, source=0x10004 }
W/ViewRootImpl( 4682): Dropping event due to no window focus: MotionEvent { action=ACTION_DOWN, id[0]=0, x[0]=0.0, y[0]=0.0, toolType[0]=TOOL_TYPE_UNKNOWN, buttonState=0, metaState=0, flags=0x0, edgeFlags=0x0, pointerCount=1, historySize=0, eventTime=8876082, downTime=8875792, deviceId=0, source=0x10004 }
W/ViewRootImpl( 4682): Cancelling event due to no window focus: MotionEvent { action=ACTION_CANCEL, id[0]=0, x[0]=0.0, y[0]=0.0, toolType[0]=TOOL_TYPE_UNKNOWN, buttonState=0, metaState=0, flags=0x0, edgeFlags=0x0, pointerCount=1, historySize=0, eventTime=8876083, downTime=8875792, deviceId=0, source=0x10004 }
W/ViewRootImpl( 4682): Cancelling event due to no window focus: MotionEvent { action=ACTION_CANCEL, id[0]=0, x[0]=0.0, y[0]=0.0, toolType[0]=TOOL_TYPE_UNKNOWN, buttonState=0, metaState=0, flags=0x0, edgeFlags=0x0, pointerCount=1, historySize=0, eventTime=8876083, downTime=8875792, deviceId=0, source=0x10004 }
W/ViewRootImpl( 4682): Cancelling event due to no window focus: MotionEvent { action=ACTION_CANCEL, id[0]=0, x[0]=0.0, y[0]=0.0, toolType[0]=TOOL_TYPE_UNKNOWN, buttonState=0, metaState=0, flags=0x0, edgeFlags=0x0, pointerCount=1, historySize=0, eventTime=8876083, downTime=8875792, deviceId=0, source=0x10004 }
W/InputMethodManagerService(  527): Window already focused, ignoring focus gain of: com.android.internal.view.IInputMethodClient$Stub$Proxy@72ddab5 attribute=null, token = android.os.BinderProxy@11e2cde5
I/AppiumUnicodeIME(  672): onKeyDown (keyCode='20', event.keyCode='20', metaState='0')
I/AppiumUnicodeIME(  672): onKeyUp (keyCode='20', event.keyCode='20', metaState='0')
I/AppiumUnicodeIME(  672): onKeyDown (keyCode='23', event.keyCode='23', metaState='0')
I/AppiumUnicodeIME(  672): onKeyUp (keyCode='23', event.keyCode='23', metaState='0')
I/AppiumUnicodeIME(  672): onKeyDown (keyCode='82', event.keyCode='82', metaState='0')
W/UnimplementedWebViewApi( 4682): Unimplemented WebView method onKeyDown called from: android.webkit.WebView.onKeyDown(WebView.java:2310)
I/AppiumUnicodeIME(  672): onKeyUp (keyCode='82', event.keyCode='82', metaState='0')
W/AudioTrack(  527): AUDIO_OUTPUT_FLAG_FAST denied by client
I/AppiumUnicodeIME(  672): onKeyDown (keyCode='82', event.keyCode='82', metaState='0')
W/UnimplementedWebViewApi( 4682): Unimplemented WebView method onKeyDown called from: android.webkit.WebView.onKeyDown(WebView.java:2310)
I/AppiumUnicodeIME(  672): onKeyUp (keyCode='82', event.keyCode='82', metaState='0')
I/AppiumUnicodeIME(  672): onKeyDown (keyCode='20', event.keyCode='20', metaState='0')
W/AudioTrack(  527): AUDIO_OUTPUT_FLAG_FAST denied by client
I/AppiumUnicodeIME(  672): onKeyUp (keyCode='20', event.keyCode='20', metaState='0')
I/AppiumUnicodeIME(  672): onKeyDown (keyCode='177', event.keyCode='177', metaState='0')
I/AppiumUnicodeIME(  672): onKeyUp (keyCode='177', event.keyCode='177', metaState='0')
I/art     (  636): Explicit concurrent mark sweep GC freed 17776(933KB) AllocSpace objects, 0(0B) LOS objects, 40% free, 9MB/15MB, paused 431us total 15.013ms
I/AppiumUnicodeIME(  672): onKeyDown (keyCode='20', event.keyCode='20', metaState='0')
I/AppiumUnicodeIME(  672): onKeyUp (keyCode='20', event.keyCode='20', metaState='0')
I/AppiumUnicodeIME(  672): onKeyDown (keyCode='20', event.keyCode='20', metaState='0')
I/AppiumUnicodeIME(  672): onKeyUp (keyCode='20', event.keyCode='20', metaState='0')
I/AppiumUnicodeIME(  672): onKeyDown (keyCode='20', event.keyCode='20', metaState='0')
I/AppiumUnicodeIME(  672): onKeyDown (keyCode='20', event.keyCode='20', metaState='0')
I/AppiumUnicodeIME(  672): onKeyUp (keyCode='20', event.keyCode='20', metaState='0')
I/AppiumUnicodeIME(  672): onKeyDown (keyCode='20', event.keyCode='20', metaState='0')
I/AppiumUnicodeIME(  672): onKeyUp (keyCode='20', event.keyCode='20', metaState='0')
I/AppiumUnicodeIME(  672): onKeyDown (keyCode='20', event.keyCode='20', metaState='0')
I/AppiumUnicodeIME(  672): onKeyUp (keyCode='20', event.keyCode='20', metaState='0')
I/AppiumUnicodeIME(  672): onKeyDown (keyCode='82', event.keyCode='82', metaState='0')
W/UnimplementedWebViewApi( 4682): Unimplemented WebView method onKeyMultiple called from: android.webkit.WebView.onKeyMultiple(WebView.java:2320)
W/UnimplementedWebViewApi( 4682): Unimplemented WebView method onKeyDown called from: android.webkit.WebView.onKeyDown(WebView.java:2310)
W/UnimplementedWebViewApi( 4682): Unimplemented WebView method onKeyDown called from: android.webkit.WebView.onKeyDown(WebView.java:2310)
I/AppiumUnicodeIME(  672): onKeyUp (keyCode='82', event.keyCode='82', metaState='0')
I/AppiumUnicodeIME(  672): onKeyDown (keyCode='19', event.keyCode='19', metaState='0')
W/AudioTrack(  527): AUDIO_OUTPUT_FLAG_FAST denied by client
I/AppiumUnicodeIME(  672): onKeyUp (keyCode='19', event.keyCode='19', metaState='0')
I/AppiumUnicodeIME(  672): onKeyDown (keyCode='20', event.keyCode='20', metaState='0')
I/AppiumUnicodeIME(  672): onKeyUp (keyCode='20', event.keyCode='20', metaState='0')
I/AppiumUnicodeIME(  672): onKeyDown (keyCode='23', event.keyCode='23', metaState='0')
I/AppiumUnicodeIME(  672): onKeyUp (keyCode='23', event.keyCode='23', metaState='0')
I/AppiumUnicodeIME(  672): onKeyDown (keyCode='19', event.keyCode='19', metaState='0')
I/AppiumUnicodeIME(  672): onKeyUp (keyCode='19', event.keyCode='19', metaState='0')
I/AppiumUnicodeIME(  672): onKeyDown (keyCode='19', event.keyCode='19', metaState='0')
I/AppiumUnicodeIME(  672): onKeyUp (keyCode='19', event.keyCode='19', metaState='0')
I/AppiumUnicodeIME(  672): onKeyDown (keyCode='82', event.keyCode='82', metaState='0')
W/UnimplementedWebViewApi( 4682): Unimplemented WebView method onKeyDown called from: android.webkit.WebView.onKeyDown(WebView.java:2310)
I/AppiumUnicodeIME(  672): onKeyUp (keyCode='82', event.keyCode='82', metaState='0')
W/AudioTrack(  527): AUDIO_OUTPUT_FLAG_FAST denied by client
I/AppiumUnicodeIME(  672): onKeyDown (keyCode='19', event.keyCode='19', metaState='0')
I/AppiumUnicodeIME(  672): onKeyUp (keyCode='19', event.keyCode='19', metaState='0')
I/AppiumUnicodeIME(  672): onKeyDown (keyCode='22', event.keyCode='22', metaState='0')
I/AppiumUnicodeIME(  672): onKeyUp (keyCode='22', event.keyCode='22', metaState='0')
I/AppiumUnicodeIME(  672): onKeyDown (keyCode='22', event.keyCode='22', metaState='0')
I/AppiumUnicodeIME(  672): onKeyUp (keyCode='22', event.keyCode='22', metaState='0')
I/AppiumUnicodeIME(  672): onKeyDown (keyCode='21', event.keyCode='21', metaState='0')
I/AppiumUnicodeIME(  672): onKeyUp (keyCode='21', event.keyCode='21', metaState='0')
I/AppiumUnicodeIME(  672): onKeyDown (keyCode='19', event.keyCode='19', metaState='0')
I/AppiumUnicodeIME(  672): onKeyUp (keyCode='19', event.keyCode='19', metaState='0')
I/AppiumUnicodeIME(  672): onKeyDown (keyCode='21', event.keyCode='21', metaState='0')
I/AppiumUnicodeIME(  672): onKeyDown (keyCode='21', event.keyCode='21', metaState='0')
I/AppiumUnicodeIME(  672): onKeyUp (keyCode='21', event.keyCode='21', metaState='0')
I/AppiumUnicodeIME(  672): onKeyDown (keyCode='21', event.keyCode='21', metaState='0')
I/AppiumUnicodeIME(  672): onKeyUp (keyCode='21', event.keyCode='21', metaState='0')
I/AppiumUnicodeIME(  672): onKeyDown (keyCode='21', event.keyCode='21', metaState='0')
I/AppiumUnicodeIME(  672): onKeyUp (keyCode='21', event.keyCode='21', metaState='0')
I/AppiumUnicodeIME(  672): onKeyDown (keyCode='21', event.keyCode='21', metaState='0')
I/AppiumUnicodeIME(  672): onKeyUp (keyCode='21', event.keyCode='21', metaState='0')
I/AppiumUnicodeIME(  672): onKeyDown (keyCode='22', event.keyCode='22', metaState='0')
W/UnimplementedWebViewApi( 4682): Unimplemented WebView method onKeyMultiple called from: android.webkit.WebView.onKeyMultiple(WebView.java:2320)
W/UnimplementedWebViewApi( 4682): Unimplemented WebView method onKeyDown called from: android.webkit.WebView.onKeyDown(WebView.java:2310)
I/AppiumUnicodeIME(  672): onKeyUp (keyCode='22', event.keyCode='22', metaState='0')
I/AppiumUnicodeIME(  672): onKeyDown (keyCode='20', event.keyCode='20', metaState='0')
I/AppiumUnicodeIME(  672): onKeyUp (keyCode='20', event.keyCode='20', metaState='0')
I/AppiumUnicodeIME(  672): onKeyDown (keyCode='82', event.keyCode='82', metaState='0')
W/UnimplementedWebViewApi( 4682): Unimplemented WebView method onKeyDown called from: android.webkit.WebView.onKeyDown(WebView.java:2310)
I/AppiumUnicodeIME(  672): onKeyUp (keyCode='82', event.keyCode='82', metaState='0')
W/AudioTrack(  527): AUDIO_OUTPUT_FLAG_FAST denied by client
I/AppiumUnicodeIME(  672): onKeyDown (keyCode='23', event.keyCode='23', metaState='0')
I/AppiumUnicodeIME(  672): onKeyUp (keyCode='23', event.keyCode='23', metaState='0')
I/AppiumUnicodeIME(  672): onKeyDown (keyCode='23', event.keyCode='23', metaState='0')
I/AppiumUnicodeIME(  672): onKeyUp (keyCode='23', event.keyCode='23', metaState='0')
I/AppiumUnicodeIME(  672): onKeyDown (keyCode='83', event.keyCode='83', metaState='0')
I/AppiumUnicodeIME(  672): onKeyUp (keyCode='83', event.keyCode='83', metaState='0')
I/AppiumUnicodeIME(  672): onKeyDown (keyCode='82', event.keyCode='82', metaState='0')
W/UnimplementedWebViewApi( 4682): Unimplemented WebView method onKeyDown called from: android.webkit.WebView.onKeyDown(WebView.java:2310)
I/AppiumUnicodeIME(  672): onKeyUp (keyCode='82', event.keyCode='82', metaState='0')
I/AppiumUnicodeIME(  672): onKeyDown (keyCode='20', event.keyCode='20', metaState='0')
W/AudioTrack(  527): AUDIO_OUTPUT_FLAG_FAST denied by client
I/AppiumUnicodeIME(  672): onKeyUp (keyCode='20', event.keyCode='20', metaState='0')
I/accs.SilenceConn_umeng:56aadbf567e58e38d4000976( 4764):  0 getChannelHost:accscdn.m.taobao.com
D/awcn.LocalDnsStrategyTable( 4764):  try resolve ip with local dns host:accscdn.m.taobao.com
D/getConnStrategyListByHost( 4764): |[seq:host] accscdn.m.taobao.com:result [{140.205.195.62 80 http}, {140.205.195.62 443 https}]
I/accs.SilenceConn_umeng:56aadbf567e58e38d4000976( 4764):  0 getChannelHost:accscdn.m.taobao.com
I/accs.SilenceConn_umeng:56aadbf567e58e38d4000976( 4764):  0 get ip from amdc fail!!
E/accs.SilenceConn_umeng:56aadbf567e58e38d4000976( 4764):  0 connect URL:https://accscdn.m.taobao.com:443/accs/
E/accs.SilenceConn_umeng:56aadbf567e58e38d4000976( 4764):  0 connect normal
I/accs.SilenceConn_umeng:56aadbf567e58e38d4000976( 4764):  0 getChannelHost:accscdn.m.taobao.com
I/tnet-jni( 4764): 227 -  create new session: accscdn.m.taobao.com:443
W/System.err( 4764): org.android.spdy.SpdyErrorException: create session error: -1107
W/System.err( 4764): 	at org.android.spdy.SpdyAgent.createSession(SpdyAgent.java:448)
W/System.err( 4764): 	at org.android.spdy.SpdyAgent.createSession(SpdyAgent.java:331)
W/System.err( 4764): 	at com.taobao.accs.net.r.d(Taobao:435)
W/System.err( 4764): 	at com.taobao.accs.net.r.b(Taobao:59)
W/System.err( 4764): 	at com.taobao.accs.net.r$a.a(Taobao:745)
W/System.err( 4764): 	at com.taobao.accs.net.r$a.a(Taobao:751)
W/System.err( 4764): 	at com.taobao.accs.net.r$a.run(Taobao:810)
E/accs.NetworkThread_umeng:56aadbf567e58e38d4000976( 4764):  0 try connect fail, ready for reconnect
E/accs.NetworkThread_umeng:56aadbf567e58e38d4000976( 4764):  0 try connect, force = false failTimes = 2
I/accs.NetworkThread_umeng:56aadbf567e58e38d4000976( 4764):  0 try connect, need sleep
I/AppiumUnicodeIME(  672): onKeyDown (keyCode='145', event.keyCode='145', metaState='0')
I/AppiumUnicodeIME(  672): onKeyUp (keyCode='145', event.keyCode='145', metaState='0')
I/AppiumUnicodeIME(  672): onKeyDown (keyCode='20', event.keyCode='20', metaState='0')
I/AppiumUnicodeIME(  672): onKeyDown (keyCode='123', event.keyCode='123', metaState='0')
I/AppiumUnicodeIME(  672): onKeyUp (keyCode='123', event.keyCode='123', metaState='0')
I/AppiumUnicodeIME(  672): onKeyUp (keyCode='20', event.keyCode='20', metaState='0')
I/AppiumUnicodeIME(  672): onKeyDown (keyCode='19', event.keyCode='19', metaState='0')
I/AppiumUnicodeIME(  672): onKeyUp (keyCode='19', event.keyCode='19', metaState='0')
I/AppiumUnicodeIME(  672): onKeyDown (keyCode='82', event.keyCode='82', metaState='0')
W/UnimplementedWebViewApi( 4682): Unimplemented WebView method onKeyDown called from: android.webkit.WebView.onKeyDown(WebView.java:2310)
I/AppiumUnicodeIME(  672): onKeyUp (keyCode='82', event.keyCode='82', metaState='0')
I/art     (  527): Explicit concurrent mark sweep GC freed 9322(447KB) AllocSpace objects, 3(1168KB) LOS objects, 33% free, 12MB/18MB, paused 632us total 29.534ms
I/AppiumUnicodeIME(  672): onKeyDown (keyCode='20', event.keyCode='20', metaState='0')
W/AudioTrack(  527): AUDIO_OUTPUT_FLAG_FAST denied by client
I/AppiumUnicodeIME(  672): onKeyUp (keyCode='20', event.keyCode='20', metaState='0')
I/AppiumUnicodeIME(  672): onKeyDown (keyCode='257', event.keyCode='257', metaState='0')
I/AppiumUnicodeIME(  672): onKeyUp (keyCode='257', event.keyCode='257', metaState='0')
I/ActivityManager(  527): START u0 {act=android.intent.action.MAIN cat=[android.intent.category.LAUNCHER] flg=0x10200000 cmp=com.zzl.falcon.internal/com.zzl.falcon.EntranceActivity} from uid 0 on display 0
I/AppiumUnicodeIME(  672): onKeyDown (keyCode='82', event.keyCode='82', metaState='0')
W/UnimplementedWebViewApi( 4682): Unimplemented WebView method onKeyDown called from: android.webkit.WebView.onKeyDown(WebView.java:2310)
I/AppiumUnicodeIME(  672): onKeyUp (keyCode='82', event.keyCode='82', metaState='0')
W/AudioTrack(  527): AUDIO_OUTPUT_FLAG_FAST denied by client
I/AppiumUnicodeIME(  672): onKeyDown (keyCode='19', event.keyCode='19', metaState='0')
I/AppiumUnicodeIME(  672): onKeyDown (keyCode='19', event.keyCode='19', metaState='0')
I/AppiumUnicodeIME(  672): onKeyUp (keyCode='19', event.keyCode='19', metaState='0')
I/AppiumUnicodeIME(  672): onKeyDown (keyCode='19', event.keyCode='19', metaState='0')
I/AppiumUnicodeIME(  672): onKeyUp (keyCode='19', event.keyCode='19', metaState='0')
I/AppiumUnicodeIME(  672): onKeyDown (keyCode='19', event.keyCode='19', metaState='0')
I/AppiumUnicodeIME(  672): onKeyUp (keyCode='19', event.keyCode='19', metaState='0')
I/AppiumUnicodeIME(  672): onKeyDown (keyCode='19', event.keyCode='19', metaState='0')
I/AppiumUnicodeIME(  672): onKeyUp (keyCode='19', event.keyCode='19', metaState='0')
W/UnimplementedWebViewApi( 4682): Unimplemented WebView method onKeyMultiple called from: android.webkit.WebView.onKeyMultiple(WebView.java:2320)
W/UnimplementedWebViewApi( 4682): Unimplemented WebView method onKeyDown called from: android.webkit.WebView.onKeyDown(WebView.java:2310)
I/AppiumUnicodeIME(  672): onKeyDown (keyCode='22', event.keyCode='22', metaState='0')
I/AppiumUnicodeIME(  672): onKeyUp (keyCode='22', event.keyCode='22', metaState='0')
I/AppiumUnicodeIME(  672): onKeyDown (keyCode='22', event.keyCode='22', metaState='0')
I/AppiumUnicodeIME(  672): onKeyUp (keyCode='22', event.keyCode='22', metaState='0')
I/AppiumUnicodeIME(  672): onKeyDown (keyCode='23', event.keyCode='23', metaState='0')
I/AppiumUnicodeIME(  672): onKeyUp (keyCode='23', event.keyCode='23', metaState='0')
I/AppiumUnicodeIME(  672): onKeyDown (keyCode='159', event.keyCode='159', metaState='0')
I/AppiumUnicodeIME(  672): onKeyUp (keyCode='159', event.keyCode='159', metaState='0')
I/AppiumUnicodeIME(  672): onKeyDown (keyCode='18', event.keyCode='18', metaState='0')
I/AppiumUnicodeIME(  672): onKeyUp (keyCode='18', event.keyCode='18', metaState='0')
I/AppiumUnicodeIME(  672): onKeyDown (keyCode='82', event.keyCode='82', metaState='0')
W/UnimplementedWebViewApi( 4682): Unimplemented WebView method onKeyDown called from: android.webkit.WebView.onKeyDown(WebView.java:2310)
I/AppiumUnicodeIME(  672): onKeyUp (keyCode='82', event.keyCode='82', metaState='0')
I/AppiumUnicodeIME(  672): onKeyDown (keyCode='72', event.keyCode='72', metaState='0')
I/AppiumUnicodeIME(  672): onKeyUp (keyCode='72', event.keyCode='72', metaState='0')
W/AudioTrack(  527): AUDIO_OUTPUT_FLAG_FAST denied by client
I/art     (  636): Explicit concurrent mark sweep GC freed 3893(233KB) AllocSpace objects, 5(657KB) LOS objects, 39% free, 8MB/14MB, paused 597us total 17.231ms
I/AppiumUnicodeIME(  672): onKeyDown (keyCode='84', event.keyCode='84', metaState='0')
I/AppiumUnicodeIME(  672): onKeyUp (keyCode='84', event.keyCode='84', metaState='0')
I/AppiumUnicodeIME(  672): onKeyDown (keyCode='20', event.keyCode='20', metaState='0')
I/AppiumUnicodeIME(  672): onKeyUp (keyCode='20', event.keyCode='20', metaState='0')
I/AppiumUnicodeIME(  672): onKeyDown (keyCode='23', event.keyCode='23', metaState='0')
I/AppiumUnicodeIME(  672): onKeyUp (keyCode='23', event.keyCode='23', metaState='0')
I/AppiumUnicodeIME(  672): onKeyDown (keyCode='20', event.keyCode='20', metaState='0')
I/AppiumUnicodeIME(  672): onKeyUp (keyCode='20', event.keyCode='20', metaState='0')
I/AppiumUnicodeIME(  672): onKeyDown (keyCode='82', event.keyCode='82', metaState='0')
W/UnimplementedWebViewApi( 4682): Unimplemented WebView method onKeyDown called from: android.webkit.WebView.onKeyDown(WebView.java:2310)
I/AppiumUnicodeIME(  672): onKeyUp (keyCode='82', event.keyCode='82', metaState='0')
W/AudioTrack(  527): AUDIO_OUTPUT_FLAG_FAST denied by client
I/AppiumUnicodeIME(  672): onKeyDown (keyCode='195', event.keyCode='195', metaState='0')
I/AppiumUnicodeIME(  672): onKeyUp (keyCode='195', event.keyCode='195', metaState='0')
I/AppiumUnicodeIME(  672): onKeyDown (keyCode='135', event.keyCode='135', metaState='0')
I/AppiumUnicodeIME(  672): onKeyUp (keyCode='135', event.keyCode='135', metaState='0')
I/AppiumUnicodeIME(  672): onKeyDown (keyCode='72', event.keyCode='72', metaState='0')
I/AppiumUnicodeIME(  672): onKeyDown (keyCode='23', event.keyCode='23', metaState='0')
I/AppiumUnicodeIME(  672): onKeyUp (keyCode='23', event.keyCode='23', metaState='0')
I/AppiumUnicodeIME(  672): onKeyUp (keyCode='72', event.keyCode='72', metaState='0')
I/AppiumUnicodeIME(  672): onKeyDown (keyCode='23', event.keyCode='23', metaState='0')
I/AppiumUnicodeIME(  672): onKeyUp (keyCode='23', event.keyCode='23', metaState='0')
I/AppiumUnicodeIME(  672): onKeyDown (keyCode='20', event.keyCode='20', metaState='0')
I/AppiumUnicodeIME(  672): onKeyUp (keyCode='20', event.keyCode='20', metaState='0')
I/AppiumUnicodeIME(  672): onKeyDown (keyCode='20', event.keyCode='20', metaState='0')
I/AppiumUnicodeIME(  672): onKeyUp (keyCode='20', event.keyCode='20', metaState='0')
I/AppiumUnicodeIME(  672): onKeyDown (keyCode='19', event.keyCode='19', metaState='0')
I/AppiumUnicodeIME(  672): onKeyUp (keyCode='19', event.keyCode='19', metaState='0')
I/AppiumUnicodeIME(  672): onKeyDown (keyCode='19', event.keyCode='19', metaState='0')
I/AppiumUnicodeIME(  672): onKeyUp (keyCode='19', event.keyCode='19', metaState='0')
I/AppiumUnicodeIME(  672): onKeyDown (keyCode='19', event.keyCode='19', metaState='0')
I/AppiumUnicodeIME(  672): onKeyUp (keyCode='19', event.keyCode='19', metaState='0')
I/AppiumUnicodeIME(  672): onKeyDown (keyCode='19', event.keyCode='19', metaState='0')
I/AppiumUnicodeIME(  672): onKeyUp (keyCode='19', event.keyCode='19', metaState='0')
I/AppiumUnicodeIME(  672): onKeyDown (keyCode='21', event.keyCode='21', metaState='0')
I/AppiumUnicodeIME(  672): onKeyUp (keyCode='21', event.keyCode='21', metaState='0')
I/AppiumUnicodeIME(  672): onKeyDown (keyCode='21', event.keyCode='21', metaState='0')
I/AppiumUnicodeIME(  672): onKeyUp (keyCode='21', event.keyCode='21', metaState='0')
I/AppiumUnicodeIME(  672): onKeyDown (keyCode='57', event.keyCode='57', metaState='0')
I/AppiumUnicodeIME(  672): onKeyUp (keyCode='57', event.keyCode='57', metaState='0')
I/AppiumUnicodeIME(  672): onKeyDown (keyCode='22', event.keyCode='22', metaState='0')
I/AppiumUnicodeIME(  672): onKeyUp (keyCode='22', event.keyCode='22', metaState='0')
I/AppiumUnicodeIME(  672): onKeyDown (keyCode='22', event.keyCode='22', metaState='0')
I/AppiumUnicodeIME(  672): onKeyUp (keyCode='22', event.keyCode='22', metaState='0')
I/AppiumUnicodeIME(  672): onKeyDown (keyCode='22', event.keyCode='22', metaState='0')
I/AppiumUnicodeIME(  672): onKeyUp (keyCode='22', event.keyCode='22', metaState='0')
I/AppiumUnicodeIME(  672): onKeyDown (keyCode='21', event.keyCode='21', metaState='0')
I/AppiumUnicodeIME(  672): onKeyUp (keyCode='21', event.keyCode='21', metaState='0')
I/AppiumUnicodeIME(  672): onKeyDown (keyCode='21', event.keyCode='21', metaState='0')
I/AppiumUnicodeIME(  672): onKeyUp (keyCode='21', event.keyCode='21', metaState='0')
I/AppiumUnicodeIME(  672): onKeyDown (keyCode='20', event.keyCode='20', metaState='0')
I/AppiumUnicodeIME(  672): onKeyUp (keyCode='20', event.keyCode='20', metaState='0')
I/AppiumUnicodeIME(  672): onKeyDown (keyCode='23', event.keyCode='23', metaState='0')
I/accs.SilenceConn_umeng:56aadbf567e58e38d4000976( 4764):  0 getChannelHost:accscdn.m.taobao.com
D/awcn.LocalDnsStrategyTable( 4764):  try resolve ip with local dns host:accscdn.m.taobao.com
D/getConnStrategyListByHost( 4764): |[seq:host] accscdn.m.taobao.com:result [{140.205.195.62 80 http}, {140.205.195.62 443 https}]
I/accs.SilenceConn_umeng:56aadbf567e58e38d4000976( 4764):  0 getChannelHost:accscdn.m.taobao.com
I/accs.SilenceConn_umeng:56aadbf567e58e38d4000976( 4764):  0 get ip from amdc fail!!
E/accs.SilenceConn_umeng:56aadbf567e58e38d4000976( 4764):  0 connect URL:https://accscdn.m.taobao.com:80/accs/
E/accs.SilenceConn_umeng:56aadbf567e58e38d4000976( 4764):  0 connect normal
I/accs.SilenceConn_umeng:56aadbf567e58e38d4000976( 4764):  0 getChannelHost:accscdn.m.taobao.com
I/tnet-jni( 4764): 227 -  create new session: accscdn.m.taobao.com:80
W/System.err( 4764): org.android.spdy.SpdyErrorException: create session error: -1107
W/System.err( 4764): 	at org.android.spdy.SpdyAgent.createSession(SpdyAgent.java:448)
W/System.err( 4764): 	at org.android.spdy.SpdyAgent.createSession(SpdyAgent.java:331)
W/System.err( 4764): 	at com.taobao.accs.net.r.d(Taobao:435)
W/System.err( 4764): 	at com.taobao.accs.net.r.b(Taobao:59)
W/System.err( 4764): 	at com.taobao.accs.net.r$a.a(Taobao:745)
W/System.err( 4764): 	at com.taobao.accs.net.r$a.a(Taobao:751)
W/System.err( 4764): 	at com.taobao.accs.net.r$a.a(Taobao:751)
W/System.err( 4764): 	at com.taobao.accs.net.r$a.run(Taobao:810)
E/accs.NetworkThread_umeng:56aadbf567e58e38d4000976( 4764):  0 try connect fail, ready for reconnect
E/accs.NetworkThread_umeng:56aadbf567e58e38d4000976( 4764):  0 try connect, force = false failTimes = 3
I/accs.NetworkThread_umeng:56aadbf567e58e38d4000976( 4764):  0 try connect, need sleep
I/AppiumUnicodeIME(  672): onKeyUp (keyCode='23', event.keyCode='23', metaState='0')
I/AppiumUnicodeIME(  672): onKeyDown (keyCode='4', event.keyCode='4', metaState='0')
W/UnimplementedWebViewApi( 4682): Unimplemented WebView method onKeyDown called from: android.webkit.WebView.onKeyDown(WebView.java:2310)
I/AppiumUnicodeIME(  672): onKeyUp (keyCode='4', event.keyCode='4', metaState='0')
I/AppiumUnicodeIME(  672): onKeyDown (keyCode='20', event.keyCode='20', metaState='0')
I/AppiumUnicodeIME(  672): onKeyUp (keyCode='20', event.keyCode='20', metaState='0')
I/InputDispatcher(  527): Dropping event because there is no touchable window at (574, 643).
W/InputManager(  527): Input event injection from pid 5874 failed.
W/InputManager(  527): Input event injection from pid 5874 failed.
I/InputDispatcher(  527): Dropping event because there is no touchable window at (294, 485).
W/InputManager(  527): Input event injection from pid 5874 failed.
W/InputManager(  527): Input event injection from pid 5874 failed.
I/AppiumUnicodeIME(  672): onKeyDown (keyCode='21', event.keyCode='21', metaState='0')
W/art     ( 4682): Attempt to remove local handle scope entry from IRT, ignoring
W/AwContents( 4682): onDetachedFromWindow called when already detached. Ignoring
W/art     ( 4682): Attempt to remove local handle scope entry from IRT, ignoring
W/art     ( 4682): Attempt to remove local handle scope entry from IRT, ignoring
D/ForegroundCallbacks( 4682): still foreground
I/art     (  527): Explicit concurrent mark sweep GC freed 6631(267KB) AllocSpace objects, 0(0B) LOS objects, 33% free, 12MB/18MB, paused 703us total 26.325ms
V/WindowManager(  527): Adding window Window{2bc5acbb u0 com.zzl.falcon.internal/com.zzl.falcon.WebViewActivity} at 5 of 11 (before Window{1c6ba0ba u0 com.zzl.falcon.internal/com.zzl.falcon.WebViewActivity})
I/AppiumUnicodeIME(  672): onKeyUp (keyCode='21', event.keyCode='21', metaState='0')
I/InputDispatcher(  527): Dropping event because there is no touchable window at (348, 899).
W/InputManager(  527): Input event injection from pid 5874 failed.
E/com.umeng.message.UTrack( 4682): RegistrationId is empty
W/InputManager(  527): Input event injection from pid 5874 failed.
E/com.umeng.message.UTrack( 4682): RegistrationId is empty
W/EGL_emulation( 4682): eglSurfaceAttrib not implemented
W/OpenGLRenderer( 4682): Failed to set EGL_SWAP_BEHAVIOR on surface 0xdd9b0a00, error=EGL_SUCCESS
W/ViewRootImpl( 4682): Cancelling event due to no window focus: KeyEvent { action=ACTION_UP, keyCode=KEYCODE_DPAD_RIGHT, scanCode=0, metaState=0, flags=0x28, repeatCount=0, eventTime=8886722, downTime=8886722, deviceId=-1, source=0x101 }
W/ViewRootImpl( 4682): Cancelling event due to no window focus: KeyEvent { action=ACTION_UP, keyCode=KEYCODE_DPAD_RIGHT, scanCode=0, metaState=0, flags=0x28, repeatCount=0, eventTime=8886722, downTime=8886722, deviceId=-1, source=0x101 }
W/ViewRootImpl( 4682): Cancelling event due to no window focus: KeyEvent { action=ACTION_UP, keyCode=KEYCODE_DPAD_RIGHT, scanCode=0, metaState=0, flags=0x28, repeatCount=0, eventTime=8886722, downTime=8886722, deviceId=-1, source=0x101 }
W/ViewRootImpl( 4682): Cancelling event due to no window focus: KeyEvent { action=ACTION_UP, keyCode=KEYCODE_DPAD_RIGHT, scanCode=0, metaState=0, flags=0x28, repeatCount=0, eventTime=8886722, downTime=8886722, deviceId=-1, source=0x101 }
W/ViewRootImpl( 4682): Cancelling event due to no window focus: KeyEvent { action=ACTION_UP, keyCode=KEYCODE_DPAD_RIGHT, scanCode=0, metaState=0, flags=0x28, repeatCount=0, eventTime=8886722, downTime=8886722, deviceId=-1, source=0x101 }
W/ViewRootImpl( 4682): Cancelling event due to no window focus: KeyEvent { action=ACTION_UP, keyCode=KEYCODE_DPAD_RIGHT, scanCode=0, metaState=0, flags=0x28, repeatCount=0, eventTime=8886722, downTime=8886722, deviceId=-1, source=0x101 }
I/AppiumUnicodeIME(  672): onKeyDown (keyCode='22', event.keyCode='22', metaState='0')
I/AppiumUnicodeIME(  672): onKeyUp (keyCode='22', event.keyCode='22', metaState='0')
W/ViewRootImpl( 4682): Dropping event due to no window focus: KeyEvent { action=ACTION_DOWN, keyCode=KEYCODE_DPAD_CENTER, scanCode=0, metaState=0, flags=0x8, repeatCount=0, eventTime=8886755, downTime=8886755, deviceId=-1, source=0x101 }
I/ActivityManager(  527): Displayed com.zzl.falcon.internal/com.zzl.falcon.WebViewActivity: +489ms
W/ViewRootImpl( 4682): Cancelling event due to no window focus: KeyEvent { action=ACTION_UP, keyCode=KEYCODE_DPAD_CENTER, scanCode=0, metaState=0, flags=0x28, repeatCount=0, eventTime=8886826, downTime=8886826, deviceId=-1, source=0x101 }
W/ViewRootImpl( 4682): Cancelling event due to no window focus: KeyEvent { action=ACTION_UP, keyCode=KEYCODE_DPAD_CENTER, scanCode=0, metaState=0, flags=0x28, repeatCount=0, eventTime=8886826, downTime=8886826, deviceId=-1, source=0x101 }
W/ViewRootImpl( 4682): Cancelling event due to no window focus: KeyEvent { action=ACTION_UP, keyCode=KEYCODE_DPAD_CENTER, scanCode=0, metaState=0, flags=0x28, repeatCount=0, eventTime=8886826, downTime=8886826, deviceId=-1, source=0x101 }
W/ViewRootImpl( 4682): Cancelling event due to no window focus: KeyEvent { action=ACTION_UP, keyCode=KEYCODE_DPAD_CENTER, scanCode=0, metaState=0, flags=0x28, repeatCount=0, eventTime=8886826, downTime=8886826, deviceId=-1, source=0x101 }
W/ViewRootImpl( 4682): Cancelling event due to no window focus: KeyEvent { action=ACTION_UP, keyCode=KEYCODE_DPAD_CENTER, scanCode=0, metaState=0, flags=0x28, repeatCount=0, eventTime=8886826, downTime=8886826, deviceId=-1, source=0x101 }
W/ViewRootImpl( 4682): Cancelling event due to no window focus: KeyEvent { action=ACTION_UP, keyCode=KEYCODE_DPAD_CENTER, scanCode=0, metaState=0, flags=0x28, repeatCount=0, eventTime=8886826, downTime=8886826, deviceId=-1, source=0x101 }
I/AppiumUnicodeIME(  672): onKeyDown (keyCode='22', event.keyCode='22', metaState='0')
I/AppiumUnicodeIME(  672): onFinishInput
I/AppiumUnicodeIME(  672): onStartInput
I/AppiumUnicodeIME(  672): onKeyUp (keyCode='22', event.keyCode='22', metaState='0')
I/chromium( 4682): [INFO:CONSOLE(12)] "Not allowed to load local resource: file:///android_asset/webkit/android-weberror.png", source: data:text/html,chromewebdata (12)
I/Choreographer( 4682): Skipped 36 frames!  The application may be doing too much work on its main thread.
I/AppiumUnicodeIME(  672): onKeyDown (keyCode='21', event.keyCode='21', metaState='0')
