I/art     (  636): Explicit concurrent mark sweep GC freed 3642(189KB) AllocSpace objects, 0(0B) LOS objects, 40% free, 8MB/14MB, paused 216us total 10.474ms
I/art     (  527): Explicit concurrent mark sweep GC freed 6435(255KB) AllocSpace objects, 0(0B) LOS objects, 33% free, 12MB/18MB, paused 748us total 19.556ms
I/art     (  636): Explicit concurrent mark sweep GC freed 3612(188KB) AllocSpace objects, 0(0B) LOS objects, 40% free, 8MB/14MB, paused 555us total 9.739ms
I/art     (  527): Explicit concurrent mark sweep GC freed 6429(255KB) AllocSpace objects, 0(0B) LOS objects, 33% free, 12MB/18MB, paused 2.068ms total 19.876ms
I/art     (  636): Explicit concurrent mark sweep GC freed 3621(188KB) AllocSpace objects, 0(0B) LOS objects, 40% free, 8MB/14MB, paused 270us total 10.624ms
I/art     (  527): Explicit concurrent mark sweep GC freed 5940(233KB) AllocSpace objects, 0(0B) LOS objects, 33% free, 12MB/18MB, paused 880us total 18.164ms
I/art     (  636): Explicit concurrent mark sweep GC freed 3621(188KB) AllocSpace objects, 0(0B) LOS objects, 40% free, 8MB/14MB, paused 360us total 10.617ms
I/art     (  527): Explicit concurrent mark sweep GC freed 6808(272KB) AllocSpace objects, 0(0B) LOS objects, 33% free, 12MB/18MB, paused 879us total 17.720ms
I/art     (  636): Explicit concurrent mark sweep GC freed 3622(188KB) AllocSpace objects, 0(0B) LOS objects, 40% free, 8MB/14MB, paused 845us total 16.353ms
D/awcn.DefaultHeartbeatImpl( 4682): |[seq:umeng:56aadbf567e58e38d4000976.AWCN2_1] heartbeat session:Session@[umeng:56aadbf567e58e38d4000976.AWCN2_1|http2_0rtt_acs]
D/awcn.TnetSpdySession( 4682): |[seq:umeng:56aadbf567e58e38d4000976.AWCN2_1] ping host:https://umengacs.m.taobao.com thread:AWCN Scheduler1
D/awcn.TnetSpdySession( 4682): |[seq:umeng:56aadbf567e58e38d4000976.AWCN2_1] https://umengacs.m.taobao.com submit ping ms:45050 force:true
D/awcn.DefaultHeartbeatImpl( 4682): |[seq:umeng:56aadbf567e58e38d4000976.AWCN2_1] reSchedule session:Session@[umeng:56aadbf567e58e38d4000976.AWCN2_1|http2_0rtt_acs] delay:45050
I/awcn.TnetSpdySession( 4682): |[seq:umeng:56aadbf567e58e38d4000976.AWCN2_1] ping receive Host:https://umengacs.m.taobao.com id:65
I/art     (  527): Explicit concurrent mark sweep GC freed 6427(254KB) AllocSpace objects, 0(0B) LOS objects, 33% free, 12MB/18MB, paused 823us total 19.367ms
I/art     (  636): Explicit concurrent mark sweep GC freed 3612(188KB) AllocSpace objects, 0(0B) LOS objects, 39% free, 8MB/14MB, paused 374us total 11.711ms
I/art     (  527): Explicit concurrent mark sweep GC freed 6429(255KB) AllocSpace objects, 0(0B) LOS objects, 33% free, 12MB/18MB, paused 720us total 80.936ms
I/art     (  636): Explicit concurrent mark sweep GC freed 3621(188KB) AllocSpace objects, 0(0B) LOS objects, 39% free, 8MB/14MB, paused 934us total 22.612ms
I/art     (  527): Explicit concurrent mark sweep GC freed 6329(251KB) AllocSpace objects, 0(0B) LOS objects, 33% free, 12MB/18MB, paused 985us total 17.992ms
I/art     (  636): Explicit concurrent mark sweep GC freed 3622(188KB) AllocSpace objects, 0(0B) LOS objects, 39% free, 8MB/14MB, paused 430us total 12.106ms
D/Genyd   (  116): Received Set Clipboard
D/Genymotion(  116): Received Set Clipboard
I/art     (  527): Explicit concurrent mark sweep GC freed 6705(286KB) AllocSpace objects, 0(0B) LOS objects, 33% free, 12MB/18MB, paused 762us total 19.217ms
I/art     (  636): Explicit concurrent mark sweep GC freed 3612(188KB) AllocSpace objects, 0(0B) LOS objects, 40% free, 8MB/14MB, paused 520us total 10.692ms
D/NetworkMonitor/NetworkAgentInfo [WIFI () - 105](  527): OfflineState{ when=-37ms what=532488 arg2=1 target=com.android.internal.util.StateMachine$SmHandler }
D/NetworkMonitor/NetworkAgentInfo [WIFI () - 105](  527): DefaultState{ when=-37ms what=532488 arg2=1 target=com.android.internal.util.StateMachine$SmHandler }
D/NetworkMonitor/NetworkAgentInfo [WIFI () - 105](  527): Forcing reevaluation
D/NetworkMonitor/NetworkAgentInfo [WIFI () - 105](  527): EvaluatingState{ when=0 what=532486 arg1=7 target=com.android.internal.util.StateMachine$SmHandler }
D/NetworkMonitor/NetworkAgentInfo [WIFI () - 105](  527): Checking http://connectivitycheck.android.com/generate_204 on "WiredSSID"
I/art     (  527): Explicit concurrent mark sweep GC freed 6612(264KB) AllocSpace objects, 0(0B) LOS objects, 33% free, 12MB/18MB, paused 588us total 17.961ms
I/art     (  636): Explicit concurrent mark sweep GC freed 3621(188KB) AllocSpace objects, 0(0B) LOS objects, 40% free, 8MB/14MB, paused 482us total 11.425ms
I/art     (  527): Explicit concurrent mark sweep GC freed 6429(255KB) AllocSpace objects, 0(0B) LOS objects, 33% free, 12MB/18MB, paused 912us total 20.473ms
I/art     (  636): Explicit concurrent mark sweep GC freed 3621(188KB) AllocSpace objects, 0(0B) LOS objects, 40% free, 8MB/14MB, paused 290us total 11.526ms
D/NetworkMonitor/NetworkAgentInfo [WIFI () - 105](  527): Probably not a portal: exception java.net.SocketTimeoutException: failed to connect to connectivitycheck.android.com/172.217.27.142 (port 80) after 10000ms
D/ConnectivityService(  527): setProvNotificationVisibleIntent: E visible=false networkType=0 extraInfo=null
I/art     (  527): Explicit concurrent mark sweep GC freed 7280(295KB) AllocSpace objects, 0(0B) LOS objects, 33% free, 12MB/18MB, paused 1.243ms total 37.869ms
I/art     (  636): Explicit concurrent mark sweep GC freed 3965(201KB) AllocSpace objects, 0(0B) LOS objects, 40% free, 8MB/14MB, paused 1.071ms total 21.119ms
D/AndroidRuntime( 5837): >>>>>> START com.android.internal.os.RuntimeInit uid 0 <<<<<<
D/AndroidRuntime( 5837): CheckJNI is OFF
E/memtrack( 5837): Couldn't load memtrack module (No such file or directory)
E/android.os.Debug( 5837): failed to load memtrack module: -2
D/AndroidRuntime( 5837): Calling main entry com.android.commands.pm.Pm
I/art     ( 5837): System.exit called, status: 0
I/AndroidRuntime( 5837): VM exiting with result code 0.
I/art     (  527): Explicit concurrent mark sweep GC freed 6113(250KB) AllocSpace objects, 0(0B) LOS objects, 33% free, 12MB/18MB, paused 577us total 17.566ms
I/art     (  636): Explicit concurrent mark sweep GC freed 3632(188KB) AllocSpace objects, 0(0B) LOS objects, 40% free, 8MB/14MB, paused 447us total 10.475ms
I/art     (  527): Explicit concurrent mark sweep GC freed 6424(254KB) AllocSpace objects, 0(0B) LOS objects, 33% free, 12MB/18MB, paused 597us total 18.114ms
I/art     (  636): Explicit concurrent mark sweep GC freed 3621(188KB) AllocSpace objects, 0(0B) LOS objects, 40% free, 8MB/14MB, paused 814us total 10.247ms
D/AndroidRuntime( 5852): >>>>>> START com.android.internal.os.RuntimeInit uid 0 <<<<<<
D/AndroidRuntime( 5852): CheckJNI is OFF
E/memtrack( 5852): Couldn't load memtrack module (No such file or directory)
E/android.os.Debug( 5852): failed to load memtrack module: -2
D/AndroidRuntime( 5852): Calling main entry com.android.commands.wm.Wm
D/AndroidRuntime( 5852): Shutting down VM
D/accs.AccsJobService( 4764):  onStartJob
I/accs.ElectionServiceImpl( 4764):  onStartCommand begin action:com.taobao.accs.intent.action.COMMAND
I/accs.OrangeAdapter( 4764):  isElectionEnable result:false
I/accs.OrangeAdapter( 4764):  isElectionEnable result:false
I/accs.ElectionServiceImpl( 4764):  deliver to channelservice host pkg:
I/accs.ServiceImpl( 4764):  onHostStartCommand:Intent { act=com.taobao.accs.intent.action.COMMAND pkg=com.zzl.falcon.internal cmp=com.zzl.falcon.internal/com.taobao.accs.ChannelService (has extras) }
D/accs.ServiceImpl( 4764):  key command: value 201
I/accs.LoadSoFailUtil( 4764):  getSoFailTimes times:0
D/accs.SilenceConn_umeng:56aadbf567e58e38d4000976( 4764):  try ping, force:false
D/accs.SilenceConn_umeng:56aadbf567e58e38d4000976( 4764):  send message, PING delay:0 dataId:46
I/accs.ServiceImpl( 4764):  tryConnect appkey:0 configTag:umeng:56aadbf567e58e38d4000976|0
I/accs.ServiceImpl( 4764):  command:201
D/accs.NetworkThread_umeng:56aadbf567e58e38d4000976( 4764):  try get message
D/accs.NetworkThread_umeng:56aadbf567e58e38d4000976( 4764):  send message not null
I/accs.NetworkThread_umeng:56aadbf567e58e38d4000976( 4764):  0 send:PING status:3
D/accs.OrangeAdapter( 4764):  isSmartHb result:true
D/accs.NetworkThread_umeng:56aadbf567e58e38d4000976( 4764):  ms:270013 force:false
D/accs.SilenceConn_umeng:56aadbf567e58e38d4000976( 4764):  send message, PING delay:0 dataId:47
E/accs.NetworkThread_umeng:56aadbf567e58e38d4000976( 4764):  0 try connect, force = true failTimes = 0
I/accs.NetworkThread_umeng:56aadbf567e58e38d4000976( 4764):  0 try connect, need sleep
D/accs.SilenceConn_umeng:56aadbf567e58e38d4000976( 4764):  clearRepeatControlCommand message:201/
D/accs.MonitorStatistic( 4764):  commitUT interval:290396 interval1:2182974
D/AndroidRuntime( 5874): >>>>>> START com.android.internal.os.RuntimeInit uid 0 <<<<<<
D/AndroidRuntime( 5874): CheckJNI is OFF
E/memtrack( 5874): Couldn't load memtrack module (No such file or directory)
E/android.os.Debug( 5874): failed to load memtrack module: -2
D/awcn.DefaultHeartbeatImpl( 4682): |[seq:umeng:56aadbf567e58e38d4000976.AWCN2_1] heartbeat session:Session@[umeng:56aadbf567e58e38d4000976.AWCN2_1|http2_0rtt_acs]
D/awcn.TnetSpdySession( 4682): |[seq:umeng:56aadbf567e58e38d4000976.AWCN2_1] ping host:https://umengacs.m.taobao.com thread:AWCN Scheduler1
D/awcn.TnetSpdySession( 4682): |[seq:umeng:56aadbf567e58e38d4000976.AWCN2_1] https://umengacs.m.taobao.com submit ping ms:45051 force:true
D/awcn.DefaultHeartbeatImpl( 4682): |[seq:umeng:56aadbf567e58e38d4000976.AWCN2_1] reSchedule session:Session@[umeng:56aadbf567e58e38d4000976.AWCN2_1|http2_0rtt_acs] delay:45051
D/AndroidRuntime( 5874): Calling main entry com.android.commands.monkey.Monkey
I/awcn.TnetSpdySession( 4682): |[seq:umeng:56aadbf567e58e38d4000976.AWCN2_1] ping receive Host:https://umengacs.m.taobao.com id:67
W/BroadcastQueue(  527): Skipping deliver [background] BroadcastRecord{11e72aeb u-1 android.net.conn.CONNECTIVITY_CHANGE} to ReceiverList{2b431048 5874 (unknown name)/0/u-1 remote:1443c165}: process crashing
I/ActivityManager(  527): START u0 {act=android.intent.action.MAIN cat=[android.intent.category.LAUNCHER] flg=0x10200000 cmp=com.zzl.falcon.internal/com.squareup.leakcanary.internal.DisplayLeakActivity} from uid 0 on display 0
E/EGL_emulation(  502): tid 502: eglCreateSyncKHR(1209): error 0x3004 (EGL_BAD_ATTRIBUTE)
W/art     (  527): Long monitor contention event with owner method=android.graphics.Bitmap com.android.server.wm.WindowManagerService.screenshotApplications(android.os.IBinder, int, int, int, boolean) from WindowManagerService.java:6129 waiters=0 for 354ms
W/art     (  527): Long monitor contention event with owner method=int com.android.server.am.ActivityStackSupervisor.startActivityMayWait(android.app.IApplicationThread, int, java.lang.String, android.content.Intent, java.lang.String, android.service.voice.IVoiceInteractionSession, com.android.internal.app.IVoiceInteractor, android.os.IBinder, java.lang.String, int, int, android.app.ProfilerInfo, android.app.IActivityManager$WaitResult, android.content.res.Configuration, android.os.Bundle, int, android.app.IActivityContainer, com.android.server.am.TaskRecord) from ActivityStackSupervisor.java:857 waiters=0 for 355ms
W/EGL_emulation( 4927): eglSurfaceAttrib not implemented
W/OpenGLRenderer( 4927): Failed to set EGL_SWAP_BEHAVIOR on surface 0xf3f62940, error=EGL_SUCCESS
W/InputMethodManagerService(  527): Window already focused, ignoring focus gain of: com.android.internal.view.IInputMethodClient$Stub$Proxy@3a340ee1 attribute=null, token = android.os.BinderProxy@2d388447
I/AppiumUnicodeIME(  672): onKeyDown (keyCode='21', event.keyCode='21', metaState='0')
I/AppiumUnicodeIME(  672): onKeyUp (keyCode='21', event.keyCode='21', metaState='0')
I/AppiumUnicodeIME(  672): onKeyDown (keyCode='21', event.keyCode='21', metaState='0')
I/AppiumUnicodeIME(  672): onKeyUp (keyCode='21', event.keyCode='21', metaState='0')
I/AppiumUnicodeIME(  672): onKeyDown (keyCode='20', event.keyCode='20', metaState='0')
I/AppiumUnicodeIME(  672): onKeyUp (keyCode='20', event.keyCode='20', metaState='0')
I/ActivityManager(  527): START u0 {act=android.intent.action.MAIN cat=[android.intent.category.LAUNCHER] flg=0x10200000 cmp=com.zzl.falcon.internal/com.squareup.leakcanary.internal.DisplayLeakActivity} from uid 0 on display 0
I/AppiumUnicodeIME(  672): onKeyDown (keyCode='19', event.keyCode='19', metaState='0')
I/AppiumUnicodeIME(  672): onKeyUp (keyCode='19', event.keyCode='19', metaState='0')
I/AppiumUnicodeIME(  672): onKeyDown (keyCode='22', event.keyCode='22', metaState='0')
I/AppiumUnicodeIME(  672): onKeyUp (keyCode='22', event.keyCode='22', metaState='0')
I/AppiumUnicodeIME(  672): onKeyDown (keyCode='22', event.keyCode='22', metaState='0')
I/AppiumUnicodeIME(  672): onKeyUp (keyCode='22', event.keyCode='22', metaState='0')
I/AppiumUnicodeIME(  672): onKeyDown (keyCode='23', event.keyCode='23', metaState='0')
I/AppiumUnicodeIME(  672): onKeyUp (keyCode='23', event.keyCode='23', metaState='0')
I/AppiumUnicodeIME(  672): onKeyDown (keyCode='108', event.keyCode='108', metaState='0')
I/AppiumUnicodeIME(  672): onKeyDown (keyCode='23', event.keyCode='23', metaState='0')
I/AppiumUnicodeIME(  672): onKeyUp (keyCode='108', event.keyCode='108', metaState='0')
I/AppiumUnicodeIME(  672): onKeyUp (keyCode='23', event.keyCode='23', metaState='0')
I/AppiumUnicodeIME(  672): onKeyDown (keyCode='21', event.keyCode='21', metaState='0')
I/AppiumUnicodeIME(  672): onKeyUp (keyCode='21', event.keyCode='21', metaState='0')
I/AppiumUnicodeIME(  672): onKeyDown (keyCode='20', event.keyCode='20', metaState='0')
I/AppiumUnicodeIME(  672): onKeyDown (keyCode='20', event.keyCode='20', metaState='0')
I/AppiumUnicodeIME(  672): onKeyUp (keyCode='20', event.keyCode='20', metaState='0')
I/AppiumUnicodeIME(  672): onKeyDown (keyCode='20', event.keyCode='20', metaState='0')
I/AppiumUnicodeIME(  672): onKeyUp (keyCode='20', event.keyCode='20', metaState='0')
I/AppiumUnicodeIME(  672): onKeyDown (keyCode='20', event.keyCode='20', metaState='0')
I/AppiumUnicodeIME(  672): onKeyUp (keyCode='20', event.keyCode='20', metaState='0')
I/AppiumUnicodeIME(  672): onKeyDown (keyCode='20', event.keyCode='20', metaState='0')
I/AppiumUnicodeIME(  672): onKeyDown (keyCode='20', event.keyCode='20', metaState='0')
I/AppiumUnicodeIME(  672): onKeyUp (keyCode='20', event.keyCode='20', metaState='0')
I/AppiumUnicodeIME(  672): onKeyDown (keyCode='237', event.keyCode='237', metaState='0')
I/AppiumUnicodeIME(  672): onKeyUp (keyCode='237', event.keyCode='237', metaState='0')
I/AppiumUnicodeIME(  672): onKeyDown (keyCode='190', event.keyCode='190', metaState='0')
I/AppiumUnicodeIME(  672): onKeyDown (keyCode='23', event.keyCode='23', metaState='0')
I/AppiumUnicodeIME(  672): onKeyUp (keyCode='190', event.keyCode='190', metaState='0')
I/AppiumUnicodeIME(  672): onKeyUp (keyCode='23', event.keyCode='23', metaState='0')
I/AppiumUnicodeIME(  672): onKeyDown (keyCode='21', event.keyCode='21', metaState='0')
I/AppiumUnicodeIME(  672): onKeyDown (keyCode='21', event.keyCode='21', metaState='0')
I/AppiumUnicodeIME(  672): onKeyUp (keyCode='21', event.keyCode='21', metaState='0')
I/AppiumUnicodeIME(  672): onKeyDown (keyCode='21', event.keyCode='21', metaState='0')
I/AppiumUnicodeIME(  672): onKeyUp (keyCode='21', event.keyCode='21', metaState='0')
I/AppiumUnicodeIME(  672): onKeyDown (keyCode='21', event.keyCode='21', metaState='0')
I/AppiumUnicodeIME(  672): onKeyUp (keyCode='21', event.keyCode='21', metaState='0')
I/AppiumUnicodeIME(  672): onKeyDown (keyCode='19', event.keyCode='19', metaState='0')
I/AppiumUnicodeIME(  672): onKeyDown (keyCode='19', event.keyCode='19', metaState='0')
I/AppiumUnicodeIME(  672): onKeyUp (keyCode='19', event.keyCode='19', metaState='0')
I/AppiumUnicodeIME(  672): onKeyDown (keyCode='19', event.keyCode='19', metaState='0')
I/AppiumUnicodeIME(  672): onKeyUp (keyCode='19', event.keyCode='19', metaState='0')
I/AppiumUnicodeIME(  672): onKeyDown (keyCode='19', event.keyCode='19', metaState='0')
I/AppiumUnicodeIME(  672): onKeyUp (keyCode='19', event.keyCode='19', metaState='0')
I/AppiumUnicodeIME(  672): onKeyDown (keyCode='22', event.keyCode='22', metaState='0')
I/AppiumUnicodeIME(  672): onKeyUp (keyCode='22', event.keyCode='22', metaState='0')
I/AppiumUnicodeIME(  672): onKeyDown (keyCode='20', event.keyCode='20', metaState='0')
I/AppiumUnicodeIME(  672): onKeyUp (keyCode='20', event.keyCode='20', metaState='0')
I/AppiumUnicodeIME(  672): onKeyDown (keyCode='19', event.keyCode='19', metaState='0')
I/AppiumUnicodeIME(  672): onKeyDown (keyCode='19', event.keyCode='19', metaState='0')
I/AppiumUnicodeIME(  672): onKeyUp (keyCode='19', event.keyCode='19', metaState='0')
I/AppiumUnicodeIME(  672): onKeyDown (keyCode='19', event.keyCode='19', metaState='0')
I/AppiumUnicodeIME(  672): onKeyUp (keyCode='19', event.keyCode='19', metaState='0')
W/AudioTrack(  527): AUDIO_OUTPUT_FLAG_FAST denied by client
I/AppiumUnicodeIME(  672): onKeyDown (keyCode='19', event.keyCode='19', metaState='0')
I/AppiumUnicodeIME(  672): onKeyDown (keyCode='19', event.keyCode='19', metaState='0')
I/AppiumUnicodeIME(  672): onKeyUp (keyCode='19', event.keyCode='19', metaState='0')
I/AppiumUnicodeIME(  672): onKeyDown (keyCode='19', event.keyCode='19', metaState='0')
I/AppiumUnicodeIME(  672): onKeyUp (keyCode='19', event.keyCode='19', metaState='0')
W/Settings(  741): Setting airplane_mode_on has moved from android.provider.Settings.System to android.provider.Settings.Global, returning read-only value.
E/WifiStateMachine(  527): WifiStateMachine: Leaving Connected state
E/WifiConfigStore(  527): saveWifiConfigBSSID Setting BSSID for "WiredSSID"NONE to any
D/CommandListener(  118): Clearing all IP addresses on eth1
E/Netd    (  118): ifc_reset_connections failed on iface eth1 for address 10.0.3.15/24 (Unknown error -1)
E/Netd    (  118): ifc_reset_connections failed on iface eth1 for address fe80::a00:27ff:fe16:647c/64 (Unknown error -1)
D/ConnectivityService(  527): NetworkAgentInfo [WIFI () - 105] EVENT_NETWORK_INFO_CHANGED, going from CONNECTED to DISCONNECTED
D/ConnectivityService(  527): NetworkAgentInfo [WIFI () - 105] got DISCONNECTED, was satisfying 2
E/WifiStateMachine(  527): Unexpected BatchedScanResults :null
D/WifiScanningService(  527): SCAN_AVAILABLE : 1
D/RttService(  527): SCAN_AVAILABLE : 1
D/RttService(  527): EnabledState got{ when=-1ms what=160513 target=com.android.internal.util.StateMachine$SmHandler }
D/WifiScanningService(  527): DefaultState got{ when=-3ms what=160007 target=com.android.internal.util.StateMachine$SmHandler }
I/AppiumUnicodeIME(  672): onKeyDown (keyCode='19', event.keyCode='19', metaState='0')
I/AppiumUnicodeIME(  672): onKeyDown (keyCode='19', event.keyCode='19', metaState='0')
I/AppiumUnicodeIME(  672): onKeyUp (keyCode='19', event.keyCode='19', metaState='0')
I/AppiumUnicodeIME(  672): onKeyDown (keyCode='19', event.keyCode='19', metaState='0')
I/AppiumUnicodeIME(  672): onKeyUp (keyCode='19', event.keyCode='19', metaState='0')
D/GpsLocationProvider(  527): received SIM realted action: 
D/GpsLocationProvider(  527): SIM MCC/MNC is available: 310270
D/GpsLocationProvider(  527): Reset GPS properties, previous size = 8
D/GpsLocationProvider(  527): GpsParamsResource: SUPL_HOST=supl.google.com
D/GpsLocationProvider(  527): GpsParamsResource: SUPL_PORT=7275
D/GpsLocationProvider(  527): GpsParamsResource: NTP_SERVER=north-america.pool.ntp.org
D/GpsLocationProvider(  527): GpsParamsResource: SUPL_VER=0x20000
D/GpsLocationProvider(  527): GpsParamsResource: SUPL_MODE=1
I/AppiumUnicodeIME(  672): onKeyDown (keyCode='123', event.keyCode='123', metaState='0')
I/AppiumUnicodeIME(  672): onKeyUp (keyCode='123', event.keyCode='123', metaState='0')
D/GpsLocationProvider(  527): GPS properties reloaded, size = 8
E/GpsLocationProvider(  527): no AGPS interface in set_agps_server
I/AppiumUnicodeIME(  672): onKeyDown (keyCode='21', event.keyCode='21', metaState='0')
E/GpsLocationProvider(  527): no GPS configuration interface in configuraiton_update
D/GpsLocationProvider(  527): final config = #Sat Jan 13 04:11:17 EST 2018
D/GpsLocationProvider(  527): SUPL_VER=0x20000
D/GpsLocationProvider(  527): SUPL_HOST=supl.google.com
D/GpsLocationProvider(  527): XTRA_SERVER_3=http\://xtra3.gpsonextra.net/xtra.bin
D/GpsLocationProvider(  527): XTRA_SERVER_1=http\://xtra1.gpsonextra.net/xtra.bin
D/GpsLocationProvider(  527): SUPL_PORT=7276
D/GpsLocationProvider(  527): XTRA_SERVER_2=http\://xtra2.gpsonextra.net/xtra.bin
D/GpsLocationProvider(  527): NTP_SERVER=north-america.pool.ntp.org
D/GpsLocationProvider(  527): SUPL_MODE=1
D/ForegroundCallbacks( 4682): went background
I/AppiumUnicodeIME(  672): onKeyUp (keyCode='21', event.keyCode='21', metaState='0')
D/MccTable(  741): updateMccMncConfiguration mccmnc='null' fromServiceState=true
I/AppiumUnicodeIME(  672): onKeyDown (keyCode='19', event.keyCode='19', metaState='0')
D/MccTable(  741): WIFI_COUNTRY_CODE set to 
I/WifiService(  527): WifiService trying to set country code to  with persist set to true
E/WifiStateMachine(  527): Ignoring resetting of country code
I/AppiumUnicodeIME(  672): onKeyUp (keyCode='19', event.keyCode='19', metaState='0')
I/AppiumUnicodeIME(  672): onKeyDown (keyCode='23', event.keyCode='23', metaState='0')
I/AppiumUnicodeIME(  672): onKeyUp (keyCode='23', event.keyCode='23', metaState='0')
I/AppiumUnicodeIME(  672): onKeyDown (keyCode='175', event.keyCode='175', metaState='0')
I/AppiumUnicodeIME(  672): onKeyUp (keyCode='175', event.keyCode='175', metaState='0')
I/AppiumUnicodeIME(  672): onKeyDown (keyCode='82', event.keyCode='82', metaState='0')
I/AppiumUnicodeIME(  672): onKeyUp (keyCode='82', event.keyCode='82', metaState='0')
I/AppiumUnicodeIME(  672): onKeyDown (keyCode='82', event.keyCode='82', metaState='0')
I/AppiumUnicodeIME(  672): onKeyUp (keyCode='82', event.keyCode='82', metaState='0')
I/AppiumUnicodeIME(  672): onKeyDown (keyCode='4', event.keyCode='4', metaState='0')
I/AppiumUnicodeIME(  672): onKeyUp (keyCode='4', event.keyCode='4', metaState='0')
D/CommandListener(  118): Clearing all IP addresses on eth1
D/ConnectivityService(  527): notifyType LOST for NetworkAgentInfo [WIFI () - 105]
D/CSLegacyTypeTracker(  527): Sending disconnected broadcast for type 1 NetworkAgentInfo [WIFI () - 105] isDefaultNetwork=true
D/ConnectivityService(  527): sendStickyBroadcast: action=android.net.conn.CONNECTIVITY_CHANGE_IMMEDIATE
D/NetworkMonitor/NetworkAgentInfo [WIFI () - 105](  527): OfflineState{ when=0 what=532487 target=com.android.internal.util.StateMachine$SmHandler }
D/NetworkMonitor/NetworkAgentInfo [WIFI () - 105](  527): DefaultState{ when=0 what=532487 target=com.android.internal.util.StateMachine$SmHandler }
D/NetworkMonitor/NetworkAgentInfo [WIFI () - 105](  527): Disconnected - quitting
D/ConnectivityManager.CallbackHandler(  636): CM callback handler got msg 524292
E/EGL_emulation(  502): tid 502: eglCreateSyncKHR(1209): error 0x3004 (EGL_BAD_ATTRIBUTE)
D/ConnectivityService(  527): sendStickyBroadcast: action=android.net.conn.CONNECTIVITY_CHANGE
D/ConnectivityService(  527): sendStickyBroadcast: action=android.net.conn.CONNECTIVITY_CHANGE_IMMEDIATE
W/BroadcastQueue(  527): Skipping deliver [background] BroadcastRecord{1219a060 u-1 android.net.conn.CONNECTIVITY_CHANGE} to ReceiverList{2b431048 5874 (unknown name)/0/u-1 remote:1443c165}: process crashing
D/awcn.NetworkStatusMonitor( 4682):  receiver:android.net.conn.CONNECTIVITY_CHANGE
D/awcn.NetworkStatusMonitor( 4682):  [checkNetworkStatus]
D/Tethering(  527): MasterInitialState.processMessage what=3
D/awcn.NetworkStatusMonitor( 1217):  receiver:android.net.conn.CONNECTIVITY_CHANGE
D/awcn.NetworkStatusMonitor( 4764):  receiver:android.net.conn.CONNECTIVITY_CHANGE
D/awcn.NetworkStatusMonitor( 1331):  receiver:android.net.conn.CONNECTIVITY_CHANGE
I/awcn.NetworkStatusMonitor( 4682):  checkNetworkStatus NO NETWORK
I/awcn.NetworkStatusHelper( 4682):  
I/awcn.NetworkStatusHelper( 4682): Network detail*******************************
I/awcn.NetworkStatusHelper( 4682): Status: NO
I/awcn.NetworkStatusHelper( 4682): Subtype: no network
I/awcn.NetworkStatusHelper( 4682): *********************************************
E/awcn.SessionCenter( 4682): |[seq:[default]] onNetworkStatusChanged. reCreateSession networkStatus:NO
I/awcn.SessionCenter( 4682): |[seq:[default]] recreate session failed: infos is empty
D/awcn.NetworkStatusMonitor( 1331):  [checkNetworkStatus]
D/awcn.NetworkStatusMonitor( 4764):  [checkNetworkStatus]
D/awcn.NetworkStatusMonitor( 1217):  [checkNetworkStatus]
I/awcn.NetworkStatusMonitor( 4764):  checkNetworkStatus NO NETWORK
D/ConnectivityService(  527): sendStickyBroadcast: action=android.net.conn.CONNECTIVITY_CHANGE
E/WifiStateMachine(  527): SupplicantStoppingState: stopSupplicant  init.svc.wpa_supplicant=unknown init.svc.p2p_supplicant=unknown
I/awcn.NetworkStatusHelper( 4764):  
I/awcn.NetworkStatusHelper( 4764): Network detail*******************************
I/awcn.NetworkStatusHelper( 4764): Status: NO
I/awcn.NetworkStatusHelper( 4764): Subtype: no network
I/awcn.NetworkStatusHelper( 4764): *********************************************
E/awcn.SessionCenter( 4764): |[seq:[default]] onNetworkStatusChanged. reCreateSession networkStatus:NO
I/awcn.SessionCenter( 4764): |[seq:[default]] recreate session failed: infos is empty
I/awcn.NetworkStatusMonitor( 1331):  checkNetworkStatus NO NETWORK
I/awcn.NetworkStatusMonitor( 1331):  Network Status Change WIFI ===>>> NO
I/awcn.NetworkStatusHelper( 1331):  
I/awcn.NetworkStatusHelper( 1331): 
I/awcn.NetworkStatusHelper( 1331): Network detail***********************
I/awcn.NetworkStatusHelper( 1331): status: NO
I/awcn.NetworkStatusHelper( 1331):  BSSID: 01:80:c2:00:00:03
I/awcn.NetworkStatusHelper( 1331):  SSID: "WiredSSID"
I/awcn.NetworkStatusHelper( 1331): ******************************************
D/awcn.SessionCenter( 1331):  onNetworkStatusChanged networkStatus:NO
D/awcn.SessionCenter( 1331):  [reCreateSession]
D/ConnectivityService(  527): Checking for replacement network to handle request NetworkRequest [ id=1, legacyType=-1, [ Capabilities: INTERNET&NOT_RESTRICTED&TRUSTED&NOT_VPN] ]
I/wpa_supplicant( 4450): eth1: CTRL-EVENT-DISCONNECTED bssid=01:80:c2:00:00:03 reason=3 locally_generated=1
D/awcn.AccsSessionManager( 4682): |[seq:[default]] network is not available, not need check accs session, return network:false
E/awcn.SessionCenter( 4682): |[seq:umeng:56aadbf567e58e38d4000976] onNetworkStatusChanged. reCreateSession networkStatus:NO
I/awcn.SessionCenter( 1331):  recreate session failed: infos is empty
D/awcn.AccsSessionManager( 1331):  app is background not need check accs session, return bg:true
D/awcn.SessionCenter( 4682): |[seq:umeng:56aadbf567e58e38d4000976] network change, try recreate session
D/awcn.SessionRequest( 4682):  reCreateSession host:https://umengacs.m.taobao.com
D/awcn.SessionRequest( 4682):  closeSessions host:https://umengacs.m.taobao.com autoCreate:true
E/awcn.TnetSpdySession( 4682): |[seq:umeng:56aadbf567e58e38d4000976.AWCN2_1] force close! session:Session@[umeng:56aadbf567e58e38d4000976.AWCN2_1|http2_0rtt_acs]
E/awcn.Session( 4682): |[seq:umeng:56aadbf567e58e38d4000976.AWCN2_1] notifyStatus status:DISCONNECTING
I/awcn.DefaultHeartbeatImpl( 4682): |[seq:umeng:56aadbf567e58e38d4000976.AWCN2_1] heartbeat stop session:Session@[umeng:56aadbf567e58e38d4000976.AWCN2_1|http2_0rtt_acs]
I/awcn.NetworkStatusMonitor( 1217):  checkNetworkStatus NO NETWORK
I/awcn.NetworkStatusMonitor( 1217):  Network Status Change WIFI ===>>> NO
D/awcn.StrategyCenter( 4682):  getSchemeByHost host:umengacs.m.taobao.com scheme:https
I/awcn.NetworkStatusHelper( 1217):  
I/awcn.NetworkStatusHelper( 1217): 
I/awcn.NetworkStatusHelper( 1217): Network detail***********************
I/awcn.NetworkStatusHelper( 1217): status: NO
I/awcn.NetworkStatusHelper( 1217):  BSSID: 01:80:c2:00:00:03
I/awcn.NetworkStatusHelper( 1217):  SSID: "WiredSSID"
I/awcn.NetworkStatusHelper( 1217): ******************************************
D/awcn.SessionCenter( 1217):  onNetworkStatusChanged networkStatus:NO
D/awcn.SessionCenter( 1217):  [reCreateSession]
I/awcn.SessionCenter( 1217):  recreate session failed: infos is empty
E/awcn.TnetSpdySession( 4682): |[seq:umeng:56aadbf567e58e38d4000976.AWCN2_1] spdySessionCloseCallback  errorCode::-2002
I/awcn.AccsSessionManager( 1217):  call back is null
E/awcn.Session( 4682): |[seq:umeng:56aadbf567e58e38d4000976.AWCN2_1] notifyStatus status:DISCONNECTED
E/ConnectivityService(  527): EVENT_NETWORK_INFO_CHANGED from unknown NetworkAgent
D/awcn.AccsSessionManager( 4682): |[seq:umeng:56aadbf567e58e38d4000976] network is not available, not need check accs session, return network:false
I/awcn.BandWidthSampler( 4682):  [startNetworkMeter] NetworkStatus:NO
D/awcn.SessionRequest( 4682): |[seq:umeng:56aadbf567e58e38d4000976.AWCN2_1] Session:Session@[umeng:56aadbf567e58e38d4000976.AWCN2_1|http2_0rtt_acs] EventType:DISCONNECTED Event:anet.channel.entity.c@3f8b1064
W/BroadcastQueue(  527): Skipping deliver [background] BroadcastRecord{2e06b919 u-1 android.net.conn.CONNECTIVITY_CHANGE} to ReceiverList{2b431048 5874 (unknown name)/0/u-1 remote:1443c165}: process crashing
D/awcn.NetworkStatusMonitor( 4682):  receiver:android.net.conn.CONNECTIVITY_CHANGE
D/Tethering(  527): MasterInitialState.processMessage what=3
D/awcn.NetworkStatusMonitor( 1217):  receiver:android.net.conn.CONNECTIVITY_CHANGE
D/awcn.SessionRequest( 4682): |[seq:umeng:56aadbf567e58e38d4000976.AWCN2_1] Connect Disconnect session:Session@[umeng:56aadbf567e58e38d4000976.AWCN2_1|http2_0rtt_acs] host:https://umengacs.m.taobao.com appIsBg:false isHandleFinish:false
D/awcn.NetworkStatusMonitor( 4764):  receiver:android.net.conn.CONNECTIVITY_CHANGE
D/awcn.AccsSessionManager( 4764): |[seq:[default]] network is not available, not need check accs session, return network:false
E/awcn.SessionRequest( 4682): |[seq:umeng:56aadbf567e58e38d4000976.AWCN2_1] [onDisConnect]no network, don't Recreate session:Session@[umeng:56aadbf567e58e38d4000976.AWCN2_1|http2_0rtt_acs]
E/awcn.SessionCenter( 4764): |[seq:0] onNetworkStatusChanged. reCreateSession networkStatus:NO
I/awcn.SessionCenter( 4764): |[seq:0] recreate session failed: infos is empty
D/awcn.NetworkStatusMonitor( 4682):  [checkNetworkStatus]
I/accs.MsgDistributeService( 4682):  onStartCommand action:com.taobao.accs.intent.action.RECEIVE
I/awcn.NetworkStatusMonitor( 4682):  checkNetworkStatus NO NETWORK
D/awcn.NetworkStatusMonitor( 1217):  [checkNetworkStatus]
D/awcn.AccsSessionManager( 4764): |[seq:0] network is not available, not need check accs session, return network:false
D/awcn.NetworkStatusMonitor( 4764):  [checkNetworkStatus]
I/awcn.NetworkStatusMonitor( 1217):  checkNetworkStatus NO NETWORK
I/awcn.NetworkStatusMonitor( 4764):  checkNetworkStatus NO NETWORK
D/awcn.NetworkStatusMonitor( 1331):  receiver:android.net.conn.CONNECTIVITY_CHANGE
D/awcn.NetworkStatusMonitor( 1331):  [checkNetworkStatus]
D/PhoneInterfaceManager(  741): [PhoneIntfMgr] getDataEnabled: subId=1 phoneId=0
I/awcn.NetworkStatusMonitor( 1331):  checkNetworkStatus NO NETWORK
D/PhoneInterfaceManager(  741): [PhoneIntfMgr] getDataEnabled: subId=1 retVal=true
D/TelephonyManager(  527): getDataEnabled: retVal=true
D/accs.MsgDistribute( 4682):  action:com.taobao.accs.intent.action.RECEIVE
I/accs.MsgDistribute( 4682):  distribute command::103  serviceId::  dataId:: appkey: config:
W/AudioTrack(  527): AUDIO_OUTPUT_FLAG_FAST denied by client
W/AudioTrack(  527): AUDIO_OUTPUT_FLAG_FAST denied by client
I/wpa_supplicant( 4450): eth1: CTRL-EVENT-TERMINATING 
E/wpa_supplicant( 4450): rmdir[ctrl_interface=eth1]: Read-only file system
V/KeyguardUpdateMonitor(  636): onSubscriptionInfoChanged()
V/KeyguardUpdateMonitor(  636): SubInfo:{id=1, iccId=89014103211118510720 simSlotIndex=0 displayName=Android carrierName=No service. nameSource=0 iconTint=-16746133 dataRoaming=0 iconBitmap=android.graphics.Bitmap@28ad0fec mcc 310 mnc 270}
W/MobileDataController(  636): Failed to open stats session
W/MobileDataController(  636): java.lang.IllegalStateException: Bandwidth module disabled
W/MobileDataController(  636): 	at android.os.Parcel.readException(Parcel.java:1554)
W/MobileDataController(  636): 	at android.os.Parcel.readException(Parcel.java:1499)
W/MobileDataController(  636): 	at android.net.INetworkStatsService$Stub$Proxy.openSession(INetworkStatsService.java:171)
W/MobileDataController(  636): 	at com.android.systemui.statusbar.policy.MobileDataControllerImpl.getSession(MobileDataControllerImpl.java:81)
W/MobileDataController(  636): 	at com.android.systemui.statusbar.policy.MobileDataControllerImpl.getDataUsageInfo(MobileDataControllerImpl.java:112)
W/MobileDataController(  636): 	at com.android.systemui.qs.tiles.CellularTile$CellularDetailAdapter.createDetailView(CellularTile.java:234)
W/MobileDataController(  636): 	at com.android.systemui.qs.QSPanel.handleShowDetailImpl(QSPanel.java:359)
W/MobileDataController(  636): 	at com.android.systemui.qs.QSPanel.handleShowDetailTile(QSPanel.java:350)
W/MobileDataController(  636): 	at com.android.systemui.qs.QSPanel.handleShowDetail(QSPanel.java:335)
W/MobileDataController(  636): 	at com.android.systemui.qs.QSPanel.access$1000(QSPanel.java:49)
W/MobileDataController(  636): 	at com.android.systemui.qs.QSPanel$H.handleMessage(QSPanel.java:530)
W/MobileDataController(  636): 	at android.os.Handler.dispatchMessage(Handler.java:102)
W/MobileDataController(  636): 	at android.os.Looper.loop(Looper.java:135)
W/MobileDataController(  636): 	at android.app.ActivityThread.main(ActivityThread.java:5254)
W/MobileDataController(  636): 	at java.lang.reflect.Method.invoke(Native Method)
W/MobileDataController(  636): 	at java.lang.reflect.Method.invoke(Method.java:372)
W/MobileDataController(  636): 	at com.android.internal.os.ZygoteInit$MethodAndArgsCaller.run(ZygoteInit.java:903)
W/MobileDataController(  636): 	at com.android.internal.os.ZygoteInit.main(ZygoteInit.java:698)
W/MobileDataController(  636): Failed to get data usage, no stats session
W/EGL_emulation( 4682): eglSurfaceAttrib not implemented
W/OpenGLRenderer( 4682): Failed to set EGL_SWAP_BEHAVIOR on surface 0xdd9b0480, error=EGL_SUCCESS
W/art     (  527): Long monitor contention event with owner method=void com.android.server.am.ActivityManagerService.activityPaused(android.os.IBinder) from ActivityManagerService.java:6374 waiters=1 for 121ms
I/AppiumUnicodeIME(  672): onKeyDown (keyCode='20', event.keyCode='20', metaState='0')
I/AppiumUnicodeIME(  672): onKeyUp (keyCode='20', event.keyCode='20', metaState='0')
W/ViewRootImpl( 4927): Dropping event due to no window focus: KeyEvent { action=ACTION_DOWN, keyCode=KEYCODE_DPAD_DOWN, scanCode=0, metaState=0, flags=0x8, repeatCount=0, eventTime=8872007, downTime=8872007, deviceId=-1, source=0x101 }
W/ViewRootImpl( 4927): Cancelling event due to no window focus: KeyEvent { action=ACTION_UP, keyCode=KEYCODE_DPAD_DOWN, scanCode=0, metaState=0, flags=0x28, repeatCount=0, eventTime=8872169, downTime=8872007, deviceId=-1, source=0x101 }
W/ViewRootImpl( 4927): Cancelling event due to no window focus: KeyEvent { action=ACTION_UP, keyCode=KEYCODE_DPAD_DOWN, scanCode=0, metaState=0, flags=0x28, repeatCount=0, eventTime=8872169, downTime=8872007, deviceId=-1, source=0x101 }
W/ViewRootImpl( 4927): Cancelling event due to no window focus: KeyEvent { action=ACTION_UP, keyCode=KEYCODE_DPAD_DOWN, scanCode=0, metaState=0, flags=0x28, repeatCount=0, eventTime=8872169, downTime=8872007, deviceId=-1, source=0x101 }
W/ViewRootImpl( 4927): Cancelling event due to no window focus: KeyEvent { action=ACTION_UP, keyCode=KEYCODE_DPAD_DOWN, scanCode=0, metaState=0, flags=0x28, repeatCount=0, eventTime=8872169, downTime=8872007, deviceId=-1, source=0x101 }
W/ViewRootImpl( 4927): Cancelling event due to no window focus: KeyEvent { action=ACTION_UP, keyCode=KEYCODE_DPAD_DOWN, scanCode=0, metaState=0, flags=0x28, repeatCount=0, eventTime=8872169, downTime=8872007, deviceId=-1, source=0x101 }
W/ViewRootImpl( 4927): Cancelling event due to no window focus: KeyEvent { action=ACTION_UP, keyCode=KEYCODE_DPAD_DOWN, scanCode=0, metaState=0, flags=0x28, repeatCount=0, eventTime=8872169, downTime=8872007, deviceId=-1, source=0x101 }
D/WifiNetworkAgent(  527): NetworkAgent: NetworkAgent channel lost
E/WifiMonitor(  527): killSupplicant p2pfalse init.svc.wpa_supplicant=unknown init.svc.p2p_supplicant=unknown
D/ConnectivityManager( 1082): getMobileDataEnabled()+ subId=1
D/PhoneInterfaceManager(  741): [PhoneIntfMgr] getDataEnabled: subId=1 phoneId=0
D/PhoneInterfaceManager(  741): [PhoneIntfMgr] getDataEnabled: subId=1 retVal=true
D/ConnectivityManager( 1082): getMobileDataEnabled()- subId=1 retVal=true
D/accs.BaseReceiver( 4764):  onReceive
D/accs.ReceiverImpl( 4764):  ReceiverImpl onReceive begin......
D/accs.AdapterGlobalClientInfo( 4764):  getAgooCustomServiceName name:com.umeng.message.UmengIntentService
D/accs.AdapterGlobalClientInfo( 4764):  getAgooCustomServiceName name:com.umeng.message.UmengIntentService
I/accs.ElectionServiceImpl( 4764):  onStartCommand begin action:android.net.conn.CONNECTIVITY_CHANGE
I/accs.OrangeAdapter( 4764):  isElectionEnable result:false
I/accs.OrangeAdapter( 4764):  isElectionEnable result:false
I/accs.ElectionServiceImpl( 4764):  deliver to channelservice host pkg:
I/accs.ServiceImpl( 4764):  onHostStartCommand:Intent { act=android.net.conn.CONNECTIVITY_CHANGE flg=0x4000010 cmp=com.zzl.falcon.internal/com.taobao.accs.ChannelService (has extras) }
D/accs.ServiceImpl( 4764):  key networkInfo: value [type: WIFI[], state: DISCONNECTED/DISCONNECTED, reason: (unspecified), extra: <unknown ssid>, roaming: false, failover: false, isAvailable: true, isConnectedToProvisioningNetwork: false]
D/accs.ServiceImpl( 4764):  key networkType: value 1
D/accs.ServiceImpl( 4764):  key otherNetwork: value [type: WIFI[], state: DISCONNECTED/DISCONNECTED, reason: (unspecified), extra: <unknown ssid>, roaming: false, failover: false, isAvailable: true, isConnectedToProvisioningNetwork: false]
D/accs.ServiceImpl( 4764):  key inetCondition: value 0
D/accs.ServiceImpl( 4764):  key extraInfo: value <unknown ssid>
I/accs.LoadSoFailUtil( 4764):  getSoFailTimes times:0
D/accs.SilenceConn_umeng:56aadbf567e58e38d4000976( 4764):  try ping, force:false
D/accs.SilenceConn_umeng:56aadbf567e58e38d4000976( 4764):  send message, PING delay:0 dataId:48
I/accs.ServiceImpl( 4764):  tryConnect appkey:0 configTag:umeng:56aadbf567e58e38d4000976|0
D/accs.SilenceConn_umeng:56aadbf567e58e38d4000976( 4764):  clearRepeatControlCommand message:201/
D/ConnectivityManager( 1082): getMobileDataEnabled()+ subId=1
D/PhoneInterfaceManager(  741): [PhoneIntfMgr] getDataEnabled: subId=1 phoneId=0
D/PhoneInterfaceManager(  741): [PhoneIntfMgr] getDataEnabled: subId=1 retVal=true
E/GpsLocationProvider(  527): No APN found to select.
D/accs.BaseReceiver( 1217):  onReceive
D/accs.ReceiverImpl( 1217):  ReceiverImpl onReceive begin......
D/ConnectivityManager( 1082): getMobileDataEnabled()- subId=1 retVal=true
I/accs.ServiceImpl( 4764):  network change:wifi to unknown
D/accs.SilenceConn_umeng:56aadbf567e58e38d4000976( 4764):  try ping, force:true
D/accs.AdapterGlobalClientInfo( 1217):  getAgooCustomServiceName name:com.umeng.message.UmengIntentService
D/accs.SilenceConn_umeng:56aadbf567e58e38d4000976( 4764):  send message, PING delay:0 dataId:49
D/accs.AdapterGlobalClientInfo( 1217):  getAgooCustomServiceName name:com.umeng.message.UmengIntentService
I/accs.ServiceImpl( 4764):  ping connection appkey:0
D/accs.SilenceConn_umeng:56aadbf567e58e38d4000976( 4764):  clearRepeatControlCommand message:201/
I/accs.ElectionServiceImpl( 1217):  onStartCommand begin action:android.net.conn.CONNECTIVITY_CHANGE
I/accs.ElectionServiceUtil( 1217):  getElectionResult from mem host:com.zzl.itoube.internal retry:0
I/accs.ElectionServiceImpl( 1217):  deliver to channelservice host pkg:com.zzl.itoube.internal
D/accs.UtilityImpl( 4764):  getProxy:null:-1
I/accs.ServiceImpl( 1217):  onHostStartCommand:Intent { act=android.net.conn.CONNECTIVITY_CHANGE flg=0x4000010 cmp=com.zzl.itoube.internal/com.taobao.accs.ChannelService (has extras) }
D/accs.ServiceImpl( 1217):  key networkInfo: value [type: WIFI[], state: DISCONNECTED/DISCONNECTED, reason: (unspecified), extra: <unknown ssid>, roaming: false, failover: false, isAvailable: true, isConnectedToProvisioningNetwork: false]
D/accs.ServiceImpl( 1217):  key networkType: value 1
D/accs.ServiceImpl( 1217):  key otherNetwork: value [type: WIFI[], state: DISCONNECTED/DISCONNECTED, reason: (unspecified), extra: <unknown ssid>, roaming: false, failover: false, isAvailable: true, isConnectedToProvisioningNetwork: false]
D/accs.ServiceImpl( 1217):  key inetCondition: value 0
D/accs.ServiceImpl( 1217):  key extraInfo: value <unknown ssid>
I/accs.LoadSoFailUtil( 1217):  getSoFailTimes times:0
D/accs.SpdyConnection( 1217):  try ping, force:false
D/accs.SpdyConnection( 1217):  send message, PING delay:0 dataId:95
D/accs.UTMini( 4764):  commitEvent fail java.lang.NoClassDefFoundError: Failed resolution of: Lcom/ut/mini/internal/UTOriginalCustomHitBuilder;
I/accs.ServiceImpl( 1217):  network change:wifi to unknown
D/accs.SpdyConnection( 1217):  try ping, force:true
D/accs.SpdyConnection( 1217):  send message, PING delay:0 dataId:96
D/accs.UtilityImpl( 1217):  getProxy:null:-1
D/accs.SpdyConnection( 1217):  clearRepeatControlCommand message:201/
D/accs.UTMini( 1217):  commitEvent fail java.lang.NoClassDefFoundError: Failed resolution of: Lcom/ut/mini/internal/UTOriginalCustomHitBuilder;
D/accs.NetworkThread( 1217):  try get message
D/accs.NetworkThread( 1217):  send message not null
I/accs.NetworkThread( 1217):  0 send:PING status:1
D/accs.OrangeAdapter( 1217):  isSmartHb result:true
D/accs.NetworkThread( 1217):  ms:2477890 force:true
D/accs.OrangeAdapter( 1217):  isSmartHb result:true
I/accs.NetworkThread( 1217):  0 onSendPing
D/accs.MessageHandler( 1217):  onSendPing
D/accs.OrangeAdapter( 1217):  isSmartHb result:true
D/accs.HeartbeatManager( 1217):  set 270
D/ConnectivityManager( 1082): getMobileDataEnabled()+ subId=1
D/accs.NetworkThread( 1217):  send succ, remove it
D/accs.NetworkThread( 1217):  ready to get message
D/accs.NetworkThread( 1217):  no message, wait
D/PhoneInterfaceManager(  741): [PhoneIntfMgr] getDataEnabled: subId=1 phoneId=0
D/PhoneInterfaceManager(  741): [PhoneIntfMgr] getDataEnabled: subId=1 retVal=true
I/accs.BaseIntentService( 4764):  onHandleIntent,action=android.net.conn.CONNECTIVITY_CHANGE,agooCommand=com.zzl.falcon.internal.intent.action.COMMAND,mipushCommand=com.zzl.falcon.internal.intent.thirdPush.action.COMMAND
I/accs.BaseIntentService( 4764):  is report cache msg,Config.isReportCacheMsg(mContext)=false
D/accs.isClearTime( 4764):  now=1515834677504,now - lastTime=2184132,istrue=false
I/accs.BaseIntentService( 4764):  is clear all msg=false
D/accs.isClearTime( 4764):  now=1515834677504,now - lastTime=2184132,istrue=false
D/ConnectivityManager( 1082): getMobileDataEnabled()- subId=1 retVal=true
D/PhoneInterfaceManager(  741): [PhoneIntfMgr] getDataEnabled: subId=1 phoneId=0
D/PhoneInterfaceManager(  741): [PhoneIntfMgr] getDataEnabled: subId=1 retVal=true
D/TelephonyManager(  527): getDataEnabled: retVal=true
I/accs.BaseIntentService( 1217):  onHandleIntent,action=android.net.conn.CONNECTIVITY_CHANGE,agooCommand=com.zzl.itoube.internal.intent.action.COMMAND,mipushCommand=com.zzl.itoube.internal.intent.thirdPush.action.COMMAND
I/accs.BaseIntentService( 1217):  is report cache msg,Config.isReportCacheMsg(mContext)=false
D/accs.isClearTime( 1217):  now=1515834677506,now - lastTime=13332749,istrue=false
I/accs.BaseIntentService( 1217):  is clear all msg=false
D/accs.isClearTime( 1217):  now=1515834677506,now - lastTime=13332749,istrue=false
D/accs.BaseReceiver( 4764):  onReceive
D/accs.ReceiverImpl( 4764):  ReceiverImpl onReceive begin......
W/ViewRootImpl( 4682): Cancelling event due to no window focus: KeyEvent { action=ACTION_UP, keyCode=KEYCODE_DPAD_DOWN, scanCode=0, metaState=0, flags=0x28, repeatCount=0, eventTime=8872142, downTime=8872142, deviceId=-1, source=0x101 }
W/ViewRootImpl( 4682): Cancelling event due to no window focus: KeyEvent { action=ACTION_UP, keyCode=KEYCODE_DPAD_DOWN, scanCode=0, metaState=0, flags=0x28, repeatCount=0, eventTime=8872142, downTime=8872142, deviceId=-1, source=0x101 }
W/ViewRootImpl( 4682): Cancelling event due to no window focus: KeyEvent { action=ACTION_UP, keyCode=KEYCODE_DPAD_DOWN, scanCode=0, metaState=0, flags=0x28, repeatCount=0, eventTime=8872142, downTime=8872142, deviceId=-1, source=0x101 }
W/ViewRootImpl( 4682): Cancelling event due to no window focus: KeyEvent { action=ACTION_UP, keyCode=KEYCODE_DPAD_DOWN, scanCode=0, metaState=0, flags=0x28, repeatCount=0, eventTime=8872142, downTime=8872142, deviceId=-1, source=0x101 }
W/ViewRootImpl( 4682): Cancelling event due to no window focus: KeyEvent { action=ACTION_UP, keyCode=KEYCODE_DPAD_DOWN, scanCode=0, metaState=0, flags=0x28, repeatCount=0, eventTime=8872142, downTime=8872142, deviceId=-1, source=0x101 }
W/ViewRootImpl( 4682): Cancelling event due to no window focus: KeyEvent { action=ACTION_UP, keyCode=KEYCODE_DPAD_DOWN, scanCode=0, metaState=0, flags=0x28, repeatCount=0, eventTime=8872142, downTime=8872142, deviceId=-1, source=0x101 }
W/ViewRootImpl( 4682): Dropping event due to no window focus: MotionEvent { action=ACTION_MOVE, id[0]=0, x[0]=-5.0, y[0]=-2.0, toolType[0]=TOOL_TYPE_UNKNOWN, buttonState=0, metaState=0, flags=0x0, edgeFlags=0x0, pointerCount=1, historySize=9, eventTime=8872185, downTime=-1, deviceId=0, source=0x10004 }
D/accs.AdapterGlobalClientInfo( 4764):  getAgooCustomServiceName name:com.umeng.message.UmengIntentService
D/accs.AdapterGlobalClientInfo( 4764):  getAgooCustomServiceName name:com.umeng.message.UmengIntentService
I/accs.ElectionServiceImpl( 4764):  onStartCommand begin action:android.net.conn.CONNECTIVITY_CHANGE
I/accs.OrangeAdapter( 4764):  isElectionEnable result:false
I/accs.OrangeAdapter( 4764):  isElectionEnable result:false
I/accs.ElectionServiceImpl( 4764):  deliver to channelservice host pkg:
I/accs.ServiceImpl( 4764):  onHostStartCommand:Intent { act=android.net.conn.CONNECTIVITY_CHANGE flg=0x4000010 cmp=com.zzl.falcon.internal/com.taobao.accs.ChannelService (has extras) }
D/accs.ServiceImpl( 4764):  key networkInfo: value [type: WIFI[], state: DISCONNECTED/DISCONNECTED, reason: (unspecified), extra: <unknown ssid>, roaming: false, failover: false, isAvailable: true, isConnectedToProvisioningNetwork: false]
D/accs.ServiceImpl( 4764):  key networkType: value 1
D/accs.ServiceImpl( 4764):  key inetCondition: value 0
D/accs.ServiceImpl( 4764):  key extraInfo: value <unknown ssid>
I/accs.LoadSoFailUtil( 4764):  getSoFailTimes times:0
D/accs.SilenceConn_umeng:56aadbf567e58e38d4000976( 4764):  try ping, force:false
D/accs.SilenceConn_umeng:56aadbf567e58e38d4000976( 4764):  send message, PING delay:0 dataId:50
I/accs.ServiceImpl( 4764):  tryConnect appkey:0 configTag:umeng:56aadbf567e58e38d4000976|0
D/accs.SilenceConn_umeng:56aadbf567e58e38d4000976( 4764):  clearRepeatControlCommand message:201/
D/accs.BaseReceiver( 1217):  onReceive
D/accs.ReceiverImpl( 1217):  ReceiverImpl onReceive begin......
I/accs.ServiceImpl( 4764):  network change:unknown to unknown
D/accs.SilenceConn_umeng:56aadbf567e58e38d4000976( 4764):  try ping, force:true
D/accs.SilenceConn_umeng:56aadbf567e58e38d4000976( 4764):  send message, PING delay:0 dataId:51
I/accs.ServiceImpl( 4764):  ping connection appkey:0
D/accs.UtilityImpl( 4764):  getProxy:null:-1
D/accs.UTMini( 4764):  commitEvent fail java.lang.NoClassDefFoundError: Failed resolution of: Lcom/ut/mini/internal/UTOriginalCustomHitBuilder;
D/accs.SilenceConn_umeng:56aadbf567e58e38d4000976( 4764):  clearRepeatControlCommand message:201/
D/accs.AdapterGlobalClientInfo( 1217):  getAgooCustomServiceName name:com.umeng.message.UmengIntentService
D/accs.AdapterGlobalClientInfo( 1217):  getAgooCustomServiceName name:com.umeng.message.UmengIntentService
I/accs.ElectionServiceImpl( 1217):  onStartCommand begin action:android.net.conn.CONNECTIVITY_CHANGE
I/accs.ElectionServiceUtil( 1217):  getElectionResult from mem host:com.zzl.itoube.internal retry:0
I/accs.ElectionServiceImpl( 1217):  deliver to channelservice host pkg:com.zzl.itoube.internal
I/accs.BaseIntentService( 4764):  onHandleIntent,action=android.net.conn.CONNECTIVITY_CHANGE,agooCommand=com.zzl.falcon.internal.intent.action.COMMAND,mipushCommand=com.zzl.falcon.internal.intent.thirdPush.action.COMMAND
I/accs.BaseIntentService( 4764):  is report cache msg,Config.isReportCacheMsg(mContext)=false
D/accs.isClearTime( 4764):  now=1515834677531,now - lastTime=2184159,istrue=false
I/accs.BaseIntentService( 4764):  is clear all msg=false
D/accs.isClearTime( 4764):  now=1515834677531,now - lastTime=2184159,istrue=false
I/accs.ServiceImpl( 1217):  onHostStartCommand:Intent { act=android.net.conn.CONNECTIVITY_CHANGE flg=0x4000010 cmp=com.zzl.itoube.internal/com.taobao.accs.ChannelService (has extras) }
D/accs.ServiceImpl( 1217):  key networkInfo: value [type: WIFI[], state: DISCONNECTED/DISCONNECTED, reason: (unspecified), extra: <unknown ssid>, roaming: false, failover: false, isAvailable: true, isConnectedToProvisioningNetwork: false]
D/accs.ServiceImpl( 1217):  key networkType: value 1
