I/AppiumUnicodeIME(  672): onKeyUp (keyCode='23', event.keyCode='23', metaState='0')
I/AppiumUnicodeIME(  672): onKeyDown (keyCode='24', event.keyCode='24', metaState='0')
I/AppiumUnicodeIME(  672): onKeyUp (keyCode='24', event.keyCode='24', metaState='0')
I/AppiumUnicodeIME(  672): onKeyDown (keyCode='19', event.keyCode='19', metaState='0')
I/AppiumUnicodeIME(  672): onKeyUp (keyCode='19', event.keyCode='19', metaState='0')
I/AppiumUnicodeIME(  672): onKeyDown (keyCode='21', event.keyCode='21', metaState='0')
I/AppiumUnicodeIME(  672): onKeyUp (keyCode='21', event.keyCode='21', metaState='0')
I/AppiumUnicodeIME(  672): onKeyDown (keyCode='20', event.keyCode='20', metaState='0')
I/AppiumUnicodeIME(  672): onKeyUp (keyCode='20', event.keyCode='20', metaState='0')
I/AppiumUnicodeIME(  672): onKeyDown (keyCode='21', event.keyCode='21', metaState='0')
I/AppiumUnicodeIME(  672): onKeyDown (keyCode='21', event.keyCode='21', metaState='0')
I/AppiumUnicodeIME(  672): onKeyUp (keyCode='21', event.keyCode='21', metaState='0')
I/AppiumUnicodeIME(  672): onKeyDown (keyCode='21', event.keyCode='21', metaState='0')
I/AppiumUnicodeIME(  672): onKeyUp (keyCode='21', event.keyCode='21', metaState='0')
I/AppiumUnicodeIME(  672): onKeyDown (keyCode='21', event.keyCode='21', metaState='0')
I/AppiumUnicodeIME(  672): onKeyUp (keyCode='21', event.keyCode='21', metaState='0')
I/AppiumUnicodeIME(  672): onKeyDown (keyCode='19', event.keyCode='19', metaState='0')
I/AppiumUnicodeIME(  672): onKeyDown (keyCode='19', event.keyCode='19', metaState='0')
I/AppiumUnicodeIME(  672): onKeyUp (keyCode='19', event.keyCode='19', metaState='0')
I/AppiumUnicodeIME(  672): onKeyDown (keyCode='19', event.keyCode='19', metaState='0')
I/AppiumUnicodeIME(  672): onKeyUp (keyCode='19', event.keyCode='19', metaState='0')
I/AppiumUnicodeIME(  672): onKeyDown (keyCode='19', event.keyCode='19', metaState='0')
I/AppiumUnicodeIME(  672): onKeyUp (keyCode='19', event.keyCode='19', metaState='0')
I/AppiumUnicodeIME(  672): onKeyDown (keyCode='125', event.keyCode='125', metaState='0')
W/EGL_emulation(  636): eglSurfaceAttrib not implemented
W/OpenGLRenderer(  636): Failed to set EGL_SWAP_BEHAVIOR on surface 0xe2066d40, error=EGL_SUCCESS
I/AppiumUnicodeIME(  672): onKeyUp (keyCode='125', event.keyCode='125', metaState='0')
I/AppiumUnicodeIME(  672): onKeyDown (keyCode='128', event.keyCode='128', metaState='0')
I/AppiumUnicodeIME(  672): onKeyUp (keyCode='128', event.keyCode='128', metaState='0')
I/AppiumUnicodeIME(  672): onKeyDown (keyCode='20', event.keyCode='20', metaState='0')
I/AppiumUnicodeIME(  672): onKeyUp (keyCode='20', event.keyCode='20', metaState='0')
I/AppiumUnicodeIME(  672): onKeyDown (keyCode='20', event.keyCode='20', metaState='0')
I/AppiumUnicodeIME(  672): onKeyUp (keyCode='20', event.keyCode='20', metaState='0')
I/AppiumUnicodeIME(  672): onKeyDown (keyCode='203', event.keyCode='203', metaState='0')
I/AppiumUnicodeIME(  672): onKeyDown (keyCode='23', event.keyCode='23', metaState='0')
I/AppiumUnicodeIME(  672): onKeyUp (keyCode='203', event.keyCode='203', metaState='0')
I/AppiumUnicodeIME(  672): onKeyUp (keyCode='23', event.keyCode='23', metaState='0')
I/AppiumUnicodeIME(  672): onKeyDown (keyCode='23', event.keyCode='23', metaState='0')
I/AppiumUnicodeIME(  672): onKeyUp (keyCode='23', event.keyCode='23', metaState='0')
W/ResourceType(  636): No package identifier when getting value for resource number 0x00000000
W/PackageManager(  636): Failure retrieving resources for com.zzl.falcon.internal: Resource ID #0x0
I/AppiumUnicodeIME(  672): onKeyDown (keyCode='27', event.keyCode='27', metaState='0')
I/AppiumUnicodeIME(  672): onKeyUp (keyCode='27', event.keyCode='27', metaState='0')
I/AppiumUnicodeIME(  672): onKeyDown (keyCode='82', event.keyCode='82', metaState='0')
I/AppiumUnicodeIME(  672): onKeyUp (keyCode='82', event.keyCode='82', metaState='0')
I/AppiumUnicodeIME(  672): onKeyDown (keyCode='21', event.keyCode='21', metaState='0')
I/AppiumUnicodeIME(  672): onKeyUp (keyCode='21', event.keyCode='21', metaState='0')
I/AppiumUnicodeIME(  672): onKeyDown (keyCode='23', event.keyCode='23', metaState='0')
I/AppiumUnicodeIME(  672): onKeyUp (keyCode='23', event.keyCode='23', metaState='0')
I/AppiumUnicodeIME(  672): onKeyDown (keyCode='21', event.keyCode='21', metaState='0')
I/AppiumUnicodeIME(  672): onKeyDown (keyCode='21', event.keyCode='21', metaState='0')
I/AppiumUnicodeIME(  672): onKeyUp (keyCode='21', event.keyCode='21', metaState='0')
I/AppiumUnicodeIME(  672): onKeyDown (keyCode='21', event.keyCode='21', metaState='0')
I/AppiumUnicodeIME(  672): onKeyUp (keyCode='21', event.keyCode='21', metaState='0')
I/AppiumUnicodeIME(  672): onKeyDown (keyCode='21', event.keyCode='21', metaState='0')
I/AppiumUnicodeIME(  672): onKeyUp (keyCode='21', event.keyCode='21', metaState='0')
I/AppiumUnicodeIME(  672): onKeyDown (keyCode='21', event.keyCode='21', metaState='0')
I/AppiumUnicodeIME(  672): onKeyUp (keyCode='21', event.keyCode='21', metaState='0')
I/AppiumUnicodeIME(  672): onKeyDown (keyCode='19', event.keyCode='19', metaState='0')
I/AppiumUnicodeIME(  672): onKeyUp (keyCode='19', event.keyCode='19', metaState='0')
I/AppiumUnicodeIME(  672): onKeyDown (keyCode='23', event.keyCode='23', metaState='0')
I/AppiumUnicodeIME(  672): onKeyUp (keyCode='23', event.keyCode='23', metaState='0')
I/AppiumUnicodeIME(  672): onKeyDown (keyCode='151', event.keyCode='151', metaState='0')
I/AppiumUnicodeIME(  672): onKeyDown (keyCode='122', event.keyCode='122', metaState='0')
I/AppiumUnicodeIME(  672): onKeyUp (keyCode='151', event.keyCode='151', metaState='0')
I/AppiumUnicodeIME(  672): onKeyUp (keyCode='122', event.keyCode='122', metaState='0')
I/AppiumUnicodeIME(  672): onKeyDown (keyCode='19', event.keyCode='19', metaState='0')
I/AppiumUnicodeIME(  672): onKeyUp (keyCode='19', event.keyCode='19', metaState='0')
I/AppiumUnicodeIME(  672): onKeyDown (keyCode='23', event.keyCode='23', metaState='0')
I/AppiumUnicodeIME(  672): onKeyUp (keyCode='23', event.keyCode='23', metaState='0')
W/AudioTrack(  527): AUDIO_OUTPUT_FLAG_FAST denied by client
W/AudioTrack(  527): AUDIO_OUTPUT_FLAG_FAST denied by client
I/AppiumUnicodeIME(  672): onKeyDown (keyCode='20', event.keyCode='20', metaState='0')
I/AppiumUnicodeIME(  672): onKeyUp (keyCode='20', event.keyCode='20', metaState='0')
I/AppiumUnicodeIME(  672): onKeyDown (keyCode='82', event.keyCode='82', metaState='0')
W/BackupManagerService(  527): dataChanged but no participant pkg='com.android.providers.settings' uid=10013
D/ZenLog  (  527): set_zen_mode: no_interruptions,setting
D/ZenLog  (  527): update_zen_mode: off -> no_interruptions
D/ZenLog  (  527): set_ringer_mode_internal: ZenModeHelper,i:normal->silent,e:normal->silent
W/AudioTrack(  527): AUDIO_OUTPUT_FLAG_FAST denied by client
W/BackupManagerService(  527): dataChanged but no participant pkg='com.android.providers.settings' uid=10013
D/ZenLog  (  527): set_zen_mode: important_interruptions,setting
D/ZenLog  (  527): update_zen_mode: no_interruptions -> important_interruptions
D/OpenGLRenderer(  636): endAllStagingAnimators on 0xe2181900 (RippleDrawable) with handle 0xe2306ee0
D/ZenLog  (  527): set_ringer_mode_internal: ZenModeHelper,i:silent->normal,e:silent->silent
I/AppiumUnicodeIME(  672): onKeyUp (keyCode='82', event.keyCode='82', metaState='0')
I/AppiumUnicodeIME(  672): onKeyDown (keyCode='21', event.keyCode='21', metaState='0')
I/AppiumUnicodeIME(  672): onKeyUp (keyCode='21', event.keyCode='21', metaState='0')
I/AppiumUnicodeIME(  672): onKeyDown (keyCode='23', event.keyCode='23', metaState='0')
I/AppiumUnicodeIME(  672): onKeyUp (keyCode='23', event.keyCode='23', metaState='0')
I/AppiumUnicodeIME(  672): onKeyDown (keyCode='23', event.keyCode='23', metaState='0')
I/AppiumUnicodeIME(  672): onKeyUp (keyCode='23', event.keyCode='23', metaState='0')
I/awcn.SerializeHelper( 4682):  persist end. file:/storage/emulated/0/Android/data/com.zzl.falcon.internal/files/awcn_strategy/ef133debedbd6d843d539e5eb14cfdfd cost:20
I/awcn.SerializeHelper( 4682):  persist end. file:/storage/emulated/0/Android/data/com.zzl.falcon.internal/files/awcn_strategy/0c61135c2fdcd71f15ad7297245abe44 cost:6
I/awcn.SerializeHelper( 4682):  persist end. file:/storage/emulated/0/Android/data/com.zzl.falcon.internal/files/awcn_strategy/49c6a36aaea8ee1549c1cd3e07070c79 cost:4
I/AppiumUnicodeIME(  672): onKeyDown (keyCode='22', event.keyCode='22', metaState='0')
I/ActivityManager(  527): START u0 {act=android.intent.action.MAIN cat=[android.intent.category.LAUNCHER] flg=0x10200000 cmp=com.zzl.falcon.internal/com.squareup.leakcanary.internal.DisplayLeakActivity} from uid 0 on display 0
I/AppiumUnicodeIME(  672): onKeyUp (keyCode='22', event.keyCode='22', metaState='0')
I/AppiumUnicodeIME(  672): onKeyDown (keyCode='152', event.keyCode='152', metaState='0')
I/AppiumUnicodeIME(  672): onKeyDown (keyCode='19', event.keyCode='19', metaState='0')
I/AppiumUnicodeIME(  672): onKeyUp (keyCode='152', event.keyCode='152', metaState='0')
I/AppiumUnicodeIME(  672): onKeyUp (keyCode='19', event.keyCode='19', metaState='0')
I/AppiumUnicodeIME(  672): onKeyDown (keyCode='158', event.keyCode='158', metaState='0')
I/AppiumUnicodeIME(  672): onKeyDown (keyCode='112', event.keyCode='112', metaState='0')
I/AppiumUnicodeIME(  672): onKeyUp (keyCode='158', event.keyCode='158', metaState='0')
D/PhoneStatusBar(  636): disable: < expand ICONS* alerts SYSTEM_INFO* back home recent clock search >
I/AppiumUnicodeIME(  672): onKeyUp (keyCode='112', event.keyCode='112', metaState='0')
D/PhoneStatusBar(  636): disable: < expand icons* alerts system_info* back home recent clock search >
I/AppiumUnicodeIME(  672): onKeyDown (keyCode='19', event.keyCode='19', metaState='0')
I/AppiumUnicodeIME(  672): onKeyDown (keyCode='19', event.keyCode='19', metaState='0')
I/AppiumUnicodeIME(  672): onKeyUp (keyCode='19', event.keyCode='19', metaState='0')
I/AppiumUnicodeIME(  672): onKeyDown (keyCode='19', event.keyCode='19', metaState='0')
I/AppiumUnicodeIME(  672): onKeyUp (keyCode='19', event.keyCode='19', metaState='0')
I/AppiumUnicodeIME(  672): onKeyDown (keyCode='19', event.keyCode='19', metaState='0')
I/AppiumUnicodeIME(  672): onKeyUp (keyCode='19', event.keyCode='19', metaState='0')
I/AppiumUnicodeIME(  672): onKeyDown (keyCode='19', event.keyCode='19', metaState='0')
I/AppiumUnicodeIME(  672): onKeyUp (keyCode='19', event.keyCode='19', metaState='0')
I/AppiumUnicodeIME(  672): onKeyDown (keyCode='20', event.keyCode='20', metaState='0')
I/AppiumUnicodeIME(  672): onKeyUp (keyCode='20', event.keyCode='20', metaState='0')
D/PhoneStatusBar(  636): disable: < expand ICONS* alerts SYSTEM_INFO* back home recent clock search >
I/AppiumUnicodeIME(  672): onKeyDown (keyCode='21', event.keyCode='21', metaState='0')
I/AppiumUnicodeIME(  672): onKeyUp (keyCode='21', event.keyCode='21', metaState='0')
W/EGL_emulation(  636): eglSurfaceAttrib not implemented
W/OpenGLRenderer(  636): Failed to set EGL_SWAP_BEHAVIOR on surface 0xee8c1420, error=EGL_SUCCESS
W/ViewRootImpl(  636): Cancelling event due to no window focus: KeyEvent { action=ACTION_UP, keyCode=KEYCODE_DPAD_LEFT, scanCode=0, metaState=0, flags=0x28, repeatCount=0, eventTime=9016682, downTime=9016682, deviceId=-1, source=0x101 }
W/ViewRootImpl(  636): Cancelling event due to no window focus: KeyEvent { action=ACTION_UP, keyCode=KEYCODE_DPAD_LEFT, scanCode=0, metaState=0, flags=0x28, repeatCount=0, eventTime=9016682, downTime=9016682, deviceId=-1, source=0x101 }
W/ViewRootImpl(  636): Cancelling event due to no window focus: KeyEvent { action=ACTION_UP, keyCode=KEYCODE_DPAD_LEFT, scanCode=0, metaState=0, flags=0x28, repeatCount=0, eventTime=9016682, downTime=9016682, deviceId=-1, source=0x101 }
W/ViewRootImpl(  636): Cancelling event due to no window focus: KeyEvent { action=ACTION_UP, keyCode=KEYCODE_DPAD_LEFT, scanCode=0, metaState=0, flags=0x28, repeatCount=0, eventTime=9016682, downTime=9016682, deviceId=-1, source=0x101 }
W/ViewRootImpl(  636): Cancelling event due to no window focus: KeyEvent { action=ACTION_UP, keyCode=KEYCODE_DPAD_LEFT, scanCode=0, metaState=0, flags=0x28, repeatCount=0, eventTime=9016682, downTime=9016682, deviceId=-1, source=0x101 }
W/ViewRootImpl(  636): Cancelling event due to no window focus: KeyEvent { action=ACTION_UP, keyCode=KEYCODE_DPAD_LEFT, scanCode=0, metaState=0, flags=0x28, repeatCount=0, eventTime=9016682, downTime=9016682, deviceId=-1, source=0x101 }
W/ViewRootImpl(  636): Cancelling event due to no window focus: KeyEvent { action=ACTION_UP, keyCode=KEYCODE_DPAD_LEFT, scanCode=0, metaState=0, flags=0x28, repeatCount=0, eventTime=9016682, downTime=9016682, deviceId=-1, source=0x101 }
W/ViewRootImpl(  636): Cancelling event due to no window focus: KeyEvent { action=ACTION_UP, keyCode=KEYCODE_DPAD_LEFT, scanCode=0, metaState=0, flags=0x28, repeatCount=0, eventTime=9016682, downTime=9016682, deviceId=-1, source=0x101 }
W/ViewRootImpl(  636): Cancelling event due to no window focus: KeyEvent { action=ACTION_UP, keyCode=KEYCODE_DPAD_LEFT, scanCode=0, metaState=0, flags=0x28, repeatCount=0, eventTime=9016682, downTime=9016682, deviceId=-1, source=0x101 }
I/art     (  636): Explicit concurrent mark sweep GC freed 7161(350KB) AllocSpace objects, 0(0B) LOS objects, 39% free, 9MB/15MB, paused 355us total 23.570ms
I/ActivityManager(  527): START u0 {act=android.intent.action.MAIN cat=[android.intent.category.LAUNCHER] flg=0x10000000 cmp=com.android.browser/.BrowserActivity sel=act=android.intent.action.MAIN cat=[android.intent.category.APP_BROWSER]}} from uid 1000 on display 0
W/BackupManagerService(  527): dataChanged but no participant pkg='com.android.providers.settings' uid=10013
W/AudioTrack(  527): AUDIO_OUTPUT_FLAG_FAST denied by client
W/AudioTrack(  527): AUDIO_OUTPUT_FLAG_FAST denied by client
W/BackupManagerService(  527): dataChanged but no participant pkg='com.android.providers.settings' uid=10013
W/AudioTrack(  527): AUDIO_OUTPUT_FLAG_FAST denied by client
W/AudioTrack(  527): AUDIO_OUTPUT_FLAG_FAST denied by client
W/BackupManagerService(  527): dataChanged but no participant pkg='com.android.providers.settings' uid=10013
W/Settings(  741): Setting airplane_mode_on has moved from android.provider.Settings.System to android.provider.Settings.Global, returning read-only value.
E/WifiStateMachine(  527): Failed to reload STA firmware java.lang.IllegalArgumentException: command '123 softap fwreload eth1 STA' failed with '501 123 SoftAP command has failed'
D/CommandListener(  118): Setting iface cfg
D/CommandListener(  118): Trying to bring down eth1
D/CommandListener(  118): Clearing all IP addresses on eth1
E/WifiMonitor(  527): killSupplicant p2pfalse init.svc.wpa_supplicant=unknown init.svc.p2p_supplicant=unknown
I/wpa_supplicant( 6054): Successfully initialized wpa_supplicant
D/GpsLocationProvider(  527): received SIM realted action: 
D/MccTable(  741): updateMccMncConfiguration mccmnc='310260' fromServiceState=true
D/GpsLocationProvider(  527): SIM MCC/MNC is available: 310270
D/GpsLocationProvider(  527): Reset GPS properties, previous size = 8
D/GpsLocationProvider(  527): GpsParamsResource: SUPL_HOST=supl.google.com
D/GpsLocationProvider(  527): GpsParamsResource: SUPL_PORT=7275
D/GpsLocationProvider(  527): GpsParamsResource: NTP_SERVER=north-america.pool.ntp.org
D/GpsLocationProvider(  527): GpsParamsResource: SUPL_VER=0x20000
D/GpsLocationProvider(  527): GpsParamsResource: SUPL_MODE=1
D/GpsLocationProvider(  527): GPS properties reloaded, size = 8
E/GpsLocationProvider(  527): no AGPS interface in set_agps_server
E/GpsLocationProvider(  527): no GPS configuration interface in configuraiton_update
D/GpsLocationProvider(  527): final config = #Sat Jan 13 04:13:44 EST 2018
D/GpsLocationProvider(  527): SUPL_VER=0x20000
D/GpsLocationProvider(  527): SUPL_HOST=supl.google.com
D/GpsLocationProvider(  527): XTRA_SERVER_3=http\://xtra3.gpsonextra.net/xtra.bin
D/GpsLocationProvider(  527): XTRA_SERVER_1=http\://xtra1.gpsonextra.net/xtra.bin
D/GpsLocationProvider(  527): SUPL_PORT=7276
D/GpsLocationProvider(  527): XTRA_SERVER_2=http\://xtra2.gpsonextra.net/xtra.bin
D/GpsLocationProvider(  527): NTP_SERVER=north-america.pool.ntp.org
D/GpsLocationProvider(  527): SUPL_MODE=1
D/MccTable(  741): updateMccMncConfiguration defaultMccMnc=310270
D/MccTable(  741): updateMccMncConfiguration: mcc=310, mnc=260
D/MccTable(  741): defaultLanguageForMcc(310): country us uses en
D/MccTable(  741): getLocaleFromMcc to en_us mcc=310
D/MccTable(  741): getLocaleForLanguageCountry: skipping already persisted
D/MccTable(  741): WIFI_COUNTRY_CODE set to us
I/WifiService(  527): WifiService trying to set country code to us with persist set to true
D/AlarmManagerService(  527): Kernel timezone updated to 300 minutes west of GMT
I/Telephony(  741): PstnIncomingCallNotifier: Unregistering: Handler (com.android.internal.telephony.gsm.GSMPhone) {1f3b226b}
D/WifiMonitor(  527): startMonitoring(eth1) with mConnected = false
D/WifiConfigStore(  527): Loading config and enabling all networks 
I/Telephony(  741): PstnIncomingCallNotifier: Registering: Handler (com.android.internal.telephony.gsm.GSMPhone) {1f3b226b}
I/Telephony(  741): PstnIncomingCallNotifier: Unregistering: Handler (com.android.internal.telephony.gsm.GSMPhone) {1f3b226b}
D/WifiConfigStore(  527): Setting DHCP for SSID "WiredSSID"
E/WifiConfigStore(  527): Error parsing configuration: java.io.FileNotFoundException: /data/misc/wifi/ipconfig.txt: open failed: ENOENT (No such file or directory)
I/ActivityManager(  527): START u0 {act=android.intent.action.CALL_BUTTON flg=0x10000000 cmp=com.android.dialer/.DialtactsActivity} from uid 10013 on display 0
E/wpa_supplicant( 6054): Line -1: too long model_name (len=40 max_len=32)
E/wpa_supplicant( 6054): Line -1: failed to parse 'model_name=Custom Phone - 5.1.0 - API 22 - 768x1280'.
E/WifiStateMachine(  527): Failed to set model name Custom Phone - 5.1.0 - API 22 - 768x1280
E/wpa_supplicant( 6054): Line -1: too long model_number (len=40 max_len=32)
E/wpa_supplicant( 6054): Line -1: failed to parse 'model_number=Custom Phone - 5.1.0 - API 22 - 768x1280'.
E/WifiStateMachine(  527): Failed to set model number Custom Phone - 5.1.0 - API 22 - 768x1280
D/WifiNative-HAL(  527): Setting external_sim to 1
D/WifiStateMachine(  527): Setting OUI to DA-A1-19
I/WifiNative-HAL(  527): startHal
I/Telephony(  741): PstnIncomingCallNotifier: Registering: Handler (com.android.internal.telephony.gsm.GSMPhone) {1f3b226b}
I/wpa_supplicant( 6054): eth1: Trying to associate with SSID 'WiredSSID'
I/wpa_supplicant( 6054): eth1: Associated with 01:80:c2:00:00:03
I/wpa_supplicant( 6054): eth1: CTRL-EVENT-CONNECTED - Connection to 01:80:c2:00:00:03 completed [id=0 id_str=]
E/native  (  527): do suspend false
I/wpa_supplicant( 6054): wpa_supplicant_ctrl_iface_process truncated from 'IFNAME=eth1 DRIVER SETSUSPENDMODE 0' to : 'DRIVER SETSUSPENDMODE 0'
D/WifiScanningService(  527): SCAN_AVAILABLE : 3
D/RttService(  527): SCAN_AVAILABLE : 3
D/WifiScanningService(  527): DefaultState got{ when=0 what=160006 target=com.android.internal.util.StateMachine$SmHandler }
I/WifiNative-HAL(  527): startHal
E/WifiScanningService(  527): could not start HAL
D/RttService(  527): DefaultState got{ when=0 what=160512 target=com.android.internal.util.StateMachine$SmHandler }
D/ConnectivityService(  527): registerNetworkAgent NetworkAgentInfo{ ni{[type: WIFI[], state: CONNECTING/CONNECTING, reason: (unspecified), extra: 0x, roaming: false, failover: false, isAvailable: true, isConnectedToProvisioningNetwork: false]}  network{null}  lp{{InterfaceName: eth1 LinkAddresses: []  Routes: [] DnsAddresses: [] Domains: null MTU: 0 TcpBufferSizes: 524288,1048576,2097152,262144,524288,1048576}}  nc{[ Transports: WIFI Capabilities: INTERNET&NOT_RESTRICTED&TRUSTED&NOT_VPN LinkUpBandwidth>=1048576Kbps LinkDnBandwidth>=1048576Kbps]}  Score{20}  everValidated{false}  lastValidated{false}  created{false}  explicitlySelected{false} }
D/ConnectivityService(  527): NetworkAgentInfo [WIFI () - 106] EVENT_NETWORK_INFO_CHANGED, going from null to CONNECTING
E/WifiConfigStore(  527): saveWifiConfigBSSID Setting BSSID for "WiredSSID"NONE to any
V/KeyguardUpdateMonitor(  636): onSubscriptionInfoChanged()
V/KeyguardUpdateMonitor(  636): SubInfo:{id=1, iccId=89014103211118510720 simSlotIndex=0 displayName=Android carrierName=Android nameSource=0 iconTint=-16746133 dataRoaming=0 iconBitmap=android.graphics.Bitmap@33007fd6 mcc 310 mnc 270}
E/WifiConfigStore(  527): saveWifiConfigBSSID Setting BSSID for "WiredSSID"NONE to any
D/CommandListener(  118): Setting iface cfg
E/WifiStateMachine(  527): Start Dhcp Watchdog 7
W/InputMethodManagerService(  527): Window already focused, ignoring focus gain of: com.android.internal.view.IInputMethodClient$Stub$Proxy@3c84a155 attribute=null, token = android.os.BinderProxy@8d0254e
E/WifiStateMachine(  527): Failed to set frequency band 0
D/ConnectivityService(  527): updateNetworkScore for NetworkAgentInfo [WIFI () - 106] to 56
E/native  (  527): do suspend false
E/WifiStateMachine(  527): Unexpected BatchedScanResults :null
I/AppiumUnicodeIME(  672): onKeyDown (keyCode='22', event.keyCode='22', metaState='0')
I/AppiumUnicodeIME(  672): onKeyUp (keyCode='22', event.keyCode='22', metaState='0')
I/AppiumUnicodeIME(  672): onKeyDown (keyCode='22', event.keyCode='22', metaState='0')
I/AppiumUnicodeIME(  672): onKeyUp (keyCode='22', event.keyCode='22', metaState='0')
I/AppiumUnicodeIME(  672): onKeyDown (keyCode='22', event.keyCode='22', metaState='0')
I/AppiumUnicodeIME(  672): onKeyUp (keyCode='22', event.keyCode='22', metaState='0')
I/AppiumUnicodeIME(  672): onKeyDown (keyCode='22', event.keyCode='22', metaState='0')
I/AppiumUnicodeIME(  672): onKeyUp (keyCode='22', event.keyCode='22', metaState='0')
I/AppiumUnicodeIME(  672): onKeyDown (keyCode='192', event.keyCode='192', metaState='0')
I/AppiumUnicodeIME(  672): onKeyDown (keyCode='23', event.keyCode='23', metaState='0')
I/AppiumUnicodeIME(  672): onKeyUp (keyCode='192', event.keyCode='192', metaState='0')
I/AppiumUnicodeIME(  672): onKeyUp (keyCode='23', event.keyCode='23', metaState='0')
I/AppiumUnicodeIME(  672): onKeyDown (keyCode='20', event.keyCode='20', metaState='0')
I/AppiumUnicodeIME(  672): onKeyUp (keyCode='20', event.keyCode='20', metaState='0')
I/AppiumUnicodeIME(  672): onKeyDown (keyCode='60', event.keyCode='60', metaState='0')
I/AppiumUnicodeIME(  672): onKeyUp (keyCode='60', event.keyCode='60', metaState='0')
I/AppiumUnicodeIME(  672): onKeyDown (keyCode='22', event.keyCode='22', metaState='0')
I/AppiumUnicodeIME(  672): onKeyUp (keyCode='22', event.keyCode='22', metaState='0')
I/AppiumUnicodeIME(  672): onKeyDown (keyCode='21', event.keyCode='21', metaState='0')
I/AppiumUnicodeIME(  672): onKeyDown (keyCode='21', event.keyCode='21', metaState='0')
I/AppiumUnicodeIME(  672): onKeyUp (keyCode='21', event.keyCode='21', metaState='0')
I/AppiumUnicodeIME(  672): onKeyDown (keyCode='21', event.keyCode='21', metaState='0')
I/AppiumUnicodeIME(  672): onKeyUp (keyCode='21', event.keyCode='21', metaState='0')
I/AppiumUnicodeIME(  672): onKeyDown (keyCode='21', event.keyCode='21', metaState='0')
I/AppiumUnicodeIME(  672): onKeyUp (keyCode='21', event.keyCode='21', metaState='0')
I/AppiumUnicodeIME(  672): onKeyDown (keyCode='21', event.keyCode='21', metaState='0')
I/AppiumUnicodeIME(  672): onKeyUp (keyCode='21', event.keyCode='21', metaState='0')
I/AppiumUnicodeIME(  672): onKeyDown (keyCode='22', event.keyCode='22', metaState='0')
I/AppiumUnicodeIME(  672): onKeyUp (keyCode='22', event.keyCode='22', metaState='0')
I/AppiumUnicodeIME(  672): onKeyDown (keyCode='82', event.keyCode='82', metaState='0')
I/AppiumUnicodeIME(  672): onKeyUp (keyCode='82', event.keyCode='82', metaState='0')
W/BackupManagerService(  527): dataChanged but no participant pkg='com.android.providers.settings' uid=10013
I/AppiumUnicodeIME(  672): onKeyDown (keyCode='19', event.keyCode='19', metaState='0')
I/AppiumUnicodeIME(  672): onKeyUp (keyCode='19', event.keyCode='19', metaState='0')
I/AppiumUnicodeIME(  672): onKeyDown (keyCode='109', event.keyCode='109', metaState='0')
I/AppiumUnicodeIME(  672): onKeyDown (keyCode='82', event.keyCode='82', metaState='0')
I/AppiumUnicodeIME(  672): onKeyUp (keyCode='109', event.keyCode='109', metaState='0')
I/AppiumUnicodeIME(  672): onKeyUp (keyCode='82', event.keyCode='82', metaState='0')
I/AppiumUnicodeIME(  672): onKeyDown (keyCode='19', event.keyCode='19', metaState='0')
I/AppiumUnicodeIME(  672): onKeyUp (keyCode='19', event.keyCode='19', metaState='0')
I/AppiumUnicodeIME(  672): onKeyDown (keyCode='19', event.keyCode='19', metaState='0')
I/AppiumUnicodeIME(  672): onKeyUp (keyCode='19', event.keyCode='19', metaState='0')
I/AppiumUnicodeIME(  672): onKeyDown (keyCode='20', event.keyCode='20', metaState='0')
I/AppiumUnicodeIME(  672): onKeyUp (keyCode='20', event.keyCode='20', metaState='0')
I/AppiumUnicodeIME(  672): onKeyDown (keyCode='20', event.keyCode='20', metaState='0')
I/AppiumUnicodeIME(  672): onKeyUp (keyCode='20', event.keyCode='20', metaState='0')
I/AppiumUnicodeIME(  672): onKeyDown (keyCode='20', event.keyCode='20', metaState='0')
I/AppiumUnicodeIME(  672): onKeyUp (keyCode='20', event.keyCode='20', metaState='0')
I/AppiumUnicodeIME(  672): onKeyDown (keyCode='20', event.keyCode='20', metaState='0')
I/AppiumUnicodeIME(  672): onKeyUp (keyCode='20', event.keyCode='20', metaState='0')
I/AppiumUnicodeIME(  672): onKeyDown (keyCode='20', event.keyCode='20', metaState='0')
I/AppiumUnicodeIME(  672): onKeyUp (keyCode='20', event.keyCode='20', metaState='0')
I/AppiumUnicodeIME(  672): onKeyDown (keyCode='21', event.keyCode='21', metaState='0')
I/AppiumUnicodeIME(  672): onKeyUp (keyCode='21', event.keyCode='21', metaState='0')
I/AppiumUnicodeIME(  672): onKeyDown (keyCode='21', event.keyCode='21', metaState='0')
I/AppiumUnicodeIME(  672): onKeyUp (keyCode='21', event.keyCode='21', metaState='0')
I/AppiumUnicodeIME(  672): onKeyDown (keyCode='21', event.keyCode='21', metaState='0')
I/AppiumUnicodeIME(  672): onKeyUp (keyCode='21', event.keyCode='21', metaState='0')
I/dhcpcd  ( 6065): version 5.5.6 starting
I/AppiumUnicodeIME(  672): onKeyDown (keyCode='21', event.keyCode='21', metaState='0')
I/AppiumUnicodeIME(  672): onKeyDown (keyCode='21', event.keyCode='21', metaState='0')
I/AppiumUnicodeIME(  672): onKeyUp (keyCode='21', event.keyCode='21', metaState='0')
I/AppiumUnicodeIME(  672): onKeyDown (keyCode='21', event.keyCode='21', metaState='0')
I/AppiumUnicodeIME(  672): onKeyUp (keyCode='21', event.keyCode='21', metaState='0')
I/AppiumUnicodeIME(  672): onKeyDown (keyCode='21', event.keyCode='21', metaState='0')
I/AppiumUnicodeIME(  672): onKeyUp (keyCode='21', event.keyCode='21', metaState='0')
I/AppiumUnicodeIME(  672): onKeyDown (keyCode='21', event.keyCode='21', metaState='0')
I/AppiumUnicodeIME(  672): onKeyDown (keyCode='21', event.keyCode='21', metaState='0')
I/AppiumUnicodeIME(  672): onKeyUp (keyCode='21', event.keyCode='21', metaState='0')
I/AppiumUnicodeIME(  672): onKeyDown (keyCode='21', event.keyCode='21', metaState='0')
I/AppiumUnicodeIME(  672): onKeyUp (keyCode='21', event.keyCode='21', metaState='0')
I/AppiumUnicodeIME(  672): onKeyDown (keyCode='21', event.keyCode='21', metaState='0')
I/AppiumUnicodeIME(  672): onKeyUp (keyCode='21', event.keyCode='21', metaState='0')
I/AppiumUnicodeIME(  672): onKeyDown (keyCode='19', event.keyCode='19', metaState='0')
I/AppiumUnicodeIME(  672): onKeyDown (keyCode='19', event.keyCode='19', metaState='0')
I/AppiumUnicodeIME(  672): onKeyUp (keyCode='19', event.keyCode='19', metaState='0')
I/AppiumUnicodeIME(  672): onKeyDown (keyCode='19', event.keyCode='19', metaState='0')
I/AppiumUnicodeIME(  672): onKeyUp (keyCode='19', event.keyCode='19', metaState='0')
I/AppiumUnicodeIME(  672): onKeyDown (keyCode='19', event.keyCode='19', metaState='0')
I/AppiumUnicodeIME(  672): onKeyUp (keyCode='19', event.keyCode='19', metaState='0')
I/AppiumUnicodeIME(  672): onKeyDown (keyCode='23', event.keyCode='23', metaState='0')
I/AppiumUnicodeIME(  672): onKeyUp (keyCode='23', event.keyCode='23', metaState='0')
I/AppiumUnicodeIME(  672): onKeyDown (keyCode='82', event.keyCode='82', metaState='0')
I/AppiumUnicodeIME(  672): onKeyUp (keyCode='82', event.keyCode='82', metaState='0')
I/AppiumUnicodeIME(  672): onKeyDown (keyCode='22', event.keyCode='22', metaState='0')
I/AppiumUnicodeIME(  672): onKeyUp (keyCode='22', event.keyCode='22', metaState='0')
I/dhcpcd  ( 6065): eth1: rebinding lease of 10.0.3.15
I/AppiumUnicodeIME(  672): onKeyDown (keyCode='21', event.keyCode='21', metaState='0')
I/AppiumUnicodeIME(  672): onKeyUp (keyCode='21', event.keyCode='21', metaState='0')
I/AppiumUnicodeIME(  672): onKeyDown (keyCode='21', event.keyCode='21', metaState='0')
I/AppiumUnicodeIME(  672): onKeyUp (keyCode='21', event.keyCode='21', metaState='0')
I/dhcpcd  ( 6065): eth1: acknowledged 10.0.3.15 from 10.0.3.2
I/AppiumUnicodeIME(  672): onKeyDown (keyCode='20', event.keyCode='20', metaState='0')
I/AppiumUnicodeIME(  672): onKeyUp (keyCode='20', event.keyCode='20', metaState='0')
I/AppiumUnicodeIME(  672): onKeyDown (keyCode='20', event.keyCode='20', metaState='0')
I/AppiumUnicodeIME(  672): onKeyUp (keyCode='20', event.keyCode='20', metaState='0')
I/AppiumUnicodeIME(  672): onKeyDown (keyCode='20', event.keyCode='20', metaState='0')
I/AppiumUnicodeIME(  672): onKeyUp (keyCode='20', event.keyCode='20', metaState='0')
D/TaskPersister(  527): removeObsoleteFile: deleting file=46_task.xml
D/TaskPersister(  527): removeObsoleteFile: deleting file=46_task_thumbnail.png
I/AppiumUnicodeIME(  672): onKeyDown (keyCode='20', event.keyCode='20', metaState='0')
I/dhcpcd  ( 6065): eth1: leased 10.0.3.15 for 86400 seconds
I/AppiumUnicodeIME(  672): onKeyDown (keyCode='228', event.keyCode='228', metaState='0')
I/AppiumUnicodeIME(  672): onKeyUp (keyCode='228', event.keyCode='228', metaState='0')
I/AppiumUnicodeIME(  672): onKeyDown (keyCode='21', event.keyCode='21', metaState='0')
I/AppiumUnicodeIME(  672): onKeyUp (keyCode='21', event.keyCode='21', metaState='0')
I/AppiumUnicodeIME(  672): onKeyDown (keyCode='22', event.keyCode='22', metaState='0')
I/AppiumUnicodeIME(  672): onKeyUp (keyCode='22', event.keyCode='22', metaState='0')
I/AppiumUnicodeIME(  672): onKeyDown (keyCode='22', event.keyCode='22', metaState='0')
I/AppiumUnicodeIME(  672): onKeyUp (keyCode='22', event.keyCode='22', metaState='0')
I/AppiumUnicodeIME(  672): onKeyDown (keyCode='22', event.keyCode='22', metaState='0')
I/AppiumUnicodeIME(  672): onKeyUp (keyCode='22', event.keyCode='22', metaState='0')
D/MccTable(  741): updateMccMncConfiguration mccmnc='310270' fromServiceState=false
I/AppiumUnicodeIME(  672): onKeyDown (keyCode='19', event.keyCode='19', metaState='0')
I/AppiumUnicodeIME(  672): onKeyUp (keyCode='19', event.keyCode='19', metaState='0')
I/AppiumUnicodeIME(  672): onKeyDown (keyCode='19', event.keyCode='19', metaState='0')
I/AppiumUnicodeIME(  672): onKeyUp (keyCode='19', event.keyCode='19', metaState='0')
I/AppiumUnicodeIME(  672): onKeyDown (keyCode='19', event.keyCode='19', metaState='0')
I/AppiumUnicodeIME(  672): onKeyUp (keyCode='19', event.keyCode='19', metaState='0')
D/MccTable(  741): updateMccMncConfiguration defaultMccMnc=310270
D/MccTable(  741): updateMccMncConfiguration: mcc=310, mnc=270
D/MccTable(  741): defaultLanguageForMcc(310): country us uses en
D/MccTable(  741): getLocaleFromMcc to en_us mcc=310
D/MccTable(  741): getLocaleForLanguageCountry: skipping already persisted
D/MccTable(  741): updateMccMncConfiguration updateConfig config={1.0 310mcc270mnc ?locale ?layoutDir ?swdp ?wdp ?hdp ?density ?lsize ?long ?orien ?uimode ?night ?touch ?keyb/?/? ?nav/?}
I/AppiumUnicodeIME(  672): onKeyDown (keyCode='21', event.keyCode='21', metaState='0')
I/AppiumUnicodeIME(  672): onKeyDown (keyCode='21', event.keyCode='21', metaState='0')
I/AppiumUnicodeIME(  672): onKeyUp (keyCode='21', event.keyCode='21', metaState='0')
I/AppiumUnicodeIME(  672): onKeyDown (keyCode='21', event.keyCode='21', metaState='0')
I/AppiumUnicodeIME(  672): onKeyUp (keyCode='21', event.keyCode='21', metaState='0')
I/AppiumUnicodeIME(  672): onKeyDown (keyCode='21', event.keyCode='21', metaState='0')
I/AppiumUnicodeIME(  672): onKeyUp (keyCode='21', event.keyCode='21', metaState='0')
I/AppiumUnicodeIME(  672): onKeyDown (keyCode='23', event.keyCode='23', metaState='0')
I/AppiumUnicodeIME(  672): onKeyUp (keyCode='23', event.keyCode='23', metaState='0')
I/AppiumUnicodeIME(  672): onKeyDown (keyCode='20', event.keyCode='20', metaState='0')
I/AppiumUnicodeIME(  672): onKeyUp (keyCode='20', event.keyCode='20', metaState='0')
I/AppiumUnicodeIME(  672): onKeyDown (keyCode='174', event.keyCode='174', metaState='0')
I/AppiumUnicodeIME(  672): onKeyUp (keyCode='174', event.keyCode='174', metaState='0')
I/AppiumUnicodeIME(  672): onKeyDown (keyCode='23', event.keyCode='23', metaState='0')
D/GpsLocationProvider(  527): received SIM realted action: 
I/AppiumUnicodeIME(  672): onKeyUp (keyCode='23', event.keyCode='23', metaState='0')
D/GpsLocationProvider(  527): SIM MCC/MNC is available: 310270
D/GpsLocationProvider(  527): Reset GPS properties, previous size = 8
D/GpsLocationProvider(  527): GpsParamsResource: SUPL_HOST=supl.google.com
D/GpsLocationProvider(  527): GpsParamsResource: SUPL_PORT=7275
D/GpsLocationProvider(  527): GpsParamsResource: NTP_SERVER=north-america.pool.ntp.org
D/GpsLocationProvider(  527): GpsParamsResource: SUPL_VER=0x20000
D/GpsLocationProvider(  527): GpsParamsResource: SUPL_MODE=1
D/GpsLocationProvider(  527): GPS properties reloaded, size = 8
E/GpsLocationProvider(  527): no AGPS interface in set_agps_server
E/GpsLocationProvider(  527): no GPS configuration interface in configuraiton_update
D/GpsLocationProvider(  527): final config = #Sat Jan 13 04:13:44 EST 2018
D/GpsLocationProvider(  527): SUPL_VER=0x20000
D/GpsLocationProvider(  527): SUPL_HOST=supl.google.com
D/GpsLocationProvider(  527): XTRA_SERVER_3=http\://xtra3.gpsonextra.net/xtra.bin
D/GpsLocationProvider(  527): XTRA_SERVER_1=http\://xtra1.gpsonextra.net/xtra.bin
D/GpsLocationProvider(  527): SUPL_PORT=7276
D/GpsLocationProvider(  527): XTRA_SERVER_2=http\://xtra2.gpsonextra.net/xtra.bin
D/GpsLocationProvider(  527): NTP_SERVER=north-america.pool.ntp.org
D/GpsLocationProvider(  527): SUPL_MODE=1
D/MccTable(  741): updateMccMncConfiguration mccmnc='310270' fromServiceState=false
D/MccTable(  741): updateMccMncConfiguration defaultMccMnc=310270
D/MccTable(  741): updateMccMncConfiguration: mcc=310, mnc=270
D/MccTable(  741): defaultLanguageForMcc(310): country us uses en
D/MccTable(  741): getLocaleFromMcc to en_us mcc=310
D/MccTable(  741): getLocaleForLanguageCountry: skipping already persisted
D/MccTable(  741): updateMccMncConfiguration updateConfig config={1.0 310mcc270mnc ?locale ?layoutDir ?swdp ?wdp ?hdp ?density ?lsize ?long ?orien ?uimode ?night ?touch ?keyb/?/? ?nav/?}
I/AppiumUnicodeIME(  672): onKeyDown (keyCode='19', event.keyCode='19', metaState='0')
I/AppiumUnicodeIME(  672): onKeyDown (keyCode='19', event.keyCode='19', metaState='0')
I/AppiumUnicodeIME(  672): onKeyUp (keyCode='19', event.keyCode='19', metaState='0')
I/AppiumUnicodeIME(  672): onKeyDown (keyCode='19', event.keyCode='19', metaState='0')
I/AppiumUnicodeIME(  672): onKeyUp (keyCode='19', event.keyCode='19', metaState='0')
I/AppiumUnicodeIME(  672): onKeyDown (keyCode='19', event.keyCode='19', metaState='0')
I/AppiumUnicodeIME(  672): onKeyUp (keyCode='19', event.keyCode='19', metaState='0')
I/AppiumUnicodeIME(  672): onKeyDown (keyCode='20', event.keyCode='20', metaState='0')
I/AppiumUnicodeIME(  672): onKeyUp (keyCode='20', event.keyCode='20', metaState='0')
I/AppiumUnicodeIME(  672): onKeyDown (keyCode='20', event.keyCode='20', metaState='0')
I/AppiumUnicodeIME(  672): onKeyUp (keyCode='20', event.keyCode='20', metaState='0')
I/AppiumUnicodeIME(  672): onKeyDown (keyCode='20', event.keyCode='20', metaState='0')
I/AppiumUnicodeIME(  672): onKeyUp (keyCode='20', event.keyCode='20', metaState='0')
I/AppiumUnicodeIME(  672): onKeyDown (keyCode='20', event.keyCode='20', metaState='0')
I/AppiumUnicodeIME(  672): onKeyUp (keyCode='20', event.keyCode='20', metaState='0')
V/KeyguardUpdateMonitor(  636): action android.intent.action.SIM_STATE_CHANGED state: IMSI slotId: 0 subid: 1
I/AppiumUnicodeIME(  672): onKeyDown (keyCode='23', event.keyCode='23', metaState='0')
I/AppiumUnicodeIME(  672): onKeyUp (keyCode='23', event.keyCode='23', metaState='0')
I/AppiumUnicodeIME(  672): onKeyDown (keyCode='22', event.keyCode='22', metaState='0')
I/AppiumUnicodeIME(  672): onKeyUp (keyCode='22', event.keyCode='22', metaState='0')
I/AppiumUnicodeIME(  672): onKeyDown (keyCode='82', event.keyCode='82', metaState='0')
I/AppiumUnicodeIME(  672): onKeyUp (keyCode='82', event.keyCode='82', metaState='0')
I/AppiumUnicodeIME(  672): onKeyDown (keyCode='23', event.keyCode='23', metaState='0')
I/AppiumUnicodeIME(  672): onKeyUp (keyCode='23', event.keyCode='23', metaState='0')
I/AppiumUnicodeIME(  672): onKeyDown (keyCode='21', event.keyCode='21', metaState='0')
W/AudioTrack(  527): AUDIO_OUTPUT_FLAG_FAST denied by client
I/AppiumUnicodeIME(  672): onKeyUp (keyCode='21', event.keyCode='21', metaState='0')
I/ActivityManager(  527): START u0 {act=android.settings.SETTINGS flg=0x14000000 cmp=com.android.settings/.Settings} from uid 10013 on display 0
I/AppiumUnicodeIME(  672): onKeyDown (keyCode='23', event.keyCode='23', metaState='0')
I/AppiumUnicodeIME(  672): onKeyUp (keyCode='23', event.keyCode='23', metaState='0')
D/GpsLocationProvider(  527): received SIM realted action: 
D/KeyguardUpdateMonitor(  636): handleSimStateChange(subId=1, slotId=0, state=READY)
D/GpsLocationProvider(  527): SIM MCC/MNC is available: 310270
D/GpsLocationProvider(  527): Reset GPS properties, previous size = 8
D/GpsLocationProvider(  527): GpsParamsResource: SUPL_HOST=supl.google.com
D/GpsLocationProvider(  527): GpsParamsResource: SUPL_PORT=7275
D/GpsLocationProvider(  527): GpsParamsResource: NTP_SERVER=north-america.pool.ntp.org
D/GpsLocationProvider(  527): GpsParamsResource: SUPL_VER=0x20000
D/GpsLocationProvider(  527): GpsParamsResource: SUPL_MODE=1
I/AppiumUnicodeIME(  672): onKeyDown (keyCode='21', event.keyCode='21', metaState='0')
I/AppiumUnicodeIME(  672): onKeyUp (keyCode='21', event.keyCode='21', metaState='0')
I/AppiumUnicodeIME(  672): onKeyDown (keyCode='21', event.keyCode='21', metaState='0')
I/AppiumUnicodeIME(  672): onKeyUp (keyCode='21', event.keyCode='21', metaState='0')
I/AppiumUnicodeIME(  672): onKeyDown (keyCode='21', event.keyCode='21', metaState='0')
I/AppiumUnicodeIME(  672): onKeyUp (keyCode='21', event.keyCode='21', metaState='0')
D/GpsLocationProvider(  527): GPS properties reloaded, size = 8
E/GpsLocationProvider(  527): no AGPS interface in set_agps_server
E/GpsLocationProvider(  527): no GPS configuration interface in configuraiton_update
D/GpsLocationProvider(  527): final config = #Sat Jan 13 04:13:44 EST 2018
D/GpsLocationProvider(  527): SUPL_VER=0x20000
D/GpsLocationProvider(  527): SUPL_HOST=supl.google.com
D/GpsLocationProvider(  527): XTRA_SERVER_3=http\://xtra3.gpsonextra.net/xtra.bin
D/GpsLocationProvider(  527): XTRA_SERVER_1=http\://xtra1.gpsonextra.net/xtra.bin
D/GpsLocationProvider(  527): SUPL_PORT=7276
D/GpsLocationProvider(  527): XTRA_SERVER_2=http\://xtra2.gpsonextra.net/xtra.bin
D/GpsLocationProvider(  527): NTP_SERVER=north-america.pool.ntp.org
D/GpsLocationProvider(  527): SUPL_MODE=1
I/AppiumUnicodeIME(  672): onKeyDown (keyCode='82', event.keyCode='82', metaState='0')
I/AppiumUnicodeIME(  672): onKeyUp (keyCode='82', event.keyCode='82', metaState='0')
I/AppiumUnicodeIME(  672): onKeyDown (keyCode='22', event.keyCode='22', metaState='0')
I/Telephony(  741): PstnIncomingCallNotifier: Unregistering: Handler (com.android.internal.telephony.gsm.GSMPhone) {1f3b226b}
I/AppiumUnicodeIME(  672): onKeyUp (keyCode='22', event.keyCode='22', metaState='0')
I/AppiumUnicodeIME(  672): onKeyDown (keyCode='104', event.keyCode='104', metaState='0')
I/AppiumUnicodeIME(  672): onKeyUp (keyCode='104', event.keyCode='104', metaState='0')
I/AppiumUnicodeIME(  672): onKeyDown (keyCode='22', event.keyCode='22', metaState='0')
I/AppiumUnicodeIME(  672): onKeyUp (keyCode='22', event.keyCode='22', metaState='0')
I/AppiumUnicodeIME(  672): onKeyDown (keyCode='20', event.keyCode='20', metaState='0')
I/AppiumUnicodeIME(  672): onKeyUp (keyCode='20', event.keyCode='20', metaState='0')
I/AppiumUnicodeIME(  672): onKeyDown (keyCode='192', event.keyCode='192', metaState='0')
I/AppiumUnicodeIME(  672): onKeyDown (keyCode='23', event.keyCode='23', metaState='0')
I/AppiumUnicodeIME(  672): onKeyUp (keyCode='192', event.keyCode='192', metaState='0')
I/Telephony(  741): PstnIncomingCallNotifier: Registering: Handler (com.android.internal.telephony.gsm.GSMPhone) {1f3b226b}
I/AppiumUnicodeIME(  672): onKeyUp (keyCode='23', event.keyCode='23', metaState='0')
I/ActivityManager(  527): START u0 {act=android.intent.action.MAIN cat=[android.intent.category.HOME] flg=0x10200000 cmp=com.android.launcher3/.Launcher} from uid 1000 on display 0
E/WifiStateMachine(  527): WifiStateMachine: handleSuccessfulIpConfiguration and no scan results"WiredSSID"NONE
D/ConnectivityService(  527): NetworkAgentInfo [WIFI () - 106] EVENT_NETWORK_INFO_CHANGED, going from CONNECTING to CONNECTED
I/AppiumUnicodeIME(  672): onKeyDown (keyCode='20', event.keyCode='20', metaState='0')
D/ConnectivityService(  527): Adding iface eth1 to network 106
I/AppiumUnicodeIME(  672): onKeyUp (keyCode='20', event.keyCode='20', metaState='0')
E/WifiStateMachine(  527): Did not find remoteAddress {10.0.3.2} in /proc/net/arp
I/AppiumUnicodeIME(  672): onKeyDown (keyCode='19', event.keyCode='19', metaState='0')
I/AppiumUnicodeIME(  672): onKeyDown (keyCode='19', event.keyCode='19', metaState='0')
I/AppiumUnicodeIME(  672): onKeyUp (keyCode='19', event.keyCode='19', metaState='0')
I/AppiumUnicodeIME(  672): onKeyDown (keyCode='19', event.keyCode='19', metaState='0')
I/AppiumUnicodeIME(  672): onKeyUp (keyCode='19', event.keyCode='19', metaState='0')
I/AppiumUnicodeIME(  672): onKeyDown (keyCode='19', event.keyCode='19', metaState='0')
I/AppiumUnicodeIME(  672): onKeyUp (keyCode='19', event.keyCode='19', metaState='0')
I/AppiumUnicodeIME(  672): onKeyDown (keyCode='19', event.keyCode='19', metaState='0')
I/AppiumUnicodeIME(  672): onKeyUp (keyCode='19', event.keyCode='19', metaState='0')
E/ConnectivityService(  527): Unexpected mtu value: 0, eth1
D/ConnectivityService(  527): Adding Route [fe80::/64 -> :: eth1] to network 106
D/ConnectivityService(  527): Adding Route [10.0.3.0/24 -> 0.0.0.0 eth1] to network 106
D/ConnectivityService(  527): Adding Route [0.0.0.0/0 -> 10.0.3.2 eth1] to network 106
D/ConnectivityService(  527): Setting Dns servers for network 106 to [/172.16.10.220, /202.96.209.5]
D/ConnectivityService(  527): notifyType IP_CHANGED for NetworkAgentInfo [WIFI () - 106]
D/ConnectivityService(  527): notifyType PRECHECK for NetworkAgentInfo [WIFI () - 106]
D/ConnectivityService(  527): rematching NetworkAgentInfo [WIFI () - 106]
D/ConnectivityService(  527):    accepting network in place of null
D/NetworkMonitor/NetworkAgentInfo [WIFI () - 106](  527): DefaultState{ when=0 what=532481 target=com.android.internal.util.StateMachine$SmHandler }
D/NetworkMonitor/NetworkAgentInfo [WIFI () - 106](  527): Connected
D/NetworkMonitor/NetworkAgentInfo [WIFI () - 106](  527): EvaluatingState{ when=0 what=532486 arg1=1 target=com.android.internal.util.StateMachine$SmHandler }
D/NetworkMonitor/NetworkAgentInfo [WIFI () - 106](  527): Checking http://connectivitycheck.android.com/generate_204 on "WiredSSID"
D/ConnectivityService(  527): Switching to new default network: NetworkAgentInfo{ ni{[type: WIFI[], state: CONNECTED/CONNECTED, reason: (unspecified), extra: "WiredSSID", roaming: false, failover: false, isAvailable: true, isConnectedToProvisioningNetwork: false]}  network{106}  lp{{InterfaceName: eth1 LinkAddresses: [fe80::a00:27ff:fe16:647c/64,10.0.3.15/24,]  Routes: [fe80::/64 -> :: eth1,10.0.3.0/24 -> 0.0.0.0 eth1,0.0.0.0/0 -> 10.0.3.2 eth1,] DnsAddresses: [172.16.10.220,202.96.209.5,] Domains: zzl MTU: 0 TcpBufferSizes: 524288,1048576,2097152,262144,524288,1048576}}  nc{[ Transports: WIFI Capabilities: INTERNET&NOT_RESTRICTED&TRUSTED&NOT_VPN LinkUpBandwidth>=1048576Kbps LinkDnBandwidth>=1048576Kbps]}  Score{16}  everValidated{false}  lastValidated{false}  created{true}  explicitlySelected{false} }
I/AppiumUnicodeIME(  672): onKeyDown (keyCode='19', event.keyCode='19', metaState='0')
I/AppiumUnicodeIME(  672): onKeyDown (keyCode='19', event.keyCode='19', metaState='0')
I/AppiumUnicodeIME(  672): onKeyUp (keyCode='19', event.keyCode='19', metaState='0')
I/AppiumUnicodeIME(  672): onKeyDown (keyCode='19', event.keyCode='19', metaState='0')
I/AppiumUnicodeIME(  672): onKeyUp (keyCode='19', event.keyCode='19', metaState='0')
D/ConnectivityService(  527): notifyType AVAILABLE for NetworkAgentInfo [WIFI () - 106]
D/CSLegacyTypeTracker(  527): Sending connected broadcast for type 1 NetworkAgentInfo [WIFI () - 106] isDefaultNetwork=true
D/ConnectivityService(  527): sendStickyBroadcast: action=android.net.conn.CONNECTIVITY_CHANGE_IMMEDIATE
D/ConnectivityManager.CallbackHandler(  636): CM callback handler got msg 524290
V/KeyguardUpdateMonitor(  636): onSubscriptionInfoChanged()
D/ConnectivityService(  527): sendStickyBroadcast: action=android.net.conn.CONNECTIVITY_CHANGE
D/Tethering(  527): MasterInitialState.processMessage what=3
W/BroadcastQueue(  527): Skipping deliver [background] BroadcastRecord{419f036 u-1 android.net.conn.CONNECTIVITY_CHANGE} to ReceiverList{f27a6d9 6025 (unknown name)/0/u-1 remote:19adf952}: process crashing
D/awcn.NetworkStatusMonitor( 4764):  receiver:android.net.conn.CONNECTIVITY_CHANGE
D/TelephonyProvider(  741): subIdString = 1 subId = 1
D/awcn.NetworkStatusMonitor( 1217):  receiver:android.net.conn.CONNECTIVITY_CHANGE
D/awcn.NetworkStatusMonitor( 4682):  receiver:android.net.conn.CONNECTIVITY_CHANGE
D/awcn.NetworkStatusMonitor( 1217):  [checkNetworkStatus]
D/awcn.NetworkStatusMonitor( 4682):  [checkNetworkStatus]
D/awcn.NetworkStatusMonitor( 1331):  receiver:android.net.conn.CONNECTIVITY_CHANGE
D/awcn.NetworkStatusMonitor( 1331):  [checkNetworkStatus]
D/awcn.NetworkStatusMonitor( 4764):  [checkNetworkStatus]
I/awcn.NetworkStatusMonitor( 1217):  checkNetworkStatus info.isConnected:true info.isAvailable:true
I/awcn.NetworkStatusMonitor( 1217):  Network Status Change NO ===>>> WIFI
I/awcn.NetworkStatusHelper( 1217):  
I/awcn.NetworkStatusHelper( 1217): 
I/awcn.NetworkStatusHelper( 1217): Network detail***********************
I/awcn.NetworkStatusHelper( 1217): status: WIFI
I/awcn.NetworkStatusHelper( 1217):  BSSID: 01:80:c2:00:00:03
I/awcn.NetworkStatusHelper( 1217):  SSID: "WiredSSID"
I/awcn.NetworkStatusHelper( 1217): ******************************************
D/awcn.SessionCenter( 1217):  onNetworkStatusChanged networkStatus:WIFI
D/awcn.SessionCenter( 1217):  [reCreateSession]
I/awcn.SessionCenter( 1217):  recreate session failed: infos is empty
I/awcn.AccsSessionManager( 1217):  call back is null
I/awcn.NetworkStatusMonitor( 4682):  checkNetworkStatus info.isConnected:true info.isAvailable:true
I/awcn.NetworkStatusHelper( 4682):  
I/awcn.NetworkStatusHelper( 4682): Network detail*******************************
I/awcn.NetworkStatusHelper( 4682): Status: WIFI
I/awcn.NetworkStatusHelper( 4682): Subtype: wifi
I/awcn.NetworkStatusHelper( 4682): BSSID: 01:80:c2:00:00:03
I/awcn.NetworkStatusHelper( 4682): SSID: "WiredSSID"
I/awcn.NetworkStatusHelper( 4682): *********************************************
E/awcn.SessionCenter( 4682): |[seq:[default]] onNetworkStatusChanged. reCreateSession networkStatus:WIFI
I/awcn.SessionCenter( 4682): |[seq:[default]] recreate session failed: infos is empty
D/awcn.AccsSessionManager( 4682): |[seq:[default]] app is background not need check accs session, return bg:true
E/awcn.SessionCenter( 4682): |[seq:umeng:56aadbf567e58e38d4000976] onNetworkStatusChanged. reCreateSession networkStatus:WIFI
I/awcn.SessionCenter( 4682): |[seq:umeng:56aadbf567e58e38d4000976] recreate session failed: infos is empty
D/awcn.StrategyCenter( 4682):  getSchemeByHost host:umengacs.m.taobao.com scheme:https
D/awcn.AccsSessionManager( 4682): |[seq:umeng:56aadbf567e58e38d4000976] app is background not need check accs session, return bg:true
I/awcn.BandWidthSampler( 4682):  [startNetworkMeter] NetworkStatus:WIFI
I/awcn.NetworkStatusMonitor( 1331):  checkNetworkStatus info.isConnected:true info.isAvailable:true
I/awcn.NetworkStatusMonitor( 1331):  Network Status Change NO ===>>> WIFI
I/awcn.NetworkStatusHelper( 1331):  
I/awcn.NetworkStatusHelper( 1331): 
I/awcn.NetworkStatusHelper( 1331): Network detail***********************
I/awcn.NetworkStatusHelper( 1331): status: WIFI
I/awcn.NetworkStatusHelper( 1331):  BSSID: 01:80:c2:00:00:03
I/awcn.NetworkStatusHelper( 1331):  SSID: "WiredSSID"
I/awcn.NetworkStatusHelper( 1331): ******************************************
D/awcn.SessionCenter( 1331):  onNetworkStatusChanged networkStatus:WIFI
D/awcn.SessionCenter( 1331):  [reCreateSession]
I/awcn.SessionCenter( 1331):  recreate session failed: infos is empty
