I/AppiumUnicodeIME(  672): onKeyUp (keyCode='137', event.keyCode='137', metaState='0')
I/AppiumUnicodeIME(  672): onKeyDown (keyCode='23', event.keyCode='23', metaState='0')
I/AppiumUnicodeIME(  672): onKeyUp (keyCode='23', event.keyCode='23', metaState='0')
I/AppiumUnicodeIME(  672): onKeyDown (keyCode='23', event.keyCode='23', metaState='0')
I/AppiumUnicodeIME(  672): onKeyUp (keyCode='23', event.keyCode='23', metaState='0')
I/AppiumUnicodeIME(  672): onKeyDown (keyCode='23', event.keyCode='23', metaState='0')
I/AppiumUnicodeIME(  672): onKeyUp (keyCode='23', event.keyCode='23', metaState='0')
I/AppiumUnicodeIME(  672): onKeyDown (keyCode='21', event.keyCode='21', metaState='0')
I/AppiumUnicodeIME(  672): onKeyUp (keyCode='21', event.keyCode='21', metaState='0')
I/AppiumUnicodeIME(  672): onKeyDown (keyCode='82', event.keyCode='82', metaState='0')
I/AppiumUnicodeIME(  672): onKeyUp (keyCode='82', event.keyCode='82', metaState='0')
I/AppiumUnicodeIME(  672): onKeyDown (keyCode='20', event.keyCode='20', metaState='0')
I/AppiumUnicodeIME(  672): onKeyUp (keyCode='20', event.keyCode='20', metaState='0')
I/AppiumUnicodeIME(  672): onKeyDown (keyCode='20', event.keyCode='20', metaState='0')
I/AppiumUnicodeIME(  672): onKeyUp (keyCode='20', event.keyCode='20', metaState='0')
I/AppiumUnicodeIME(  672): onKeyDown (keyCode='20', event.keyCode='20', metaState='0')
I/AppiumUnicodeIME(  672): onKeyUp (keyCode='20', event.keyCode='20', metaState='0')
I/AppiumUnicodeIME(  672): onKeyDown (keyCode='20', event.keyCode='20', metaState='0')
I/AppiumUnicodeIME(  672): onKeyUp (keyCode='20', event.keyCode='20', metaState='0')
I/AppiumUnicodeIME(  672): onKeyDown (keyCode='20', event.keyCode='20', metaState='0')
I/AppiumUnicodeIME(  672): onKeyUp (keyCode='20', event.keyCode='20', metaState='0')
I/AppiumUnicodeIME(  672): onKeyDown (keyCode='19', event.keyCode='19', metaState='0')
I/AppiumUnicodeIME(  672): onKeyUp (keyCode='19', event.keyCode='19', metaState='0')
I/AppiumUnicodeIME(  672): onKeyDown (keyCode='19', event.keyCode='19', metaState='0')
I/AppiumUnicodeIME(  672): onKeyUp (keyCode='19', event.keyCode='19', metaState='0')
I/AppiumUnicodeIME(  672): onKeyDown (keyCode='19', event.keyCode='19', metaState='0')
I/AppiumUnicodeIME(  672): onKeyUp (keyCode='19', event.keyCode='19', metaState='0')
I/AppiumUnicodeIME(  672): onKeyDown (keyCode='19', event.keyCode='19', metaState='0')
I/AppiumUnicodeIME(  672): onKeyUp (keyCode='19', event.keyCode='19', metaState='0')
I/AppiumUnicodeIME(  672): onKeyDown (keyCode='83', event.keyCode='83', metaState='0')
I/AppiumUnicodeIME(  672): onKeyUp (keyCode='83', event.keyCode='83', metaState='0')
I/AppiumUnicodeIME(  672): onKeyDown (keyCode='23', event.keyCode='23', metaState='0')
I/AppiumUnicodeIME(  672): onKeyUp (keyCode='23', event.keyCode='23', metaState='0')
I/AppiumUnicodeIME(  672): onKeyDown (keyCode='23', event.keyCode='23', metaState='0')
I/AppiumUnicodeIME(  672): onKeyUp (keyCode='23', event.keyCode='23', metaState='0')
I/AppiumUnicodeIME(  672): onKeyDown (keyCode='20', event.keyCode='20', metaState='0')
I/AppiumUnicodeIME(  672): onKeyUp (keyCode='20', event.keyCode='20', metaState='0')
I/AppiumUnicodeIME(  672): onKeyDown (keyCode='22', event.keyCode='22', metaState='0')
I/AppiumUnicodeIME(  672): onKeyUp (keyCode='22', event.keyCode='22', metaState='0')
I/AppiumUnicodeIME(  672): onKeyDown (keyCode='22', event.keyCode='22', metaState='0')
I/AppiumUnicodeIME(  672): onKeyUp (keyCode='22', event.keyCode='22', metaState='0')
I/AppiumUnicodeIME(  672): onKeyDown (keyCode='22', event.keyCode='22', metaState='0')
I/AppiumUnicodeIME(  672): onKeyUp (keyCode='22', event.keyCode='22', metaState='0')
I/AppiumUnicodeIME(  672): onKeyDown (keyCode='20', event.keyCode='20', metaState='0')
I/AppiumUnicodeIME(  672): onKeyUp (keyCode='20', event.keyCode='20', metaState='0')
I/AppiumUnicodeIME(  672): onKeyDown (keyCode='23', event.keyCode='23', metaState='0')
I/AppiumUnicodeIME(  672): onKeyUp (keyCode='23', event.keyCode='23', metaState='0')
W/AudioTrack(  527): AUDIO_OUTPUT_FLAG_FAST denied by client
I/AppiumUnicodeIME(  672): onKeyDown (keyCode='23', event.keyCode='23', metaState='0')
I/AppiumUnicodeIME(  672): onKeyUp (keyCode='23', event.keyCode='23', metaState='0')
I/AppiumUnicodeIME(  672): onKeyDown (keyCode='19', event.keyCode='19', metaState='0')
I/AppiumUnicodeIME(  672): onKeyUp (keyCode='19', event.keyCode='19', metaState='0')
I/AppiumUnicodeIME(  672): onKeyDown (keyCode='19', event.keyCode='19', metaState='0')
I/AppiumUnicodeIME(  672): onKeyUp (keyCode='19', event.keyCode='19', metaState='0')
I/AppiumUnicodeIME(  672): onKeyDown (keyCode='19', event.keyCode='19', metaState='0')
I/AppiumUnicodeIME(  672): onKeyUp (keyCode='19', event.keyCode='19', metaState='0')
I/AppiumUnicodeIME(  672): onKeyDown (keyCode='19', event.keyCode='19', metaState='0')
I/AppiumUnicodeIME(  672): onKeyUp (keyCode='19', event.keyCode='19', metaState='0')
I/AppiumUnicodeIME(  672): onKeyDown (keyCode='22', event.keyCode='22', metaState='0')
I/AppiumUnicodeIME(  672): onKeyUp (keyCode='22', event.keyCode='22', metaState='0')
I/AppiumUnicodeIME(  672): onKeyDown (keyCode='22', event.keyCode='22', metaState='0')
I/AppiumUnicodeIME(  672): onKeyUp (keyCode='22', event.keyCode='22', metaState='0')
I/AppiumUnicodeIME(  672): onKeyDown (keyCode='22', event.keyCode='22', metaState='0')
I/AppiumUnicodeIME(  672): onKeyUp (keyCode='22', event.keyCode='22', metaState='0')
I/AppiumUnicodeIME(  672): onKeyDown (keyCode='82', event.keyCode='82', metaState='0')
I/AppiumUnicodeIME(  672): onKeyUp (keyCode='82', event.keyCode='82', metaState='0')
I/AppiumUnicodeIME(  672): onKeyDown (keyCode='21', event.keyCode='21', metaState='0')
I/AppiumUnicodeIME(  672): onKeyUp (keyCode='21', event.keyCode='21', metaState='0')
I/AppiumUnicodeIME(  672): onKeyDown (keyCode='19', event.keyCode='19', metaState='0')
I/AppiumUnicodeIME(  672): onKeyUp (keyCode='19', event.keyCode='19', metaState='0')
I/AppiumUnicodeIME(  672): onKeyDown (keyCode='21', event.keyCode='21', metaState='0')
I/AppiumUnicodeIME(  672): onKeyUp (keyCode='21', event.keyCode='21', metaState='0')
I/AppiumUnicodeIME(  672): onKeyDown (keyCode='22', event.keyCode='22', metaState='0')
I/AppiumUnicodeIME(  672): onKeyDown (keyCode='22', event.keyCode='22', metaState='0')
I/AppiumUnicodeIME(  672): onKeyUp (keyCode='22', event.keyCode='22', metaState='0')
I/AppiumUnicodeIME(  672): onKeyDown (keyCode='22', event.keyCode='22', metaState='0')
I/AppiumUnicodeIME(  672): onKeyUp (keyCode='22', event.keyCode='22', metaState='0')
I/AppiumUnicodeIME(  672): onKeyDown (keyCode='20', event.keyCode='20', metaState='0')
I/AppiumUnicodeIME(  672): onKeyDown (keyCode='20', event.keyCode='20', metaState='0')
I/AppiumUnicodeIME(  672): onKeyUp (keyCode='20', event.keyCode='20', metaState='0')
I/AppiumUnicodeIME(  672): onKeyDown (keyCode='20', event.keyCode='20', metaState='0')
I/AppiumUnicodeIME(  672): onKeyUp (keyCode='20', event.keyCode='20', metaState='0')
I/AppiumUnicodeIME(  672): onKeyDown (keyCode='20', event.keyCode='20', metaState='0')
I/AppiumUnicodeIME(  672): onKeyUp (keyCode='20', event.keyCode='20', metaState='0')
I/AppiumUnicodeIME(  672): onKeyDown (keyCode='20', event.keyCode='20', metaState='0')
I/AppiumUnicodeIME(  672): onKeyUp (keyCode='20', event.keyCode='20', metaState='0')
I/AppiumUnicodeIME(  672): onKeyDown (keyCode='80', event.keyCode='80', metaState='0')
I/AppiumUnicodeIME(  672): onKeyUp (keyCode='80', event.keyCode='80', metaState='0')
I/AppiumUnicodeIME(  672): onKeyDown (keyCode='21', event.keyCode='21', metaState='0')
I/AppiumUnicodeIME(  672): onKeyDown (keyCode='21', event.keyCode='21', metaState='0')
I/AppiumUnicodeIME(  672): onKeyUp (keyCode='21', event.keyCode='21', metaState='0')
I/AppiumUnicodeIME(  672): onKeyDown (keyCode='21', event.keyCode='21', metaState='0')
I/AppiumUnicodeIME(  672): onKeyUp (keyCode='21', event.keyCode='21', metaState='0')
I/AppiumUnicodeIME(  672): onKeyDown (keyCode='21', event.keyCode='21', metaState='0')
I/AppiumUnicodeIME(  672): onKeyUp (keyCode='21', event.keyCode='21', metaState='0')
I/AppiumUnicodeIME(  672): onKeyDown (keyCode='20', event.keyCode='20', metaState='0')
I/AppiumUnicodeIME(  672): onKeyUp (keyCode='20', event.keyCode='20', metaState='0')
I/AppiumUnicodeIME(  672): onKeyDown (keyCode='20', event.keyCode='20', metaState='0')
I/AppiumUnicodeIME(  672): onKeyUp (keyCode='20', event.keyCode='20', metaState='0')
I/AppiumUnicodeIME(  672): onKeyDown (keyCode='23', event.keyCode='23', metaState='0')
I/AppiumUnicodeIME(  672): onKeyUp (keyCode='23', event.keyCode='23', metaState='0')
I/AppiumUnicodeIME(  672): onKeyDown (keyCode='174', event.keyCode='174', metaState='0')
I/AppiumUnicodeIME(  672): onKeyUp (keyCode='174', event.keyCode='174', metaState='0')
I/AppiumUnicodeIME(  672): onKeyDown (keyCode='19', event.keyCode='19', metaState='0')
I/AppiumUnicodeIME(  672): onKeyUp (keyCode='19', event.keyCode='19', metaState='0')
I/AppiumUnicodeIME(  672): onKeyDown (keyCode='19', event.keyCode='19', metaState='0')
I/AppiumUnicodeIME(  672): onKeyUp (keyCode='19', event.keyCode='19', metaState='0')
I/AppiumUnicodeIME(  672): onKeyDown (keyCode='19', event.keyCode='19', metaState='0')
I/AppiumUnicodeIME(  672): onKeyUp (keyCode='19', event.keyCode='19', metaState='0')
I/AppiumUnicodeIME(  672): onKeyDown (keyCode='22', event.keyCode='22', metaState='0')
I/AppiumUnicodeIME(  672): onKeyUp (keyCode='22', event.keyCode='22', metaState='0')
I/AppiumUnicodeIME(  672): onKeyUp (keyCode='204', event.keyCode='204', metaState='0')
I/AppiumUnicodeIME(  672): onKeyDown (keyCode='19', event.keyCode='19', metaState='0')
I/AppiumUnicodeIME(  672): onKeyDown (keyCode='19', event.keyCode='19', metaState='0')
I/AppiumUnicodeIME(  672): onKeyUp (keyCode='19', event.keyCode='19', metaState='0')
I/AppiumUnicodeIME(  672): onKeyDown (keyCode='19', event.keyCode='19', metaState='0')
I/AppiumUnicodeIME(  672): onKeyUp (keyCode='19', event.keyCode='19', metaState='0')
I/AppiumUnicodeIME(  672): onKeyDown (keyCode='19', event.keyCode='19', metaState='0')
I/AppiumUnicodeIME(  672): onKeyUp (keyCode='19', event.keyCode='19', metaState='0')
I/AppiumUnicodeIME(  672): onKeyDown (keyCode='21', event.keyCode='21', metaState='0')
I/AppiumUnicodeIME(  672): onKeyDown (keyCode='21', event.keyCode='21', metaState='0')
I/AppiumUnicodeIME(  672): onKeyUp (keyCode='21', event.keyCode='21', metaState='0')
I/AppiumUnicodeIME(  672): onKeyDown (keyCode='21', event.keyCode='21', metaState='0')
I/AppiumUnicodeIME(  672): onKeyUp (keyCode='21', event.keyCode='21', metaState='0')
I/AppiumUnicodeIME(  672): onKeyDown (keyCode='21', event.keyCode='21', metaState='0')
I/AppiumUnicodeIME(  672): onKeyUp (keyCode='21', event.keyCode='21', metaState='0')
I/AppiumUnicodeIME(  672): onKeyDown (keyCode='21', event.keyCode='21', metaState='0')
I/AppiumUnicodeIME(  672): onKeyUp (keyCode='21', event.keyCode='21', metaState='0')
I/AppiumUnicodeIME(  672): onKeyDown (keyCode='23', event.keyCode='23', metaState='0')
I/AppiumUnicodeIME(  672): onKeyUp (keyCode='23', event.keyCode='23', metaState='0')
I/AppiumUnicodeIME(  672): onKeyDown (keyCode='22', event.keyCode='22', metaState='0')
I/AppiumUnicodeIME(  672): onKeyUp (keyCode='22', event.keyCode='22', metaState='0')
I/AppiumUnicodeIME(  672): onKeyDown (keyCode='19', event.keyCode='19', metaState='0')
I/AppiumUnicodeIME(  672): onKeyUp (keyCode='19', event.keyCode='19', metaState='0')
I/ActivityManager(  527): START u0 {act=android.intent.action.MAIN cat=[android.intent.category.LAUNCHER] flg=0x10000000 cmp=com.android.browser/.BrowserActivity sel=act=android.intent.action.MAIN cat=[android.intent.category.APP_BROWSER]}} from uid 1000 on display 0
I/AppiumUnicodeIME(  672): onKeyUp (keyCode='64', event.keyCode='64', metaState='0')
I/AppiumUnicodeIME(  672): onKeyDown (keyCode='141', event.keyCode='141', metaState='0')
I/AppiumUnicodeIME(  672): onKeyUp (keyCode='141', event.keyCode='141', metaState='0')
I/AppiumUnicodeIME(  672): onKeyDown (keyCode='19', event.keyCode='19', metaState='0')
I/AppiumUnicodeIME(  672): onKeyUp (keyCode='19', event.keyCode='19', metaState='0')
I/AppiumUnicodeIME(  672): onKeyDown (keyCode='251', event.keyCode='251', metaState='0')
I/AppiumUnicodeIME(  672): onKeyUp (keyCode='251', event.keyCode='251', metaState='0')
I/AppiumUnicodeIME(  672): onKeyDown (keyCode='20', event.keyCode='20', metaState='0')
I/AppiumUnicodeIME(  672): onKeyUp (keyCode='20', event.keyCode='20', metaState='0')
I/AppiumUnicodeIME(  672): onKeyDown (keyCode='72', event.keyCode='72', metaState='0')
I/AppiumUnicodeIME(  672): onKeyUp (keyCode='72', event.keyCode='72', metaState='0')
I/AppiumUnicodeIME(  672): onKeyDown (keyCode='82', event.keyCode='82', metaState='0')
I/AppiumUnicodeIME(  672): onKeyUp (keyCode='82', event.keyCode='82', metaState='0')
I/AppiumUnicodeIME(  672): onKeyDown (keyCode='21', event.keyCode='21', metaState='0')
I/AppiumUnicodeIME(  672): onKeyUp (keyCode='21', event.keyCode='21', metaState='0')
I/AppiumUnicodeIME(  672): onKeyDown (keyCode='22', event.keyCode='22', metaState='0')
I/AppiumUnicodeIME(  672): onKeyUp (keyCode='22', event.keyCode='22', metaState='0')
I/AppiumUnicodeIME(  672): onKeyDown (keyCode='21', event.keyCode='21', metaState='0')
I/AppiumUnicodeIME(  672): onKeyUp (keyCode='21', event.keyCode='21', metaState='0')
I/AppiumUnicodeIME(  672): onKeyDown (keyCode='82', event.keyCode='82', metaState='0')
I/AppiumUnicodeIME(  672): onKeyUp (keyCode='82', event.keyCode='82', metaState='0')
I/AppiumUnicodeIME(  672): onKeyDown (keyCode='20', event.keyCode='20', metaState='0')
I/AppiumUnicodeIME(  672): onKeyDown (keyCode='20', event.keyCode='20', metaState='0')
I/AppiumUnicodeIME(  672): onKeyUp (keyCode='20', event.keyCode='20', metaState='0')
I/AppiumUnicodeIME(  672): onKeyDown (keyCode='20', event.keyCode='20', metaState='0')
I/AppiumUnicodeIME(  672): onKeyUp (keyCode='20', event.keyCode='20', metaState='0')
I/AppiumUnicodeIME(  672): onKeyDown (keyCode='20', event.keyCode='20', metaState='0')
I/AppiumUnicodeIME(  672): onKeyUp (keyCode='20', event.keyCode='20', metaState='0')
I/AppiumUnicodeIME(  672): onKeyDown (keyCode='4', event.keyCode='4', metaState='0')
I/AppiumUnicodeIME(  672): onKeyUp (keyCode='4', event.keyCode='4', metaState='0')
D/        (  527): HostConnection::get() New Host Connection established 0xe1519a90, tid 1389
E/EGL_emulation(  502): tid 502: eglCreateSyncKHR(1209): error 0x3004 (EGL_BAD_ATTRIBUTE)
I/AppiumUnicodeIME(  672): onKeyDown (keyCode='22', event.keyCode='22', metaState='0')
I/AppiumUnicodeIME(  672): onKeyUp (keyCode='22', event.keyCode='22', metaState='0')
D/ForegroundCallbacks( 1239): went foreground
I/awcn.SessionCenter( 1239): |[seq:[default]] [forground]
I/awcn.SessionCenter( 1239): |[seq:umeng:56aadbf567e58e38d4000976] [forground]
D/awcn.StrategyCenter( 1239):  getSchemeByHost host:umengacs.m.taobao.com scheme:https
D/awcn.SessionCenter( 1239): |[seq:umeng:56aadbf567e58e38d4000976] getInternal u:https://umengacs.m.taobao.com TypeClass:SPDY timeout:0
D/awcn.StrategyCenter( 1239):  getSchemeByHost host:umengacs.m.taobao.com scheme:https
D/awcn.SessionCenter( 1239): |[seq:umeng:56aadbf567e58e38d4000976] get internal hit cache session session:Session@[umeng:56aadbf567e58e38d4000976.AWCN2_1|http2_0rtt_acs]
W/ViewRootImpl( 1882): Dropping event due to no window focus: MotionEvent { action=ACTION_MOVE, id[0]=0, x[0]=2.0, y[0]=2.0, toolType[0]=TOOL_TYPE_UNKNOWN, buttonState=0, metaState=0, flags=0x0, edgeFlags=0x0, pointerCount=1, historySize=4, eventTime=67388, downTime=-1, deviceId=0, source=0x10004 }
W/EGL_emulation( 1239): eglSurfaceAttrib not implemented
W/OpenGLRenderer( 1239): Failed to set EGL_SWAP_BEHAVIOR on surface 0xdf734c20, error=EGL_SUCCESS
W/ViewRootImpl( 1239): Dropping event due to no window focus: MotionEvent { action=ACTION_MOVE, id[0]=0, x[0]=2.0, y[0]=-2.0, toolType[0]=TOOL_TYPE_UNKNOWN, buttonState=0, metaState=0, flags=0x0, edgeFlags=0x0, pointerCount=1, historySize=14, eventTime=67454, downTime=-1, deviceId=0, source=0x10004 }
W/ViewRootImpl( 1239): Dropping event due to no window focus: MotionEvent { action=ACTION_DOWN, id[0]=0, x[0]=0.0, y[0]=0.0, toolType[0]=TOOL_TYPE_UNKNOWN, buttonState=0, metaState=0, flags=0x0, edgeFlags=0x0, pointerCount=1, historySize=0, eventTime=67454, downTime=67445, deviceId=0, source=0x10004 }
W/ViewRootImpl( 1239): Cancelling event due to no window focus: MotionEvent { action=ACTION_CANCEL, id[0]=0, x[0]=0.0, y[0]=0.0, toolType[0]=TOOL_TYPE_UNKNOWN, buttonState=0, metaState=0, flags=0x0, edgeFlags=0x0, pointerCount=1, historySize=0, eventTime=67454, downTime=67445, deviceId=0, source=0x10004 }
W/ViewRootImpl( 1239): Cancelling event due to no window focus: MotionEvent { action=ACTION_CANCEL, id[0]=0, x[0]=0.0, y[0]=0.0, toolType[0]=TOOL_TYPE_UNKNOWN, buttonState=0, metaState=0, flags=0x0, edgeFlags=0x0, pointerCount=1, historySize=0, eventTime=67454, downTime=67445, deviceId=0, source=0x10004 }
W/ViewRootImpl( 1239): Cancelling event due to no window focus: MotionEvent { action=ACTION_CANCEL, id[0]=0, x[0]=0.0, y[0]=0.0, toolType[0]=TOOL_TYPE_UNKNOWN, buttonState=0, metaState=0, flags=0x0, edgeFlags=0x0, pointerCount=1, historySize=0, eventTime=67454, downTime=67445, deviceId=0, source=0x10004 }
W/ViewRootImpl( 1239): Cancelling event due to no window focus: MotionEvent { action=ACTION_CANCEL, id[0]=0, x[0]=0.0, y[0]=0.0, toolType[0]=TOOL_TYPE_UNKNOWN, buttonState=0, metaState=0, flags=0x0, edgeFlags=0x0, pointerCount=1, historySize=0, eventTime=67454, downTime=67445, deviceId=0, source=0x10004 }
W/ViewRootImpl( 1239): Cancelling event due to no window focus: MotionEvent { action=ACTION_CANCEL, id[0]=0, x[0]=0.0, y[0]=0.0, toolType[0]=TOOL_TYPE_UNKNOWN, buttonState=0, metaState=0, flags=0x0, edgeFlags=0x0, pointerCount=1, historySize=0, eventTime=67454, downTime=67445, deviceId=0, source=0x10004 }
W/ViewRootImpl( 1239): Cancelling event due to no window focus: MotionEvent { action=ACTION_CANCEL, id[0]=0, x[0]=0.0, y[0]=0.0, toolType[0]=TOOL_TYPE_UNKNOWN, buttonState=0, metaState=0, flags=0x0, edgeFlags=0x0, pointerCount=1, historySize=0, eventTime=67454, downTime=67445, deviceId=0, source=0x10004 }
W/ViewRootImpl( 1239): Cancelling event due to no window focus: MotionEvent { action=ACTION_CANCEL, id[0]=0, x[0]=0.0, y[0]=0.0, toolType[0]=TOOL_TYPE_UNKNOWN, buttonState=0, metaState=0, flags=0x0, edgeFlags=0x0, pointerCount=1, historySize=0, eventTime=67454, downTime=67445, deviceId=0, source=0x10004 }
I/AppiumUnicodeIME(  672): onFinishInput
I/AppiumUnicodeIME(  672): onStartInput
I/AppiumUnicodeIME(  672): onKeyDown (keyCode='19', event.keyCode='19', metaState='0')
I/AppiumUnicodeIME(  672): onKeyUp (keyCode='19', event.keyCode='19', metaState='0')
I/AppiumUnicodeIME(  672): onKeyDown (keyCode='19', event.keyCode='19', metaState='0')
I/AppiumUnicodeIME(  672): onKeyUp (keyCode='19', event.keyCode='19', metaState='0')
I/AppiumUnicodeIME(  672): onKeyDown (keyCode='19', event.keyCode='19', metaState='0')
I/AppiumUnicodeIME(  672): onKeyUp (keyCode='19', event.keyCode='19', metaState='0')
I/AppiumUnicodeIME(  672): onKeyDown (keyCode='19', event.keyCode='19', metaState='0')
I/AppiumUnicodeIME(  672): onKeyUp (keyCode='19', event.keyCode='19', metaState='0')
I/AppiumUnicodeIME(  672): onFinishInput
I/AppiumUnicodeIME(  672): onStartInput
I/AppiumUnicodeIME(  672): onKeyDown (keyCode='19', event.keyCode='19', metaState='0')
I/AppiumUnicodeIME(  672): onKeyUp (keyCode='19', event.keyCode='19', metaState='0')
I/AppiumUnicodeIME(  672): onKeyDown (keyCode='22', event.keyCode='22', metaState='0')
I/AppiumUnicodeIME(  672): onKeyUp (keyCode='22', event.keyCode='22', metaState='0')
I/AppiumUnicodeIME(  672): onKeyDown (keyCode='22', event.keyCode='22', metaState='0')
I/AppiumUnicodeIME(  672): onKeyUp (keyCode='22', event.keyCode='22', metaState='0')
I/AppiumUnicodeIME(  672): onKeyDown (keyCode='21', event.keyCode='21', metaState='0')
I/AppiumUnicodeIME(  672): onKeyUp (keyCode='21', event.keyCode='21', metaState='0')
I/AppiumUnicodeIME(  672): onKeyDown (keyCode='23', event.keyCode='23', metaState='0')
I/AppiumUnicodeIME(  672): onKeyUp (keyCode='23', event.keyCode='23', metaState='0')
I/AppiumUnicodeIME(  672): onKeyDown (keyCode='23', event.keyCode='23', metaState='0')
I/AppiumUnicodeIME(  672): onKeyUp (keyCode='23', event.keyCode='23', metaState='0')
I/AppiumUnicodeIME(  672): onKeyDown (keyCode='22', event.keyCode='22', metaState='0')
I/AppiumUnicodeIME(  672): onKeyUp (keyCode='22', event.keyCode='22', metaState='0')
I/AppiumUnicodeIME(  672): onKeyDown (keyCode='22', event.keyCode='22', metaState='0')
I/AppiumUnicodeIME(  672): onKeyUp (keyCode='22', event.keyCode='22', metaState='0')
I/AppiumUnicodeIME(  672): onKeyDown (keyCode='22', event.keyCode='22', metaState='0')
I/AppiumUnicodeIME(  672): onKeyUp (keyCode='22', event.keyCode='22', metaState='0')
I/AppiumUnicodeIME(  672): onKeyDown (keyCode='19', event.keyCode='19', metaState='0')
I/AppiumUnicodeIME(  672): onKeyUp (keyCode='19', event.keyCode='19', metaState='0')
I/AppiumUnicodeIME(  672): onKeyDown (keyCode='19', event.keyCode='19', metaState='0')
I/AppiumUnicodeIME(  672): onKeyUp (keyCode='19', event.keyCode='19', metaState='0')
I/AppiumUnicodeIME(  672): onKeyDown (keyCode='19', event.keyCode='19', metaState='0')
I/AppiumUnicodeIME(  672): onKeyUp (keyCode='19', event.keyCode='19', metaState='0')
I/AppiumUnicodeIME(  672): onKeyDown (keyCode='19', event.keyCode='19', metaState='0')
I/AppiumUnicodeIME(  672): onKeyUp (keyCode='19', event.keyCode='19', metaState='0')
I/AppiumUnicodeIME(  672): onKeyDown (keyCode='21', event.keyCode='21', metaState='0')
I/AppiumUnicodeIME(  672): onKeyUp (keyCode='21', event.keyCode='21', metaState='0')
D/OkHttp  ( 1239): <-- 200 OK http://116.236.220.210:8084/appTransfer/transferList?pageNo=1&pageSize=10&sort=1&sortField=default&sortType=asc&version=3 (11457ms)
D/OkHttp  ( 1239): Server: Apache-Coyote/1.1
D/OkHttp  ( 1239): Set-Cookie: JSESSIONID=528B9D69A4DA6900DDF3DE3FB53D0CB8; Path=/; HttpOnly
D/OkHttp  ( 1239): Content-Type: application/json;charset=utf-8
D/OkHttp  ( 1239): Content-Length: 7925
D/OkHttp  ( 1239): Date: Sat, 13 Jan 2018 06:44:33 GMT
D/OkHttp  ( 1239): {"total":106,"prdTypeName":[{"empId":"1","prdId":"2c908a885d3a7383015d3a9f90f000c9","prdName":"","persiodUp":48,"rateDown":10.80,"persiodDown":6,"remark":",/\"\"330","type":2,"parentId":"0","rateUp":13.20,"paymentType":1,"payment":3,"periodsType":1,"proNumber":"","productType":2,"status":1},{"empId":"1","prdId":"2c908a885e849ca7015e89fb703a07b7","prdName":"","persiodUp":12,"rateDown":1.00,"persiodDown":1,"remark":"","type":2,"parentId":"0","rateUp":10.00,"paymentType":1,"payment":3,"periodsType":1,"productType":2,"status":1},{"empId":"1","prdId":"2c908a885f8608b0015f866a55db02f0","prdName":"e","persiodUp":15,"rateDown":1.00,"persiodDown":1,"remark":"","type":2,"parentId":"0","rateUp":13.20,"paymentType":1,"payment":3,"periodsType":1,"productType":2,"status":1},{"empId":"1","prdId":"402897e7562a90ac01562add07fa0002","prdName":"","persiodUp":50,"rateDown":9.00,"persiodDown":3,"remark":"","type":4,"parentId":"0","rateUp":13.00,"paymentType":1,"payment":3,"periodsType":2,"proNumber":"","productType":4,"status":1},{"empId":"1","prdId":"2c908a885fc3290c015fc377857c0098","prdName":"","persiodUp":30,"rateDown":8.00,"persiodDown":1,"remark":"111","type":3,"parentId":"0","rateUp":15.00,"paymentType":2,"payment":2,"periodsType":3,"proNumber":"","productType":3,"status":1},{"empId":"1","prdId":"402897e7562a46b601562a4bd8100001","prdName":"","persiodUp":30,"rateDown":8.00,"persiodDown":1,"remark":"  1","type":3,"parentId":"0","rateUp":15.00,"paymentType":2,"payment":2,"periodsType":3,"proNumber":"","productType":3,"status":1}],"data":[{"hasInvestAmt":0.00,"discountRate":1.0000,"discountAmt":0.0000,"saleId":"380d8a22c07c4e28a3560d7eef0bb1f4","discount":100,"tpersiod":50,"remainCount":11485,"duetimeType":2,"remainingAmount":217.79,"rate":13.2000,"left_periods":350,"custId":"94047788384d48a8903352a53ca48de1","payment":3,"id":"402897e7562a90ac01562afda01c0009","transferAmt":217.7900,"productType":4,"actualAmt":217.7900,"prdTypeName":"","period":50,"prdName":"50","prdNumber":"DT20180112-000004","custInfoId":"a49646a935e647678bed2e18376657d2","progress":0.00,"realyRate":13.20000000,"status":0},{"hasInvestAmt":0.00,"discountRate":1.0000,"discountAmt":0.0000,"saleId":"5d645854d5424e0889b430e975a4c125","discount":100,"tpersiod":18,"remainCount":12471,"duetimeType":1,"remainingAmount":10476.43,"rate":10.8000,"left_periods":105,"custId":"94047788384d48a8903352a53ca48de1","payment":3,"id":"2c908a885bc83244015bc8359cf60003","transferAmt":10476.4300,"productType":4,"actualAmt":10476.4300,"prdTypeName":"","period":15,"prdName":"","prdNumber":"DT20180112-000004","custInfoId":"a49646a935e647678bed2e18376657d2","progress":0.00,"realyRate":-1.20000000,"status":0},{"hasInvestAmt":37004.74,"discountRate":1.0000,"discountAmt":0.0000,"saleId":"870ffea863bb4bf38840ae208dd60e75","discount":100,"tpersiod":24,"remainCount":0,"duetimeType":1,"remainingAmount":0,"rate":13.2000,"left_periods":690,"custId":"65a0ae45bea449de8409b5c8e1c16385","payment":3,"id":"2c908a885d3a7383015d3aa0181000cb","transferAmt":37004.7400,"productType":2,"actualAmt":37004.7400,"prdTypeName":"","period":23,"prdName":"24","prdNumber":"DT20171221-000006","custInfoId":"4ce0b9797b5d472eabdb026d11f208df","progress":100.00,"realyRate":13.20000000,"status":2},{"hasInvestAmt":6666.00,"discountRate":1.0000,"discountAmt":0.0000,"saleId":"dbbeffbee1df4e658a267f2784caf644","discount":100,"tpersiod":30,"remainCount":0,"duetimeType":2,"remainingAmount":0,"rate":13.2000,"left_periods":210,"custId":"46609fc449dd4dc595a397045e72d7bf","payment":3,"id":"
D/OkHttp  ( 1239): estAmt":108.40,"discountRate":1.0000,"discountAmt":0.0000,"saleId":"bd989b9e73cc42af8aa8f637d54c7988","discount":100,"tpersiod":30,"remainCount":0,"duetimeType":2,"remainingAmount":0,"rate":13.2000,"left_periods":203,"custId":"ee7b539434494dcc91a3d109422dd43a","payment":3,"id":"402897e7562a90ac01562addfb7e0004","transferAmt":108.4000,"productType":4,"actualAmt":108.4000,"prdTypeName":"","period":29,"prdName":"30","prdNumber":"DT20171219-000002","custInfoId":"8c81f78bf2c24eb09a2ba4e58a81cd3b","progress":100.00,"realyRate":13.20000000,"status":2},{"hasInvestAmt":1000.00,"discountRate":0.9990,"discountAmt":1.0000,"saleId":"497a15635e5c42a3880ec6d4c3c6a992","discount":99.9,"tpersiod":30,"remainCount":0,"duetimeType":2,"remainingAmount":0,"rate":13.2000,"left_periods":210,"custId":"05522cdb7fb34e65ac73ea52f65adfcf","payment":3,"id":"402897e7562a90ac01562addfb7e0004","transferAmt":1000.0000,"productType":4,"actualAmt":999.0000,"prdTypeName":"","period":30,"prdName":"30","prdNumber":"DT20171218-000004","custInfoId":"3b5877e77abb49f99eb8391f5efd7b72","progress":100.00,"realyRate":13.20000000,"status":2},{"hasInvestAmt":1000.00,"discountRate":0.9920,"discountAmt":8.0000,"saleId":"e2dabc736550472b863f55ec36d09d01","discount":99.2,"tpersiod":30,"remainCount":0,"duetimeType":2,"remainingAmount":0,"rate":13.2000,"left_periods":210,"custId":"8d0d6794c20040f1b95d05d964b46cfa","payment":3,"id":"402897e7562a90ac01562addfb7e0004","transferAmt":1000.0000,"productType":4,"actualAmt":992.0000,"prdTypeName":"","period":30,"prdName":"30","prdNumber":"DT20171218-000003","custInfoId":"658f9aae2d0d4662a666e52769bb89b6","progress":100.00,"realyRate":13.20000000,"status":2},{"hasInvestAmt":1525.00,"discountRate":1.0000,"discountAmt":0.0000,"saleId":"de0161d3d446414eaa766d54a5e656e8","discount":100,"tpersiod":24,"remainCount":0,"duetimeType":1,"remainingAmount":0,"rate":13.2000,"left_periods":720,"custId":"46609fc449dd4dc595a397045e72d7bf","payment":3,"id":"2c908a885d3a7383015d3aa0181000cb","transferAmt":1525.0000,"productType":2,"actualAmt":1525.0000,"prdTypeName":"","period":24,"prdName":"24","prdNumber":"DT20171213-000001","custInfoId":"1e52dd67f8d4473cb693e22b50c7f892","progress":100.00,"realyRate":13.20000000,"status":2},{"hasInvestAmt":1546.00,"discountRate":0.9950,"discountAmt":7.7300,"saleId":"1a806e324bb744fbb784b8e96a3789a8","discount":99.5,"tpersiod":24,"remainCount":0,"duetimeType":1,"remainingAmount":0,"rate":13.2000,"left_periods":720,"custId":"45dfae27301243b79ba9e6352ad456e8","payment":3,"id":"2c908a885d3a7383015d3aa0181000cb","transferAmt":1546.0000,"productType":2,"actualAmt":1538.2700,"prdTypeName":"","period":24,"prdName":"24","prdNumber":"DT20171128-000002","custInfoId":"f379505731a643669b3df65ef35f1206","progress":100.00,"realyRate":13.20000000,"status":2},{"hasInvestAmt":2440.00,"discountRate":1.0000,"discountAmt":0.0000,"saleId":"3654e8d52d5142a3adee94e66d49eeb1","discount":100,"tpersiod":24,"remainCount":2000,"duetimeType":1,"remainingAmount":2000,"rate":13.2000,"left_periods":720,"custId":"07e9ef411a934ea1b406efbab27a41ad","payment":3,"id":"2c908a885d3a7383015d3aa0181000cb","transferAmt":4440.0000,"productType":2,"actualAmt":4440.0000,"prdTypeName":"","period":24,"prdName":"24","prdNumber":"DT20170911-000001","custInfoId":"de87602a43534cc9811b7706b9caeb01","progress":55.00,"realyRate":13.20000000,"status":2}],"pageNo":1,"responseCode":"1","info":""}
D/OkHttp  ( 1239): <-- END HTTP (7925-byte body)
W/AudioTrack(  527): AUDIO_OUTPUT_FLAG_FAST denied by client
I/AppiumUnicodeIME(  672): onKeyDown (keyCode='52', event.keyCode='52', metaState='0')
I/AppiumUnicodeIME(  672): onKeyUp (keyCode='52', event.keyCode='52', metaState='0')
I/AppiumUnicodeIME(  672): onKeyDown (keyCode='19', event.keyCode='19', metaState='0')
I/AppiumUnicodeIME(  672): onKeyUp (keyCode='19', event.keyCode='19', metaState='0')
I/AppiumUnicodeIME(  672): onKeyDown (keyCode='82', event.keyCode='82', metaState='0')
I/AppiumUnicodeIME(  672): onKeyUp (keyCode='82', event.keyCode='82', metaState='0')
I/AppiumUnicodeIME(  672): onKeyDown (keyCode='21', event.keyCode='21', metaState='0')
W/AudioTrack(  527): AUDIO_OUTPUT_FLAG_FAST denied by client
I/AppiumUnicodeIME(  672): onKeyUp (keyCode='21', event.keyCode='21', metaState='0')
I/AppiumUnicodeIME(  672): onKeyDown (keyCode='19', event.keyCode='19', metaState='0')
I/AppiumUnicodeIME(  672): onKeyUp (keyCode='19', event.keyCode='19', metaState='0')
I/AppiumUnicodeIME(  672): onKeyDown (keyCode='82', event.keyCode='82', metaState='0')
I/AppiumUnicodeIME(  672): onKeyUp (keyCode='82', event.keyCode='82', metaState='0')
I/AppiumUnicodeIME(  672): onKeyDown (keyCode='19', event.keyCode='19', metaState='0')
W/AudioTrack(  527): AUDIO_OUTPUT_FLAG_FAST denied by client
I/AppiumUnicodeIME(  672): onKeyUp (keyCode='19', event.keyCode='19', metaState='0')
I/AppiumUnicodeIME(  672): onKeyDown (keyCode='23', event.keyCode='23', metaState='0')
I/AppiumUnicodeIME(  672): onKeyUp (keyCode='23', event.keyCode='23', metaState='0')
I/AppiumUnicodeIME(  672): onKeyDown (keyCode='23', event.keyCode='23', metaState='0')
I/AppiumUnicodeIME(  672): onKeyUp (keyCode='23', event.keyCode='23', metaState='0')
I/AppiumUnicodeIME(  672): onKeyDown (keyCode='22', event.keyCode='22', metaState='0')
I/AppiumUnicodeIME(  672): onKeyUp (keyCode='22', event.keyCode='22', metaState='0')
I/AppiumUnicodeIME(  672): onKeyDown (keyCode='20', event.keyCode='20', metaState='0')
I/AppiumUnicodeIME(  672): onKeyUp (keyCode='20', event.keyCode='20', metaState='0')
I/AppiumUnicodeIME(  672): onKeyDown (keyCode='23', event.keyCode='23', metaState='0')
W/AudioTrack(  527): AUDIO_OUTPUT_FLAG_FAST denied by client
I/AppiumUnicodeIME(  672): onKeyUp (keyCode='23', event.keyCode='23', metaState='0')
I/AppiumUnicodeIME(  672): onKeyDown (keyCode='21', event.keyCode='21', metaState='0')
I/AppiumUnicodeIME(  672): onFinishInput
I/AppiumUnicodeIME(  672): onStartInput
I/AppiumUnicodeIME(  672): onKeyUp (keyCode='21', event.keyCode='21', metaState='0')
W/AudioTrack(  527): AUDIO_OUTPUT_FLAG_FAST denied by client
I/AppiumUnicodeIME(  672): onKeyDown (keyCode='22', event.keyCode='22', metaState='0')
I/AppiumUnicodeIME(  672): onKeyDown (keyCode='22', event.keyCode='22', metaState='0')
I/AppiumUnicodeIME(  672): onKeyUp (keyCode='22', event.keyCode='22', metaState='0')
I/AppiumUnicodeIME(  672): onKeyDown (keyCode='22', event.keyCode='22', metaState='0')
I/AppiumUnicodeIME(  672): onKeyUp (keyCode='22', event.keyCode='22', metaState='0')
I/AppiumUnicodeIME(  672): onKeyDown (keyCode='22', event.keyCode='22', metaState='0')
I/AppiumUnicodeIME(  672): onKeyUp (keyCode='22', event.keyCode='22', metaState='0')
I/AppiumUnicodeIME(  672): onFinishInput
I/AppiumUnicodeIME(  672): onStartInput
I/AppiumUnicodeIME(  672): onKeyDown (keyCode='20', event.keyCode='20', metaState='0')
I/AppiumUnicodeIME(  672): onKeyDown (keyCode='20', event.keyCode='20', metaState='0')
I/AppiumUnicodeIME(  672): onKeyUp (keyCode='20', event.keyCode='20', metaState='0')
I/AppiumUnicodeIME(  672): onKeyDown (keyCode='20', event.keyCode='20', metaState='0')
I/AppiumUnicodeIME(  672): onKeyUp (keyCode='20', event.keyCode='20', metaState='0')
I/AppiumUnicodeIME(  672): onKeyDown (keyCode='20', event.keyCode='20', metaState='0')
I/AppiumUnicodeIME(  672): onKeyUp (keyCode='20', event.keyCode='20', metaState='0')
I/AppiumUnicodeIME(  672): onKeyDown (keyCode='23', event.keyCode='23', metaState='0')
I/AppiumUnicodeIME(  672): onKeyUp (keyCode='23', event.keyCode='23', metaState='0')
W/AudioTrack(  527): AUDIO_OUTPUT_FLAG_FAST denied by client
W/AudioTrack(  527): AUDIO_OUTPUT_FLAG_FAST denied by client
I/AppiumUnicodeIME(  672): onFinishInput
I/AppiumUnicodeIME(  672): onStartInput
I/AppiumUnicodeIME(  672): onKeyDown (keyCode='20', event.keyCode='20', metaState='0')
I/AppiumUnicodeIME(  672): onKeyDown (keyCode='20', event.keyCode='20', metaState='0')
I/AppiumUnicodeIME(  672): onKeyUp (keyCode='20', event.keyCode='20', metaState='0')
I/AppiumUnicodeIME(  672): onKeyDown (keyCode='20', event.keyCode='20', metaState='0')
I/AppiumUnicodeIME(  672): onKeyUp (keyCode='20', event.keyCode='20', metaState='0')
I/AppiumUnicodeIME(  672): onKeyDown (keyCode='20', event.keyCode='20', metaState='0')
I/AppiumUnicodeIME(  672): onKeyUp (keyCode='20', event.keyCode='20', metaState='0')
I/AppiumUnicodeIME(  672): onKeyDown (keyCode='20', event.keyCode='20', metaState='0')
I/AppiumUnicodeIME(  672): onKeyDown (keyCode='20', event.keyCode='20', metaState='0')
I/AppiumUnicodeIME(  672): onKeyUp (keyCode='20', event.keyCode='20', metaState='0')
W/ResourceType(  636): No package identifier when getting value for resource number 0x00000000
W/PackageManager(  636): Failure retrieving resources for com.zzl.falcon.internal: Resource ID #0x0
I/AppiumUnicodeIME(  672): onKeyDown (keyCode='23', event.keyCode='23', metaState='0')
E/EGL_emulation(  502): tid 502: eglCreateSyncKHR(1209): error 0x3004 (EGL_BAD_ATTRIBUTE)
I/AppiumUnicodeIME(  672): onKeyUp (keyCode='23', event.keyCode='23', metaState='0')
I/AppiumUnicodeIME(  672): onKeyDown (keyCode='19', event.keyCode='19', metaState='0')
I/AppiumUnicodeIME(  672): onKeyDown (keyCode='19', event.keyCode='19', metaState='0')
I/AppiumUnicodeIME(  672): onKeyUp (keyCode='19', event.keyCode='19', metaState='0')
I/AppiumUnicodeIME(  672): onKeyDown (keyCode='19', event.keyCode='19', metaState='0')
I/AppiumUnicodeIME(  672): onKeyUp (keyCode='19', event.keyCode='19', metaState='0')
I/AppiumUnicodeIME(  672): onKeyDown (keyCode='19', event.keyCode='19', metaState='0')
I/AppiumUnicodeIME(  672): onKeyUp (keyCode='19', event.keyCode='19', metaState='0')
I/AppiumUnicodeIME(  672): onKeyDown (keyCode='19', event.keyCode='19', metaState='0')
I/AppiumUnicodeIME(  672): onKeyUp (keyCode='19', event.keyCode='19', metaState='0')
I/AppiumUnicodeIME(  672): onKeyDown (keyCode='21', event.keyCode='21', metaState='0')
I/AppiumUnicodeIME(  672): onKeyDown (keyCode='21', event.keyCode='21', metaState='0')
I/AppiumUnicodeIME(  672): onKeyUp (keyCode='21', event.keyCode='21', metaState='0')
I/AppiumUnicodeIME(  672): onKeyDown (keyCode='21', event.keyCode='21', metaState='0')
I/AppiumUnicodeIME(  672): onKeyUp (keyCode='21', event.keyCode='21', metaState='0')
I/AppiumUnicodeIME(  672): onKeyDown (keyCode='21', event.keyCode='21', metaState='0')
I/AppiumUnicodeIME(  672): onKeyUp (keyCode='21', event.keyCode='21', metaState='0')
W/AudioTrack(  527): AUDIO_OUTPUT_FLAG_FAST denied by client
I/AppiumUnicodeIME(  672): onKeyDown (keyCode='22', event.keyCode='22', metaState='0')
I/AppiumUnicodeIME(  672): onFinishInput
I/AppiumUnicodeIME(  672): onStartInput
I/ActivityManager(  527): Killing 1464:com.android.keychain/1000 (adj 15): empty #17
W/libprocessgroup(  527): failed to open /acct/uid_1000/pid_1464/cgroup.procs: No such file or directory
I/AppiumUnicodeIME(  672): onKeyUp (keyCode='22', event.keyCode='22', metaState='0')
I/AppiumUnicodeIME(  672): onKeyDown (keyCode='21', event.keyCode='21', metaState='0')
I/AppiumUnicodeIME(  672): onKeyDown (keyCode='21', event.keyCode='21', metaState='0')
I/AppiumUnicodeIME(  672): onKeyUp (keyCode='21', event.keyCode='21', metaState='0')
I/AppiumUnicodeIME(  672): onKeyDown (keyCode='21', event.keyCode='21', metaState='0')
I/AppiumUnicodeIME(  672): onKeyUp (keyCode='21', event.keyCode='21', metaState='0')
I/AppiumUnicodeIME(  672): onKeyDown (keyCode='22', event.keyCode='22', metaState='0')
I/AppiumUnicodeIME(  672): onKeyUp (keyCode='22', event.keyCode='22', metaState='0')
I/AppiumUnicodeIME(  672): onKeyDown (keyCode='22', event.keyCode='22', metaState='0')
I/AppiumUnicodeIME(  672): onKeyUp (keyCode='22', event.keyCode='22', metaState='0')
I/AppiumUnicodeIME(  672): onKeyDown (keyCode='22', event.keyCode='22', metaState='0')
I/AppiumUnicodeIME(  672): onKeyUp (keyCode='22', event.keyCode='22', metaState='0')
I/AppiumUnicodeIME(  672): onKeyDown (keyCode='20', event.keyCode='20', metaState='0')
I/AppiumUnicodeIME(  672): onKeyUp (keyCode='20', event.keyCode='20', metaState='0')
W/AudioTrack(  527): AUDIO_OUTPUT_FLAG_FAST denied by client
I/AppiumUnicodeIME(  672): onKeyDown (keyCode='22', event.keyCode='22', metaState='0')
I/AppiumUnicodeIME(  672): onFinishInput
I/AppiumUnicodeIME(  672): onStartInput
I/AppiumUnicodeIME(  672): onKeyUp (keyCode='22', event.keyCode='22', metaState='0')
I/AppiumUnicodeIME(  672): onKeyDown (keyCode='22', event.keyCode='22', metaState='0')
I/AppiumUnicodeIME(  672): onKeyUp (keyCode='22', event.keyCode='22', metaState='0')
I/AppiumUnicodeIME(  672): onKeyDown (keyCode='21', event.keyCode='21', metaState='0')
I/AppiumUnicodeIME(  672): onKeyDown (keyCode='21', event.keyCode='21', metaState='0')
I/AppiumUnicodeIME(  672): onKeyUp (keyCode='21', event.keyCode='21', metaState='0')
I/AppiumUnicodeIME(  672): onKeyDown (keyCode='21', event.keyCode='21', metaState='0')
I/AppiumUnicodeIME(  672): onKeyUp (keyCode='21', event.keyCode='21', metaState='0')
I/AppiumUnicodeIME(  672): onKeyDown (keyCode='21', event.keyCode='21', metaState='0')
I/AppiumUnicodeIME(  672): onKeyUp (keyCode='21', event.keyCode='21', metaState='0')
I/AppiumUnicodeIME(  672): onKeyDown (keyCode='21', event.keyCode='21', metaState='0')
I/AppiumUnicodeIME(  672): onKeyUp (keyCode='21', event.keyCode='21', metaState='0')
W/AudioTrack(  527): AUDIO_OUTPUT_FLAG_FAST denied by client
W/AudioTrack(  527): AUDIO_OUTPUT_FLAG_FAST denied by client
D/WifiService(  527): setWifiEnabled: false pid=636, uid=10013
E/WifiService(  527): Invoking mWifiStateMachine.setWifiEnabled
W/AudioTrack(  527): AUDIO_OUTPUT_FLAG_FAST denied by client
I/AppiumUnicodeIME(  672): onFinishInput
I/AppiumUnicodeIME(  672): onStartInput
I/AppiumUnicodeIME(  672): onKeyDown (keyCode='19', event.keyCode='19', metaState='0')
I/AppiumUnicodeIME(  672): onKeyDown (keyCode='19', event.keyCode='19', metaState='0')
I/AppiumUnicodeIME(  672): onKeyUp (keyCode='19', event.keyCode='19', metaState='0')
I/AppiumUnicodeIME(  672): onKeyDown (keyCode='19', event.keyCode='19', metaState='0')
I/AppiumUnicodeIME(  672): onKeyUp (keyCode='19', event.keyCode='19', metaState='0')
I/AppiumUnicodeIME(  672): onKeyDown (keyCode='19', event.keyCode='19', metaState='0')
I/AppiumUnicodeIME(  672): onKeyUp (keyCode='19', event.keyCode='19', metaState='0')
I/AppiumUnicodeIME(  672): onKeyDown (keyCode='181', event.keyCode='181', metaState='0')
W/AudioTrack(  527): AUDIO_OUTPUT_FLAG_FAST denied by client
E/WifiStateMachine(  527): WifiStateMachine: Leaving Connected state
E/WifiConfigStore(  527): saveWifiConfigBSSID Setting BSSID for "WiredSSID"NONE to any
I/AppiumUnicodeIME(  672): onKeyUp (keyCode='181', event.keyCode='181', metaState='0')
I/AppiumUnicodeIME(  672): onFinishInput
I/AppiumUnicodeIME(  672): onStartInput
D/CommandListener(  118): Clearing all IP addresses on eth1
E/Netd    (  118): ifc_reset_connections failed on iface eth1 for address 10.0.3.15/24 (Unknown error -1)
E/Netd    (  118): ifc_reset_connections failed on iface eth1 for address fe80::a00:27ff:fe16:647c/64 (Unknown error -1)
D/ConnectivityService(  527): NetworkAgentInfo [WIFI () - 101] EVENT_NETWORK_INFO_CHANGED, going from CONNECTED to DISCONNECTED
D/ConnectivityService(  527): NetworkAgentInfo [WIFI () - 101] got DISCONNECTED, was satisfying 2
I/AppiumUnicodeIME(  672): onKeyDown (keyCode='217', event.keyCode='217', metaState='0')
E/WifiStateMachine(  527): Unexpected BatchedScanResults :null
I/wpa_supplicant( 2055): wpa_supplicant_ctrl_iface_process truncated from 'IFNAME=eth1 DRIVER WLS_BATCHING STOP' to : 'DRIVER WLS_BATCHING STOP'
D/WifiScanningService(  527): SCAN_AVAILABLE : 1
I/wpa_supplicant( 2055): wpa_supplicant_ctrl_iface_process truncated from 'IFNAME=eth1 DRIVER BTCOEXMODE 2' to : 'DRIVER BTCOEXMODE 2'
D/RttService(  527): SCAN_AVAILABLE : 1
D/WifiScanningService(  527): DefaultState got{ when=-1ms what=160007 target=com.android.internal.util.StateMachine$SmHandler }
D/RttService(  527): EnabledState got{ when=-1ms what=160513 target=com.android.internal.util.StateMachine$SmHandler }
D/CommandListener(  118): Clearing all IP addresses on eth1
D/ConnectivityService(  527): notifyType LOST for NetworkAgentInfo [WIFI () - 101]
D/CSLegacyTypeTracker(  527): Sending disconnected broadcast for type 1 NetworkAgentInfo [WIFI () - 101] isDefaultNetwork=true
D/ConnectivityService(  527): sendStickyBroadcast: action=android.net.conn.CONNECTIVITY_CHANGE_IMMEDIATE
D/NetworkMonitor/NetworkAgentInfo [WIFI () - 101](  527): EvaluatingState{ when=0 what=532487 target=com.android.internal.util.StateMachine$SmHandler }
D/NetworkMonitor/NetworkAgentInfo [WIFI () - 101](  527): DefaultState{ when=0 what=532487 target=com.android.internal.util.StateMachine$SmHandler }
D/NetworkMonitor/NetworkAgentInfo [WIFI () - 101](  527): Disconnected - quitting
D/ConnectivityService(  527): sendStickyBroadcast: action=android.net.conn.CONNECTIVITY_CHANGE
D/ConnectivityManager.CallbackHandler(  636): CM callback handler got msg 524292
D/ConnectivityService(  527): sendStickyBroadcast: action=android.net.conn.CONNECTIVITY_CHANGE_IMMEDIATE
W/BroadcastQueue(  527): Skipping deliver [background] BroadcastRecord{1c8b58e7 u-1 android.net.conn.CONNECTIVITY_CHANGE} to ReceiverList{1d57846f 1788 (unknown name)/0/u-1 remote:37c95450}: process crashing
D/Tethering(  527): MasterInitialState.processMessage what=3
D/awcn.NetworkStatusMonitor( 1331):  receiver:android.net.conn.CONNECTIVITY_CHANGE
D/awcn.NetworkStatusMonitor( 1331):  [checkNetworkStatus]
D/awcn.NetworkStatusMonitor( 1217):  receiver:android.net.conn.CONNECTIVITY_CHANGE
D/ConnectivityService(  527): sendStickyBroadcast: action=android.net.conn.CONNECTIVITY_CHANGE
D/awcn.NetworkStatusMonitor( 1124):  receiver:android.net.conn.CONNECTIVITY_CHANGE
D/awcn.NetworkStatusMonitor( 1217):  [checkNetworkStatus]
D/awcn.NetworkStatusMonitor( 1124):  [checkNetworkStatus]
D/ConnectivityService(  527): Checking for replacement network to handle request NetworkRequest [ id=1, legacyType=-1, [ Capabilities: INTERNET&NOT_RESTRICTED&TRUSTED&NOT_VPN] ]
I/awcn.NetworkStatusMonitor( 1331):  checkNetworkStatus NO NETWORK
I/awcn.NetworkStatusMonitor( 1331):  Network Status Change WIFI ===>>> NO
I/awcn.NetworkStatusMonitor( 1124):  checkNetworkStatus NO NETWORK
I/awcn.NetworkStatusMonitor( 1217):  checkNetworkStatus NO NETWORK
I/awcn.NetworkStatusMonitor( 1217):  Network Status Change WIFI ===>>> NO
I/awcn.NetworkStatusHelper( 1124):  
I/awcn.NetworkStatusHelper( 1124): Network detail*******************************
I/awcn.NetworkStatusHelper( 1124): Status: NO
I/awcn.NetworkStatusHelper( 1124): Subtype: no network
I/awcn.NetworkStatusHelper( 1124): *********************************************
I/awcn.NetworkStatusHelper( 1331):  
I/awcn.NetworkStatusHelper( 1331): 
I/awcn.NetworkStatusHelper( 1331): Network detail***********************
I/awcn.NetworkStatusHelper( 1331): status: NO
I/awcn.NetworkStatusHelper( 1331):  BSSID: 01:80:c2:00:00:03
I/awcn.NetworkStatusHelper( 1331):  SSID: "WiredSSID"
I/awcn.NetworkStatusHelper( 1331): ******************************************
D/awcn.SessionCenter( 1331):  onNetworkStatusChanged networkStatus:NO
I/awcn.NetworkStatusHelper( 1217):  
I/awcn.NetworkStatusHelper( 1217): 
I/awcn.NetworkStatusHelper( 1217): Network detail***********************
I/awcn.NetworkStatusHelper( 1217): status: NO
I/awcn.NetworkStatusHelper( 1217):  BSSID: 01:80:c2:00:00:03
I/awcn.NetworkStatusHelper( 1217):  SSID: "WiredSSID"
I/awcn.NetworkStatusHelper( 1217): ******************************************
D/awcn.SessionCenter( 1331):  [reCreateSession]
I/awcn.SessionCenter( 1331):  recreate session failed: infos is empty
D/awcn.SessionCenter( 1217):  onNetworkStatusChanged networkStatus:NO
D/awcn.SessionCenter( 1217):  [reCreateSession]
D/awcn.AccsSessionManager( 1331):  app is background not need check accs session, return bg:true
E/awcn.SessionCenter( 1124): |[seq:[default]] onNetworkStatusChanged. reCreateSession networkStatus:NO
I/awcn.SessionCenter( 1217):  recreate session failed: infos is empty
I/awcn.AccsSessionManager( 1217):  call back is null
I/awcn.SessionCenter( 1124): |[seq:[default]] recreate session failed: infos is empty
E/ConnectivityService(  527): EVENT_NETWORK_INFO_CHANGED from unknown NetworkAgent
D/ConnectivityService(  527): setProvNotificationVisibleIntent: E visible=false networkType=0 extraInfo=null
W/BroadcastQueue(  527): Skipping deliver [background] BroadcastRecord{6156c94 u-1 android.net.conn.CONNECTIVITY_CHANGE} to ReceiverList{1d57846f 1788 (unknown name)/0/u-1 remote:37c95450}: process crashing
D/Tethering(  527): MasterInitialState.processMessage what=3
D/awcn.NetworkStatusMonitor( 1217):  receiver:android.net.conn.CONNECTIVITY_CHANGE
D/awcn.NetworkStatusMonitor( 1124):  receiver:android.net.conn.CONNECTIVITY_CHANGE
D/awcn.NetworkStatusMonitor( 1331):  receiver:android.net.conn.CONNECTIVITY_CHANGE
D/awcn.AccsSessionManager( 1124): |[seq:[default]] network is not available, not need check accs session, return network:false
D/awcn.NetworkStatusMonitor( 1331):  [checkNetworkStatus]
E/awcn.SessionCenter( 1124): |[seq:umeng:56aadbf567e58e38d4000976] onNetworkStatusChanged. reCreateSession networkStatus:NO
I/awcn.SessionCenter( 1124): |[seq:umeng:56aadbf567e58e38d4000976] recreate session failed: infos is empty
I/awcn.NetworkStatusMonitor( 1331):  checkNetworkStatus NO NETWORK
E/WifiStateMachine(  527): SupplicantStoppingState: stopSupplicant  init.svc.wpa_supplicant=unknown init.svc.p2p_supplicant=unknown
D/awcn.NetworkStatusMonitor( 1217):  [checkNetworkStatus]
D/awcn.AccsSessionManager( 1124): |[seq:umeng:56aadbf567e58e38d4000976] network is not available, not need check accs session, return network:false
D/awcn.NetworkStatusMonitor( 1124):  [checkNetworkStatus]
D/ConnectivityManager( 1082): getMobileDataEnabled()+ subId=1
I/awcn.NetworkStatusMonitor( 1217):  checkNetworkStatus NO NETWORK
I/awcn.NetworkStatusMonitor( 1124):  checkNetworkStatus NO NETWORK
D/PhoneInterfaceManager(  741): [PhoneIntfMgr] getDataEnabled: subId=1 phoneId=0
D/PhoneInterfaceManager(  741): [PhoneIntfMgr] getDataEnabled: subId=1 retVal=true
D/ConnectivityManager( 1082): getMobileDataEnabled()- subId=1 retVal=true
D/WifiNetworkAgent(  527): NetworkAgent: NetworkAgent channel lost
I/wpa_supplicant( 2055): eth1: CTRL-EVENT-DISCONNECTED bssid=01:80:c2:00:00:03 reason=3 locally_generated=1
D/PhoneInterfaceManager(  741): [PhoneIntfMgr] getDataEnabled: subId=1 phoneId=0
D/PhoneInterfaceManager(  741): [PhoneIntfMgr] getDataEnabled: subId=1 retVal=true
D/TelephonyManager(  527): getDataEnabled: retVal=true
D/accs.BaseReceiver( 1124):  onReceive
D/accs.ReceiverImpl( 1124):  ReceiverImpl onReceive begin......
D/accs.AdapterGlobalClientInfo( 1124):  getAgooCustomServiceName name:com.umeng.message.UmengIntentService
E/GpsLocationProvider(  527): No APN found to select.
D/accs.AdapterGlobalClientInfo( 1124):  getAgooCustomServiceName name:com.umeng.message.UmengIntentService
I/accs.ElectionServiceImpl( 1124):  onStartCommand begin action:android.net.conn.CONNECTIVITY_CHANGE
I/accs.OrangeAdapter( 1124):  isElectionEnable result:false
I/accs.OrangeAdapter( 1124):  isElectionEnable result:false
I/accs.ElectionServiceImpl( 1124):  deliver to channelservice host pkg:
I/accs.ServiceImpl( 1124):  onHostStartCommand:Intent { act=android.net.conn.CONNECTIVITY_CHANGE flg=0x4000010 cmp=com.zzl.falcon.internal/com.taobao.accs.ChannelService (has extras) }
