W/ViewRootImpl( 1239): Cancelling event due to no window focus: KeyEvent { action=ACTION_UP, keyCode=KEYCODE_DPAD_RIGHT, scanCode=0, metaState=0, flags=0x28, repeatCount=0, eventTime=48966, downTime=48966, deviceId=-1, source=0x101 }
W/ViewRootImpl( 1239): Cancelling event due to no window focus: KeyEvent { action=ACTION_UP, keyCode=KEYCODE_DPAD_RIGHT, scanCode=0, metaState=0, flags=0x28, repeatCount=0, eventTime=48966, downTime=48966, deviceId=-1, source=0x101 }
W/ViewRootImpl( 1239): Cancelling event due to no window focus: KeyEvent { action=ACTION_UP, keyCode=KEYCODE_DPAD_RIGHT, scanCode=0, metaState=0, flags=0x28, repeatCount=0, eventTime=48966, downTime=48966, deviceId=-1, source=0x101 }
W/ViewRootImpl( 1239): Cancelling event due to no window focus: KeyEvent { action=ACTION_UP, keyCode=KEYCODE_DPAD_RIGHT, scanCode=0, metaState=0, flags=0x28, repeatCount=0, eventTime=48966, downTime=48966, deviceId=-1, source=0x101 }
W/ViewRootImpl( 1239): Cancelling event due to no window focus: KeyEvent { action=ACTION_UP, keyCode=KEYCODE_DPAD_RIGHT, scanCode=0, metaState=0, flags=0x28, repeatCount=0, eventTime=48966, downTime=48966, deviceId=-1, source=0x101 }
W/ViewRootImpl( 1239): Dropping event due to no window focus: MotionEvent { action=ACTION_MOVE, id[0]=0, x[0]=-4.0, y[0]=3.0, toolType[0]=TOOL_TYPE_UNKNOWN, buttonState=0, metaState=0, flags=0x0, edgeFlags=0x0, pointerCount=1, historySize=10, eventTime=49025, downTime=-1, deviceId=0, source=0x10004 }
I/ActivityManager(  527): START u0 {act=android.intent.action.MAIN cat=[android.intent.category.LAUNCHER] flg=0x10000000 cmp=com.android.calendar/.AllInOneActivity sel=act=android.intent.action.MAIN cat=[android.intent.category.APP_CALENDAR]}} from uid 1000 on display 0
W/InputMethodManagerService(  527): Focus gain on non-focused client com.android.internal.view.IInputMethodClient$Stub$Proxy@3a84136e (uid=10068 pid=1239)
W/EGL_emulation(  636): eglSurfaceAttrib not implemented
W/OpenGLRenderer(  636): Failed to set EGL_SWAP_BEHAVIOR on surface 0xee8c1420, error=EGL_SUCCESS
W/ViewRootImpl( 1239): Dropping event due to no window focus: KeyEvent { action=ACTION_DOWN, keyCode=KEYCODE_DPAD_DOWN, scanCode=0, metaState=0, flags=0x400, repeatCount=0, eventTime=49104, downTime=49104, deviceId=-1, source=0x101 }
W/ViewRootImpl( 1239): Cancelling event due to no window focus: KeyEvent { action=ACTION_UP, keyCode=KEYCODE_DPAD_DOWN, scanCode=0, metaState=0, flags=0x420, repeatCount=0, eventTime=49104, downTime=49104, deviceId=-1, source=0x101 }
W/ViewRootImpl( 1239): Cancelling event due to no window focus: KeyEvent { action=ACTION_UP, keyCode=KEYCODE_DPAD_DOWN, scanCode=0, metaState=0, flags=0x420, repeatCount=0, eventTime=49104, downTime=49104, deviceId=-1, source=0x101 }
W/ViewRootImpl( 1239): Cancelling event due to no window focus: KeyEvent { action=ACTION_UP, keyCode=KEYCODE_DPAD_DOWN, scanCode=0, metaState=0, flags=0x420, repeatCount=0, eventTime=49104, downTime=49104, deviceId=-1, source=0x101 }
W/ViewRootImpl( 1239): Dropping event due to no window focus: KeyEvent { action=ACTION_DOWN, keyCode=KEYCODE_DPAD_DOWN, scanCode=0, metaState=0, flags=0x400, repeatCount=0, eventTime=49104, downTime=49104, deviceId=-1, source=0x101 }
W/ViewRootImpl( 1239): Cancelling event due to no window focus: KeyEvent { action=ACTION_UP, keyCode=KEYCODE_DPAD_DOWN, scanCode=0, metaState=0, flags=0x420, repeatCount=0, eventTime=49104, downTime=49104, deviceId=-1, source=0x101 }
W/ViewRootImpl( 1239): Cancelling event due to no window focus: KeyEvent { action=ACTION_UP, keyCode=KEYCODE_DPAD_DOWN, scanCode=0, metaState=0, flags=0x420, repeatCount=0, eventTime=49104, downTime=49104, deviceId=-1, source=0x101 }
W/ViewRootImpl( 1239): Cancelling event due to no window focus: KeyEvent { action=ACTION_UP, keyCode=KEYCODE_DPAD_DOWN, scanCode=0, metaState=0, flags=0x420, repeatCount=0, eventTime=49104, downTime=49104, deviceId=-1, source=0x101 }
W/ViewRootImpl( 1239): Dropping event due to no window focus: KeyEvent { action=ACTION_DOWN, keyCode=KEYCODE_DPAD_DOWN, scanCode=0, metaState=0, flags=0x400, repeatCount=0, eventTime=49104, downTime=49104, deviceId=-1, source=0x101 }
W/ViewRootImpl( 1239): Cancelling event due to no window focus: KeyEvent { action=ACTION_UP, keyCode=KEYCODE_DPAD_DOWN, scanCode=0, metaState=0, flags=0x420, repeatCount=0, eventTime=49104, downTime=49104, deviceId=-1, source=0x101 }
W/ViewRootImpl( 1239): Cancelling event due to no window focus: KeyEvent { action=ACTION_UP, keyCode=KEYCODE_DPAD_DOWN, scanCode=0, metaState=0, flags=0x420, repeatCount=0, eventTime=49104, downTime=49104, deviceId=-1, source=0x101 }
I/AppiumUnicodeIME(  672): onKeyUp (keyCode='20', event.keyCode='20', metaState='0')
W/ViewRootImpl( 1239): Cancelling event due to no window focus: KeyEvent { action=ACTION_UP, keyCode=KEYCODE_DPAD_DOWN, scanCode=0, metaState=0, flags=0x420, repeatCount=0, eventTime=49104, downTime=49104, deviceId=-1, source=0x101 }
I/AppiumUnicodeIME(  672): onKeyUp (keyCode='20', event.keyCode='20', metaState='0')
W/ViewRootImpl( 1239): Dropping event due to no window focus: KeyEvent { action=ACTION_DOWN, keyCode=KEYCODE_DPAD_DOWN, scanCode=0, metaState=0, flags=0x400, repeatCount=0, eventTime=49104, downTime=49104, deviceId=-1, source=0x101 }
I/AppiumUnicodeIME(  672): onKeyUp (keyCode='20', event.keyCode='20', metaState='0')
W/ViewRootImpl( 1239): Cancelling event due to no window focus: KeyEvent { action=ACTION_UP, keyCode=KEYCODE_DPAD_DOWN, scanCode=0, metaState=0, flags=0x420, repeatCount=0, eventTime=49104, downTime=49104, deviceId=-1, source=0x101 }
W/ViewRootImpl( 1239): Cancelling event due to no window focus: KeyEvent { action=ACTION_UP, keyCode=KEYCODE_DPAD_DOWN, scanCode=0, metaState=0, flags=0x420, repeatCount=0, eventTime=49104, downTime=49104, deviceId=-1, source=0x101 }
W/ViewRootImpl( 1239): Cancelling event due to no window focus: KeyEvent { action=ACTION_UP, keyCode=KEYCODE_DPAD_DOWN, scanCode=0, metaState=0, flags=0x420, repeatCount=0, eventTime=49104, downTime=49104, deviceId=-1, source=0x101 }
I/AppiumUnicodeIME(  672): onKeyUp (keyCode='20', event.keyCode='20', metaState='0')
W/EGL_emulation( 1882): eglSurfaceAttrib not implemented
W/OpenGLRenderer( 1882): Failed to set EGL_SWAP_BEHAVIOR on surface 0xf3f62840, error=EGL_SUCCESS
W/ViewRootImpl( 1882): Cancelling event due to no window focus: KeyEvent { action=ACTION_UP, keyCode=KEYCODE_CALENDAR, scanCode=0, metaState=0, flags=0x28, repeatCount=0, eventTime=49057, downTime=49057, deviceId=-1, source=0x101 }
W/ViewRootImpl( 1882): Cancelling event due to no window focus: KeyEvent { action=ACTION_UP, keyCode=KEYCODE_CALENDAR, scanCode=0, metaState=0, flags=0x28, repeatCount=0, eventTime=49057, downTime=49057, deviceId=-1, source=0x101 }
W/ViewRootImpl( 1882): Cancelling event due to no window focus: KeyEvent { action=ACTION_UP, keyCode=KEYCODE_CALENDAR, scanCode=0, metaState=0, flags=0x28, repeatCount=0, eventTime=49057, downTime=49057, deviceId=-1, source=0x101 }
W/ViewRootImpl( 1882): Cancelling event due to no window focus: KeyEvent { action=ACTION_UP, keyCode=KEYCODE_CALENDAR, scanCode=0, metaState=0, flags=0x28, repeatCount=0, eventTime=49057, downTime=49057, deviceId=-1, source=0x101 }
W/ViewRootImpl( 1882): Cancelling event due to no window focus: KeyEvent { action=ACTION_UP, keyCode=KEYCODE_CALENDAR, scanCode=0, metaState=0, flags=0x28, repeatCount=0, eventTime=49057, downTime=49057, deviceId=-1, source=0x101 }
W/ViewRootImpl( 1882): Cancelling event due to no window focus: KeyEvent { action=ACTION_UP, keyCode=KEYCODE_CALENDAR, scanCode=0, metaState=0, flags=0x28, repeatCount=0, eventTime=49057, downTime=49057, deviceId=-1, source=0x101 }
W/ViewRootImpl( 1882): Cancelling event due to no window focus: KeyEvent { action=ACTION_UP, keyCode=KEYCODE_CALENDAR, scanCode=0, metaState=0, flags=0x28, repeatCount=0, eventTime=49057, downTime=49057, deviceId=-1, source=0x101 }
W/ViewRootImpl( 1882): Cancelling event due to no window focus: KeyEvent { action=ACTION_UP, keyCode=KEYCODE_CALENDAR, scanCode=0, metaState=0, flags=0x28, repeatCount=0, eventTime=49057, downTime=49057, deviceId=-1, source=0x101 }
W/ViewRootImpl( 1882): Cancelling event due to no window focus: KeyEvent { action=ACTION_UP, keyCode=KEYCODE_CALENDAR, scanCode=0, metaState=0, flags=0x28, repeatCount=0, eventTime=49057, downTime=49057, deviceId=-1, source=0x101 }
W/ViewRootImpl( 1239): Cancelling event due to no window focus: KeyEvent { action=ACTION_UP, keyCode=KEYCODE_DPAD_DOWN, scanCode=0, metaState=0, flags=0x420, repeatCount=0, eventTime=49104, downTime=49104, deviceId=-1, source=0x101 }
W/ViewRootImpl( 1239): Cancelling event due to no window focus: KeyEvent { action=ACTION_UP, keyCode=KEYCODE_DPAD_DOWN, scanCode=0, metaState=0, flags=0x420, repeatCount=0, eventTime=49104, downTime=49104, deviceId=-1, source=0x101 }
W/ViewRootImpl( 1239): Cancelling event due to no window focus: KeyEvent { action=ACTION_UP, keyCode=KEYCODE_DPAD_DOWN, scanCode=0, metaState=0, flags=0x420, repeatCount=0, eventTime=49104, downTime=49104, deviceId=-1, source=0x101 }
W/ViewRootImpl( 1239): Cancelling event due to no window focus: KeyEvent { action=ACTION_UP, keyCode=KEYCODE_DPAD_DOWN, scanCode=0, metaState=0, flags=0x420, repeatCount=0, eventTime=49104, downTime=49104, deviceId=-1, source=0x101 }
W/ViewRootImpl( 1239): Cancelling event due to no window focus: KeyEvent { action=ACTION_UP, keyCode=KEYCODE_DPAD_DOWN, scanCode=0, metaState=0, flags=0x420, repeatCount=0, eventTime=49104, downTime=49104, deviceId=-1, source=0x101 }
W/ViewRootImpl( 1239): Cancelling event due to no window focus: KeyEvent { action=ACTION_UP, keyCode=KEYCODE_DPAD_DOWN, scanCode=0, metaState=0, flags=0x420, repeatCount=0, eventTime=49104, downTime=49104, deviceId=-1, source=0x101 }
W/ViewRootImpl( 1239): Cancelling event due to no window focus: KeyEvent { action=ACTION_UP, keyCode=KEYCODE_DPAD_DOWN, scanCode=0, metaState=0, flags=0x420, repeatCount=0, eventTime=49104, downTime=49104, deviceId=-1, source=0x101 }
W/ViewRootImpl( 1239): Cancelling event due to no window focus: KeyEvent { action=ACTION_UP, keyCode=KEYCODE_DPAD_DOWN, scanCode=0, metaState=0, flags=0x420, repeatCount=0, eventTime=49104, downTime=49104, deviceId=-1, source=0x101 }
W/ViewRootImpl( 1239): Cancelling event due to no window focus: KeyEvent { action=ACTION_UP, keyCode=KEYCODE_DPAD_DOWN, scanCode=0, metaState=0, flags=0x420, repeatCount=0, eventTime=49104, downTime=49104, deviceId=-1, source=0x101 }
W/ViewRootImpl( 1239): Cancelling event due to no window focus: KeyEvent { action=ACTION_UP, keyCode=KEYCODE_DPAD_DOWN, scanCode=0, metaState=0, flags=0x420, repeatCount=0, eventTime=49104, downTime=49104, deviceId=-1, source=0x101 }
W/ViewRootImpl( 1239): Cancelling event due to no window focus: KeyEvent { action=ACTION_UP, keyCode=KEYCODE_DPAD_DOWN, scanCode=0, metaState=0, flags=0x420, repeatCount=0, eventTime=49104, downTime=49104, deviceId=-1, source=0x101 }
W/ViewRootImpl( 1239): Cancelling event due to no window focus: KeyEvent { action=ACTION_UP, keyCode=KEYCODE_DPAD_DOWN, scanCode=0, metaState=0, flags=0x420, repeatCount=0, eventTime=49104, downTime=49104, deviceId=-1, source=0x101 }
W/ViewRootImpl( 1239): Cancelling event due to no window focus: KeyEvent { action=ACTION_UP, keyCode=KEYCODE_DPAD_DOWN, scanCode=0, metaState=0, flags=0x420, repeatCount=0, eventTime=49104, downTime=49104, deviceId=-1, source=0x101 }
W/ViewRootImpl( 1239): Cancelling event due to no window focus: KeyEvent { action=ACTION_UP, keyCode=KEYCODE_DPAD_DOWN, scanCode=0, metaState=0, flags=0x420, repeatCount=0, eventTime=49104, downTime=49104, deviceId=-1, source=0x101 }
W/ViewRootImpl( 1239): Cancelling event due to no window focus: KeyEvent { action=ACTION_UP, keyCode=KEYCODE_DPAD_DOWN, scanCode=0, metaState=0, flags=0x420, repeatCount=0, eventTime=49104, downTime=49104, deviceId=-1, source=0x101 }
W/ViewRootImpl( 1239): Cancelling event due to no window focus: KeyEvent { action=ACTION_UP, keyCode=KEYCODE_DPAD_DOWN, scanCode=0, metaState=0, flags=0x420, repeatCount=0, eventTime=49104, downTime=49104, deviceId=-1, source=0x101 }
W/ViewRootImpl( 1239): Cancelling event due to no window focus: KeyEvent { action=ACTION_UP, keyCode=KEYCODE_DPAD_DOWN, scanCode=0, metaState=0, flags=0x420, repeatCount=0, eventTime=49104, downTime=49104, deviceId=-1, source=0x101 }
W/ViewRootImpl( 1239): Cancelling event due to no window focus: KeyEvent { action=ACTION_UP, keyCode=KEYCODE_DPAD_DOWN, scanCode=0, metaState=0, flags=0x420, repeatCount=0, eventTime=49104, downTime=49104, deviceId=-1, source=0x101 }
W/ViewRootImpl( 1239): Cancelling event due to no window focus: KeyEvent { action=ACTION_UP, keyCode=KEYCODE_DPAD_DOWN, scanCode=0, metaState=0, flags=0x420, repeatCount=0, eventTime=49104, downTime=49104, deviceId=-1, source=0x101 }
W/ViewRootImpl( 1239): Cancelling event due to no window focus: KeyEvent { action=ACTION_UP, keyCode=KEYCODE_DPAD_DOWN, scanCode=0, metaState=0, flags=0x420, repeatCount=0, eventTime=49104, downTime=49104, deviceId=-1, source=0x101 }
W/ViewRootImpl( 1239): Cancelling event due to no window focus: KeyEvent { action=ACTION_UP, keyCode=KEYCODE_DPAD_DOWN, scanCode=0, metaState=0, flags=0x420, repeatCount=0, eventTime=49104, downTime=49104, deviceId=-1, source=0x101 }
W/ViewRootImpl( 1239): Cancelling event due to no window focus: KeyEvent { action=ACTION_UP, keyCode=KEYCODE_DPAD_DOWN, scanCode=0, metaState=0, flags=0x420, repeatCount=0, eventTime=49104, downTime=49104, deviceId=-1, source=0x101 }
W/ViewRootImpl( 1239): Cancelling event due to no window focus: KeyEvent { action=ACTION_UP, keyCode=KEYCODE_DPAD_DOWN, scanCode=0, metaState=0, flags=0x420, repeatCount=0, eventTime=49104, downTime=49104, deviceId=-1, source=0x101 }
W/ViewRootImpl( 1239): Cancelling event due to no window focus: KeyEvent { action=ACTION_UP, keyCode=KEYCODE_DPAD_DOWN, scanCode=0, metaState=0, flags=0x420, repeatCount=0, eventTime=49104, downTime=49104, deviceId=-1, source=0x101 }
W/ViewRootImpl( 1882): Dropping event due to no window focus: KeyEvent { action=ACTION_DOWN, keyCode=KEYCODE_DPAD_UP, scanCode=0, metaState=0, flags=0x8, repeatCount=0, eventTime=49119, downTime=49119, deviceId=-1, source=0x101 }
I/AppiumUnicodeIME(  672): onKeyUp (keyCode='19', event.keyCode='19', metaState='0')
I/AppiumUnicodeIME(  672): onKeyDown (keyCode='23', event.keyCode='23', metaState='0')
I/AppiumUnicodeIME(  672): onFinishInput
I/AppiumUnicodeIME(  672): onStartInput
I/AppiumUnicodeIME(  672): onKeyUp (keyCode='23', event.keyCode='23', metaState='0')
W/IInputConnectionWrapper( 1239): showStatusIcon on inactive InputConnection
I/AppiumUnicodeIME(  672): onKeyDown (keyCode='68', event.keyCode='68', metaState='0')
I/AppiumUnicodeIME(  672): onKeyUp (keyCode='68', event.keyCode='68', metaState='0')
D/ForegroundCallbacks( 1239): went background
I/AppiumUnicodeIME(  672): onKeyDown (keyCode='110', event.keyCode='110', metaState='0')
I/AppiumUnicodeIME(  672): onKeyDown (keyCode='82', event.keyCode='82', metaState='0')
I/AppiumUnicodeIME(  672): onKeyUp (keyCode='110', event.keyCode='110', metaState='0')
I/AppiumUnicodeIME(  672): onKeyUp (keyCode='82', event.keyCode='82', metaState='0')
I/AppiumUnicodeIME(  672): onKeyDown (keyCode='22', event.keyCode='22', metaState='0')
I/AppiumUnicodeIME(  672): onKeyUp (keyCode='22', event.keyCode='22', metaState='0')
I/AppiumUnicodeIME(  672): onKeyDown (keyCode='21', event.keyCode='21', metaState='0')
I/AppiumUnicodeIME(  672): onKeyUp (keyCode='21', event.keyCode='21', metaState='0')
I/AppiumUnicodeIME(  672): onKeyDown (keyCode='21', event.keyCode='21', metaState='0')
I/AppiumUnicodeIME(  672): onKeyUp (keyCode='21', event.keyCode='21', metaState='0')
I/AppiumUnicodeIME(  672): onKeyDown (keyCode='19', event.keyCode='19', metaState='0')
I/AppiumUnicodeIME(  672): onKeyUp (keyCode='19', event.keyCode='19', metaState='0')
I/AppiumUnicodeIME(  672): onKeyDown (keyCode='19', event.keyCode='19', metaState='0')
I/AppiumUnicodeIME(  672): onKeyUp (keyCode='19', event.keyCode='19', metaState='0')
I/AppiumUnicodeIME(  672): onKeyDown (keyCode='160', event.keyCode='160', metaState='0')
I/AppiumUnicodeIME(  672): onKeyDown (keyCode='66', event.keyCode='66', metaState='0')
I/AppiumUnicodeIME(  672): onKeyUp (keyCode='160', event.keyCode='160', metaState='0')
I/AppiumUnicodeIME(  672): onKeyUp (keyCode='66', event.keyCode='66', metaState='0')
I/AppiumUnicodeIME(  672): onKeyDown (keyCode='139', event.keyCode='139', metaState='0')
I/AppiumUnicodeIME(  672): onKeyUp (keyCode='139', event.keyCode='139', metaState='0')
I/AppiumUnicodeIME(  672): onKeyDown (keyCode='71', event.keyCode='71', metaState='0')
I/AppiumUnicodeIME(  672): onKeyUp (keyCode='71', event.keyCode='71', metaState='0')
I/AppiumUnicodeIME(  672): onKeyDown (keyCode='22', event.keyCode='22', metaState='0')
I/AppiumUnicodeIME(  672): onKeyUp (keyCode='22', event.keyCode='22', metaState='0')
I/AppiumUnicodeIME(  672): onKeyDown (keyCode='19', event.keyCode='19', metaState='0')
I/AppiumUnicodeIME(  672): onKeyUp (keyCode='19', event.keyCode='19', metaState='0')
I/AppiumUnicodeIME(  672): onKeyDown (keyCode='22', event.keyCode='22', metaState='0')
I/AppiumUnicodeIME(  672): onKeyUp (keyCode='22', event.keyCode='22', metaState='0')
I/ActivityManager(  527): START u0 {act=android.intent.action.MAIN cat=[android.intent.category.HOME] flg=0x10200000 cmp=com.android.launcher3/.Launcher} from uid 1000 on display 0
I/AppiumUnicodeIME(  672): onKeyDown (keyCode='21', event.keyCode='21', metaState='0')
I/AppiumUnicodeIME(  672): onKeyUp (keyCode='21', event.keyCode='21', metaState='0')
I/AppiumUnicodeIME(  672): onKeyDown (keyCode='21', event.keyCode='21', metaState='0')
I/AppiumUnicodeIME(  672): onKeyUp (keyCode='21', event.keyCode='21', metaState='0')
W/ResourceType(  636): No package identifier when getting value for resource number 0x00000000
W/PackageManager(  636): Failure retrieving resources for com.zzl.falcon.internal: Resource ID #0x0
I/AppiumUnicodeIME(  672): onKeyDown (keyCode='19', event.keyCode='19', metaState='0')
I/AppiumUnicodeIME(  672): onKeyUp (keyCode='19', event.keyCode='19', metaState='0')
I/ActivityManager(  527): START u0 {act=android.intent.action.MAIN cat=[android.intent.category.LAUNCHER] flg=0x10200000 cmp=com.zzl.falcon.internal/com.zzl.falcon.EntranceActivity} from uid 0 on display 0
I/awcn.ComponentCallbacks2( 1239):  onTrimMemory level:20
I/awcn.SessionCenter( 1239): |[seq:[default]] [background]
I/awcn.StrategyCenter( 1239):  saveData
I/awcn.SessionCenter( 1239): |[seq:umeng:56aadbf567e58e38d4000976] [background]
I/awcn.StrategyCenter( 1239):  saveData
D/        (  527): HostConnection::get() New Host Connection established 0xdbc1b360, tid 560
E/EGL_emulation(  502): tid 502: eglCreateSyncKHR(1209): error 0x3004 (EGL_BAD_ATTRIBUTE)
I/AppiumUnicodeIME(  672): onKeyDown (keyCode='190', event.keyCode='190', metaState='0')
I/AppiumUnicodeIME(  672): onKeyDown (keyCode='23', event.keyCode='23', metaState='0')
I/AppiumUnicodeIME(  672): onKeyUp (keyCode='190', event.keyCode='190', metaState='0')
I/AppiumUnicodeIME(  672): onKeyUp (keyCode='23', event.keyCode='23', metaState='0')
I/AppiumUnicodeIME(  672): onKeyDown (keyCode='20', event.keyCode='20', metaState='0')
I/AppiumUnicodeIME(  672): onKeyUp (keyCode='20', event.keyCode='20', metaState='0')
I/InputDispatcher(  527): Dropping event because there is no touchable window at (650, 368).
W/InputManager(  527): Input event injection from pid 1788 failed.
W/InputManager(  527): Input event injection from pid 1788 failed.
D/ForegroundCallbacks( 1239): went foreground
I/awcn.SessionCenter( 1239): |[seq:[default]] [forground]
I/awcn.SessionCenter( 1239): |[seq:umeng:56aadbf567e58e38d4000976] [forground]
D/awcn.StrategyCenter( 1239):  getSchemeByHost host:umengacs.m.taobao.com scheme:https
D/awcn.SessionCenter( 1239): |[seq:umeng:56aadbf567e58e38d4000976] getInternal u:https://umengacs.m.taobao.com TypeClass:SPDY timeout:0
D/awcn.StrategyCenter( 1239):  getSchemeByHost host:umengacs.m.taobao.com scheme:https
D/awcn.SessionCenter( 1239): |[seq:umeng:56aadbf567e58e38d4000976] get internal hit cache session session:Session@[umeng:56aadbf567e58e38d4000976.AWCN1_1|http2_0rtt_acs]
W/EGL_emulation( 1239): eglSurfaceAttrib not implemented
W/OpenGLRenderer( 1239): Failed to set EGL_SWAP_BEHAVIOR on surface 0xddc58380, error=EGL_SUCCESS
W/ViewRootImpl( 1239): Dropping event due to no window focus: KeyEvent { action=ACTION_DOWN, keyCode=KEYCODE_SLASH, scanCode=0, metaState=0, flags=0x8, repeatCount=0, eventTime=50187, downTime=50187, deviceId=-1, source=0x101 }
I/AppiumUnicodeIME(  672): onFinishInput
I/AppiumUnicodeIME(  672): onStartInput
I/AppiumUnicodeIME(  672): onKeyUp (keyCode='76', event.keyCode='76', metaState='0')
I/ActivityManager(  527): START u0 {act=android.intent.action.MAIN cat=[android.intent.category.HOME] flg=0x10200000 cmp=com.android.launcher3/.Launcher} from uid 1000 on display 0
I/ActivityManager(  527): START u0 {cmp=com.zzl.falcon.internal/com.zzl.falcon.setting.FeedbackActivity} from uid 10068 on display 0
W/AudioTrack(  527): AUDIO_OUTPUT_FLAG_FAST denied by client
V/WindowManager(  527): addAppToken: AppWindowToken{3e5ba533 token=Token{320a4a2 ActivityRecord{48b506d u0 com.zzl.falcon.internal/com.zzl.falcon.setting.FeedbackActivity t31}}} to stack=1 task=31 at 1
I/art     ( 1239): Explicit concurrent mark sweep GC freed 45800(2MB) AllocSpace objects, 22(3MB) LOS objects, 40% free, 10MB/17MB, paused 875us total 62.631ms
I/AppiumUnicodeIME(  672): onKeyDown (keyCode='82', event.keyCode='82', metaState='0')
I/AppiumUnicodeIME(  672): onKeyUp (keyCode='82', event.keyCode='82', metaState='0')
V/WindowManager(  527): Adding window Window{39198669 u0 SubPanel:com.zzl.falcon.internal/com.zzl.falcon.MainActivity} at 4 of 9 (after Window{334e0074 u0 com.zzl.falcon.internal/com.zzl.falcon.MainActivity})
W/AudioTrack(  527): AUDIO_OUTPUT_FLAG_FAST denied by client
D/ForegroundCallbacks( 1239): still foreground
V/WindowManager(  527): Adding window Window{3aa1618f u0 com.zzl.falcon.internal/com.zzl.falcon.setting.FeedbackActivity} at 5 of 10 (after Window{39198669 u0 SubPanel:com.zzl.falcon.internal/com.zzl.falcon.MainActivity})
W/EGL_emulation( 1239): eglSurfaceAttrib not implemented
W/OpenGLRenderer( 1239): Failed to set EGL_SWAP_BEHAVIOR on surface 0xdf7a4aa0, error=EGL_SUCCESS
W/EGL_emulation( 1239): eglSurfaceAttrib not implemented
W/OpenGLRenderer( 1239): Failed to set EGL_SWAP_BEHAVIOR on surface 0xddc1a9a0, error=EGL_SUCCESS
I/InputDispatcher(  527): Dropped event because of pending overdue app switch.
W/InputManager(  527): Input event injection from pid 1788 failed.
W/ViewRootImpl( 1239): Cancelling event due to no window focus: KeyEvent { action=ACTION_UP, keyCode=KEYCODE_MENU, scanCode=0, metaState=0, flags=0x28, repeatCount=0, eventTime=50406, downTime=50406, deviceId=-1, source=0x101 }
W/ViewRootImpl( 1239): Cancelling event due to no window focus: KeyEvent { action=ACTION_UP, keyCode=KEYCODE_MENU, scanCode=0, metaState=0, flags=0x28, repeatCount=0, eventTime=50406, downTime=50406, deviceId=-1, source=0x101 }
W/ViewRootImpl( 1239): Cancelling event due to no window focus: KeyEvent { action=ACTION_UP, keyCode=KEYCODE_MENU, scanCode=0, metaState=0, flags=0x28, repeatCount=0, eventTime=50406, downTime=50406, deviceId=-1, source=0x101 }
W/ViewRootImpl( 1239): Cancelling event due to no window focus: KeyEvent { action=ACTION_UP, keyCode=KEYCODE_MENU, scanCode=0, metaState=0, flags=0x28, repeatCount=0, eventTime=50406, downTime=50406, deviceId=-1, source=0x101 }
W/ViewRootImpl( 1239): Cancelling event due to no window focus: KeyEvent { action=ACTION_UP, keyCode=KEYCODE_MENU, scanCode=0, metaState=0, flags=0x28, repeatCount=0, eventTime=50406, downTime=50406, deviceId=-1, source=0x101 }
W/ViewRootImpl( 1239): Cancelling event due to no window focus: KeyEvent { action=ACTION_UP, keyCode=KEYCODE_MENU, scanCode=0, metaState=0, flags=0x28, repeatCount=0, eventTime=50406, downTime=50406, deviceId=-1, source=0x101 }
E/com.umeng.message.UTrack( 1239): RegistrationId is empty
E/com.umeng.message.UTrack( 1239): RegistrationId is empty
W/ViewRootImpl( 1239): Cancelling event due to no window focus: KeyEvent { action=ACTION_UP, keyCode=KEYCODE_F, scanCode=0, metaState=0, flags=0x28, repeatCount=0, eventTime=50767, downTime=50767, deviceId=-1, source=0x101 }
W/ViewRootImpl( 1239): Cancelling event due to no window focus: KeyEvent { action=ACTION_UP, keyCode=KEYCODE_F, scanCode=0, metaState=0, flags=0x28, repeatCount=0, eventTime=50767, downTime=50767, deviceId=-1, source=0x101 }
W/ViewRootImpl( 1239): Cancelling event due to no window focus: KeyEvent { action=ACTION_UP, keyCode=KEYCODE_F, scanCode=0, metaState=0, flags=0x28, repeatCount=0, eventTime=50767, downTime=50767, deviceId=-1, source=0x101 }
W/ViewRootImpl( 1239): Cancelling event due to no window focus: KeyEvent { action=ACTION_UP, keyCode=KEYCODE_F, scanCode=0, metaState=0, flags=0x28, repeatCount=0, eventTime=50767, downTime=50767, deviceId=-1, source=0x101 }
W/ViewRootImpl( 1239): Cancelling event due to no window focus: KeyEvent { action=ACTION_UP, keyCode=KEYCODE_F, scanCode=0, metaState=0, flags=0x28, repeatCount=0, eventTime=50767, downTime=50767, deviceId=-1, source=0x101 }
W/ViewRootImpl( 1239): Cancelling event due to no window focus: KeyEvent { action=ACTION_UP, keyCode=KEYCODE_F, scanCode=0, metaState=0, flags=0x28, repeatCount=0, eventTime=50767, downTime=50767, deviceId=-1, source=0x101 }
W/ViewRootImpl( 1239): Cancelling event due to no window focus: KeyEvent { action=ACTION_UP, keyCode=KEYCODE_F, scanCode=0, metaState=0, flags=0x28, repeatCount=0, eventTime=50767, downTime=50767, deviceId=-1, source=0x101 }
W/ViewRootImpl( 1239): Cancelling event due to no window focus: KeyEvent { action=ACTION_UP, keyCode=KEYCODE_F, scanCode=0, metaState=0, flags=0x28, repeatCount=0, eventTime=50767, downTime=50767, deviceId=-1, source=0x101 }
W/ViewRootImpl( 1239): Cancelling event due to no window focus: KeyEvent { action=ACTION_UP, keyCode=KEYCODE_F, scanCode=0, metaState=0, flags=0x28, repeatCount=0, eventTime=50767, downTime=50767, deviceId=-1, source=0x101 }
W/ViewRootImpl( 1239): Dropping event due to no window focus: KeyEvent { action=ACTION_DOWN, keyCode=KEYCODE_DPAD_RIGHT, scanCode=0, metaState=0, flags=0x8, repeatCount=0, eventTime=50785, downTime=50785, deviceId=-1, source=0x101 }
W/ViewRootImpl( 1239): Cancelling event due to no window focus: KeyEvent { action=ACTION_UP, keyCode=KEYCODE_DPAD_RIGHT, scanCode=0, metaState=0, flags=0x28, repeatCount=0, eventTime=50792, downTime=50792, deviceId=-1, source=0x101 }
W/ViewRootImpl( 1239): Cancelling event due to no window focus: KeyEvent { action=ACTION_UP, keyCode=KEYCODE_DPAD_RIGHT, scanCode=0, metaState=0, flags=0x28, repeatCount=0, eventTime=50792, downTime=50792, deviceId=-1, source=0x101 }
W/ViewRootImpl( 1239): Cancelling event due to no window focus: KeyEvent { action=ACTION_UP, keyCode=KEYCODE_DPAD_RIGHT, scanCode=0, metaState=0, flags=0x28, repeatCount=0, eventTime=50792, downTime=50792, deviceId=-1, source=0x101 }
W/ViewRootImpl( 1239): Cancelling event due to no window focus: KeyEvent { action=ACTION_UP, keyCode=KEYCODE_DPAD_RIGHT, scanCode=0, metaState=0, flags=0x28, repeatCount=0, eventTime=50792, downTime=50792, deviceId=-1, source=0x101 }
W/ViewRootImpl( 1239): Cancelling event due to no window focus: KeyEvent { action=ACTION_UP, keyCode=KEYCODE_DPAD_RIGHT, scanCode=0, metaState=0, flags=0x28, repeatCount=0, eventTime=50792, downTime=50792, deviceId=-1, source=0x101 }
W/ViewRootImpl( 1239): Cancelling event due to no window focus: KeyEvent { action=ACTION_UP, keyCode=KEYCODE_DPAD_RIGHT, scanCode=0, metaState=0, flags=0x28, repeatCount=0, eventTime=50792, downTime=50792, deviceId=-1, source=0x101 }
W/ViewRootImpl( 1239): Cancelling event due to no window focus: KeyEvent { action=ACTION_UP, keyCode=KEYCODE_DPAD_RIGHT, scanCode=0, metaState=0, flags=0x28, repeatCount=0, eventTime=50792, downTime=50792, deviceId=-1, source=0x101 }
W/ViewRootImpl( 1239): Cancelling event due to no window focus: KeyEvent { action=ACTION_UP, keyCode=KEYCODE_DPAD_RIGHT, scanCode=0, metaState=0, flags=0x28, repeatCount=0, eventTime=50792, downTime=50792, deviceId=-1, source=0x101 }
W/ViewRootImpl( 1239): Cancelling event due to no window focus: KeyEvent { action=ACTION_UP, keyCode=KEYCODE_DPAD_RIGHT, scanCode=0, metaState=0, flags=0x28, repeatCount=0, eventTime=50792, downTime=50792, deviceId=-1, source=0x101 }
I/ActivityManager(  527): Displayed com.zzl.falcon.internal/com.zzl.falcon.setting.FeedbackActivity: +276ms
I/AppiumUnicodeIME(  672): onFinishInput
I/AppiumUnicodeIME(  672): onStartInput
I/AppiumUnicodeIME(  672): onKeyDown (keyCode='22', event.keyCode='22', metaState='0')
W/AudioTrack(  527): AUDIO_OUTPUT_FLAG_FAST denied by client
I/AppiumUnicodeIME(  672): onFinishInput
I/AppiumUnicodeIME(  672): onStartInput
I/AppiumUnicodeIME(  672): onKeyUp (keyCode='22', event.keyCode='22', metaState='0')
D/PhoneStatusBar(  636): disable: < expand ICONS* alerts SYSTEM_INFO* back home recent clock search >
I/AppiumUnicodeIME(  672): onKeyDown (keyCode='23', event.keyCode='23', metaState='0')
I/AppiumUnicodeIME(  672): onKeyUp (keyCode='23', event.keyCode='23', metaState='0')
W/AudioTrack(  527): AUDIO_OUTPUT_FLAG_FAST denied by client
W/EGL_emulation(  636): eglSurfaceAttrib not implemented
W/OpenGLRenderer(  636): Failed to set EGL_SWAP_BEHAVIOR on surface 0xee8c1420, error=EGL_SUCCESS
W/ViewRootImpl(  636): Cancelling event due to no window focus: KeyEvent { action=ACTION_UP, keyCode=KEYCODE_DPAD_CENTER, scanCode=0, metaState=0, flags=0x28, repeatCount=0, eventTime=51046, downTime=51046, deviceId=-1, source=0x101 }
W/ViewRootImpl(  636): Cancelling event due to no window focus: KeyEvent { action=ACTION_UP, keyCode=KEYCODE_DPAD_CENTER, scanCode=0, metaState=0, flags=0x28, repeatCount=0, eventTime=51046, downTime=51046, deviceId=-1, source=0x101 }
W/ViewRootImpl(  636): Cancelling event due to no window focus: KeyEvent { action=ACTION_UP, keyCode=KEYCODE_DPAD_CENTER, scanCode=0, metaState=0, flags=0x28, repeatCount=0, eventTime=51046, downTime=51046, deviceId=-1, source=0x101 }
W/ViewRootImpl(  636): Cancelling event due to no window focus: KeyEvent { action=ACTION_UP, keyCode=KEYCODE_DPAD_CENTER, scanCode=0, metaState=0, flags=0x28, repeatCount=0, eventTime=51046, downTime=51046, deviceId=-1, source=0x101 }
W/ViewRootImpl(  636): Cancelling event due to no window focus: KeyEvent { action=ACTION_UP, keyCode=KEYCODE_DPAD_CENTER, scanCode=0, metaState=0, flags=0x28, repeatCount=0, eventTime=51046, downTime=51046, deviceId=-1, source=0x101 }
W/ViewRootImpl(  636): Cancelling event due to no window focus: KeyEvent { action=ACTION_UP, keyCode=KEYCODE_DPAD_CENTER, scanCode=0, metaState=0, flags=0x28, repeatCount=0, eventTime=51046, downTime=51046, deviceId=-1, source=0x101 }
W/ViewRootImpl(  636): Cancelling event due to no window focus: KeyEvent { action=ACTION_UP, keyCode=KEYCODE_DPAD_CENTER, scanCode=0, metaState=0, flags=0x28, repeatCount=0, eventTime=51046, downTime=51046, deviceId=-1, source=0x101 }
W/ViewRootImpl(  636): Cancelling event due to no window focus: KeyEvent { action=ACTION_UP, keyCode=KEYCODE_DPAD_CENTER, scanCode=0, metaState=0, flags=0x28, repeatCount=0, eventTime=51046, downTime=51046, deviceId=-1, source=0x101 }
W/ViewRootImpl(  636): Cancelling event due to no window focus: KeyEvent { action=ACTION_UP, keyCode=KEYCODE_DPAD_CENTER, scanCode=0, metaState=0, flags=0x28, repeatCount=0, eventTime=51046, downTime=51046, deviceId=-1, source=0x101 }
W/ViewRootImpl(  636): Dropping event due to no window focus: MotionEvent { action=ACTION_MOVE, id[0]=0, x[0]=-3.0, y[0]=3.0, toolType[0]=TOOL_TYPE_UNKNOWN, buttonState=0, metaState=0, flags=0x0, edgeFlags=0x0, pointerCount=1, historySize=19, eventTime=51142, downTime=-1, deviceId=0, source=0x10004 }
W/ViewRootImpl(  636): Dropping event due to no window focus: KeyEvent { action=ACTION_DOWN, keyCode=KEYCODE_MENU, scanCode=0, metaState=0, flags=0x8, repeatCount=0, eventTime=51143, downTime=51143, deviceId=-1, source=0x101 }
W/EGL_emulation( 1239): eglSurfaceAttrib not implemented
W/OpenGLRenderer( 1239): Failed to set EGL_SWAP_BEHAVIOR on surface 0xddc1a100, error=EGL_SUCCESS
I/ActivityManager(  527): START u0 {act=android.intent.action.CALL_BUTTON flg=0x10000000 cmp=com.android.dialer/.DialtactsActivity} from uid 10013 on display 0
W/ViewRootImpl( 1239): Dropping event due to no window focus: KeyEvent { action=ACTION_DOWN, keyCode=KEYCODE_DPAD_RIGHT, scanCode=0, metaState=0, flags=0x8, repeatCount=0, eventTime=51584, downTime=51584, deviceId=-1, source=0x101 }
W/ViewRootImpl( 1239): Cancelling event due to no window focus: KeyEvent { action=ACTION_UP, keyCode=KEYCODE_DPAD_RIGHT, scanCode=0, metaState=0, flags=0x28, repeatCount=0, eventTime=51596, downTime=51596, deviceId=-1, source=0x101 }
W/ViewRootImpl( 1239): Cancelling event due to no window focus: KeyEvent { action=ACTION_UP, keyCode=KEYCODE_DPAD_RIGHT, scanCode=0, metaState=0, flags=0x28, repeatCount=0, eventTime=51596, downTime=51596, deviceId=-1, source=0x101 }
W/ViewRootImpl( 1239): Cancelling event due to no window focus: KeyEvent { action=ACTION_UP, keyCode=KEYCODE_DPAD_RIGHT, scanCode=0, metaState=0, flags=0x28, repeatCount=0, eventTime=51596, downTime=51596, deviceId=-1, source=0x101 }
I/AppiumUnicodeIME(  672): onKeyUp (keyCode='22', event.keyCode='22', metaState='0')
W/ViewRootImpl( 1239): Cancelling event due to no window focus: KeyEvent { action=ACTION_UP, keyCode=KEYCODE_DPAD_RIGHT, scanCode=0, metaState=0, flags=0x28, repeatCount=0, eventTime=51596, downTime=51596, deviceId=-1, source=0x101 }
W/ViewRootImpl( 1239): Cancelling event due to no window focus: KeyEvent { action=ACTION_UP, keyCode=KEYCODE_DPAD_RIGHT, scanCode=0, metaState=0, flags=0x28, repeatCount=0, eventTime=51596, downTime=51596, deviceId=-1, source=0x101 }
W/ViewRootImpl( 1239): Cancelling event due to no window focus: KeyEvent { action=ACTION_UP, keyCode=KEYCODE_DPAD_RIGHT, scanCode=0, metaState=0, flags=0x28, repeatCount=0, eventTime=51596, downTime=51596, deviceId=-1, source=0x101 }
W/ViewRootImpl( 1239): Cancelling event due to no window focus: KeyEvent { action=ACTION_UP, keyCode=KEYCODE_DPAD_RIGHT, scanCode=0, metaState=0, flags=0x28, repeatCount=0, eventTime=51596, downTime=51596, deviceId=-1, source=0x101 }
W/ViewRootImpl( 1239): Cancelling event due to no window focus: KeyEvent { action=ACTION_UP, keyCode=KEYCODE_DPAD_RIGHT, scanCode=0, metaState=0, flags=0x28, repeatCount=0, eventTime=51596, downTime=51596, deviceId=-1, source=0x101 }
W/ViewRootImpl( 1239): Cancelling event due to no window focus: KeyEvent { action=ACTION_UP, keyCode=KEYCODE_DPAD_RIGHT, scanCode=0, metaState=0, flags=0x28, repeatCount=0, eventTime=51596, downTime=51596, deviceId=-1, source=0x101 }
W/ViewRootImpl( 1239): Dropping event due to no window focus: KeyEvent { action=ACTION_DOWN, keyCode=KEYCODE_DPAD_LEFT, scanCode=0, metaState=0, flags=0x8, repeatCount=0, eventTime=51598, downTime=51598, deviceId=-1, source=0x101 }
W/ViewRootImpl( 1239): Cancelling event due to no window focus: KeyEvent { action=ACTION_UP, keyCode=KEYCODE_DPAD_LEFT, scanCode=0, metaState=0, flags=0x28, repeatCount=0, eventTime=51599, downTime=51599, deviceId=-1, source=0x101 }
W/ViewRootImpl( 1239): Cancelling event due to no window focus: KeyEvent { action=ACTION_UP, keyCode=KEYCODE_DPAD_LEFT, scanCode=0, metaState=0, flags=0x28, repeatCount=0, eventTime=51599, downTime=51599, deviceId=-1, source=0x101 }
W/ViewRootImpl( 1239): Cancelling event due to no window focus: KeyEvent { action=ACTION_UP, keyCode=KEYCODE_DPAD_LEFT, scanCode=0, metaState=0, flags=0x28, repeatCount=0, eventTime=51599, downTime=51599, deviceId=-1, source=0x101 }
I/AppiumUnicodeIME(  672): onKeyUp (keyCode='21', event.keyCode='21', metaState='0')
W/ViewRootImpl( 1239): Cancelling event due to no window focus: KeyEvent { action=ACTION_UP, keyCode=KEYCODE_DPAD_LEFT, scanCode=0, metaState=0, flags=0x28, repeatCount=0, eventTime=51599, downTime=51599, deviceId=-1, source=0x101 }
W/ViewRootImpl( 1239): Cancelling event due to no window focus: KeyEvent { action=ACTION_UP, keyCode=KEYCODE_DPAD_LEFT, scanCode=0, metaState=0, flags=0x28, repeatCount=0, eventTime=51599, downTime=51599, deviceId=-1, source=0x101 }
W/ViewRootImpl( 1239): Cancelling event due to no window focus: KeyEvent { action=ACTION_UP, keyCode=KEYCODE_DPAD_LEFT, scanCode=0, metaState=0, flags=0x28, repeatCount=0, eventTime=51599, downTime=51599, deviceId=-1, source=0x101 }
W/ViewRootImpl( 1239): Cancelling event due to no window focus: KeyEvent { action=ACTION_UP, keyCode=KEYCODE_DPAD_LEFT, scanCode=0, metaState=0, flags=0x28, repeatCount=0, eventTime=51599, downTime=51599, deviceId=-1, source=0x101 }
W/ViewRootImpl( 1239): Cancelling event due to no window focus: KeyEvent { action=ACTION_UP, keyCode=KEYCODE_DPAD_LEFT, scanCode=0, metaState=0, flags=0x28, repeatCount=0, eventTime=51599, downTime=51599, deviceId=-1, source=0x101 }
W/ViewRootImpl( 1239): Cancelling event due to no window focus: KeyEvent { action=ACTION_UP, keyCode=KEYCODE_DPAD_LEFT, scanCode=0, metaState=0, flags=0x28, repeatCount=0, eventTime=51599, downTime=51599, deviceId=-1, source=0x101 }
W/InputMethodManagerService(  527): Window already focused, ignoring focus gain of: com.android.internal.view.IInputMethodClient$Stub$Proxy@6c401aa attribute=android.view.inputmethod.EditorInfo@d72b19b, token = android.os.BinderProxy@350868ee
I/AppiumUnicodeIME(  672): onFinishInput
I/AppiumUnicodeIME(  672): onStartInput
I/ActivityManager(  527): START u0 {act=android.intent.action.MAIN cat=[android.intent.category.LAUNCHER] flg=0x10200000 cmp=com.zzl.falcon.internal/com.zzl.falcon.EntranceActivity} from uid 0 on display 0
I/AppiumUnicodeIME(  672): onKeyDown (keyCode='21', event.keyCode='21', metaState='0')
I/AppiumUnicodeIME(  672): onKeyDown (keyCode='21', event.keyCode='21', metaState='0')
I/AppiumUnicodeIME(  672): onKeyUp (keyCode='21', event.keyCode='21', metaState='0')
I/AppiumUnicodeIME(  672): onKeyDown (keyCode='21', event.keyCode='21', metaState='0')
I/AppiumUnicodeIME(  672): onKeyUp (keyCode='21', event.keyCode='21', metaState='0')
I/AppiumUnicodeIME(  672): onKeyDown (keyCode='21', event.keyCode='21', metaState='0')
I/AppiumUnicodeIME(  672): onKeyUp (keyCode='21', event.keyCode='21', metaState='0')
I/AppiumUnicodeIME(  672): onKeyDown (keyCode='21', event.keyCode='21', metaState='0')
I/AppiumUnicodeIME(  672): onKeyUp (keyCode='21', event.keyCode='21', metaState='0')
I/AppiumUnicodeIME(  672): onFinishInput
I/AppiumUnicodeIME(  672): onStartInput
I/AppiumUnicodeIME(  672): onKeyDown (keyCode='22', event.keyCode='22', metaState='0')
W/AudioTrack(  527): AUDIO_OUTPUT_FLAG_FAST denied by client
I/AppiumUnicodeIME(  672): onFinishInput
I/AppiumUnicodeIME(  672): onStartInput
I/AppiumUnicodeIME(  672): onKeyUp (keyCode='22', event.keyCode='22', metaState='0')
I/AppiumUnicodeIME(  672): onKeyDown (keyCode='82', event.keyCode='82', metaState='0')
I/AppiumUnicodeIME(  672): onKeyUp (keyCode='82', event.keyCode='82', metaState='0')
I/AppiumUnicodeIME(  672): onKeyDown (keyCode='22', event.keyCode='22', metaState='0')
I/AppiumUnicodeIME(  672): onKeyUp (keyCode='22', event.keyCode='22', metaState='0')
I/AppiumUnicodeIME(  672): onKeyDown (keyCode='231', event.keyCode='231', metaState='0')
W/AudioTrack(  527): AUDIO_OUTPUT_FLAG_FAST denied by client
I/ActivityManager(  527): START u0 {act=android.speech.action.WEB_SEARCH} from uid 1000 on display 0
I/AppiumUnicodeIME(  672): onKeyUp (keyCode='231', event.keyCode='231', metaState='0')
I/AppiumUnicodeIME(  672): onKeyDown (keyCode='23', event.keyCode='23', metaState='0')
I/AppiumUnicodeIME(  672): onKeyUp (keyCode='23', event.keyCode='23', metaState='0')
W/AudioTrack(  527): AUDIO_OUTPUT_FLAG_FAST denied by client
I/AppiumUnicodeIME(  672): onKeyDown (keyCode='21', event.keyCode='21', metaState='0')
I/AppiumUnicodeIME(  672): onKeyUp (keyCode='21', event.keyCode='21', metaState='0')
W/AudioTrack(  527): AUDIO_OUTPUT_FLAG_FAST denied by client
I/AppiumUnicodeIME(  672): onFinishInput
I/AppiumUnicodeIME(  672): onStartInput
I/AppiumUnicodeIME(  672): onKeyDown (keyCode='20', event.keyCode='20', metaState='0')
I/AppiumUnicodeIME(  672): onKeyDown (keyCode='20', event.keyCode='20', metaState='0')
I/AppiumUnicodeIME(  672): onKeyUp (keyCode='20', event.keyCode='20', metaState='0')
I/AppiumUnicodeIME(  672): onKeyDown (keyCode='20', event.keyCode='20', metaState='0')
I/AppiumUnicodeIME(  672): onKeyUp (keyCode='20', event.keyCode='20', metaState='0')
I/AppiumUnicodeIME(  672): onKeyDown (keyCode='20', event.keyCode='20', metaState='0')
I/AppiumUnicodeIME(  672): onKeyUp (keyCode='20', event.keyCode='20', metaState='0')
W/AudioTrack(  527): AUDIO_OUTPUT_FLAG_FAST denied by client
I/AppiumUnicodeIME(  672): onFinishInput
I/AppiumUnicodeIME(  672): onStartInput
I/AppiumUnicodeIME(  672): onKeyDown (keyCode='21', event.keyCode='21', metaState='0')
I/AppiumUnicodeIME(  672): onKeyDown (keyCode='21', event.keyCode='21', metaState='0')
I/AppiumUnicodeIME(  672): onKeyUp (keyCode='21', event.keyCode='21', metaState='0')
I/AppiumUnicodeIME(  672): onKeyDown (keyCode='21', event.keyCode='21', metaState='0')
I/AppiumUnicodeIME(  672): onKeyUp (keyCode='21', event.keyCode='21', metaState='0')
I/AppiumUnicodeIME(  672): onKeyDown (keyCode='21', event.keyCode='21', metaState='0')
I/AppiumUnicodeIME(  672): onKeyUp (keyCode='21', event.keyCode='21', metaState='0')
I/AppiumUnicodeIME(  672): onKeyDown (keyCode='21', event.keyCode='21', metaState='0')
I/AppiumUnicodeIME(  672): onFinishInput
I/AppiumUnicodeIME(  672): onStartInput
I/AppiumUnicodeIME(  672): onKeyUp (keyCode='21', event.keyCode='21', metaState='0')
W/AudioTrack(  527): AUDIO_OUTPUT_FLAG_FAST denied by client
I/AppiumUnicodeIME(  672): onKeyDown (keyCode='4', event.keyCode='4', metaState='0')
I/AppiumUnicodeIME(  672): onKeyUp (keyCode='4', event.keyCode='4', metaState='0')
I/AppiumUnicodeIME(  672): onKeyDown (keyCode='22', event.keyCode='22', metaState='0')
I/AppiumUnicodeIME(  672): onKeyUp (keyCode='22', event.keyCode='22', metaState='0')
W/AudioTrack(  527): AUDIO_OUTPUT_FLAG_FAST denied by client
D/ForegroundCallbacks( 1239): still foreground
I/AppiumUnicodeIME(  672): onKeyDown (keyCode='24', event.keyCode='24', metaState='0')
I/AppiumUnicodeIME(  672): onFinishInput
I/AppiumUnicodeIME(  672): onStartInput
W/AudioTrack(  527): AUDIO_OUTPUT_FLAG_FAST denied by client
W/EGL_emulation( 1239): eglSurfaceAttrib not implemented
W/OpenGLRenderer( 1239): Failed to set EGL_SWAP_BEHAVIOR on surface 0xddc1a9e0, error=EGL_SUCCESS
W/EGL_emulation( 1239): eglSurfaceAttrib not implemented
W/OpenGLRenderer( 1239): Failed to set EGL_SWAP_BEHAVIOR on surface 0xddc1a140, error=EGL_SUCCESS
W/ViewRootImpl( 1239): Cancelling event due to no window focus: KeyEvent { action=ACTION_UP, keyCode=KEYCODE_VOLUME_UP, scanCode=0, metaState=0, flags=0x28, repeatCount=0, eventTime=52075, downTime=52075, deviceId=-1, source=0x101 }
W/ViewRootImpl( 1239): Cancelling event due to no window focus: KeyEvent { action=ACTION_UP, keyCode=KEYCODE_VOLUME_UP, scanCode=0, metaState=0, flags=0x28, repeatCount=0, eventTime=52075, downTime=52075, deviceId=-1, source=0x101 }
W/ViewRootImpl( 1239): Cancelling event due to no window focus: KeyEvent { action=ACTION_UP, keyCode=KEYCODE_VOLUME_UP, scanCode=0, metaState=0, flags=0x28, repeatCount=0, eventTime=52075, downTime=52075, deviceId=-1, source=0x101 }
I/AppiumUnicodeIME(  672): onKeyUp (keyCode='24', event.keyCode='24', metaState='0')
I/AppiumUnicodeIME(  672): onKeyUp (keyCode='24', event.keyCode='24', metaState='0')
W/ViewRootImpl( 1239): Cancelling event due to no window focus: KeyEvent { action=ACTION_UP, keyCode=KEYCODE_VOLUME_UP, scanCode=0, metaState=0, flags=0x28, repeatCount=0, eventTime=52075, downTime=52075, deviceId=-1, source=0x101 }
W/ViewRootImpl( 1239): Cancelling event due to no window focus: KeyEvent { action=ACTION_UP, keyCode=KEYCODE_VOLUME_UP, scanCode=0, metaState=0, flags=0x28, repeatCount=0, eventTime=52075, downTime=52075, deviceId=-1, source=0x101 }
W/ViewRootImpl( 1239): Cancelling event due to no window focus: KeyEvent { action=ACTION_UP, keyCode=KEYCODE_VOLUME_UP, scanCode=0, metaState=0, flags=0x28, repeatCount=0, eventTime=52075, downTime=52075, deviceId=-1, source=0x101 }
W/ViewRootImpl( 1239): Dropping event due to no window focus: KeyEvent { action=ACTION_DOWN, keyCode=KEYCODE_DPAD_CENTER, scanCode=0, metaState=0, flags=0x8, repeatCount=0, eventTime=52130, downTime=52130, deviceId=-1, source=0x101 }
W/ViewRootImpl( 1239): Cancelling event due to no window focus: KeyEvent { action=ACTION_UP, keyCode=KEYCODE_DPAD_CENTER, scanCode=0, metaState=0, flags=0x28, repeatCount=0, eventTime=52213, downTime=52213, deviceId=-1, source=0x101 }
W/ViewRootImpl( 1239): Cancelling event due to no window focus: KeyEvent { action=ACTION_UP, keyCode=KEYCODE_DPAD_CENTER, scanCode=0, metaState=0, flags=0x28, repeatCount=0, eventTime=52213, downTime=52213, deviceId=-1, source=0x101 }
W/ViewRootImpl( 1239): Cancelling event due to no window focus: KeyEvent { action=ACTION_UP, keyCode=KEYCODE_DPAD_CENTER, scanCode=0, metaState=0, flags=0x28, repeatCount=0, eventTime=52213, downTime=52213, deviceId=-1, source=0x101 }
I/AppiumUnicodeIME(  672): onKeyUp (keyCode='23', event.keyCode='23', metaState='0')
I/AppiumUnicodeIME(  672): onFinishInput
I/AppiumUnicodeIME(  672): onStartInput
I/AppiumUnicodeIME(  672): onKeyDown (keyCode='20', event.keyCode='20', metaState='0')
I/AppiumUnicodeIME(  672): onKeyUp (keyCode='20', event.keyCode='20', metaState='0')
W/AudioTrack(  527): AUDIO_OUTPUT_FLAG_FAST denied by client
I/AppiumUnicodeIME(  672): onKeyDown (keyCode='21', event.keyCode='21', metaState='0')
I/AppiumUnicodeIME(  672): onKeyUp (keyCode='21', event.keyCode='21', metaState='0')
I/AppiumUnicodeIME(  672): onKeyDown (keyCode='21', event.keyCode='21', metaState='0')
I/AppiumUnicodeIME(  672): onKeyUp (keyCode='21', event.keyCode='21', metaState='0')
W/AudioTrack(  527): AUDIO_OUTPUT_FLAG_FAST denied by client
W/AudioTrack(  527): AUDIO_OUTPUT_FLAG_FAST denied by client
I/AppiumUnicodeIME(  672): onFinishInput
I/AppiumUnicodeIME(  672): onStartInput
W/ViewRootImpl( 1239): Dropping event due to no window focus: KeyEvent { action=ACTION_DOWN, keyCode=KEYCODE_SEARCH, scanCode=0, metaState=0, flags=0x8, repeatCount=0, eventTime=52401, downTime=52401, deviceId=-1, source=0x101 }
W/ViewRootImpl( 1239): Cancelling event due to no window focus: KeyEvent { action=ACTION_UP, keyCode=KEYCODE_SEARCH, scanCode=0, metaState=0, flags=0x28, repeatCount=0, eventTime=52441, downTime=52441, deviceId=-1, source=0x101 }
W/ViewRootImpl( 1239): Cancelling event due to no window focus: KeyEvent { action=ACTION_UP, keyCode=KEYCODE_SEARCH, scanCode=0, metaState=0, flags=0x28, repeatCount=0, eventTime=52441, downTime=52441, deviceId=-1, source=0x101 }
W/ViewRootImpl( 1239): Cancelling event due to no window focus: KeyEvent { action=ACTION_UP, keyCode=KEYCODE_SEARCH, scanCode=0, metaState=0, flags=0x28, repeatCount=0, eventTime=52441, downTime=52441, deviceId=-1, source=0x101 }
W/ViewRootImpl( 1239): Cancelling event due to no window focus: KeyEvent { action=ACTION_UP, keyCode=KEYCODE_SEARCH, scanCode=0, metaState=0, flags=0x28, repeatCount=0, eventTime=52441, downTime=52441, deviceId=-1, source=0x101 }
W/ViewRootImpl( 1239): Cancelling event due to no window focus: KeyEvent { action=ACTION_UP, keyCode=KEYCODE_SEARCH, scanCode=0, metaState=0, flags=0x28, repeatCount=0, eventTime=52441, downTime=52441, deviceId=-1, source=0x101 }
W/ViewRootImpl( 1239): Cancelling event due to no window focus: KeyEvent { action=ACTION_UP, keyCode=KEYCODE_SEARCH, scanCode=0, metaState=0, flags=0x28, repeatCount=0, eventTime=52441, downTime=52441, deviceId=-1, source=0x101 }
W/ViewRootImpl( 1239): Cancelling event due to no window focus: KeyEvent { action=ACTION_UP, keyCode=KEYCODE_SEARCH, scanCode=0, metaState=0, flags=0x28, repeatCount=0, eventTime=52441, downTime=52441, deviceId=-1, source=0x101 }
W/ViewRootImpl( 1239): Cancelling event due to no window focus: KeyEvent { action=ACTION_UP, keyCode=KEYCODE_SEARCH, scanCode=0, metaState=0, flags=0x28, repeatCount=0, eventTime=52441, downTime=52441, deviceId=-1, source=0x101 }
W/ViewRootImpl( 1239): Cancelling event due to no window focus: KeyEvent { action=ACTION_UP, keyCode=KEYCODE_SEARCH, scanCode=0, metaState=0, flags=0x28, repeatCount=0, eventTime=52441, downTime=52441, deviceId=-1, source=0x101 }
W/ViewRootImpl( 1239): Cancelling event due to no window focus: KeyEvent { action=ACTION_UP, keyCode=KEYCODE_DPAD_LEFT, scanCode=0, metaState=0, flags=0x28, repeatCount=0, eventTime=52399, downTime=52399, deviceId=-1, source=0x101 }
W/ViewRootImpl( 1239): Cancelling event due to no window focus: KeyEvent { action=ACTION_UP, keyCode=KEYCODE_DPAD_LEFT, scanCode=0, metaState=0, flags=0x28, repeatCount=0, eventTime=52399, downTime=52399, deviceId=-1, source=0x101 }
W/ViewRootImpl( 1239): Cancelling event due to no window focus: KeyEvent { action=ACTION_UP, keyCode=KEYCODE_DPAD_LEFT, scanCode=0, metaState=0, flags=0x28, repeatCount=0, eventTime=52399, downTime=52399, deviceId=-1, source=0x101 }
W/ViewRootImpl( 1239): Cancelling event due to no window focus: KeyEvent { action=ACTION_UP, keyCode=KEYCODE_DPAD_LEFT, scanCode=0, metaState=0, flags=0x28, repeatCount=0, eventTime=52399, downTime=52399, deviceId=-1, source=0x101 }
