E/EGL_emulation(  504): tid 504: eglCreateSyncKHR(1209): error 0x3004 (EGL_BAD_ATTRIBUTE)
D/ForegroundCallbacks( 1257): went foreground
I/awcn.SessionCenter( 1257): |[seq:[default]] [forground]
I/awcn.SessionCenter( 1257): |[seq:umeng:56aadbf567e58e38d4000976] [forground]
D/awcn.StrategyCenter( 1257):  getSchemeByHost host:umengacs.m.taobao.com scheme:https
D/awcn.SessionCenter( 1257): |[seq:umeng:56aadbf567e58e38d4000976] getInternal u:https://umengacs.m.taobao.com TypeClass:SPDY timeout:0
D/awcn.StrategyCenter( 1257):  getSchemeByHost host:umengacs.m.taobao.com scheme:https
D/awcn.SessionCenter( 1257): |[seq:umeng:56aadbf567e58e38d4000976] get internal hit cache session session:Session@[umeng:56aadbf567e58e38d4000976.AWCN2_1|http2_0rtt_acs]
W/EGL_emulation( 1257): eglSurfaceAttrib not implemented
W/OpenGLRenderer( 1257): Failed to set EGL_SWAP_BEHAVIOR on surface 0xded12de0, error=EGL_SUCCESS
W/ViewRootImpl( 1257): Cancelling event due to no window focus: KeyEvent { action=ACTION_UP, keyCode=KEYCODE_DPAD_UP, scanCode=0, metaState=0, flags=0x28, repeatCount=0, eventTime=62111731, downTime=62111731, deviceId=-1, source=0x101 }
W/ViewRootImpl( 1257): Cancelling event due to no window focus: KeyEvent { action=ACTION_UP, keyCode=KEYCODE_DPAD_UP, scanCode=0, metaState=0, flags=0x28, repeatCount=0, eventTime=62111731, downTime=62111731, deviceId=-1, source=0x101 }
W/ViewRootImpl( 1257): Cancelling event due to no window focus: KeyEvent { action=ACTION_UP, keyCode=KEYCODE_DPAD_UP, scanCode=0, metaState=0, flags=0x28, repeatCount=0, eventTime=62111731, downTime=62111731, deviceId=-1, source=0x101 }
W/ViewRootImpl( 1257): Cancelling event due to no window focus: KeyEvent { action=ACTION_UP, keyCode=KEYCODE_DPAD_UP, scanCode=0, metaState=0, flags=0x28, repeatCount=0, eventTime=62111731, downTime=62111731, deviceId=-1, source=0x101 }
W/ViewRootImpl( 1257): Cancelling event due to no window focus: KeyEvent { action=ACTION_UP, keyCode=KEYCODE_DPAD_UP, scanCode=0, metaState=0, flags=0x28, repeatCount=0, eventTime=62111731, downTime=62111731, deviceId=-1, source=0x101 }
W/ViewRootImpl( 1257): Cancelling event due to no window focus: KeyEvent { action=ACTION_UP, keyCode=KEYCODE_DPAD_UP, scanCode=0, metaState=0, flags=0x28, repeatCount=0, eventTime=62111731, downTime=62111731, deviceId=-1, source=0x101 }
W/ViewRootImpl( 1257): Cancelling event due to no window focus: KeyEvent { action=ACTION_UP, keyCode=KEYCODE_DPAD_UP, scanCode=0, metaState=0, flags=0x28, repeatCount=0, eventTime=62111731, downTime=62111731, deviceId=-1, source=0x101 }
W/ViewRootImpl( 1257): Cancelling event due to no window focus: KeyEvent { action=ACTION_UP, keyCode=KEYCODE_DPAD_UP, scanCode=0, metaState=0, flags=0x28, repeatCount=0, eventTime=62111731, downTime=62111731, deviceId=-1, source=0x101 }
W/ViewRootImpl( 1257): Cancelling event due to no window focus: KeyEvent { action=ACTION_UP, keyCode=KEYCODE_DPAD_UP, scanCode=0, metaState=0, flags=0x28, repeatCount=0, eventTime=62111731, downTime=62111731, deviceId=-1, source=0x101 }
W/ViewRootImpl( 1257): Dropping event due to no window focus: KeyEvent { action=ACTION_DOWN, keyCode=KEYCODE_3D_MODE, scanCode=0, metaState=0, flags=0x8, repeatCount=0, eventTime=62111766, downTime=62111766, deviceId=-1, source=0x101 }
D/Justin  ( 1257): width / 2: %d72height/2: %d36
W/ViewRootImpl( 1257): Cancelling event due to no window focus: KeyEvent { action=ACTION_UP, keyCode=KEYCODE_3D_MODE, scanCode=0, metaState=0, flags=0x28, repeatCount=0, eventTime=62111801, downTime=62111801, deviceId=-1, source=0x101 }
W/ViewRootImpl( 1257): Cancelling event due to no window focus: KeyEvent { action=ACTION_UP, keyCode=KEYCODE_3D_MODE, scanCode=0, metaState=0, flags=0x28, repeatCount=0, eventTime=62111801, downTime=62111801, deviceId=-1, source=0x101 }
W/ViewRootImpl( 1257): Cancelling event due to no window focus: KeyEvent { action=ACTION_UP, keyCode=KEYCODE_3D_MODE, scanCode=0, metaState=0, flags=0x28, repeatCount=0, eventTime=62111801, downTime=62111801, deviceId=-1, source=0x101 }
W/ViewRootImpl( 1257): Cancelling event due to no window focus: KeyEvent { action=ACTION_UP, keyCode=KEYCODE_3D_MODE, scanCode=0, metaState=0, flags=0x28, repeatCount=0, eventTime=62111801, downTime=62111801, deviceId=-1, source=0x101 }
W/ViewRootImpl( 1257): Cancelling event due to no window focus: KeyEvent { action=ACTION_UP, keyCode=KEYCODE_3D_MODE, scanCode=0, metaState=0, flags=0x28, repeatCount=0, eventTime=62111801, downTime=62111801, deviceId=-1, source=0x101 }
W/ViewRootImpl( 1257): Cancelling event due to no window focus: KeyEvent { action=ACTION_UP, keyCode=KEYCODE_3D_MODE, scanCode=0, metaState=0, flags=0x28, repeatCount=0, eventTime=62111801, downTime=62111801, deviceId=-1, source=0x101 }
W/ViewRootImpl( 1257): Cancelling event due to no window focus: KeyEvent { action=ACTION_UP, keyCode=KEYCODE_3D_MODE, scanCode=0, metaState=0, flags=0x28, repeatCount=0, eventTime=62111801, downTime=62111801, deviceId=-1, source=0x101 }
W/ViewRootImpl( 1257): Cancelling event due to no window focus: KeyEvent { action=ACTION_UP, keyCode=KEYCODE_3D_MODE, scanCode=0, metaState=0, flags=0x28, repeatCount=0, eventTime=62111801, downTime=62111801, deviceId=-1, source=0x101 }
W/ViewRootImpl( 1257): Cancelling event due to no window focus: KeyEvent { action=ACTION_UP, keyCode=KEYCODE_3D_MODE, scanCode=0, metaState=0, flags=0x28, repeatCount=0, eventTime=62111801, downTime=62111801, deviceId=-1, source=0x101 }
W/AudioTrack(  510): AUDIO_OUTPUT_FLAG_FAST denied by client
W/AudioTrack(  510): AUDIO_OUTPUT_FLAG_FAST denied by client
W/AudioTrack(  510): AUDIO_OUTPUT_FLAG_FAST denied by client
W/AudioTrack(  510): AUDIO_OUTPUT_FLAG_FAST denied by client
I/ActivityManager(  510): START u0 {flg=0x4000000 cmp=com.zzl.falcon.internal/com.zzl.falcon.account.safety.SafetyActivity} from uid 10068 on display 0
E/AudioTrack(  637): did not receive expected priority boost on time
W/art     (  637): Long monitor contention event with owner method=void com.android.systemui.volume.VolumePanel.onPlaySound(int, int) from VolumePanel.java:1237 waiters=0 for 630ms
I/Choreographer(  637): Skipped 160 frames!  The application may be doing too much work on its main thread.
V/WindowManager(  510): addAppToken: AppWindowToken{1da4c550 token=Token{2669ef13 ActivityRecord{11746a02 u0 com.zzl.falcon.internal/com.zzl.falcon.account.safety.SafetyActivity t19}}} to stack=1 task=19 at 2
W/ViewRootImpl( 1257): Dropping event due to no window focus: MotionEvent { action=ACTION_MOVE, id[0]=0, x[0]=-2.0, y[0]=3.0, toolType[0]=TOOL_TYPE_UNKNOWN, buttonState=0, metaState=0, flags=0x0, edgeFlags=0x0, pointerCount=1, historySize=9, eventTime=62112235, downTime=-1, deviceId=0, source=0x10004 }
W/ViewRootImpl( 1257): Dropping event due to no window focus: MotionEvent { action=ACTION_DOWN, id[0]=0, x[0]=0.0, y[0]=0.0, toolType[0]=TOOL_TYPE_UNKNOWN, buttonState=0, metaState=0, flags=0x0, edgeFlags=0x0, pointerCount=1, historySize=0, eventTime=62112237, downTime=62112227, deviceId=0, source=0x10004 }
W/ViewRootImpl( 1257): Cancelling event due to no window focus: MotionEvent { action=ACTION_CANCEL, id[0]=0, x[0]=0.0, y[0]=0.0, toolType[0]=TOOL_TYPE_UNKNOWN, buttonState=0, metaState=0, flags=0x0, edgeFlags=0x0, pointerCount=1, historySize=0, eventTime=62112238, downTime=62112227, deviceId=0, source=0x10004 }
W/ViewRootImpl( 1257): Cancelling event due to no window focus: MotionEvent { action=ACTION_CANCEL, id[0]=0, x[0]=0.0, y[0]=0.0, toolType[0]=TOOL_TYPE_UNKNOWN, buttonState=0, metaState=0, flags=0x0, edgeFlags=0x0, pointerCount=1, historySize=0, eventTime=62112238, downTime=62112227, deviceId=0, source=0x10004 }
W/ViewRootImpl( 1257): Cancelling event due to no window focus: MotionEvent { action=ACTION_CANCEL, id[0]=0, x[0]=0.0, y[0]=0.0, toolType[0]=TOOL_TYPE_UNKNOWN, buttonState=0, metaState=0, flags=0x0, edgeFlags=0x0, pointerCount=1, historySize=0, eventTime=62112238, downTime=62112227, deviceId=0, source=0x10004 }
W/ViewRootImpl( 1257): Cancelling event due to no window focus: MotionEvent { action=ACTION_CANCEL, id[0]=0, x[0]=0.0, y[0]=0.0, toolType[0]=TOOL_TYPE_UNKNOWN, buttonState=0, metaState=0, flags=0x0, edgeFlags=0x0, pointerCount=1, historySize=0, eventTime=62112238, downTime=62112227, deviceId=0, source=0x10004 }
D/ForegroundCallbacks( 1257): still foreground
V/WindowManager(  510): Adding window Window{c18e67c u0 com.zzl.falcon.internal/com.zzl.falcon.account.safety.SafetyActivity} at 5 of 11 (after Window{376ef80 u0 com.zzl.falcon.internal/com.zzl.falcon.account.safety.SafetyActivity})
D/OkHttp  ( 1257): --> POST http://116.236.220.210:8084/appAccount/appGetUser?custId=4a773301b0454a8db534d880901c0754 http/1.1
D/OkHttp  ( 1257): Content-Length: 0
D/OkHttp  ( 1257): RC-Bel-Key: bel.zhiwang.zzl
D/OkHttp  ( 1257): RC-Timestamp: 1515726741
D/OkHttp  ( 1257): RC-Nonce: a017f10e-0abf-4d35-b025-a036f5720853
D/OkHttp  ( 1257): RC-Signature: fdb0a8a3f879d6e0cb04fd63c3bdf7c61ad25815
D/OkHttp  ( 1257): osType: Android
D/OkHttp  ( 1257): version: 2.4.1
D/OkHttp  ( 1257): --> END POST (0-byte body)
D/OkHttp  ( 1257): <-- 200 OK http://116.236.220.210:8084/appAccount/appGetUser?custId=4a773301b0454a8db534d880901c0754 (24ms)
D/OkHttp  ( 1257): Server: Apache-Coyote/1.1
D/OkHttp  ( 1257): Set-Cookie: JSESSIONID=8454EDABA06C6CD2C25F7D76812CD891; Path=/; HttpOnly
D/OkHttp  ( 1257): Content-Type: application/json;charset=UTF-8
D/OkHttp  ( 1257): Content-Length: 820
D/OkHttp  ( 1257): Date: Fri, 12 Jan 2018 03:12:22 GMT
D/OkHttp  ( 1257): {"fingerGestures":{"firstHintStatus":"1"},"user":{"onlineLogin":1,"bindCardState":1,"loginNum":2,"score":"0","custSource":8,"password":"6367c48dd193d56ea7b0baad25b19455e529f5ee","reservedDomain":"1","bankVerify":1,"emailVerify":0,"custIc":"321101200807013632","id":"4a773301b0454a8db534d880901c0754","invitationVerify":"null","transferSignVerify":0,"bankAccount":"6212461030000553952","automaticSignVerify":0,"efCustInfoId":"c4d9b5698a1b4333b08f0a9704a6aded","fyVerify":0,"fyAccount":"","mobile":"18900020097","custInfoId":"804b9b00449e4043acd80edb211147a4","custName":"安卓测试贝尔玖拾柒","mobileVerify":1,"lastLoginTime":"2018-01-11 14:47:48","bindCardMobile":"18900020097","createTime":"2018-01-11 14:40:22","custEmail":"","realnameVerify":1,"username":"XuAndroid97","withdrawPwStatus":0},"responseCode":"1"}
D/OkHttp  ( 1257): <-- END HTTP (820-byte body)
V/WindowManager(  510): Adding window Window{1731375a u0 com.zzl.falcon.internal/com.zzl.falcon.account.safety.SafetyActivity} at 5 of 12 (before Window{c18e67c u0 com.zzl.falcon.internal/com.zzl.falcon.account.safety.SafetyActivity})
W/ViewRootImpl( 1257): Dropping event due to no window focus: KeyEvent { action=ACTION_DOWN, keyCode=KEYCODE_DPAD_UP, scanCode=0, metaState=0, flags=0x8, repeatCount=0, eventTime=62112259, downTime=62112259, deviceId=-1, source=0x101 }
W/ViewRootImpl( 1257): Cancelling event due to no window focus: KeyEvent { action=ACTION_UP, keyCode=KEYCODE_DPAD_UP, scanCode=0, metaState=0, flags=0x28, repeatCount=0, eventTime=62112407, downTime=62112407, deviceId=-1, source=0x101 }
W/ViewRootImpl( 1257): Cancelling event due to no window focus: KeyEvent { action=ACTION_UP, keyCode=KEYCODE_DPAD_UP, scanCode=0, metaState=0, flags=0x28, repeatCount=0, eventTime=62112407, downTime=62112407, deviceId=-1, source=0x101 }
W/ViewRootImpl( 1257): Cancelling event due to no window focus: KeyEvent { action=ACTION_UP, keyCode=KEYCODE_DPAD_UP, scanCode=0, metaState=0, flags=0x28, repeatCount=0, eventTime=62112407, downTime=62112407, deviceId=-1, source=0x101 }
W/ViewRootImpl( 1257): Cancelling event due to no window focus: KeyEvent { action=ACTION_UP, keyCode=KEYCODE_DPAD_UP, scanCode=0, metaState=0, flags=0x28, repeatCount=0, eventTime=62112407, downTime=62112407, deviceId=-1, source=0x101 }
W/ViewRootImpl( 1257): Cancelling event due to no window focus: KeyEvent { action=ACTION_UP, keyCode=KEYCODE_DPAD_UP, scanCode=0, metaState=0, flags=0x28, repeatCount=0, eventTime=62112407, downTime=62112407, deviceId=-1, source=0x101 }
W/ViewRootImpl( 1257): Cancelling event due to no window focus: KeyEvent { action=ACTION_UP, keyCode=KEYCODE_DPAD_UP, scanCode=0, metaState=0, flags=0x28, repeatCount=0, eventTime=62112407, downTime=62112407, deviceId=-1, source=0x101 }
W/ViewRootImpl( 1257): Cancelling event due to no window focus: KeyEvent { action=ACTION_UP, keyCode=KEYCODE_DPAD_UP, scanCode=0, metaState=0, flags=0x28, repeatCount=0, eventTime=62112407, downTime=62112407, deviceId=-1, source=0x101 }
W/ViewRootImpl( 1257): Cancelling event due to no window focus: KeyEvent { action=ACTION_UP, keyCode=KEYCODE_DPAD_UP, scanCode=0, metaState=0, flags=0x28, repeatCount=0, eventTime=62112407, downTime=62112407, deviceId=-1, source=0x101 }
W/ViewRootImpl( 1257): Cancelling event due to no window focus: KeyEvent { action=ACTION_UP, keyCode=KEYCODE_DPAD_UP, scanCode=0, metaState=0, flags=0x28, repeatCount=0, eventTime=62112407, downTime=62112407, deviceId=-1, source=0x101 }
W/ViewRootImpl( 1257): Dropping event due to no window focus: MotionEvent { action=ACTION_MOVE, id[0]=0, x[0]=3.0, y[0]=-5.0, toolType[0]=TOOL_TYPE_UNKNOWN, buttonState=0, metaState=0, flags=0x0, edgeFlags=0x0, pointerCount=1, historySize=19, eventTime=62112259, downTime=-1, deviceId=0, source=0x10004 }
W/ViewRootImpl( 1257): Dropping event due to no window focus: KeyEvent { action=ACTION_DOWN, keyCode=KEYCODE_DPAD_UP, scanCode=0, metaState=0, flags=0x8, repeatCount=0, eventTime=62112448, downTime=62112448, deviceId=-1, source=0x101 }
I/InputDispatcher(  510): Dropping event because there is no touchable window at (540, 949).
W/InputManager(  510): Input event injection from pid 5885 failed.
W/InputManager(  510): Input event injection from pid 5885 failed.
I/InputDispatcher(  510): Dropping event because there is no touchable window at (96, 1146).
W/InputManager(  510): Input event injection from pid 5885 failed.
W/InputManager(  510): Input event injection from pid 5885 failed.
W/InputManager(  510): Input event injection from pid 5885 failed.
W/InputManager(  510): Input event injection from pid 5885 failed.
W/EGL_emulation(  637): eglSurfaceAttrib not implemented
W/OpenGLRenderer(  637): Failed to set EGL_SWAP_BEHAVIOR on surface 0xe20097a0, error=EGL_SUCCESS
W/EGL_emulation( 1257): eglSurfaceAttrib not implemented
W/OpenGLRenderer( 1257): Failed to set EGL_SWAP_BEHAVIOR on surface 0xdee86280, error=EGL_SUCCESS
W/EGL_emulation( 1257): eglSurfaceAttrib not implemented
W/OpenGLRenderer( 1257): Failed to set EGL_SWAP_BEHAVIOR on surface 0xe103fae0, error=EGL_SUCCESS
W/ViewRootImpl( 1257): Cancelling event due to no window focus: KeyEvent { action=ACTION_UP, keyCode=KEYCODE_DPAD_UP, scanCode=0, metaState=0, flags=0x28, repeatCount=0, eventTime=62112449, downTime=62112449, deviceId=-1, source=0x101 }
W/ViewRootImpl( 1257): Cancelling event due to no window focus: KeyEvent { action=ACTION_UP, keyCode=KEYCODE_DPAD_UP, scanCode=0, metaState=0, flags=0x28, repeatCount=0, eventTime=62112449, downTime=62112449, deviceId=-1, source=0x101 }
W/ViewRootImpl( 1257): Cancelling event due to no window focus: KeyEvent { action=ACTION_UP, keyCode=KEYCODE_DPAD_UP, scanCode=0, metaState=0, flags=0x28, repeatCount=0, eventTime=62112449, downTime=62112449, deviceId=-1, source=0x101 }
W/ViewRootImpl( 1257): Cancelling event due to no window focus: KeyEvent { action=ACTION_UP, keyCode=KEYCODE_DPAD_UP, scanCode=0, metaState=0, flags=0x28, repeatCount=0, eventTime=62112449, downTime=62112449, deviceId=-1, source=0x101 }
W/ViewRootImpl( 1257): Cancelling event due to no window focus: KeyEvent { action=ACTION_UP, keyCode=KEYCODE_DPAD_UP, scanCode=0, metaState=0, flags=0x28, repeatCount=0, eventTime=62112449, downTime=62112449, deviceId=-1, source=0x101 }
W/ViewRootImpl( 1257): Cancelling event due to no window focus: KeyEvent { action=ACTION_UP, keyCode=KEYCODE_DPAD_UP, scanCode=0, metaState=0, flags=0x28, repeatCount=0, eventTime=62112449, downTime=62112449, deviceId=-1, source=0x101 }
W/ViewRootImpl( 1257): Cancelling event due to no window focus: KeyEvent { action=ACTION_UP, keyCode=KEYCODE_DPAD_UP, scanCode=0, metaState=0, flags=0x28, repeatCount=0, eventTime=62112449, downTime=62112449, deviceId=-1, source=0x101 }
W/ViewRootImpl( 1257): Cancelling event due to no window focus: KeyEvent { action=ACTION_UP, keyCode=KEYCODE_DPAD_UP, scanCode=0, metaState=0, flags=0x28, repeatCount=0, eventTime=62112449, downTime=62112449, deviceId=-1, source=0x101 }
W/ViewRootImpl( 1257): Cancelling event due to no window focus: KeyEvent { action=ACTION_UP, keyCode=KEYCODE_DPAD_UP, scanCode=0, metaState=0, flags=0x28, repeatCount=0, eventTime=62112449, downTime=62112449, deviceId=-1, source=0x101 }
W/ViewRootImpl( 1257): Dropping event due to no window focus: KeyEvent { action=ACTION_DOWN, keyCode=KEYCODE_DPAD_RIGHT, scanCode=0, metaState=0, flags=0x8, repeatCount=0, eventTime=62112464, downTime=62112464, deviceId=-1, source=0x101 }
I/ActivityManager(  510): START u0 {act=android.intent.action.MAIN cat=[android.intent.category.LAUNCHER] flg=0x10200000 cmp=com.zzl.falcon.internal/com.squareup.leakcanary.internal.DisplayLeakActivity} from uid 0 on display 0
W/ViewRootImpl( 1257): Cancelling event due to no window focus: KeyEvent { action=ACTION_UP, keyCode=KEYCODE_DPAD_RIGHT, scanCode=0, metaState=0, flags=0x28, repeatCount=0, eventTime=62112782, downTime=62112782, deviceId=-1, source=0x101 }
W/ViewRootImpl( 1257): Cancelling event due to no window focus: KeyEvent { action=ACTION_UP, keyCode=KEYCODE_DPAD_RIGHT, scanCode=0, metaState=0, flags=0x28, repeatCount=0, eventTime=62112782, downTime=62112782, deviceId=-1, source=0x101 }
W/ViewRootImpl( 1257): Cancelling event due to no window focus: KeyEvent { action=ACTION_UP, keyCode=KEYCODE_DPAD_RIGHT, scanCode=0, metaState=0, flags=0x28, repeatCount=0, eventTime=62112782, downTime=62112782, deviceId=-1, source=0x101 }
W/ViewRootImpl( 1257): Cancelling event due to no window focus: KeyEvent { action=ACTION_UP, keyCode=KEYCODE_DPAD_RIGHT, scanCode=0, metaState=0, flags=0x28, repeatCount=0, eventTime=62112782, downTime=62112782, deviceId=-1, source=0x101 }
W/ViewRootImpl( 1257): Cancelling event due to no window focus: KeyEvent { action=ACTION_UP, keyCode=KEYCODE_DPAD_RIGHT, scanCode=0, metaState=0, flags=0x28, repeatCount=0, eventTime=62112782, downTime=62112782, deviceId=-1, source=0x101 }
W/ViewRootImpl( 1257): Cancelling event due to no window focus: KeyEvent { action=ACTION_UP, keyCode=KEYCODE_DPAD_RIGHT, scanCode=0, metaState=0, flags=0x28, repeatCount=0, eventTime=62112782, downTime=62112782, deviceId=-1, source=0x101 }
W/ViewRootImpl( 1257): Cancelling event due to no window focus: KeyEvent { action=ACTION_UP, keyCode=KEYCODE_DPAD_RIGHT, scanCode=0, metaState=0, flags=0x28, repeatCount=0, eventTime=62112782, downTime=62112782, deviceId=-1, source=0x101 }
W/ViewRootImpl( 1257): Cancelling event due to no window focus: KeyEvent { action=ACTION_UP, keyCode=KEYCODE_DPAD_RIGHT, scanCode=0, metaState=0, flags=0x28, repeatCount=0, eventTime=62112782, downTime=62112782, deviceId=-1, source=0x101 }
W/ViewRootImpl( 1257): Cancelling event due to no window focus: KeyEvent { action=ACTION_UP, keyCode=KEYCODE_DPAD_RIGHT, scanCode=0, metaState=0, flags=0x28, repeatCount=0, eventTime=62112782, downTime=62112782, deviceId=-1, source=0x101 }
E/com.umeng.message.UTrack( 1257): RegistrationId is empty
E/com.umeng.message.UTrack( 1257): RegistrationId is empty
V/WindowManager(  510): addAppToken: AppWindowToken{38686281 token=Token{2d4bee68 ActivityRecord{86e2d8b u0 com.zzl.falcon.internal/com.squareup.leakcanary.internal.DisplayLeakActivity t25}}} to stack=1 task=25 at 0
V/WindowManager(  510): Adding window Window{305c2280 u0 Starting com.zzl.falcon.internal} at 7 of 13 (after Window{c18e67c u0 com.zzl.falcon.internal/com.zzl.falcon.account.safety.SafetyActivity})
E/EGL_emulation(  504): tid 504: eglCreateSyncKHR(1209): error 0x3004 (EGL_BAD_ATTRIBUTE)
W/art     (  510): Long monitor contention event with owner method=int com.android.server.am.ActivityStackSupervisor.startActivityMayWait(android.app.IApplicationThread, int, java.lang.String, android.content.Intent, java.lang.String, android.service.voice.IVoiceInteractionSession, com.android.internal.app.IVoiceInteractor, android.os.IBinder, java.lang.String, int, int, android.app.ProfilerInfo, android.app.IActivityManager$WaitResult, android.content.res.Configuration, android.os.Bundle, int, android.app.IActivityContainer, com.android.server.am.TaskRecord) from ActivityStackSupervisor.java:857 waiters=0 for 239ms
W/art     (  510): Long monitor contention event with owner method=int com.android.server.am.ActivityStackSupervisor.startActivityMayWait(android.app.IApplicationThread, int, java.lang.String, android.content.Intent, java.lang.String, android.service.voice.IVoiceInteractionSession, com.android.internal.app.IVoiceInteractor, android.os.IBinder, java.lang.String, int, int, android.app.ProfilerInfo, android.app.IActivityManager$WaitResult, android.content.res.Configuration, android.os.Bundle, int, android.app.IActivityContainer, com.android.server.am.TaskRecord) from ActivityStackSupervisor.java:857 waiters=1 for 218ms
W/AudioFlinger(  123): write blocked for 10039 msecs, 2 delayed writes, thread 0xf58ba000
V/WindowManager(  510): Adding window Window{34298f7b u0 com.zzl.falcon.internal/com.squareup.leakcanary.internal.DisplayLeakActivity} at 7 of 14 (before Window{305c2280 u0 Starting com.zzl.falcon.internal})
W/EGL_emulation( 5257): eglSurfaceAttrib not implemented
W/OpenGLRenderer( 5257): Failed to set EGL_SWAP_BEHAVIOR on surface 0xe14e61c0, error=EGL_SUCCESS
W/ViewRootImpl( 5257): Dropping event due to no window focus: KeyEvent { action=ACTION_DOWN, keyCode=KEYCODE_SETTINGS, scanCode=0, metaState=0, flags=0x8, repeatCount=0, eventTime=62113039, downTime=62113039, deviceId=-1, source=0x101 }
W/ViewRootImpl( 5257): Cancelling event due to no window focus: KeyEvent { action=ACTION_UP, keyCode=KEYCODE_SETTINGS, scanCode=0, metaState=0, flags=0x28, repeatCount=0, eventTime=62113360, downTime=62113360, deviceId=-1, source=0x101 }
W/ViewRootImpl( 5257): Cancelling event due to no window focus: KeyEvent { action=ACTION_UP, keyCode=KEYCODE_SETTINGS, scanCode=0, metaState=0, flags=0x28, repeatCount=0, eventTime=62113360, downTime=62113360, deviceId=-1, source=0x101 }
W/ViewRootImpl( 5257): Cancelling event due to no window focus: KeyEvent { action=ACTION_UP, keyCode=KEYCODE_SETTINGS, scanCode=0, metaState=0, flags=0x28, repeatCount=0, eventTime=62113360, downTime=62113360, deviceId=-1, source=0x101 }
W/ViewRootImpl( 5257): Cancelling event due to no window focus: KeyEvent { action=ACTION_UP, keyCode=KEYCODE_SETTINGS, scanCode=0, metaState=0, flags=0x28, repeatCount=0, eventTime=62113360, downTime=62113360, deviceId=-1, source=0x101 }
W/ViewRootImpl( 5257): Cancelling event due to no window focus: KeyEvent { action=ACTION_UP, keyCode=KEYCODE_SETTINGS, scanCode=0, metaState=0, flags=0x28, repeatCount=0, eventTime=62113360, downTime=62113360, deviceId=-1, source=0x101 }
W/ViewRootImpl( 5257): Cancelling event due to no window focus: KeyEvent { action=ACTION_UP, keyCode=KEYCODE_SETTINGS, scanCode=0, metaState=0, flags=0x28, repeatCount=0, eventTime=62113360, downTime=62113360, deviceId=-1, source=0x101 }
W/ViewRootImpl( 5257): Cancelling event due to no window focus: KeyEvent { action=ACTION_UP, keyCode=KEYCODE_SETTINGS, scanCode=0, metaState=0, flags=0x28, repeatCount=0, eventTime=62113360, downTime=62113360, deviceId=-1, source=0x101 }
W/ViewRootImpl( 5257): Cancelling event due to no window focus: KeyEvent { action=ACTION_UP, keyCode=KEYCODE_SETTINGS, scanCode=0, metaState=0, flags=0x28, repeatCount=0, eventTime=62113360, downTime=62113360, deviceId=-1, source=0x101 }
W/ViewRootImpl( 5257): Cancelling event due to no window focus: KeyEvent { action=ACTION_UP, keyCode=KEYCODE_SETTINGS, scanCode=0, metaState=0, flags=0x28, repeatCount=0, eventTime=62113360, downTime=62113360, deviceId=-1, source=0x101 }
W/ViewRootImpl( 5257): Dropping event due to no window focus: KeyEvent { action=ACTION_DOWN, keyCode=KEYCODE_MENU, scanCode=0, metaState=0, flags=0x8, repeatCount=0, eventTime=62113399, downTime=62113399, deviceId=-1, source=0x101 }
I/ActivityManager(  510): START u0 {act=android.intent.action.MAIN cat=[android.intent.category.LAUNCHER] flg=0x10000000 cmp=com.android.contacts/.activities.PeopleActivity sel=act=android.intent.action.MAIN cat=[android.intent.category.APP_CONTACTS]}} from uid 1000 on display 0
I/ActivityManager(  510): Displayed com.zzl.falcon.internal/com.squareup.leakcanary.internal.DisplayLeakActivity: +316ms (total +1s157ms)
I/ActivityManager(  510): START u0 {act=android.intent.action.MAIN cat=[android.intent.category.LAUNCHER] flg=0x10000000 cmp=com.android.contacts/.activities.PeopleActivity sel=act=android.intent.action.MAIN cat=[android.intent.category.APP_CONTACTS]}} from uid 1000 on display 0
I/awcn.ComponentCallbacks2( 1257):  onTrimMemory level:20
I/awcn.SessionCenter( 1257): |[seq:[default]] [background]
I/awcn.StrategyCenter( 1257):  saveData
I/awcn.SessionCenter( 1257): |[seq:umeng:56aadbf567e58e38d4000976] [background]
I/awcn.StrategyCenter( 1257):  saveData
D/ForegroundCallbacks( 1257): went background
E/ToneGenerator(  637): --- Stop timed out
D/TaskPersister(  510): removeObsoleteFile: deleting file=21_task.xml
D/TaskPersister(  510): removeObsoleteFile: deleting file=22_task.xml
D/TaskPersister(  510): removeObsoleteFile: deleting file=23_task.xml
D/TaskPersister(  510): removeObsoleteFile: deleting file=24_task.xml
D/TaskPersister(  510): removeObsoleteFile: deleting file=22_task_thumbnail.png
D/TaskPersister(  510): removeObsoleteFile: deleting file=21_task_thumbnail.png
D/TaskPersister(  510): removeObsoleteFile: deleting file=23_task_thumbnail.png
D/TaskPersister(  510): removeObsoleteFile: deleting file=24_task_thumbnail.png
I/ActivityManager(  510): Waited long enough for: ServiceRecord{62027a3 u0 com.android.music/.MediaPlaybackService}
I/art     ( 1257): Explicit concurrent mark sweep GC freed 42894(3MB) AllocSpace objects, 16(630KB) LOS objects, 24% free, 12MB/16MB, paused 427us total 18.060ms
W/EGL_emulation( 1257): eglSurfaceAttrib not implemented
W/OpenGLRenderer( 1257): Failed to set EGL_SWAP_BEHAVIOR on surface 0xdee865c0, error=EGL_SUCCESS
I/art     ( 1257): hprof: heap dump "/storage/emulated/0/Download/leakcanary-com.zzl.falcon.internal/271ba556-7501-4d2a-b2b6-5b5ecef540cc_pending.hprof" starting...
I/InputDispatcher(  510): Application is not responding: AppWindowToken{38686281 token=Token{2d4bee68 ActivityRecord{86e2d8b u0 com.zzl.falcon.internal/com.squareup.leakcanary.internal.DisplayLeakActivity t25}}} - Window{34298f7b u0 com.zzl.falcon.internal/com.squareup.leakcanary.internal.DisplayLeakActivity}.  It has been 5001.9ms since event, 5001.3ms since wait started.  Reason: Waiting to send key event because the focused window has not finished processing all of the input events that were previously delivered to it.  Outbound queue length: 0.  Wait queue length: 1.
I/WindowManager(  510): Input event dispatching timed out sending to com.zzl.falcon.internal/com.squareup.leakcanary.internal.DisplayLeakActivity.  Reason: Waiting to send key event because the focused window has not finished processing all of the input events that were previously delivered to it.  Outbound queue length: 0.  Wait queue length: 1.
W/InputManager(  510): Input event injection from pid 5885 timed out.
I/Process (  510): Sending signal. PID: 5257 SIG: 3
I/art     ( 5257): Thread[5,tid=5266,WaitingInMainSignalCatcherLoop,Thread*=0xf3c30c00,peer=0x12c070a0,"Signal Catcher"]: reacting to signal 3
I/art     ( 5257): Wrote stack traces to '/data/anr/traces.txt'
I/Process (  510): Sending signal. PID: 510 SIG: 3
I/art     (  510): Thread[5,tid=517,WaitingInMainSignalCatcherLoop,Thread*=0xf3c26c00,peer=0x12c020a0,"Signal Catcher"]: reacting to signal 3
E/Sensors (  510): Select fail, disconnect all clients (errno=4)
I/Process (  510): Sending signal. PID: 739 SIG: 3
I/art     (  739): Thread[5,tid=754,WaitingInMainSignalCatcherLoop,Thread*=0xf3c26c00,peer=0x12c000a0,"Signal Catcher"]: reacting to signal 3
I/art     (  510): Wrote stack traces to '/data/anr/traces.txt'
I/Process (  510): Sending signal. PID: 637 SIG: 3
I/art     (  637): Thread[5,tid=646,WaitingInMainSignalCatcherLoop,Thread*=0xf3c26c00,peer=0x12c000a0,"Signal Catcher"]: reacting to signal 3
I/art     (  637): Wrote stack traces to '/data/anr/traces.txt'
I/art     (  739): Wrote stack traces to '/data/anr/traces.txt'
I/art     ( 1257): hprof: heap dump completed (22MB) in 949.504ms
E/awcn.DefaultHeartbeatImpl( 1257): |[seq:umeng:56aadbf567e58e38d4000976.AWCN2_1] close session in background session:Session@[umeng:56aadbf567e58e38d4000976.AWCN2_1|http2_0rtt_acs]
E/awcn.TnetSpdySession( 1257): |[seq:umeng:56aadbf567e58e38d4000976.AWCN2_1] force close! session:Session@[umeng:56aadbf567e58e38d4000976.AWCN2_1|http2_0rtt_acs]
E/awcn.Session( 1257): |[seq:umeng:56aadbf567e58e38d4000976.AWCN2_1] notifyStatus status:DISCONNECTING
I/awcn.DefaultHeartbeatImpl( 1257): |[seq:umeng:56aadbf567e58e38d4000976.AWCN2_1] heartbeat stop session:Session@[umeng:56aadbf567e58e38d4000976.AWCN2_1|http2_0rtt_acs]
E/awcn.TnetSpdySession( 1257): |[seq:umeng:56aadbf567e58e38d4000976.AWCN2_1] spdySessionCloseCallback  errorCode::-2002
E/awcn.Session( 1257): |[seq:umeng:56aadbf567e58e38d4000976.AWCN2_1] notifyStatus status:DISCONNECTED
D/awcn.SessionRequest( 1257): |[seq:umeng:56aadbf567e58e38d4000976.AWCN2_1] Session:Session@[umeng:56aadbf567e58e38d4000976.AWCN2_1|http2_0rtt_acs] EventType:DISCONNECTED Event:anet.channel.entity.c@2289a621
D/awcn.SessionRequest( 1257): |[seq:umeng:56aadbf567e58e38d4000976.AWCN2_1] Connect Disconnect session:Session@[umeng:56aadbf567e58e38d4000976.AWCN2_1|http2_0rtt_acs] host:https://umengacs.m.taobao.com appIsBg:true isHandleFinish:false
I/accs.MsgDistributeService( 1257):  onStartCommand action:com.taobao.accs.intent.action.RECEIVE
D/accs.MsgDistribute( 1257):  action:com.taobao.accs.intent.action.RECEIVE
I/accs.MsgDistribute( 1257):  distribute command::103  serviceId::  dataId:: appkey: config:
I/NotificationService(  510): cancelToast pkg=com.zzl.falcon.internal callback=android.app.ITransientNotification$Stub$Proxy@34ae66d3
I/Choreographer(  510): Skipped 39 frames!  The application may be doing too much work on its main thread.
I/art     (  510): Explicit concurrent mark sweep GC freed 52440(2MB) AllocSpace objects, 27(5MB) LOS objects, 33% free, 15MB/23MB, paused 1.101ms total 38.066ms
E/ActivityManager(  510): ANR in com.zzl.falcon.internal:leakcanary (com.zzl.falcon.internal/com.squareup.leakcanary.internal.DisplayLeakActivity)
E/ActivityManager(  510): PID: 5257
E/ActivityManager(  510): Reason: Input dispatching timed out (Waiting to send key event because the focused window has not finished processing all of the input events that were previously delivered to it.  Outbound queue length: 0.  Wait queue length: 1.)
E/ActivityManager(  510): Load: 0.98 / 0.28 / 0.13
E/ActivityManager(  510): CPU usage from 5913ms to 449ms ago:
E/ActivityManager(  510):   9.8% 123/mediaserver: 1% user + 8.7% kernel
E/ActivityManager(  510):   4.5% 510/system_server: 1.4% user + 3.1% kernel / faults: 1072 minor
E/ActivityManager(  510):   1.6% 335/local_opengl: 0.1% user + 1.4% kernel
E/ActivityManager(  510):   1.6% 504/surfaceflinger: 0.1% user + 1.4% kernel
E/ActivityManager(  510):   1.4% 1257/com.zzl.falcon.internal: 0.5% user + 0.9% kernel / faults: 280 minor
E/ActivityManager(  510):   1.4% 5257/com.zzl.falcon.internal:leakcanary: 0.7% user + 0.7% kernel / faults: 227 minor
E/ActivityManager(  510):   0.5% 20/ksoftirqd/3: 0% user + 0.5% kernel
E/ActivityManager(  510):   0.5% 131/adbd: 0% user + 0.5% kernel / faults: 79 minor
E/ActivityManager(  510):   0.3% 327/logd: 0.1% user + 0.1% kernel
E/ActivityManager(  510):   0.3% 5885/com.android.commands.monkey: 0.3% user + 0% kernel / faults: 10 minor
E/ActivityManager(  510):   0% 21/kworker/3:0: 0% user + 0% kernel
E/ActivityManager(  510):   0.1% 675/com.android.inputmethod.latin: 0% user + 0.1% kernel / faults: 493 minor
E/ActivityManager(  510): 3.6% TOTAL: 0.7% user + 2.6% kernel + 0% iowait + 0.2% softirq
E/ActivityManager(  510): CPU usage from 1680ms to 2202ms later:
E/ActivityManager(  510):   11% 123/mediaserver: 1.6% user + 10% kernel
E/ActivityManager(  510):     10% 585/AudioOut_2: 1.6% user + 8.4% kernel
E/ActivityManager(  510):   3.9% 510/system_server: 0% user + 3.9% kernel / faults: 2 minor
E/ActivityManager(  510):     1.9% 521/ReferenceQueueD: 1.9% user + 0% kernel
E/ActivityManager(  510):     1.9% 522/FinalizerDaemon: 0% user + 1.9% kernel
E/ActivityManager(  510):     1.9% 545/SensorService: 0% user + 1.9% kernel
E/ActivityManager(  510):     1.9% 555/android.display: 0% user + 1.9% kernel
E/ActivityManager(  510):   1.7% 504/surfaceflinger: 1.7% user + 0% kernel
E/ActivityManager(  510):     1.7% 504/surfaceflinger: 1.7% user + 0% kernel
E/ActivityManager(  510):     1.7% 506/DispSync: 0% user + 1.7% kernel
E/ActivityManager(  510): 4% TOTAL: 0.5% user + 3.5% kernel
D/Sensors (  510): Client connection accepted (142)
I/InputDispatcher(  510): Application is not responding: AppWindowToken{38686281 token=Token{2d4bee68 ActivityRecord{86e2d8b u0 com.zzl.falcon.internal/com.squareup.leakcanary.internal.DisplayLeakActivity t25}}} - Window{34298f7b u0 com.zzl.falcon.internal/com.squareup.leakcanary.internal.DisplayLeakActivity}.  It has been 5005.8ms since event, 5004.3ms since wait started.  Reason: Waiting to send key event because the focused window has not finished processing all of the input events that were previously delivered to it.  Outbound queue length: 0.  Wait queue length: 1.
I/WindowManager(  510): Input event dispatching timed out sending to com.zzl.falcon.internal/com.squareup.leakcanary.internal.DisplayLeakActivity.  Reason: Waiting to send key event because the focused window has not finished processing all of the input events that were previously delivered to it.  Outbound queue length: 0.  Wait queue length: 1.
W/InputManager(  510): Input event injection from pid 5885 timed out.
I/ActivityManager(  510): Skipping duplicate ANR: ProcessRecord{2dee9d2f 5257:com.zzl.falcon.internal:leakcanary/u0a68} Input dispatching timed out (Waiting to send key event because the focused window has not finished processing all of the input events that were previously delivered to it.  Outbound queue length: 0.  Wait queue length: 1.)
W/art     (  637): Long monitor contention event with owner method=void com.android.systemui.volume.VolumePanel.onStopSounds() from VolumePanel.java:1248 waiters=0 for 15.757s
I/InputDispatcher(  510): Window 'Window{1a21663d u0 NavigationBar}' spent 16255.1ms processing the last input event: MotionEvent(deviceId=0, source=0x00001002, action=0, flags=0x00000000, metaState=0x00000000, buttonState=0x00000000, edgeFlags=0x00000000, xPrecision=1.0, yPrecision=1.0, displayId=0, pointers=[0: (641.0, 462.0)]), policyFlags=0x6b000000
I/InputDispatcher(  510): Window 'Window{1a21663d u0 NavigationBar}' spent 16148.3ms processing the last input event: MotionEvent(deviceId=0, source=0x00001002, action=0, flags=0x00000000, metaState=0x00000000, buttonState=0x00000000, edgeFlags=0x00000000, xPrecision=1.0, yPrecision=1.0, displayId=0, pointers=[0: (445.0, 139.0)]), policyFlags=0x6b000000
I/InputDispatcher(  510): Window 'Window{1a21663d u0 NavigationBar}' spent 16134.5ms processing the last input event: MotionEvent(deviceId=0, source=0x00001002, action=0, flags=0x00000000, metaState=0x00000000, buttonState=0x00000000, edgeFlags=0x00000000, xPrecision=1.0, yPrecision=1.0, displayId=0, pointers=[0: (201.0, 975.0)]), policyFlags=0x6b000000
I/InputDispatcher(  510): Window 'Window{1a21663d u0 NavigationBar}' spent 16079.0ms processing the last input event: MotionEvent(deviceId=0, source=0x00001002, action=0, flags=0x00000000, metaState=0x00000000, buttonState=0x00000000, edgeFlags=0x00000000, xPrecision=1.0, yPrecision=1.0, displayId=0, pointers=[0: (118.0, 877.0)]), policyFlags=0x6b000000
I/InputDispatcher(  510): Window 'Window{1a21663d u0 NavigationBar}' spent 15958.7ms processing the last input event: MotionEvent(deviceId=0, source=0x00001002, action=0, flags=0x00000000, metaState=0x00000000, buttonState=0x00000000, edgeFlags=0x00000000, xPrecision=1.0, yPrecision=1.0, displayId=0, pointers=[0: (669.0, 609.0)]), policyFlags=0x6b000000
I/InputDispatcher(  510): Window 'Window{1a21663d u0 NavigationBar}' spent 15941.3ms processing the last input event: MotionEvent(deviceId=0, source=0x00001002, action=0, flags=0x00000000, metaState=0x00000000, buttonState=0x00000000, edgeFlags=0x00000000, xPrecision=1.0, yPrecision=1.0, displayId=0, pointers=[0: (116.0, 1056.0)]), policyFlags=0x6b000000
I/InputDispatcher(  510): Window 'Window{1a21663d u0 NavigationBar}' spent 15927.5ms processing the last input event: MotionEvent(deviceId=0, source=0x00001002, action=0, flags=0x00000000, metaState=0x00000000, buttonState=0x00000000, edgeFlags=0x00000000, xPrecision=1.0, yPrecision=1.0, displayId=0, pointers=[0: (300.0, 623.0)]), policyFlags=0x6b000000
I/InputDispatcher(  510): Window 'Window{1a21663d u0 NavigationBar}' spent 15913.6ms processing the last input event: MotionEvent(deviceId=0, source=0x00001002, action=0, flags=0x00000000, metaState=0x00000000, buttonState=0x00000000, edgeFlags=0x00000000, xPrecision=1.0, yPrecision=1.0, displayId=0, pointers=[0: (338.0, 1017.0)]), policyFlags=0x6b000000
I/InputDispatcher(  510): Window 'Window{17c3244e u0 VolumePanel}' spent 16255.7ms processing the last input event: MotionEvent(deviceId=0, source=0x00001002, action=0, flags=0x00000000, metaState=0x00000000, buttonState=0x00000000, edgeFlags=0x00000000, xPrecision=1.0, yPrecision=1.0, displayId=0, pointers=[0: (641.0, 462.0)]), policyFlags=0x6b000000
I/InputDispatcher(  510): Window 'Window{17c3244e u0 VolumePanel}' spent 16149.0ms processing the last input event: MotionEvent(deviceId=0, source=0x00001002, action=0, flags=0x00000000, metaState=0x00000000, buttonState=0x00000000, edgeFlags=0x00000000, xPrecision=1.0, yPrecision=1.0, displayId=0, pointers=[0: (445.0, 139.0)]), policyFlags=0x6b000000
I/InputDispatcher(  510): Window 'Window{17c3244e u0 VolumePanel}' spent 16147.4ms processing the last input event: MotionEvent(deviceId=0, source=0x00001002, action=1, flags=0x00000000, metaState=0x00000000, buttonState=0x00000000, edgeFlags=0x00000000, xPrecision=1.0, yPrecision=1.0, displayId=0, pointers=[0: (447.2, 138.2)]), policyFlags=0x6b000000
I/InputDispatcher(  510): Window 'Window{17c3244e u0 VolumePanel}' spent 16135.2ms processing the last input event: MotionEvent(deviceId=0, source=0x00001002, action=0, flags=0x00000000, metaState=0x00000000, buttonState=0x00000000, edgeFlags=0x00000000, xPrecision=1.0, yPrecision=1.0, displayId=0, pointers=[0: (201.0, 975.0)]), policyFlags=0x6b000000
I/InputDispatcher(  510): Window 'Window{17c3244e u0 VolumePanel}' spent 16079.8ms processing the last input event: MotionEvent(deviceId=0, source=0x00001002, action=0, flags=0x00000000, metaState=0x00000000, buttonState=0x00000000, edgeFlags=0x00000000, xPrecision=1.0, yPrecision=1.0, displayId=0, pointers=[0: (118.0, 877.0)]), policyFlags=0x6b000000
I/Choreographer(  637): Skipped 1031 frames!  The application may be doing too much work on its main thread.
I/InputDispatcher(  510): Window 'Window{17c3244e u0 VolumePanel}' spent 15959.3ms processing the last input event: MotionEvent(deviceId=0, source=0x00001002, action=0, flags=0x00000000, metaState=0x00000000, buttonState=0x00000000, edgeFlags=0x00000000, xPrecision=1.0, yPrecision=1.0, displayId=0, pointers=[0: (669.0, 609.0)]), policyFlags=0x6b000000
I/InputDispatcher(  510): Window 'Window{17c3244e u0 VolumePanel}' spent 15941.9ms processing the last input event: MotionEvent(deviceId=0, source=0x00001002, action=0, flags=0x00000000, metaState=0x00000000, buttonState=0x00000000, edgeFlags=0x00000000, xPrecision=1.0, yPrecision=1.0, displayId=0, pointers=[0: (116.0, 1056.0)]), policyFlags=0x6b000000
I/InputDispatcher(  510): Window 'Window{17c3244e u0 VolumePanel}' spent 15928.1ms processing the last input event: MotionEvent(deviceId=0, source=0x00001002, action=0, flags=0x00000000, metaState=0x00000000, buttonState=0x00000000, edgeFlags=0x00000000, xPrecision=1.0, yPrecision=1.0, displayId=0, pointers=[0: (300.0, 623.0)]), policyFlags=0x6b000000
I/InputDispatcher(  510): Window 'Window{17c3244e u0 VolumePanel}' spent 15914.3ms processing the last input event: MotionEvent(deviceId=0, source=0x00001002, action=0, flags=0x00000000, metaState=0x00000000, buttonState=0x00000000, edgeFlags=0x00000000, xPrecision=1.0, yPrecision=1.0, displayId=0, pointers=[0: (338.0, 1017.0)]), policyFlags=0x6b000000
I/InputDispatcher(  510): Window 'Window{27e0ddda u0 StatusBar}' spent 16256.1ms processing the last input event: MotionEvent(deviceId=0, source=0x00001002, action=0, flags=0x00000000, metaState=0x00000000, buttonState=0x00000000, edgeFlags=0x00000000, xPrecision=1.0, yPrecision=1.0, displayId=0, pointers=[0: (641.0, 462.0)]), policyFlags=0x6b000000
I/InputDispatcher(  510): Window 'Window{27e0ddda u0 StatusBar}' spent 16135.5ms processing the last input event: MotionEvent(deviceId=0, source=0x00001002, action=0, flags=0x00000000, metaState=0x00000000, buttonState=0x00000000, edgeFlags=0x00000000, xPrecision=1.0, yPrecision=1.0, displayId=0, pointers=[0: (201.0, 975.0)]), policyFlags=0x6b000000
I/InputDispatcher(  510): Window 'Window{27e0ddda u0 StatusBar}' spent 16080.1ms processing the last input event: MotionEvent(deviceId=0, source=0x00001002, action=0, flags=0x00000000, metaState=0x00000000, buttonState=0x00000000, edgeFlags=0x00000000, xPrecision=1.0, yPrecision=1.0, displayId=0, pointers=[0: (118.0, 877.0)]), policyFlags=0x6b000000
I/InputDispatcher(  510): Window 'Window{27e0ddda u0 StatusBar}' spent 15959.5ms processing the last input event: MotionEvent(deviceId=0, source=0x00001002, action=0, flags=0x00000000, metaState=0x00000000, buttonState=0x00000000, edgeFlags=0x00000000, xPrecision=1.0, yPrecision=1.0, displayId=0, pointers=[0: (669.0, 609.0)]), policyFlags=0x6b000000
I/InputDispatcher(  510): Window 'Window{27e0ddda u0 StatusBar}' spent 15942.1ms processing the last input event: MotionEvent(deviceId=0, source=0x00001002, action=0, flags=0x00000000, metaState=0x00000000, buttonState=0x00000000, edgeFlags=0x00000000, xPrecision=1.0, yPrecision=1.0, displayId=0, pointers=[0: (116.0, 1056.0)]), policyFlags=0x6b000000
I/InputDispatcher(  510): Window 'Window{27e0ddda u0 StatusBar}' spent 15928.3ms processing the last input event: MotionEvent(deviceId=0, source=0x00001002, action=0, flags=0x00000000, metaState=0x00000000, buttonState=0x00000000, edgeFlags=0x00000000, xPrecision=1.0, yPrecision=1.0, displayId=0, pointers=[0: (300.0, 623.0)]), policyFlags=0x6b000000
I/InputDispatcher(  510): Window 'Window{27e0ddda u0 StatusBar}' spent 15914.5ms processing the last input event: MotionEvent(deviceId=0, source=0x00001002, action=0, flags=0x00000000, metaState=0x00000000, buttonState=0x00000000, edgeFlags=0x00000000, xPrecision=1.0, yPrecision=1.0, displayId=0, pointers=[0: (338.0, 1017.0)]), policyFlags=0x6b000000
W/art     (  510): Long monitor contention event with owner method=int android.media.AudioSystem.setStreamVolumeIndex(int, int, int) from AudioSystem.java:4294967294 waiters=0 for 12.764s
I/InputDispatcher(  510): Window 'Window{34298f7b u0 com.zzl.falcon.internal/com.squareup.leakcanary.internal.DisplayLeakActivity}' spent 15767.9ms processing the last input event: KeyEvent(deviceId=-1, source=0x00000101, action=1, flags=0x00000008, keyCode=25, scanCode=0, metaState=0x00000000, repeatCount=0), policyFlags=0x6b000000
W/ResourceType(  637): No package identifier when getting value for resource number 0x00000000
W/PackageManager(  637): Failure retrieving resources for com.zzl.falcon.internal: Resource ID #0x0
W/AudioTrack(  510): AUDIO_OUTPUT_FLAG_FAST denied by client
I/art     ( 5885): System.exit called, status: 4288
I/AndroidRuntime( 5885): VM exiting with result code 4288.
I/art     ( 5257): Background partial concurrent mark sweep GC freed 316897(14MB) AllocSpace objects, 0(0B) LOS objects, 22% free, 56MB/72MB, paused 1.772ms total 106.564ms
I/art     ( 5257): Background sticky concurrent mark sweep GC freed 193659(5MB) AllocSpace objects, 0(0B) LOS objects, 6% free, 65MB/70MB, paused 5.135ms total 47.173ms
I/art     ( 5257): Background sticky concurrent mark sweep GC freed 103312(3MB) AllocSpace objects, 0(0B) LOS objects, 3% free, 68MB/70MB, paused 5.697ms total 35.769ms
I/art     ( 5257): Background partial concurrent mark sweep GC freed 289055(11MB) AllocSpace objects, 2(171KB) LOS objects, 20% free, 63MB/79MB, paused 1.149ms total 131.591ms
I/art     ( 5257): Background partial concurrent mark sweep GC freed 167305(7MB) AllocSpace objects, 16(5MB) LOS objects, 17% free, 78MB/94MB, paused 4.431ms total 150.627ms
I/art     ( 5257): WaitForGcToComplete blocked for 36.475ms for cause Alloc
I/art     ( 5257): Background sticky concurrent mark sweep GC freed 118337(3MB) AllocSpace objects, 0(0B) LOS objects, 0% free, 92MB/92MB, paused 5.846ms total 81.163ms
I/art     ( 5257): WaitForGcToComplete blocked for 31.829ms for cause Alloc
I/art     ( 5257): Clamp target GC heap from 101MB to 96MB
I/art     ( 5257): Background partial concurrent mark sweep GC freed 1374(4MB) AllocSpace objects, 4(6MB) LOS objects, 10% free, 85MB/96MB, paused 466us total 195.362ms
I/art     ( 5257): WaitForGcToComplete blocked for 144.724ms for cause Alloc
I/art     ( 5257): WaitForGcToComplete blocked for 16.634ms for cause HeapTrim
I/art     ( 5257): Alloc sticky concurrent mark sweep GC freed 218(1126KB) AllocSpace objects, 0(0B) LOS objects, 7% free, 88MB/96MB, paused 820us total 19.862ms
I/art     ( 5257): Clamp target GC heap from 104MB to 96MB
I/art     ( 5257): Alloc partial concurrent mark sweep GC freed 115971(3MB) AllocSpace objects, 0(0B) LOS objects, 7% free, 88MB/96MB, paused 503us total 116.093ms
I/art     ( 5257): Alloc sticky concurrent mark sweep GC freed 166010(4MB) AllocSpace objects, 0(0B) LOS objects, 7% free, 88MB/96MB, paused 975us total 16.329ms
I/art     ( 5257): Alloc sticky concurrent mark sweep GC freed 153944(4MB) AllocSpace objects, 0(0B) LOS objects, 7% free, 88MB/96MB, paused 603us total 16.980ms
I/art     ( 5257): Alloc sticky concurrent mark sweep GC freed 4944(1877KB) AllocSpace objects, 0(0B) LOS objects, 7% free, 88MB/96MB, paused 762us total 10.282ms
I/art     ( 5257): Alloc sticky concurrent mark sweep GC freed 64861(2MB) AllocSpace objects, 0(0B) LOS objects, 7% free, 88MB/96MB, paused 639us total 16.745ms
I/art     ( 5257): Alloc sticky concurrent mark sweep GC freed 106322(2MB) AllocSpace objects, 0(0B) LOS objects, 7% free, 88MB/96MB, paused 488us total 17.028ms
I/art     ( 5257): Alloc sticky concurrent mark sweep GC freed 105888(2MB) AllocSpace objects, 0(0B) LOS objects, 7% free, 88MB/96MB, paused 640us total 11.419ms
I/art     ( 1257): Explicit concurrent mark sweep GC freed 469(22KB) AllocSpace objects, 1(36KB) LOS objects, 25% free, 11MB/14MB, paused 273us total 18.112ms
I/art     ( 1257): Explicit concurrent mark sweep GC freed 3(96B) AllocSpace objects, 0(0B) LOS objects, 25% free, 11MB/14MB, paused 205us total 15.551ms
I/art     ( 5257): Alloc sticky concurrent mark sweep GC freed 106028(2MB) AllocSpace objects, 0(0B) LOS objects, 7% free, 88MB/96MB, paused 484us total 10.966ms
I/art     ( 1257): Explicit concurrent mark sweep GC freed 3(96B) AllocSpace objects, 0(0B) LOS objects, 25% free, 11MB/14MB, paused 167us total 15.466ms
I/art     ( 1257): Explicit concurrent mark sweep GC freed 3(96B) AllocSpace objects, 0(0B) LOS objects, 25% free, 11MB/14MB, paused 146us total 15.292ms
I/art     ( 5257): Alloc sticky concurrent mark sweep GC freed 106450(2MB) AllocSpace objects, 0(0B) LOS objects, 7% free, 88MB/96MB, paused 546us total 10.088ms
I/art     ( 1257): Explicit concurrent mark sweep GC freed 3(96B) AllocSpace objects, 0(0B) LOS objects, 25% free, 11MB/14MB, paused 1.098ms total 15.695ms
I/art     ( 5257): Alloc sticky concurrent mark sweep GC freed 108557(2MB) AllocSpace objects, 0(0B) LOS objects, 7% free, 88MB/96MB, paused 652us total 10.948ms
I/art     ( 5257): Alloc sticky concurrent mark sweep GC freed 120390(2MB) AllocSpace objects, 0(0B) LOS objects, 7% free, 88MB/96MB, paused 551us total 14.477ms
I/art     ( 5257): Alloc sticky concurrent mark sweep GC freed 120364(2MB) AllocSpace objects, 0(0B) LOS objects, 7% free, 88MB/96MB, paused 764us total 15.764ms
I/art     ( 5257): Alloc sticky concurrent mark sweep GC freed 105630(2MB) AllocSpace objects, 0(0B) LOS objects, 7% free, 88MB/96MB, paused 882us total 14.422ms
I/art     ( 5257): Alloc sticky concurrent mark sweep GC freed 111778(2MB) AllocSpace objects, 0(0B) LOS objects, 7% free, 88MB/96MB, paused 693us total 16.608ms
I/art     ( 5257): Alloc sticky concurrent mark sweep GC freed 112927(2MB) AllocSpace objects, 0(0B) LOS objects, 7% free, 88MB/96MB, paused 607us total 17.636ms
I/art     ( 5257): Alloc sticky concurrent mark sweep GC freed 100451(2MB) AllocSpace objects, 0(0B) LOS objects, 7% free, 88MB/96MB, paused 547us total 12.649ms
I/art     ( 5257): Alloc sticky concurrent mark sweep GC freed 96111(2MB) AllocSpace objects, 0(0B) LOS objects, 7% free, 88MB/96MB, paused 619us total 14.018ms
