W/ViewRootImpl( 5257): Cancelling event due to no window focus: KeyEvent { action=ACTION_UP, keyCode=KEYCODE_DPAD_CENTER, scanCode=0, metaState=0, flags=0x28, repeatCount=0, eventTime=62322497, downTime=62322497, deviceId=-1, source=0x101 }
W/ViewRootImpl( 5257): Cancelling event due to no window focus: KeyEvent { action=ACTION_UP, keyCode=KEYCODE_DPAD_CENTER, scanCode=0, metaState=0, flags=0x28, repeatCount=0, eventTime=62322497, downTime=62322497, deviceId=-1, source=0x101 }
W/ViewRootImpl( 5257): Cancelling event due to no window focus: KeyEvent { action=ACTION_UP, keyCode=KEYCODE_DPAD_CENTER, scanCode=0, metaState=0, flags=0x28, repeatCount=0, eventTime=62322497, downTime=62322497, deviceId=-1, source=0x101 }
W/InputEventReceiver( 5257): Attempted to finish an input event but the input event receiver has already been disposed.
W/ViewRootImpl( 5257): Dropping event due to root view being removed: MotionEvent { action=ACTION_UP, id[0]=0, x[0]=-113.67909, y[0]=392.9708, toolType[0]=TOOL_TYPE_UNKNOWN, buttonState=0, metaState=0, flags=0x0, edgeFlags=0x0, pointerCount=1, historySize=0, eventTime=62322581, downTime=62322578, deviceId=0, source=0x1002 }
W/InputEventReceiver( 5257): Attempted to finish an input event but the input event receiver has already been disposed.
W/InputMethodManagerService(  510): Window already focused, ignoring focus gain of: com.android.internal.view.IInputMethodClient$Stub$Proxy@252e47de attribute=null, token = android.os.BinderProxy@8bfab21
W/AudioTrack(  510): AUDIO_OUTPUT_FLAG_FAST denied by client
E/AudioMixer(  123): AudioMixer::getTrackName out of available tracks
E/AudioFlinger(  123): no more track names available
E/AudioFlinger(  123): createTrack_l() initCheck failed -12; no control block?
E/AudioTrack(  510): AudioFlinger could not create track, status: -12
E/SoundPool(  510): Error creating AudioTrack
I/ActivityManager(  510): START u0 {act=android.intent.action.MAIN cat=[android.intent.category.LAUNCHER] flg=0x10200000 cmp=com.zzl.falcon.internal/com.squareup.leakcanary.internal.DisplayLeakActivity} from uid 0 on display 0
W/AudioTrack(  510): AUDIO_OUTPUT_FLAG_FAST denied by client
E/AudioMixer(  123): AudioMixer::getTrackName out of available tracks
E/AudioFlinger(  123): no more track names available
E/AudioFlinger(  123): createTrack_l() initCheck failed -12; no control block?
E/AudioTrack(  510): AudioFlinger could not create track, status: -12
E/SoundPool(  510): Error creating AudioTrack
V/WindowManager(  510): Adding window Window{218f1c8c u0 PopupWindow:128c1d3e} at 6 of 11 (after Window{1c461b46 u0 com.zzl.falcon.internal/com.squareup.leakcanary.internal.DisplayLeakActivity})
W/ViewRootImpl( 5257): Cancelling event due to no window focus: KeyEvent { action=ACTION_UP, keyCode=KEYCODE_EQUALS, scanCode=0, metaState=0, flags=0x28, repeatCount=0, eventTime=62323021, downTime=62323021, deviceId=-1, source=0x101 }
W/ViewRootImpl( 5257): Cancelling event due to no window focus: KeyEvent { action=ACTION_UP, keyCode=KEYCODE_EQUALS, scanCode=0, metaState=0, flags=0x28, repeatCount=0, eventTime=62323021, downTime=62323021, deviceId=-1, source=0x101 }
W/ViewRootImpl( 5257): Cancelling event due to no window focus: KeyEvent { action=ACTION_UP, keyCode=KEYCODE_EQUALS, scanCode=0, metaState=0, flags=0x28, repeatCount=0, eventTime=62323021, downTime=62323021, deviceId=-1, source=0x101 }
W/ViewRootImpl( 5257): Cancelling event due to no window focus: KeyEvent { action=ACTION_UP, keyCode=KEYCODE_EQUALS, scanCode=0, metaState=0, flags=0x28, repeatCount=0, eventTime=62323021, downTime=62323021, deviceId=-1, source=0x101 }
W/ViewRootImpl( 5257): Cancelling event due to no window focus: KeyEvent { action=ACTION_UP, keyCode=KEYCODE_EQUALS, scanCode=0, metaState=0, flags=0x28, repeatCount=0, eventTime=62323021, downTime=62323021, deviceId=-1, source=0x101 }
W/ViewRootImpl( 5257): Cancelling event due to no window focus: KeyEvent { action=ACTION_UP, keyCode=KEYCODE_EQUALS, scanCode=0, metaState=0, flags=0x28, repeatCount=0, eventTime=62323021, downTime=62323021, deviceId=-1, source=0x101 }
W/ViewRootImpl( 5257): Cancelling event due to no window focus: KeyEvent { action=ACTION_UP, keyCode=KEYCODE_EQUALS, scanCode=0, metaState=0, flags=0x28, repeatCount=0, eventTime=62323021, downTime=62323021, deviceId=-1, source=0x101 }
W/ViewRootImpl( 5257): Cancelling event due to no window focus: KeyEvent { action=ACTION_UP, keyCode=KEYCODE_EQUALS, scanCode=0, metaState=0, flags=0x28, repeatCount=0, eventTime=62323021, downTime=62323021, deviceId=-1, source=0x101 }
W/ViewRootImpl( 5257): Cancelling event due to no window focus: KeyEvent { action=ACTION_UP, keyCode=KEYCODE_EQUALS, scanCode=0, metaState=0, flags=0x28, repeatCount=0, eventTime=62323021, downTime=62323021, deviceId=-1, source=0x101 }
W/EGL_emulation( 5257): eglSurfaceAttrib not implemented
W/OpenGLRenderer( 5257): Failed to set EGL_SWAP_BEHAVIOR on surface 0xe14dd620, error=EGL_SUCCESS
W/ViewRootImpl( 5257): Dropping event due to no window focus: KeyEvent { action=ACTION_DOWN, keyCode=KEYCODE_DPAD_CENTER, scanCode=0, metaState=0, flags=0x8, repeatCount=0, eventTime=62323065, downTime=62323065, deviceId=-1, source=0x101 }
W/AudioTrack(  510): AUDIO_OUTPUT_FLAG_FAST denied by client
E/AudioMixer(  123): AudioMixer::getTrackName out of available tracks
E/AudioFlinger(  123): no more track names available
E/AudioFlinger(  123): createTrack_l() initCheck failed -12; no control block?
E/AudioTrack(  510): AudioFlinger could not create track, status: -12
E/SoundPool(  510): Error creating AudioTrack
W/ViewRootImpl( 5257): Cancelling event due to no window focus: KeyEvent { action=ACTION_UP, keyCode=KEYCODE_DPAD_CENTER, scanCode=0, metaState=0, flags=0x28, repeatCount=0, eventTime=62323071, downTime=62323071, deviceId=-1, source=0x101 }
W/ViewRootImpl( 5257): Cancelling event due to no window focus: KeyEvent { action=ACTION_UP, keyCode=KEYCODE_DPAD_CENTER, scanCode=0, metaState=0, flags=0x28, repeatCount=0, eventTime=62323071, downTime=62323071, deviceId=-1, source=0x101 }
W/ViewRootImpl( 5257): Cancelling event due to no window focus: KeyEvent { action=ACTION_UP, keyCode=KEYCODE_DPAD_CENTER, scanCode=0, metaState=0, flags=0x28, repeatCount=0, eventTime=62323071, downTime=62323071, deviceId=-1, source=0x101 }
W/ViewRootImpl( 5257): Cancelling event due to no window focus: KeyEvent { action=ACTION_UP, keyCode=KEYCODE_DPAD_CENTER, scanCode=0, metaState=0, flags=0x28, repeatCount=0, eventTime=62323071, downTime=62323071, deviceId=-1, source=0x101 }
W/ViewRootImpl( 5257): Cancelling event due to no window focus: KeyEvent { action=ACTION_UP, keyCode=KEYCODE_DPAD_CENTER, scanCode=0, metaState=0, flags=0x28, repeatCount=0, eventTime=62323071, downTime=62323071, deviceId=-1, source=0x101 }
W/ViewRootImpl( 5257): Cancelling event due to no window focus: KeyEvent { action=ACTION_UP, keyCode=KEYCODE_DPAD_CENTER, scanCode=0, metaState=0, flags=0x28, repeatCount=0, eventTime=62323071, downTime=62323071, deviceId=-1, source=0x101 }
W/ViewRootImpl( 5257): Cancelling event due to no window focus: KeyEvent { action=ACTION_UP, keyCode=KEYCODE_DPAD_CENTER, scanCode=0, metaState=0, flags=0x28, repeatCount=0, eventTime=62323071, downTime=62323071, deviceId=-1, source=0x101 }
W/ViewRootImpl( 5257): Cancelling event due to no window focus: KeyEvent { action=ACTION_UP, keyCode=KEYCODE_DPAD_CENTER, scanCode=0, metaState=0, flags=0x28, repeatCount=0, eventTime=62323071, downTime=62323071, deviceId=-1, source=0x101 }
W/ViewRootImpl( 5257): Cancelling event due to no window focus: KeyEvent { action=ACTION_UP, keyCode=KEYCODE_DPAD_CENTER, scanCode=0, metaState=0, flags=0x28, repeatCount=0, eventTime=62323071, downTime=62323071, deviceId=-1, source=0x101 }
W/InputEventReceiver( 5257): Attempted to finish an input event but the input event receiver has already been disposed.
W/InputMethodManagerService(  510): Window already focused, ignoring focus gain of: com.android.internal.view.IInputMethodClient$Stub$Proxy@175303ea attribute=null, token = android.os.BinderProxy@8bfab21
W/AudioTrack(  510): AUDIO_OUTPUT_FLAG_FAST denied by client
E/AudioMixer(  123): AudioMixer::getTrackName out of available tracks
E/AudioFlinger(  123): no more track names available
E/AudioFlinger(  123): createTrack_l() initCheck failed -12; no control block?
E/AudioTrack(  510): AudioFlinger could not create track, status: -12
E/SoundPool(  510): Error creating AudioTrack
V/WindowManager(  510): Adding window Window{23577578 u0 PopupWindow:20bb0f31} at 6 of 11 (after Window{1c461b46 u0 com.zzl.falcon.internal/com.squareup.leakcanary.internal.DisplayLeakActivity})
W/ViewRootImpl( 5257): Dropping event due to no window focus: KeyEvent { action=ACTION_DOWN, keyCode=KEYCODE_DPAD_DOWN, scanCode=0, metaState=0, flags=0x8, repeatCount=0, eventTime=62323308, downTime=62323308, deviceId=-1, source=0x101 }
W/ViewRootImpl( 5257): Cancelling event due to no window focus: KeyEvent { action=ACTION_UP, keyCode=KEYCODE_DPAD_DOWN, scanCode=0, metaState=0, flags=0x28, repeatCount=0, eventTime=62323523, downTime=62323523, deviceId=-1, source=0x101 }
W/ViewRootImpl( 5257): Cancelling event due to no window focus: KeyEvent { action=ACTION_UP, keyCode=KEYCODE_DPAD_DOWN, scanCode=0, metaState=0, flags=0x28, repeatCount=0, eventTime=62323523, downTime=62323523, deviceId=-1, source=0x101 }
W/ViewRootImpl( 5257): Cancelling event due to no window focus: KeyEvent { action=ACTION_UP, keyCode=KEYCODE_DPAD_DOWN, scanCode=0, metaState=0, flags=0x28, repeatCount=0, eventTime=62323523, downTime=62323523, deviceId=-1, source=0x101 }
W/ViewRootImpl( 5257): Cancelling event due to no window focus: KeyEvent { action=ACTION_UP, keyCode=KEYCODE_DPAD_DOWN, scanCode=0, metaState=0, flags=0x28, repeatCount=0, eventTime=62323523, downTime=62323523, deviceId=-1, source=0x101 }
W/ViewRootImpl( 5257): Cancelling event due to no window focus: KeyEvent { action=ACTION_UP, keyCode=KEYCODE_DPAD_DOWN, scanCode=0, metaState=0, flags=0x28, repeatCount=0, eventTime=62323523, downTime=62323523, deviceId=-1, source=0x101 }
W/ViewRootImpl( 5257): Cancelling event due to no window focus: KeyEvent { action=ACTION_UP, keyCode=KEYCODE_DPAD_DOWN, scanCode=0, metaState=0, flags=0x28, repeatCount=0, eventTime=62323523, downTime=62323523, deviceId=-1, source=0x101 }
W/ViewRootImpl( 5257): Cancelling event due to no window focus: KeyEvent { action=ACTION_UP, keyCode=KEYCODE_DPAD_DOWN, scanCode=0, metaState=0, flags=0x28, repeatCount=0, eventTime=62323523, downTime=62323523, deviceId=-1, source=0x101 }
W/ViewRootImpl( 5257): Cancelling event due to no window focus: KeyEvent { action=ACTION_UP, keyCode=KEYCODE_DPAD_DOWN, scanCode=0, metaState=0, flags=0x28, repeatCount=0, eventTime=62323523, downTime=62323523, deviceId=-1, source=0x101 }
W/ViewRootImpl( 5257): Cancelling event due to no window focus: KeyEvent { action=ACTION_UP, keyCode=KEYCODE_DPAD_DOWN, scanCode=0, metaState=0, flags=0x28, repeatCount=0, eventTime=62323523, downTime=62323523, deviceId=-1, source=0x101 }
W/ViewRootImpl( 5257): Dropping event due to no window focus: KeyEvent { action=ACTION_DOWN, keyCode=KEYCODE_DPAD_DOWN, scanCode=0, metaState=0, flags=0x8, repeatCount=0, eventTime=62323525, downTime=62323525, deviceId=-1, source=0x101 }
W/ViewRootImpl( 5257): Cancelling event due to no window focus: KeyEvent { action=ACTION_UP, keyCode=KEYCODE_DPAD_DOWN, scanCode=0, metaState=0, flags=0x28, repeatCount=0, eventTime=62323526, downTime=62323526, deviceId=-1, source=0x101 }
W/ViewRootImpl( 5257): Cancelling event due to no window focus: KeyEvent { action=ACTION_UP, keyCode=KEYCODE_DPAD_DOWN, scanCode=0, metaState=0, flags=0x28, repeatCount=0, eventTime=62323526, downTime=62323526, deviceId=-1, source=0x101 }
W/ViewRootImpl( 5257): Cancelling event due to no window focus: KeyEvent { action=ACTION_UP, keyCode=KEYCODE_DPAD_DOWN, scanCode=0, metaState=0, flags=0x28, repeatCount=0, eventTime=62323526, downTime=62323526, deviceId=-1, source=0x101 }
W/ViewRootImpl( 5257): Cancelling event due to no window focus: KeyEvent { action=ACTION_UP, keyCode=KEYCODE_DPAD_DOWN, scanCode=0, metaState=0, flags=0x28, repeatCount=0, eventTime=62323526, downTime=62323526, deviceId=-1, source=0x101 }
W/ViewRootImpl( 5257): Cancelling event due to no window focus: KeyEvent { action=ACTION_UP, keyCode=KEYCODE_DPAD_DOWN, scanCode=0, metaState=0, flags=0x28, repeatCount=0, eventTime=62323526, downTime=62323526, deviceId=-1, source=0x101 }
W/ViewRootImpl( 5257): Cancelling event due to no window focus: KeyEvent { action=ACTION_UP, keyCode=KEYCODE_DPAD_DOWN, scanCode=0, metaState=0, flags=0x28, repeatCount=0, eventTime=62323526, downTime=62323526, deviceId=-1, source=0x101 }
W/ViewRootImpl( 5257): Cancelling event due to no window focus: KeyEvent { action=ACTION_UP, keyCode=KEYCODE_DPAD_DOWN, scanCode=0, metaState=0, flags=0x28, repeatCount=0, eventTime=62323526, downTime=62323526, deviceId=-1, source=0x101 }
W/ViewRootImpl( 5257): Cancelling event due to no window focus: KeyEvent { action=ACTION_UP, keyCode=KEYCODE_DPAD_DOWN, scanCode=0, metaState=0, flags=0x28, repeatCount=0, eventTime=62323526, downTime=62323526, deviceId=-1, source=0x101 }
W/ViewRootImpl( 5257): Cancelling event due to no window focus: KeyEvent { action=ACTION_UP, keyCode=KEYCODE_DPAD_DOWN, scanCode=0, metaState=0, flags=0x28, repeatCount=0, eventTime=62323526, downTime=62323526, deviceId=-1, source=0x101 }
W/ViewRootImpl( 5257): Dropping event due to no window focus: KeyEvent { action=ACTION_DOWN, keyCode=KEYCODE_TV_NUMBER_ENTRY, scanCode=0, metaState=0, flags=0x8, repeatCount=0, eventTime=62323527, downTime=62323527, deviceId=-1, source=0x101 }
W/ViewRootImpl( 5257): Cancelling event due to no window focus: KeyEvent { action=ACTION_UP, keyCode=KEYCODE_TV_NUMBER_ENTRY, scanCode=0, metaState=0, flags=0x28, repeatCount=0, eventTime=62323535, downTime=62323535, deviceId=-1, source=0x101 }
W/ViewRootImpl( 5257): Cancelling event due to no window focus: KeyEvent { action=ACTION_UP, keyCode=KEYCODE_TV_NUMBER_ENTRY, scanCode=0, metaState=0, flags=0x28, repeatCount=0, eventTime=62323535, downTime=62323535, deviceId=-1, source=0x101 }
W/ViewRootImpl( 5257): Cancelling event due to no window focus: KeyEvent { action=ACTION_UP, keyCode=KEYCODE_TV_NUMBER_ENTRY, scanCode=0, metaState=0, flags=0x28, repeatCount=0, eventTime=62323535, downTime=62323535, deviceId=-1, source=0x101 }
W/ViewRootImpl( 5257): Cancelling event due to no window focus: KeyEvent { action=ACTION_UP, keyCode=KEYCODE_TV_NUMBER_ENTRY, scanCode=0, metaState=0, flags=0x28, repeatCount=0, eventTime=62323535, downTime=62323535, deviceId=-1, source=0x101 }
W/ViewRootImpl( 5257): Cancelling event due to no window focus: KeyEvent { action=ACTION_UP, keyCode=KEYCODE_TV_NUMBER_ENTRY, scanCode=0, metaState=0, flags=0x28, repeatCount=0, eventTime=62323535, downTime=62323535, deviceId=-1, source=0x101 }
W/ViewRootImpl( 5257): Cancelling event due to no window focus: KeyEvent { action=ACTION_UP, keyCode=KEYCODE_TV_NUMBER_ENTRY, scanCode=0, metaState=0, flags=0x28, repeatCount=0, eventTime=62323535, downTime=62323535, deviceId=-1, source=0x101 }
W/ViewRootImpl( 5257): Cancelling event due to no window focus: KeyEvent { action=ACTION_UP, keyCode=KEYCODE_TV_NUMBER_ENTRY, scanCode=0, metaState=0, flags=0x28, repeatCount=0, eventTime=62323535, downTime=62323535, deviceId=-1, source=0x101 }
W/ViewRootImpl( 5257): Cancelling event due to no window focus: KeyEvent { action=ACTION_UP, keyCode=KEYCODE_TV_NUMBER_ENTRY, scanCode=0, metaState=0, flags=0x28, repeatCount=0, eventTime=62323535, downTime=62323535, deviceId=-1, source=0x101 }
W/ViewRootImpl( 5257): Cancelling event due to no window focus: KeyEvent { action=ACTION_UP, keyCode=KEYCODE_TV_NUMBER_ENTRY, scanCode=0, metaState=0, flags=0x28, repeatCount=0, eventTime=62323535, downTime=62323535, deviceId=-1, source=0x101 }
W/EGL_emulation( 5257): eglSurfaceAttrib not implemented
W/OpenGLRenderer( 5257): Failed to set EGL_SWAP_BEHAVIOR on surface 0xe14dd8a0, error=EGL_SUCCESS
W/ViewRootImpl( 5257): Dropping event due to no window focus: KeyEvent { action=ACTION_DOWN, keyCode=KEYCODE_MENU, scanCode=0, metaState=0, flags=0x8, repeatCount=0, eventTime=62323537, downTime=62323537, deviceId=-1, source=0x101 }
W/ViewRootImpl( 5257): Cancelling event due to no window focus: KeyEvent { action=ACTION_UP, keyCode=KEYCODE_MENU, scanCode=0, metaState=0, flags=0x28, repeatCount=0, eventTime=62323539, downTime=62323539, deviceId=-1, source=0x101 }
W/ViewRootImpl( 5257): Cancelling event due to no window focus: KeyEvent { action=ACTION_UP, keyCode=KEYCODE_MENU, scanCode=0, metaState=0, flags=0x28, repeatCount=0, eventTime=62323539, downTime=62323539, deviceId=-1, source=0x101 }
W/ViewRootImpl( 5257): Cancelling event due to no window focus: KeyEvent { action=ACTION_UP, keyCode=KEYCODE_MENU, scanCode=0, metaState=0, flags=0x28, repeatCount=0, eventTime=62323539, downTime=62323539, deviceId=-1, source=0x101 }
W/ViewRootImpl( 5257): Cancelling event due to no window focus: KeyEvent { action=ACTION_UP, keyCode=KEYCODE_MENU, scanCode=0, metaState=0, flags=0x28, repeatCount=0, eventTime=62323539, downTime=62323539, deviceId=-1, source=0x101 }
W/ViewRootImpl( 5257): Cancelling event due to no window focus: KeyEvent { action=ACTION_UP, keyCode=KEYCODE_MENU, scanCode=0, metaState=0, flags=0x28, repeatCount=0, eventTime=62323539, downTime=62323539, deviceId=-1, source=0x101 }
W/ViewRootImpl( 5257): Cancelling event due to no window focus: KeyEvent { action=ACTION_UP, keyCode=KEYCODE_MENU, scanCode=0, metaState=0, flags=0x28, repeatCount=0, eventTime=62323539, downTime=62323539, deviceId=-1, source=0x101 }
W/InputEventReceiver( 5257): Attempted to finish an input event but the input event receiver has already been disposed.
W/ViewRootImpl( 5257): Dropping event due to root view being removed: MotionEvent { action=ACTION_DOWN, id[0]=0, x[0]=255.0, y[0]=598.0, toolType[0]=TOOL_TYPE_UNKNOWN, buttonState=0, metaState=0, flags=0x0, edgeFlags=0x0, pointerCount=1, historySize=0, eventTime=62323678, downTime=62323678, deviceId=0, source=0x1002 }
W/InputEventReceiver( 5257): Attempted to finish an input event but the input event receiver has already been disposed.
W/ViewRootImpl( 5257): Dropping event due to root view being removed: MotionEvent { action=ACTION_UP, id[0]=0, x[0]=247.72125, y[0]=596.93176, toolType[0]=TOOL_TYPE_UNKNOWN, buttonState=0, metaState=0, flags=0x0, edgeFlags=0x0, pointerCount=1, historySize=0, eventTime=62323680, downTime=62323678, deviceId=0, source=0x1002 }
W/InputEventReceiver( 5257): Attempted to finish an input event but the input event receiver has already been disposed.
W/InputMethodManagerService(  510): Window already focused, ignoring focus gain of: com.android.internal.view.IInputMethodClient$Stub$Proxy@4d7c451 attribute=null, token = android.os.BinderProxy@8bfab21
W/AudioTrack(  510): AUDIO_OUTPUT_FLAG_FAST denied by client
E/AudioMixer(  123): AudioMixer::getTrackName out of available tracks
E/AudioFlinger(  123): no more track names available
E/AudioFlinger(  123): createTrack_l() initCheck failed -12; no control block?
E/AudioTrack(  510): AudioFlinger could not create track, status: -12
E/SoundPool(  510): Error creating AudioTrack
V/WindowManager(  510): Adding window Window{39b655b7 u0 PopupWindow:3f53fda2} at 6 of 11 (after Window{1c461b46 u0 com.zzl.falcon.internal/com.squareup.leakcanary.internal.DisplayLeakActivity})
I/ActivityManager(  510): START u0 {act=android.intent.action.MAIN cat=[android.intent.category.LAUNCHER] flg=0x10200000 cmp=com.zzl.falcon.internal/com.zzl.falcon.EntranceActivity} from uid 0 on display 0
W/ViewRootImpl( 5257): Cancelling event due to no window focus: KeyEvent { action=ACTION_UP, keyCode=KEYCODE_VOLUME_UP, scanCode=0, metaState=0, flags=0x28, repeatCount=0, eventTime=62323741, downTime=62323741, deviceId=-1, source=0x101 }
W/ViewRootImpl( 5257): Cancelling event due to no window focus: KeyEvent { action=ACTION_UP, keyCode=KEYCODE_VOLUME_UP, scanCode=0, metaState=0, flags=0x28, repeatCount=0, eventTime=62323741, downTime=62323741, deviceId=-1, source=0x101 }
W/ViewRootImpl( 5257): Cancelling event due to no window focus: KeyEvent { action=ACTION_UP, keyCode=KEYCODE_VOLUME_UP, scanCode=0, metaState=0, flags=0x28, repeatCount=0, eventTime=62323741, downTime=62323741, deviceId=-1, source=0x101 }
W/ViewRootImpl( 5257): Cancelling event due to no window focus: KeyEvent { action=ACTION_UP, keyCode=KEYCODE_VOLUME_UP, scanCode=0, metaState=0, flags=0x28, repeatCount=0, eventTime=62323741, downTime=62323741, deviceId=-1, source=0x101 }
W/ViewRootImpl( 5257): Cancelling event due to no window focus: KeyEvent { action=ACTION_UP, keyCode=KEYCODE_VOLUME_UP, scanCode=0, metaState=0, flags=0x28, repeatCount=0, eventTime=62323741, downTime=62323741, deviceId=-1, source=0x101 }
W/ViewRootImpl( 5257): Cancelling event due to no window focus: KeyEvent { action=ACTION_UP, keyCode=KEYCODE_VOLUME_UP, scanCode=0, metaState=0, flags=0x28, repeatCount=0, eventTime=62323741, downTime=62323741, deviceId=-1, source=0x101 }
W/ViewRootImpl( 5257): Cancelling event due to no window focus: KeyEvent { action=ACTION_UP, keyCode=KEYCODE_VOLUME_UP, scanCode=0, metaState=0, flags=0x28, repeatCount=0, eventTime=62323741, downTime=62323741, deviceId=-1, source=0x101 }
E/EGL_emulation(  504): tid 504: eglCreateSyncKHR(1209): error 0x3004 (EGL_BAD_ATTRIBUTE)
W/EGL_emulation(  637): eglSurfaceAttrib not implemented
W/OpenGLRenderer(  637): Failed to set EGL_SWAP_BEHAVIOR on surface 0xe20091e0, error=EGL_SUCCESS
W/EGL_emulation( 5257): eglSurfaceAttrib not implemented
W/OpenGLRenderer( 5257): Failed to set EGL_SWAP_BEHAVIOR on surface 0xe14c15e0, error=EGL_SUCCESS
W/AudioTrack(  510): AUDIO_OUTPUT_FLAG_FAST denied by client
E/AudioMixer(  123): AudioMixer::getTrackName out of available tracks
E/AudioFlinger(  123): no more track names available
E/AudioFlinger(  123): createTrack_l() initCheck failed -12; no control block?
E/AudioTrack(  510): AudioFlinger could not create track, status: -12
E/SoundPool(  510): Error creating AudioTrack
I/InputDispatcher(  510): Dropping event because there is no touchable window at (577, 742).
W/InputManager(  510): Input event injection from pid 6820 failed.
W/InputManager(  510): Input event injection from pid 6820 failed.
I/InputDispatcher(  510): Dropping event because there is no touchable window at (413, 474).
W/InputManager(  510): Input event injection from pid 6820 failed.
W/InputManager(  510): Input event injection from pid 6820 failed.
D/ForegroundCallbacks( 1257): went foreground
I/awcn.SessionCenter( 1257): |[seq:[default]] [forground]
I/awcn.SessionCenter( 1257): |[seq:umeng:56aadbf567e58e38d4000976] [forground]
D/awcn.StrategyCenter( 1257):  getSchemeByHost host:umengacs.m.taobao.com scheme:https
D/awcn.SessionCenter( 1257): |[seq:umeng:56aadbf567e58e38d4000976] getInternal u:https://umengacs.m.taobao.com TypeClass:SPDY timeout:0
D/awcn.StrategyCenter( 1257):  getSchemeByHost host:umengacs.m.taobao.com scheme:https
D/awcn.SessionCenter( 1257): |[seq:umeng:56aadbf567e58e38d4000976] get internal hit cache session session:Session@[umeng:56aadbf567e58e38d4000976.AWCN3_1|http2_0rtt_acs]
W/EGL_emulation( 1257): eglSurfaceAttrib not implemented
W/OpenGLRenderer( 1257): Failed to set EGL_SWAP_BEHAVIOR on surface 0xe1040640, error=EGL_SUCCESS
W/EGL_emulation( 1257): eglSurfaceAttrib not implemented
W/OpenGLRenderer( 1257): Failed to set EGL_SWAP_BEHAVIOR on surface 0xf3f99dc0, error=EGL_SUCCESS
W/ViewRootImpl( 1257): Dropping event due to no window focus: KeyEvent { action=ACTION_DOWN, keyCode=KEYCODE_MENU, scanCode=0, metaState=0, flags=0x8, repeatCount=0, eventTime=62324007, downTime=62324007, deviceId=-1, source=0x101 }
D/OpenGLRenderer(  637): endAllStagingAnimators on 0xe20fad80 (RippleDrawable) with handle 0xe2044b50
W/ViewRootImpl( 1257): Cancelling event due to no window focus: KeyEvent { action=ACTION_UP, keyCode=KEYCODE_MENU, scanCode=0, metaState=0, flags=0x28, repeatCount=0, eventTime=62324085, downTime=62324085, deviceId=-1, source=0x101 }
W/ViewRootImpl( 1257): Cancelling event due to no window focus: KeyEvent { action=ACTION_UP, keyCode=KEYCODE_MENU, scanCode=0, metaState=0, flags=0x28, repeatCount=0, eventTime=62324085, downTime=62324085, deviceId=-1, source=0x101 }
W/ViewRootImpl( 1257): Cancelling event due to no window focus: KeyEvent { action=ACTION_UP, keyCode=KEYCODE_MENU, scanCode=0, metaState=0, flags=0x28, repeatCount=0, eventTime=62324085, downTime=62324085, deviceId=-1, source=0x101 }
W/ViewRootImpl( 1257): Cancelling event due to no window focus: KeyEvent { action=ACTION_UP, keyCode=KEYCODE_MENU, scanCode=0, metaState=0, flags=0x28, repeatCount=0, eventTime=62324085, downTime=62324085, deviceId=-1, source=0x101 }
W/ViewRootImpl( 1257): Cancelling event due to no window focus: KeyEvent { action=ACTION_UP, keyCode=KEYCODE_MENU, scanCode=0, metaState=0, flags=0x28, repeatCount=0, eventTime=62324085, downTime=62324085, deviceId=-1, source=0x101 }
W/ViewRootImpl( 1257): Cancelling event due to no window focus: KeyEvent { action=ACTION_UP, keyCode=KEYCODE_MENU, scanCode=0, metaState=0, flags=0x28, repeatCount=0, eventTime=62324085, downTime=62324085, deviceId=-1, source=0x101 }
W/AudioTrack(  510): AUDIO_OUTPUT_FLAG_FAST denied by client
E/AudioMixer(  123): AudioMixer::getTrackName out of available tracks
E/AudioFlinger(  123): no more track names available
E/AudioFlinger(  123): createTrack_l() initCheck failed -12; no control block?
E/AudioTrack(  510): AudioFlinger could not create track, status: -12
E/SoundPool(  510): Error creating AudioTrack
W/ViewRootImpl( 1257): Cancelling event due to no window focus: KeyEvent { action=ACTION_UP, keyCode=KEYCODE_DPAD_RIGHT, scanCode=0, metaState=0, flags=0x28, repeatCount=0, eventTime=62324479, downTime=62324479, deviceId=-1, source=0x101 }
W/ViewRootImpl( 1257): Cancelling event due to no window focus: KeyEvent { action=ACTION_UP, keyCode=KEYCODE_DPAD_RIGHT, scanCode=0, metaState=0, flags=0x28, repeatCount=0, eventTime=62324479, downTime=62324479, deviceId=-1, source=0x101 }
W/ViewRootImpl( 1257): Cancelling event due to no window focus: KeyEvent { action=ACTION_UP, keyCode=KEYCODE_DPAD_RIGHT, scanCode=0, metaState=0, flags=0x28, repeatCount=0, eventTime=62324479, downTime=62324479, deviceId=-1, source=0x101 }
W/ViewRootImpl( 1257): Cancelling event due to no window focus: KeyEvent { action=ACTION_UP, keyCode=KEYCODE_DPAD_RIGHT, scanCode=0, metaState=0, flags=0x28, repeatCount=0, eventTime=62324479, downTime=62324479, deviceId=-1, source=0x101 }
W/ViewRootImpl( 1257): Cancelling event due to no window focus: KeyEvent { action=ACTION_UP, keyCode=KEYCODE_DPAD_RIGHT, scanCode=0, metaState=0, flags=0x28, repeatCount=0, eventTime=62324479, downTime=62324479, deviceId=-1, source=0x101 }
W/ViewRootImpl( 1257): Cancelling event due to no window focus: KeyEvent { action=ACTION_UP, keyCode=KEYCODE_DPAD_RIGHT, scanCode=0, metaState=0, flags=0x28, repeatCount=0, eventTime=62324479, downTime=62324479, deviceId=-1, source=0x101 }
W/ViewRootImpl( 1257): Cancelling event due to no window focus: KeyEvent { action=ACTION_UP, keyCode=KEYCODE_DPAD_RIGHT, scanCode=0, metaState=0, flags=0x28, repeatCount=0, eventTime=62324479, downTime=62324479, deviceId=-1, source=0x101 }
W/ViewRootImpl( 1257): Cancelling event due to no window focus: KeyEvent { action=ACTION_UP, keyCode=KEYCODE_DPAD_RIGHT, scanCode=0, metaState=0, flags=0x28, repeatCount=0, eventTime=62324479, downTime=62324479, deviceId=-1, source=0x101 }
W/ViewRootImpl( 1257): Cancelling event due to no window focus: KeyEvent { action=ACTION_UP, keyCode=KEYCODE_DPAD_RIGHT, scanCode=0, metaState=0, flags=0x28, repeatCount=0, eventTime=62324479, downTime=62324479, deviceId=-1, source=0x101 }
W/ViewRootImpl( 1257): Dropping event due to no window focus: KeyEvent { action=ACTION_DOWN, keyCode=KEYCODE_MENU, scanCode=0, metaState=0, flags=0x8, repeatCount=0, eventTime=62324480, downTime=62324480, deviceId=-1, source=0x101 }
W/InputMethodManagerService(  510): Starting input on non-focused client com.android.internal.view.IInputMethodClient$Stub$Proxy@a4f2ca8 (uid=10068 pid=5257)
W/ViewRootImpl( 1257): Cancelling event due to no window focus: KeyEvent { action=ACTION_UP, keyCode=KEYCODE_MENU, scanCode=0, metaState=0, flags=0x28, repeatCount=0, eventTime=62324523, downTime=62324523, deviceId=-1, source=0x101 }
W/ViewRootImpl( 1257): Cancelling event due to no window focus: KeyEvent { action=ACTION_UP, keyCode=KEYCODE_MENU, scanCode=0, metaState=0, flags=0x28, repeatCount=0, eventTime=62324523, downTime=62324523, deviceId=-1, source=0x101 }
W/ViewRootImpl( 1257): Cancelling event due to no window focus: KeyEvent { action=ACTION_UP, keyCode=KEYCODE_MENU, scanCode=0, metaState=0, flags=0x28, repeatCount=0, eventTime=62324523, downTime=62324523, deviceId=-1, source=0x101 }
W/ViewRootImpl( 1257): Cancelling event due to no window focus: KeyEvent { action=ACTION_UP, keyCode=KEYCODE_MENU, scanCode=0, metaState=0, flags=0x28, repeatCount=0, eventTime=62324523, downTime=62324523, deviceId=-1, source=0x101 }
W/ViewRootImpl( 1257): Cancelling event due to no window focus: KeyEvent { action=ACTION_UP, keyCode=KEYCODE_MENU, scanCode=0, metaState=0, flags=0x28, repeatCount=0, eventTime=62324523, downTime=62324523, deviceId=-1, source=0x101 }
W/ViewRootImpl( 1257): Cancelling event due to no window focus: KeyEvent { action=ACTION_UP, keyCode=KEYCODE_MENU, scanCode=0, metaState=0, flags=0x28, repeatCount=0, eventTime=62324523, downTime=62324523, deviceId=-1, source=0x101 }
D/WebView ( 1257): show url http://116.236.220.210:8084/mobileWeb/informain/technicalSupport?osType=Android
W/ViewRootImpl( 1257): Dropping event due to no window focus: KeyEvent { action=ACTION_DOWN, keyCode=KEYCODE_DPAD_UP, scanCode=0, metaState=0, flags=0x8, repeatCount=0, eventTime=62324789, downTime=62324789, deviceId=-1, source=0x101 }
W/ViewRootImpl( 1257): Cancelling event due to no window focus: KeyEvent { action=ACTION_UP, keyCode=KEYCODE_DPAD_UP, scanCode=0, metaState=0, flags=0x28, repeatCount=0, eventTime=62324798, downTime=62324798, deviceId=-1, source=0x101 }
W/ViewRootImpl( 1257): Cancelling event due to no window focus: KeyEvent { action=ACTION_UP, keyCode=KEYCODE_DPAD_UP, scanCode=0, metaState=0, flags=0x28, repeatCount=0, eventTime=62324798, downTime=62324798, deviceId=-1, source=0x101 }
W/ViewRootImpl( 1257): Cancelling event due to no window focus: KeyEvent { action=ACTION_UP, keyCode=KEYCODE_DPAD_UP, scanCode=0, metaState=0, flags=0x28, repeatCount=0, eventTime=62324798, downTime=62324798, deviceId=-1, source=0x101 }
W/ViewRootImpl( 1257): Cancelling event due to no window focus: KeyEvent { action=ACTION_UP, keyCode=KEYCODE_DPAD_UP, scanCode=0, metaState=0, flags=0x28, repeatCount=0, eventTime=62324798, downTime=62324798, deviceId=-1, source=0x101 }
W/ViewRootImpl( 1257): Cancelling event due to no window focus: KeyEvent { action=ACTION_UP, keyCode=KEYCODE_DPAD_UP, scanCode=0, metaState=0, flags=0x28, repeatCount=0, eventTime=62324798, downTime=62324798, deviceId=-1, source=0x101 }
W/ViewRootImpl( 1257): Cancelling event due to no window focus: KeyEvent { action=ACTION_UP, keyCode=KEYCODE_DPAD_UP, scanCode=0, metaState=0, flags=0x28, repeatCount=0, eventTime=62324798, downTime=62324798, deviceId=-1, source=0x101 }
W/InputMethodManagerService(  510): Window already focused, ignoring focus gain of: com.android.internal.view.IInputMethodClient$Stub$Proxy@1827766 attribute=null, token = android.os.BinderProxy@26838ee2
W/AudioFlinger(  123): write blocked for 10036 msecs, 4 delayed writes, thread 0xf58ba000
W/UnimplementedWebViewApi( 1257): Unimplemented WebView method onKeyMultiple called from: android.webkit.WebView.onKeyMultiple(WebView.java:2320)
W/UnimplementedWebViewApi( 1257): Unimplemented WebView method onKeyDown called from: android.webkit.WebView.onKeyDown(WebView.java:2310)
I/chromium( 1257): [INFO:CONSOLE(1)] "Uncaught ReferenceError: jump is not defined", source:  (1)
W/UnimplementedWebViewApi( 1257): Unimplemented WebView method onKeyDown called from: android.webkit.WebView.onKeyDown(WebView.java:2310)
W/AudioTrack(  510): AUDIO_OUTPUT_FLAG_FAST denied by client
E/AudioMixer(  123): AudioMixer::getTrackName out of available tracks
E/AudioFlinger(  123): no more track names available
E/AudioFlinger(  123): createTrack_l() initCheck failed -12; no control block?
E/AudioTrack(  510): AudioFlinger could not create track, status: -12
E/SoundPool(  510): Error creating AudioTrack
W/UnimplementedWebViewApi( 1257): Unimplemented WebView method onKeyDown called from: android.webkit.WebView.onKeyDown(WebView.java:2310)
W/AudioTrack(  510): AUDIO_OUTPUT_FLAG_FAST denied by client
E/AudioMixer(  123): AudioMixer::getTrackName out of available tracks
E/AudioFlinger(  123): no more track names available
E/AudioFlinger(  123): createTrack_l() initCheck failed -12; no control block?
E/AudioTrack(  510): AudioFlinger could not create track, status: -12
W/UnimplementedWebViewApi( 1257): Unimplemented WebView method onKeyDown called from: android.webkit.WebView.onKeyDown(WebView.java:2310)
E/SoundPool(  510): Error creating AudioTrack
W/AudioTrack(  510): AUDIO_OUTPUT_FLAG_FAST denied by client
W/UnimplementedWebViewApi( 1257): Unimplemented WebView method onKeyDown called from: android.webkit.WebView.onKeyDown(WebView.java:2310)
E/AudioMixer(  123): AudioMixer::getTrackName out of available tracks
E/AudioFlinger(  123): no more track names available
E/AudioFlinger(  123): createTrack_l() initCheck failed -12; no control block?
E/AudioTrack(  510): AudioFlinger could not create track, status: -12
E/SoundPool(  510): Error creating AudioTrack
D/PhoneStatusBar(  637): disable: < expand ICONS* alerts SYSTEM_INFO* back home recent clock search >
W/EGL_emulation(  637): eglSurfaceAttrib not implemented
W/OpenGLRenderer(  637): Failed to set EGL_SWAP_BEHAVIOR on surface 0xeed5e2e0, error=EGL_SUCCESS
W/ViewRootImpl(  637): Dropping event due to no window focus: KeyEvent { action=ACTION_DOWN, keyCode=KEYCODE_DPAD_DOWN, scanCode=0, metaState=0, flags=0x8, repeatCount=0, eventTime=62327079, downTime=62327079, deviceId=-1, source=0x101 }
W/ViewRootImpl(  637): Cancelling event due to no window focus: KeyEvent { action=ACTION_UP, keyCode=KEYCODE_DPAD_DOWN, scanCode=0, metaState=0, flags=0x28, repeatCount=0, eventTime=62327098, downTime=62327098, deviceId=-1, source=0x101 }
W/ViewRootImpl(  637): Cancelling event due to no window focus: KeyEvent { action=ACTION_UP, keyCode=KEYCODE_DPAD_DOWN, scanCode=0, metaState=0, flags=0x28, repeatCount=0, eventTime=62327098, downTime=62327098, deviceId=-1, source=0x101 }
W/ViewRootImpl(  637): Cancelling event due to no window focus: KeyEvent { action=ACTION_UP, keyCode=KEYCODE_DPAD_DOWN, scanCode=0, metaState=0, flags=0x28, repeatCount=0, eventTime=62327098, downTime=62327098, deviceId=-1, source=0x101 }
W/ViewRootImpl(  637): Cancelling event due to no window focus: KeyEvent { action=ACTION_UP, keyCode=KEYCODE_DPAD_DOWN, scanCode=0, metaState=0, flags=0x28, repeatCount=0, eventTime=62327098, downTime=62327098, deviceId=-1, source=0x101 }
W/ViewRootImpl(  637): Cancelling event due to no window focus: KeyEvent { action=ACTION_UP, keyCode=KEYCODE_DPAD_DOWN, scanCode=0, metaState=0, flags=0x28, repeatCount=0, eventTime=62327098, downTime=62327098, deviceId=-1, source=0x101 }
W/ViewRootImpl(  637): Cancelling event due to no window focus: KeyEvent { action=ACTION_UP, keyCode=KEYCODE_DPAD_DOWN, scanCode=0, metaState=0, flags=0x28, repeatCount=0, eventTime=62327098, downTime=62327098, deviceId=-1, source=0x101 }
W/ViewRootImpl(  637): Cancelling event due to no window focus: KeyEvent { action=ACTION_UP, keyCode=KEYCODE_DPAD_DOWN, scanCode=0, metaState=0, flags=0x28, repeatCount=0, eventTime=62327098, downTime=62327098, deviceId=-1, source=0x101 }
W/ViewRootImpl(  637): Cancelling event due to no window focus: KeyEvent { action=ACTION_UP, keyCode=KEYCODE_DPAD_DOWN, scanCode=0, metaState=0, flags=0x28, repeatCount=0, eventTime=62327098, downTime=62327098, deviceId=-1, source=0x101 }
W/ViewRootImpl(  637): Cancelling event due to no window focus: KeyEvent { action=ACTION_UP, keyCode=KEYCODE_DPAD_DOWN, scanCode=0, metaState=0, flags=0x28, repeatCount=0, eventTime=62327098, downTime=62327098, deviceId=-1, source=0x101 }
W/ViewRootImpl(  637): Dropping event due to no window focus: KeyEvent { action=ACTION_DOWN, keyCode=KEYCODE_DPAD_RIGHT, scanCode=0, metaState=0, flags=0x8, repeatCount=0, eventTime=62327145, downTime=62327145, deviceId=-1, source=0x101 }
W/AudioTrack(  510): AUDIO_OUTPUT_FLAG_FAST denied by client
E/AudioMixer(  123): AudioMixer::getTrackName out of available tracks
E/AudioFlinger(  123): no more track names available
E/AudioFlinger(  123): createTrack_l() initCheck failed -12; no control block?
E/AudioTrack(  510): AudioFlinger could not create track, status: -12
E/SoundPool(  510): Error creating AudioTrack
D/PhoneStatusBar(  637): disable: < expand icons* alerts system_info* back home recent clock search >
W/EGL_emulation(  637): eglSurfaceAttrib not implemented
W/OpenGLRenderer(  637): Failed to set EGL_SWAP_BEHAVIOR on surface 0xeed5e2e0, error=EGL_SUCCESS
W/InputMethodManagerService(  510): Window already focused, ignoring focus gain of: com.android.internal.view.IInputMethodClient$Stub$Proxy@23d21aa7 attribute=null, token = android.os.BinderProxy@26838ee2
W/AudioTrack(  510): AUDIO_OUTPUT_FLAG_FAST denied by client
E/AudioMixer(  123): AudioMixer::getTrackName out of available tracks
E/AudioFlinger(  123): no more track names available
E/AudioFlinger(  123): createTrack_l() initCheck failed -12; no control block?
E/AudioTrack(  510): AudioFlinger could not create track, status: -12
W/UnimplementedWebViewApi( 1257): Unimplemented WebView method onKeyMultiple called from: android.webkit.WebView.onKeyMultiple(WebView.java:2320)
W/UnimplementedWebViewApi( 1257): Unimplemented WebView method onKeyDown called from: android.webkit.WebView.onKeyDown(WebView.java:2310)
E/SoundPool(  510): Error creating AudioTrack
W/UnimplementedWebViewApi( 1257): Unimplemented WebView method onKeyDown called from: android.webkit.WebView.onKeyDown(WebView.java:2310)
W/AudioTrack(  510): AUDIO_OUTPUT_FLAG_FAST denied by client
E/AudioMixer(  123): AudioMixer::getTrackName out of available tracks
E/AudioFlinger(  123): no more track names available
E/AudioFlinger(  123): createTrack_l() initCheck failed -12; no control block?
E/AudioTrack(  510): AudioFlinger could not create track, status: -12
E/SoundPool(  510): Error creating AudioTrack
D/awcn.DefaultHeartbeatImpl( 1257): |[seq:umeng:56aadbf567e58e38d4000976.AWCN3_1] heartbeat session:Session@[umeng:56aadbf567e58e38d4000976.AWCN3_1|http2_0rtt_acs]
D/awcn.TnetSpdySession( 1257): |[seq:umeng:56aadbf567e58e38d4000976.AWCN3_1] ping host:https://umengacs.m.taobao.com thread:AWCN Scheduler1
D/awcn.TnetSpdySession( 1257): |[seq:umeng:56aadbf567e58e38d4000976.AWCN3_1] https://umengacs.m.taobao.com submit ping ms:45050 force:true
D/awcn.DefaultHeartbeatImpl( 1257): |[seq:umeng:56aadbf567e58e38d4000976.AWCN3_1] reSchedule session:Session@[umeng:56aadbf567e58e38d4000976.AWCN3_1|http2_0rtt_acs] delay:45050
I/awcn.TnetSpdySession( 1257): |[seq:umeng:56aadbf567e58e38d4000976.AWCN3_1] ping receive Host:https://umengacs.m.taobao.com id:3
W/UnimplementedWebViewApi( 1257): Unimplemented WebView method onKeyDown called from: android.webkit.WebView.onKeyDown(WebView.java:2310)
W/AudioTrack(  510): AUDIO_OUTPUT_FLAG_FAST denied by client
E/AudioMixer(  123): AudioMixer::getTrackName out of available tracks
E/AudioFlinger(  123): no more track names available
E/AudioFlinger(  123): createTrack_l() initCheck failed -12; no control block?
E/AudioTrack(  510): AudioFlinger could not create track, status: -12
E/SoundPool(  510): Error creating AudioTrack
W/UnimplementedWebViewApi( 1257): Unimplemented WebView method onKeyDown called from: android.webkit.WebView.onKeyDown(WebView.java:2310)
W/AudioTrack(  510): AUDIO_OUTPUT_FLAG_FAST denied by client
E/AudioMixer(  123): AudioMixer::getTrackName out of available tracks
E/AudioFlinger(  123): no more track names available
E/AudioFlinger(  123): createTrack_l() initCheck failed -12; no control block?
E/AudioTrack(  510): AudioFlinger could not create track, status: -12
E/SoundPool(  510): Error creating AudioTrack
W/UnimplementedWebViewApi( 1257): Unimplemented WebView method onKeyDown called from: android.webkit.WebView.onKeyDown(WebView.java:2310)
W/AudioTrack(  510): AUDIO_OUTPUT_FLAG_FAST denied by client
E/AudioMixer(  123): AudioMixer::getTrackName out of available tracks
E/AudioFlinger(  123): no more track names available
E/AudioFlinger(  123): createTrack_l() initCheck failed -12; no control block?
E/AudioTrack(  510): AudioFlinger could not create track, status: -12
E/SoundPool(  510): Error creating AudioTrack
W/UnimplementedWebViewApi( 1257): Unimplemented WebView method onKeyDown called from: android.webkit.WebView.onKeyDown(WebView.java:2310)
I/ActivityManager(  510): START u0 {act=android.intent.action.CALL_BUTTON flg=0x10000000 cmp=com.android.dialer/.DialtactsActivity} from uid 10068 on display 0
W/UnimplementedWebViewApi( 1257): Unimplemented WebView method onKeyMultiple called from: android.webkit.WebView.onKeyMultiple(WebView.java:2320)
W/UnimplementedWebViewApi( 1257): Unimplemented WebView method onKeyDown called from: android.webkit.WebView.onKeyDown(WebView.java:2310)
W/UnimplementedWebViewApi( 1257): Unimplemented WebView method onKeyDown called from: android.webkit.WebView.onKeyDown(WebView.java:2310)
W/AudioTrack(  510): AUDIO_OUTPUT_FLAG_FAST denied by client
E/AudioMixer(  123): AudioMixer::getTrackName out of available tracks
E/AudioFlinger(  123): no more track names available
E/AudioFlinger(  123): createTrack_l() initCheck failed -12; no control block?
E/AudioTrack(  510): AudioFlinger could not create track, status: -12
E/SoundPool(  510): Error creating AudioTrack
W/UnimplementedWebViewApi( 1257): Unimplemented WebView method onKeyDown called from: android.webkit.WebView.onKeyDown(WebView.java:2310)
W/AudioTrack(  510): AUDIO_OUTPUT_FLAG_FAST denied by client
E/AudioMixer(  123): AudioMixer::getTrackName out of available tracks
E/AudioFlinger(  123): no more track names available
E/AudioFlinger(  123): createTrack_l() initCheck failed -12; no control block?
E/AudioTrack(  510): AudioFlinger could not create track, status: -12
E/SoundPool(  510): Error creating AudioTrack
W/UnimplementedWebViewApi( 1257): Unimplemented WebView method onKeyDown called from: android.webkit.WebView.onKeyDown(WebView.java:2310)
W/AudioTrack(  510): AUDIO_OUTPUT_FLAG_FAST denied by client
E/AudioMixer(  123): AudioMixer::getTrackName out of available tracks
E/AudioFlinger(  123): no more track names available
E/AudioFlinger(  123): createTrack_l() initCheck failed -12; no control block?
E/AudioTrack(  510): AudioFlinger could not create track, status: -12
E/SoundPool(  510): Error creating AudioTrack
W/UnimplementedWebViewApi( 1257): Unimplemented WebView method onKeyMultiple called from: android.webkit.WebView.onKeyMultiple(WebView.java:2320)
W/UnimplementedWebViewApi( 1257): Unimplemented WebView method onKeyDown called from: android.webkit.WebView.onKeyDown(WebView.java:2310)
W/UnimplementedWebViewApi( 1257): Unimplemented WebView method onKeyDown called from: android.webkit.WebView.onKeyDown(WebView.java:2310)
W/AudioTrack(  510): AUDIO_OUTPUT_FLAG_FAST denied by client
E/AudioMixer(  123): AudioMixer::getTrackName out of available tracks
E/AudioFlinger(  123): no more track names available
E/AudioFlinger(  123): createTrack_l() initCheck failed -12; no control block?
E/AudioTrack(  510): AudioFlinger could not create track, status: -12
E/SoundPool(  510): Error creating AudioTrack
W/UnimplementedWebViewApi( 1257): Unimplemented WebView method onKeyDown called from: android.webkit.WebView.onKeyDown(WebView.java:2310)
W/AudioTrack(  510): AUDIO_OUTPUT_FLAG_FAST denied by client
E/AudioMixer(  123): AudioMixer::getTrackName out of available tracks
E/AudioFlinger(  123): no more track names available
E/AudioFlinger(  123): createTrack_l() initCheck failed -12; no control block?
E/AudioTrack(  510): AudioFlinger could not create track, status: -12
E/SoundPool(  510): Error creating AudioTrack
W/AudioFlinger(  123): write blocked for 10063 msecs, 5 delayed writes, thread 0xf58ba000
W/UnimplementedWebViewApi( 1257): Unimplemented WebView method onKeyMultiple called from: android.webkit.WebView.onKeyMultiple(WebView.java:2320)
W/UnimplementedWebViewApi( 1257): Unimplemented WebView method onKeyDown called from: android.webkit.WebView.onKeyDown(WebView.java:2310)
W/UnimplementedWebViewApi( 1257): Unimplemented WebView method onKeyDown called from: android.webkit.WebView.onKeyDown(WebView.java:2310)
W/AudioTrack(  510): AUDIO_OUTPUT_FLAG_FAST denied by client
I/ActivityManager(  510): START u0 {act=android.intent.action.SHOW_BRIGHTNESS_DIALOG cmp=com.android.systemui/.settings.BrightnessDialog} from uid 1000 on display 0
D/PhoneStatusBar(  637): disable: < expand ICONS* alerts SYSTEM_INFO* back home recent clock search >
W/EGL_emulation(  637): eglSurfaceAttrib not implemented
W/OpenGLRenderer(  637): Failed to set EGL_SWAP_BEHAVIOR on surface 0xeed5e2e0, error=EGL_SUCCESS
W/ViewRootImpl(  637): Dropping event due to no window focus: KeyEvent { action=ACTION_DOWN, keyCode=KEYCODE_MENU, scanCode=0, metaState=0, flags=0x8, repeatCount=0, eventTime=62335775, downTime=62335775, deviceId=-1, source=0x101 }
W/ViewRootImpl(  637): Cancelling event due to no window focus: KeyEvent { action=ACTION_UP, keyCode=KEYCODE_MENU, scanCode=0, metaState=0, flags=0x28, repeatCount=0, eventTime=62335857, downTime=62335857, deviceId=-1, source=0x101 }
W/ViewRootImpl(  637): Cancelling event due to no window focus: KeyEvent { action=ACTION_UP, keyCode=KEYCODE_MENU, scanCode=0, metaState=0, flags=0x28, repeatCount=0, eventTime=62335857, downTime=62335857, deviceId=-1, source=0x101 }
W/ViewRootImpl(  637): Cancelling event due to no window focus: KeyEvent { action=ACTION_UP, keyCode=KEYCODE_MENU, scanCode=0, metaState=0, flags=0x28, repeatCount=0, eventTime=62335857, downTime=62335857, deviceId=-1, source=0x101 }
W/ViewRootImpl(  637): Cancelling event due to no window focus: KeyEvent { action=ACTION_UP, keyCode=KEYCODE_MENU, scanCode=0, metaState=0, flags=0x28, repeatCount=0, eventTime=62335857, downTime=62335857, deviceId=-1, source=0x101 }
W/ViewRootImpl(  637): Cancelling event due to no window focus: KeyEvent { action=ACTION_UP, keyCode=KEYCODE_MENU, scanCode=0, metaState=0, flags=0x28, repeatCount=0, eventTime=62335857, downTime=62335857, deviceId=-1, source=0x101 }
W/ViewRootImpl(  637): Cancelling event due to no window focus: KeyEvent { action=A