--------- beginning of main
D/accs.UtilityImpl( 1159):  setServiceTime:1515724300622
D/NetworkMonitor/NetworkAgentInfo [WIFI () - 100](  510): OfflineState{ when=-101ms what=532488 arg2=1 target=com.android.internal.util.StateMachine$SmHandler }
D/NetworkMonitor/NetworkAgentInfo [WIFI () - 100](  510): DefaultState{ when=-101ms what=532488 arg2=1 target=com.android.internal.util.StateMachine$SmHandler }
D/NetworkMonitor/NetworkAgentInfo [WIFI () - 100](  510): Forcing reevaluation
D/NetworkMonitor/NetworkAgentInfo [WIFI () - 100](  510): EvaluatingState{ when=0 what=532486 arg1=101 target=com.android.internal.util.StateMachine$SmHandler }
D/NetworkMonitor/NetworkAgentInfo [WIFI () - 100](  510): Checking http://connectivitycheck.android.com/generate_204 on "WiredSSID"
D/NetworkMonitor/NetworkAgentInfo [WIFI () - 100](  510): Probably not a portal: exception java.net.SocketTimeoutException: failed to connect to connectivitycheck.android.com/172.217.160.110 (port 80) after 10000ms
I/tnet-jni( 1235): 103 - [spdyPingRecvCallback] - 
I/tnet-jni( 1235): 103 - [SpdySessionCallBack.spdyPingRecvCallback] - org.android.spdy.SpdySession@c5a37ed
D/accs.SpdyConnection( 1235):  spdyPingRecvCallback uniId:570
D/accs.MessageHandler( 1235):  onRcvPing
D/accs.HeartbeatManager( 1235):  onHeartbeatSucc
D/accs.OrangeAdapter( 1235):  isSmartHb result:true
D/accs.HeartbeatManager( 1235):  set 480
I/tnet-jni( 1159): 99 - [spdyPingRecvCallback] - 
I/tnet-jni( 1159): 99 - [SpdySessionCallBack.spdyPingRecvCallback] - org.android.spdy.SpdySession@39f1e094
D/accs.SilenceConn_umeng:56aadbf567e58e38d4000976( 1159):  spdyPingRecvCallback uniId:570
D/accs.MsgRecv_umeng:56aadbf567e58e38d4000976( 1159):  onRcvPing
D/accs.HeartbeatManager( 1159):  onHeartbeatSucc
D/accs.OrangeAdapter( 1159):  isSmartHb result:true
D/accs.HeartbeatManager( 1159):  set 480
D/MDnsDS  (  119): MDnsSdListener::Monitor poll timed out
D/MDnsDS  (  119): Going to poll with pollCount 1
I/tnet-jni( 1235): 103 - [spdyPingRecvCallback] - 
I/tnet-jni( 1235): 103 - [SpdySessionCallBack.spdyPingRecvCallback] - org.android.spdy.SpdySession@c5a37ed
D/accs.SpdyConnection( 1235):  spdyPingRecvCallback uniId:572
D/accs.MessageHandler( 1235):  onRcvPing
D/accs.HeartbeatManager( 1235):  onHeartbeatSucc
D/accs.OrangeAdapter( 1235):  isSmartHb result:true
D/accs.HeartbeatManager( 1235):  set 480
D/accs.UtilityImpl( 1235):  setServiceTime:1515724716304
I/tnet-jni( 1159): 99 - [spdyPingRecvCallback] - 
I/tnet-jni( 1159): 99 - [SpdySessionCallBack.spdyPingRecvCallback] - org.android.spdy.SpdySession@39f1e094
D/accs.SilenceConn_umeng:56aadbf567e58e38d4000976( 1159):  spdyPingRecvCallback uniId:572
D/accs.MsgRecv_umeng:56aadbf567e58e38d4000976( 1159):  onRcvPing
D/accs.HeartbeatManager( 1159):  onHeartbeatSucc
D/accs.OrangeAdapter( 1159):  isSmartHb result:true
D/accs.HeartbeatManager( 1159):  set 480
D/accs.UtilityImpl( 1159):  setServiceTime:1515724720633
I/tnet-jni( 1235): 103 - [spdyPingRecvCallback] - 
I/tnet-jni( 1235): 103 - [SpdySessionCallBack.spdyPingRecvCallback] - org.android.spdy.SpdySession@c5a37ed
D/accs.SpdyConnection( 1235):  spdyPingRecvCallback uniId:574
D/accs.MessageHandler( 1235):  onRcvPing
D/accs.HeartbeatManager( 1235):  onHeartbeatSucc
D/accs.OrangeAdapter( 1235):  isSmartHb result:true
D/accs.HeartbeatManager( 1235):  set 480
I/tnet-jni( 1159): 99 - [spdyPingRecvCallback] - 
I/tnet-jni( 1159): 99 - [SpdySessionCallBack.spdyPingRecvCallback] - org.android.spdy.SpdySession@39f1e094
D/accs.SilenceConn_umeng:56aadbf567e58e38d4000976( 1159):  spdyPingRecvCallback uniId:574
D/accs.MsgRecv_umeng:56aadbf567e58e38d4000976( 1159):  onRcvPing
D/accs.HeartbeatManager( 1159):  onHeartbeatSucc
D/accs.OrangeAdapter( 1159):  isSmartHb result:true
D/accs.HeartbeatManager( 1159):  set 480
D/NetworkMonitor/NetworkAgentInfo [WIFI () - 100](  510): OfflineState{ when=-100ms what=532488 arg2=1 target=com.android.internal.util.StateMachine$SmHandler }
D/NetworkMonitor/NetworkAgentInfo [WIFI () - 100](  510): DefaultState{ when=-100ms what=532488 arg2=1 target=com.android.internal.util.StateMachine$SmHandler }
D/NetworkMonitor/NetworkAgentInfo [WIFI () - 100](  510): Forcing reevaluation
D/NetworkMonitor/NetworkAgentInfo [WIFI () - 100](  510): EvaluatingState{ when=0 what=532486 arg1=102 target=com.android.internal.util.StateMachine$SmHandler }
D/NetworkMonitor/NetworkAgentInfo [WIFI () - 100](  510): Checking http://connectivitycheck.android.com/generate_204 on "WiredSSID"
D/NetworkMonitor/NetworkAgentInfo [WIFI () - 100](  510): Probably not a portal: exception java.net.SocketTimeoutException: failed to connect to connectivitycheck.android.com/216.58.200.46 (port 80) after 10000ms
I/tnet-jni( 1235): 103 - [spdyPingRecvCallback] - 
I/tnet-jni( 1235): 103 - [SpdySessionCallBack.spdyPingRecvCallback] - org.android.spdy.SpdySession@c5a37ed
D/accs.SpdyConnection( 1235):  spdyPingRecvCallback uniId:576
D/accs.MessageHandler( 1235):  onRcvPing
D/accs.HeartbeatManager( 1235):  onHeartbeatSucc
D/accs.OrangeAdapter( 1235):  isSmartHb result:true
D/accs.HeartbeatManager( 1235):  set 480
D/accs.UtilityImpl( 1235):  setServiceTime:1515725136312
I/tnet-jni( 1159): 99 - [spdyPingRecvCallback] - 
I/tnet-jni( 1159): 99 - [SpdySessionCallBack.spdyPingRecvCallback] - org.android.spdy.SpdySession@39f1e094
D/accs.SilenceConn_umeng:56aadbf567e58e38d4000976( 1159):  spdyPingRecvCallback uniId:576
D/accs.MsgRecv_umeng:56aadbf567e58e38d4000976( 1159):  onRcvPing
D/accs.HeartbeatManager( 1159):  onHeartbeatSucc
D/accs.OrangeAdapter( 1159):  isSmartHb result:true
D/accs.HeartbeatManager( 1159):  set 480
D/accs.UtilityImpl( 1159):  setServiceTime:1515725140645
I/tnet-jni( 1235): 103 - [spdyPingRecvCallback] - 
I/tnet-jni( 1235): 103 - [SpdySessionCallBack.spdyPingRecvCallback] - org.android.spdy.SpdySession@c5a37ed
D/accs.SpdyConnection( 1235):  spdyPingRecvCallback uniId:578
D/accs.MessageHandler( 1235):  onRcvPing
D/accs.HeartbeatManager( 1235):  onHeartbeatSucc
D/accs.OrangeAdapter( 1235):  isSmartHb result:true
D/accs.HeartbeatManager( 1235):  set 480
I/tnet-jni( 1159): 99 - [spdyPingRecvCallback] - 
I/tnet-jni( 1159): 99 - [SpdySessionCallBack.spdyPingRecvCallback] - org.android.spdy.SpdySession@39f1e094
D/accs.SilenceConn_umeng:56aadbf567e58e38d4000976( 1159):  spdyPingRecvCallback uniId:578
D/accs.MsgRecv_umeng:56aadbf567e58e38d4000976( 1159):  onRcvPing
D/accs.HeartbeatManager( 1159):  onHeartbeatSucc
D/accs.OrangeAdapter( 1159):  isSmartHb result:true
D/accs.HeartbeatManager( 1159):  set 480
I/tnet-jni( 1235): 103 - [spdyPingRecvCallback] - 
I/tnet-jni( 1235): 103 - [SpdySessionCallBack.spdyPingRecvCallback] - org.android.spdy.SpdySession@c5a37ed
D/accs.SpdyConnection( 1235):  spdyPingRecvCallback uniId:580
D/accs.MessageHandler( 1235):  onRcvPing
D/accs.HeartbeatManager( 1235):  onHeartbeatSucc
D/accs.OrangeAdapter( 1235):  isSmartHb result:true
D/accs.HeartbeatManager( 1235):  set 480
D/accs.UtilityImpl( 1235):  setServiceTime:1515725556328
I/tnet-jni( 1159): 99 - [spdyPingRecvCallback] - 
I/tnet-jni( 1159): 99 - [SpdySessionCallBack.spdyPingRecvCallback] - org.android.spdy.SpdySession@39f1e094
D/accs.SilenceConn_umeng:56aadbf567e58e38d4000976( 1159):  spdyPingRecvCallback uniId:580
D/accs.MsgRecv_umeng:56aadbf567e58e38d4000976( 1159):  onRcvPing
D/accs.HeartbeatManager( 1159):  onHeartbeatSucc
D/accs.OrangeAdapter( 1159):  isSmartHb result:true
D/accs.HeartbeatManager( 1159):  set 480
D/accs.UtilityImpl( 1159):  setServiceTime:1515725560655
D/AndroidRuntime( 5492): >>>>>> START com.android.internal.os.RuntimeInit uid 0 <<<<<<
D/AndroidRuntime( 5492): CheckJNI is OFF
E/memtrack( 5492): Couldn't load memtrack module (No such file or directory)
E/android.os.Debug( 5492): failed to load memtrack module: -2
D/AndroidRuntime( 5492): Calling main entry com.android.commands.pm.Pm
I/art     ( 5492): System.exit called, status: 0
I/AndroidRuntime( 5492): VM exiting with result code 0.
D/AndroidRuntime( 5508): >>>>>> START com.android.internal.os.RuntimeInit uid 0 <<<<<<
D/AndroidRuntime( 5508): CheckJNI is OFF
E/memtrack( 5508): Couldn't load memtrack module (No such file or directory)
E/android.os.Debug( 5508): failed to load memtrack module: -2
D/AndroidRuntime( 5508): Calling main entry com.android.commands.wm.Wm
D/AndroidRuntime( 5508): Shutting down VM
D/AndroidRuntime( 5529): >>>>>> START com.android.internal.os.RuntimeInit uid 0 <<<<<<
D/AndroidRuntime( 5529): CheckJNI is OFF
E/memtrack( 5529): Couldn't load memtrack module (No such file or directory)
E/android.os.Debug( 5529): failed to load memtrack module: -2
D/AndroidRuntime( 5529): Calling main entry com.android.commands.monkey.Monkey
W/AudioTrack(  510): AUDIO_OUTPUT_FLAG_FAST denied by client
D/        (  510): HostConnection::get() New Host Connection established 0xe1412950, tid 1385
E/EGL_emulation(  504): tid 504: eglCreateSyncKHR(1209): error 0x3004 (EGL_BAD_ATTRIBUTE)
I/InputDispatcher(  510): Dropping event because there is no touchable window at (234, 883).
D/ForegroundCallbacks( 1257): went foreground
I/awcn.SessionCenter( 1257): |[seq:[default]] [forground]
I/awcn.SessionCenter( 1257): |[seq:umeng:56aadbf567e58e38d4000976] [forground]
D/awcn.AccsSessionManager( 1257): |[seq:[default]] forceCloseSession reCreate:true
D/awcn.AccsSessionManager( 1257): |[seq:umeng:56aadbf567e58e38d4000976] forceCloseSession reCreate:true
D/awcn.AccsSessionManager( 1257): |[seq:umeng:56aadbf567e58e38d4000976] closeSessions host:https://umengacs.m.taobao.com
D/awcn.SessionRequest( 1257):  closeSessions host:https://umengacs.m.taobao.com autoCreate:false
D/awcn.StrategyCenter( 1257):  getSchemeByHost host:umengacs.m.taobao.com scheme:https
D/awcn.SessionCenter( 1257): |[seq:umeng:56aadbf567e58e38d4000976] getInternal u:https://umengacs.m.taobao.com TypeClass:SPDY timeout:0
D/awcn.StrategyCenter( 1257):  getSchemeByHost host:umengacs.m.taobao.com scheme:https
D/awcn.SessionRequest( 1257): |[seq:umeng:56aadbf567e58e38d4000976.AWCN2] SessionRequest start host:https://umengacs.m.taobao.com type:SPDY
D/getConnStrategyListByHost( 1257): |[seq:host] umengacs.m.taobao.com:result [{106.11.61.106 443 http2_0rtt_acs}, {106.11.61.106 80 http2_0rtt_acs}, {106.11.61.106 443 spdy_0rtt_acs}, {106.11.61.106 80 spdy_0rtt_acs}, {106.11.52.16 443 http2_0rtt_acs}, {106.11.52.16 80 http2_0rtt_acs}, {106.11.52.16 443 spdy_0rtt_acs}, {106.11.52.16 80 spdy_0rtt_acs}, {106.11.61.106 443 https}, {106.11.52.16 443 https}]
D/awcn.SessionRequest( 1257): |[seq:umeng:56aadbf567e58e38d4000976.AWCN2] [getAvailStrategy] strategies:[{106.11.61.106 443 http2_0rtt_acs}, {106.11.61.106 80 http2_0rtt_acs}, {106.11.61.106 443 spdy_0rtt_acs}, {106.11.61.106 80 spdy_0rtt_acs}, {106.11.52.16 443 http2_0rtt_acs}, {106.11.52.16 80 http2_0rtt_acs}, {106.11.52.16 443 spdy_0rtt_acs}, {106.11.52.16 80 spdy_0rtt_acs}]
I/awcn.SessionRequest( 1257): |[seq:umeng:56aadbf567e58e38d4000976.AWCN2_1] create connection... Host:https://umengacs.m.taobao.com Type:http2_0rtt_acs IP:106.11.61.106 Port:443 heartbeat:45000 session:Session@[umeng:56aadbf567e58e38d4000976.AWCN2_1|http2_0rtt_acs]
E/awcn.TnetSpdySession( 1257): |[seq:umeng:56aadbf567e58e38d4000976.AWCN2_1] [connect] host:https://umengacs.m.taobao.com connect :106.11.61.106:443 sessionId:1515725667664 SpdyProtocol,:http2_0rtt_acs proxyIp,: proxyPort,:0
E/awcn.Session( 1257): |[seq:umeng:56aadbf567e58e38d4000976.AWCN2_1] notifyStatus status:CONNECTING
E/awcn.Session( 1257): |[seq:umeng:56aadbf567e58e38d4000976.AWCN2_1] notifyStatus status:CONNECTED
I/accs.InAppConn_umeng:56aadbf567e58e38d4000976( 1257):  auth begin seq:umeng:56aadbf567e58e38d4000976.AWCN2_1
E/accs.InAppConn_umeng:56aadbf567e58e38d4000976( 1257):  1 auth URL:https://umengacs.m.taobao.com/accs/auth?1=WlcCiYIi1P4DAJwcljCxvIg%2F&2=a99486d3758e59fc2556590fba8e45d1f8f54345b3905b582ff5777b1cf28d90&3=umeng:56aadbf567e58e38d4000976&5=1&6=wifi&7=31027&8=1.1.2&9=1515664644671&10=1&11=22&12=com.zzl.falcon.internal&13=2.4.1&14=android@umeng&15=Custom Phone - 5.1.0 - API 22 - 768x1280&16=generic&17=221&19=0
I/awcn.TnetSpdySession( 1257):   request URL:https://umengacs.m.taobao.com/accs/auth?1=WlcCiYIi1P4DAJwcljCxvIg%2F&2=a99486d3758e59fc2556590fba8e45d1f8f54345b3905b582ff5777b1cf28d90&3=umeng:56aadbf567e58e38d4000976&5=1&6=wifi&7=31027&8=1.1.2&9=1515664644671&10=1&11=22&12=com.zzl.falcon.internal&13=2.4.1&14=android@umeng&15=Custom Phone - 5.1.0 - API 22 - 768x1280&16=generic&17=221&19=0
I/awcn.TnetSpdySession( 1257):   request Method:GET
I/awcn.TnetSpdySession( 1257):   request headers:{}
D/awcn.TnetSpdySession( 1257):   streamId:1
D/awcn.DefaultHeartbeatImpl( 1257): |[seq:umeng:56aadbf567e58e38d4000976.AWCN2_1] reSchedule session:Session@[umeng:56aadbf567e58e38d4000976.AWCN2_1|http2_0rtt_acs] delay:1515725712677
E/awcn.TnetSpdySession( 1257): |[seq:umeng:56aadbf567e58e38d4000976.AWCN2_1] spdySessionConnectCB connect connectTime:11 sslTime::1
I/awcn.TnetSpdySession( 1257):   httpStatusCode:200
I/awcn.TnetSpdySession( 1257):   response headers:{date=[Fri, 12 Jan 2018 02:54:28 GMT], server=[Tengine/Aserver/1.0.0_20180111152114], x-at=[WlcCiYIi1P4DAJwcljCxvIg%2Fumeng:56aadbf567e58e38d40009761515740068], content-length=[0], x-workerid=[3469735488087130137], :status=[200]}
E/accs.InAppConn_umeng:56aadbf567e58e38d4000976( 1257):  AUTH httpStatusCode:200 seq:umeng:56aadbf567e58e38d4000976.AWCN2_1
E/awcn.Session( 1257): |[seq:umeng:56aadbf567e58e38d4000976.AWCN2_1] notifyStatus status:AUTH_SUCC
I/awcn.DefaultHeartbeatImpl( 1257): |[seq:umeng:56aadbf567e58e38d4000976.AWCN2_1] heartbeat start session:Session@[umeng:56aadbf567e58e38d4000976.AWCN2_1|http2_0rtt_acs]
D/awcn.TnetSpdySession( 1257): |[seq:umeng:56aadbf567e58e38d4000976.AWCN2_1] spdyOnStreamResponse authTime:0
I/accs.UtilityImpl( 1257):  	header:x-at value:WlcCiYIi1P4DAJwcljCxvIg%2Fumeng:56aadbf567e58e38d40009761515740068
I/accs.UtilityImpl( 1257):  	header:server value:Tengine/Aserver/1.0.0_20180111152114
D/awcn.SessionRequest( 1257): |[seq:umeng:56aadbf567e58e38d4000976.AWCN2_1] Session:Session@[umeng:56aadbf567e58e38d4000976.AWCN2_1|http2_0rtt_acs] EventType:AUTH_SUCC Event:
I/accs.UtilityImpl( 1257):  	header:date value:Fri, 12 Jan 2018 02:54:28 GMT
I/accs.UtilityImpl( 1257):  	header:content-length value:0
I/accs.UtilityImpl( 1257):  	header:x-workerid value:3469735488087130137
I/accs.UtilityImpl( 1257):  	header::status value:200
D/awcn.TnetSpdySession( 1257):  spdyStreamCloseCallback streamId:1
D/awcn.SessionRequest( 1257): |[seq:umeng:56aadbf567e58e38d4000976.AWCN2_1] Connect Success session:Session@[umeng:56aadbf567e58e38d4000976.AWCN2_1|http2_0rtt_acs] host:https://umengacs.m.taobao.com
D/awcn.SessionRequest( 1257):  Receive session event type:AUTH_SUCC
D/awcn.StrategyTable( 1257):  [notifyConnEvent] Host:umengacs.m.taobao.com IConnStrategy:{106.11.61.106 443 http2_0rtt_acs} ConnEvent:ConnEvent#Success
W/EGL_emulation( 1257): eglSurfaceAttrib not implemented
W/OpenGLRenderer( 1257): Failed to set EGL_SWAP_BEHAVIOR on surface 0xde4b8a00, error=EGL_SUCCESS
I/accs.MsgDistributeService( 1257):  onStartCommand action:com.taobao.accs.intent.action.RECEIVE
D/accs.MsgDistribute( 1257):  action:com.taobao.accs.intent.action.RECEIVE
I/accs.MsgDistribute( 1257):  distribute command::103  serviceId::  dataId:: appkey: config:
W/AudioTrack(  510): AUDIO_OUTPUT_FLAG_FAST denied by client
W/AudioTrack(  510): AUDIO_OUTPUT_FLAG_FAST denied by client
W/AudioTrack(  510): AUDIO_OUTPUT_FLAG_FAST denied by client
W/AudioTrack(  510): AUDIO_OUTPUT_FLAG_FAST denied by client
W/AudioTrack(  510): AUDIO_OUTPUT_FLAG_FAST denied by client
W/AudioTrack(  510): AUDIO_OUTPUT_FLAG_FAST denied by client
W/AudioTrack(  510): AUDIO_OUTPUT_FLAG_FAST denied by client
W/AudioTrack(  510): AUDIO_OUTPUT_FLAG_FAST denied by client
W/AudioTrack(  510): AUDIO_OUTPUT_FLAG_FAST denied by client
W/AudioTrack(  510): AUDIO_OUTPUT_FLAG_FAST denied by client
W/AudioTrack(  510): AUDIO_OUTPUT_FLAG_FAST denied by client
W/art     (  637): Long monitor contention event with owner method=void com.android.systemui.volume.VolumePanel.onVolumeChanged(int, int) from VolumePanel.java:1029 waiters=0 for 185ms
W/EGL_emulation(  637): eglSurfaceAttrib not implemented
W/OpenGLRenderer(  637): Failed to set EGL_SWAP_BEHAVIOR on surface 0xe22f2960, error=EGL_SUCCESS
W/AudioTrack(  510): AUDIO_OUTPUT_FLAG_FAST denied by client
W/AudioTrack(  510): AUDIO_OUTPUT_FLAG_FAST denied by client
D/        (  510): HostConnection::get() New Host Connection established 0xe1601da0, tid 662
E/EGL_emulation(  504): tid 504: eglCreateSyncKHR(1209): error 0x3004 (EGL_BAD_ATTRIBUTE)
I/art     (  510): Background sticky concurrent mark sweep GC freed 20095(959KB) AllocSpace objects, 0(0B) LOS objects, 4% free, 18MB/19MB, paused 742us total 107.824ms
I/InputDispatcher(  510): Dropping event because there is no touchable window at (618, 578).
W/ResourceType(  637): No package identifier when getting value for resource number 0x00000000
W/PackageManager(  637): Failure retrieving resources for com.zzl.falcon.internal: Resource ID #0x0
D/        (  510): HostConnection::get() New Host Connection established 0xeeffb9b0, tid 1384
E/EGL_emulation(  504): tid 504: eglCreateSyncKHR(1209): error 0x3004 (EGL_BAD_ATTRIBUTE)
W/art     (  510): Long monitor contention event with owner method=android.app.ActivityManager$TaskThumbnail com.android.server.am.ActivityManagerService.getTaskThumbnail(int) from ActivityManagerService.java:8295 waiters=0 for 276ms
D/ForegroundCallbacks( 1257): went background
W/EGL_emulation( 5257): eglSurfaceAttrib not implemented
W/OpenGLRenderer( 5257): Failed to set EGL_SWAP_BEHAVIOR on surface 0xf3ee9e60, error=EGL_SUCCESS
I/ActivityManager(  510): Displayed com.zzl.falcon.internal/com.squareup.leakcanary.internal.DisplayLeakActivity: +629ms
I/awcn.ComponentCallbacks2( 1257):  onTrimMemory level:20
I/awcn.SessionCenter( 1257): |[seq:[default]] [background]
I/awcn.StrategyCenter( 1257):  saveData
I/awcn.AmdcThreadPoolExecutor( 1257):  thread created! name:AMDC5
I/awcn.SessionCenter( 1257): |[seq:umeng:56aadbf567e58e38d4000976] [background]
I/awcn.StrategyCenter( 1257):  saveData
E/EGL_emulation(  504): tid 504: eglCreateSyncKHR(1209): error 0x3004 (EGL_BAD_ATTRIBUTE)
I/InputDispatcher(  510): Dropping event because there is no touchable window at (355, 290).
I/InputDispatcher(  510): Dropping event because there is no touchable window at (30, 722).
D/ForegroundCallbacks( 1257): went foreground
I/awcn.SessionCenter( 1257): |[seq:[default]] [forground]
I/awcn.SessionCenter( 1257): |[seq:umeng:56aadbf567e58e38d4000976] [forground]
D/awcn.StrategyCenter( 1257):  getSchemeByHost host:umengacs.m.taobao.com scheme:https
D/awcn.SessionCenter( 1257): |[seq:umeng:56aadbf567e58e38d4000976] getInternal u:https://umengacs.m.taobao.com TypeClass:SPDY timeout:0
D/awcn.StrategyCenter( 1257):  getSchemeByHost host:umengacs.m.taobao.com scheme:https
D/awcn.SessionCenter( 1257): |[seq:umeng:56aadbf567e58e38d4000976] get internal hit cache session session:Session@[umeng:56aadbf567e58e38d4000976.AWCN2_1|http2_0rtt_acs]
W/EGL_emulation( 1257): eglSurfaceAttrib not implemented
W/OpenGLRenderer( 1257): Failed to set EGL_SWAP_BEHAVIOR on surface 0xde4b8a00, error=EGL_SUCCESS
W/AudioTrack(  510): AUDIO_OUTPUT_FLAG_FAST denied by client
W/AudioTrack(  510): AUDIO_OUTPUT_FLAG_FAST denied by client
W/AudioTrack(  510): AUDIO_OUTPUT_FLAG_FAST denied by client
I/awcn.SerializeHelper( 1257):  persist end. file:/storage/emulated/0/Android/data/com.zzl.falcon.internal/files/awcn_strategy/ef133debedbd6d843d539e5eb14cfdfd cost:23
I/awcn.SerializeHelper( 1257):  persist end. file:/storage/emulated/0/Android/data/com.zzl.falcon.internal/files/awcn_strategy/0c61135c2fdcd71f15ad7297245abe44 cost:12
I/awcn.SerializeHelper( 1257):  persist end. file:/storage/emulated/0/Android/data/com.zzl.falcon.internal/files/awcn_strategy/49c6a36aaea8ee1549c1cd3e07070c79 cost:9
W/AudioTrack(  510): AUDIO_OUTPUT_FLAG_FAST denied by client
W/AudioTrack(  510): AUDIO_OUTPUT_FLAG_FAST denied by client
W/AudioTrack(  510): AUDIO_OUTPUT_FLAG_FAST denied by client
W/AudioTrack(  510): AUDIO_OUTPUT_FLAG_FAST denied by client
W/AudioTrack(  510): AUDIO_OUTPUT_FLAG_FAST denied by client
W/AudioTrack(  510): AUDIO_OUTPUT_FLAG_FAST denied by client
W/AudioTrack(  510): AUDIO_OUTPUT_FLAG_FAST denied by client
W/AudioTrack(  510): AUDIO_OUTPUT_FLAG_FAST denied by client
W/AudioTrack(  510): AUDIO_OUTPUT_FLAG_FAST denied by client
I/art     ( 5529): System.exit called, status: 0
I/AndroidRuntime( 5529): VM exiting with result code 0.
I/art     ( 1257): Explicit concurrent mark sweep GC freed 29788(2MB) AllocSpace objects, 10(160KB) LOS objects, 39% free, 10MB/16MB, paused 960us total 17.146ms
I/art     ( 1257): Explicit concurrent mark sweep GC freed 1401(60KB) AllocSpace objects, 0(0B) LOS objects, 40% free, 10MB/16MB, paused 527us total 11.673ms
I/art     ( 1257): Explicit concurrent mark sweep GC freed 3(96B) AllocSpace objects, 0(0B) LOS objects, 40% free, 10MB/16MB, paused 321us total 11.664ms
I/art     ( 1257): Explicit concurrent mark sweep GC freed 3(96B) AllocSpace objects, 0(0B) LOS objects, 40% free, 10MB/16MB, paused 243us total 12.326ms
I/art     ( 1257): Explicit concurrent mark sweep GC freed 3(96B) AllocSpace objects, 0(0B) LOS objects, 40% free, 10MB/16MB, paused 237us total 11.617ms
D/NetworkMonitor/NetworkAgentInfo [WIFI () - 100](  510): OfflineState{ when=-92ms what=532488 arg2=1 target=com.android.internal.util.StateMachine$SmHandler }
D/NetworkMonitor/NetworkAgentInfo [WIFI () - 100](  510): DefaultState{ when=-92ms what=532488 arg2=1 target=com.android.internal.util.StateMachine$SmHandler }
D/NetworkMonitor/NetworkAgentInfo [WIFI () - 100](  510): Forcing reevaluation
D/NetworkMonitor/NetworkAgentInfo [WIFI () - 100](  510): EvaluatingState{ when=0 what=532486 arg1=103 target=com.android.internal.util.StateMachine$SmHandler }
D/NetworkMonitor/NetworkAgentInfo [WIFI () - 100](  510): Checking http://connectivitycheck.android.com/generate_204 on "WiredSSID"
D/NetworkMonitor/NetworkAgentInfo [WIFI () - 100](  510): Probably not a portal: exception java.net.SocketTimeoutException: failed to connect to connectivitycheck.android.com/172.217.24.14 (port 80) after 10000ms
D/awcn.DefaultHeartbeatImpl( 1257): |[seq:umeng:56aadbf567e58e38d4000976.AWCN2_1] heartbeat session:Session@[umeng:56aadbf567e58e38d4000976.AWCN2_1|http2_0rtt_acs]
D/awcn.TnetSpdySession( 1257): |[seq:umeng:56aadbf567e58e38d4000976.AWCN2_1] ping host:https://umengacs.m.taobao.com thread:AWCN Scheduler1
D/awcn.TnetSpdySession( 1257): |[seq:umeng:56aadbf567e58e38d4000976.AWCN2_1] https://umengacs.m.taobao.com submit ping ms:45051 force:true
D/awcn.DefaultHeartbeatImpl( 1257): |[seq:umeng:56aadbf567e58e38d4000976.AWCN2_1] reSchedule session:Session@[umeng:56aadbf567e58e38d4000976.AWCN2_1|http2_0rtt_acs] delay:45051
I/awcn.TnetSpdySession( 1257): |[seq:umeng:56aadbf567e58e38d4000976.AWCN2_1] ping receive Host:https://umengacs.m.taobao.com id:1
D/awcn.DefaultHeartbeatImpl( 1257): |[seq:umeng:56aadbf567e58e38d4000976.AWCN2_1] heartbeat session:Session@[umeng:56aadbf567e58e38d4000976.AWCN2_1|http2_0rtt_acs]
D/awcn.TnetSpdySession( 1257): |[seq:umeng:56aadbf567e58e38d4000976.AWCN2_1] ping host:https://umengacs.m.taobao.com thread:AWCN Scheduler1
D/awcn.TnetSpdySession( 1257): |[seq:umeng:56aadbf567e58e38d4000976.AWCN2_1] https://umengacs.m.taobao.com submit ping ms:45051 force:true
D/awcn.DefaultHeartbeatImpl( 1257): |[seq:umeng:56aadbf567e58e38d4000976.AWCN2_1] reSchedule session:Session@[umeng:56aadbf567e58e38d4000976.AWCN2_1|http2_0rtt_acs] delay:45051
I/awcn.TnetSpdySession( 1257): |[seq:umeng:56aadbf567e58e38d4000976.AWCN2_1] ping receive Host:https://umengacs.m.taobao.com id:3
I/tnet-jni( 1235): 103 - [spdyPingRecvCallback] - 
I/tnet-jni( 1235): 103 - [SpdySessionCallBack.spdyPingRecvCallback] - org.android.spdy.SpdySession@c5a37ed
D/accs.SpdyConnection( 1235):  spdyPingRecvCallback uniId:582
D/accs.MessageHandler( 1235):  onRcvPing
D/accs.HeartbeatManager( 1235):  onHeartbeatSucc
D/accs.OrangeAdapter( 1235):  isSmartHb result:true
D/accs.HeartbeatManager( 1235):  set 480
I/tnet-jni( 1159): 99 - [spdyPingRecvCallback] - 
I/tnet-jni( 1159): 99 - [SpdySessionCallBack.spdyPingRecvCallback] - org.android.spdy.SpdySession@39f1e094
D/accs.SilenceConn_umeng:56aadbf567e58e38d4000976( 1159):  spdyPingRecvCallback uniId:582
D/accs.MsgRecv_umeng:56aadbf567e58e38d4000976( 1159):  onRcvPing
D/accs.HeartbeatManager( 1159):  onHeartbeatSucc
D/accs.OrangeAdapter( 1159):  isSmartHb result:true
D/accs.HeartbeatManager( 1159):  set 480
D/awcn.DefaultHeartbeatImpl( 1257): |[seq:umeng:56aadbf567e58e38d4000976.AWCN2_1] heartbeat session:Session@[umeng:56aadbf567e58e38d4000976.AWCN2_1|http2_0rtt_acs]
D/awcn.TnetSpdySession( 1257): |[seq:umeng:56aadbf567e58e38d4000976.AWCN2_1] ping host:https://umengacs.m.taobao.com thread:AWCN Scheduler1
D/awcn.TnetSpdySession( 1257): |[seq:umeng:56aadbf567e58e38d4000976.AWCN2_1] https://umengacs.m.taobao.com submit ping ms:45050 force:true
D/awcn.DefaultHeartbeatImpl( 1257): |[seq:umeng:56aadbf567e58e38d4000976.AWCN2_1] reSchedule session:Session@[umeng:56aadbf567e58e38d4000976.AWCN2_1|http2_0rtt_acs] delay:45050
I/awcn.TnetSpdySession( 1257): |[seq:umeng:56aadbf567e58e38d4000976.AWCN2_1] ping receive Host:https://umengacs.m.taobao.com id:5
D/awcn.DefaultHeartbeatImpl( 1257): |[seq:umeng:56aadbf567e58e38d4000976.AWCN2_1] heartbeat session:Session@[umeng:56aadbf567e58e38d4000976.AWCN2_1|http2_0rtt_acs]
D/awcn.TnetSpdySession( 1257): |[seq:umeng:56aadbf567e58e38d4000976.AWCN2_1] ping host:https://umengacs.m.taobao.com thread:AWCN Scheduler1
D/awcn.TnetSpdySession( 1257): |[seq:umeng:56aadbf567e58e38d4000976.AWCN2_1] https://umengacs.m.taobao.com submit ping ms:45050 force:true
D/awcn.DefaultHeartbeatImpl( 1257): |[seq:umeng:56aadbf567e58e38d4000976.AWCN2_1] reSchedule session:Session@[umeng:56aadbf567e58e38d4000976.AWCN2_1|http2_0rtt_acs] delay:45050
I/awcn.TnetSpdySession( 1257): |[seq:umeng:56aadbf567e58e38d4000976.AWCN2_1] ping receive Host:https://umengacs.m.taobao.com id:7
D/awcn.DefaultHeartbeatImpl( 1257): |[seq:umeng:56aadbf567e58e38d4000976.AWCN2_1] heartbeat session:Session@[umeng:56aadbf567e58e38d4000976.AWCN2_1|http2_0rtt_acs]
D/awcn.TnetSpdySession( 1257): |[seq:umeng:56aadbf567e58e38d4000976.AWCN2_1] ping host:https://umengacs.m.taobao.com thread:AWCN Scheduler1
D/awcn.TnetSpdySession( 1257): |[seq:umeng:56aadbf567e58e38d4000976.AWCN2_1] https://umengacs.m.taobao.com submit ping ms:45054 force:true
D/awcn.DefaultHeartbeatImpl( 1257): |[seq:umeng:56aadbf567e58e38d4000976.AWCN2_1] reSchedule session:Session@[umeng:56aadbf567e58e38d4000976.AWCN2_1|http2_0rtt_acs] delay:45054
I/awcn.TnetSpdySession( 1257): |[seq:umeng:56aadbf567e58e38d4000976.AWCN2_1] ping receive Host:https://umengacs.m.taobao.com id:9
D/awcn.DefaultHeartbeatImpl( 1257): |[seq:umeng:56aadbf567e58e38d4000976.AWCN2_1] heartbeat session:Session@[umeng:56aadbf567e58e38d4000976.AWCN2_1|http2_0rtt_acs]
D/awcn.TnetSpdySession( 1257): |[seq:umeng:56aadbf567e58e38d4000976.AWCN2_1] ping host:https://umengacs.m.taobao.com thread:AWCN Scheduler1
D/awcn.TnetSpdySession( 1257): |[seq:umeng:56aadbf567e58e38d4000976.AWCN2_1] https://umengacs.m.taobao.com submit ping ms:45050 force:true
D/awcn.DefaultHeartbeatImpl( 1257): |[seq:umeng:56aadbf567e58e38d4000976.AWCN2_1] reSchedule session:Session@[umeng:56aadbf567e58e38d4000976.AWCN2_1|http2_0rtt_acs] delay:45050
I/awcn.TnetSpdySession( 1257): |[seq:umeng:56aadbf567e58e38d4000976.AWCN2_1] ping receive Host:https://umengacs.m.taobao.com id:11
I/tnet-jni( 1235): 103 - [spdyPingRecvCallback] - 
I/tnet-jni( 1235): 103 - [SpdySessionCallBack.spdyPingRecvCallback] - org.android.spdy.SpdySession@c5a37ed
D/accs.SpdyConnection( 1235):  spdyPingRecvCallback uniId:584
D/accs.MessageHandler( 1235):  onRcvPing
D/accs.HeartbeatManager( 1235):  onHeartbeatSucc
D/accs.OrangeAdapter( 1235):  isSmartHb result:true
D/accs.HeartbeatManager( 1235):  set 480
D/accs.UtilityImpl( 1235):  setServiceTime:1515725976339
I/tnet-jni( 1159): 99 - [spdyPingRecvCallback] - 
I/tnet-jni( 1159): 99 - [SpdySessionCallBack.spdyPingRecvCallback] - org.android.spdy.SpdySession@39f1e094
D/accs.SilenceConn_umeng:56aadbf567e58e38d4000976( 1159):  spdyPingRecvCallback uniId:584
D/accs.MsgRecv_umeng:56aadbf567e58e38d4000976( 1159):  onRcvPing
D/accs.HeartbeatManager( 1159):  onHeartbeatSucc
D/accs.OrangeAdapter( 1159):  isSmartHb result:true
D/accs.HeartbeatManager( 1159):  set 480
D/accs.UtilityImpl( 1159):  setServiceTime:1515725980669
D/awcn.DefaultHeartbeatImpl( 1257): |[seq:umeng:56aadbf567e58e38d4000976.AWCN2_1] heartbeat session:Session@[umeng:56aadbf567e58e38d4000976.AWCN2_1|http2_0rtt_acs]
D/awcn.TnetSpdySession( 1257): |[seq:umeng:56aadbf567e58e38d4000976.AWCN2_1] ping host:https://umengacs.m.taobao.com thread:AWCN Scheduler1
D/awcn.TnetSpdySession( 1257): |[seq:umeng:56aadbf567e58e38d4000976.AWCN2_1] https://umengacs.m.taobao.com submit ping ms:45052 force:true
D/awcn.DefaultHeartbeatImpl( 1257): |[seq:umeng:56aadbf567e58e38d4000976.AWCN2_1] reSchedule session:Session@[umeng:56aadbf567e58e38d4000976.AWCN2_1|http2_0rtt_acs] delay:45052
I/awcn.TnetSpdySession( 1257): |[seq:umeng:56aadbf567e58e38d4000976.AWCN2_1] ping receive Host:https://umengacs.m.taobao.com id:13
D/awcn.DefaultHeartbeatImpl( 1257): |[seq:umeng:56aadbf567e58e38d4000976.AWCN2_1] heartbeat session:Session@[umeng:56aadbf567e58e38d4000976.AWCN2_1|http2_0rtt_acs]
D/awcn.TnetSpdySession( 1257): |[seq:umeng:56aadbf567e58e38d4000976.AWCN2_1] ping host:https://umengacs.m.taobao.com thread:AWCN Scheduler1
D/awcn.TnetSpdySession( 1257): |[seq:umeng:56aadbf567e58e38d4000976.AWCN2_1] https://umengacs.m.taobao.com submit ping ms:45050 force:true
D/awcn.DefaultHeartbeatImpl( 1257): |[seq:umeng:56aadbf567e58e38d4000976.AWCN2_1] reSchedule session:Session@[umeng:56aadbf567e58e38d4000976.AWCN2_1|http2_0rtt_acs] delay:45050
I/awcn.TnetSpdySession( 1257): |[seq:umeng:56aadbf567e58e38d4000976.AWCN2_1] ping receive Host:https://umengacs.m.taobao.com id:15
D/awcn.DefaultHeartbeatImpl( 1257): |[seq:umeng:56aadbf567e58e38d4000976.AWCN2_1] heartbeat session:Session@[umeng:56aadbf567e58e38d4000976.AWCN2_1|http2_0rtt_acs]
D/awcn.TnetSpdySession( 1257): |[seq:umeng:56aadbf567e58e38d4000976.AWCN2_1] ping host:https://umengacs.m.taobao.com thread:AWCN Scheduler1
D/awcn.TnetSpdySession( 1257): |[seq:umeng:56aadbf567e58e38d4000976.AWCN2_1] https://umengacs.m.taobao.com submit ping ms:45052 force:true
D/awcn.DefaultHeartbeatImpl( 1257): |[seq:umeng:56aadbf567e58e38d4000976.AWCN2_1] reSchedule session:Session@[umeng:56aadbf567e58e38d4000976.AWCN2_1|http2_0rtt_acs] delay:45052
I/awcn.TnetSpdySession( 1257): |[seq:umeng:56aadbf567e58e38d4000976.AWCN2_1] ping receive Host:https://umengacs.m.taobao.com id:17
D/awcn.DefaultHeartbeatImpl( 1257): |[seq:umeng:56aadbf567e58e38d4000976.AWCN2_1] heartbeat session:Session@[umeng:56aadbf567e58e38d4000976.AWCN2_1|http2_0rtt_acs]
D/awcn.TnetSpdySession( 1257): |[seq:umeng:56aadbf567e58e38d4000976.AWCN2_1] ping host:https://umengacs.m.taobao.com thread:AWCN Scheduler1
D/awcn.TnetSpdySession( 1257): |[seq:umeng:56aadbf567e58e38d4000976.AWCN2_1] https://umengacs.m.taobao.com submit ping ms:45050 force:true
D/awcn.DefaultHeartbeatImpl( 1257): |[seq:umeng:56aadbf567e58e38d4000976.AWCN2_1] reSchedule session:Session@[umeng:56aadbf567e58e38d4000976.AWCN2_1|http2_0rtt_acs] delay:45050
I/awcn.TnetSpdySession( 1257): |[seq:umeng:56aadbf567e58e38d4000976.AWCN2_1] ping receive Host:https://umengacs.m.taobao.com id:19
D/AndroidRuntime( 5646): >>>>>> START com.android.internal.os.RuntimeInit uid 0 <<<<<<
D/AndroidRuntime( 5646): CheckJNI is OFF
E/memtrack( 5646): Couldn't load memtrack module (No such file or directory)
E/android.os.Debug( 5646): failed to load memtrack module: -2
D/AndroidRuntime( 5646): Calling main entry com.android.commands.pm.Pm
I/art     ( 5646): System.exit called, status: 0
I/AndroidRuntime( 5646): VM exiting with result code 0.
D/AndroidRuntime( 5661): >>>>>> START com.android.internal.os.RuntimeInit uid 0 <<<<<<
D/AndroidRuntime( 5661): CheckJNI is OFF
E/memtrack( 5661): Couldn't load memtrack module (No such file or directory)
E/android.os.Debug( 5661): failed to load memtrack module: -2
D/AndroidRuntime( 5661): Calling main entry com.android.commands.wm.Wm
D/AndroidRuntime( 5661): Shutting down VM
D/AndroidRuntime( 5682): >>>>>> START com.android.internal.os.RuntimeInit uid 0 <<<<<<
D/AndroidRuntime( 5682): CheckJNI is OFF
E/memtrack( 5682): Couldn't load memtrack module (No such file or directory)
E/android.os.Debug( 5682): failed to load memtrack module: -2
D/AndroidRuntime( 5682): Calling main entry com.android.commands.monkey.Monkey
D/        (  510): HostConnection::get() New Host Connection established 0xe1412e70, tid 527
E/EGL_emulation(  504): tid 504: eglCreateSyncKHR(1209): error 0x3004 (EGL_BAD_ATTRIBUTE)
I/InputDispatcher(  510): Dropping event because there is no touchable window at (61, 921).
D/PhoneStatusBar(  637): disable: < expand ICONS* alerts SYSTEM_INFO* back home recent clock search >
W/EGL_emulation( 5257): eglSurfaceAttrib not implemented
W/OpenGLRenderer( 5257): Failed to set EGL_SWAP_BEHAVIOR on surface 0xe156fc60, error=EGL_SUCCESS
W/EGL_emulation(  637): eglSurfaceAttrib not implemented
W/OpenGLRenderer(  637): Failed to set EGL_SWAP_BEHAVIOR on surface 0xeed5e2e0, error=EGL_SUCCESS
D/ForegroundCallbacks( 1257): went background
D/PhoneStatusBar(  637): disable: < expand icons* alerts system_info* back home recent clock search >
W/EGL_emulation(  637): eglSurfaceAttrib not implemented
W/OpenGLRenderer(  637): Failed to set EGL_SWAP_BEHAVIOR on surface 0xeed5e2e0, error=EGL_SUCCESS
E/EGL_emulation(  504): tid 504: eglCreateSyncKHR(1209): error 0x3004 (EGL_BAD_ATTRIBUTE)
D/ForegroundCallbacks( 1257): went foreground
I/InputDispatcher(  510): Dropping event because there is no touchable window at (220, 781).
W/EGL_emulation( 1257): eglSurfaceAttrib not implemented
W/OpenGLRenderer( 1257): Failed to set EGL_SWAP_BEHAVIOR on surface 0xde4b8a00, error=EGL_SUCCESS
W/AudioTrack(  510): AUDIO_OUTPUT_FLAG_FAST denied by client
W/AudioTrack(  510): AUDIO_OUTPUT_FLAG_FAST denied by client
W/AudioTrack(  510): AUDIO_OUTPUT_FLAG_FAST denied by client
W/AudioTrack(  510): AUDIO_OUTPUT_FLAG_FAST denied by client
W/AudioTrack(  510): AUDIO_OUTPUT_FLAG_FAST denied by client
W/AudioTrack(  510): AUDIO_OUTPUT_FLAG_FAST denied by client
W/AudioTrack(  510): AUDIO_OUTPUT_FLAG_FAST denied by client
W/AudioTrack(  510): AUDIO_OUTPUT_FLAG_FAST denied by client
W/AudioTrack(  510): AUDIO_OUTPUT_FLAG_FAST denied by client
W/AudioTrack(  510): AUDIO_OUTPUT_FLAG_FAST denied by client
W/AudioTrack(  510): AUDIO_OUTPUT_FLAG_FAST denied by client
W/AudioTrack(  510): AUDIO_OUTPUT_FLAG_FAST denied by client
W/AudioTrack(  510): AUDIO_OUTPUT_FLAG_FAST denied by client
W/AudioTrack(  510): AUDIO_OUTPUT_FLAG_FAST denied by client
W/Zygote  ( 5714): createProcessGroup failed, kernel missing CONFIG_CGROUP_CPUACCT?
W/AudioTrack(  510): AUDIO_OUTPUT_FLAG_FAST denied by client
W/AudioTrack(  510): AUDIO_OUTPUT_FLAG_FAST denied by client
D/ForegroundCallbacks( 1257): still foreground
D/OkHttp  ( 1257): --> POST http://116.236.220.210:8084/appAccount/appMyAccount?userId=4a773301b0454a8db534d880901c0754&bankAccount=6212461030000553952 http/1.1
D/OkHttp  ( 1257): Content-Length: 0
D/OkHttp  ( 1257): RC-Bel-Key: bel.zhiwang.zzl
D/OkHttp  ( 1257): RC-Timestamp: 1515726162
D/OkHttp  ( 1257): RC-Nonce: 0eec1172-6da9-4376-b333-d18ddbab4f02
D/OkHttp  ( 1257): RC-Signature: d86565bf3a990d3a7ed08ee6355312a911e1f73f
D/OkHttp  ( 1257): osType: Android
D/OkHttp  ( 1257): version: 2.4.1
D/OkHttp  ( 1257): --> END POST (0-byte body)
I/InputDispatcher(  510): Dropping event because there is no touchable window at (284, 312).
W/EGL_emulation( 1257): eglSurfaceAttrib not implemented
W/OpenGLRenderer( 1257): Failed to set EGL_SWAP_BEHAVIOR on surface 0xde4032a0, error=EGL_SUCCESS
W/AudioTrack(  510): AUDIO_OUTPUT_FLAG_FAST denied by client
W/AudioTrack(  510): AUDIO_OUTPUT_FLAG_FAST denied by client
W/AudioTrack(  510): AUDIO_OUTPUT_FLAG_FAST denied by client
W/AudioTrack(  510): AUDIO_OUTPUT_FLAG_FAST denied by client
D/ForegroundCallbacks( 1257): still foreground
W/EGL_emulation( 1257): eglSurfaceAttrib not implemented
W/OpenGLRenderer( 1257): Failed to set EGL_SWAP_BEHAVIOR on surface 0xde403d60, error=EGL_SUCCESS
D/awcn.DefaultHeartbeatImpl( 1257): |[seq:umeng:56aadbf567e58e38d4000976.AWCN2_1] heartbeat session:Session@[umeng:56aadbf567e58e38d4000976.AWCN2_1|http2_0rtt_acs]
D/awcn.TnetSpdySession( 1257): |[seq:umeng:56aadbf567e58e38d4000976.AWCN2_1] ping host:https://umengacs.m.taobao.com thread:AWCN Scheduler1
D/awcn.TnetSpdySession( 1257): |[seq:umeng:56aadbf567e58e38d4000976.AWCN2_1] https://umengacs.m.taobao.com submit ping ms:45051 force:true
D/awcn.DefaultHeartbeatImpl( 1257): |[seq:umeng:56aadbf567e58e38d4000976.AWCN2_1] reSchedule session:Session@[umeng:56aadbf567e58e38d4000976.AWCN2_1|http2_0rtt_acs] delay:45051
E/com.umeng.message.UTrack( 1257): RegistrationId is empty
E/com.umeng.message.UTrack( 1257): RegistrationId is empty
I/awcn.TnetSpdySession( 1257): |[seq:umeng:56aadbf567e58e38d4000976.AWCN2_1] ping receive Host:https://umengacs.m.taobao.com id:21
D/OkHttp  ( 1257): --> POST http://116.236.220.210:8084/appMessage/appMsgList?userId=4a773301b0454a8db534d880901c0754&pageNo=1&pageSize=10 http/1.1
D/OkHttp  ( 1257): Content-Length: 0
D/OkHttp  ( 1257): RC-Bel-Key: bel.zhiwang.zzl
D/OkHttp  ( 1257): RC-Timestamp: 1515726163
D/OkHttp  ( 1257): RC-Nonce: 0e96e0bc-faa5-4b84-bfe5-7bd5c7b2370a
D/OkHttp  ( 1257): RC-Signature: a4642e595077d92a290db6e80862411deb4b5e21
D/OkHttp  ( 1257): osType: Android
D/OkHttp  ( 1257): version: 2.4.1
D/OkHttp  ( 1257): --> END POST (0-byte body)
D/OkHttp  ( 1257): <-- 200 OK http://116.236.220.210:8084/appMessage/appMsgList?userId=4a773301b0454a8db534d880901c0754&pageNo=1&pageSize=10 (35ms)
D/OkHttp  ( 1257): Server: Apache-Coyote/1.1
D/OkHttp  ( 1257): Set-Cookie: JSESSIONID=D5E9FE1F04D9A8C0439DD75618716072; Path=/; HttpOnly
D/OkHttp  ( 1257): Content-Type: application/json;charset=UTF-8
D/OkHttp  ( 1257): Content-Length: 638
D/OkHttp  ( 1257): Date: Fri, 12 Jan 2018 03:02:42 GMT
D/OkHttp  ( 1257): {"responseCode":"1","info":{"totalrecord":2,"resultlist":[{"id":"b6c8c05c4ae64e7ea0301ce862508568","time":"2018-01-11 14:41:37","title":"存管电子账户激活成功通知","content":"尊敬的XuAndroid97会员：您于 2018-01-11 14:41:37时，存管电子账户已激活成功，如有任何疑问，请咨询网站在线客服。祝您投资愉快！","status":1},{"id":"6fabefc7d9234ccda88ec88859e6996a","time":"2018-01-11 14:40:22","title":"注册成功通知","content":"尊敬的XuAndroid97会员：感谢您注册贝尔在线，为了更好的服务，请您尽快完成各项安全认证，祝您投资愉快！","status":1}]}}
D/OkHttp  ( 1257): <-- END HTTP (638-byte body)
I/ActivityManager(  510): Displayed com.zzl.falcon.internal/com.zzl.falcon.account.message.MessageActivity: +284ms
D/OkHttp  ( 1257): --> POST http://116.236.220.210:8084/appMessage/appMsgList?userId=4a773301b0454a8db534d880901c0754&pageNo=1&pageSize=10 http/1.1
D/OkHttp  ( 1257): Content-Length: 0
D/OkHttp  ( 1257): RC-Bel-Key: bel.zhiwang.zzl
D/OkHttp  ( 1257): RC-Timestamp: 1515726163
D/OkHttp  ( 1257): RC-Nonce: 9b034748-0ff4-47c4-bd28-5dfdd663897c
D/OkHttp  ( 1257): RC-Signature: c9727d6b0b50496f5db0a4e0c23652d38a6fcaa7
D/OkHttp  ( 1257): osType: Android
D/OkHttp  ( 1257): version: 2.4.1
D/OkHttp  ( 1257): --> END POST (0-byte body)
D/OkHttp  ( 1257): <-- 200 OK http://116.236.220.210:8084/appMessage/appMsgList?userId=4a773301b0454a8db534d880901c0754&pageNo=1&pageSize=10 (24ms)
D/OkHttp  ( 1257): Server: Apache-Coyote/1.1
D/OkHttp  ( 1257): Set-Cookie: JSESSIONID=A5E6B12BAEA501D8622FCC66D9A6532C; Path=/; HttpOnly
D/OkHttp  ( 1257): Content-Type: application/json;charset=UTF-8
D/OkHttp  ( 1257): Content-Length: 638
D/OkHttp  ( 1257): Date: Fri, 12 Jan 2018 03:02:43 GMT
D/OkHttp  ( 1257): {"responseCode":"1","info":{"totalrecord":2,"resultlist":[{"id":"b6c8c05c4ae64e7ea0301ce862508568","time":"2018-01-11 14:41:37","title":"存管电子账户激活成功通知","content":"尊敬的XuAndroid97会员：您于 2018-01-11 14:41:37时，存管电子账户已激活成功，如有任何疑问，请咨询网站在线客服。祝您投资愉快！","status":1},{"id":"6fabefc7d9234ccda88ec88859e6996a","time":"2018-01-11 14:40:22","title":"注册成功通知","content":"尊敬的XuAndroid97会员：感谢您注册贝尔在线，为了更好的服务，请您尽快完成各项安全认证，祝您投资愉快！","status":1}]}}
D/OkHttp  ( 1257): <-- END HTTP (638-byte body)
W/AudioTrack(  510): AUDIO_OUTPUT_FLAG_FAST denied by client
I/art     ( 5682): System.exit called, status: 0
I/AndroidRuntime( 5682): VM exiting with result code 0.
D/OkHttp  ( 1257): <-- 200 OK http://116.236.220.210:8084/appAccount/appMyAccount?userId=4a773301b0454a8db534d880901c0754&bankAccount=6212461030000553952 (4049ms)
D/OkHttp  ( 1257): Server: Apache-Coyote/1.1
D/OkHttp  ( 1257): Set-Cookie: JSESSIONID=F9543ED3501AFC8F5F016BCBD75E161E; Path=/; HttpOnly
D/OkHttp  ( 1257): Content-Type: application/json;charset=UTF-8
D/OkHttp  ( 1257): Content-Length: 484
D/OkHttp  ( 1257): Date: Fri, 12 Jan 2018 03:02:46 GMT
D/OkHttp  ( 1257): {"appSignInActivityStatus":1,"noticesPrizeType":0,"todayBonusStatus":0,"interestTotal":"0","appOpenBonusStatus":1,"expDirTransferTotal":0,"haveMeaasge":"0","signInDays":0,"responseCode":"1","availableBalance":"0.0","receivedPrinciaplTotal":"0","signInStatus":0,"bonusTotalAmount":0,"haveMoney":"1","haveScore":"","unUseVirtualTotal":2,"balance":"0.0","unReceivedInterestTotal":"0","unReceivedPrinciaplTotal":"0","expDirPrinciaplTotal":0,"unReadMessageTotal":0,"firstScoreRecordId":""}
D/OkHttp  ( 1257): <-- END HTTP (484-byte body)
I/art     ( 1257): Explicit concurrent mark sweep GC freed 15236(1030KB) AllocSpace objects, 11(176KB) LOS objects, 39% free, 10MB/17MB, paused 801us total 15.444ms
W/EGL_emulation( 1257): eglSurfaceAttrib not implemented
W/OpenGLRenderer( 1257): Failed to set EGL_SWAP_BEHAVIOR on surface 0xde60e4a0, error=EGL_SUCCESS
I/art     ( 1257): hprof: heap dump "/storage/emulated/0/Download/leakcanary-com.zzl.falcon.internal/8dfbd631-c706-4b5e-aee6-eb079b66783b_pending.hprof" starting...
I/art     ( 1257): hprof: heap dump completed (21MB) in 1.019s
I/art     ( 1257): Explicit concurrent mark sweep GC freed 3036(281KB) AllocSpace objects, 0(0B) LOS objects, 39% free, 10MB/17MB, paused 910us total 17.642ms
I/art     ( 1257): Explicit concurrent mark sweep GC freed 1934(145KB) AllocSpace objects, 1(13KB) LOS objects, 40% free, 10MB/17MB, paused 629us total 22.528ms
I/art     ( 1257): Explicit concurrent mark sweep GC freed 39(1712B) AllocSpace objects, 0(0B) LOS objects, 39% free, 10MB/17MB, paused 505us total 15.519ms
I/art     ( 1257): Explicit concurrent mark sweep GC freed 203(12KB) AllocSpace objects, 1(36KB) LOS objects, 39% free, 10MB/17MB, paused 470us total 22.061ms
I/art     ( 1257): Explicit concurrent mark sweep GC freed 3(96B) AllocSpace objects, 0(0B) LOS objects, 39% free, 10MB/17MB, paused 1.253ms total 25.564ms
I/art     ( 5257): Clamp target GC heap from 98MB to 96MB
I/art     ( 5257): WaitForGcToComplete blocked for 137.945ms for cause HomogeneousSpaceCompact
D/AndroidRuntime( 5792): >>>>>> START com.android.internal.os.RuntimeInit uid 0 <<<<<<
D/AndroidRuntime( 5792): CheckJNI is OFF
E/memtrack( 5792): Couldn't load memtrack module (No such file or directory)
E/android.os.Debug( 5792): failed to load memtrack module: -2
D/AndroidRuntime( 5792): Calling main entry com.android.commands.pm.Pm
I/art     ( 5792): System.exit called, status: 0
I/AndroidRuntime( 5792): VM exiting with result code 0.
D/LeakCanary( 5257): In com.zzl.falcon.internal:2.4.1:23.
D/LeakCanary( 5257): * com.zzl.falcon.account.message.MessageActivity has leaked:
D/LeakCanary( 5257): * GC ROOT static android.app.ActivityThread.sMainThreadHandler
D/LeakCanary( 5257): * references android.app.ActivityThread$H.mQueue
D/LeakCanary( 5257): * references android.os.MessageQueue.mMessages
D/LeakCanary( 5257): * references android.os.Message.callback
D/LeakCanary( 5257): * references in.srain.cube.views.ptr.PtrClassicDefaultHeader$LastUpdateTimeUpdater.this$0
D/LeakCanary( 5257): * references in.srain.cube.views.ptr.PtrClassicDefaultHeader.mContext
D/LeakCanary( 5257): * leaks com.zzl.falcon.account.message.MessageActivity instance
D/LeakCanary( 5257): * Retaining: 3.2KB.
D/LeakCanary( 5257): * Reference Key: 0c736bf6-89e5-4608-9a94-2ae52bb0f700
D/LeakCanary( 5257): * Device: unknown generic Custom Phone - 5.1.0 - API 22 - 768x1280 vbox86p
D/LeakCanary( 5257): * Android Version: 5.1 API: 22 LeakCanary: 1.5.4 74837f0
D/LeakCanary( 5257): * Durations: watch=5039ms, gc=116ms, heap dump=1177ms, analysis=7926ms
D/LeakCanary( 5257): * Details:
D/LeakCanary( 5257): * Class android.app.ActivityThread
D/LeakCanary( 5257): |   static SERVICE_DONE_EXECUTING_STOP = 2
D/LeakCanary( 5257): |   static THUMBNAIL_FORMAT = android.graphics.Bitmap$Config@1900638912 (0x714972c0)
D/LeakCanary( 5257): |   static MIN_TIME_BETWEEN_GCS = 5000
D/LeakCanary( 5257): |   static DEBUG_SERVICE = false
D/LeakCanary( 5257): |   static DEBUG_PROVIDER = false
D/LeakCanary( 5257): |   static sMainThreadHandler = android.app.ActivityThread$H@583016544 (0x22c02060)
D/LeakCanary( 5257): |   static sCurrentBroadcastIntent = java.lang.ThreadLocal@1958182352 (0x74b77dd0)
D/LeakCanary( 5257): |   static PATTERN_SEMICOLON = java.util.regex.Pattern@1958182328 (0x74b77db8)
D/LeakCanary( 5257): |   static sPackageManager = android.content.pm.IPackageManager$Stub$Proxy@583009984 (0x22c006c0)
D/LeakCanary( 5257): |   static DEBUG_CONFIGURATION = false
D/LeakCanary( 5257): |   static DEBUG_BROADCAST = false
D/LeakCanary( 5257): |   static SERVICE_DONE_EXECUTING_START = 1
D/LeakCanary( 5257): |   static DEBUG_MESSAGES = false
D/LeakCanary( 5257): |   static DEBUG_BACKUP = false
D/LeakCanary( 5257): |   static TAG = java.lang.String@1893061120 (0x70d5d200)
D/LeakCanary( 5257): |   static SQLITE_MEM_RELEASED_EVENT_LOG_TAG = 75003
D/LeakCanary( 5257): |   static HEAP_FULL_COLUMN = java.lang.String@1893305728 (0x70d98d80)
D/LeakCanary( 5257): |   static $staticOverhead = byte[208]@1902066913 (0x715f3ce1)
D/LeakCanary( 5257): |   static LOG_ON_PAUSE_CALLED = 30021
D/LeakCanary( 5257): |   static SERVICE_DONE_EXECUTING_ANON = 0
D/LeakCanary( 5257): |   static sCurrentActivityThread = android.app.ActivityThread@583020800 (0x22c03100)
D/LeakCanary( 5257): |   static LOG_ON_RESUME_CALLED = 30022
D/LeakCanary( 5257): |   static ACTIVITY_THREAD_CHECKIN_VERSION = 3
D/LeakCanary( 5257): |   static DEBUG_RESULTS = false
D/LeakCanary( 5257): |   static HEAP_COLUMN = java.lang.String@1893305704 (0x70d98d68)
D/LeakCanary( 5257): |   static localLOGV = false
D/LeakCanary( 5257): |   static DEBUG_MEMORY_TRIM = false
D/LeakCanary( 5257): * Instance of android.app.ActivityThread$H
D/LeakCanary( 5257): |   static RESUME_ACTIVITY = 107
D/LeakCanary( 5257): |   static CREATE_SERVICE = 114
D/LeakCanary( 5257): |   static DISPATCH_PACKAGE_BROADCAST = 133
D/LeakCanary( 5257): |   static RECEIVER = 113
D/LeakCanary( 5257): |   static DESTROY_ACTIVITY = 109
D/LeakCanary( 5257): |   static CREATE_BACKUP_AGENT = 128
D/LeakCanary( 5257): |   static UNSTABLE_PROVIDER_DIED = 142
D/LeakCanary( 5257): |   static SUICIDE = 130
D/LeakCanary( 5257): |   static TRANSLUCENT_CONVERSION_COMPLETE = 144
D/LeakCanary( 5257): |   static SEND_RESULT = 108
D/LeakCanary( 5257): |   static LOW_MEMORY = 124
D/LeakCanary( 5257): |   static UNBIND_SERVICE = 122
D/LeakCanary( 5257): |   static ENTER_ANIMATION_COMPLETE = 149
D/LeakCanary( 5257): |   static RELAUNCH_ACTIVITY = 126
D/LeakCanary( 5257): |   static REMOVE_PROVIDER = 131
D/LeakCanary( 5257): |   static $staticOverhead = byte[392]@1901220593 (0x715252f1)
D/LeakCanary( 5257): |   static DUMP_ACTIVITY = 136
D/LeakCanary( 5257): |   static BACKGROUND_VISIBLE_BEHIND_CHANGED = 148
D/LeakCanary( 5257): |   static DUMP_SERVICE = 123
D/LeakCanary( 5257): |   static SERVICE_ARGS = 115
D/LeakCanary( 5257): |   static SET_CORE_SETTINGS = 138
D/LeakCanary( 5257): |   static SLEEPING = 137
D/LeakCanary( 5257): |   static ACTIVITY_CONFIGURATION_CHANGED = 125
D/LeakCanary( 5257): |   static SCHEDULE_CRASH = 134
D/LeakCanary( 5257): |   static BIND_APPLICATION = 110
D/LeakCanary( 5257): |   static DESTROY_BACKUP_AGENT = 129
D/LeakCanary( 5257): |   static TRIM_MEMORY = 140
D/LeakCanary( 5257): |   static EXIT_APPLICATION = 111
D/LeakCanary( 5257): |   static UPDATE_PACKAGE_COMPATIBILITY_INFO = 139
D/LeakCanary( 5257): |   static GC_WHEN_IDLE = 120
D/LeakCanary( 5257): |   static DUMP_HEAP = 135
D/LeakCanary( 5257): |   static ON_NEW_ACTIVITY_OPTIONS = 146
D/LeakCanary( 5257): |   static HIDE_WINDOW = 106
D/LeakCanary( 5257): |   static CLEAN_UP_CONTEXT = 119
D/LeakCanary( 5257): |   static INSTALL_PROVIDER = 145
D/LeakCanary( 5257): |   static DUMP_PROVIDER = 141
D/LeakCanary( 5257): |   static ENABLE_JIT = 132
D/LeakCanary( 5257): |   static BIND_SERVICE = 121
D/LeakCanary( 5257): |   static CANCEL_VISIBLE_BEHIND = 147
D/LeakCanary( 5257): |   static REQUEST_ASSIST_CONTEXT_EXTRAS = 143
D/LeakCanary( 5257): |   static PAUSE_ACTIVITY_FINISHING = 102
D/LeakCanary( 5257): |   static STOP_ACTIVITY_SHOW = 103
D/LeakCanary( 5257): |   static PAUSE_ACTIVITY = 101
D/LeakCanary( 5257): |   static NEW_INTENT = 112
D/LeakCanary( 5257): |   static PROFILER_CONTROL = 127
D/LeakCanary( 5257): |   static STOP_SERVICE = 116
D/LeakCanary( 5257): |   static CONFIGURATION_CHANGED = 118
D/LeakCanary( 5257): |   static SHOW_WINDOW = 105
