I/AppiumUnicodeIME(  672): onKeyDown (keyCode='22', event.keyCode='22', metaState='0')
I/AppiumUnicodeIME(  672): onKeyUp (keyCode='22', event.keyCode='22', metaState='0')
I/AppiumUnicodeIME(  672): onKeyDown (keyCode='82', event.keyCode='82', metaState='0')
I/AppiumUnicodeIME(  672): onKeyUp (keyCode='82', event.keyCode='82', metaState='0')
I/AppiumUnicodeIME(  672): onKeyDown (keyCode='42', event.keyCode='42', metaState='0')
I/AppiumUnicodeIME(  672): onKeyUp (keyCode='42', event.keyCode='42', metaState='0')
I/AppiumUnicodeIME(  672): onKeyDown (keyCode='197', event.keyCode='197', metaState='0')
I/AppiumUnicodeIME(  672): onKeyDown (keyCode='23', event.keyCode='23', metaState='0')
I/AppiumUnicodeIME(  672): onKeyUp (keyCode='197', event.keyCode='197', metaState='0')
I/AppiumUnicodeIME(  672): onKeyUp (keyCode='23', event.keyCode='23', metaState='0')
I/AppiumUnicodeIME(  672): onKeyDown (keyCode='23', event.keyCode='23', metaState='0')
I/AppiumUnicodeIME(  672): onKeyUp (keyCode='23', event.keyCode='23', metaState='0')
I/AppiumUnicodeIME(  672): onKeyDown (keyCode='21', event.keyCode='21', metaState='0')
I/AppiumUnicodeIME(  672): onKeyUp (keyCode='21', event.keyCode='21', metaState='0')
I/AppiumUnicodeIME(  672): onKeyDown (keyCode='21', event.keyCode='21', metaState='0')
I/AppiumUnicodeIME(  672): onKeyUp (keyCode='21', event.keyCode='21', metaState='0')
I/AppiumUnicodeIME(  672): onKeyDown (keyCode='21', event.keyCode='21', metaState='0')
I/AppiumUnicodeIME(  672): onKeyUp (keyCode='21', event.keyCode='21', metaState='0')
I/AppiumUnicodeIME(  672): onKeyDown (keyCode='20', event.keyCode='20', metaState='0')
I/AppiumUnicodeIME(  672): onKeyUp (keyCode='20', event.keyCode='20', metaState='0')
I/AppiumUnicodeIME(  672): onKeyDown (keyCode='211', event.keyCode='211', metaState='0')
I/AppiumUnicodeIME(  672): onKeyUp (keyCode='211', event.keyCode='211', metaState='0')
I/AppiumUnicodeIME(  672): onKeyDown (keyCode='23', event.keyCode='23', metaState='0')
I/AppiumUnicodeIME(  672): onKeyUp (keyCode='23', event.keyCode='23', metaState='0')
I/AppiumUnicodeIME(  672): onKeyDown (keyCode='23', event.keyCode='23', metaState='0')
I/AppiumUnicodeIME(  672): onKeyUp (keyCode='23', event.keyCode='23', metaState='0')
I/AppiumUnicodeIME(  672): onKeyDown (keyCode='19', event.keyCode='19', metaState='0')
I/AppiumUnicodeIME(  672): onKeyUp (keyCode='19', event.keyCode='19', metaState='0')
W/AudioTrack(  527): AUDIO_OUTPUT_FLAG_FAST denied by client
I/AppiumUnicodeIME(  672): onKeyDown (keyCode='238', event.keyCode='238', metaState='0')
I/AppiumUnicodeIME(  672): onKeyUp (keyCode='238', event.keyCode='238', metaState='0')
I/AppiumUnicodeIME(  672): onKeyDown (keyCode='19', event.keyCode='19', metaState='0')
I/AppiumUnicodeIME(  672): onKeyUp (keyCode='19', event.keyCode='19', metaState='0')
I/AppiumUnicodeIME(  672): onKeyDown (keyCode='19', event.keyCode='19', metaState='0')
I/AppiumUnicodeIME(  672): onKeyDown (keyCode='19', event.keyCode='19', metaState='0')
I/AppiumUnicodeIME(  672): onKeyUp (keyCode='19', event.keyCode='19', metaState='0')
I/AppiumUnicodeIME(  672): onKeyDown (keyCode='19', event.keyCode='19', metaState='0')
I/AppiumUnicodeIME(  672): onKeyUp (keyCode='19', event.keyCode='19', metaState='0')
I/AppiumUnicodeIME(  672): onKeyDown (keyCode='19', event.keyCode='19', metaState='0')
I/AppiumUnicodeIME(  672): onKeyUp (keyCode='19', event.keyCode='19', metaState='0')
I/AppiumUnicodeIME(  672): onKeyDown (keyCode='23', event.keyCode='23', metaState='0')
I/AppiumUnicodeIME(  672): onKeyUp (keyCode='23', event.keyCode='23', metaState='0')
I/AppiumUnicodeIME(  672): onKeyDown (keyCode='241', event.keyCode='241', metaState='0')
I/AppiumUnicodeIME(  672): onKeyUp (keyCode='241', event.keyCode='241', metaState='0')
I/AppiumUnicodeIME(  672): onKeyDown (keyCode='23', event.keyCode='23', metaState='0')
I/AppiumUnicodeIME(  672): onKeyUp (keyCode='23', event.keyCode='23', metaState='0')
I/AppiumUnicodeIME(  672): onKeyDown (keyCode='43', event.keyCode='43', metaState='0')
I/AppiumUnicodeIME(  672): onKeyUp (keyCode='43', event.keyCode='43', metaState='0')
I/AppiumUnicodeIME(  672): onKeyDown (keyCode='77', event.keyCode='77', metaState='0')
I/AppiumUnicodeIME(  672): onKeyUp (keyCode='77', event.keyCode='77', metaState='0')
I/AppiumUnicodeIME(  672): onKeyDown (keyCode='161', event.keyCode='161', metaState='0')
I/AppiumUnicodeIME(  672): onKeyUp (keyCode='161', event.keyCode='161', metaState='0')
I/AppiumUnicodeIME(  672): onKeyDown (keyCode='20', event.keyCode='20', metaState='0')
I/AppiumUnicodeIME(  672): onKeyUp (keyCode='20', event.keyCode='20', metaState='0')
I/AppiumUnicodeIME(  672): onKeyDown (keyCode='21', event.keyCode='21', metaState='0')
I/AppiumUnicodeIME(  672): onKeyUp (keyCode='21', event.keyCode='21', metaState='0')
I/art     ( 3362): System.exit called, status: 0
I/AndroidRuntime( 3362): VM exiting with result code 0.
I/art     ( 1239): Explicit concurrent mark sweep GC freed 782(49KB) AllocSpace objects, 1(35KB) LOS objects, 24% free, 11MB/15MB, paused 360us total 18.924ms
I/art     ( 1239): Explicit concurrent mark sweep GC freed 3(96B) AllocSpace objects, 0(0B) LOS objects, 24% free, 11MB/15MB, paused 360us total 17.838ms
I/art     ( 1239): Explicit concurrent mark sweep GC freed 3(96B) AllocSpace objects, 0(0B) LOS objects, 24% free, 11MB/15MB, paused 312us total 17.048ms
I/art     ( 1239): Explicit concurrent mark sweep GC freed 3(96B) AllocSpace objects, 0(0B) LOS objects, 24% free, 11MB/15MB, paused 340us total 15.072ms
I/art     ( 1239): Explicit concurrent mark sweep GC freed 3(96B) AllocSpace objects, 0(0B) LOS objects, 24% free, 11MB/15MB, paused 174us total 14.961ms
D/ConnectivityService(  527): Failed to find a new network - expiring NetTransition Wakelock
I/MediaFocusControl(  527):  AudioFocus  abandonAudioFocus() from android.media.AudioManager@1e382805com.android.music.MediaPlaybackService$3@32f8c05a
V/MusicFXControlPanelReceiver( 2300): onReceive
V/MusicFXControlPanelReceiver( 2300): Action: android.media.action.CLOSE_AUDIO_EFFECT_CONTROL_SESSION
V/MusicFXControlPanelReceiver( 2300): Package name: com.android.music
V/MusicFXControlPanelReceiver( 2300): Audio session: 511
V/MusicFXControlPanelEffect( 2300): closeSession(android.app.ReceiverRestrictedContext@2bbe0fee, com.android.music, 511)
D/Genyd   (  116): Received Set Clipboard
D/Genymotion(  116): Received Set Clipboard
I/UsageStatsService(  527): User[0] Flushing usage stats to disk
D/Genyd   (  116): Received Set Clipboard
D/Genymotion(  116): Received Set Clipboard
D/Genyd   (  116): Received Set Clipboard
D/Genymotion(  116): Received Set Clipboard
D/Genyd   (  116): Received Set Clipboard
D/Genymotion(  116): Received Set Clipboard
D/Genyd   (  116): Received Set Clipboard
D/Genymotion(  116): Received Set Clipboard
D/Genyd   (  116): Received Set Clipboard
D/Genymotion(  116): Received Set Clipboard
D/Genyd   (  116): Received Set Clipboard
D/Genymotion(  116): Received Set Clipboard
D/Genyd   (  116): Received Set Clipboard
D/Genymotion(  116): Received Set Clipboard
D/Genyd   (  116): Received Set Clipboard
D/Genymotion(  116): Received Set Clipboard
D/accs.BaseReceiver( 1217):  onReceive
D/accs.ReceiverImpl( 1217):  ReceiverImpl onReceive begin......
D/accs.AccsJobService( 1124):  onStartJob
D/accs.AdapterGlobalClientInfo( 1217):  getAgooCustomServiceName name:com.umeng.message.UmengIntentService
D/accs.AdapterGlobalClientInfo( 1217):  getAgooCustomServiceName name:com.umeng.message.UmengIntentService
I/accs.ElectionServiceImpl( 1217):  onStartCommand begin action:com.taobao.accs.intent.action.COMMAND
I/accs.ElectionServiceUtil( 1217):  getElectionResult from mem host:com.zzl.itoube.internal retry:0
I/accs.ElectionServiceImpl( 1217):  deliver to channelservice host pkg:com.zzl.itoube.internal
I/accs.ServiceImpl( 1217):  onHostStartCommand:Intent { act=com.taobao.accs.intent.action.COMMAND flg=0x14 pkg=com.zzl.itoube.internal cmp=com.zzl.itoube.internal/com.taobao.accs.ChannelService (has extras) }
D/accs.ServiceImpl( 1217):  key command: value 201
D/accs.ServiceImpl( 1217):  key android.intent.extra.ALARM_COUNT: value 1
I/accs.LoadSoFailUtil( 1217):  getSoFailTimes times:0
D/accs.SpdyConnection( 1217):  try ping, force:false
I/accs.ElectionServiceImpl( 1124):  onStartCommand begin action:com.taobao.accs.intent.action.COMMAND
I/accs.OrangeAdapter( 1124):  isElectionEnable result:false
I/accs.OrangeAdapter( 1124):  isElectionEnable result:false
I/accs.ElectionServiceImpl( 1124):  deliver to channelservice host pkg:
D/accs.SpdyConnection( 1217):  send message, PING delay:0 dataId:67
I/accs.ServiceImpl( 1217):  command:201
I/accs.ServiceImpl( 1124):  onHostStartCommand:Intent { act=com.taobao.accs.intent.action.COMMAND pkg=com.zzl.falcon.internal cmp=com.zzl.falcon.internal/com.taobao.accs.ChannelService (has extras) }
D/accs.ServiceImpl( 1124):  key command: value 201
D/accs.SpdyConnection( 1217):  send message, PING delay:0 dataId:68
I/accs.LoadSoFailUtil( 1124):  getSoFailTimes times:0
D/accs.SilenceConn_umeng:56aadbf567e58e38d4000976( 1124):  try ping, force:false
D/accs.SpdyConnection( 1217):  clearRepeatControlCommand message:201/
D/accs.NetworkThread( 1217):  try get message
D/accs.NetworkThread( 1217):  send message not null
I/accs.NetworkThread( 1217):  0 send:PING status:1
D/accs.OrangeAdapter( 1217):  isSmartHb result:true
D/accs.NetworkThread( 1217):  ms:460347 force:true
D/accs.OrangeAdapter( 1217):  isSmartHb result:true
I/accs.NetworkThread( 1217):  0 onSendPing
D/accs.MessageHandler( 1217):  onSendPing
D/accs.SilenceConn_umeng:56aadbf567e58e38d4000976( 1124):  send message, PING delay:0 dataId:59
D/accs.OrangeAdapter( 1217):  isSmartHb result:true
D/accs.HeartbeatManager( 1217):  set 270
I/accs.ServiceImpl( 1124):  tryConnect appkey:umeng:56aadbf567e58e38d4000976 configTag:umeng:56aadbf567e58e38d4000976|0
I/accs.ServiceImpl( 1124):  command:201
D/accs.SilenceConn_umeng:56aadbf567e58e38d4000976( 1124):  send message, PING delay:0 dataId:60
D/accs.MonitorStatistic( 1217):  commitUT interval:1140156 interval1:2935268
D/accs.NetworkThread( 1217):  send succ, remove it
D/accs.NetworkThread( 1217):  ready to get message
D/accs.NetworkThread( 1217):  no message, wait
D/accs.MonitorStatistic( 1124):  commitUT interval:1140149 interval1:2936384
D/accs.SilenceConn_umeng:56aadbf567e58e38d4000976( 1124):  clearRepeatControlCommand message:201/
D/accs.NetworkThread_umeng:56aadbf567e58e38d4000976( 1124):  try get message
D/accs.NetworkThread_umeng:56aadbf567e58e38d4000976( 1124):  send message not null
I/accs.NetworkThread_umeng:56aadbf567e58e38d4000976( 1124):  0 send:PING status:1
D/accs.OrangeAdapter( 1124):  isSmartHb result:true
D/accs.NetworkThread_umeng:56aadbf567e58e38d4000976( 1124):  ms:460351 force:true
D/accs.OrangeAdapter( 1124):  isSmartHb result:true
I/accs.NetworkThread_umeng:56aadbf567e58e38d4000976( 1124):  0 onSendPing
D/accs.MsgRecv_umeng:56aadbf567e58e38d4000976( 1124):  onSendPing
D/accs.OrangeAdapter( 1124):  isSmartHb result:true
D/accs.HeartbeatManager( 1124):  set 270
D/accs.NetworkThread_umeng:56aadbf567e58e38d4000976( 1124):  send succ, remove it
D/accs.NetworkThread_umeng:56aadbf567e58e38d4000976( 1124):  ready to get message
D/accs.NetworkThread_umeng:56aadbf567e58e38d4000976( 1124):  no message, wait
I/accs.BaseIntentService( 1217):  onHandleIntent,action=com.taobao.accs.intent.action.COMMAND,agooCommand=com.zzl.itoube.internal.intent.action.COMMAND,mipushCommand=com.zzl.itoube.internal.intent.thirdPush.action.COMMAND
E/accs.SpdyConnection( 1217):  0receive ping time out! 
D/accs.HeartbeatManager( 1217):  onNetworkTimeout
E/accs.SpdyConnection( 1217):  0 notifyStatus:DISCONNECTING
I/accs.SpdyConnection( 1217):  0 notifyStatus:DISCONNECTING handled
E/accs.SpdyConnection( 1217):  0 force close!
D/tnet-jni( 1217): 92 - [SpdySession.closeSession] - 
D/tnet-jni( 1217): 92 - [SpdySession.closeSession] - 106.11.61.109:80/0.0.0.0:0
E/accs.SpdyConnection( 1217):  0 notifyStatus:DISCONNECTED
D/accs.OrangeAdapter( 1217):  isSmartHb result:true
D/accs.HeartbeatManager( 1217):  set 270
I/tnet-jni( 1217): 105 - [spdyPingRecvCallback] - 
I/tnet-jni( 1217): 105 - [SpdySessionCallBack.spdyPingRecvCallback] - org.android.spdy.SpdySession@db3302e
D/accs.SpdyConnection( 1217):  spdyPingRecvCallback uniId:-1
I/tnet-jni( 1217): 105 - [spdySessionCloseCallback] - errorCode = -2002
I/tnet-jni( 1217): 105 - [SpdySessionCallBack.spdySessionCloseCallback] - org.android.spdy.SpdySession@db3302e
E/accs.SpdyConnection( 1217):  0 spdySessionCloseCallback, errorCode:-2002
D/tnet-jni( 1217): 105 - [SpdySession.cleanUp] - 
D/accs.HeartbeatManager( 1217):  onNetworkFail
D/accs.SpdyConnection( 1217):  try ping, force:false
D/accs.SpdyConnection( 1217):  send message, PING delay:2479 dataId:69
I/accs.SpdyConnection( 1217):  0 notifyStatus:DISCONNECTED handled
E/accs.SilenceConn_umeng:56aadbf567e58e38d4000976( 1124):  0receive ping time out! 
D/accs.HeartbeatManager( 1124):  onNetworkTimeout
E/accs.SilenceConn_umeng:56aadbf567e58e38d4000976( 1124):  0 notifyStatus:DISCONNECTING
I/accs.SilenceConn_umeng:56aadbf567e58e38d4000976( 1124):  0 notifyStatus:DISCONNECTING handled
E/accs.SilenceConn_umeng:56aadbf567e58e38d4000976( 1124):  0 force close!
D/tnet-jni( 1124): 132 - [SpdySession.closeSession] - 
D/tnet-jni( 1124): 132 - [SpdySession.closeSession] - 106.11.61.110:80/0.0.0.0:0
E/accs.SilenceConn_umeng:56aadbf567e58e38d4000976( 1124):  0 notifyStatus:DISCONNECTED
D/accs.OrangeAdapter( 1124):  isSmartHb result:true
D/accs.HeartbeatManager( 1124):  set 270
I/tnet-jni( 1124): 101 - [spdyPingRecvCallback] - 
I/tnet-jni( 1124): 101 - [SpdySessionCallBack.spdyPingRecvCallback] - org.android.spdy.SpdySession@591bd6f
E/accs.SpdyConnection( 1217):  0 notifyStatus:DISCONNECTED
D/accs.SilenceConn_umeng:56aadbf567e58e38d4000976( 1124):  spdyPingRecvCallback uniId:-1
I/accs.SpdyConnection( 1217):  0 ignore notifyStatus
D/accs.SpdyConnection( 1217):  spdySessionCloseCallback, conKeepTime:508 connectType:service
I/tnet-jni( 1124): 101 - [spdySessionCloseCallback] - errorCode = -2002
I/tnet-jni( 1124): 101 - [SpdySessionCallBack.spdySessionCloseCallback] - org.android.spdy.SpdySession@591bd6f
E/accs.SilenceConn_umeng:56aadbf567e58e38d4000976( 1124):  0 spdySessionCloseCallback, errorCode:-2002
D/tnet-jni( 1124): 101 - [SpdySession.cleanUp] - 
D/accs.UTMini( 1217):  commitEvent fail java.lang.NoClassDefFoundError: Failed resolution of: Lcom/ut/mini/internal/UTOriginalCustomHitBuilder;
D/tnet-jni( 1217): 105 - [SpdySession.cleanUp] - 
D/accs.HeartbeatManager( 1124):  onNetworkFail
D/accs.SilenceConn_umeng:56aadbf567e58e38d4000976( 1124):  try ping, force:false
D/accs.SilenceConn_umeng:56aadbf567e58e38d4000976( 1124):  send message, PING delay:4104 dataId:61
I/accs.SilenceConn_umeng:56aadbf567e58e38d4000976( 1124):  0 notifyStatus:DISCONNECTED handled
E/accs.SilenceConn_umeng:56aadbf567e58e38d4000976( 1124):  0 notifyStatus:DISCONNECTED
I/accs.SilenceConn_umeng:56aadbf567e58e38d4000976( 1124):  0 ignore notifyStatus
D/accs.SilenceConn_umeng:56aadbf567e58e38d4000976( 1124):  spdySessionCloseCallback, conKeepTime:508 connectType:service
D/accs.UTMini( 1124):  commitEvent fail java.lang.NoClassDefFoundError: Failed resolution of: Lcom/ut/mini/internal/UTOriginalCustomHitBuilder;
D/tnet-jni( 1124): 101 - [SpdySession.cleanUp] - 
D/accs.NetworkThread( 1217):  try get message
D/accs.NetworkThread( 1217):  send message not null
I/accs.NetworkThread( 1217):  0 send:PING status:3
D/accs.OrangeAdapter( 1217):  isSmartHb result:true
E/accs.NetworkThread( 1217):  0 try connect, force = false failTimes = 0
I/accs.NetworkThread( 1217):  0 try connect, need sleep
D/accs.NetworkThread_umeng:56aadbf567e58e38d4000976( 1124):  try get message
D/accs.NetworkThread_umeng:56aadbf567e58e38d4000976( 1124):  send message not null
I/accs.NetworkThread_umeng:56aadbf567e58e38d4000976( 1124):  0 send:PING status:3
D/accs.OrangeAdapter( 1124):  isSmartHb result:true
E/accs.NetworkThread_umeng:56aadbf567e58e38d4000976( 1124):  0 try connect, force = false failTimes = 0
I/accs.NetworkThread_umeng:56aadbf567e58e38d4000976( 1124):  0 try connect, need sleep
I/accs.SpdyConnection( 1217):  0 getDefaultHost:umengjmacs.m.taobao.com
D/awcn.LocalDnsStrategyTable( 1217):  try resolve ip with local dns host:umengjmacs.m.taobao.com
D/awcn.LocalDnsStrategyTable( 1217):  resolve ip by local dns failed host:umengjmacs.m.taobao.com
D/getConnStrategyListByHost( 1217): |[seq:host] umengjmacs.m.taobao.com:result []
E/accs.SpdyConnection( 1217):  0 connect strategys ip:106.11.61.109 port:80
E/accs.SpdyConnection( 1217):  0 connect strategys ip:106.11.61.109 port:443
E/accs.SpdyConnection( 1217):  0 get ip from amdc succ:106.11.61.109:80 originPos:0
E/accs.SpdyConnection( 1217):  0 connect URL:https://106.11.61.109:80/accs/
E/accs.SpdyConnection( 1217):  0 connect normal
I/accs.SpdyConnection( 1217):  0 getDefaultHost:umengjmacs.m.taobao.com
I/tnet-jni( 1217): 106 -  create new session: 106.11.61.109:80
E/accs.SpdyConnection( 1217):  0 notifyStatus:CONNECTING
I/accs.SpdyConnection( 1217):  0 notifyStatus:CONNECTING handled
I/tnet-jni( 1217): 105 - [spdySessionFailedError] - 
I/tnet-jni( 1217): 105 - [SpdySessionCallBack.spdySessionFailedError] - org.android.spdy.SpdySession@2f523de1
D/tnet-jni( 1217): 105 - [SpdySession.cleanUp] - 
E/accs.SpdyConnection( 1217):  0 spdySessionFailedError, retryTimes:0 errorId:-2601
E/accs.SpdyConnection( 1217):  0 notifyStatus:DISCONNECTED
D/accs.OrangeAdapter( 1217):  isSmartHb result:true
D/accs.HeartbeatManager( 1217):  set 270
D/accs.HeartbeatManager( 1217):  onNetworkFail
D/accs.SpdyConnection( 1217):  try ping, force:false
D/accs.SpdyConnection( 1217):  send message, PING delay:7456 dataId:70
E/accs.NetworkThread( 1217):  0 try connect fail, ready for reconnect
I/accs.SpdyConnection( 1217):  0 notifyStatus:DISCONNECTED handled
D/accs.UTMini( 1217):  commitEvent fail java.lang.NoClassDefFoundError: Failed resolution of: Lcom/ut/mini/internal/UTOriginalCustomHitBuilder;
D/tnet-jni( 1217): 105 - [SpdySession.clearAllStreamCb] - 
D/tnet-jni( 1217): 105 - [SpdySession.cleanUp] - 
E/accs.NetworkThread( 1217):  0 try connect, force = false failTimes = 1
I/accs.NetworkThread( 1217):  0 try connect, need sleep
I/accs.SilenceConn_umeng:56aadbf567e58e38d4000976( 1124):  0 getChannelHost:umengjmacs.m.taobao.com
D/awcn.LocalDnsStrategyTable( 1124):  try resolve ip with local dns host:umengjmacs.m.taobao.com
I/awcn.AmdcThreadPoolExecutor( 1124):  thread created! name:AMDC10
D/awcn.LocalDnsStrategyTable( 1124):  resolve ip by local dns failed host:umengjmacs.m.taobao.com
D/getConnStrategyListByHost( 1124): |[seq:host] umengjmacs.m.taobao.com:result []
E/accs.SilenceConn_umeng:56aadbf567e58e38d4000976( 1124):  0 connect strategys ip:106.11.61.110 port:80
E/accs.SilenceConn_umeng:56aadbf567e58e38d4000976( 1124):  0 connect strategys ip:106.11.61.110 port:443
E/accs.SilenceConn_umeng:56aadbf567e58e38d4000976( 1124):  0 connect strategys ip:140.205.60.10 port:80
E/accs.SilenceConn_umeng:56aadbf567e58e38d4000976( 1124):  0 connect strategys ip:140.205.60.10 port:443
E/accs.SilenceConn_umeng:56aadbf567e58e38d4000976( 1124):  0 get ip from amdc succ:106.11.61.110:80 originPos:0
E/accs.SilenceConn_umeng:56aadbf567e58e38d4000976( 1124):  0 connect URL:https://106.11.61.110:80/accs/
E/accs.SilenceConn_umeng:56aadbf567e58e38d4000976( 1124):  0 connect normal
I/accs.SilenceConn_umeng:56aadbf567e58e38d4000976( 1124):  0 getChannelHost:umengjmacs.m.taobao.com
I/accs.SilenceConn_umeng:56aadbf567e58e38d4000976( 1124):  use custom pub key pubKey:11
I/tnet-jni( 1124): 105 -  create new session: 106.11.61.110:80
E/accs.SilenceConn_umeng:56aadbf567e58e38d4000976( 1124):  0 notifyStatus:CONNECTING
I/accs.SilenceConn_umeng:56aadbf567e58e38d4000976( 1124):  0 notifyStatus:CONNECTING handled
I/tnet-jni( 1124): 101 - [spdySessionFailedError] - 
I/tnet-jni( 1124): 101 - [SpdySessionCallBack.spdySessionFailedError] - org.android.spdy.SpdySession@7ec1326
D/tnet-jni( 1124): 101 - [SpdySession.cleanUp] - 
E/accs.SilenceConn_umeng:56aadbf567e58e38d4000976( 1124):  0 spdySessionFailedError, retryTimes:0 errorId:-2601
E/accs.SilenceConn_umeng:56aadbf567e58e38d4000976( 1124):  0 notifyStatus:DISCONNECTED
D/accs.OrangeAdapter( 1124):  isSmartHb result:true
D/accs.HeartbeatManager( 1124):  set 270
D/accs.HeartbeatManager( 1124):  onNetworkFail
D/accs.SilenceConn_umeng:56aadbf567e58e38d4000976( 1124):  try ping, force:false
E/accs.NetworkThread_umeng:56aadbf567e58e38d4000976( 1124):  0 try connect fail, ready for reconnect
D/accs.SilenceConn_umeng:56aadbf567e58e38d4000976( 1124):  send message, PING delay:8464 dataId:62
I/accs.SilenceConn_umeng:56aadbf567e58e38d4000976( 1124):  0 notifyStatus:DISCONNECTED handled
D/accs.UTMini( 1124):  commitEvent fail java.lang.NoClassDefFoundError: Failed resolution of: Lcom/ut/mini/internal/UTOriginalCustomHitBuilder;
D/tnet-jni( 1124): 101 - [SpdySession.clearAllStreamCb] - 
D/tnet-jni( 1124): 101 - [SpdySession.cleanUp] - 
E/accs.NetworkThread_umeng:56aadbf567e58e38d4000976( 1124):  0 try connect, force = false failTimes = 1
I/accs.NetworkThread_umeng:56aadbf567e58e38d4000976( 1124):  0 try connect, need sleep
I/accs.SpdyConnection( 1217):  0 getDefaultHost:umengjmacs.m.taobao.com
D/awcn.LocalDnsStrategyTable( 1217):  try resolve ip with local dns host:umengjmacs.m.taobao.com
D/awcn.LocalDnsStrategyTable( 1217):  resolve ip by local dns failed host:umengjmacs.m.taobao.com
D/getConnStrategyListByHost( 1217): |[seq:host] umengjmacs.m.taobao.com:result []
E/accs.SpdyConnection( 1217):  0 connect strategys ip:106.11.61.109 port:80
E/accs.SpdyConnection( 1217):  0 connect strategys ip:106.11.61.109 port:443
D/accs.HttpDnsProvider( 1217):  updateStrategyPos StrategyPos:1
E/accs.SpdyConnection( 1217):  0 get ip from amdc succ:106.11.61.109:443 originPos:1
E/accs.SpdyConnection( 1217):  0 connect URL:https://106.11.61.109:443/accs/
E/accs.SpdyConnection( 1217):  0 connect normal
I/accs.SpdyConnection( 1217):  0 getDefaultHost:umengjmacs.m.taobao.com
I/tnet-jni( 1217): 106 -  create new session: 106.11.61.109:443
E/accs.SpdyConnection( 1217):  0 notifyStatus:CONNECTING
I/accs.SpdyConnection( 1217):  0 notifyStatus:CONNECTING handled
I/tnet-jni( 1217): 105 - [spdySessionFailedError] - 
I/tnet-jni( 1217): 105 - [SpdySessionCallBack.spdySessionFailedError] - org.android.spdy.SpdySession@31e51706
D/tnet-jni( 1217): 105 - [SpdySession.cleanUp] - 
E/accs.SpdyConnection( 1217):  0 spdySessionFailedError, retryTimes:1 errorId:-2601
E/accs.SpdyConnection( 1217):  0 notifyStatus:DISCONNECTED
D/accs.OrangeAdapter( 1217):  isSmartHb result:true
D/accs.HeartbeatManager( 1217):  set 270
D/accs.HeartbeatManager( 1217):  onNetworkFail
D/accs.SpdyConnection( 1217):  try ping, force:false
E/accs.NetworkThread( 1217):  0 try connect fail, ready for reconnect
E/accs.NetworkThread( 1217):  0 try connect, force = false failTimes = 2
I/accs.NetworkThread( 1217):  0 try connect, need sleep
D/accs.SpdyConnection( 1217):  send message, PING delay:8095 dataId:71
I/accs.SpdyConnection( 1217):  0 notifyStatus:DISCONNECTED handled
D/accs.UTMini( 1217):  commitEvent fail java.lang.NoClassDefFoundError: Failed resolution of: Lcom/ut/mini/internal/UTOriginalCustomHitBuilder;
D/tnet-jni( 1217): 105 - [SpdySession.clearAllStreamCb] - 
D/tnet-jni( 1217): 105 - [SpdySession.cleanUp] - 
I/accs.SilenceConn_umeng:56aadbf567e58e38d4000976( 1124):  0 getChannelHost:umengjmacs.m.taobao.com
D/awcn.LocalDnsStrategyTable( 1124):  try resolve ip with local dns host:umengjmacs.m.taobao.com
I/awcn.AmdcThreadPoolExecutor( 1124):  thread created! name:AMDC11
D/awcn.LocalDnsStrategyTable( 1124):  resolve ip by local dns failed host:umengjmacs.m.taobao.com
D/getConnStrategyListByHost( 1124): |[seq:host] umengjmacs.m.taobao.com:result []
E/accs.SilenceConn_umeng:56aadbf567e58e38d4000976( 1124):  0 connect strategys ip:106.11.61.110 port:80
E/accs.SilenceConn_umeng:56aadbf567e58e38d4000976( 1124):  0 connect strategys ip:106.11.61.110 port:443
E/accs.SilenceConn_umeng:56aadbf567e58e38d4000976( 1124):  0 connect strategys ip:140.205.60.10 port:80
E/accs.SilenceConn_umeng:56aadbf567e58e38d4000976( 1124):  0 connect strategys ip:140.205.60.10 port:443
D/accs.HttpDnsProvider( 1124):  updateStrategyPos StrategyPos:1
E/accs.SilenceConn_umeng:56aadbf567e58e38d4000976( 1124):  0 get ip from amdc succ:106.11.61.110:443 originPos:1
E/accs.SilenceConn_umeng:56aadbf567e58e38d4000976( 1124):  0 connect URL:https://106.11.61.110:443/accs/
E/accs.SilenceConn_umeng:56aadbf567e58e38d4000976( 1124):  0 connect normal
I/accs.SilenceConn_umeng:56aadbf567e58e38d4000976( 1124):  0 getChannelHost:umengjmacs.m.taobao.com
I/accs.SilenceConn_umeng:56aadbf567e58e38d4000976( 1124):  use custom pub key pubKey:11
I/tnet-jni( 1124): 105 -  create new session: 106.11.61.110:443
E/accs.SilenceConn_umeng:56aadbf567e58e38d4000976( 1124):  0 notifyStatus:CONNECTING
I/accs.SilenceConn_umeng:56aadbf567e58e38d4000976( 1124):  0 notifyStatus:CONNECTING handled
I/tnet-jni( 1124): 101 - [spdySessionFailedError] - 
I/tnet-jni( 1124): 101 - [SpdySessionCallBack.spdySessionFailedError] - org.android.spdy.SpdySession@140cd14
D/tnet-jni( 1124): 101 - [SpdySession.cleanUp] - 
E/accs.SilenceConn_umeng:56aadbf567e58e38d4000976( 1124):  0 spdySessionFailedError, retryTimes:1 errorId:-2601
E/accs.SilenceConn_umeng:56aadbf567e58e38d4000976( 1124):  0 notifyStatus:DISCONNECTED
D/accs.OrangeAdapter( 1124):  isSmartHb result:true
D/accs.HeartbeatManager( 1124):  set 270
D/accs.HeartbeatManager( 1124):  onNetworkFail
D/accs.SilenceConn_umeng:56aadbf567e58e38d4000976( 1124):  try ping, force:false
E/accs.NetworkThread_umeng:56aadbf567e58e38d4000976( 1124):  0 try connect fail, ready for reconnect
E/accs.NetworkThread_umeng:56aadbf567e58e38d4000976( 1124):  0 try connect, force = false failTimes = 2
I/accs.NetworkThread_umeng:56aadbf567e58e38d4000976( 1124):  0 try connect, need sleep
D/accs.SilenceConn_umeng:56aadbf567e58e38d4000976( 1124):  send message, PING delay:9709 dataId:63
I/accs.SilenceConn_umeng:56aadbf567e58e38d4000976( 1124):  0 notifyStatus:DISCONNECTED handled
D/accs.UTMini( 1124):  commitEvent fail java.lang.NoClassDefFoundError: Failed resolution of: Lcom/ut/mini/internal/UTOriginalCustomHitBuilder;
D/tnet-jni( 1124): 101 - [SpdySession.clearAllStreamCb] - 
D/tnet-jni( 1124): 101 - [SpdySession.cleanUp] - 
D/accs.SpdyConnection( 1217):  clearRepeatControlCommand message:201/
I/accs.SpdyConnection( 1217):  0 getDefaultHost:umengjmacs.m.taobao.com
E/accs.SpdyConnection( 1217):  0 connect strategys ip:106.11.61.109 port:80
E/accs.SpdyConnection( 1217):  0 connect strategys ip:106.11.61.109 port:443
D/accs.HttpDnsProvider( 1217):  updateStrategyPos StrategyPos:2
E/accs.SpdyConnection( 1217):  0 get ip from amdc succ:106.11.61.109:80 originPos:0
E/accs.SpdyConnection( 1217):  0 connect URL:https://106.11.61.109:80/accs/
E/accs.SpdyConnection( 1217):  0 connect normal
I/accs.SpdyConnection( 1217):  0 getDefaultHost:umengjmacs.m.taobao.com
I/tnet-jni( 1217): 106 -  create new session: 106.11.61.109:80
E/accs.SpdyConnection( 1217):  0 notifyStatus:CONNECTING
I/accs.SpdyConnection( 1217):  0 notifyStatus:CONNECTING handled
I/tnet-jni( 1217): 105 - [spdySessionFailedError] - 
I/tnet-jni( 1217): 105 - [SpdySessionCallBack.spdySessionFailedError] - org.android.spdy.SpdySession@2032d1c7
D/tnet-jni( 1217): 105 - [SpdySession.cleanUp] - 
E/accs.SpdyConnection( 1217):  0 spdySessionFailedError, retryTimes:2 errorId:-2601
E/accs.SpdyConnection( 1217):  0 notifyStatus:DISCONNECTED
D/accs.OrangeAdapter( 1217):  isSmartHb result:true
D/accs.HeartbeatManager( 1217):  set 270
D/accs.HeartbeatManager( 1217):  onNetworkFail
D/accs.SpdyConnection( 1217):  try ping, force:false
D/accs.SpdyConnection( 1217):  send message, PING delay:1143 dataId:72
I/accs.SpdyConnection( 1217):  0 notifyStatus:DISCONNECTED handled
D/accs.UTMini( 1217):  commitEvent fail java.lang.NoClassDefFoundError: Failed resolution of: Lcom/ut/mini/internal/UTOriginalCustomHitBuilder;
D/tnet-jni( 1217): 105 - [SpdySession.clearAllStreamCb] - 
D/tnet-jni( 1217): 105 - [SpdySession.cleanUp] - 
E/accs.NetworkThread( 1217):  0 try connect fail, ready for reconnect
E/accs.NetworkThread( 1217):  0 try connect, force = false failTimes = 3
I/accs.NetworkThread( 1217):  0 try connect, need sleep
D/accs.SilenceConn_umeng:56aadbf567e58e38d4000976( 1124):  clearRepeatControlCommand message:201/
D/accs.SpdyConnection( 1217):  clearRepeatControlCommand message:201/
I/accs.SilenceConn_umeng:56aadbf567e58e38d4000976( 1124):  0 getChannelHost:umengjmacs.m.taobao.com
E/accs.SilenceConn_umeng:56aadbf567e58e38d4000976( 1124):  0 connect strategys ip:106.11.61.110 port:80
E/accs.SilenceConn_umeng:56aadbf567e58e38d4000976( 1124):  0 connect strategys ip:106.11.61.110 port:443
E/accs.SilenceConn_umeng:56aadbf567e58e38d4000976( 1124):  0 connect strategys ip:140.205.60.10 port:80
E/accs.SilenceConn_umeng:56aadbf567e58e38d4000976( 1124):  0 connect strategys ip:140.205.60.10 port:443
D/accs.HttpDnsProvider( 1124):  updateStrategyPos StrategyPos:2
E/accs.SilenceConn_umeng:56aadbf567e58e38d4000976( 1124):  0 get ip from amdc succ:140.205.60.10:80 originPos:2
E/accs.SilenceConn_umeng:56aadbf567e58e38d4000976( 1124):  0 connect URL:https://140.205.60.10:80/accs/
E/accs.SilenceConn_umeng:56aadbf567e58e38d4000976( 1124):  0 connect normal
I/accs.SilenceConn_umeng:56aadbf567e58e38d4000976( 1124):  0 getChannelHost:umengjmacs.m.taobao.com
I/accs.SilenceConn_umeng:56aadbf567e58e38d4000976( 1124):  use custom pub key pubKey:11
I/tnet-jni( 1124): 105 -  create new session: 140.205.60.10:80
E/accs.SilenceConn_umeng:56aadbf567e58e38d4000976( 1124):  0 notifyStatus:CONNECTING
I/accs.SilenceConn_umeng:56aadbf567e58e38d4000976( 1124):  0 notifyStatus:CONNECTING handled
I/tnet-jni( 1124): 101 - [spdySessionFailedError] - 
I/tnet-jni( 1124): 101 - [SpdySessionCallBack.spdySessionFailedError] - org.android.spdy.SpdySession@388b99bd
D/tnet-jni( 1124): 101 - [SpdySession.cleanUp] - 
E/accs.SilenceConn_umeng:56aadbf567e58e38d4000976( 1124):  0 spdySessionFailedError, retryTimes:2 errorId:-2601
E/accs.SilenceConn_umeng:56aadbf567e58e38d4000976( 1124):  0 notifyStatus:DISCONNECTED
D/accs.OrangeAdapter( 1124):  isSmartHb result:true
D/accs.HeartbeatManager( 1124):  set 270
D/accs.HeartbeatManager( 1124):  onNetworkFail
D/accs.SilenceConn_umeng:56aadbf567e58e38d4000976( 1124):  try ping, force:false
E/accs.NetworkThread_umeng:56aadbf567e58e38d4000976( 1124):  0 try connect fail, ready for reconnect
D/accs.SilenceConn_umeng:56aadbf567e58e38d4000976( 1124):  send message, PING delay:9769 dataId:64
I/accs.SilenceConn_umeng:56aadbf567e58e38d4000976( 1124):  0 notifyStatus:DISCONNECTED handled
D/accs.UTMini( 1124):  commitEvent fail java.lang.NoClassDefFoundError: Failed resolution of: Lcom/ut/mini/internal/UTOriginalCustomHitBuilder;
D/tnet-jni( 1124): 101 - [SpdySession.clearAllStreamCb] - 
D/tnet-jni( 1124): 101 - [SpdySession.cleanUp] - 
E/accs.NetworkThread_umeng:56aadbf567e58e38d4000976( 1124):  0 try connect, force = false failTimes = 3
I/accs.NetworkThread_umeng:56aadbf567e58e38d4000976( 1124):  0 try connect, need sleep
D/accs.SpdyConnection( 1217):  clearRepeatControlCommand message:201/
I/accs.SpdyConnection( 1217):  0 getDefaultHost:umengjmacs.m.taobao.com
I/accs.SpdyConnection( 1217):  0 getDefaultHost:umengjmacs.m.taobao.com
D/awcn.LocalDnsStrategyTable( 1217):  try resolve ip with local dns host:umengjmacs.m.taobao.com
D/awcn.LocalDnsStrategyTable( 1217):  resolve ip by local dns failed host:umengjmacs.m.taobao.com
D/getConnStrategyListByHost( 1217): |[seq:host] umengjmacs.m.taobao.com:result []
E/accs.SpdyConnection( 1217):  0 connect strategys ip:106.11.61.109 port:80
E/accs.SpdyConnection( 1217):  0 connect strategys ip:106.11.61.109 port:443
D/accs.HttpDnsProvider( 1217):  updateStrategyPos StrategyPos:1
E/accs.SpdyConnection( 1217):  0 get ip from amdc succ:106.11.61.109:443 originPos:1
E/accs.SpdyConnection( 1217):  0 connect URL:https://106.11.61.109:443/accs/
E/accs.SpdyConnection( 1217):  0 connect normal
I/accs.SpdyConnection( 1217):  0 getDefaultHost:umengjmacs.m.taobao.com
I/tnet-jni( 1217): 106 -  create new session: 106.11.61.109:443
E/accs.SpdyConnection( 1217):  0 notifyStatus:CONNECTING
I/accs.SpdyConnection( 1217):  0 notifyStatus:CONNECTING handled
I/tnet-jni( 1217): 105 - [spdySessionFailedError] - 
I/tnet-jni( 1217): 105 - [SpdySessionCallBack.spdySessionFailedError] - org.android.spdy.SpdySession@387823f4
D/tnet-jni( 1217): 105 - [SpdySession.cleanUp] - 
E/accs.SpdyConnection( 1217):  0 spdySessionFailedError, retryTimes:3 errorId:-2601
E/accs.SpdyConnection( 1217):  0 notifyStatus:DISCONNECTED
D/accs.OrangeAdapter( 1217):  isSmartHb result:true
D/accs.HeartbeatManager( 1217):  set 270
D/accs.HeartbeatManager( 1217):  onNetworkFail
D/accs.SpdyConnection( 1217):  try ping, force:false
E/accs.NetworkThread( 1217):  0 try connect fail, ready for reconnect
E/accs.NetworkThread( 1217):  0 try connect, force = false failTimes = 4
E/accs.NetworkThread( 1217):  0 try connect fail 4 times
D/accs.SpdyConnection( 1217):  send message, PING delay:2600 dataId:73
I/accs.SpdyConnection( 1217):  0 notifyStatus:DISCONNECTED handled
D/accs.OrangeAdapter( 1217):  isSmartHb result:true
D/accs.HeartbeatManager( 1217):  set 270
D/accs.NetworkThread( 1217):  send succ, remove it
D/accs.NetworkThread( 1217):  ready to get message
D/accs.NetworkThread( 1217):  no message, wait
D/accs.UTMini( 1217):  commitEvent fail java.lang.NoClassDefFoundError: Failed resolution of: Lcom/ut/mini/internal/UTOriginalCustomHitBuilder;
D/tnet-jni( 1217): 105 - [SpdySession.clearAllStreamCb] - 
D/tnet-jni( 1217): 105 - [SpdySession.cleanUp] - 
D/accs.SilenceConn_umeng:56aadbf567e58e38d4000976( 1124):  clearRepeatControlCommand message:201/
I/accs.SilenceConn_umeng:56aadbf567e58e38d4000976( 1124):  0 getChannelHost:umengjmacs.m.taobao.com
I/awcn.StrategyCenter( 1124):  force refresh strategy host:umengjmacs.m.taobao.com
I/accs.SilenceConn_umeng:56aadbf567e58e38d4000976( 1124):  0 getChannelHost:umengjmacs.m.taobao.com
E/accs.SilenceConn_umeng:56aadbf567e58e38d4000976( 1124):  0 connect strategys ip:106.11.61.110 port:80
E/accs.SilenceConn_umeng:56aadbf567e58e38d4000976( 1124):  0 connect strategys ip:106.11.61.110 port:443
E/accs.SilenceConn_umeng:56aadbf567e58e38d4000976( 1124):  0 connect strategys ip:140.205.60.10 port:80
E/accs.SilenceConn_umeng:56aadbf567e58e38d4000976( 1124):  0 connect strategys ip:140.205.60.10 port:443
D/accs.HttpDnsProvider( 1124):  updateStrategyPos StrategyPos:3
E/accs.SilenceConn_umeng:56aadbf567e58e38d4000976( 1124):  0 get ip from amdc succ:140.205.60.10:443 originPos:3
E/accs.SilenceConn_umeng:56aadbf567e58e38d4000976( 1124):  0 connect URL:https://140.205.60.10:443/accs/
E/accs.SilenceConn_umeng:56aadbf567e58e38d4000976( 1124):  0 connect normal
I/accs.SilenceConn_umeng:56aadbf567e58e38d4000976( 1124):  0 getChannelHost:umengjmacs.m.taobao.com
I/accs.SilenceConn_umeng:56aadbf567e58e38d4000976( 1124):  use custom pub key pubKey:11
I/tnet-jni( 1124): 105 -  create new session: 140.205.60.10:443
E/accs.SilenceConn_umeng:56aadbf567e58e38d4000976( 1124):  0 notifyStatus:CONNECTING
I/accs.SilenceConn_umeng:56aadbf567e58e38d4000976( 1124):  0 notifyStatus:CONNECTING handled
I/tnet-jni( 1124): 101 - [spdySessionFailedError] - 
I/tnet-jni( 1124): 101 - [SpdySessionCallBack.spdySessionFailedError] - org.android.spdy.SpdySession@1763bb2
D/tnet-jni( 1124): 101 - [SpdySession.cleanUp] - 
E/accs.SilenceConn_umeng:56aadbf567e58e38d4000976( 1124):  0 spdySessionFailedError, retryTimes:3 errorId:-2601
E/accs.SilenceConn_umeng:56aadbf567e58e38d4000976( 1124):  0 notifyStatus:DISCONNECTED
D/accs.OrangeAdapter( 1124):  isSmartHb result:true
D/accs.HeartbeatManager( 1124):  set 270
D/accs.HeartbeatManager( 1124):  onNetworkFail
D/accs.SilenceConn_umeng:56aadbf567e58e38d4000976( 1124):  try ping, force:false
E/accs.NetworkThread_umeng:56aadbf567e58e38d4000976( 1124):  0 try connect fail, ready for reconnect
D/accs.SilenceConn_umeng:56aadbf567e58e38d4000976( 1124):  send message, PING delay:6061 dataId:65
I/accs.SilenceConn_umeng:56aadbf567e58e38d4000976( 1124):  0 notifyStatus:DISCONNECTED handled
D/accs.UTMini( 1124):  commitEvent fail java.lang.NoClassDefFoundError: Failed resolution of: Lcom/ut/mini/internal/UTOriginalCustomHitBuilder;
D/tnet-jni( 1124): 101 - [SpdySession.clearAllStreamCb] - 
D/tnet-jni( 1124): 101 - [SpdySession.cleanUp] - 
E/accs.NetworkThread_umeng:56aadbf567e58e38d4000976( 1124):  0 try connect, force = false failTimes = 4
E/accs.NetworkThread_umeng:56aadbf567e58e38d4000976( 1124):  0 try connect fail 4 times
D/accs.OrangeAdapter( 1124):  isSmartHb result:true
D/accs.HeartbeatManager( 1124):  set 270
D/accs.NetworkThread_umeng:56aadbf567e58e38d4000976( 1124):  send succ, remove it
D/accs.NetworkThread_umeng:56aadbf567e58e38d4000976( 1124):  ready to get message
D/accs.NetworkThread_umeng:56aadbf567e58e38d4000976( 1124):  no message, wait
D/accs.NetworkThread( 1217):  try get message
D/accs.NetworkThread( 1217):  send message not null
I/accs.NetworkThread( 1217):  0 send:PING status:3
D/accs.OrangeAdapter( 1217):  isSmartHb result:true
E/accs.NetworkThread( 1217):  0 try connect, force = false failTimes = 4
E/accs.NetworkThread( 1217):  0 try connect fail 4 times
D/accs.OrangeAdapter( 1217):  isSmartHb result:true
D/accs.HeartbeatManager( 1217):  set 270
D/accs.NetworkThread( 1217):  send succ, remove it
D/accs.NetworkThread( 1217):  ready to get message
D/accs.NetworkThread( 1217):  no message, wait
D/accs.NetworkThread_umeng:56aadbf567e58e38d4000976( 1124):  try get message
D/accs.NetworkThread_umeng:56aadbf567e58e38d4000976( 1124):  send message not null
I/accs.NetworkThread_umeng:56aadbf567e58e38d4000976( 1124):  0 send:PING status:3
D/accs.OrangeAdapter( 1124):  isSmartHb result:true
E/accs.NetworkThread_umeng:56aadbf567e58e38d4000976( 1124):  0 try connect, force = false failTimes = 4
E/accs.NetworkThread_umeng:56aadbf567e58e38d4000976( 1124):  0 try connect fail 4 times
D/accs.OrangeAdapter( 1124):  isSmartHb result:true
D/accs.HeartbeatManager( 1124):  set 270
D/accs.NetworkThread_umeng:56aadbf567e58e38d4000976( 1124):  send succ, remove it
D/accs.NetworkThread_umeng:56aadbf567e58e38d4000976( 1124):  ready to get message
D/accs.NetworkThread_umeng:56aadbf567e58e38d4000976( 1124):  no message, wait
D/accs.NetworkThread_umeng:56aadbf567e58e38d4000976( 1124):  try get message
D/accs.NetworkThread_umeng:56aadbf567e58e38d4000976( 1124):  send message not null
I/accs.NetworkThread_umeng:56aadbf567e58e38d4000976( 1124):  0 send:PING status:3
D/accs.OrangeAdapter( 1124):  isSmartHb result:true
E/accs.NetworkThread_umeng:56aadbf567e58e38d4000976( 1124):  0 try connect, force = false failTimes = 4
E/accs.NetworkThread_umeng:56aadbf567e58e38d4000976( 1124):  0 try connect fail 4 times
D/accs.OrangeAdapter( 1124):  isSmartHb result:true
D/accs.HeartbeatManager( 1124):  set 270
D/accs.NetworkThread_umeng:56aadbf567e58e38d4000976( 1124):  send succ, remove it
D/accs.NetworkThread_umeng:56aadbf567e58e38d4000976( 1124):  ready to get message
D/accs.NetworkThread_umeng:56aadbf567e58e38d4000976( 1124):  no message, wait
D/Genyd   (  116): Received Set Clipboard
D/Genymotion(  116): Received Set Clipboard
D/Genyd   (  116): Received Set Clipboard
D/Genymotion(  116): Received Set Clipboard
D/Genyd   (  116): Received Set Clipboard
D/Genymotion(  116): Received Set Clipboard
D/Genyd   (  116): Received Set Clipboard
D/Genymotion(  116): Received Set Clipboard
D/Genyd   (  116): Received Set Clipboard
D/Genymotion(  116): Received Set Clipboard
D/Genyd   (  116): Received Set Clipboard
D/Genymotion(  116): Received Set Clipboard
D/Genyd   (  116): Received Set Clipboard
D/Genymotion(  116): Received Set Clipboard
D/accs.BaseReceiver( 1217):  onReceive
D/accs.ReceiverImpl( 1217):  ReceiverImpl onReceive begin......
D/accs.AdapterGlobalClientInfo( 1217):  getAgooCustomServiceName name:com.umeng.message.UmengIntentService
D/accs.AdapterGlobalClientInfo( 1217):  getAgooCustomServiceName name:com.umeng.message.UmengIntentService
I/accs.ElectionServiceImpl( 1217):  onStartCommand begin action:com.taobao.accs.intent.action.COMMAND
I/accs.ElectionServiceUtil( 1217):  getElectionResult from mem host:com.zzl.itoube.internal retry:0
I/accs.ElectionServiceImpl( 1217):  deliver to channelservice host pkg:com.zzl.itoube.internal
I/accs.ServiceImpl( 1217):  onHostStartCommand:Intent { act=com.taobao.accs.intent.action.COMMAND flg=0x14 pkg=com.zzl.itoube.internal cmp=com.zzl.itoube.internal/com.taobao.accs.ChannelService (has extras) }
D/accs.ServiceImpl( 1217):  key command: value 201
D/accs.ServiceImpl( 1217):  key android.intent.extra.ALARM_COUNT: value 1
I/accs.LoadSoFailUtil( 1217):  getSoFailTimes times:0
D/accs.SpdyConnection( 1217):  try ping, force:false
D/accs.SpdyConnection( 1217):  send message, PING delay:0 dataId:74
I/accs.ServiceImpl( 1217):  command:201
D/accs.NetworkThread( 1217):  try get message
D/accs.SpdyConnection( 1217):  send message, PING delay:0 dataId:75
D/accs.NetworkThread( 1217):  send message not null
I/accs.NetworkThread( 1217):  0 send:PING status:3
D/accs.OrangeAdapter( 1217):  isSmartHb result:true
D/accs.NetworkThread( 1217):  ms:275596 force:false
D/accs.MonitorStatistic( 1217):  commitUT interval:1480858 interval1:3275970
D/accs.MonitorStatistic( 1217):  eventId=66001;arg1=1;arg2=0;arg3=212;args={commitTime=1515829093050, networkAvailable=true, connStatus=3, startServiceTime=1515825817080, proxy=, url=https://106.11.61.109:80/accs/auth?1=WlcCiYIi1P4DAJwcljCxvIg%2F&2=6b2faa3b146b8a369e40769a6af7719c43cbc702da29b62117abb0052c8ebf37&3=umeng:585b4a88766613539b00000e&4=WlcCiYIi1P4DAJwcljCxvIg%2Fumeng:585b4a88766613539b00000e1515840222&5=0&6=wifi&7=31027&8=212&9=1515828284267&10=1&11=22&12=com.zzl.itoube.internal&13=1.3.0&14=android@umeng&15=Custom Phone - 5.1.0 - API 22 - 768x1280&16=generic&17=212&19=0, connType=0, tcpConnected=false, threadIsalive=true}
D/accs.SpdyConnection( 1217):  clearRepeatControlCommand message:201/
E/accs.NetworkThread( 1217):  0 try connect, force = true failTimes = 0
I/accs.NetworkThread( 1217):  0 try connect, need sleep
D/accs.UTMini( 1217):  commitEvent fail java.lang.NoClassDefFoundError: Failed resolution of: Lcom/ut/mini/internal/UTOriginalCustomHitBuilder;
D/accs.AccsJobService( 1124):  onStartJob
I/accs.BaseIntentService( 1217):  onHandleIntent,action=com.taobao.accs.intent.action.COMMAND,agooCommand=com.zzl.itoube.internal.intent.action.COMMAND,mipushCommand=com.zzl.itoube.internal.intent.thirdPush.action.COMMAND
I/accs.ElectionServiceImpl( 1124):  onStartCommand begin action:com.taobao.accs.intent.action.COMMAND
I/accs.OrangeAdapter( 1124):  isElectionEnable result:false
I/accs.OrangeAdapter( 1124):  isElectionEnable result:false
I/accs.ElectionServiceImpl( 1124):  deliver to channelservice host pkg:
I/accs.ServiceImpl( 1124):  onHostStartCommand:Intent { act=com.taobao.accs.intent.action.COMMAND pkg=com.zzl.falcon.internal cmp=com.zzl.falcon.internal/com.taobao.accs.ChannelService (has extras) }
D/accs.ServiceImpl( 1124):  key command: value 201
I/accs.LoadSoFailUtil( 1124):  getSoFailTimes times:0
D/accs.SilenceConn_umeng:56aadbf567e58e38d4000976( 1124):  try ping, force:false
D/accs.SilenceConn_umeng:56aadbf567e58e38d4000976( 1124):  send message, PING delay:0 dataId:66
I/accs.ServiceImpl( 1124):  tryConnect appkey:umeng:56aadbf567e58e38d4000976 configTag:umeng:56aadbf567e58e38d4000976|0
I/accs.ServiceImpl( 1124):  command:201
D/accs.SilenceConn_umeng:56aadbf567e58e38d4000976( 1124):  send message, PING delay:0 dataId:67
D/accs.SilenceConn_umeng:56aadbf567e58e38d4000976( 1124):  clearRepeatControlCommand message:201/
D/accs.NetworkThread_umeng:56aadbf567e58e38d4000976( 1124):  try get message
D/accs.NetworkThread_umeng:56aadbf567e58e38d4000976( 1124):  send message not null
I/accs.NetworkThread_umeng:56aadbf567e58e38d4000976( 1124):  0 send:PING status:3
D/accs.MonitorStatistic( 1124):  commitUT interval:1480857 interval1:3277092
D/accs.OrangeAdapter( 1124):  isSmartHb result:true
D/accs.MonitorStatistic( 1124):  eventId=66001;arg1=0;arg2=0;arg3=221;args={commitTime=1515829093057, networkAvailable=true, connStatus=3, startServiceTime=1515825815965, proxy=, url=https://106.11.61.110:80/accs/auth?1=WlcCiYIi1P4DAJwcljCxvIg%2F&2=a99486d3758e59fc2556590fba8e45d1f8f54345b3905b582ff5777b1cf28d90&3=umeng:56aadbf567e58e38d4000976&4=WlcCiYIi1P4DAJwcljCxvIg%2Fumeng:56aadbf567e58e38d40009761515840230&5=0&6=wifi&7=31027&8=221&9=1515828284280&10=1&11=22&12=com.zzl.falcon.internal&13=2.4.1&14=android@umeng&15=Custom Phone - 5.1.0 - API 22 - 768x1280&16=generic&17=221&19=0, connType=0, tcpConnected=false, threadIsalive=true}
D/accs.NetworkThread_umeng:56aadbf567e58e38d4000976( 1124):  ms:270013 force:true
D/accs.UTMini( 1124):  commitEvent fail java.lang.NoClassDefFoundError: Failed resolution of: Lcom/ut/mini/internal/UTOriginalCustomHitBuilder;
E/accs.NetworkThread_umeng:56aadbf567e58e38d4000976( 1124):  0 try connect, force = true failTimes = 0
I/accs.NetworkThread_umeng:56aadbf567e58e38d4000976( 1124):  0 try connect, need sleep
I/accs.SpdyConnection( 1217):  0 getDefaultHost:umengjmacs.m.taobao.com
E/accs.SpdyConnection( 1217):  0 connect strategys ip:106.11.61.109 port:80
E/accs.SpdyConnection( 1217):  0 connect strategys ip:106.11.61.109 port:443
D/accs.HttpDnsProvider( 1217):  updateStrategyPos StrategyPos:2
E/accs.SpdyConnection( 1217):  0 get ip from amdc succ:106.11.61.109:80 originPos:0
E/accs.SpdyConnection( 1217):  0 connect URL:https://106.11.61.109:80/accs/
E/accs.SpdyConnection( 1217):  0 connect normal
I/accs.SpdyConnection( 1217):  0 getDefaultHost:umengjmacs.m.taobao.com
I/tnet-jni( 1217): 106 -  create new session: 106.11.61.109:80
E/accs.SpdyConnection( 1217):  0 notifyStatus:CONNECTING
I/accs.SpdyConnection( 1217):  0 notifyStatus:CONNECTING handled
I/tnet-jni( 1217): 105 - [spdySessionFailedError] - 
I/tnet-jni( 1217): 105 - [SpdySessionCallBack.spdySessionFailedError] - org.android.spdy.SpdySession@1c80c363
D/tnet-jni( 1217): 105 - [SpdySession.cleanUp] - 
E/accs.SpdyConnection( 1217):  0 spdySessionFailedError, retryTimes:0 errorId:-2601
E/accs.SpdyConnection( 1217):  0 notifyStatus:DISCONNECTED
D/accs.OrangeAdapter( 1217):  isSmartHb result:true
D/accs.HeartbeatManager( 1217):  set 270
D/accs.HeartbeatManager( 1217):  onNetworkFail
D/accs.SpdyConnection( 1217):  try ping, force:false
E/accs.NetworkThread( 1217):  0 try connect fail, ready for reconnect
D/accs.SpdyConnection( 1217):  send message, PING delay:1139 dataId:76
I/accs.SpdyConnection( 1217):  0 notifyStatus:DISCONNECTED handled
D/accs.UTMini( 1217):  commitEvent fail java.lang.NoClassDefFoundError: Failed resolution of: Lcom/ut/mini/internal/UTOriginalCustomHitBuilder;
D/tnet-jni( 1217): 105 - [SpdySession.clearAllStreamCb] - 
D/tnet-jni( 1217): 105 - [SpdySession.cleanUp] - 
E/accs.NetworkThread( 1217):  0 try connect, force = false failTimes = 1
I/accs.NetworkThread( 1217):  0 try connect, need sleep
I/accs.SilenceConn_umeng:56aadbf567e58e38d4000976( 1124):  0 getChannelHost:umengjmacs.m.taobao.com
E/accs.SilenceConn_umeng:56aadbf567e58e38d4000976( 1124):  0 connect strategys ip:106.11.61.110 port:80
E/accs.SilenceConn_umeng:56aadbf567e58e38d4000976( 1124):  0 connect strategys ip:106.11.61.110 port:443
E/accs.SilenceConn_umeng:56aadbf567e58e38d4000976( 1124):  0 connect strategys ip:140.205.60.10 port:80
E/accs.SilenceConn_umeng:56aadbf567e58e38d4000976( 1124):  0 connect strategys ip:140.205.60.10 port:443
D/accs.HttpDnsProvider( 1124):  updateStrategyPos StrategyPos:4
E/accs.SilenceConn_umeng:56aadbf567e58e38d4000976( 1124):  0 get ip from amdc succ:106.11.61.110:80 originPos:0
E/accs.SilenceConn_umeng:56aadbf567e58e38d4000976( 1124):  0 connect URL:https://106.11.61.110:80/accs/
E/accs.SilenceConn_umeng:56aadbf567e58e38d4000976( 1124):  0 connect normal
I/accs.SilenceConn_umeng:56aadbf567e58e38d4000976( 1124):  0 getChannelHost:umengjmacs.m.taobao.com
I/accs.SilenceConn_umeng:56aadbf567e58e38d4000976( 1124):  use custom pub key pubKey:11
I/tnet-jni( 1124): 105 -  create new session: 106.11.61.110:80
I/tnet-jni( 1124): 101 - [spdySessionFailedError] - 
I/tnet-jni( 1124): 101 - [SpdySessionCallBack.spdySessionFailedError] - org.android.spdy.SpdySession@390860fe
D/tnet-jni( 1124): 101 - [SpdySession.cleanUp] - 
E/accs.SilenceConn_umeng:56aadbf567e58e38d4000976( 1124):  0 notifyStatus:CONNECTING
E/accs.SilenceConn_umeng:56aadbf567e58e38d4000976( 1124):  0 spdySessionFailedError, retryTimes:0 errorId:-2601
I/accs.SilenceConn_umeng:56aadbf567e58e38d4000976( 1124):  0 notifyStatus:CONNECTING handled
E/accs.SilenceConn_umeng:56aadbf567e58e38d4000976( 1124):  0 notifyStatus:DISCONNECTED
D/accs.OrangeAdapter( 1124):  isSmartHb result:true
D/accs.HeartbeatManager( 1124):  set 270
D/accs.HeartbeatManager( 1124):  onNetworkFail
D/accs.SilenceConn_umeng:56aadbf567e58e38d4000976( 1124):  try ping, force:false
E/accs.NetworkThread_umeng:56aadbf567e58e38d4000976( 1124):  0 try connect fail, ready for reconnect
E/accs.NetworkThread_umeng:56aadbf567e58e38d4000976( 1124):  0 try connect, force = false failTimes = 1
