W/OpenGLRenderer(  636): Failed to set EGL_SWAP_BEHAVIOR on surface 0xee8c1420, error=EGL_SUCCESS
W/ViewRootImpl(  636): Cancelling event due to no window focus: KeyEvent { action=ACTION_UP, keyCode=KEYCODE_DPAD_UP, scanCode=0, metaState=0, flags=0x28, repeatCount=0, eventTime=3353574, downTime=3353574, deviceId=-1, source=0x101 }
W/ViewRootImpl(  636): Cancelling event due to no window focus: KeyEvent { action=ACTION_UP, keyCode=KEYCODE_DPAD_UP, scanCode=0, metaState=0, flags=0x28, repeatCount=0, eventTime=3353574, downTime=3353574, deviceId=-1, source=0x101 }
W/ViewRootImpl(  636): Cancelling event due to no window focus: KeyEvent { action=ACTION_UP, keyCode=KEYCODE_DPAD_UP, scanCode=0, metaState=0, flags=0x28, repeatCount=0, eventTime=3353574, downTime=3353574, deviceId=-1, source=0x101 }
W/ViewRootImpl(  636): Cancelling event due to no window focus: KeyEvent { action=ACTION_UP, keyCode=KEYCODE_DPAD_UP, scanCode=0, metaState=0, flags=0x28, repeatCount=0, eventTime=3353574, downTime=3353574, deviceId=-1, source=0x101 }
W/ViewRootImpl(  636): Cancelling event due to no window focus: KeyEvent { action=ACTION_UP, keyCode=KEYCODE_DPAD_UP, scanCode=0, metaState=0, flags=0x28, repeatCount=0, eventTime=3353574, downTime=3353574, deviceId=-1, source=0x101 }
W/ViewRootImpl(  636): Cancelling event due to no window focus: KeyEvent { action=ACTION_UP, keyCode=KEYCODE_DPAD_UP, scanCode=0, metaState=0, flags=0x28, repeatCount=0, eventTime=3353574, downTime=3353574, deviceId=-1, source=0x101 }
W/ViewRootImpl(  636): Cancelling event due to no window focus: KeyEvent { action=ACTION_UP, keyCode=KEYCODE_DPAD_UP, scanCode=0, metaState=0, flags=0x28, repeatCount=0, eventTime=3353574, downTime=3353574, deviceId=-1, source=0x101 }
W/ViewRootImpl(  636): Cancelling event due to no window focus: KeyEvent { action=ACTION_UP, keyCode=KEYCODE_DPAD_UP, scanCode=0, metaState=0, flags=0x28, repeatCount=0, eventTime=3353574, downTime=3353574, deviceId=-1, source=0x101 }
W/ViewRootImpl(  636): Cancelling event due to no window focus: KeyEvent { action=ACTION_UP, keyCode=KEYCODE_DPAD_UP, scanCode=0, metaState=0, flags=0x28, repeatCount=0, eventTime=3353574, downTime=3353574, deviceId=-1, source=0x101 }
W/ViewRootImpl(  636): Dropping event due to no window focus: MotionEvent { action=ACTION_MOVE, id[0]=0, x[0]=-3.0, y[0]=4.0, toolType[0]=TOOL_TYPE_UNKNOWN, buttonState=0, metaState=0, flags=0x0, edgeFlags=0x0, pointerCount=1, historySize=9, eventTime=3353611, downTime=-1, deviceId=0, source=0x10004 }
D/PhoneStatusBar(  636): disable: < expand icons* alerts system_info* back home recent clock search >
W/EGL_emulation(  636): eglSurfaceAttrib not implemented
W/OpenGLRenderer(  636): Failed to set EGL_SWAP_BEHAVIOR on surface 0xee8c1420, error=EGL_SUCCESS
W/ViewRootImpl(  636): Dropping event due to no window focus: KeyEvent { action=ACTION_DOWN, keyCode=KEYCODE_DPAD_LEFT, scanCode=0, metaState=0, flags=0x8, repeatCount=0, eventTime=3353618, downTime=3353618, deviceId=-1, source=0x101 }
W/ViewRootImpl(  636): Cancelling event due to no window focus: KeyEvent { action=ACTION_UP, keyCode=KEYCODE_DPAD_LEFT, scanCode=0, metaState=0, flags=0x28, repeatCount=0, eventTime=3353684, downTime=3353618, deviceId=-1, source=0x101 }
W/ViewRootImpl(  636): Cancelling event due to no window focus: KeyEvent { action=ACTION_UP, keyCode=KEYCODE_DPAD_LEFT, scanCode=0, metaState=0, flags=0x28, repeatCount=0, eventTime=3353684, downTime=3353618, deviceId=-1, source=0x101 }
W/ViewRootImpl(  636): Cancelling event due to no window focus: KeyEvent { action=ACTION_UP, keyCode=KEYCODE_DPAD_LEFT, scanCode=0, metaState=0, flags=0x28, repeatCount=0, eventTime=3353684, downTime=3353618, deviceId=-1, source=0x101 }
W/ViewRootImpl(  636): Cancelling event due to no window focus: KeyEvent { action=ACTION_UP, keyCode=KEYCODE_DPAD_LEFT, scanCode=0, metaState=0, flags=0x28, repeatCount=0, eventTime=3353684, downTime=3353618, deviceId=-1, source=0x101 }
W/ViewRootImpl(  636): Cancelling event due to no window focus: KeyEvent { action=ACTION_UP, keyCode=KEYCODE_DPAD_LEFT, scanCode=0, metaState=0, flags=0x28, repeatCount=0, eventTime=3353684, downTime=3353618, deviceId=-1, source=0x101 }
W/ViewRootImpl(  636): Cancelling event due to no window focus: KeyEvent { action=ACTION_UP, keyCode=KEYCODE_DPAD_LEFT, scanCode=0, metaState=0, flags=0x28, repeatCount=0, eventTime=3353684, downTime=3353618, deviceId=-1, source=0x101 }
W/ViewRootImpl(  636): Cancelling event due to no window focus: KeyEvent { action=ACTION_UP, keyCode=KEYCODE_DPAD_LEFT, scanCode=0, metaState=0, flags=0x28, repeatCount=0, eventTime=3353684, downTime=3353618, deviceId=-1, source=0x101 }
W/ViewRootImpl(  636): Cancelling event due to no window focus: KeyEvent { action=ACTION_UP, keyCode=KEYCODE_DPAD_LEFT, scanCode=0, metaState=0, flags=0x28, repeatCount=0, eventTime=3353684, downTime=3353618, deviceId=-1, source=0x101 }
W/ViewRootImpl(  636): Cancelling event due to no window focus: KeyEvent { action=ACTION_UP, keyCode=KEYCODE_DPAD_LEFT, scanCode=0, metaState=0, flags=0x28, repeatCount=0, eventTime=3353684, downTime=3353618, deviceId=-1, source=0x101 }
D/WebView ( 1239): show url http://116.236.220.210:8084/appIndex/securityPage
W/InputMethodManagerService(  527): Window already focused, ignoring focus gain of: com.android.internal.view.IInputMethodClient$Stub$Proxy@edeb113 attribute=null, token = android.os.BinderProxy@36adb717
I/ActivityManager(  527): START u0 {act=android.intent.action.MAIN cat=[android.intent.category.HOME] flg=0x10200000 cmp=com.android.launcher3/.Launcher} from uid 1000 on display 0
I/chromium( 1239): [INFO:CONSOLE(1)] "Uncaught ReferenceError: jump is not defined", source:  (1)
D/WebView ( 1239): show url http://116.236.220.210:8084/appIndex/securityPage
D/WebView ( 1239): show url http://116.236.220.210:8084/appIndex/securityPage
I/chromium( 1239): [INFO:CONSOLE(1)] "Uncaught ReferenceError: jump is not defined", source:  (1)
D/WebView ( 1239): show url http://116.236.220.210:8084/appIndex/securityPage
I/ActivityManager(  527): START u0 {act=android.intent.action.MAIN cat=[android.intent.category.LAUNCHER] flg=0x10200000 cmp=com.zzl.falcon.internal/com.zzl.falcon.EntranceActivity} from uid 0 on display 0
W/UnimplementedWebViewApi( 1239): Unimplemented WebView method onKeyMultiple called from: android.webkit.WebView.onKeyMultiple(WebView.java:2320)
W/UnimplementedWebViewApi( 1239): Unimplemented WebView method onKeyDown called from: android.webkit.WebView.onKeyDown(WebView.java:2310)
I/chromium( 1239): [INFO:CONSOLE(1)] "Uncaught ReferenceError: jump is not defined", source:  (1)
I/chromium( 1239): [INFO:CONSOLE(1)] "Uncaught ReferenceError: jump is not defined", source:  (1)
I/chromium( 1239): [INFO:CONSOLE(12)] "Not allowed to load local resource: file:///android_asset/webkit/android-weberror.png", source: data:text/html,chromewebdata (12)
W/UnimplementedWebViewApi( 1239): Unimplemented WebView method onKeyMultiple called from: android.webkit.WebView.onKeyMultiple(WebView.java:2320)
W/UnimplementedWebViewApi( 1239): Unimplemented WebView method onKeyDown called from: android.webkit.WebView.onKeyDown(WebView.java:2310)
I/InputDispatcher(  527): Dropped event because of pending overdue app switch.
W/InputManager(  527): Input event injection from pid 3669 failed.
I/chromium( 1239): [INFO:CONSOLE(1)] "Uncaught ReferenceError: jump is not defined", source:  (1)
W/AudioTrack(  527): AUDIO_OUTPUT_FLAG_FAST denied by client
W/UnimplementedWebViewApi( 1239): Unimplemented WebView method onKeyMultiple called from: android.webkit.WebView.onKeyMultiple(WebView.java:2320)
W/UnimplementedWebViewApi( 1239): Unimplemented WebView method onKeyDown called from: android.webkit.WebView.onKeyDown(WebView.java:2310)
W/UnimplementedWebViewApi( 1239): Unimplemented WebView method onKeyDown called from: android.webkit.WebView.onKeyDown(WebView.java:2310)
W/AudioTrack(  527): AUDIO_OUTPUT_FLAG_FAST denied by client
W/UnimplementedWebViewApi( 1239): Unimplemented WebView method onKeyDown called from: android.webkit.WebView.onKeyDown(WebView.java:2310)
W/AudioTrack(  527): AUDIO_OUTPUT_FLAG_FAST denied by client
D/WebView ( 1239): show url http://116.236.220.210:8084/appIndex/securityPage
W/UnimplementedWebViewApi( 1239): Unimplemented WebView method onKeyDown called from: android.webkit.WebView.onKeyDown(WebView.java:2310)
W/AudioTrack(  527): AUDIO_OUTPUT_FLAG_FAST denied by client
W/UnimplementedWebViewApi( 1239): Unimplemented WebView method onKeyMultiple called from: android.webkit.WebView.onKeyMultiple(WebView.java:2320)
W/UnimplementedWebViewApi( 1239): Unimplemented WebView method onKeyDown called from: android.webkit.WebView.onKeyDown(WebView.java:2310)
I/chromium( 1239): [INFO:CONSOLE(12)] "Not allowed to load local resource: file:///android_asset/webkit/android-weberror.png", source: data:text/html,chromewebdata (12)
I/chromium( 1239): [INFO:CONSOLE(1)] "Uncaught ReferenceError: jump is not defined", source:  (1)
I/art     ( 3669): System.exit called, status: 0
I/AndroidRuntime( 3669): VM exiting with result code 0.
I/art     (  527): Explicit concurrent mark sweep GC freed 12026(697KB) AllocSpace objects, 6(2MB) LOS objects, 33% free, 10MB/15MB, paused 902us total 20.038ms
I/art     (  636): Explicit concurrent mark sweep GC freed 7306(371KB) AllocSpace objects, 3(1443KB) LOS objects, 39% free, 8MB/14MB, paused 266us total 11.166ms
I/art     ( 1239): Explicit concurrent mark sweep GC freed 31946(1549KB) AllocSpace objects, 5(80KB) LOS objects, 39% free, 11MB/19MB, paused 526us total 15.576ms
I/art     ( 1239): Explicit concurrent mark sweep GC freed 489(25KB) AllocSpace objects, 0(0B) LOS objects, 40% free, 11MB/19MB, paused 732us total 14.184ms
I/art     ( 1239): Explicit concurrent mark sweep GC freed 3(96B) AllocSpace objects, 0(0B) LOS objects, 40% free, 11MB/19MB, paused 322us total 14.244ms
I/art     ( 1239): Explicit concurrent mark sweep GC freed 3(96B) AllocSpace objects, 0(0B) LOS objects, 40% free, 11MB/19MB, paused 353us total 14.897ms
I/art     ( 1239): Explicit concurrent mark sweep GC freed 3(96B) AllocSpace objects, 0(0B) LOS objects, 40% free, 11MB/19MB, paused 266us total 13.327ms
I/art     (  527): Explicit concurrent mark sweep GC freed 6567(329KB) AllocSpace objects, 5(80KB) LOS objects, 33% free, 10MB/15MB, paused 892us total 21.377ms
I/art     (  636): Explicit concurrent mark sweep GC freed 3777(195KB) AllocSpace objects, 0(0B) LOS objects, 39% free, 8MB/14MB, paused 1.817ms total 14.805ms
I/art     (  527): Explicit concurrent mark sweep GC freed 5772(243KB) AllocSpace objects, 0(0B) LOS objects, 33% free, 10MB/15MB, paused 514us total 17.287ms
I/art     (  636): Explicit concurrent mark sweep GC freed 3621(188KB) AllocSpace objects, 0(0B) LOS objects, 39% free, 8MB/14MB, paused 1.197ms total 13.313ms
I/art     (  527): Explicit concurrent mark sweep GC freed 5437(210KB) AllocSpace objects, 0(0B) LOS objects, 33% free, 10MB/15MB, paused 688us total 17.908ms
I/art     (  636): Explicit concurrent mark sweep GC freed 3621(188KB) AllocSpace objects, 0(0B) LOS objects, 39% free, 8MB/14MB, paused 296us total 10.985ms
I/art     (  527): Explicit concurrent mark sweep GC freed 5433(210KB) AllocSpace objects, 0(0B) LOS objects, 33% free, 10MB/15MB, paused 748us total 18.363ms
I/art     (  636): Explicit concurrent mark sweep GC freed 3621(188KB) AllocSpace objects, 0(0B) LOS objects, 39% free, 8MB/14MB, paused 212us total 10.080ms
I/art     (  527): Explicit concurrent mark sweep GC freed 5436(210KB) AllocSpace objects, 0(0B) LOS objects, 33% free, 10MB/15MB, paused 862us total 17.961ms
I/art     (  636): Explicit concurrent mark sweep GC freed 3621(188KB) AllocSpace objects, 0(0B) LOS objects, 39% free, 8MB/14MB, paused 278us total 12.566ms
I/art     (  527): Explicit concurrent mark sweep GC freed 5433(210KB) AllocSpace objects, 0(0B) LOS objects, 33% free, 10MB/15MB, paused 711us total 22.506ms
I/art     (  636): Explicit concurrent mark sweep GC freed 3621(188KB) AllocSpace objects, 0(0B) LOS objects, 39% free, 8MB/14MB, paused 378us total 10.587ms
I/art     (  527): Explicit concurrent mark sweep GC freed 5483(224KB) AllocSpace objects, 1(16KB) LOS objects, 33% free, 10MB/15MB, paused 467us total 18.276ms
I/art     (  636): Explicit concurrent mark sweep GC freed 3621(188KB) AllocSpace objects, 0(0B) LOS objects, 39% free, 8MB/14MB, paused 572us total 14.112ms
I/art     (  527): Explicit concurrent mark sweep GC freed 5536(214KB) AllocSpace objects, 0(0B) LOS objects, 33% free, 10MB/15MB, paused 882us total 17.775ms
I/art     (  636): Explicit concurrent mark sweep GC freed 3947(201KB) AllocSpace objects, 0(0B) LOS objects, 39% free, 8MB/14MB, paused 580us total 10.901ms
I/art     (  527): Explicit concurrent mark sweep GC freed 5475(213KB) AllocSpace objects, 0(0B) LOS objects, 33% free, 10MB/15MB, paused 757us total 18.306ms
I/art     (  636): Explicit concurrent mark sweep GC freed 3641(189KB) AllocSpace objects, 0(0B) LOS objects, 39% free, 8MB/14MB, paused 416us total 11.781ms
I/art     (  527): Explicit concurrent mark sweep GC freed 5501(213KB) AllocSpace objects, 0(0B) LOS objects, 33% free, 10MB/15MB, paused 815us total 20.253ms
I/art     (  636): Explicit concurrent mark sweep GC freed 3621(188KB) AllocSpace objects, 0(0B) LOS objects, 39% free, 8MB/14MB, paused 478us total 19.300ms
I/art     (  527): Explicit concurrent mark sweep GC freed 5433(210KB) AllocSpace objects, 0(0B) LOS objects, 33% free, 10MB/15MB, paused 2.459ms total 33.822ms
I/art     (  636): Explicit concurrent mark sweep GC freed 3621(188KB) AllocSpace objects, 0(0B) LOS objects, 39% free, 8MB/14MB, paused 544us total 11.988ms
I/art     (  527): Explicit concurrent mark sweep GC freed 5433(210KB) AllocSpace objects, 0(0B) LOS objects, 33% free, 10MB/15MB, paused 571us total 25.906ms
I/art     (  636): Explicit concurrent mark sweep GC freed 3621(188KB) AllocSpace objects, 0(0B) LOS objects, 39% free, 8MB/14MB, paused 665us total 19.439ms
D/Genyd   (  116): Received Set Clipboard
D/Genymotion(  116): Received Set Clipboard
I/art     (  527): Explicit concurrent mark sweep GC freed 5504(213KB) AllocSpace objects, 0(0B) LOS objects, 33% free, 10MB/15MB, paused 1.560ms total 37.404ms
I/art     (  636): Explicit concurrent mark sweep GC freed 3621(188KB) AllocSpace objects, 0(0B) LOS objects, 39% free, 8MB/14MB, paused 643us total 12.319ms
I/art     (  527): Explicit concurrent mark sweep GC freed 5649(239KB) AllocSpace objects, 0(0B) LOS objects, 33% free, 10MB/15MB, paused 537us total 17.788ms
I/art     (  636): Explicit concurrent mark sweep GC freed 3621(188KB) AllocSpace objects, 0(0B) LOS objects, 39% free, 8MB/14MB, paused 308us total 11.628ms
I/art     (  527): Explicit concurrent mark sweep GC freed 5477(212KB) AllocSpace objects, 0(0B) LOS objects, 33% free, 10MB/15MB, paused 1.117ms total 19.213ms
I/art     (  636): Explicit concurrent mark sweep GC freed 3621(188KB) AllocSpace objects, 0(0B) LOS objects, 39% free, 8MB/14MB, paused 219us total 12.024ms
I/art     (  527): Explicit concurrent mark sweep GC freed 5473(213KB) AllocSpace objects, 0(0B) LOS objects, 33% free, 10MB/15MB, paused 541us total 25.761ms
I/art     (  636): Explicit concurrent mark sweep GC freed 3621(188KB) AllocSpace objects, 0(0B) LOS objects, 39% free, 8MB/14MB, paused 424us total 10.595ms
I/art     (  527): Explicit concurrent mark sweep GC freed 5437(210KB) AllocSpace objects, 0(0B) LOS objects, 33% free, 10MB/15MB, paused 371us total 17.496ms
I/art     (  636): Explicit concurrent mark sweep GC freed 3621(188KB) AllocSpace objects, 0(0B) LOS objects, 39% free, 8MB/14MB, paused 472us total 11.140ms
D/AndroidRuntime( 3753): >>>>>> START com.android.internal.os.RuntimeInit uid 0 <<<<<<
D/AndroidRuntime( 3753): CheckJNI is OFF
E/memtrack( 3753): Couldn't load memtrack module (No such file or directory)
E/android.os.Debug( 3753): failed to load memtrack module: -2
D/AndroidRuntime( 3753): Calling main entry com.android.commands.pm.Pm
I/art     ( 3753): System.exit called, status: 0
I/AndroidRuntime( 3753): VM exiting with result code 0.
I/art     (  527): Explicit concurrent mark sweep GC freed 5522(223KB) AllocSpace objects, 0(0B) LOS objects, 33% free, 10MB/15MB, paused 983us total 18.172ms
I/art     (  636): Explicit concurrent mark sweep GC freed 3621(188KB) AllocSpace objects, 0(0B) LOS objects, 39% free, 8MB/14MB, paused 537us total 22.373ms
I/art     (  527): Explicit concurrent mark sweep GC freed 5520(213KB) AllocSpace objects, 0(0B) LOS objects, 33% free, 10MB/15MB, paused 686us total 19.792ms
I/art     (  636): Explicit concurrent mark sweep GC freed 3948(201KB) AllocSpace objects, 0(0B) LOS objects, 39% free, 8MB/14MB, paused 440us total 11.122ms
I/art     (  527): Explicit concurrent mark sweep GC freed 5569(217KB) AllocSpace objects, 0(0B) LOS objects, 33% free, 10MB/15MB, paused 1.057ms total 17.387ms
I/art     (  636): Explicit concurrent mark sweep GC freed 3641(189KB) AllocSpace objects, 0(0B) LOS objects, 39% free, 8MB/14MB, paused 333us total 11.137ms
I/art     (  527): Explicit concurrent mark sweep GC freed 5446(210KB) AllocSpace objects, 0(0B) LOS objects, 33% free, 10MB/15MB, paused 1.867ms total 19.426ms
I/art     (  636): Explicit concurrent mark sweep GC freed 3621(188KB) AllocSpace objects, 0(0B) LOS objects, 39% free, 8MB/14MB, paused 589us total 11.547ms
I/art     (  527): Explicit concurrent mark sweep GC freed 5433(210KB) AllocSpace objects, 0(0B) LOS objects, 33% free, 10MB/15MB, paused 846us total 17.235ms
I/art     (  636): Explicit concurrent mark sweep GC freed 3621(188KB) AllocSpace objects, 0(0B) LOS objects, 39% free, 8MB/14MB, paused 261us total 10.351ms
I/art     (  527): Explicit concurrent mark sweep GC freed 5433(210KB) AllocSpace objects, 0(0B) LOS objects, 33% free, 10MB/15MB, paused 723us total 17.371ms
I/art     (  636): Explicit concurrent mark sweep GC freed 3621(188KB) AllocSpace objects, 0(0B) LOS objects, 39% free, 8MB/14MB, paused 312us total 17.981ms
I/art     (  527): Explicit concurrent mark sweep GC freed 5433(210KB) AllocSpace objects, 0(0B) LOS objects, 33% free, 10MB/15MB, paused 670us total 18.060ms
I/art     (  636): Explicit concurrent mark sweep GC freed 3621(188KB) AllocSpace objects, 0(0B) LOS objects, 39% free, 8MB/14MB, paused 314us total 15.135ms
I/art     (  527): Explicit concurrent mark sweep GC freed 5649(239KB) AllocSpace objects, 0(0B) LOS objects, 33% free, 10MB/15MB, paused 804us total 23.037ms
I/art     (  636): Explicit concurrent mark sweep GC freed 3621(188KB) AllocSpace objects, 0(0B) LOS objects, 39% free, 8MB/14MB, paused 290us total 10.234ms
I/art     (  527): Explicit concurrent mark sweep GC freed 5437(210KB) AllocSpace objects, 0(0B) LOS objects, 33% free, 10MB/15MB, paused 561us total 18.012ms
I/art     (  636): Explicit concurrent mark sweep GC freed 3621(188KB) AllocSpace objects, 0(0B) LOS objects, 39% free, 8MB/14MB, paused 347us total 18.475ms
I/art     (  527): Explicit concurrent mark sweep GC freed 5433(210KB) AllocSpace objects, 0(0B) LOS objects, 33% free, 10MB/15MB, paused 857us total 18.020ms
I/art     (  636): Explicit concurrent mark sweep GC freed 3621(188KB) AllocSpace objects, 0(0B) LOS objects, 39% free, 8MB/14MB, paused 495us total 12.998ms
I/art     (  527): Explicit concurrent mark sweep GC freed 5433(210KB) AllocSpace objects, 0(0B) LOS objects, 33% free, 10MB/15MB, paused 474us total 21.828ms
I/art     (  636): Explicit concurrent mark sweep GC freed 3621(188KB) AllocSpace objects, 0(0B) LOS objects, 39% free, 8MB/14MB, paused 771us total 11.378ms
D/Genyd   (  116): Received Set Clipboard
D/Genymotion(  116): Received Set Clipboard
I/art     (  527): Explicit concurrent mark sweep GC freed 5871(264KB) AllocSpace objects, 0(0B) LOS objects, 33% free, 10MB/15MB, paused 785us total 17.275ms
I/art     (  636): Explicit concurrent mark sweep GC freed 3621(188KB) AllocSpace objects, 0(0B) LOS objects, 39% free, 8MB/14MB, paused 517us total 13.363ms
D/Genyd   (  116): Received Set Clipboard
D/Genymotion(  116): Received Set Clipboard
I/art     (  527): Explicit concurrent mark sweep GC freed 5590(224KB) AllocSpace objects, 0(0B) LOS objects, 33% free, 10MB/15MB, paused 781us total 16.825ms
I/art     (  636): Explicit concurrent mark sweep GC freed 3946(201KB) AllocSpace objects, 0(0B) LOS objects, 39% free, 8MB/14MB, paused 296us total 10.281ms
I/art     (  527): Explicit concurrent mark sweep GC freed 5473(213KB) AllocSpace objects, 0(0B) LOS objects, 33% free, 10MB/15MB, paused 534us total 17.685ms
I/art     (  636): Explicit concurrent mark sweep GC freed 3641(189KB) AllocSpace objects, 0(0B) LOS objects, 39% free, 8MB/14MB, paused 514us total 11.127ms
I/art     (  527): Explicit concurrent mark sweep GC freed 5439(210KB) AllocSpace objects, 0(0B) LOS objects, 33% free, 10MB/15MB, paused 855us total 17.390ms
I/art     (  636): Explicit concurrent mark sweep GC freed 3621(188KB) AllocSpace objects, 0(0B) LOS objects, 39% free, 8MB/14MB, paused 522us total 11.238ms
I/art     (  527): Explicit concurrent mark sweep GC freed 5433(210KB) AllocSpace objects, 0(0B) LOS objects, 33% free, 10MB/15MB, paused 758us total 18.321ms
I/art     (  636): Explicit concurrent mark sweep GC freed 3621(188KB) AllocSpace objects, 0(0B) LOS objects, 39% free, 8MB/14MB, paused 516us total 11.367ms
I/art     (  527): Explicit concurrent mark sweep GC freed 5433(210KB) AllocSpace objects, 0(0B) LOS objects, 33% free, 10MB/15MB, paused 639us total 17.833ms
I/art     (  636): Explicit concurrent mark sweep GC freed 3621(188KB) AllocSpace objects, 0(0B) LOS objects, 39% free, 8MB/14MB, paused 398us total 11.009ms
I/art     (  527): Explicit concurrent mark sweep GC freed 5436(210KB) AllocSpace objects, 0(0B) LOS objects, 33% free, 10MB/15MB, paused 763us total 18.141ms
I/art     (  636): Explicit concurrent mark sweep GC freed 3621(188KB) AllocSpace objects, 0(0B) LOS objects, 39% free, 8MB/14MB, paused 287us total 10.703ms
I/art     (  527): Explicit concurrent mark sweep GC freed 5649(239KB) AllocSpace objects, 0(0B) LOS objects, 33% free, 10MB/15MB, paused 795us total 20.318ms
I/art     (  636): Explicit concurrent mark sweep GC freed 3621(188KB) AllocSpace objects, 0(0B) LOS objects, 39% free, 8MB/14MB, paused 306us total 11.009ms
I/art     (  527): Explicit concurrent mark sweep GC freed 5437(210KB) AllocSpace objects, 0(0B) LOS objects, 33% free, 10MB/15MB, paused 412us total 18.070ms
I/art     (  636): Explicit concurrent mark sweep GC freed 3621(188KB) AllocSpace objects, 0(0B) LOS objects, 39% free, 8MB/14MB, paused 618us total 13.447ms
I/art     (  527): Explicit concurrent mark sweep GC freed 5433(210KB) AllocSpace objects, 0(0B) LOS objects, 33% free, 10MB/15MB, paused 1.015ms total 18.627ms
I/art     (  636): Explicit concurrent mark sweep GC freed 3621(188KB) AllocSpace objects, 0(0B) LOS objects, 39% free, 8MB/14MB, paused 320us total 10.083ms
I/art     (  527): Explicit concurrent mark sweep GC freed 5433(210KB) AllocSpace objects, 0(0B) LOS objects, 33% free, 10MB/15MB, paused 476us total 17.964ms
I/art     (  636): Explicit concurrent mark sweep GC freed 3621(188KB) AllocSpace objects, 0(0B) LOS objects, 39% free, 8MB/14MB, paused 311us total 12.146ms
I/art     (  527): Explicit concurrent mark sweep GC freed 5433(210KB) AllocSpace objects, 0(0B) LOS objects, 33% free, 10MB/15MB, paused 353us total 16.881ms
I/art     (  636): Explicit concurrent mark sweep GC freed 3621(188KB) AllocSpace objects, 0(0B) LOS objects, 39% free, 8MB/14MB, paused 3.012ms total 17.662ms
I/art     (  527): Explicit concurrent mark sweep GC freed 5520(213KB) AllocSpace objects, 0(0B) LOS objects, 33% free, 10MB/15MB, paused 1.649ms total 28.030ms
I/art     (  636): Explicit concurrent mark sweep GC freed 3947(201KB) AllocSpace objects, 0(0B) LOS objects, 39% free, 8MB/14MB, paused 688us total 10.427ms
D/Genyd   (  116): Received Set Clipboard
D/Genymotion(  116): Received Set Clipboard
I/art     (  527): Explicit concurrent mark sweep GC freed 5544(216KB) AllocSpace objects, 0(0B) LOS objects, 33% free, 10MB/15MB, paused 499us total 24.404ms
I/art     (  636): Explicit concurrent mark sweep GC freed 3641(189KB) AllocSpace objects, 0(0B) LOS objects, 39% free, 8MB/14MB, paused 716us total 14.407ms
I/art     (  527): Explicit concurrent mark sweep GC freed 5441(210KB) AllocSpace objects, 0(0B) LOS objects, 33% free, 10MB/15MB, paused 874us total 17.953ms
I/art     (  636): Explicit concurrent mark sweep GC freed 3621(188KB) AllocSpace objects, 0(0B) LOS objects, 39% free, 8MB/14MB, paused 513us total 10.851ms
I/art     (  527): Explicit concurrent mark sweep GC freed 5434(210KB) AllocSpace objects, 0(0B) LOS objects, 33% free, 10MB/15MB, paused 834us total 18.933ms
I/art     (  636): Explicit concurrent mark sweep GC freed 3621(188KB) AllocSpace objects, 0(0B) LOS objects, 39% free, 8MB/14MB, paused 370us total 10.624ms
I/art     (  527): Explicit concurrent mark sweep GC freed 5433(210KB) AllocSpace objects, 0(0B) LOS objects, 33% free, 10MB/15MB, paused 836us total 16.783ms
I/art     (  636): Explicit concurrent mark sweep GC freed 3621(188KB) AllocSpace objects, 0(0B) LOS objects, 39% free, 8MB/14MB, paused 209us total 11.016ms
I/art     (  527): Explicit concurrent mark sweep GC freed 5648(233KB) AllocSpace objects, 1(24KB) LOS objects, 33% free, 10MB/15MB, paused 316us total 17.164ms
I/art     (  636): Explicit concurrent mark sweep GC freed 3621(188KB) AllocSpace objects, 0(0B) LOS objects, 39% free, 8MB/14MB, paused 295us total 11.553ms
I/ProcessStatsService(  527): Prepared write state in 1ms
I/art     (  527): Explicit concurrent mark sweep GC freed 5607(233KB) AllocSpace objects, 0(0B) LOS objects, 33% free, 10MB/15MB, paused 884us total 19.026ms
I/art     (  636): Explicit concurrent mark sweep GC freed 3621(188KB) AllocSpace objects, 0(0B) LOS objects, 39% free, 8MB/14MB, paused 531us total 11.510ms
I/art     (  527): Explicit concurrent mark sweep GC freed 5712(243KB) AllocSpace objects, 0(0B) LOS objects, 33% free, 10MB/15MB, paused 407us total 19.024ms
I/art     (  636): Explicit concurrent mark sweep GC freed 3621(188KB) AllocSpace objects, 0(0B) LOS objects, 39% free, 8MB/14MB, paused 268us total 11.425ms
I/art     (  527): Explicit concurrent mark sweep GC freed 5445(211KB) AllocSpace objects, 0(0B) LOS objects, 33% free, 10MB/15MB, paused 1.142ms total 19.862ms
I/art     (  636): Explicit concurrent mark sweep GC freed 3621(188KB) AllocSpace objects, 0(0B) LOS objects, 39% free, 8MB/14MB, paused 482us total 12.811ms
I/art     (  527): Explicit concurrent mark sweep GC freed 5433(210KB) AllocSpace objects, 0(0B) LOS objects, 33% free, 10MB/15MB, paused 363us total 19.584ms
I/art     (  636): Explicit concurrent mark sweep GC freed 3621(188KB) AllocSpace objects, 0(0B) LOS objects, 39% free, 8MB/14MB, paused 477us total 11.836ms
I/art     (  527): Explicit concurrent mark sweep GC freed 5734(235KB) AllocSpace objects, 1(16KB) LOS objects, 33% free, 10MB/15MB, paused 628us total 18.095ms
I/art     (  636): Explicit concurrent mark sweep GC freed 3621(188KB) AllocSpace objects, 0(0B) LOS objects, 39% free, 8MB/14MB, paused 763us total 12.984ms
I/art     (  527): Explicit concurrent mark sweep GC freed 5441(210KB) AllocSpace objects, 0(0B) LOS objects, 33% free, 10MB/15MB, paused 963us total 17.395ms
I/art     (  636): Explicit concurrent mark sweep GC freed 3621(188KB) AllocSpace objects, 0(0B) LOS objects, 39% free, 8MB/14MB, paused 748us total 11.554ms
I/art     (  527): Explicit concurrent mark sweep GC freed 5520(213KB) AllocSpace objects, 0(0B) LOS objects, 33% free, 10MB/15MB, paused 591us total 17.019ms
I/art     (  636): Explicit concurrent mark sweep GC freed 3946(201KB) AllocSpace objects, 0(0B) LOS objects, 39% free, 8MB/14MB, paused 257us total 11.233ms
I/art     (  527): Explicit concurrent mark sweep GC freed 5484(213KB) AllocSpace objects, 0(0B) LOS objects, 33% free, 10MB/15MB, paused 630us total 23.838ms
I/art     (  636): Explicit concurrent mark sweep GC freed 3641(189KB) AllocSpace objects, 0(0B) LOS objects, 39% free, 8MB/14MB, paused 237us total 12.679ms
D/Genyd   (  116): Received Set Clipboard
D/Genymotion(  116): Received Set Clipboard
I/art     (  527): Explicit concurrent mark sweep GC freed 5509(213KB) AllocSpace objects, 0(0B) LOS objects, 33% free, 10MB/15MB, paused 475us total 17.695ms
I/art     (  636): Explicit concurrent mark sweep GC freed 3621(188KB) AllocSpace objects, 0(0B) LOS objects, 39% free, 8MB/14MB, paused 598us total 20.286ms
I/art     (  527): Explicit concurrent mark sweep GC freed 5433(210KB) AllocSpace objects, 0(0B) LOS objects, 33% free, 10MB/15MB, paused 388us total 16.960ms
I/art     (  636): Explicit concurrent mark sweep GC freed 3621(188KB) AllocSpace objects, 0(0B) LOS objects, 39% free, 8MB/14MB, paused 691us total 15.059ms
I/art     (  527): Explicit concurrent mark sweep GC freed 5433(210KB) AllocSpace objects, 0(0B) LOS objects, 33% free, 10MB/15MB, paused 1.035ms total 30.038ms
I/art     (  636): Explicit concurrent mark sweep GC freed 3621(188KB) AllocSpace objects, 0(0B) LOS objects, 39% free, 8MB/14MB, paused 252us total 10.969ms
I/art     (  527): Explicit concurrent mark sweep GC freed 5433(210KB) AllocSpace objects, 0(0B) LOS objects, 33% free, 10MB/15MB, paused 1.105ms total 19.039ms
I/art     (  636): Explicit concurrent mark sweep GC freed 3621(188KB) AllocSpace objects, 0(0B) LOS objects, 39% free, 8MB/14MB, paused 404us total 10.317ms
D/accs.BaseReceiver( 1217):  onReceive
D/accs.ReceiverImpl( 1217):  ReceiverImpl onReceive begin......
D/accs.AdapterGlobalClientInfo( 1217):  getAgooCustomServiceName name:com.umeng.message.UmengIntentService
D/accs.AccsJobService( 1124):  onStartJob
D/accs.AdapterGlobalClientInfo( 1217):  getAgooCustomServiceName name:com.umeng.message.UmengIntentService
I/accs.ElectionServiceImpl( 1124):  onStartCommand begin action:com.taobao.accs.intent.action.COMMAND
I/accs.OrangeAdapter( 1124):  isElectionEnable result:false
I/accs.OrangeAdapter( 1124):  isElectionEnable result:false
I/accs.ElectionServiceImpl( 1124):  deliver to channelservice host pkg:
I/accs.ServiceImpl( 1124):  onHostStartCommand:Intent { act=com.taobao.accs.intent.action.COMMAND pkg=com.zzl.falcon.internal cmp=com.zzl.falcon.internal/com.taobao.accs.ChannelService (has extras) }
I/accs.ElectionServiceImpl( 1217):  onStartCommand begin action:com.taobao.accs.intent.action.COMMAND
I/accs.ElectionServiceUtil( 1217):  getElectionResult from mem host:com.zzl.itoube.internal retry:0
I/accs.ElectionServiceImpl( 1217):  deliver to channelservice host pkg:com.zzl.itoube.internal
I/accs.ServiceImpl( 1217):  onHostStartCommand:Intent { act=com.taobao.accs.intent.action.COMMAND flg=0x14 pkg=com.zzl.itoube.internal cmp=com.zzl.itoube.internal/com.taobao.accs.ChannelService (has extras) }
D/accs.ServiceImpl( 1124):  key command: value 201
D/accs.ServiceImpl( 1217):  key command: value 201
I/accs.LoadSoFailUtil( 1124):  getSoFailTimes times:0
D/accs.ServiceImpl( 1217):  key android.intent.extra.ALARM_COUNT: value 1
I/accs.LoadSoFailUtil( 1217):  getSoFailTimes times:0
D/accs.SilenceConn_umeng:56aadbf567e58e38d4000976( 1124):  try ping, force:false
D/accs.SpdyConnection( 1217):  try ping, force:false
D/accs.SpdyConnection( 1217):  send message, PING delay:0 dataId:80
I/accs.ServiceImpl( 1217):  command:201
D/accs.NetworkThread( 1217):  try get message
D/accs.NetworkThread( 1217):  send message not null
I/accs.NetworkThread( 1217):  0 send:PING status:3
D/accs.OrangeAdapter( 1217):  isSmartHb result:true
D/accs.NetworkThread( 1217):  ms:349975 force:false
D/accs.SilenceConn_umeng:56aadbf567e58e38d4000976( 1124):  send message, PING delay:0 dataId:72
E/accs.NetworkThread( 1217):  0 try connect, force = true failTimes = 0
I/accs.NetworkThread( 1217):  0 try connect, need sleep
I/accs.ServiceImpl( 1124):  tryConnect appkey:umeng:56aadbf567e58e38d4000976 configTag:umeng:56aadbf567e58e38d4000976|0
I/accs.ServiceImpl( 1124):  command:201
D/accs.SpdyConnection( 1217):  send message, PING delay:0 dataId:81
D/accs.SpdyConnection( 1217):  clearRepeatControlCommand message:201/
D/accs.MonitorStatistic( 1217):  commitUT interval:379308 interval1:3655278
D/accs.SilenceConn_umeng:56aadbf567e58e38d4000976( 1124):  send message, PING delay:0 dataId:73
D/accs.NetworkThread_umeng:56aadbf567e58e38d4000976( 1124):  try get message
D/accs.SilenceConn_umeng:56aadbf567e58e38d4000976( 1124):  clearRepeatControlCommand message:201/
D/accs.NetworkThread_umeng:56aadbf567e58e38d4000976( 1124):  send message not null
I/accs.NetworkThread_umeng:56aadbf567e58e38d4000976( 1124):  0 send:PING status:3
D/accs.OrangeAdapter( 1124):  isSmartHb result:true
D/accs.NetworkThread_umeng:56aadbf567e58e38d4000976( 1124):  ms:353099 force:false
D/accs.MonitorStatistic( 1124):  commitUT interval:379303 interval1:3656395
E/accs.NetworkThread_umeng:56aadbf567e58e38d4000976( 1124):  0 try connect, force = true failTimes = 0
I/accs.NetworkThread_umeng:56aadbf567e58e38d4000976( 1124):  0 try connect, need sleep
I/accs.BaseIntentService( 1217):  onHandleIntent,action=com.taobao.accs.intent.action.COMMAND,agooCommand=com.zzl.itoube.internal.intent.action.COMMAND,mipushCommand=com.zzl.itoube.internal.intent.thirdPush.action.COMMAND
I/art     (  527): Explicit concurrent mark sweep GC freed 6247(292KB) AllocSpace objects, 1(16KB) LOS objects, 33% free, 10MB/15MB, paused 553us total 20.094ms
I/art     (  636): Explicit concurrent mark sweep GC freed 3621(188KB) AllocSpace objects, 0(0B) LOS objects, 39% free, 8MB/14MB, paused 451us total 10.493ms
I/accs.SpdyConnection( 1217):  0 getDefaultHost:umengjmacs.m.taobao.com
E/accs.SpdyConnection( 1217):  0 connect strategys ip:106.11.61.109 port:80
E/accs.SpdyConnection( 1217):  0 connect strategys ip:106.11.61.109 port:443
D/accs.HttpDnsProvider( 1217):  updateStrategyPos StrategyPos:2
E/accs.SpdyConnection( 1217):  0 get ip from amdc succ:106.11.61.109:80 originPos:0
E/accs.SpdyConnection( 1217):  0 connect URL:https://106.11.61.109:80/accs/
E/accs.SpdyConnection( 1217):  0 connect normal
I/accs.SpdyConnection( 1217):  0 getDefaultHost:umengjmacs.m.taobao.com
I/tnet-jni( 1217): 106 -  create new session: 106.11.61.109:80
E/accs.SpdyConnection( 1217):  0 notifyStatus:CONNECTING
I/accs.SpdyConnection( 1217):  0 notifyStatus:CONNECTING handled
I/tnet-jni( 1217): 105 - [spdySessionFailedError] - 
I/tnet-jni( 1217): 105 - [SpdySessionCallBack.spdySessionFailedError] - org.android.spdy.SpdySession@3fd7ccd5
D/tnet-jni( 1217): 105 - [SpdySession.cleanUp] - 
E/accs.SpdyConnection( 1217):  0 spdySessionFailedError, retryTimes:0 errorId:-2601
E/accs.SpdyConnection( 1217):  0 notifyStatus:DISCONNECTED
D/accs.OrangeAdapter( 1217):  isSmartHb result:true
D/accs.HeartbeatManager( 1217):  set 270
D/accs.HeartbeatManager( 1217):  onNetworkFail
D/accs.SpdyConnection( 1217):  try ping, force:false
E/accs.NetworkThread( 1217):  0 try connect fail, ready for reconnect
E/accs.NetworkThread( 1217):  0 try connect, force = false failTimes = 1
I/accs.NetworkThread( 1217):  0 try connect, need sleep
D/accs.SpdyConnection( 1217):  send message, PING delay:1541 dataId:82
I/accs.SpdyConnection( 1217):  0 notifyStatus:DISCONNECTED handled
D/accs.UTMini( 1217):  commitEvent fail java.lang.NoClassDefFoundError: Failed resolution of: Lcom/ut/mini/internal/UTOriginalCustomHitBuilder;
D/tnet-jni( 1217): 105 - [SpdySession.clearAllStreamCb] - 
D/tnet-jni( 1217): 105 - [SpdySession.cleanUp] - 
I/accs.SilenceConn_umeng:56aadbf567e58e38d4000976( 1124):  0 getChannelHost:umengjmacs.m.taobao.com
E/accs.SilenceConn_umeng:56aadbf567e58e38d4000976( 1124):  0 connect strategys ip:106.11.61.110 port:80
E/accs.SilenceConn_umeng:56aadbf567e58e38d4000976( 1124):  0 connect strategys ip:106.11.61.110 port:443
E/accs.SilenceConn_umeng:56aadbf567e58e38d4000976( 1124):  0 connect strategys ip:140.205.60.10 port:80
E/accs.SilenceConn_umeng:56aadbf567e58e38d4000976( 1124):  0 connect strategys ip:140.205.60.10 port:443
D/accs.HttpDnsProvider( 1124):  updateStrategyPos StrategyPos:4
E/accs.SilenceConn_umeng:56aadbf567e58e38d4000976( 1124):  0 get ip from amdc succ:106.11.61.110:80 originPos:0
E/accs.SilenceConn_umeng:56aadbf567e58e38d4000976( 1124):  0 connect URL:https://106.11.61.110:80/accs/
E/accs.SilenceConn_umeng:56aadbf567e58e38d4000976( 1124):  0 connect normal
I/accs.SilenceConn_umeng:56aadbf567e58e38d4000976( 1124):  0 getChannelHost:umengjmacs.m.taobao.com
I/accs.SilenceConn_umeng:56aadbf567e58e38d4000976( 1124):  use custom pub key pubKey:11
I/tnet-jni( 1124): 105 -  create new session: 106.11.61.110:80
E/accs.SilenceConn_umeng:56aadbf567e58e38d4000976( 1124):  0 notifyStatus:CONNECTING
I/accs.SilenceConn_umeng:56aadbf567e58e38d4000976( 1124):  0 notifyStatus:CONNECTING handled
I/tnet-jni( 1124): 101 - [spdySessionFailedError] - 
I/tnet-jni( 1124): 101 - [SpdySessionCallBack.spdySessionFailedError] - org.android.spdy.SpdySession@10f591d6
D/tnet-jni( 1124): 101 - [SpdySession.cleanUp] - 
E/accs.SilenceConn_umeng:56aadbf567e58e38d4000976( 1124):  0 spdySessionFailedError, retryTimes:0 errorId:-2601
E/accs.SilenceConn_umeng:56aadbf567e58e38d4000976( 1124):  0 notifyStatus:DISCONNECTED
D/accs.OrangeAdapter( 1124):  isSmartHb result:true
D/accs.HeartbeatManager( 1124):  set 270
D/accs.HeartbeatManager( 1124):  onNetworkFail
D/accs.SilenceConn_umeng:56aadbf567e58e38d4000976( 1124):  try ping, force:false
E/accs.NetworkThread_umeng:56aadbf567e58e38d4000976( 1124):  0 try connect fail, ready for reconnect
D/accs.SilenceConn_umeng:56aadbf567e58e38d4000976( 1124):  send message, PING delay:292 dataId:74
E/accs.NetworkThread_umeng:56aadbf567e58e38d4000976( 1124):  0 try connect, force = false failTimes = 1
I/accs.NetworkThread_umeng:56aadbf567e58e38d4000976( 1124):  0 try connect, need sleep
I/accs.SilenceConn_umeng:56aadbf567e58e38d4000976( 1124):  0 notifyStatus:DISCONNECTED handled
D/accs.UTMini( 1124):  commitEvent fail java.lang.NoClassDefFoundError: Failed resolution of: Lcom/ut/mini/internal/UTOriginalCustomHitBuilder;
D/tnet-jni( 1124): 101 - [SpdySession.clearAllStreamCb] - 
D/tnet-jni( 1124): 101 - [SpdySession.cleanUp] - 
D/accs.SilenceConn_umeng:56aadbf567e58e38d4000976( 1124):  clearRepeatControlCommand message:201/
D/accs.SpdyConnection( 1217):  clearRepeatControlCommand message:201/
I/art     (  527): Explicit concurrent mark sweep GC freed 5745(228KB) AllocSpace objects, 0(0B) LOS objects, 33% free, 10MB/15MB, paused 1.174ms total 18.262ms
I/art     (  636): Explicit concurrent mark sweep GC freed 3585(186KB) AllocSpace objects, 0(0B) LOS objects, 39% free, 8MB/14MB, paused 683us total 10.373ms
I/accs.SpdyConnection( 1217):  0 getDefaultHost:umengjmacs.m.taobao.com
D/awcn.LocalDnsStrategyTable( 1217):  try resolve ip with local dns host:umengjmacs.m.taobao.com
D/awcn.LocalDnsStrategyTable( 1217):  resolve ip by local dns failed host:umengjmacs.m.taobao.com
D/getConnStrategyListByHost( 1217): |[seq:host] umengjmacs.m.taobao.com:result []
E/accs.SpdyConnection( 1217):  0 connect strategys ip:106.11.61.109 port:80
E/accs.SpdyConnection( 1217):  0 connect strategys ip:106.11.61.109 port:443
D/accs.HttpDnsProvider( 1217):  updateStrategyPos StrategyPos:1
E/accs.SpdyConnection( 1217):  0 get ip from amdc succ:106.11.61.109:443 originPos:1
E/accs.SpdyConnection( 1217):  0 connect URL:https://106.11.61.109:443/accs/
E/accs.SpdyConnection( 1217):  0 connect normal
I/accs.SpdyConnection( 1217):  0 getDefaultHost:umengjmacs.m.taobao.com
I/tnet-jni( 1217): 106 -  create new session: 106.11.61.109:443
E/accs.SpdyConnection( 1217):  0 notifyStatus:CONNECTING
I/accs.SpdyConnection( 1217):  0 notifyStatus:CONNECTING handled
I/tnet-jni( 1217): 105 - [spdySessionFailedError] - 
I/tnet-jni( 1217): 105 - [SpdySessionCallBack.spdySessionFailedError] - org.android.spdy.SpdySession@31094cea
D/tnet-jni( 1217): 105 - [SpdySession.cleanUp] - 
E/accs.SpdyConnection( 1217):  0 spdySessionFailedError, retryTimes:1 errorId:-2601
E/accs.SpdyConnection( 1217):  0 notifyStatus:DISCONNECTED
D/accs.OrangeAdapter( 1217):  isSmartHb result:true
D/accs.HeartbeatManager( 1217):  set 270
D/accs.HeartbeatManager( 1217):  onNetworkFail
D/accs.SpdyConnection( 1217):  try ping, force:false
E/accs.NetworkThread( 1217):  0 try connect fail, ready for reconnect
E/accs.NetworkThread( 1217):  0 try connect, force = false failTimes = 2
I/accs.NetworkThread( 1217):  0 try connect, need sleep
D/accs.SpdyConnection( 1217):  send message, PING delay:3133 dataId:83
I/accs.SpdyConnection( 1217):  0 notifyStatus:DISCONNECTED handled
D/accs.UTMini( 1217):  commitEvent fail java.lang.NoClassDefFoundError: Failed resolution of: Lcom/ut/mini/internal/UTOriginalCustomHitBuilder;
D/tnet-jni( 1217): 105 - [SpdySession.clearAllStreamCb] - 
D/tnet-jni( 1217): 105 - [SpdySession.cleanUp] - 
I/accs.SilenceConn_umeng:56aadbf567e58e38d4000976( 1124):  0 getChannelHost:umengjmacs.m.taobao.com
D/awcn.LocalDnsStrategyTable( 1124):  try resolve ip with local dns host:umengjmacs.m.taobao.com
I/awcn.AmdcThreadPoolExecutor( 1124):  thread created! name:AMDC13
D/awcn.LocalDnsStrategyTable( 1124):  resolve ip by local dns failed host:umengjmacs.m.taobao.com
D/getConnStrategyListByHost( 1124): |[seq:host] umengjmacs.m.taobao.com:result []
E/accs.SilenceConn_umeng:56aadbf567e58e38d4000976( 1124):  0 connect strategys ip:106.11.61.110 port:80
E/accs.SilenceConn_umeng:56aadbf567e58e38d4000976( 1124):  0 connect strategys ip:106.11.61.110 port:443
E/accs.SilenceConn_umeng:56aadbf567e58e38d4000976( 1124):  0 connect strategys ip:140.205.60.10 port:80
E/accs.SilenceConn_umeng:56aadbf567e58e38d4000976( 1124):  0 connect strategys ip:140.205.60.10 port:443
D/accs.HttpDnsProvider( 1124):  updateStrategyPos StrategyPos:1
E/accs.SilenceConn_umeng:56aadbf567e58e38d4000976( 1124):  0 get ip from amdc succ:106.11.61.110:443 originPos:1
E/accs.SilenceConn_umeng:56aadbf567e58e38d4000976( 1124):  0 connect URL:https://106.11.61.110:443/accs/
E/accs.SilenceConn_umeng:56aadbf567e58e38d4000976( 1124):  0 connect normal
I/accs.SilenceConn_umeng:56aadbf567e58e38d4000976( 1124):  0 getChannelHost:umengjmacs.m.taobao.com
I/accs.SilenceConn_umeng:56aadbf567e58e38d4000976( 1124):  use custom pub key pubKey:11
I/tnet-jni( 1124): 105 -  create new session: 106.11.61.110:443
E/accs.SilenceConn_umeng:56aadbf567e58e38d4000976( 1124):  0 notifyStatus:CONNECTING
I/accs.SilenceConn_umeng:56aadbf567e58e38d4000976( 1124):  0 notifyStatus:CONNECTING handled
I/tnet-jni( 1124): 101 - [spdySessionFailedError] - 
I/tnet-jni( 1124): 101 - [SpdySessionCallBack.spdySessionFailedError] - org.android.spdy.SpdySession@37bba344
D/tnet-jni( 1124): 101 - [SpdySession.cleanUp] - 
E/accs.SilenceConn_umeng:56aadbf567e58e38d4000976( 1124):  0 spdySessionFailedError, retryTimes:1 errorId:-2601
E/accs.SilenceConn_umeng:56aadbf567e58e38d4000976( 1124):  0 notifyStatus:DISCONNECTED
D/accs.OrangeAdapter( 1124):  isSmartHb result:true
D/accs.HeartbeatManager( 1124):  set 270
D/accs.HeartbeatManager( 1124):  onNetworkFail
D/accs.SilenceConn_umeng:56aadbf567e58e38d4000976( 1124):  try ping, force:false
E/accs.NetworkThread_umeng:56aadbf567e58e38d4000976( 1124):  0 try connect fail, ready for reconnect
E/accs.NetworkThread_umeng:56aadbf567e58e38d4000976( 1124):  0 try connect, force = false failTimes = 2
D/accs.SilenceConn_umeng:56aadbf567e58e38d4000976( 1124):  send message, PING delay:1556 dataId:75
I/accs.NetworkThread_umeng:56aadbf567e58e38d4000976( 1124):  0 try connect, need sleep
I/accs.SilenceConn_umeng:56aadbf567e58e38d4000976( 1124):  0 notifyStatus:DISCONNECTED handled
D/accs.UTMini( 1124):  commitEvent fail java.lang.NoClassDefFoundError: Failed resolution of: Lcom/ut/mini/internal/UTOriginalCustomHitBuilder;
D/tnet-jni( 1124): 101 - [SpdySession.clearAllStreamCb] - 
D/tnet-jni( 1124): 101 - [SpdySession.cleanUp] - 
D/accs.SilenceConn_umeng:56aadbf567e58e38d4000976( 1124):  clearRepeatControlCommand message:201/
D/accs.SpdyConnection( 1217):  clearRepeatControlCommand message:201/
I/art     (  527): Explicit concurrent mark sweep GC freed 5822(233KB) AllocSpace objects, 0(0B) LOS objects, 33% free, 10MB/15MB, paused 399us total 17.734ms
I/art     (  636): Explicit concurrent mark sweep GC freed 3621(188KB) AllocSpace objects, 0(0B) LOS objects, 39% free, 8MB/14MB, paused 480us total 10.068ms
I/accs.SpdyConnection( 1217):  0 getDefaultHost:umengjmacs.m.taobao.com
E/accs.SpdyConnection( 1217):  0 connect strategys ip:106.11.61.109 port:80
E/accs.SpdyConnection( 1217):  0 connect strategys ip:106.11.61.109 port:443
D/accs.HttpDnsProvider( 1217):  updateStrategyPos StrategyPos:2
E/accs.SpdyConnection( 1217):  0 get ip from amdc succ:106.11.61.109:80 originPos:0
E/accs.SpdyConnection( 1217):  0 connect URL:https://106.11.61.109:80/accs/
E/accs.SpdyConnection( 1217):  0 connect normal
I/accs.SpdyConnection( 1217):  0 getDefaultHost:umengjmacs.m.taobao.com
I/tnet-jni( 1217): 106 -  create new session: 106.11.61.109:80
E/accs.SpdyConnection( 1217):  0 notifyStatus:CONNECTING
I/accs.SpdyConnection( 1217):  0 notifyStatus:CONNECTING handled
I/tnet-jni( 1217): 105 - [spdySessionFailedError] - 
I/tnet-jni( 1217): 105 - [SpdySessionCallBack.spdySessionFailedError] - org.android.spdy.SpdySession@1d613bdb
D/tnet-jni( 1217): 105 - [SpdySession.cleanUp] - 
E/accs.SpdyConnection( 1217):  0 spdySessionFailedError, retryTimes:2 errorId:-2601
E/accs.SpdyConnection( 1217):  0 notifyStatus:DISCONNECTED
D/accs.OrangeAdapter( 1217):  isSmartHb result:true
D/accs.HeartbeatManager( 1217):  set 270
D/accs.HeartbeatManager( 1217):  onNetworkFail
D/accs.SpdyConnection( 1217):  try ping, force:false
E/accs.NetworkThread( 1217):  0 try connect fail, ready for reconnect
D/accs.SpdyConnection( 1217):  send message, PING delay:2239 dataId:84
I/accs.SpdyConnection( 1217):  0 notifyStatus:DISCONNECTED handled
D/accs.UTMini( 1217):  commitEvent fail java.lang.NoClassDefFoundError: Failed resolution of: Lcom/ut/mini/internal/UTOriginalCustomHitBuilder;
D/tnet-jni( 1217): 105 - [SpdySession.clearAllStreamCb] - 
D/tnet-jni( 1217): 105 - [SpdySession.cleanUp] - 
E/accs.NetworkThread( 1217):  0 try connect, force = false failTimes = 3
I/accs.NetworkThread( 1217):  0 try connect, need sleep
I/accs.SilenceConn_umeng:56aadbf567e58e38d4000976( 1124):  0 getChannelHost:umengjmacs.m.taobao.com
E/accs.SilenceConn_umeng:56aadbf567e58e38d4000976( 1124):  0 connect strategys ip:106.11.61.110 port:80
E/accs.SilenceConn_umeng:56aadbf567e58e38d4000976( 1124):  0 connect strategys ip:106.11.61.110 port:443
E/accs.SilenceConn_umeng:56aadbf567e58e38d4000976( 1124):  0 connect strategys ip:140.205.60.10 port:80
E/accs.SilenceConn_umeng:56aadbf567e58e38d4000976( 1124):  0 connect strategys ip:140.205.60.10 port:443
D/accs.HttpDnsProvider( 1124):  updateStrategyPos StrategyPos:2
E/accs.SilenceConn_umeng:56aadbf567e58e38d4000976( 1124):  0 get ip from amdc succ:140.205.60.10:80 originPos:2
E/accs.SilenceConn_umeng:56aadbf567e58e38d4000976( 1124):  0 connect URL:https://140.205.60.10:80/accs/
E/accs.SilenceConn_umeng:56aadbf567e58e38d4000976( 1124):  0 connect normal
I/accs.SilenceConn_umeng:56aadbf567e58e38d4000976( 1124):  0 getChannelHost:umengjmacs.m.taobao.com
I/accs.SilenceConn_umeng:56aadbf567e58e38d4000976( 1124):  use custom pub key pubKey:11
I/tnet-jni( 1124): 105 -  create new session: 140.205.60.10:80
E/accs.SilenceConn_umeng:56aadbf567e58e38d4000976( 1124):  0 notifyStatus:CONNECTING
I/accs.SilenceConn_umeng:56aadbf567e58e38d4000976( 1124):  0 notifyStatus:CONNECTING handled
I/tnet-jni( 1124): 101 - [spdySessionFailedError] - 
I/tnet-jni( 1124): 101 - [SpdySessionCallBack.spdySessionFailedError] - org.android.spdy.SpdySession@313b6c2d
D/tnet-jni( 1124): 101 - [SpdySession.cleanUp] - 
E/accs.SilenceConn_umeng:56aadbf567e58e38d4000976( 1124):  0 spdySessionFailedError, retryTimes:2 errorId:-2601
E/accs.SilenceConn_umeng:56aadbf567e58e38d4000976( 1124):  0 notifyStatus:DISCONNECTED
D/accs.OrangeAdapter( 1124):  isSmartHb result:true
D/accs.HeartbeatManager( 1124):  set 270
D/accs.HeartbeatManager( 1124):  onNetworkFail
D/accs.SilenceConn_umeng:56aadbf567e58e38d4000976( 1124):  try ping, force:false
E/accs.NetworkThread_umeng:56aadbf567e58e38d4000976( 1124):  0 try connect fail, ready for reconnect
E/accs.NetworkThread_umeng:56aadbf567e58e38d4000976( 1124):  0 try connect, force = false failTimes = 3
I/accs.NetworkThread_umeng:56aadbf567e58e38d4000976( 1124):  0 try connect, need sleep
D/accs.SilenceConn_umeng:56aadbf567e58e38d4000976( 1124):  send message, PING delay:972 dataId:76
I/accs.SilenceConn_umeng:56aadbf567e58e38d4000976( 1124):  0 notifyStatus:DISCONNECTED handled
D/accs.UTMini( 1124):  commitEvent fail java.lang.NoClassDefFoundError: Failed resolution of: Lcom/ut/mini/internal/UTOriginalCustomHitBuilder;
D/tnet-jni( 1124): 101 - [SpdySession.clearAllStreamCb] - 
D/tnet-jni( 1124): 101 - [SpdySession.cleanUp] - 
D/accs.SilenceConn_umeng:56aadbf567e58e38d4000976( 1124):  clearRepeatControlCommand message:201/
D/accs.SpdyConnection( 1217):  clearRepeatControlCommand message:201/
I/art     (  527): Explicit concurrent mark sweep GC freed 5801(232KB) AllocSpace objects, 0(0B) LOS objects, 33% free, 10MB/15MB, paused 814us total 17.757ms
I/accs.SpdyConnection( 1217):  0 getDefaultHost:umengjmacs.m.taobao.com
I/accs.SpdyConnection( 1217):  0 getDefaultHost:umengjmacs.m.taobao.com
D/awcn.LocalDnsStrategyTable( 1217):  try resolve ip with local dns host:umengjmacs.m.taobao.com
