D/awcn.SessionRequest( 1239): |[seq:umeng:56aadbf567e58e38d4000976.AWCN4] [getAvailStrategy] strategies:[{106.11.61.106 443 http2_0rtt_acs}, {106.11.61.106 80 http2_0rtt_acs}, {106.11.61.106 443 spdy_0rtt_acs}, {106.11.61.106 80 spdy_0rtt_acs}]
I/awcn.SessionRequest( 1239): |[seq:umeng:56aadbf567e58e38d4000976.AWCN4_1] create connection... Host:https://umengacs.m.taobao.com Type:http2_0rtt_acs IP:106.11.61.106 Port:443 heartbeat:45000 session:Session@[umeng:56aadbf567e58e38d4000976.AWCN4_1|http2_0rtt_acs]
I/awcn.NetworkStatusMonitor( 1217):  Network Status Change NO ===>>> WIFI
E/awcn.TnetSpdySession( 1239): |[seq:umeng:56aadbf567e58e38d4000976.AWCN4_1] [connect] host:https://umengacs.m.taobao.com connect :106.11.61.106:443 sessionId:1515829756835 SpdyProtocol,:http2_0rtt_acs proxyIp,: proxyPort,:0
E/awcn.Session( 1239): |[seq:umeng:56aadbf567e58e38d4000976.AWCN4_1] notifyStatus status:CONNECTING
I/awcn.BandWidthSampler( 1239):  [startNetworkMeter] NetworkStatus:WIFI
I/awcn.NetworkStatusHelper( 1217):  
I/awcn.NetworkStatusHelper( 1217): 
I/awcn.NetworkStatusHelper( 1217): Network detail***********************
I/awcn.NetworkStatusHelper( 1217): status: WIFI
I/awcn.NetworkStatusHelper( 1217):  BSSID: 01:80:c2:00:00:03
I/awcn.NetworkStatusHelper( 1217):  SSID: "WiredSSID"
I/awcn.NetworkStatusHelper( 1217): ******************************************
D/awcn.SessionCenter( 1217):  onNetworkStatusChanged networkStatus:WIFI
D/awcn.SessionCenter( 1217):  [reCreateSession]
I/awcn.SessionCenter( 1217):  recreate session failed: infos is empty
I/awcn.AccsSessionManager( 1217):  call back is null
D/ConnectivityManager( 1082): getMobileDataEnabled()+ subId=1
D/PhoneInterfaceManager(  741): [PhoneIntfMgr] getDataEnabled: subId=1 phoneId=0
D/PhoneInterfaceManager(  741): [PhoneIntfMgr] getDataEnabled: subId=1 retVal=true
D/ConnectivityManager( 1082): getMobileDataEnabled()- subId=1 retVal=true
D/PhoneInterfaceManager(  741): [PhoneIntfMgr] getDataEnabled: subId=1 phoneId=0
D/PhoneInterfaceManager(  741): [PhoneIntfMgr] getDataEnabled: subId=1 retVal=true
E/awcn.Session( 1239): |[seq:umeng:56aadbf567e58e38d4000976.AWCN4_1] notifyStatus status:CONNECTED
I/accs.InAppConn_umeng:56aadbf567e58e38d4000976( 1239):  auth begin seq:umeng:56aadbf567e58e38d4000976.AWCN4_1
E/accs.InAppConn_umeng:56aadbf567e58e38d4000976( 1239):  1 auth URL:https://umengacs.m.taobao.com/accs/auth?1=WlcCiYIi1P4DAJwcljCxvIg%2F&2=a99486d3758e59fc2556590fba8e45d1f8f54345b3905b582ff5777b1cf28d90&3=umeng:56aadbf567e58e38d4000976&5=1&6=wifi&7=31027&8=1.1.2&9=1515825816515&10=1&11=22&12=com.zzl.falcon.internal&13=2.4.1&14=android@umeng&15=Custom Phone - 5.1.0 - API 22 - 768x1280&16=generic&17=221&19=0
I/awcn.TnetSpdySession( 1239):   request URL:https://umengacs.m.taobao.com/accs/auth?1=WlcCiYIi1P4DAJwcljCxvIg%2F&2=a99486d3758e59fc2556590fba8e45d1f8f54345b3905b582ff5777b1cf28d90&3=umeng:56aadbf567e58e38d4000976&5=1&6=wifi&7=31027&8=1.1.2&9=1515825816515&10=1&11=22&12=com.zzl.falcon.internal&13=2.4.1&14=android@umeng&15=Custom Phone - 5.1.0 - API 22 - 768x1280&16=generic&17=221&19=0
I/awcn.TnetSpdySession( 1239):   request Method:GET
I/awcn.TnetSpdySession( 1239):   request headers:{}
D/awcn.TnetSpdySession( 1239):   streamId:1
D/awcn.DefaultHeartbeatImpl( 1239): |[seq:umeng:56aadbf567e58e38d4000976.AWCN4_1] reSchedule session:Session@[umeng:56aadbf567e58e38d4000976.AWCN4_1|http2_0rtt_acs] delay:1515829801844
E/awcn.TnetSpdySession( 1239): |[seq:umeng:56aadbf567e58e38d4000976.AWCN4_1] spdySessionConnectCB connect connectTime:7 sslTime::0
D/TelephonyManager(  527): getDataEnabled: retVal=true
D/accs.BaseReceiver( 1124):  onReceive
D/accs.ReceiverImpl( 1124):  ReceiverImpl onReceive begin......
D/accs.AdapterGlobalClientInfo( 1124):  getAgooCustomServiceName name:com.umeng.message.UmengIntentService
I/awcn.TnetSpdySession( 1239):   httpStatusCode:200
I/awcn.TnetSpdySession( 1239):   response headers:{server=[Tengine/Aserver/3.0.191_20170923193325], x-at=[WlcCiYIi1P4DAJwcljCxvIg%2Fumeng:56aadbf567e58e38d40009761515844156], date=[Sat, 13 Jan 2018 07:49:16 GMT], content-length=[0], x-workerid=[-2335684807058522095], :status=[200]}
E/accs.InAppConn_umeng:56aadbf567e58e38d4000976( 1239):  AUTH httpStatusCode:200 seq:umeng:56aadbf567e58e38d4000976.AWCN4_1
E/awcn.Session( 1239): |[seq:umeng:56aadbf567e58e38d4000976.AWCN4_1] notifyStatus status:AUTH_SUCC
I/awcn.DefaultHeartbeatImpl( 1239): |[seq:umeng:56aadbf567e58e38d4000976.AWCN4_1] heartbeat start session:Session@[umeng:56aadbf567e58e38d4000976.AWCN4_1|http2_0rtt_acs]
D/awcn.TnetSpdySession( 1239): |[seq:umeng:56aadbf567e58e38d4000976.AWCN4_1] spdyOnStreamResponse authTime:0
I/accs.UtilityImpl( 1239):  	header:date value:Sat, 13 Jan 2018 07:49:16 GMT
I/accs.UtilityImpl( 1239):  	header:x-at value:WlcCiYIi1P4DAJwcljCxvIg%2Fumeng:56aadbf567e58e38d40009761515844156
I/accs.UtilityImpl( 1239):  	header:server value:Tengine/Aserver/3.0.191_20170923193325
I/accs.UtilityImpl( 1239):  	header:content-length value:0
I/accs.UtilityImpl( 1239):  	header:x-workerid value:-2335684807058522095
I/accs.UtilityImpl( 1239):  	header::status value:200
D/awcn.SessionRequest( 1239): |[seq:umeng:56aadbf567e58e38d4000976.AWCN4_1] Session:Session@[umeng:56aadbf567e58e38d4000976.AWCN4_1|http2_0rtt_acs] EventType:AUTH_SUCC Event:
D/awcn.TnetSpdySession( 1239):  spdyStreamCloseCallback streamId:1
D/accs.AdapterGlobalClientInfo( 1124):  getAgooCustomServiceName name:com.umeng.message.UmengIntentService
D/awcn.SessionRequest( 1239): |[seq:umeng:56aadbf567e58e38d4000976.AWCN4_1] Connect Success session:Session@[umeng:56aadbf567e58e38d4000976.AWCN4_1|http2_0rtt_acs] host:https://umengacs.m.taobao.com
D/awcn.SessionRequest( 1239):  Receive session event type:AUTH_SUCC
D/awcn.StrategyTable( 1239):  [notifyConnEvent] Host:umengacs.m.taobao.com IConnStrategy:{106.11.61.106 443 http2_0rtt_acs} ConnEvent:ConnEvent#Success
I/accs.MsgDistributeService( 1239):  onStartCommand action:com.taobao.accs.intent.action.RECEIVE
D/accs.MsgDistribute( 1239):  action:com.taobao.accs.intent.action.RECEIVE
I/accs.MsgDistribute( 1239):  distribute command::103  serviceId::  dataId:: appkey: config:
I/accs.ElectionServiceImpl( 1124):  onStartCommand begin action:android.net.conn.CONNECTIVITY_CHANGE
I/accs.OrangeAdapter( 1124):  isElectionEnable result:false
I/accs.OrangeAdapter( 1124):  isElectionEnable result:false
I/accs.ElectionServiceImpl( 1124):  deliver to channelservice host pkg:
I/accs.ServiceImpl( 1124):  onHostStartCommand:Intent { act=android.net.conn.CONNECTIVITY_CHANGE flg=0x4000010 cmp=com.zzl.falcon.internal/com.taobao.accs.ChannelService (has extras) }
D/accs.ServiceImpl( 1124):  key networkInfo: value [type: WIFI[], state: CONNECTED/CONNECTED, reason: (unspecified), extra: "WiredSSID", roaming: false, failover: false, isAvailable: true, isConnectedToProvisioningNetwork: false]
D/accs.ServiceImpl( 1124):  key networkType: value 1
D/accs.ServiceImpl( 1124):  key inetCondition: value 0
D/accs.ServiceImpl( 1124):  key extraInfo: value "WiredSSID"
I/accs.LoadSoFailUtil( 1124):  getSoFailTimes times:0
D/accs.SilenceConn_umeng:56aadbf567e58e38d4000976( 1124):  try ping, force:false
D/accs.SilenceConn_umeng:56aadbf567e58e38d4000976( 1124):  send message, PING delay:0 dataId:78
I/accs.ServiceImpl( 1124):  tryConnect appkey:umeng:56aadbf567e58e38d4000976 configTag:umeng:56aadbf567e58e38d4000976|0
D/accs.BaseReceiver( 1217):  onReceive
D/accs.ReceiverImpl( 1217):  ReceiverImpl onReceive begin......
D/accs.AdapterGlobalClientInfo( 1217):  getAgooCustomServiceName name:com.umeng.message.UmengIntentService
D/accs.AdapterGlobalClientInfo( 1217):  getAgooCustomServiceName name:com.umeng.message.UmengIntentService
I/accs.ServiceImpl( 1124):  network change:unknown to wifi
D/accs.SilenceConn_umeng:56aadbf567e58e38d4000976( 1124):  try ping, force:true
D/accs.SilenceConn_umeng:56aadbf567e58e38d4000976( 1124):  send message, PING delay:0 dataId:79
I/accs.ElectionServiceImpl( 1217):  onStartCommand begin action:android.net.conn.CONNECTIVITY_CHANGE
I/accs.ElectionServiceUtil( 1217):  getElectionResult from mem host:com.zzl.itoube.internal retry:0
I/accs.ServiceImpl( 1124):  ping connection appkey:umeng:56aadbf567e58e38d4000976
I/accs.ElectionServiceImpl( 1217):  deliver to channelservice host pkg:com.zzl.itoube.internal
D/accs.UtilityImpl( 1124):  getProxy:null:-1
D/accs.UTMini( 1124):  commitEvent fail java.lang.NoClassDefFoundError: Failed resolution of: Lcom/ut/mini/internal/UTOriginalCustomHitBuilder;
I/accs.ServiceImpl( 1217):  onHostStartCommand:Intent { act=android.net.conn.CONNECTIVITY_CHANGE flg=0x4000010 cmp=com.zzl.itoube.internal/com.taobao.accs.ChannelService (has extras) }
D/accs.ServiceImpl( 1217):  key networkInfo: value [type: WIFI[], state: CONNECTED/CONNECTED, reason: (unspecified), extra: "WiredSSID", roaming: false, failover: false, isAvailable: true, isConnectedToProvisioningNetwork: false]
D/accs.ServiceImpl( 1217):  key networkType: value 1
D/accs.ServiceImpl( 1217):  key inetCondition: value 0
D/accs.ServiceImpl( 1217):  key extraInfo: value "WiredSSID"
I/accs.LoadSoFailUtil( 1217):  getSoFailTimes times:0
D/accs.SpdyConnection( 1217):  try ping, force:false
D/accs.SilenceConn_umeng:56aadbf567e58e38d4000976( 1124):  clearRepeatControlCommand message:201/
D/accs.NetworkThread_umeng:56aadbf567e58e38d4000976( 1124):  try get message
D/accs.NetworkThread_umeng:56aadbf567e58e38d4000976( 1124):  send message not null
I/accs.NetworkThread_umeng:56aadbf567e58e38d4000976( 1124):  0 send:PING status:3
D/accs.OrangeAdapter( 1124):  isSmartHb result:true
D/accs.NetworkThread_umeng:56aadbf567e58e38d4000976( 1124):  ms:264453 force:true
D/accs.SpdyConnection( 1217):  send message, PING delay:0 dataId:86
D/accs.NetworkThread( 1217):  try get message
D/accs.NetworkThread( 1217):  send message not null
I/accs.NetworkThread( 1217):  0 send:PING status:3
D/accs.OrangeAdapter( 1217):  isSmartHb result:true
D/ConnectivityManager( 1082): getMobileDataEnabled()+ subId=1
E/accs.NetworkThread( 1217):  0 try connect, force = false failTimes = 4
E/accs.NetworkThread( 1217):  0 try connect fail 4 times
D/PhoneInterfaceManager(  741): [PhoneIntfMgr] getDataEnabled: subId=1 phoneId=0
D/accs.OrangeAdapter( 1217):  isSmartHb result:true
D/accs.HeartbeatManager( 1217):  set 270
D/PhoneInterfaceManager(  741): [PhoneIntfMgr] getDataEnabled: subId=1 retVal=true
D/ConnectivityManager( 1082): getMobileDataEnabled()- subId=1 retVal=true
I/accs.ServiceImpl( 1217):  network change:unknown to wifi
D/accs.SpdyConnection( 1217):  try ping, force:true
D/accs.NetworkThread( 1217):  send succ, remove it
D/accs.NetworkThread( 1217):  ready to get message
D/accs.NetworkThread( 1217):  no message, wait
D/accs.SpdyConnection( 1217):  send message, PING delay:0 dataId:87
D/accs.UtilityImpl( 1217):  getProxy:null:-1
E/accs.NetworkThread_umeng:56aadbf567e58e38d4000976( 1124):  0 try connect, force = true failTimes = 0
I/accs.NetworkThread_umeng:56aadbf567e58e38d4000976( 1124):  0 try connect, need sleep
D/accs.NetworkThread( 1217):  try get message
D/accs.NetworkThread( 1217):  send message not null
I/accs.NetworkThread( 1217):  0 send:PING status:3
D/accs.OrangeAdapter( 1217):  isSmartHb result:true
D/accs.NetworkThread( 1217):  ms:6 force:true
E/accs.NetworkThread( 1217):  0 try connect, force = true failTimes = 0
I/accs.NetworkThread( 1217):  0 try connect, need sleep
D/accs.UTMini( 1217):  commitEvent fail java.lang.NoClassDefFoundError: Failed resolution of: Lcom/ut/mini/internal/UTOriginalCustomHitBuilder;
I/accs.BaseIntentService( 1124):  onHandleIntent,action=android.net.conn.CONNECTIVITY_CHANGE,agooCommand=com.zzl.falcon.internal.intent.action.COMMAND,mipushCommand=com.zzl.falcon.internal.intent.thirdPush.action.COMMAND
I/accs.BaseIntentService( 1124):  is report cache msg,Config.isReportCacheMsg(mContext)=false
D/accs.isClearTime( 1124):  now=1515829756893,now - lastTime=8412148,istrue=false
I/accs.BaseIntentService( 1124):  is clear all msg=false
D/accs.isClearTime( 1124):  now=1515829756893,now - lastTime=8412148,istrue=false
I/accs.BaseIntentService( 1217):  onHandleIntent,action=android.net.conn.CONNECTIVITY_CHANGE,agooCommand=com.zzl.itoube.internal.intent.action.COMMAND,mipushCommand=com.zzl.itoube.internal.intent.thirdPush.action.COMMAND
I/accs.BaseIntentService( 1217):  is report cache msg,Config.isReportCacheMsg(mContext)=false
D/accs.isClearTime( 1217):  now=1515829756900,now - lastTime=8412143,istrue=false
I/accs.BaseIntentService( 1217):  is clear all msg=false
D/accs.isClearTime( 1217):  now=1515829756900,now - lastTime=8412143,istrue=false
I/art     (  527): Explicit concurrent mark sweep GC freed 41617(3MB) AllocSpace objects, 12(192KB) LOS objects, 33% free, 10MB/15MB, paused 1.195ms total 87.514ms
E/GpsLocationProvider(  527): No APN found to select.
I/awcn.HMacUtil( 1239):  hmacSha1Hex result:739532757fd66f3d4846ebc237854aed37f6aabc8ffd55682d0c48e54e2ec9d9
D/awcn.StrategyCenter( 1239):  getSchemeByHost host:amdcopen.m.taobao.com scheme:http
D/getConnStrategyListByHost( 1239): |[seq:host] amdcopen.m.taobao.com:result [{106.11.61.137 443 https}, {106.11.61.135 443 https}, {106.11.61.137 80 http}, {106.11.61.135 80 http}]
I/awcn.DispatchCore( 1239): |[seq:AMDC2] send amdc request url:http://106.11.61.137:80/amdc/mobileDispatch?appkey=umeng%3A56aadbf567e58e38d4000976&deviceId=WlcCiYIi1P4DAJwcljCxvIg%2F&platform=android&v=4.0
D/awcn.DispatchCore( 1239): |[seq:AMDC2] amdc response. code: 200 
D/awcn.DispatchCore( 1239): headers:{null=[HTTP/1.1 200 OK], Cache-Control=[no-cache], Connection=[close], Content-Encoding=[gzip], Content-Type=[application/json;charset=UTF-8], Date=[Sat, 13 Jan 2018 07:49:17 GMT], pragma=[no-cache], Server=[Tengine], Transfer-Encoding=[chunked], Vary=[Accept-Encoding], x-am-code=[1000], x-am-id=[amdc011175109213.center.eu13_1515829757327_570707534], x-am-sign=[4e7752baea1d9a7b7365f5fe77471871662beefab47183a1c7404e98c32b008c], X-Android-Received-Millis=[1515829757350], X-Android-Response-Source=[NETWORK 200], X-Android-Sent-Millis=[1515829757342]}
D/awcn.DispatchCore( 1239): |[seq:AMDC2] amdc response body 
D/awcn.DispatchCore( 1239): body:{"code":1000,"cv":0,"dns":[{"aisles":[{"cto":10000,"heartbeat":0,"port":443,"protocol":"https","retry":1,"rto":10000},{"cto":10000,"heartbeat":0,"port":80,"protocol":"http","retry":1,"rto":10000}],"host":"api.m.yao.95095.com","ips":["140.205.36.37"],"isHot":1,"strategies":[],"ttl":300},{"aisles":[{"cto":10000,"heartbeat":0,"port":443,"protocol":"https","retry":1,"rto":10000},{"cto":10000,"heartbeat":0,"port":80,"protocol":"http","retry":1,"rto":10000}],"host":"unszapi.m.yao.95095.com","ips":["106.11.133.9"],"isHot":1,"strategies":[],"ttl":300},{"aisles":[{"cto":10000,"heartbeat":45000,"port":443,"protocol":"http2","publickey":"acs","retry":1,"rto":10000,"rtt":"0rtt"},{"cto":10000,"heartbeat":45000,"port":80,"protocol":"http2","publickey":"acs","retry":1,"rto":10000,"rtt":"0rtt"},{"cto":10000,"heartbeat":45000,"port":443,"protocol":"spdy","publickey":"acs","retry":1,"rto":10000,"rtt":"0rtt"},{"cto":10000,"heartbeat":45000,"port":80,"protocol":"spdy","publickey":"acs","retry":1,"rto":10000,"rtt":"0rtt"},{"cto":10000,"heartbeat":0,"port":443,"protocol":"https","retry":1,"rto":10000}],"host":"umengacs.m.taobao.com","ips":["106.11.61.106","106.11.52.16"],"isHot":1,"safeAisles":"https","strategies":[],"ttl":3600}],"ip":"116.228.34.130","unit":"unzbyun","utdid":"WlcCiYIi1P4DAJwcljCxvIg/"}
I/awcn.HMacUtil( 1239):  hmacSha1Hex result:4e7752baea1d9a7b7365f5fe77471871662beefab47183a1c7404e98c32b008c
D/awcn.StrategyCenter( 1239):  receive DNS event
I/awcn.StrategyTable( 1239):  update strategyTable with httpDns response
D/awcn.StrategyTable( 1239):  uniqueId : WIFI$01:80:c2:00:00:03
D/awcn.StrategyTable( 1239): -------------------------hot domains:------------------------------------
D/awcn.StrategyTable( 1239):  api.m.yao.95095.com = 
D/awcn.StrategyTable( 1239): StrategyList = 1515830057350[{140.205.36.37 443 https}, {140.205.36.37 80 http}]
D/awcn.StrategyTable( 1239):  unszapi.m.yao.95095.com = 
D/awcn.StrategyTable( 1239): StrategyList = 1515830057350[{106.11.133.9 443 https}, {106.11.133.9 80 http}]
D/awcn.StrategyTable( 1239):  umengacs.m.taobao.com = 
D/awcn.StrategyTable( 1239): StrategyList = 1515833357350[{106.11.61.106 443 http2_0rtt_acs}, {106.11.61.106 80 http2_0rtt_acs}, {106.11.61.106 443 spdy_0rtt_acs}, {106.11.61.106 80 spdy_0rtt_acs}, {106.11.52.16 443 http2_0rtt_acs}, {106.11.52.16 80 http2_0rtt_acs}, {106.11.52.16 443 spdy_0rtt_acs}, {106.11.52.16 80 spdy_0rtt_acs}, {106.11.61.106 443 https}, {106.11.52.16 443 https}]
D/awcn.StrategyTable( 1239):  
D/awcn.StrategyTable( 1239): -------------------------cold domains:------------------------------------
D/awcn.StrategyTable( 1239):  amdcopen.m.taobao.com = 
D/awcn.StrategyTable( 1239): StrategyList = 1515826136320[{106.11.61.137 443 https}, {106.11.61.135 443 https}, {106.11.61.137 80 http}, {106.11.61.135 80 http}]
D/awcn.SafeAislesMap( 1239):  SafeAislesMap: {amdcopen.m.taobao.com=http, api.m.yao.95095.com=No_Result, unszapi.m.yao.95095.com=No_Result, umengacs.m.taobao.com=https}
D/awcn.UnitMap( 1239):  UnitMap : UnitMap: {WlcCiYIi1P4DAJwcljCxvIg/=unzbyun}
I/awcn.StrategyCenter( 1239):  saveData
I/awcn.AmdcThreadPoolExecutor( 1239):  thread created! name:AMDC8
D/awcn.StrategyCenter( 1239):  getSchemeByHost host:umengacs.m.taobao.com scheme:https
D/awcn.SessionCenter( 1239): |[seq:umeng:56aadbf567e58e38d4000976] getInternal u:https://umengacs.m.taobao.com TypeClass:SPDY timeout:0
D/awcn.StrategyCenter( 1239):  getSchemeByHost host:umengacs.m.taobao.com scheme:https
D/awcn.SessionCenter( 1239): |[seq:umeng:56aadbf567e58e38d4000976] get internal hit cache session session:Session@[umeng:56aadbf567e58e38d4000976.AWCN4_1|http2_0rtt_acs]
D/awcn.StrategyTable( 1239):  [notifyConnEvent] Host:amdcopen.m.taobao.com IConnStrategy:{106.11.61.137 80 http} ConnEvent:ConnEvent#Success
I/awcn.SerializeHelper( 1239):  persist end. file:/storage/emulated/0/Android/data/com.zzl.falcon.internal/files/awcn_strategy/ef133debedbd6d843d539e5eb14cfdfd cost:6
I/awcn.SerializeHelper( 1239):  persist end. file:/storage/emulated/0/Android/data/com.zzl.falcon.internal/files/awcn_strategy/0c61135c2fdcd71f15ad7297245abe44 cost:1
I/awcn.SerializeHelper( 1239):  persist end. file:/storage/emulated/0/Android/data/com.zzl.falcon.internal/files/awcn_strategy/49c6a36aaea8ee1549c1cd3e07070c79 cost:1
I/art     (  636): Explicit concurrent mark sweep GC freed 16105(1227KB) AllocSpace objects, 0(0B) LOS objects, 40% free, 8MB/14MB, paused 1.574ms total 40.677ms
D/PhoneStatusBar(  636): disable: < expand icons* alerts system_info* back home recent clock search >
W/InputMethodManagerService(  527): Window already focused, ignoring focus gain of: com.android.internal.view.IInputMethodClient$Stub$Proxy@25c4dc10 attribute=null, token = android.os.BinderProxy@36adb717
W/EGL_emulation(  636): eglSurfaceAttrib not implemented
W/OpenGLRenderer(  636): Failed to set EGL_SWAP_BEHAVIOR on surface 0xee8c1420, error=EGL_SUCCESS
I/accs.SilenceConn_umeng:56aadbf567e58e38d4000976( 1124):  0 getChannelHost:umengjmacs.m.taobao.com
E/accs.SilenceConn_umeng:56aadbf567e58e38d4000976( 1124):  0 connect strategys ip:106.11.61.110 port:80
E/accs.SilenceConn_umeng:56aadbf567e58e38d4000976( 1124):  0 connect strategys ip:106.11.61.110 port:443
E/accs.SilenceConn_umeng:56aadbf567e58e38d4000976( 1124):  0 connect strategys ip:140.205.60.10 port:80
E/accs.SilenceConn_umeng:56aadbf567e58e38d4000976( 1124):  0 connect strategys ip:140.205.60.10 port:443
D/accs.HttpDnsProvider( 1124):  updateStrategyPos StrategyPos:4
E/accs.SilenceConn_umeng:56aadbf567e58e38d4000976( 1124):  0 get ip from amdc succ:106.11.61.110:80 originPos:0
E/accs.SilenceConn_umeng:56aadbf567e58e38d4000976( 1124):  0 connect URL:https://106.11.61.110:80/accs/
E/accs.SilenceConn_umeng:56aadbf567e58e38d4000976( 1124):  0 connect normal
I/accs.SilenceConn_umeng:56aadbf567e58e38d4000976( 1124):  0 getChannelHost:umengjmacs.m.taobao.com
I/accs.SilenceConn_umeng:56aadbf567e58e38d4000976( 1124):  use custom pub key pubKey:11
I/tnet-jni( 1124): 105 -  create new session: 106.11.61.110:80
E/accs.SilenceConn_umeng:56aadbf567e58e38d4000976( 1124):  0 notifyStatus:CONNECTING
I/accs.SilenceConn_umeng:56aadbf567e58e38d4000976( 1124):  0 notifyStatus:CONNECTING handled
I/accs.SpdyConnection( 1217):  0 getDefaultHost:umengjmacs.m.taobao.com
E/accs.SpdyConnection( 1217):  0 connect strategys ip:106.11.61.109 port:80
E/accs.SpdyConnection( 1217):  0 connect strategys ip:106.11.61.109 port:443
D/accs.HttpDnsProvider( 1217):  updateStrategyPos StrategyPos:2
E/accs.SpdyConnection( 1217):  0 get ip from amdc succ:106.11.61.109:80 originPos:0
E/accs.SpdyConnection( 1217):  0 connect URL:https://106.11.61.109:80/accs/
E/accs.SpdyConnection( 1217):  0 connect normal
I/accs.SpdyConnection( 1217):  0 getDefaultHost:umengjmacs.m.taobao.com
I/tnet-jni( 1217): 106 -  create new session: 106.11.61.109:80
E/accs.SpdyConnection( 1217):  0 notifyStatus:CONNECTING
I/accs.SpdyConnection( 1217):  0 notifyStatus:CONNECTING handled
I/tnet-jni( 1124): 101 - [SpdySessionCallBack.getSSLMeta] - org.android.spdy.SpdySession@168d05ae
I/tnet-jni( 1124): 101 - [spdySessionConnectCB] - 
I/tnet-jni( 1124): 101 - [SpdySessionCallBack.spdySessionConnectCB] - org.android.spdy.SpdySession@168d05ae
E/accs.SilenceConn_umeng:56aadbf567e58e38d4000976( 1124):  0 spdySessionConnectCB sessionConnectInterval:6 sslTime:0 reuse:0
I/awcn.HMacUtil( 1124):  hmacSha1Hex result:a99486d3758e59fc2556590fba8e45d1f8f54345b3905b582ff5777b1cf28d90
I/awcn.HMacUtil( 1124):  hmacSha1Hex result:a99486d3758e59fc2556590fba8e45d1f8f54345b3905b582ff5777b1cf28d90
E/accs.SilenceConn_umeng:56aadbf567e58e38d4000976( 1124):  0 auth URL:https://106.11.61.110:80/accs/auth?1=WlcCiYIi1P4DAJwcljCxvIg%2F&2=a99486d3758e59fc2556590fba8e45d1f8f54345b3905b582ff5777b1cf28d90&3=umeng:56aadbf567e58e38d4000976&4=WlcCiYIi1P4DAJwcljCxvIg%2Fumeng:56aadbf567e58e38d40009761515840230&5=0&6=wifi&7=31027&8=221&9=1515829761898&10=1&11=22&12=com.zzl.falcon.internal&13=2.4.1&14=android@umeng&15=Custom Phone - 5.1.0 - API 22 - 768x1280&16=generic&17=221&19=0
I/accs.Utils( 1124):  getMode mode:0
I/accs.SilenceConn_umeng:56aadbf567e58e38d4000976( 1124):  0 getChannelHost:umengjmacs.m.taobao.com
I/accs.SilenceConn_umeng:56aadbf567e58e38d4000976( 1124):  0 getChannelHost:umengjmacs.m.taobao.com
I/tnet-jni( 1124): 101 - index=1  starttime=1515829761899
I/tnet-jni( 1124): 101 - index=1   calltime=1515829761899
D/accs.UTMini( 1124):  commitEvent fail java.lang.NoClassDefFoundError: Failed resolution of: Lcom/ut/mini/internal/UTOriginalCustomHitBuilder;
I/tnet-jni( 1217): 105 - [SpdySessionCallBack.getSSLMeta] - org.android.spdy.SpdySession@7adbab7
I/tnet-jni( 1217): 105 - [spdySessionConnectCB] - 
I/tnet-jni( 1217): 105 - [SpdySessionCallBack.spdySessionConnectCB] - org.android.spdy.SpdySession@7adbab7
E/accs.SpdyConnection( 1217):  0 spdySessionConnectCB sessionConnectInterval:6 sslTime:0 reuse:0
D/accs.AdapterUtilityImpl( 1217):  getAppkey APPKEY:umeng:585b4a88766613539b00000e
I/awcn.HMacUtil( 1217):  hmacSha1Hex result:6b2faa3b146b8a369e40769a6af7719c43cbc702da29b62117abb0052c8ebf37
D/accs.AdapterUtilityImpl( 1217):  getAppkey APPKEY:umeng:585b4a88766613539b00000e
E/accs.SpdyConnection( 1217):  0 auth URL:https://106.11.61.109:80/accs/auth?1=WlcCiYIi1P4DAJwcljCxvIg%2F&2=6b2faa3b146b8a369e40769a6af7719c43cbc702da29b62117abb0052c8ebf37&3=umeng:585b4a88766613539b00000e&4=WlcCiYIi1P4DAJwcljCxvIg%2Fumeng:585b4a88766613539b00000e1515840222&5=0&6=wifi&7=31027&8=212&9=1515829761901&10=1&11=22&12=com.zzl.itoube.internal&13=1.3.0&14=android@umeng&15=Custom Phone - 5.1.0 - API 22 - 768x1280&16=generic&17=212&19=0
I/accs.SpdyConnection( 1217):  0 getDefaultHost:umengjmacs.m.taobao.com
I/accs.SpdyConnection( 1217):  0 getDefaultHost:umengjmacs.m.taobao.com
I/tnet-jni( 1217): 105 - index=1  starttime=1515829761902
I/tnet-jni( 1217): 105 - index=1   calltime=1515829761902
D/accs.UTMini( 1217):  commitEvent fail java.lang.NoClassDefFoundError: Failed resolution of: Lcom/ut/mini/internal/UTOriginalCustomHitBuilder;
I/tnet-jni( 1124): 101 - [SpdySessionCallBack.putSSLMeta] - org.android.spdy.SpdySession@168d05ae
I/tnet-jni( 1124): 101 - [spdyStreamResponseRecv] - 
I/tnet-jni( 1124): 101 - [SpdySessionCallBack.spdyOnStreamResponse] - org.android.spdy.SpdySession@168d05ae
I/accs.UtilityImpl( 1124):  	header:date value:Sat, 13 Jan 2018 07:49:21 GMT
I/accs.UtilityImpl( 1124):  	header:server value:Tengine/Aserver/3.0.177_20170808144625
I/accs.UtilityImpl( 1124):  	header::version value:HTTP/1.1
I/accs.UtilityImpl( 1124):  	header:content-length value:0
I/accs.UtilityImpl( 1124):  	header:x-workerid value:5365186881745059841
I/accs.UtilityImpl( 1124):  	header::status value:200
E/accs.SilenceConn_umeng:56aadbf567e58e38d4000976( 1124):  0 spdyOnStreamResponse httpStatusCode: 200
E/accs.SilenceConn_umeng:56aadbf567e58e38d4000976( 1124):  0 notifyStatus:CONNECTED
D/accs.HeartbeatManager( 1124):  resetLevel
D/accs.OrangeAdapter( 1124):  isSmartHb result:true
D/accs.HeartbeatManager( 1124):  set 270
I/tnet-jni( 1217): 105 - [SpdySessionCallBack.putSSLMeta] - org.android.spdy.SpdySession@7adbab7
I/accs.SilenceConn_umeng:56aadbf567e58e38d4000976( 1124):  0 notifyStatus:CONNECTED handled
D/accs.OrangeAdapter( 1124):  isSmartHb result:true
D/accs.OrangeAdapter( 1124):  isSmartHb result:true
D/accs.HeartbeatManager( 1124):  set 270
D/accs.UTMini( 1124):  commitEvent fail java.lang.NoClassDefFoundError: Failed resolution of: Lcom/ut/mini/internal/UTOriginalCustomHitBuilder;
D/accs.SilenceConn_umeng:56aadbf567e58e38d4000976( 1124):  spdyOnStreamResponse
I/tnet-jni( 1124): 101 - [spdyStreamCloseCallback] - 
I/tnet-jni( 1124): 101 - [SpdySessionCallBack.spdyStreamCloseCallback] - org.android.spdy.SpdySession@168d05ae
I/tnet-jni( 1124): 101 - index=1    endtime=1515829761911
D/accs.SilenceConn_umeng:56aadbf567e58e38d4000976( 1124):  spdyStreamCloseCallback
I/tnet-jni( 1217): 105 - [spdyStreamResponseRecv] - 
I/tnet-jni( 1217): 105 - [SpdySessionCallBack.spdyOnStreamResponse] - org.android.spdy.SpdySession@7adbab7
I/accs.SpdyConnection( 1217):  	header:date value:Sat, 13 Jan 2018 07:49:21 GMT
I/accs.SpdyConnection( 1217):  	header:server value:Tengine/Aserver/3.0.177_20170808144625
I/accs.SpdyConnection( 1217):  	header::version value:HTTP/1.1
I/accs.SpdyConnection( 1217):  	header:content-length value:0
I/accs.SpdyConnection( 1217):  	header:x-workerid value:4838829774807760924
I/accs.SpdyConnection( 1217):  	header::status value:200
E/accs.SpdyConnection( 1217):  0 spdyOnStreamResponse httpStatusCode: 200
E/accs.SpdyConnection( 1217):  0 notifyStatus:CONNECTED
D/accs.HeartbeatManager( 1217):  resetLevel
D/accs.OrangeAdapter( 1217):  isSmartHb result:true
D/accs.HeartbeatManager( 1217):  set 270
D/accs.NetworkThread_umeng:56aadbf567e58e38d4000976( 1124):  send succ, remove it
D/accs.NetworkThread_umeng:56aadbf567e58e38d4000976( 1124):  ready to get message
D/accs.NetworkThread_umeng:56aadbf567e58e38d4000976( 1124):  no message, wait
I/accs.SpdyConnection( 1217):  0 notifyStatus:CONNECTED handled
D/accs.OrangeAdapter( 1217):  isSmartHb result:true
D/accs.OrangeAdapter( 1217):  isSmartHb result:true
D/accs.HeartbeatManager( 1217):  set 270
D/accs.UTMini( 1217):  commitEvent fail java.lang.NoClassDefFoundError: Failed resolution of: Lcom/ut/mini/internal/UTOriginalCustomHitBuilder;
D/accs.SpdyConnection( 1217):  spdyOnStreamResponse
I/tnet-jni( 1217): 105 - [spdyStreamCloseCallback] - 
I/tnet-jni( 1217): 105 - [SpdySessionCallBack.spdyStreamCloseCallback] - org.android.spdy.SpdySession@7adbab7
I/tnet-jni( 1217): 105 - index=1    endtime=1515829761915
D/accs.SpdyConnection( 1217):  spdyStreamCloseCallback
D/accs.NetworkThread( 1217):  send succ, remove it
D/accs.NetworkThread( 1217):  ready to get message
D/accs.NetworkThread( 1217):  no message, wait
D/ConnectivityService(  527): updateNetworkScore for NetworkAgentInfo [WIFI () - 104] to 60
D/ConnectivityService(  527): rematching NetworkAgentInfo [WIFI () - 104]
D/ConnectivityService(  527): Network NetworkAgentInfo [WIFI () - 104] was already satisfying request 1. No change.
D/ConnectivityService(  527): notifyType AVAILABLE for NetworkAgentInfo [WIFI () - 104]
D/ConnectivityManager.CallbackHandler(  636): CM callback handler got msg 524290
I/art     (  527): Explicit concurrent mark sweep GC freed 9830(481KB) AllocSpace objects, 2(27KB) LOS objects, 33% free, 10MB/15MB, paused 448us total 17.717ms
I/art     (  636): Explicit concurrent mark sweep GC freed 4839(373KB) AllocSpace objects, 5(97KB) LOS objects, 39% free, 8MB/14MB, paused 264us total 11.410ms
E/WifiStateMachine(  527): WifiStateMachine L2Connected CMD_START_SCAN source -2 11, 12 -> obsolete
D/NetworkMonitor/NetworkAgentInfo [WIFI () - 104](  527): Probably not a portal: exception java.net.SocketTimeoutException: failed to connect to connectivitycheck.android.com/172.217.160.110 (port 80) after 10000ms
I/art     (  527): Explicit concurrent mark sweep GC freed 6531(260KB) AllocSpace objects, 0(0B) LOS objects, 33% free, 10MB/15MB, paused 964us total 40.573ms
I/art     (  636): Explicit concurrent mark sweep GC freed 3700(192KB) AllocSpace objects, 0(0B) LOS objects, 39% free, 8MB/14MB, paused 217us total 17.514ms
D/NetworkMonitor/NetworkAgentInfo [WIFI () - 104](  527): EvaluatingState{ when=-6ms what=532486 arg1=2 target=com.android.internal.util.StateMachine$SmHandler }
D/NetworkMonitor/NetworkAgentInfo [WIFI () - 104](  527): Checking http://connectivitycheck.android.com/generate_204 on "WiredSSID"
I/art     (  527): Explicit concurrent mark sweep GC freed 6766(288KB) AllocSpace objects, 0(0B) LOS objects, 33% free, 10MB/15MB, paused 420us total 19.466ms
I/art     (  636): Explicit concurrent mark sweep GC freed 3621(188KB) AllocSpace objects, 0(0B) LOS objects, 39% free, 8MB/14MB, paused 337us total 14.850ms
I/art     (  527): Explicit concurrent mark sweep GC freed 6871(275KB) AllocSpace objects, 0(0B) LOS objects, 33% free, 10MB/15MB, paused 538us total 18.049ms
E/WifiConfigStore(  527):  rewrite network history for "WiredSSID"NONE
I/art     (  636): Explicit concurrent mark sweep GC freed 3622(188KB) AllocSpace objects, 0(0B) LOS objects, 39% free, 8MB/14MB, paused 1.760ms total 12.466ms
D/NetworkMonitor/NetworkAgentInfo [WIFI () - 104](  527): Probably not a portal: exception java.net.SocketTimeoutException: failed to connect to connectivitycheck.android.com/172.217.160.110 (port 80) after 10000ms
I/art     (  527): Explicit concurrent mark sweep GC freed 7613(319KB) AllocSpace objects, 0(0B) LOS objects, 33% free, 10MB/15MB, paused 709us total 19.957ms
I/art     (  636): Explicit concurrent mark sweep GC freed 3612(188KB) AllocSpace objects, 0(0B) LOS objects, 39% free, 8MB/14MB, paused 443us total 14.360ms
D/NetworkMonitor/NetworkAgentInfo [WIFI () - 104](  527): EvaluatingState{ when=-6ms what=532486 arg1=3 target=com.android.internal.util.StateMachine$SmHandler }
D/NetworkMonitor/NetworkAgentInfo [WIFI () - 104](  527): Checking http://connectivitycheck.android.com/generate_204 on "WiredSSID"
I/art     (  527): Explicit concurrent mark sweep GC freed 6113(241KB) AllocSpace objects, 0(0B) LOS objects, 33% free, 10MB/15MB, paused 378us total 21.241ms
I/art     (  636): Explicit concurrent mark sweep GC freed 3621(188KB) AllocSpace objects, 0(0B) LOS objects, 39% free, 8MB/14MB, paused 387us total 11.772ms
I/art     (  527): Explicit concurrent mark sweep GC freed 6420(254KB) AllocSpace objects, 0(0B) LOS objects, 33% free, 10MB/15MB, paused 857us total 25.921ms
D/AndroidRuntime( 3928): >>>>>> START com.android.internal.os.RuntimeInit uid 0 <<<<<<
D/AndroidRuntime( 3928): CheckJNI is OFF
E/memtrack( 3928): Couldn't load memtrack module (No such file or directory)
E/android.os.Debug( 3928): failed to load memtrack module: -2
D/AndroidRuntime( 3928): Calling main entry com.android.commands.pm.Pm
I/art     ( 3928): System.exit called, status: 0
I/AndroidRuntime( 3928): VM exiting with result code 0.
D/NetworkMonitor/NetworkAgentInfo [WIFI () - 104](  527): Probably not a portal: exception java.net.SocketTimeoutException: failed to connect to connectivitycheck.android.com/172.217.160.110 (port 80) after 10000ms
D/ConnectivityService(  527): setProvNotificationVisibleIntent: E visible=false networkType=0 extraInfo=null
I/art     (  636): Explicit concurrent mark sweep GC freed 3622(188KB) AllocSpace objects, 0(0B) LOS objects, 39% free, 8MB/14MB, paused 195us total 10.572ms
I/art     (  527): Explicit concurrent mark sweep GC freed 8090(339KB) AllocSpace objects, 0(0B) LOS objects, 33% free, 10MB/15MB, paused 754us total 18.249ms
D/awcn.DefaultHeartbeatImpl( 1239): |[seq:umeng:56aadbf567e58e38d4000976.AWCN4_1] heartbeat session:Session@[umeng:56aadbf567e58e38d4000976.AWCN4_1|http2_0rtt_acs]
D/awcn.TnetSpdySession( 1239): |[seq:umeng:56aadbf567e58e38d4000976.AWCN4_1] ping host:https://umengacs.m.taobao.com thread:AWCN Scheduler1
D/awcn.TnetSpdySession( 1239): |[seq:umeng:56aadbf567e58e38d4000976.AWCN4_1] https://umengacs.m.taobao.com submit ping ms:45050 force:true
D/awcn.DefaultHeartbeatImpl( 1239): |[seq:umeng:56aadbf567e58e38d4000976.AWCN4_1] reSchedule session:Session@[umeng:56aadbf567e58e38d4000976.AWCN4_1|http2_0rtt_acs] delay:45050
I/awcn.TnetSpdySession( 1239): |[seq:umeng:56aadbf567e58e38d4000976.AWCN4_1] ping receive Host:https://umengacs.m.taobao.com id:1
I/art     (  636): Explicit concurrent mark sweep GC freed 3944(201KB) AllocSpace objects, 0(0B) LOS objects, 39% free, 8MB/14MB, paused 251us total 11.666ms
I/art     (  527): Explicit concurrent mark sweep GC freed 6556(259KB) AllocSpace objects, 0(0B) LOS objects, 33% free, 10MB/15MB, paused 377us total 17.970ms
I/art     (  636): Explicit concurrent mark sweep GC freed 3632(188KB) AllocSpace objects, 0(0B) LOS objects, 39% free, 8MB/14MB, paused 182us total 10.201ms
I/art     (  527): Explicit concurrent mark sweep GC freed 6074(240KB) AllocSpace objects, 0(0B) LOS objects, 33% free, 10MB/15MB, paused 814us total 17.771ms
I/art     (  636): Explicit concurrent mark sweep GC freed 3621(188KB) AllocSpace objects, 0(0B) LOS objects, 39% free, 8MB/14MB, paused 183us total 12.517ms
I/art     (  527): Explicit concurrent mark sweep GC freed 6496(257KB) AllocSpace objects, 0(0B) LOS objects, 33% free, 10MB/15MB, paused 556us total 28.105ms
I/art     (  636): Explicit concurrent mark sweep GC freed 3622(188KB) AllocSpace objects, 0(0B) LOS objects, 39% free, 8MB/14MB, paused 288us total 11.459ms
I/art     (  527): Explicit concurrent mark sweep GC freed 7761(313KB) AllocSpace objects, 0(0B) LOS objects, 33% free, 10MB/15MB, paused 883us total 24.377ms
I/art     (  636): Explicit concurrent mark sweep GC freed 3621(188KB) AllocSpace objects, 0(0B) LOS objects, 39% free, 8MB/14MB, paused 173us total 10.092ms
I/art     (  527): Explicit concurrent mark sweep GC freed 6457(256KB) AllocSpace objects, 0(0B) LOS objects, 33% free, 10MB/15MB, paused 696us total 18.258ms
I/art     (  636): Explicit concurrent mark sweep GC freed 3612(188KB) AllocSpace objects, 0(0B) LOS objects, 39% free, 8MB/14MB, paused 414us total 11.708ms
I/art     (  527): Explicit concurrent mark sweep GC freed 6429(255KB) AllocSpace objects, 0(0B) LOS objects, 33% free, 10MB/15MB, paused 449us total 17.112ms
I/art     (  636): Explicit concurrent mark sweep GC freed 3621(188KB) AllocSpace objects, 0(0B) LOS objects, 39% free, 8MB/14MB, paused 483us total 12.164ms
I/art     (  527): Explicit concurrent mark sweep GC freed 6175(263KB) AllocSpace objects, 0(0B) LOS objects, 33% free, 10MB/15MB, paused 617us total 18.184ms
I/art     (  636): Explicit concurrent mark sweep GC freed 3622(188KB) AllocSpace objects, 0(0B) LOS objects, 39% free, 8MB/14MB, paused 588us total 11.009ms
I/art     (  527): Explicit concurrent mark sweep GC freed 6788(270KB) AllocSpace objects, 0(0B) LOS objects, 33% free, 10MB/15MB, paused 655us total 17.109ms
I/art     (  636): Explicit concurrent mark sweep GC freed 3612(188KB) AllocSpace objects, 0(0B) LOS objects, 39% free, 8MB/14MB, paused 560us total 11.428ms
D/awcn.DefaultHeartbeatImpl( 1239): |[seq:umeng:56aadbf567e58e38d4000976.AWCN4_1] heartbeat session:Session@[umeng:56aadbf567e58e38d4000976.AWCN4_1|http2_0rtt_acs]
D/awcn.TnetSpdySession( 1239): |[seq:umeng:56aadbf567e58e38d4000976.AWCN4_1] ping host:https://umengacs.m.taobao.com thread:AWCN Scheduler1
D/awcn.TnetSpdySession( 1239): |[seq:umeng:56aadbf567e58e38d4000976.AWCN4_1] https://umengacs.m.taobao.com submit ping ms:45051 force:true
D/awcn.DefaultHeartbeatImpl( 1239): |[seq:umeng:56aadbf567e58e38d4000976.AWCN4_1] reSchedule session:Session@[umeng:56aadbf567e58e38d4000976.AWCN4_1|http2_0rtt_acs] delay:45051
I/awcn.TnetSpdySession( 1239): |[seq:umeng:56aadbf567e58e38d4000976.AWCN4_1] ping receive Host:https://umengacs.m.taobao.com id:3
I/art     (  527): Explicit concurrent mark sweep GC freed 6438(255KB) AllocSpace objects, 0(0B) LOS objects, 33% free, 10MB/15MB, paused 567us total 21.074ms
I/art     (  636): Explicit concurrent mark sweep GC freed 3621(188KB) AllocSpace objects, 0(0B) LOS objects, 39% free, 8MB/14MB, paused 273us total 9.896ms
I/art     (  527): Explicit concurrent mark sweep GC freed 6429(255KB) AllocSpace objects, 0(0B) LOS objects, 33% free, 10MB/15MB, paused 530us total 17.720ms
I/art     (  636): Explicit concurrent mark sweep GC freed 3621(188KB) AllocSpace objects, 0(0B) LOS objects, 39% free, 8MB/14MB, paused 223us total 17.860ms
I/art     (  527): Explicit concurrent mark sweep GC freed 6325(250KB) AllocSpace objects, 0(0B) LOS objects, 33% free, 10MB/15MB, paused 1.905ms total 30.786ms
I/art     (  636): Explicit concurrent mark sweep GC freed 3947(201KB) AllocSpace objects, 0(0B) LOS objects, 39% free, 8MB/14MB, paused 235us total 16.158ms
D/AndroidRuntime( 3959): >>>>>> START com.android.internal.os.RuntimeInit uid 0 <<<<<<
D/AndroidRuntime( 3959): CheckJNI is OFF
E/memtrack( 3959): Couldn't load memtrack module (No such file or directory)
E/android.os.Debug( 3959): failed to load memtrack module: -2
D/AndroidRuntime( 3959): Calling main entry com.android.commands.pm.Pm
I/art     ( 3959): System.exit called, status: 0
I/AndroidRuntime( 3959): VM exiting with result code 0.
I/art     (  527): Explicit concurrent mark sweep GC freed 6595(270KB) AllocSpace objects, 0(0B) LOS objects, 33% free, 10MB/15MB, paused 694us total 19.364ms
I/art     (  636): Explicit concurrent mark sweep GC freed 3632(188KB) AllocSpace objects, 0(0B) LOS objects, 39% free, 8MB/14MB, paused 201us total 10.020ms
I/art     (  527): Explicit concurrent mark sweep GC freed 6560(261KB) AllocSpace objects, 0(0B) LOS objects, 33% free, 10MB/15MB, paused 824us total 18.169ms
D/AndroidRuntime( 3974): >>>>>> START com.android.internal.os.RuntimeInit uid 0 <<<<<<
D/AndroidRuntime( 3974): CheckJNI is OFF
E/memtrack( 3974): Couldn't load memtrack module (No such file or directory)
E/android.os.Debug( 3974): failed to load memtrack module: -2
D/AndroidRuntime( 3974): Calling main entry com.android.commands.wm.Wm
D/AndroidRuntime( 3974): Shutting down VM
I/art     (  636): Explicit concurrent mark sweep GC freed 3621(188KB) AllocSpace objects, 0(0B) LOS objects, 39% free, 8MB/14MB, paused 272us total 15.061ms
D/AndroidRuntime( 3995): >>>>>> START com.android.internal.os.RuntimeInit uid 0 <<<<<<
D/AndroidRuntime( 3995): CheckJNI is OFF
E/memtrack( 3995): Couldn't load memtrack module (No such file or directory)
E/android.os.Debug( 3995): failed to load memtrack module: -2
D/AndroidRuntime( 3995): Calling main entry com.android.commands.monkey.Monkey
W/BroadcastQueue(  527): Skipping deliver [background] BroadcastRecord{18786c5 u-1 android.net.conn.CONNECTIVITY_CHANGE} to ReceiverList{3322981a 3995 (unknown name)/0/u-1 remote:209f7f2f}: process crashing
I/ActivityManager(  527): START u0 {act=android.intent.action.MAIN cat=[android.intent.category.LAUNCHER] flg=0x10200000 cmp=com.zzl.falcon.internal/com.zzl.falcon.EntranceActivity} from uid 0 on display 0
D/WebView ( 1239): show url http://116.236.220.210:8084/appIndex/securityPage
D/WebView ( 1239): show url http://116.236.220.210:8084/appIndex/securityPage
W/UnimplementedWebViewApi( 1239): Unimplemented WebView method onKeyDown called from: android.webkit.WebView.onKeyDown(WebView.java:2310)
W/AudioTrack(  527): AUDIO_OUTPUT_FLAG_FAST denied by client
W/UnimplementedWebViewApi( 1239): Unimplemented WebView method onKeyDown called from: android.webkit.WebView.onKeyDown(WebView.java:2310)
I/chromium( 1239): [INFO:CONSOLE(1)] "Uncaught ReferenceError: jump is not defined", source:  (1)
W/AudioTrack(  527): AUDIO_OUTPUT_FLAG_FAST denied by client
I/ActivityManager(  527): START u0 {act=android.intent.action.MAIN cat=[android.intent.category.LAUNCHER] flg=0x10200000 cmp=com.zzl.falcon.internal/com.squareup.leakcanary.internal.DisplayLeakActivity} from uid 0 on display 0
E/EGL_emulation(  502): tid 502: eglCreateSyncKHR(1209): error 0x3004 (EGL_BAD_ATTRIBUTE)
V/WindowManager(  527): addAppToken: AppWindowToken{3adeca41 token=Token{11001d28 ActivityRecord{e2edf4b u0 com.zzl.falcon.internal/com.squareup.leakcanary.internal.DisplayLeakActivity t42}}} to stack=1 task=42 at 39
I/InputDispatcher(  527): Dropping event because there is no touchable window at (573, 119).
W/InputManager(  527): Input event injection from pid 3995 failed.
W/InputManager(  527): Input event injection from pid 3995 failed.
W/ViewRootImpl( 1239): Cancelling event due to no window focus: KeyEvent { action=ACTION_UP, keyCode=KEYCODE_DPAD_CENTER, scanCode=0, metaState=0, flags=0x28, repeatCount=0, eventTime=4066321, downTime=4066321, deviceId=-1, source=0x101 }
W/ViewRootImpl( 1239): Cancelling event due to no window focus: KeyEvent { action=ACTION_UP, keyCode=KEYCODE_DPAD_CENTER, scanCode=0, metaState=0, flags=0x28, repeatCount=0, eventTime=4066327, downTime=4066327, deviceId=-1, source=0x101 }
W/ViewRootImpl( 1239): Dropping event due to no window focus: KeyEvent { action=ACTION_DOWN, keyCode=KEYCODE_DPAD_LEFT, scanCode=0, metaState=0, flags=0x8, repeatCount=0, eventTime=4066329, downTime=4066329, deviceId=-1, source=0x101 }
W/ViewRootImpl( 1239): Cancelling event due to no window focus: KeyEvent { action=ACTION_UP, keyCode=KEYCODE_DPAD_LEFT, scanCode=0, metaState=0, flags=0x28, repeatCount=0, eventTime=4066330, downTime=4066330, deviceId=-1, source=0x101 }
W/ViewRootImpl( 1239): Dropping event due to no window focus: KeyEvent { action=ACTION_DOWN, keyCode=KEYCODE_DPAD_LEFT, scanCode=0, metaState=0, flags=0x8, repeatCount=0, eventTime=4066336, downTime=4066336, deviceId=-1, source=0x101 }
W/ViewRootImpl( 1239): Cancelling event due to no window focus: KeyEvent { action=ACTION_UP, keyCode=KEYCODE_DPAD_LEFT, scanCode=0, metaState=0, flags=0x28, repeatCount=0, eventTime=4066338, downTime=4066338, deviceId=-1, source=0x101 }
W/ViewRootImpl( 1239): Dropping event due to no window focus: KeyEvent { action=ACTION_DOWN, keyCode=KEYCODE_DPAD_LEFT, scanCode=0, metaState=0, flags=0x8, repeatCount=0, eventTime=4066338, downTime=4066338, deviceId=-1, source=0x101 }
W/ViewRootImpl( 1239): Cancelling event due to no window focus: KeyEvent { action=ACTION_UP, keyCode=KEYCODE_DPAD_LEFT, scanCode=0, metaState=0, flags=0x28, repeatCount=0, eventTime=4066339, downTime=4066339, deviceId=-1, source=0x101 }
I/InputDispatcher(  527): Dropping event because there is no touchable window at (735, 486).
W/InputManager(  527): Input event injection from pid 3995 failed.
W/InputManager(  527): Input event injection from pid 3995 failed.
W/InputManager(  527): Input event injection from pid 3995 failed.
W/InputManager(  527): Input event injection from pid 3995 failed.
W/InputManager(  527): Input event injection from pid 3995 failed.
W/InputManager(  527): Input event injection from pid 3995 failed.
W/InputManager(  527): Input event injection from pid 3995 failed.
W/InputManager(  527): Input event injection from pid 3995 failed.
W/InputManager(  527): Input event injection from pid 3995 failed.
V/WindowManager(  527): Adding window Window{3e0a2527 u0 com.zzl.falcon.internal/com.squareup.leakcanary.internal.DisplayLeakActivity} at 42 of 47 (after Window{2e5a5825 u0 com.zzl.falcon.internal/com.squareup.leakcanary.internal.DisplayLeakActivity})
I/InputDispatcher(  527): Dropping event because there is no touchable window at (606, 352).
W/InputManager(  527): Input event injection from pid 3995 failed.
W/InputManager(  527): Input event injection from pid 3995 failed.
W/InputManager(  527): Input event injection from pid 3995 failed.
W/InputManager(  527): Input event injection from pid 3995 failed.
W/InputManager(  527): Input event injection from pid 3995 failed.
W/InputManager(  527): Input event injection from pid 3995 failed.
W/InputManager(  527): Input event injection from pid 3995 failed.
W/InputManager(  527): Input event injection from pid 3995 failed.
I/InputDispatcher(  527): Dropping event because there is no touchable window at (495, 827).
W/InputManager(  527): Input event injection from pid 3995 failed.
W/InputManager(  527): Input event injection from pid 3995 failed.
I/InputDispatcher(  527): Dropping event because there is no touchable window at (654, 996).
W/InputManager(  527): Input event injection from pid 3995 failed.
W/InputManager(  527): Input event injection from pid 3995 failed.
W/InputManager(  527): Input event injection from pid 3995 failed.
W/InputManager(  527): Input event injection from pid 3995 failed.
W/InputManager(  527): Input event injection from pid 3995 failed.
W/InputManager(  527): Input event injection from pid 3995 failed.
W/EGL_emulation( 1882): eglSurfaceAttrib not implemented
W/OpenGLRenderer( 1882): Failed to set EGL_SWAP_BEHAVIOR on surface 0xe163e2e0, error=EGL_SUCCESS
W/ViewRootImpl( 1882): Dropping event due to no window focus: KeyEvent { action=ACTION_DOWN, keyCode=KEYCODE_DPAD_DOWN, scanCode=0, metaState=0, flags=0x8, repeatCount=0, eventTime=4066839, downTime=4066839, deviceId=-1, source=0x101 }
W/ViewRootImpl( 1882): Cancelling event due to no window focus: KeyEvent { action=ACTION_UP, keyCode=KEYCODE_DPAD_DOWN, scanCode=0, metaState=0, flags=0x28, repeatCount=0, eventTime=4066861, downTime=4066861, deviceId=-1, source=0x101 }
W/ViewRootImpl( 1882): Cancelling event du