D/awcn.LocalDnsStrategyTable( 1217):  resolve ip by local dns failed host:umengjmacs.m.taobao.com
D/getConnStrategyListByHost( 1217): |[seq:host] umengjmacs.m.taobao.com:result []
E/accs.SpdyConnection( 1217):  0 connect strategys ip:106.11.61.109 port:80
E/accs.SpdyConnection( 1217):  0 connect strategys ip:106.11.61.109 port:443
D/accs.HttpDnsProvider( 1217):  updateStrategyPos StrategyPos:1
E/accs.SpdyConnection( 1217):  0 get ip from amdc succ:106.11.61.109:443 originPos:1
E/accs.SpdyConnection( 1217):  0 connect URL:https://106.11.61.109:443/accs/
E/accs.SpdyConnection( 1217):  0 connect normal
I/accs.SpdyConnection( 1217):  0 getDefaultHost:umengjmacs.m.taobao.com
I/tnet-jni( 1217): 106 -  create new session: 106.11.61.109:443
E/accs.SpdyConnection( 1217):  0 notifyStatus:CONNECTING
I/accs.SpdyConnection( 1217):  0 notifyStatus:CONNECTING handled
I/tnet-jni( 1217): 105 - [spdySessionFailedError] - 
I/tnet-jni( 1217): 105 - [SpdySessionCallBack.spdySessionFailedError] - org.android.spdy.SpdySession@9056678
D/tnet-jni( 1217): 105 - [SpdySession.cleanUp] - 
E/accs.SpdyConnection( 1217):  0 spdySessionFailedError, retryTimes:3 errorId:-2601
E/accs.SpdyConnection( 1217):  0 notifyStatus:DISCONNECTED
D/accs.OrangeAdapter( 1217):  isSmartHb result:true
D/accs.HeartbeatManager( 1217):  set 270
D/accs.HeartbeatManager( 1217):  onNetworkFail
D/accs.SpdyConnection( 1217):  try ping, force:false
E/accs.NetworkThread( 1217):  0 try connect fail, ready for reconnect
D/accs.SpdyConnection( 1217):  send message, PING delay:8998 dataId:85
I/accs.SpdyConnection( 1217):  0 notifyStatus:DISCONNECTED handled
D/accs.UTMini( 1217):  commitEvent fail java.lang.NoClassDefFoundError: Failed resolution of: Lcom/ut/mini/internal/UTOriginalCustomHitBuilder;
D/tnet-jni( 1217): 105 - [SpdySession.clearAllStreamCb] - 
D/tnet-jni( 1217): 105 - [SpdySession.cleanUp] - 
E/accs.NetworkThread( 1217):  0 try connect, force = false failTimes = 4
E/accs.NetworkThread( 1217):  0 try connect fail 4 times
D/accs.OrangeAdapter( 1217):  isSmartHb result:true
D/accs.HeartbeatManager( 1217):  set 270
E/accs.SpdyConnection( 1217):  0 force close!
D/tnet-jni( 1217): 106 - [SpdySession.closeSession] - 
E/accs.SpdyConnection( 1217):  0 notifyStatus:DISCONNECTED
I/accs.SpdyConnection( 1217):  0 ignore notifyStatus
D/accs.MessageHandler( 1217):  onError, skip ping/ack
E/accs.NetworkThread( 1217):  0 network disconnected, wait
I/accs.SilenceConn_umeng:56aadbf567e58e38d4000976( 1124):  0 getChannelHost:umengjmacs.m.taobao.com
I/awcn.StrategyCenter( 1124):  force refresh strategy host:umengjmacs.m.taobao.com
I/accs.SilenceConn_umeng:56aadbf567e58e38d4000976( 1124):  0 getChannelHost:umengjmacs.m.taobao.com
E/accs.SilenceConn_umeng:56aadbf567e58e38d4000976( 1124):  0 connect strategys ip:106.11.61.110 port:80
E/accs.SilenceConn_umeng:56aadbf567e58e38d4000976( 1124):  0 connect strategys ip:106.11.61.110 port:443
E/accs.SilenceConn_umeng:56aadbf567e58e38d4000976( 1124):  0 connect strategys ip:140.205.60.10 port:80
E/accs.SilenceConn_umeng:56aadbf567e58e38d4000976( 1124):  0 connect strategys ip:140.205.60.10 port:443
D/accs.HttpDnsProvider( 1124):  updateStrategyPos StrategyPos:3
E/accs.SilenceConn_umeng:56aadbf567e58e38d4000976( 1124):  0 get ip from amdc succ:140.205.60.10:443 originPos:3
E/accs.SilenceConn_umeng:56aadbf567e58e38d4000976( 1124):  0 connect URL:https://140.205.60.10:443/accs/
E/accs.SilenceConn_umeng:56aadbf567e58e38d4000976( 1124):  0 connect normal
I/accs.SilenceConn_umeng:56aadbf567e58e38d4000976( 1124):  0 getChannelHost:umengjmacs.m.taobao.com
I/accs.SilenceConn_umeng:56aadbf567e58e38d4000976( 1124):  use custom pub key pubKey:11
I/tnet-jni( 1124): 105 -  create new session: 140.205.60.10:443
E/accs.SilenceConn_umeng:56aadbf567e58e38d4000976( 1124):  0 notifyStatus:CONNECTING
I/accs.SilenceConn_umeng:56aadbf567e58e38d4000976( 1124):  0 notifyStatus:CONNECTING handled
I/tnet-jni( 1124): 101 - [spdySessionFailedError] - 
I/tnet-jni( 1124): 101 - [SpdySessionCallBack.spdySessionFailedError] - org.android.spdy.SpdySession@2910f562
D/tnet-jni( 1124): 101 - [SpdySession.cleanUp] - 
E/accs.SilenceConn_umeng:56aadbf567e58e38d4000976( 1124):  0 spdySessionFailedError, retryTimes:3 errorId:-2601
E/accs.SilenceConn_umeng:56aadbf567e58e38d4000976( 1124):  0 notifyStatus:DISCONNECTED
D/accs.OrangeAdapter( 1124):  isSmartHb result:true
D/accs.HeartbeatManager( 1124):  set 270
D/accs.HeartbeatManager( 1124):  onNetworkFail
D/accs.SilenceConn_umeng:56aadbf567e58e38d4000976( 1124):  try ping, force:false
E/accs.NetworkThread_umeng:56aadbf567e58e38d4000976( 1124):  0 try connect fail, ready for reconnect
D/accs.SilenceConn_umeng:56aadbf567e58e38d4000976( 1124):  send message, PING delay:44 dataId:77
I/accs.SilenceConn_umeng:56aadbf567e58e38d4000976( 1124):  0 notifyStatus:DISCONNECTED handled
D/accs.UTMini( 1124):  commitEvent fail java.lang.NoClassDefFoundError: Failed resolution of: Lcom/ut/mini/internal/UTOriginalCustomHitBuilder;
D/tnet-jni( 1124): 101 - [SpdySession.clearAllStreamCb] - 
D/tnet-jni( 1124): 101 - [SpdySession.cleanUp] - 
E/accs.NetworkThread_umeng:56aadbf567e58e38d4000976( 1124):  0 try connect, force = false failTimes = 4
E/accs.NetworkThread_umeng:56aadbf567e58e38d4000976( 1124):  0 try connect fail 4 times
D/accs.OrangeAdapter( 1124):  isSmartHb result:true
D/accs.HeartbeatManager( 1124):  set 270
E/accs.SilenceConn_umeng:56aadbf567e58e38d4000976( 1124):  0 force close!
D/tnet-jni( 1124): 105 - [SpdySession.closeSession] - 
E/accs.SilenceConn_umeng:56aadbf567e58e38d4000976( 1124):  0 notifyStatus:DISCONNECTED
I/accs.SilenceConn_umeng:56aadbf567e58e38d4000976( 1124):  0 ignore notifyStatus
D/accs.MsgRecv_umeng:56aadbf567e58e38d4000976( 1124):  onError, skip ping/ack
E/accs.NetworkThread_umeng:56aadbf567e58e38d4000976( 1124):  0 network disconnected, wait
D/accs.NetworkThread_umeng:56aadbf567e58e38d4000976( 1124):  ready to get message
D/accs.NetworkThread_umeng:56aadbf567e58e38d4000976( 1124):  try get message
D/accs.NetworkThread_umeng:56aadbf567e58e38d4000976( 1124):  send message not null
I/accs.NetworkThread_umeng:56aadbf567e58e38d4000976( 1124):  0 send:PING status:3
D/accs.OrangeAdapter( 1124):  isSmartHb result:true
E/accs.NetworkThread_umeng:56aadbf567e58e38d4000976( 1124):  0 try connect, force = false failTimes = 4
E/accs.NetworkThread_umeng:56aadbf567e58e38d4000976( 1124):  0 try connect fail 4 times
D/accs.OrangeAdapter( 1124):  isSmartHb result:true
D/accs.HeartbeatManager( 1124):  set 270
D/accs.NetworkThread_umeng:56aadbf567e58e38d4000976( 1124):  send succ, remove it
D/accs.NetworkThread_umeng:56aadbf567e58e38d4000976( 1124):  ready to get message
D/accs.NetworkThread_umeng:56aadbf567e58e38d4000976( 1124):  no message, wait
I/art     (  636): Explicit concurrent mark sweep GC freed 3621(188KB) AllocSpace objects, 0(0B) LOS objects, 39% free, 8MB/14MB, paused 257us total 10.633ms
I/art     (  527): Explicit concurrent mark sweep GC freed 6480(272KB) AllocSpace objects, 0(0B) LOS objects, 33% free, 10MB/15MB, paused 904us total 17.841ms
I/art     (  636): Explicit concurrent mark sweep GC freed 3621(188KB) AllocSpace objects, 0(0B) LOS objects, 39% free, 8MB/14MB, paused 236us total 11.019ms
D/accs.NetworkThread( 1217):  ready to get message
D/accs.NetworkThread( 1217):  try get message
D/accs.NetworkThread( 1217):  send message not null
I/accs.NetworkThread( 1217):  0 send:PING status:3
D/accs.OrangeAdapter( 1217):  isSmartHb result:true
E/accs.NetworkThread( 1217):  0 try connect, force = false failTimes = 4
E/accs.NetworkThread( 1217):  0 try connect fail 4 times
D/accs.OrangeAdapter( 1217):  isSmartHb result:true
D/accs.HeartbeatManager( 1217):  set 270
D/accs.NetworkThread( 1217):  send succ, remove it
D/accs.NetworkThread( 1217):  ready to get message
D/accs.NetworkThread( 1217):  no message, wait
I/art     (  527): Explicit concurrent mark sweep GC freed 5659(221KB) AllocSpace objects, 0(0B) LOS objects, 33% free, 10MB/15MB, paused 412us total 20.893ms
I/art     (  636): Explicit concurrent mark sweep GC freed 3947(201KB) AllocSpace objects, 0(0B) LOS objects, 39% free, 8MB/14MB, paused 567us total 13.470ms
I/art     (  527): Explicit concurrent mark sweep GC freed 5479(213KB) AllocSpace objects, 0(0B) LOS objects, 33% free, 10MB/15MB, paused 609us total 17.351ms
I/art     (  636): Explicit concurrent mark sweep GC freed 3632(188KB) AllocSpace objects, 0(0B) LOS objects, 39% free, 8MB/14MB, paused 612us total 10.839ms
I/art     (  527): Explicit concurrent mark sweep GC freed 5439(210KB) AllocSpace objects, 0(0B) LOS objects, 33% free, 10MB/15MB, paused 555us total 23.929ms
I/art     (  636): Explicit concurrent mark sweep GC freed 3621(188KB) AllocSpace objects, 0(0B) LOS objects, 39% free, 8MB/14MB, paused 732us total 12.829ms
I/art     (  527): Explicit concurrent mark sweep GC freed 5434(210KB) AllocSpace objects, 0(0B) LOS objects, 33% free, 10MB/15MB, paused 321us total 16.869ms
I/art     (  636): Explicit concurrent mark sweep GC freed 3621(188KB) AllocSpace objects, 0(0B) LOS objects, 39% free, 8MB/14MB, paused 271us total 9.952ms
I/art     (  527): Explicit concurrent mark sweep GC freed 5436(210KB) AllocSpace objects, 0(0B) LOS objects, 33% free, 10MB/15MB, paused 822us total 18.197ms
I/art     (  636): Explicit concurrent mark sweep GC freed 3621(188KB) AllocSpace objects, 0(0B) LOS objects, 39% free, 8MB/14MB, paused 535us total 11.166ms
I/art     (  527): Explicit concurrent mark sweep GC freed 5433(210KB) AllocSpace objects, 0(0B) LOS objects, 33% free, 10MB/15MB, paused 346us total 16.316ms
I/art     (  636): Explicit concurrent mark sweep GC freed 3621(188KB) AllocSpace objects, 0(0B) LOS objects, 39% free, 8MB/14MB, paused 553us total 12.060ms
I/art     (  527): Explicit concurrent mark sweep GC freed 5649(239KB) AllocSpace objects, 0(0B) LOS objects, 33% free, 10MB/15MB, paused 612us total 17.915ms
I/art     (  636): Explicit concurrent mark sweep GC freed 3621(188KB) AllocSpace objects, 0(0B) LOS objects, 39% free, 8MB/14MB, paused 453us total 11.431ms
I/art     (  527): Explicit concurrent mark sweep GC freed 5437(210KB) AllocSpace objects, 0(0B) LOS objects, 33% free, 10MB/15MB, paused 635us total 17.173ms
I/art     (  636): Explicit concurrent mark sweep GC freed 3621(188KB) AllocSpace objects, 0(0B) LOS objects, 39% free, 8MB/14MB, paused 481us total 9.897ms
I/art     (  527): Explicit concurrent mark sweep GC freed 5433(210KB) AllocSpace objects, 0(0B) LOS objects, 33% free, 10MB/15MB, paused 624us total 17.563ms
I/art     (  636): Explicit concurrent mark sweep GC freed 3621(188KB) AllocSpace objects, 0(0B) LOS objects, 39% free, 8MB/14MB, paused 345us total 14.519ms
I/art     (  527): Explicit concurrent mark sweep GC freed 5433(210KB) AllocSpace objects, 0(0B) LOS objects, 33% free, 10MB/15MB, paused 810us total 17.154ms
I/art     (  636): Explicit concurrent mark sweep GC freed 3621(188KB) AllocSpace objects, 0(0B) LOS objects, 39% free, 8MB/14MB, paused 209us total 11.629ms
I/art     (  527): Explicit concurrent mark sweep GC freed 5433(210KB) AllocSpace objects, 0(0B) LOS objects, 33% free, 10MB/15MB, paused 983us total 25.019ms
I/art     (  636): Explicit concurrent mark sweep GC freed 3621(188KB) AllocSpace objects, 0(0B) LOS objects, 39% free, 8MB/14MB, paused 653us total 10.953ms
I/art     (  527): Explicit concurrent mark sweep GC freed 5522(213KB) AllocSpace objects, 0(0B) LOS objects, 33% free, 10MB/15MB, paused 622us total 18.875ms
I/art     (  636): Explicit concurrent mark sweep GC freed 3947(201KB) AllocSpace objects, 0(0B) LOS objects, 39% free, 8MB/14MB, paused 276us total 11.064ms
I/art     (  527): Explicit concurrent mark sweep GC freed 5471(213KB) AllocSpace objects, 0(0B) LOS objects, 33% free, 10MB/15MB, paused 711us total 18.550ms
I/art     (  636): Explicit concurrent mark sweep GC freed 3641(189KB) AllocSpace objects, 0(0B) LOS objects, 39% free, 8MB/14MB, paused 607us total 11.358ms
I/art     (  527): Explicit concurrent mark sweep GC freed 5441(210KB) AllocSpace objects, 0(0B) LOS objects, 33% free, 10MB/15MB, paused 999us total 19.988ms
I/art     (  636): Explicit concurrent mark sweep GC freed 3621(188KB) AllocSpace objects, 0(0B) LOS objects, 39% free, 8MB/14MB, paused 441us total 11.139ms
I/art     (  527): Explicit concurrent mark sweep GC freed 5433(210KB) AllocSpace objects, 0(0B) LOS objects, 33% free, 10MB/15MB, paused 916us total 19.188ms
I/art     (  636): Explicit concurrent mark sweep GC freed 3621(188KB) AllocSpace objects, 0(0B) LOS objects, 39% free, 8MB/14MB, paused 289us total 11.512ms
D/Genyd   (  116): Received Set Clipboard
D/Genymotion(  116): Received Set Clipboard
I/art     (  527): Explicit concurrent mark sweep GC freed 5506(214KB) AllocSpace objects, 0(0B) LOS objects, 33% free, 10MB/15MB, paused 623us total 18.403ms
I/art     (  636): Explicit concurrent mark sweep GC freed 3621(188KB) AllocSpace objects, 0(0B) LOS objects, 39% free, 8MB/14MB, paused 223us total 10.695ms
I/art     (  527): Explicit concurrent mark sweep GC freed 5433(210KB) AllocSpace objects, 0(0B) LOS objects, 33% free, 10MB/15MB, paused 546us total 29.169ms
I/art     (  636): Explicit concurrent mark sweep GC freed 3621(188KB) AllocSpace objects, 0(0B) LOS objects, 39% free, 8MB/14MB, paused 212us total 10.626ms
I/art     (  527): Explicit concurrent mark sweep GC freed 5433(210KB) AllocSpace objects, 0(0B) LOS objects, 33% free, 10MB/15MB, paused 708us total 18.269ms
I/art     (  636): Explicit concurrent mark sweep GC freed 3621(188KB) AllocSpace objects, 0(0B) LOS objects, 39% free, 8MB/14MB, paused 572us total 10.165ms
I/art     (  527): Explicit concurrent mark sweep GC freed 5649(239KB) AllocSpace objects, 0(0B) LOS objects, 33% free, 10MB/15MB, paused 903us total 49.054ms
I/art     (  636): Explicit concurrent mark sweep GC freed 3621(188KB) AllocSpace objects, 0(0B) LOS objects, 39% free, 8MB/14MB, paused 857us total 21.772ms
I/art     (  527): Explicit concurrent mark sweep GC freed 5437(210KB) AllocSpace objects, 0(0B) LOS objects, 33% free, 10MB/15MB, paused 890us total 19.170ms
I/art     (  636): Explicit concurrent mark sweep GC freed 3621(188KB) AllocSpace objects, 0(0B) LOS objects, 39% free, 8MB/14MB, paused 484us total 10.900ms
I/art     (  527): Explicit concurrent mark sweep GC freed 5433(210KB) AllocSpace objects, 0(0B) LOS objects, 33% free, 10MB/15MB, paused 410us total 17.930ms
I/art     (  636): Explicit concurrent mark sweep GC freed 3621(188KB) AllocSpace objects, 0(0B) LOS objects, 39% free, 8MB/14MB, paused 327us total 12.044ms
I/art     (  527): Explicit concurrent mark sweep GC freed 5476(212KB) AllocSpace objects, 0(0B) LOS objects, 33% free, 10MB/15MB, paused 371us total 17.311ms
I/art     (  636): Explicit concurrent mark sweep GC freed 3621(188KB) AllocSpace objects, 0(0B) LOS objects, 39% free, 8MB/14MB, paused 252us total 10.962ms
I/art     (  527): Explicit concurrent mark sweep GC freed 5473(213KB) AllocSpace objects, 0(0B) LOS objects, 33% free, 10MB/15MB, paused 673us total 17.064ms
I/art     (  636): Explicit concurrent mark sweep GC freed 3621(188KB) AllocSpace objects, 0(0B) LOS objects, 39% free, 8MB/14MB, paused 490us total 10.915ms
I/art     (  527): Explicit concurrent mark sweep GC freed 5524(213KB) AllocSpace objects, 0(0B) LOS objects, 33% free, 10MB/15MB, paused 747us total 17.761ms
I/art     (  636): Explicit concurrent mark sweep GC freed 3947(201KB) AllocSpace objects, 0(0B) LOS objects, 39% free, 8MB/14MB, paused 319us total 14.460ms
I/art     (  527): Explicit concurrent mark sweep GC freed 5475(213KB) AllocSpace objects, 0(0B) LOS objects, 33% free, 10MB/15MB, paused 937us total 17.980ms
I/art     (  636): Explicit concurrent mark sweep GC freed 3641(189KB) AllocSpace objects, 0(0B) LOS objects, 39% free, 8MB/14MB, paused 520us total 16.187ms
I/art     (  527): Explicit concurrent mark sweep GC freed 5438(210KB) AllocSpace objects, 0(0B) LOS objects, 33% free, 10MB/15MB, paused 617us total 17.802ms
I/art     (  636): Explicit concurrent mark sweep GC freed 3621(188KB) AllocSpace objects, 0(0B) LOS objects, 39% free, 8MB/14MB, paused 307us total 9.785ms
I/art     (  527): Explicit concurrent mark sweep GC freed 5433(210KB) AllocSpace objects, 0(0B) LOS objects, 33% free, 10MB/15MB, paused 1.290ms total 25.340ms
I/art     (  636): Explicit concurrent mark sweep GC freed 3621(188KB) AllocSpace objects, 0(0B) LOS objects, 39% free, 8MB/14MB, paused 231us total 10.864ms
I/art     (  527): Explicit concurrent mark sweep GC freed 5433(210KB) AllocSpace objects, 0(0B) LOS objects, 33% free, 10MB/15MB, paused 574us total 26.849ms
I/art     (  636): Explicit concurrent mark sweep GC freed 3621(188KB) AllocSpace objects, 0(0B) LOS objects, 39% free, 8MB/14MB, paused 529us total 10.223ms
I/art     (  527): Explicit concurrent mark sweep GC freed 5433(210KB) AllocSpace objects, 0(0B) LOS objects, 33% free, 10MB/15MB, paused 741us total 17.269ms
I/art     (  636): Explicit concurrent mark sweep GC freed 3621(188KB) AllocSpace objects, 0(0B) LOS objects, 39% free, 8MB/14MB, paused 405us total 10.127ms
I/art     (  527): Explicit concurrent mark sweep GC freed 5649(239KB) AllocSpace objects, 0(0B) LOS objects, 33% free, 10MB/15MB, paused 594us total 17.432ms
I/art     (  636): Explicit concurrent mark sweep GC freed 3621(188KB) AllocSpace objects, 0(0B) LOS objects, 39% free, 8MB/14MB, paused 517us total 12.429ms
I/art     (  527): Explicit concurrent mark sweep GC freed 5437(210KB) AllocSpace objects, 0(0B) LOS objects, 33% free, 10MB/15MB, paused 867us total 19.079ms
I/art     (  636): Explicit concurrent mark sweep GC freed 3621(188KB) AllocSpace objects, 0(0B) LOS objects, 39% free, 8MB/14MB, paused 971us total 12.377ms
I/art     (  527): Explicit concurrent mark sweep GC freed 5433(210KB) AllocSpace objects, 0(0B) LOS objects, 33% free, 10MB/15MB, paused 700us total 17.950ms
I/art     (  636): Explicit concurrent mark sweep GC freed 3621(188KB) AllocSpace objects, 0(0B) LOS objects, 39% free, 8MB/14MB, paused 255us total 10.858ms
I/art     (  527): Explicit concurrent mark sweep GC freed 5433(210KB) AllocSpace objects, 0(0B) LOS objects, 33% free, 10MB/15MB, paused 636us total 19.378ms
I/art     (  636): Explicit concurrent mark sweep GC freed 3621(188KB) AllocSpace objects, 0(0B) LOS objects, 39% free, 8MB/14MB, paused 186us total 10.336ms
I/art     (  527): Explicit concurrent mark sweep GC freed 5433(210KB) AllocSpace objects, 0(0B) LOS objects, 33% free, 10MB/15MB, paused 878us total 19.053ms
I/art     (  636): Explicit concurrent mark sweep GC freed 3621(188KB) AllocSpace objects, 0(0B) LOS objects, 39% free, 8MB/14MB, paused 241us total 10.554ms
I/art     (  527): Explicit concurrent mark sweep GC freed 5519(213KB) AllocSpace objects, 0(0B) LOS objects, 33% free, 10MB/15MB, paused 1.118ms total 20.087ms
I/art     (  636): Explicit concurrent mark sweep GC freed 3946(201KB) AllocSpace objects, 0(0B) LOS objects, 39% free, 8MB/14MB, paused 419us total 11.439ms
I/art     (  527): Explicit concurrent mark sweep GC freed 5475(213KB) AllocSpace objects, 0(0B) LOS objects, 33% free, 10MB/15MB, paused 427us total 17.982ms
I/art     (  636): Explicit concurrent mark sweep GC freed 3641(189KB) AllocSpace objects, 0(0B) LOS objects, 39% free, 8MB/14MB, paused 422us total 10.784ms
I/art     (  527): Explicit concurrent mark sweep GC freed 5437(210KB) AllocSpace objects, 0(0B) LOS objects, 33% free, 10MB/15MB, paused 564us total 18.044ms
I/art     (  636): Explicit concurrent mark sweep GC freed 3621(188KB) AllocSpace objects, 0(0B) LOS objects, 39% free, 8MB/14MB, paused 235us total 10.329ms
I/art     (  527): Explicit concurrent mark sweep GC freed 5436(210KB) AllocSpace objects, 0(0B) LOS objects, 33% free, 10MB/15MB, paused 971us total 18.368ms
I/art     (  636): Explicit concurrent mark sweep GC freed 3621(188KB) AllocSpace objects, 0(0B) LOS objects, 39% free, 8MB/14MB, paused 213us total 9.802ms
I/art     (  527): Explicit concurrent mark sweep GC freed 5433(210KB) AllocSpace objects, 0(0B) LOS objects, 33% free, 10MB/15MB, paused 593us total 17.216ms
I/art     (  636): Explicit concurrent mark sweep GC freed 3621(188KB) AllocSpace objects, 0(0B) LOS objects, 39% free, 8MB/14MB, paused 127us total 10.176ms
I/art     (  527): Explicit concurrent mark sweep GC freed 5433(210KB) AllocSpace objects, 0(0B) LOS objects, 33% free, 10MB/15MB, paused 449us total 22.532ms
I/art     (  636): Explicit concurrent mark sweep GC freed 3621(188KB) AllocSpace objects, 0(0B) LOS objects, 39% free, 8MB/14MB, paused 381us total 11.532ms
I/art     (  527): Explicit concurrent mark sweep GC freed 5649(239KB) AllocSpace objects, 0(0B) LOS objects, 33% free, 10MB/15MB, paused 412us total 17.915ms
I/art     (  636): Explicit concurrent mark sweep GC freed 3621(188KB) AllocSpace objects, 0(0B) LOS objects, 39% free, 8MB/14MB, paused 298us total 17.715ms
I/art     (  527): Explicit concurrent mark sweep GC freed 5437(210KB) AllocSpace objects, 0(0B) LOS objects, 33% free, 10MB/15MB, paused 619us total 18.271ms
I/art     (  636): Explicit concurrent mark sweep GC freed 3621(188KB) AllocSpace objects, 0(0B) LOS objects, 39% free, 8MB/14MB, paused 358us total 21.290ms
I/art     (  527): Explicit concurrent mark sweep GC freed 5433(210KB) AllocSpace objects, 0(0B) LOS objects, 33% free, 10MB/15MB, paused 907us total 31.145ms
I/art     (  636): Explicit concurrent mark sweep GC freed 3621(188KB) AllocSpace objects, 0(0B) LOS objects, 39% free, 8MB/14MB, paused 299us total 10.079ms
I/art     (  527): Explicit concurrent mark sweep GC freed 5433(210KB) AllocSpace objects, 0(0B) LOS objects, 33% free, 10MB/15MB, paused 581us total 29.728ms
I/art     (  636): Explicit concurrent mark sweep GC freed 3621(188KB) AllocSpace objects, 0(0B) LOS objects, 39% free, 8MB/14MB, paused 605us total 10.267ms
I/art     (  527): Explicit concurrent mark sweep GC freed 5433(210KB) AllocSpace objects, 0(0B) LOS objects, 33% free, 10MB/15MB, paused 771us total 26.095ms
I/art     (  636): Explicit concurrent mark sweep GC freed 3621(188KB) AllocSpace objects, 0(0B) LOS objects, 39% free, 8MB/14MB, paused 1.629ms total 24.094ms
I/art     (  527): Explicit concurrent mark sweep GC freed 5520(213KB) AllocSpace objects, 0(0B) LOS objects, 33% free, 10MB/15MB, paused 353us total 18.632ms
I/art     (  636): Explicit concurrent mark sweep GC freed 3946(201KB) AllocSpace objects, 0(0B) LOS objects, 39% free, 8MB/14MB, paused 430us total 10.450ms
D/AndroidRuntime( 3788): >>>>>> START com.android.internal.os.RuntimeInit uid 0 <<<<<<
D/AndroidRuntime( 3788): CheckJNI is OFF
E/memtrack( 3788): Couldn't load memtrack module (No such file or directory)
E/android.os.Debug( 3788): failed to load memtrack module: -2
D/AndroidRuntime( 3788): Calling main entry com.android.commands.pm.Pm
I/art     ( 3788): System.exit called, status: 0
I/AndroidRuntime( 3788): VM exiting with result code 0.
I/art     (  527): Explicit concurrent mark sweep GC freed 5651(230KB) AllocSpace objects, 0(0B) LOS objects, 33% free, 10MB/15MB, paused 560us total 17.201ms
I/art     (  636): Explicit concurrent mark sweep GC freed 3641(189KB) AllocSpace objects, 0(0B) LOS objects, 39% free, 8MB/14MB, paused 226us total 10.290ms
D/PhoneStatusBar(  636): disable: < expand ICONS* alerts SYSTEM_INFO* back home recent clock search >
W/EGL_emulation(  636): eglSurfaceAttrib not implemented
W/OpenGLRenderer(  636): Failed to set EGL_SWAP_BEHAVIOR on surface 0xee8c1420, error=EGL_SUCCESS
I/art     (  527): Explicit concurrent mark sweep GC freed 5605(218KB) AllocSpace objects, 0(0B) LOS objects, 33% free, 10MB/15MB, paused 472us total 36.737ms
I/art     (  636): Explicit concurrent mark sweep GC freed 4478(220KB) AllocSpace objects, 0(0B) LOS objects, 39% free, 8MB/14MB, paused 304us total 16.275ms
W/AudioTrack(  527): AUDIO_OUTPUT_FLAG_FAST denied by client
W/Settings(  741): Setting airplane_mode_on has moved from android.provider.Settings.System to android.provider.Settings.Global, returning read-only value.
E/WifiStateMachine(  527): Failed to reload STA firmware java.lang.IllegalArgumentException: command '83 softap fwreload eth1 STA' failed with '501 83 SoftAP command has failed'
D/CommandListener(  118): Setting iface cfg
D/CommandListener(  118): Trying to bring down eth1
D/CommandListener(  118): Clearing all IP addresses on eth1
E/WifiMonitor(  527): killSupplicant p2pfalse init.svc.wpa_supplicant=unknown init.svc.p2p_supplicant=unknown
D/WifiMonitor(  527): startMonitoring(eth1) with mConnected = false
D/GpsLocationProvider(  527): received SIM realted action: 
I/wpa_supplicant( 3808): Successfully initialized wpa_supplicant
D/GpsLocationProvider(  527): SIM MCC/MNC is available: 310270
D/GpsLocationProvider(  527): Reset GPS properties, previous size = 8
D/GpsLocationProvider(  527): GpsParamsResource: SUPL_HOST=supl.google.com
D/GpsLocationProvider(  527): GpsParamsResource: SUPL_PORT=7275
D/GpsLocationProvider(  527): GpsParamsResource: NTP_SERVER=north-america.pool.ntp.org
D/GpsLocationProvider(  527): GpsParamsResource: SUPL_VER=0x20000
D/GpsLocationProvider(  527): GpsParamsResource: SUPL_MODE=1
D/MccTable(  741): updateMccMncConfiguration mccmnc='310260' fromServiceState=true
D/GpsLocationProvider(  527): GPS properties reloaded, size = 8
E/GpsLocationProvider(  527): no AGPS interface in set_agps_server
E/GpsLocationProvider(  527): no GPS configuration interface in configuraiton_update
D/GpsLocationProvider(  527): final config = #Sat Jan 13 02:49:15 EST 2018
D/GpsLocationProvider(  527): SUPL_VER=0x20000
D/GpsLocationProvider(  527): SUPL_HOST=supl.google.com
D/GpsLocationProvider(  527): XTRA_SERVER_3=http\://xtra3.gpsonextra.net/xtra.bin
D/GpsLocationProvider(  527): XTRA_SERVER_1=http\://xtra1.gpsonextra.net/xtra.bin
D/GpsLocationProvider(  527): SUPL_PORT=7276
D/GpsLocationProvider(  527): XTRA_SERVER_2=http\://xtra2.gpsonextra.net/xtra.bin
D/GpsLocationProvider(  527): NTP_SERVER=north-america.pool.ntp.org
D/GpsLocationProvider(  527): SUPL_MODE=1
D/MccTable(  741): updateMccMncConfiguration defaultMccMnc=310270
D/MccTable(  741): updateMccMncConfiguration: mcc=310, mnc=260
D/MccTable(  741): defaultLanguageForMcc(310): country us uses en
D/MccTable(  741): getLocaleFromMcc to en_us mcc=310
D/MccTable(  741): getLocaleForLanguageCountry: skipping already persisted
D/MccTable(  741): WIFI_COUNTRY_CODE set to us
I/WifiService(  527): WifiService trying to set country code to us with persist set to true
D/AlarmManagerService(  527): Kernel timezone updated to 300 minutes west of GMT
I/Telephony(  741): PstnIncomingCallNotifier: Unregistering: Handler (com.android.internal.telephony.gsm.GSMPhone) {1f3b226b}
D/WifiConfigStore(  527): Loading config and enabling all networks 
V/KeyguardUpdateMonitor(  636): onSubscriptionInfoChanged()
V/KeyguardUpdateMonitor(  636): SubInfo:{id=1, iccId=89014103211118510720 simSlotIndex=0 displayName=Android carrierName=Android nameSource=0 iconTint=-16746133 dataRoaming=0 iconBitmap=android.graphics.Bitmap@951f98d mcc 310 mnc 270}
D/WifiConfigStore(  527): Setting DHCP for SSID "WiredSSID"
E/WifiConfigStore(  527): Error parsing configuration: java.io.FileNotFoundException: /data/misc/wifi/ipconfig.txt: open failed: ENOENT (No such file or directory)
I/Telephony(  741): PstnIncomingCallNotifier: Registering: Handler (com.android.internal.telephony.gsm.GSMPhone) {1f3b226b}
E/wpa_supplicant( 3808): Line -1: too long model_name (len=40 max_len=32)
E/wpa_supplicant( 3808): Line -1: failed to parse 'model_name=Custom Phone - 5.1.0 - API 22 - 768x1280'.
E/WifiStateMachine(  527): Failed to set model name Custom Phone - 5.1.0 - API 22 - 768x1280
I/wpa_supplicant( 3808): wpa_supplicant_ctrl_iface_process truncated from 'IFNAME=eth1 SET model_number Custom Phone - 5.1.0 - API 22 - 768x1280' to : 'SET model_number Custom Phone - 5.1.0 - API 22 - 768x1280'
E/wpa_supplicant( 3808): Line -1: too long model_number (len=40 max_len=32)
E/wpa_supplicant( 3808): Line -1: failed to parse 'model_number=Custom Phone - 5.1.0 - API 22 - 768x1280'.
E/WifiStateMachine(  527): Failed to set model number Custom Phone - 5.1.0 - API 22 - 768x1280
I/Telephony(  741): PstnIncomingCallNotifier: Unregistering: Handler (com.android.internal.telephony.gsm.GSMPhone) {1f3b226b}
D/WifiNative-HAL(  527): Setting external_sim to 1
D/WifiStateMachine(  527): Setting OUI to DA-A1-19
I/WifiNative-HAL(  527): startHal
E/native  (  527): do suspend false
I/Telephony(  741): PstnIncomingCallNotifier: Registering: Handler (com.android.internal.telephony.gsm.GSMPhone) {1f3b226b}
D/WifiScanningService(  527): SCAN_AVAILABLE : 3
I/wpa_supplicant( 3808): eth1: Trying to associate with SSID 'WiredSSID'
D/RttService(  527): SCAN_AVAILABLE : 3
D/WifiScanningService(  527): DefaultState got{ when=-1ms what=160006 target=com.android.internal.util.StateMachine$SmHandler }
I/WifiNative-HAL(  527): startHal
E/WifiScanningService(  527): could not start HAL
D/RttService(  527): DefaultState got{ when=-1ms what=160512 target=com.android.internal.util.StateMachine$SmHandler }
I/wpa_supplicant( 3808): eth1: Associated with 01:80:c2:00:00:03
I/wpa_supplicant( 3808): eth1: CTRL-EVENT-CONNECTED - Connection to 01:80:c2:00:00:03 completed [id=0 id_str=]
E/WifiStateMachine(  527): Failed to set country code US
E/WifiStateMachine(  527): Failed to set frequency band 0
D/ConnectivityService(  527): registerNetworkAgent NetworkAgentInfo{ ni{[type: WIFI[], state: CONNECTING/CONNECTING, reason: (unspecified), extra: 0x, roaming: false, failover: false, isAvailable: true, isConnectedToProvisioningNetwork: false]}  network{null}  lp{{InterfaceName: eth1 LinkAddresses: []  Routes: [] DnsAddresses: [] Domains: null MTU: 0 TcpBufferSizes: 524288,1048576,2097152,262144,524288,1048576}}  nc{[ Transports: WIFI Capabilities: INTERNET&NOT_RESTRICTED&TRUSTED&NOT_VPN LinkUpBandwidth>=1048576Kbps LinkDnBandwidth>=1048576Kbps]}  Score{20}  everValidated{false}  lastValidated{false}  created{false}  explicitlySelected{false} }
D/ConnectivityService(  527): NetworkAgentInfo [WIFI () - 104] EVENT_NETWORK_INFO_CHANGED, going from null to CONNECTING
E/WifiConfigStore(  527): saveWifiConfigBSSID Setting BSSID for "WiredSSID"NONE to any
E/WifiConfigStore(  527): saveWifiConfigBSSID Setting BSSID for "WiredSSID"NONE to any
D/CommandListener(  118): Setting iface cfg
E/WifiStateMachine(  527): Start Dhcp Watchdog 5
D/ConnectivityService(  527): updateNetworkScore for NetworkAgentInfo [WIFI () - 104] to 56
E/native  (  527): do suspend false
E/WifiStateMachine(  527): Unexpected BatchedScanResults :null
D/MccTable(  741): updateMccMncConfiguration mccmnc='310270' fromServiceState=false
D/MccTable(  741): updateMccMncConfiguration defaultMccMnc=310270
D/MccTable(  741): updateMccMncConfiguration: mcc=310, mnc=270
D/MccTable(  741): defaultLanguageForMcc(310): country us uses en
D/MccTable(  741): getLocaleFromMcc to en_us mcc=310
D/MccTable(  741): getLocaleForLanguageCountry: skipping already persisted
D/MccTable(  741): updateMccMncConfiguration updateConfig config={1.0 310mcc270mnc ?locale ?layoutDir ?swdp ?wdp ?hdp ?density ?lsize ?long ?orien ?uimode ?night ?touch ?keyb/?/? ?nav/?}
D/GpsLocationProvider(  527): received SIM realted action: 
D/MccTable(  741): updateMccMncConfiguration mccmnc='310270' fromServiceState=false
D/MccTable(  741): updateMccMncConfiguration defaultMccMnc=310270
D/MccTable(  741): updateMccMncConfiguration: mcc=310, mnc=270
D/MccTable(  741): defaultLanguageForMcc(310): country us uses en
D/MccTable(  741): getLocaleFromMcc to en_us mcc=310
D/MccTable(  741): getLocaleForLanguageCountry: skipping already persisted
D/MccTable(  741): updateMccMncConfiguration updateConfig config={1.0 310mcc270mnc ?locale ?layoutDir ?swdp ?wdp ?hdp ?density ?lsize ?long ?orien ?uimode ?night ?touch ?keyb/?/? ?nav/?}
D/GpsLocationProvider(  527): SIM MCC/MNC is available: 310270
D/GpsLocationProvider(  527): Reset GPS properties, previous size = 8
D/GpsLocationProvider(  527): GpsParamsResource: SUPL_HOST=supl.google.com
D/GpsLocationProvider(  527): GpsParamsResource: SUPL_PORT=7275
D/GpsLocationProvider(  527): GpsParamsResource: NTP_SERVER=north-america.pool.ntp.org
D/GpsLocationProvider(  527): GpsParamsResource: SUPL_VER=0x20000
D/GpsLocationProvider(  527): GpsParamsResource: SUPL_MODE=1
D/GpsLocationProvider(  527): GPS properties reloaded, size = 8
E/GpsLocationProvider(  527): no AGPS interface in set_agps_server
E/GpsLocationProvider(  527): no GPS configuration interface in configuraiton_update
D/GpsLocationProvider(  527): final config = #Sat Jan 13 02:49:16 EST 2018
D/GpsLocationProvider(  527): SUPL_VER=0x20000
D/GpsLocationProvider(  527): SUPL_HOST=supl.google.com
D/GpsLocationProvider(  527): XTRA_SERVER_3=http\://xtra3.gpsonextra.net/xtra.bin
D/GpsLocationProvider(  527): XTRA_SERVER_1=http\://xtra1.gpsonextra.net/xtra.bin
D/GpsLocationProvider(  527): SUPL_PORT=7276
D/GpsLocationProvider(  527): XTRA_SERVER_2=http\://xtra2.gpsonextra.net/xtra.bin
D/GpsLocationProvider(  527): NTP_SERVER=north-america.pool.ntp.org
D/GpsLocationProvider(  527): SUPL_MODE=1
V/KeyguardUpdateMonitor(  636): action android.intent.action.SIM_STATE_CHANGED state: IMSI slotId: 0 subid: 1
D/GpsLocationProvider(  527): received SIM realted action: 
D/GpsLocationProvider(  527): SIM MCC/MNC is available: 310270
D/GpsLocationProvider(  527): Reset GPS properties, previous size = 8
D/GpsLocationProvider(  527): GpsParamsResource: SUPL_HOST=supl.google.com
D/GpsLocationProvider(  527): GpsParamsResource: SUPL_PORT=7275
D/GpsLocationProvider(  527): GpsParamsResource: NTP_SERVER=north-america.pool.ntp.org
D/GpsLocationProvider(  527): GpsParamsResource: SUPL_VER=0x20000
D/GpsLocationProvider(  527): GpsParamsResource: SUPL_MODE=1
D/GpsLocationProvider(  527): GPS properties reloaded, size = 8
E/GpsLocationProvider(  527): no AGPS interface in set_agps_server
E/GpsLocationProvider(  527): no GPS configuration interface in configuraiton_update
D/GpsLocationProvider(  527): final config = #Sat Jan 13 02:49:16 EST 2018
D/GpsLocationProvider(  527): SUPL_VER=0x20000
D/GpsLocationProvider(  527): SUPL_HOST=supl.google.com
D/GpsLocationProvider(  527): XTRA_SERVER_3=http\://xtra3.gpsonextra.net/xtra.bin
D/GpsLocationProvider(  527): XTRA_SERVER_1=http\://xtra1.gpsonextra.net/xtra.bin
D/GpsLocationProvider(  527): SUPL_PORT=7276
D/GpsLocationProvider(  527): XTRA_SERVER_2=http\://xtra2.gpsonextra.net/xtra.bin
D/GpsLocationProvider(  527): NTP_SERVER=north-america.pool.ntp.org
D/GpsLocationProvider(  527): SUPL_MODE=1
D/KeyguardUpdateMonitor(  636): handleSimStateChange(subId=1, slotId=0, state=READY)
V/KeyguardUpdateMonitor(  636): onSubscriptionInfoChanged()
V/KeyguardUpdateMonitor(  636): SubInfo:{id=1, iccId=89014103211118510720 simSlotIndex=0 displayName=Android carrierName=Android nameSource=0 iconTint=-16746133 dataRoaming=0 iconBitmap=android.graphics.Bitmap@ef1a189 mcc 310 mnc 270}
I/dhcpcd  ( 3867): version 5.5.6 starting
I/Telephony(  741): PstnIncomingCallNotifier: Unregistering: Handler (com.android.internal.telephony.gsm.GSMPhone) {1f3b226b}
I/Telephony(  741): PstnIncomingCallNotifier: Registering: Handler (com.android.internal.telephony.gsm.GSMPhone) {1f3b226b}
I/dhcpcd  ( 3867): eth1: rebinding lease of 10.0.3.15
D/TelephonyProvider(  741): subIdString = 1 subId = 1
I/dhcpcd  ( 3867): eth1: acknowledged 10.0.3.15 from 10.0.3.2
I/NotificationMgr(  741): updateMwi(): subId 1 update to false
D/MccTable(  741): updateMccMncConfiguration mccmnc='310270' fromServiceState=false
D/MccTable(  741): updateMccMncConfiguration defaultMccMnc=310270
D/MccTable(  741): updateMccMncConfiguration: mcc=310, mnc=270
D/MccTable(  741): defaultLanguageForMcc(310): country us uses en
D/MccTable(  741): getLocaleFromMcc to en_us mcc=310
D/MccTable(  741): getLocaleForLanguageCountry: skipping already persisted
D/MccTable(  741): updateMccMncConfiguration updateConfig config={1.0 310mcc270mnc ?locale ?layoutDir ?swdp ?wdp ?hdp ?density ?lsize ?long ?orien ?uimode ?night ?touch ?keyb/?/? ?nav/?}
I/dhcpcd  ( 3867): eth1: leased 10.0.3.15 for 86400 seconds
D/GpsLocationProvider(  527): received SIM realted action: 
D/GpsLocationProvider(  527): SIM MCC/MNC is available: 310270
D/GpsLocationProvider(  527): Reset GPS properties, previous size = 8
D/GpsLocationProvider(  527): GpsParamsResource: SUPL_HOST=supl.google.com
D/GpsLocationProvider(  527): GpsParamsResource: SUPL_PORT=7275
D/GpsLocationProvider(  527): GpsParamsResource: NTP_SERVER=north-america.pool.ntp.org
D/GpsLocationProvider(  527): GpsParamsResource: SUPL_VER=0x20000
D/GpsLocationProvider(  527): GpsParamsResource: SUPL_MODE=1
D/GpsLocationProvider(  527): GPS properties reloaded, size = 8
E/GpsLocationProvider(  527): no AGPS interface in set_agps_server
E/GpsLocationProvider(  527): no GPS configuration interface in configuraiton_update
D/GpsLocationProvider(  527): final config = #Sat Jan 13 02:49:16 EST 2018
D/GpsLocationProvider(  527): SUPL_VER=0x20000
D/GpsLocationProvider(  527): SUPL_HOST=supl.google.com
D/GpsLocationProvider(  527): XTRA_SERVER_3=http\://xtra3.gpsonextra.net/xtra.bin
D/GpsLocationProvider(  527): XTRA_SERVER_1=http\://xtra1.gpsonextra.net/xtra.bin
D/GpsLocationProvider(  527): SUPL_PORT=7276
D/GpsLocationProvider(  527): XTRA_SERVER_2=http\://xtra2.gpsonextra.net/xtra.bin
D/GpsLocationProvider(  527): NTP_SERVER=north-america.pool.ntp.org
D/GpsLocationProvider(  527): SUPL_MODE=1
D/MccTable(  741): updateMccMncConfiguration mccmnc='310270' fromServiceState=false
D/MccTable(  741): updateMccMncConfiguration defaultMccMnc=310270
D/MccTable(  741): updateMccMncConfiguration: mcc=310, mnc=270
D/MccTable(  741): defaultLanguageForMcc(310): country us uses en
D/MccTable(  741): getLocaleFromMcc to en_us mcc=310
D/MccTable(  741): getLocaleForLanguageCountry: skipping already persisted
D/MccTable(  741): updateMccMncConfiguration updateConfig config={1.0 310mcc270mnc ?locale ?layoutDir ?swdp ?wdp ?hdp ?density ?lsize ?long ?orien ?uimode ?night ?touch ?keyb/?/? ?nav/?}
V/KeyguardUpdateMonitor(  636): onSubscriptionInfoChanged()
V/KeyguardUpdateMonitor(  636): SubInfo:{id=1, iccId=89014103211118510720 simSlotIndex=0 displayName=CARD 1 carrierName=Android nameSource=0 iconTint=-16746133 dataRoaming=0 iconBitmap=android.graphics.Bitmap@350fb58e mcc 310 mnc 270}
D/GpsLocationProvider(  527): received SIM realted action: 
D/GpsLocationProvider(  527): SIM MCC/MNC is available: 310270
D/GpsLocationProvider(  527): Reset GPS properties, previous size = 8
D/GpsLocationProvider(  527): GpsParamsResource: SUPL_HOST=supl.google.com
D/GpsLocationProvider(  527): GpsParamsResource: SUPL_PORT=7275
D/GpsLocationProvider(  527): GpsParamsResource: NTP_SERVER=north-america.pool.ntp.org
D/GpsLocationProvider(  527): GpsParamsResource: SUPL_VER=0x20000
D/GpsLocationProvider(  527): GpsParamsResource: SUPL_MODE=1
D/GpsLocationProvider(  527): GPS properties reloaded, size = 8
E/GpsLocationProvider(  527): no AGPS interface in set_agps_server
E/GpsLocationProvider(  527): no GPS configuration interface in configuraiton_update
D/GpsLocationProvider(  527): final config = #Sat Jan 13 02:49:16 EST 2018
D/GpsLocationProvider(  527): SUPL_VER=0x20000
D/GpsLocationProvider(  527): SUPL_HOST=supl.google.com
D/GpsLocationProvider(  527): XTRA_SERVER_3=http\://xtra3.gpsonextra.net/xtra.bin
D/GpsLocationProvider(  527): XTRA_SERVER_1=http\://xtra1.gpsonextra.net/xtra.bin
D/GpsLocationProvider(  527): SUPL_PORT=7276
D/GpsLocationProvider(  527): XTRA_SERVER_2=http\://xtra2.gpsonextra.net/xtra.bin
D/GpsLocationProvider(  527): NTP_SERVER=north-america.pool.ntp.org
D/GpsLocationProvider(  527): SUPL_MODE=1
V/KeyguardUpdateMonitor(  636): onSubscriptionInfoChanged()
V/KeyguardUpdateMonitor(  636): SubInfo:{id=1, iccId=89014103211118510720 simSlotIndex=0 displayName=CARD 1 carrierName=Android nameSource=0 iconTint=-16746133 dataRoaming=0 iconBitmap=android.graphics.Bitmap@1ad5c1af mcc 310 mnc 270}
D/GpsLocationProvider(  527): received SIM realted action: 
D/GpsLocationProvider(  527): SIM MCC/MNC is available: 310270
D/GpsLocationProvider(  527): Reset GPS properties, previous size = 8
D/GpsLocationProvider(  527): GpsParamsResource: SUPL_HOST=supl.google.com
D/GpsLocationProvider(  527): GpsParamsResource: SUPL_PORT=7275
D/GpsLocationProvider(  527): GpsParamsResource: NTP_SERVER=north-america.pool.ntp.org
D/GpsLocationProvider(  527): GpsParamsResource: SUPL_VER=0x20000
D/GpsLocationProvider(  527): GpsParamsResource: SUPL_MODE=1
D/GpsLocationProvider(  527): GPS properties reloaded, size = 8
E/GpsLocationProvider(  527): no AGPS interface in set_agps_server
E/GpsLocationProvider(  527): no GPS configuration interface in configuraiton_update
D/GpsLocationProvider(  527): final config = #Sat Jan 13 02:49:16 EST 2018
D/GpsLocationProvider(  527): SUPL_VER=0x20000
D/GpsLocationProvider(  527): SUPL_HOST=supl.google.com
D/GpsLocationProvider(  527): XTRA_SERVER_3=http\://xtra3.gpsonextra.net/xtra.bin
D/GpsLocationProvider(  527): XTRA_SERVER_1=http\://xtra1.gpsonextra.net/xtra.bin
D/GpsLocationProvider(  527): SUPL_PORT=7276
D/GpsLocationProvider(  527): XTRA_SERVER_2=http\://xtra2.gpsonextra.net/xtra.bin
D/GpsLocationProvider(  527): NTP_SERVER=north-america.pool.ntp.org
D/GpsLocationProvider(  527): SUPL_MODE=1
V/KeyguardUpdateMonitor(  636): action android.intent.action.SIM_STATE_CHANGED state: LOADED slotId: 0 subid: 1
D/KeyguardUpdateMonitor(  636): handleSimStateChange(subId=1, slotId=0, state=READY)
I/Telephony(  741): PstnIncomingCallNotifier: Unregistering: Handler (com.android.internal.telephony.gsm.GSMPhone) {1f3b226b}
I/Telephony(  741): PstnIncomingCallNotifier: Registering: Handler (com.android.internal.telephony.gsm.GSMPhone) {1f3b226b}
I/Telephony(  741): PstnIncomingCallNotifier: Unregistering: Handler (com.android.internal.telephony.gsm.GSMPhone) {1f3b226b}
I/Telephony(  741): PstnIncomingCallNotifier: Registering: Handler (com.android.internal.telephony.gsm.GSMPhone) {1f3b226b}
E/WifiStateMachine(  527): WifiStateMachine: handleSuccessfulIpConfiguration and no scan results"WiredSSID"NONE
D/ConnectivityService(  527): NetworkAgentInfo [WIFI () - 104] EVENT_NETWORK_INFO_CHANGED, going from CONNECTING to CONNECTED
D/ConnectivityService(  527): Adding iface eth1 to network 104
E/WifiStateMachine(  527): Did not find remoteAddress {10.0.3.2} in /proc/net/arp
E/ConnectivityService(  527): Unexpected mtu value: 0, eth1
D/ConnectivityService(  527): Adding Route [fe80::/64 -> :: eth1] to network 104
D/ConnectivityService(  527): Adding Route [10.0.3.0/24 -> 0.0.0.0 eth1] to network 104
D/ConnectivityService(  527): Adding Route [0.0.0.0/0 -> 10.0.3.2 eth1] to network 104
D/ConnectivityService(  527): Setting Dns servers for network 104 to [/172.16.10.220, /202.96.209.5]
D/ConnectivityService(  527): notifyType IP_CHANGED for NetworkAgentInfo [WIFI () - 104]
D/ConnectivityService(  527): notifyType PRECHECK for NetworkAgentInfo [WIFI () - 104]
D/ConnectivityService(  527): rematching NetworkAgentInfo [WIFI () - 104]
D/ConnectivityService(  527):    accepting network in place of null
D/NetworkMonitor/NetworkAgentInfo [WIFI () - 104](  527): DefaultState{ when=0 what=532481 target=com.android.internal.util.StateMachine$SmHandler }
D/NetworkMonitor/NetworkAgentInfo [WIFI () - 104](  527): Connected
D/NetworkMonitor/NetworkAgentInfo [WIFI () - 104](  527): EvaluatingState{ when=0 what=532486 arg1=1 target=com.android.internal.util.StateMachine$SmHandler }
D/NetworkMonitor/NetworkAgentInfo [WIFI () - 104](  527): Checking http://connectivitycheck.android.com/generate_204 on "WiredSSID"
D/ConnectivityService(  527): Switching to new default network: NetworkAgentInfo{ ni{[type: WIFI[], state: CONNECTED/CONNECTED, reason: (unspecified), extra: "WiredSSID", roaming: false, failover: false, isAvailable: true, isConnectedToProvisioningNetwork: false]}  network{104}  lp{{InterfaceName: eth1 LinkAddresses: [fe80::a00:27ff:fe16:647c/64,10.0.3.15/24,]  Routes: [fe80::/64 -> :: eth1,10.0.3.0/24 -> 0.0.0.0 eth1,0.0.0.0/0 -> 10.0.3.2 eth1,] DnsAddresses: [172.16.10.220,202.96.209.5,] Domains: zzl MTU: 0 TcpBufferSizes: 524288,1048576,2097152,262144,524288,1048576}}  nc{[ Transports: WIFI Capabilities: INTERNET&NOT_RESTRICTED&TRUSTED&NOT_VPN LinkUpBandwidth>=1048576Kbps LinkDnBandwidth>=1048576Kbps]}  Score{16}  everValidated{false}  lastValidated{false}  created{true}  explicitlySelected{false} }
D/ConnectivityService(  527): notifyType AVAILABLE for NetworkAgentInfo [WIFI () - 104]
D/CSLegacyTypeTracker(  527): Sending connected broadcast for type 1 NetworkAgentInfo [WIFI () - 104] isDefaultNetwork=true
D/ConnectivityService(  527): sendStickyBroadcast: action=android.net.conn.CONNECTIVITY_CHANGE_IMMEDIATE
D/ConnectivityService(  527): sendStickyBroadcast: action=android.net.conn.CONNECTIVITY_CHANGE
D/ConnectivityManager.CallbackHandler(  636): CM callback handler got msg 524290
D/Tethering(  527): MasterInitialState.processMessage what=3
D/awcn.NetworkStatusMonitor( 1217):  receiver:android.net.conn.CONNECTIVITY_CHANGE
D/awcn.NetworkStatusMonitor( 1124):  receiver:android.net.conn.CONNECTIVITY_CHANGE
D/awcn.NetworkStatusMonitor( 1124):  [checkNetworkStatus]
I/awcn.NetworkStatusMonitor( 1124):  checkNetworkStatus info.isConnected:true info.isAvailable:true
D/awcn.NetworkStatusMonitor( 1331):  receiver:android.net.conn.CONNECTIVITY_CHANGE
D/awcn.NetworkStatusMonitor( 1217):  [checkNetworkStatus]
I/awcn.NetworkStatusHelper( 1124):  
I/awcn.NetworkStatusHelper( 1124): Network detail*******************************
I/awcn.NetworkStatusHelper( 1124): Status: WIFI
I/awcn.NetworkStatusHelper( 1124): Subtype: wifi
I/awcn.NetworkStatusHelper( 1124): BSSID: 01:80:c2:00:00:03
I/awcn.NetworkStatusHelper( 1124): SSID: "WiredSSID"
I/awcn.NetworkStatusHelper( 1124): *********************************************
E/awcn.SessionCenter( 1124): |[seq:[default]] onNetworkStatusChanged. reCreateSession networkStatus:WIFI
I/awcn.SessionCenter( 1124): |[seq:[default]] recreate session failed: infos is empty
E/awcn.SessionCenter( 1124): |[seq:umeng:56aadbf567e58e38d4000976] onNetworkStatusChanged. reCreateSession networkStatus:WIFI
I/awcn.SessionCenter( 1124): |[seq:umeng:56aadbf567e58e38d4000976] recreate session failed: infos is empty
D/awcn.NetworkStatusMonitor( 1331):  [checkNetworkStatus]
I/awcn.NetworkStatusMonitor( 1331):  checkNetworkStatus info.isConnected:true info.isAvailable:true
D/awcn.NetworkStatusMonitor( 1239):  receiver:android.net.conn.CONNECTIVITY_CHANGE
D/awcn.NetworkStatusMonitor( 1239):  [checkNetworkStatus]
I/awcn.NetworkStatusMonitor( 1239):  checkNetworkStatus info.isConnected:true info.isAvailable:true
I/awcn.NetworkStatusMonitor( 1217):  checkNetworkStatus info.isConnected:true info.isAvailable:true
I/awcn.NetworkStatusHelper( 1239):  
I/awcn.NetworkStatusHelper( 1239): Network detail*******************************
I/awcn.NetworkStatusHelper( 1239): Status: WIFI
I/awcn.NetworkStatusHelper( 1239): Subtype: wifi
I/awcn.NetworkStatusHelper( 1239): BSSID: 01:80:c2:00:00:03
I/awcn.NetworkStatusHelper( 1239): SSID: "WiredSSID"
I/awcn.NetworkStatusHelper( 1239): *********************************************
E/awcn.SessionCenter( 1239): |[seq:[default]] onNetworkStatusChanged. reCreateSession networkStatus:WIFI
I/awcn.SessionCenter( 1239): |[seq:[default]] recreate session failed: infos is empty
E/awcn.SessionCenter( 1239): |[seq:umeng:56aadbf567e58e38d4000976] onNetworkStatusChanged. reCreateSession networkStatus:WIFI
I/awcn.NetworkStatusMonitor( 1331):  Network Status Change NO ===>>> WIFI
I/awcn.SessionCenter( 1239): |[seq:umeng:56aadbf567e58e38d4000976] recreate session failed: infos is empty
D/awcn.StrategyCenter( 1239):  getSchemeByHost host:umengacs.m.taobao.com scheme:https
D/awcn.SessionCenter( 1239): |[seq:umeng:56aadbf567e58e38d4000976] getInternal u:https://umengacs.m.taobao.com TypeClass:SPDY timeout:0
I/awcn.HttpDispatcher( 1239):  sendAmdcRequest hosts:[umengacs.m.taobao.com, unszapi.m.yao.95095.com, api.m.yao.95095.com]
I/awcn.AmdcThreadPoolExecutor( 1239):  merge amdc request delay:500
I/awcn.NetworkStatusHelper( 1331):  
I/awcn.NetworkStatusHelper( 1331): 
I/awcn.NetworkStatusHelper( 1331): Network detail***********************
I/awcn.NetworkStatusHelper( 1331): status: WIFI
I/awcn.NetworkStatusHelper( 1331):  BSSID: 01:80:c2:00:00:03
I/awcn.NetworkStatusHelper( 1331):  SSID: "WiredSSID"
I/awcn.NetworkStatusHelper( 1331): ******************************************
D/awcn.SessionCenter( 1331):  onNetworkStatusChanged networkStatus:WIFI
I/awcn.AmdcThreadPoolExecutor( 1239):  thread created! name:AMDC7
D/awcn.SessionCenter( 1331):  [reCreateSession]
I/awcn.SessionCenter( 1331):  recreate session failed: infos is empty
D/awcn.AccsSessionManager( 1331):  app is background not need check accs session, return bg:true
D/awcn.StrategyCenter( 1239):  getSchemeByHost host:umengacs.m.taobao.com scheme:https
D/awcn.SessionRequest( 1239): |[seq:umeng:56aadbf567e58e38d4000976.AWCN4] SessionRequest start host:https://umengacs.m.taobao.com type:SPDY
D/getConnStrategyListByHost( 1239): |[seq:host] umengacs.m.taobao.com:result [{106.11.61.106 443 http2_0rtt_acs}, {106.11.61.106 80 http2_0rtt_acs}, {106.11.61.106 443 spdy_0rtt_acs}, {106.11.61.106 80 spdy_0rtt_acs}, {106.11.61.106 443 https}]
