W/InputManager(  527): Input event injection from pid 4284 failed.
W/EGL_emulation( 1882): eglSurfaceAttrib not implemented
W/OpenGLRenderer( 1882): Failed to set EGL_SWAP_BEHAVIOR on surface 0xe0c60600, error=EGL_SUCCESS
I/AppiumUnicodeIME(  672): onKeyUp (keyCode='23', event.keyCode='23', metaState='0')
W/ViewRootImpl( 1882): Dropping event due to no window focus: MotionEvent { action=ACTION_MOVE, id[0]=0, x[0]=-2.0, y[0]=1.0, toolType[0]=TOOL_TYPE_UNKNOWN, buttonState=0, metaState=0, flags=0x0, edgeFlags=0x0, pointerCount=1, historySize=9, eventTime=5628215, downTime=-1, deviceId=0, source=0x10004 }
W/ViewRootImpl( 1882): Dropping event due to no window focus: MotionEvent { action=ACTION_DOWN, id[0]=0, x[0]=0.0, y[0]=0.0, toolType[0]=TOOL_TYPE_UNKNOWN, buttonState=0, metaState=0, flags=0x0, edgeFlags=0x0, pointerCount=1, historySize=0, eventTime=5628217, downTime=5628207, deviceId=0, source=0x10004 }
W/ViewRootImpl( 1882): Cancelling event due to no window focus: MotionEvent { action=ACTION_CANCEL, id[0]=0, x[0]=0.0, y[0]=0.0, toolType[0]=TOOL_TYPE_UNKNOWN, buttonState=0, metaState=0, flags=0x0, edgeFlags=0x0, pointerCount=1, historySize=0, eventTime=5628218, downTime=5628207, deviceId=0, source=0x10004 }
W/ViewRootImpl( 1882): Cancelling event due to no window focus: MotionEvent { action=ACTION_CANCEL, id[0]=0, x[0]=0.0, y[0]=0.0, toolType[0]=TOOL_TYPE_UNKNOWN, buttonState=0, metaState=0, flags=0x0, edgeFlags=0x0, pointerCount=1, historySize=0, eventTime=5628218, downTime=5628207, deviceId=0, source=0x10004 }
W/ViewRootImpl( 1882): Cancelling event due to no window focus: MotionEvent { action=ACTION_CANCEL, id[0]=0, x[0]=0.0, y[0]=0.0, toolType[0]=TOOL_TYPE_UNKNOWN, buttonState=0, metaState=0, flags=0x0, edgeFlags=0x0, pointerCount=1, historySize=0, eventTime=5628218, downTime=5628207, deviceId=0, source=0x10004 }
W/ViewRootImpl( 1882): Cancelling event due to no window focus: MotionEvent { action=ACTION_CANCEL, id[0]=0, x[0]=0.0, y[0]=0.0, toolType[0]=TOOL_TYPE_UNKNOWN, buttonState=0, metaState=0, flags=0x0, edgeFlags=0x0, pointerCount=1, historySize=0, eventTime=5628218, downTime=5628207, deviceId=0, source=0x10004 }
W/ViewRootImpl( 1882): Cancelling event due to no window focus: MotionEvent { action=ACTION_CANCEL, id[0]=0, x[0]=0.0, y[0]=0.0, toolType[0]=TOOL_TYPE_UNKNOWN, buttonState=0, metaState=0, flags=0x0, edgeFlags=0x0, pointerCount=1, historySize=0, eventTime=5628218, downTime=5628207, deviceId=0, source=0x10004 }
W/ViewRootImpl( 1882): Cancelling event due to no window focus: MotionEvent { action=ACTION_CANCEL, id[0]=0, x[0]=0.0, y[0]=0.0, toolType[0]=TOOL_TYPE_UNKNOWN, buttonState=0, metaState=0, flags=0x0, edgeFlags=0x0, pointerCount=1, historySize=0, eventTime=5628218, downTime=5628207, deviceId=0, source=0x10004 }
W/ViewRootImpl( 1882): Cancelling event due to no window focus: MotionEvent { action=ACTION_CANCEL, id[0]=0, x[0]=0.0, y[0]=0.0, toolType[0]=TOOL_TYPE_UNKNOWN, buttonState=0, metaState=0, flags=0x0, edgeFlags=0x0, pointerCount=1, historySize=0, eventTime=5628218, downTime=5628207, deviceId=0, source=0x10004 }
W/ViewRootImpl( 1882): Dropping event due to no window focus: KeyEvent { action=ACTION_DOWN, keyCode=KEYCODE_DPAD_CENTER, scanCode=0, metaState=0, flags=0x8, repeatCount=0, eventTime=5628219, downTime=5628219, deviceId=-1, source=0x101 }
W/ViewRootImpl( 1882): Cancelling event due to no window focus: KeyEvent { action=ACTION_UP, keyCode=KEYCODE_DPAD_CENTER, scanCode=0, metaState=0, flags=0x28, repeatCount=0, eventTime=5628247, downTime=5628247, deviceId=-1, source=0x101 }
W/ViewRootImpl( 1882): Cancelling event due to no window focus: KeyEvent { action=ACTION_UP, keyCode=KEYCODE_DPAD_CENTER, scanCode=0, metaState=0, flags=0x28, repeatCount=0, eventTime=5628247, downTime=5628247, deviceId=-1, source=0x101 }
W/ViewRootImpl( 1882): Cancelling event due to no window focus: KeyEvent { action=ACTION_UP, keyCode=KEYCODE_DPAD_CENTER, scanCode=0, metaState=0, flags=0x28, repeatCount=0, eventTime=5628247, downTime=5628247, deviceId=-1, source=0x101 }
I/AppiumUnicodeIME(  672): onKeyUp (keyCode='23', event.keyCode='23', metaState='0')
I/AppiumUnicodeIME(  672): onFinishInput
I/AppiumUnicodeIME(  672): onStartInput
I/AppiumUnicodeIME(  672): onKeyDown (keyCode='19', event.keyCode='19', metaState='0')
I/AppiumUnicodeIME(  672): onKeyUp (keyCode='19', event.keyCode='19', metaState='0')
I/AppiumUnicodeIME(  672): onKeyDown (keyCode='19', event.keyCode='19', metaState='0')
I/AppiumUnicodeIME(  672): onKeyDown (keyCode='19', event.keyCode='19', metaState='0')
I/AppiumUnicodeIME(  672): onKeyUp (keyCode='19', event.keyCode='19', metaState='0')
I/AppiumUnicodeIME(  672): onKeyDown (keyCode='19', event.keyCode='19', metaState='0')
I/AppiumUnicodeIME(  672): onKeyUp (keyCode='19', event.keyCode='19', metaState='0')
I/AppiumUnicodeIME(  672): onKeyDown (keyCode='19', event.keyCode='19', metaState='0')
I/AppiumUnicodeIME(  672): onKeyUp (keyCode='19', event.keyCode='19', metaState='0')
I/AppiumUnicodeIME(  672): onKeyDown (keyCode='19', event.keyCode='19', metaState='0')
I/AppiumUnicodeIME(  672): onKeyUp (keyCode='19', event.keyCode='19', metaState='0')
I/AppiumUnicodeIME(  672): onKeyDown (keyCode='19', event.keyCode='19', metaState='0')
D/ForegroundCallbacks( 1239): went background
I/AppiumUnicodeIME(  672): onKeyUp (keyCode='19', event.keyCode='19', metaState='0')
I/AppiumUnicodeIME(  672): onKeyDown (keyCode='21', event.keyCode='21', metaState='0')
I/AppiumUnicodeIME(  672): onKeyUp (keyCode='21', event.keyCode='21', metaState='0')
I/AppiumUnicodeIME(  672): onKeyDown (keyCode='21', event.keyCode='21', metaState='0')
I/AppiumUnicodeIME(  672): onKeyUp (keyCode='21', event.keyCode='21', metaState='0')
I/AppiumUnicodeIME(  672): onKeyDown (keyCode='82', event.keyCode='82', metaState='0')
I/AppiumUnicodeIME(  672): onKeyUp (keyCode='82', event.keyCode='82', metaState='0')
I/AppiumUnicodeIME(  672): onKeyDown (keyCode='19', event.keyCode='19', metaState='0')
I/AppiumUnicodeIME(  672): onKeyUp (keyCode='19', event.keyCode='19', metaState='0')
D/PhoneStatusBar(  636): disable: < expand ICONS* alerts SYSTEM_INFO* back home recent clock search >
I/AppiumUnicodeIME(  672): onKeyDown (keyCode='22', event.keyCode='22', metaState='0')
I/AppiumUnicodeIME(  672): onKeyDown (keyCode='22', event.keyCode='22', metaState='0')
I/AppiumUnicodeIME(  672): onKeyUp (keyCode='22', event.keyCode='22', metaState='0')
I/AppiumUnicodeIME(  672): onKeyDown (keyCode='22', event.keyCode='22', metaState='0')
I/AppiumUnicodeIME(  672): onKeyUp (keyCode='22', event.keyCode='22', metaState='0')
I/AppiumUnicodeIME(  672): onKeyDown (keyCode='22', event.keyCode='22', metaState='0')
I/AppiumUnicodeIME(  672): onKeyUp (keyCode='22', event.keyCode='22', metaState='0')
D/PhoneStatusBar(  636): disable: < expand icons* alerts system_info* back home recent clock search >
I/AppiumUnicodeIME(  672): onKeyDown (keyCode='19', event.keyCode='19', metaState='0')
I/AppiumUnicodeIME(  672): onKeyDown (keyCode='19', event.keyCode='19', metaState='0')
I/AppiumUnicodeIME(  672): onKeyUp (keyCode='19', event.keyCode='19', metaState='0')
I/AppiumUnicodeIME(  672): onKeyDown (keyCode='19', event.keyCode='19', metaState='0')
I/AppiumUnicodeIME(  672): onKeyUp (keyCode='19', event.keyCode='19', metaState='0')
I/AppiumUnicodeIME(  672): onKeyDown (keyCode='19', event.keyCode='19', metaState='0')
I/AppiumUnicodeIME(  672): onKeyUp (keyCode='19', event.keyCode='19', metaState='0')
I/AppiumUnicodeIME(  672): onKeyDown (keyCode='19', event.keyCode='19', metaState='0')
I/AppiumUnicodeIME(  672): onKeyUp (keyCode='19', event.keyCode='19', metaState='0')
I/AppiumUnicodeIME(  672): onKeyDown (keyCode='19', event.keyCode='19', metaState='0')
I/AppiumUnicodeIME(  672): onKeyUp (keyCode='19', event.keyCode='19', metaState='0')
I/AppiumUnicodeIME(  672): onKeyDown (keyCode='22', event.keyCode='22', metaState='0')
I/AppiumUnicodeIME(  672): onKeyUp (keyCode='22', event.keyCode='22', metaState='0')
I/ActivityManager(  527): START u0 {act=android.intent.action.MAIN cat=[android.intent.category.LAUNCHER] flg=0x10200000 cmp=com.zzl.falcon.internal/com.zzl.falcon.EntranceActivity} from uid 0 on display 0
I/AppiumUnicodeIME(  672): onKeyDown (keyCode='20', event.keyCode='20', metaState='0')
I/AppiumUnicodeIME(  672): onKeyUp (keyCode='20', event.keyCode='20', metaState='0')
I/AppiumUnicodeIME(  672): onKeyDown (keyCode='20', event.keyCode='20', metaState='0')
I/AppiumUnicodeIME(  672): onKeyUp (keyCode='20', event.keyCode='20', metaState='0')
I/AppiumUnicodeIME(  672): onKeyDown (keyCode='20', event.keyCode='20', metaState='0')
I/AppiumUnicodeIME(  672): onKeyUp (keyCode='20', event.keyCode='20', metaState='0')
E/EGL_emulation(  502): tid 502: eglCreateSyncKHR(1209): error 0x3004 (EGL_BAD_ATTRIBUTE)
I/InputDispatcher(  527): Dropping event because there is no touchable window at (491, 1125).
W/InputManager(  527): Input event injection from pid 4284 failed.
W/InputManager(  527): Input event injection from pid 4284 failed.
I/AppiumUnicodeIME(  672): onKeyDown (keyCode='19', event.keyCode='19', metaState='0')
I/AppiumUnicodeIME(  672): onKeyUp (keyCode='19', event.keyCode='19', metaState='0')
I/AppiumUnicodeIME(  672): onKeyDown (keyCode='19', event.keyCode='19', metaState='0')
I/AppiumUnicodeIME(  672): onKeyUp (keyCode='19', event.keyCode='19', metaState='0')
I/AppiumUnicodeIME(  672): onKeyDown (keyCode='19', event.keyCode='19', metaState='0')
I/AppiumUnicodeIME(  672): onKeyUp (keyCode='19', event.keyCode='19', metaState='0')
I/AppiumUnicodeIME(  672): onKeyDown (keyCode='19', event.keyCode='19', metaState='0')
I/AppiumUnicodeIME(  672): onKeyUp (keyCode='19', event.keyCode='19', metaState='0')
I/AppiumUnicodeIME(  672): onKeyDown (keyCode='21', event.keyCode='21', metaState='0')
I/AppiumUnicodeIME(  672): onKeyUp (keyCode='21', event.keyCode='21', metaState='0')
I/AppiumUnicodeIME(  672): onKeyDown (keyCode='21', event.keyCode='21', metaState='0')
I/AppiumUnicodeIME(  672): onKeyUp (keyCode='21', event.keyCode='21', metaState='0')
D/OkHttp  ( 1239): <-- 200 OK http://116.236.220.210:8084/appAccount/appMyAccount?userId=4a773301b0454a8db534d880901c0754&bankAccount=6212461030000553952 (983ms)
D/OkHttp  ( 1239): Server: Apache-Coyote/1.1
D/OkHttp  ( 1239): Set-Cookie: JSESSIONID=ECC41E6425124BC84933432B685C5D24; Path=/; HttpOnly
D/OkHttp  ( 1239): Content-Type: application/json;charset=UTF-8
D/OkHttp  ( 1239): Content-Length: 484
D/OkHttp  ( 1239): Date: Sat, 13 Jan 2018 08:17:13 GMT
D/OkHttp  ( 1239): {"appSignInActivityStatus":1,"noticesPrizeType":0,"todayBonusStatus":0,"interestTotal":"0","appOpenBonusStatus":1,"expDirTransferTotal":0,"haveMeaasge":"0","signInDays":0,"responseCode":"1","availableBalance":"0.0","receivedPrinciaplTotal":"0","signInStatus":0,"bonusTotalAmount":0,"haveMoney":"1","haveScore":"","unUseVirtualTotal":2,"balance":"0.0","unReceivedInterestTotal":"0","unReceivedPrinciaplTotal":"0","expDirPrinciaplTotal":0,"unReadMessageTotal":0,"firstScoreRecordId":""}
D/OkHttp  ( 1239): <-- END HTTP (484-byte body)
W/EGL_emulation( 1239): eglSurfaceAttrib not implemented
W/OpenGLRenderer( 1239): Failed to set EGL_SWAP_BEHAVIOR on surface 0xdd03b620, error=EGL_SUCCESS
W/ViewRootImpl( 1239): Dropping event due to no window focus: KeyEvent { action=ACTION_DOWN, keyCode=KEYCODE_DPAD_DOWN, scanCode=0, metaState=0, flags=0x8, repeatCount=0, eventTime=5628630, downTime=5628630, deviceId=-1, source=0x101 }
W/ViewRootImpl( 1239): Cancelling event due to no window focus: KeyEvent { action=ACTION_UP, keyCode=KEYCODE_DPAD_DOWN, scanCode=0, metaState=0, flags=0x28, repeatCount=0, eventTime=5628639, downTime=5628639, deviceId=-1, source=0x101 }
W/ViewRootImpl( 1239): Cancelling event due to no window focus: KeyEvent { action=ACTION_UP, keyCode=KEYCODE_DPAD_DOWN, scanCode=0, metaState=0, flags=0x28, repeatCount=0, eventTime=5628639, downTime=5628639, deviceId=-1, source=0x101 }
W/ViewRootImpl( 1239): Cancelling event due to no window focus: KeyEvent { action=ACTION_UP, keyCode=KEYCODE_DPAD_DOWN, scanCode=0, metaState=0, flags=0x28, repeatCount=0, eventTime=5628639, downTime=5628639, deviceId=-1, source=0x101 }
W/ViewRootImpl( 1239): Cancelling event due to no window focus: KeyEvent { action=ACTION_UP, keyCode=KEYCODE_DPAD_DOWN, scanCode=0, metaState=0, flags=0x28, repeatCount=0, eventTime=5628639, downTime=5628639, deviceId=-1, source=0x101 }
W/ViewRootImpl( 1239): Cancelling event due to no window focus: KeyEvent { action=ACTION_UP, keyCode=KEYCODE_DPAD_DOWN, scanCode=0, metaState=0, flags=0x28, repeatCount=0, eventTime=5628639, downTime=5628639, deviceId=-1, source=0x101 }
W/ViewRootImpl( 1239): Cancelling event due to no window focus: KeyEvent { action=ACTION_UP, keyCode=KEYCODE_DPAD_DOWN, scanCode=0, metaState=0, flags=0x28, repeatCount=0, eventTime=5628639, downTime=5628639, deviceId=-1, source=0x101 }
W/ViewRootImpl( 1239): Cancelling event due to no window focus: KeyEvent { action=ACTION_UP, keyCode=KEYCODE_DPAD_DOWN, scanCode=0, metaState=0, flags=0x28, repeatCount=0, eventTime=5628639, downTime=5628639, deviceId=-1, source=0x101 }
W/ViewRootImpl( 1239): Cancelling event due to no window focus: KeyEvent { action=ACTION_UP, keyCode=KEYCODE_DPAD_DOWN, scanCode=0, metaState=0, flags=0x28, repeatCount=0, eventTime=5628639, downTime=5628639, deviceId=-1, source=0x101 }
W/ViewRootImpl( 1239): Cancelling event due to no window focus: KeyEvent { action=ACTION_UP, keyCode=KEYCODE_DPAD_DOWN, scanCode=0, metaState=0, flags=0x28, repeatCount=0, eventTime=5628639, downTime=5628639, deviceId=-1, source=0x101 }
D/ForegroundCallbacks( 1239): went foreground
D/OkHttp  ( 1239): --> POST http://116.236.220.210:8084/appAccount/appMyAccount?userId=4a773301b0454a8db534d880901c0754&bankAccount=6212461030000553952 http/1.1
D/OkHttp  ( 1239): Content-Length: 0
D/OkHttp  ( 1239): RC-Bel-Key: bel.zhiwang.zzl
D/OkHttp  ( 1239): RC-Timestamp: 1515831433
D/OkHttp  ( 1239): RC-Nonce: ae8939cc-aac6-44eb-9cf8-4abbfaa6ee20
D/OkHttp  ( 1239): RC-Signature: 23656dc3be7fbf6ab458ea8cf1aedef9115f514c
D/OkHttp  ( 1239): osType: Android
D/OkHttp  ( 1239): version: 2.4.1
D/OkHttp  ( 1239): --> END POST (0-byte body)
W/ViewRootImpl( 1239): Dropping event due to no window focus: KeyEvent { action=ACTION_DOWN, keyCode=KEYCODE_DPAD_DOWN, scanCode=0, metaState=0, flags=0x8, repeatCount=0, eventTime=5628678, downTime=5628678, deviceId=-1, source=0x101 }
W/ViewRootImpl( 1239): Cancelling event due to no window focus: KeyEvent { action=ACTION_UP, keyCode=KEYCODE_DPAD_DOWN, scanCode=0, metaState=0, flags=0x28, repeatCount=0, eventTime=5628679, downTime=5628679, deviceId=-1, source=0x101 }
W/ViewRootImpl( 1239): Cancelling event due to no window focus: KeyEvent { action=ACTION_UP, keyCode=KEYCODE_DPAD_DOWN, scanCode=0, metaState=0, flags=0x28, repeatCount=0, eventTime=5628679, downTime=5628679, deviceId=-1, source=0x101 }
W/ViewRootImpl( 1239): Cancelling event due to no window focus: KeyEvent { action=ACTION_UP, keyCode=KEYCODE_DPAD_DOWN, scanCode=0, metaState=0, flags=0x28, repeatCount=0, eventTime=5628679, downTime=5628679, deviceId=-1, source=0x101 }
W/ViewRootImpl( 1239): Cancelling event due to no window focus: KeyEvent { action=ACTION_UP, keyCode=KEYCODE_DPAD_DOWN, scanCode=0, metaState=0, flags=0x28, repeatCount=0, eventTime=5628679, downTime=5628679, deviceId=-1, source=0x101 }
W/ViewRootImpl( 1239): Cancelling event due to no window focus: KeyEvent { action=ACTION_UP, keyCode=KEYCODE_DPAD_DOWN, scanCode=0, metaState=0, flags=0x28, repeatCount=0, eventTime=5628679, downTime=5628679, deviceId=-1, source=0x101 }
W/ViewRootImpl( 1239): Cancelling event due to no window focus: KeyEvent { action=ACTION_UP, keyCode=KEYCODE_DPAD_DOWN, scanCode=0, metaState=0, flags=0x28, repeatCount=0, eventTime=5628679, downTime=5628679, deviceId=-1, source=0x101 }
W/ViewRootImpl( 1239): Cancelling event due to no window focus: KeyEvent { action=ACTION_UP, keyCode=KEYCODE_DPAD_DOWN, scanCode=0, metaState=0, flags=0x28, repeatCount=0, eventTime=5628679, downTime=5628679, deviceId=-1, source=0x101 }
W/ViewRootImpl( 1239): Cancelling event due to no window focus: KeyEvent { action=ACTION_UP, keyCode=KEYCODE_DPAD_DOWN, scanCode=0, metaState=0, flags=0x28, repeatCount=0, eventTime=5628679, downTime=5628679, deviceId=-1, source=0x101 }
W/ViewRootImpl( 1239): Cancelling event due to no window focus: KeyEvent { action=ACTION_UP, keyCode=KEYCODE_DPAD_DOWN, scanCode=0, metaState=0, flags=0x28, repeatCount=0, eventTime=5628679, downTime=5628679, deviceId=-1, source=0x101 }
W/ViewRootImpl( 1882): Dropping event due to no window focus: KeyEvent { action=ACTION_DOWN, keyCode=KEYCODE_DPAD_RIGHT, scanCode=0, metaState=0, flags=0x400, repeatCount=0, eventTime=5628712, downTime=5628712, deviceId=-1, source=0x101 }
W/ViewRootImpl( 1882): Cancelling event due to no window focus: KeyEvent { action=ACTION_UP, keyCode=KEYCODE_DPAD_RIGHT, scanCode=0, metaState=0, flags=0x420, repeatCount=0, eventTime=5628712, downTime=5628712, deviceId=-1, source=0x101 }
W/ViewRootImpl( 1882): Cancelling event due to no window focus: KeyEvent { action=ACTION_UP, keyCode=KEYCODE_DPAD_RIGHT, scanCode=0, metaState=0, flags=0x420, repeatCount=0, eventTime=5628712, downTime=5628712, deviceId=-1, source=0x101 }
W/ViewRootImpl( 1882): Cancelling event due to no window focus: KeyEvent { action=ACTION_UP, keyCode=KEYCODE_DPAD_RIGHT, scanCode=0, metaState=0, flags=0x420, repeatCount=0, eventTime=5628712, downTime=5628712, deviceId=-1, source=0x101 }
W/ViewRootImpl( 1882): Dropping event due to no window focus: KeyEvent { action=ACTION_DOWN, keyCode=KEYCODE_DPAD_RIGHT, scanCode=0, metaState=0, flags=0x400, repeatCount=0, eventTime=5628712, downTime=5628712, deviceId=-1, source=0x101 }
W/ViewRootImpl( 1882): Cancelling event due to no window focus: KeyEvent { action=ACTION_UP, keyCode=KEYCODE_DPAD_RIGHT, scanCode=0, metaState=0, flags=0x420, repeatCount=0, eventTime=5628712, downTime=5628712, deviceId=-1, source=0x101 }
W/ViewRootImpl( 1882): Cancelling event due to no window focus: KeyEvent { action=ACTION_UP, keyCode=KEYCODE_DPAD_RIGHT, scanCode=0, metaState=0, flags=0x420, repeatCount=0, eventTime=5628712, downTime=5628712, deviceId=-1, source=0x101 }
W/ViewRootImpl( 1882): Cancelling event due to no window focus: KeyEvent { action=ACTION_UP, keyCode=KEYCODE_DPAD_RIGHT, scanCode=0, metaState=0, flags=0x420, repeatCount=0, eventTime=5628712, downTime=5628712, deviceId=-1, source=0x101 }
W/ViewRootImpl( 1882): Dropping event due to no window focus: KeyEvent { action=ACTION_DOWN, keyCode=KEYCODE_DPAD_RIGHT, scanCode=0, metaState=0, flags=0x400, repeatCount=0, eventTime=5628712, downTime=5628712, deviceId=-1, source=0x101 }
W/ViewRootImpl( 1882): Cancelling event due to no window focus: KeyEvent { action=ACTION_UP, keyCode=KEYCODE_DPAD_RIGHT, scanCode=0, metaState=0, flags=0x420, repeatCount=0, eventTime=5628712, downTime=5628712, deviceId=-1, source=0x101 }
W/ViewRootImpl( 1882): Cancelling event due to no window focus: KeyEvent { action=ACTION_UP, keyCode=KEYCODE_DPAD_RIGHT, scanCode=0, metaState=0, flags=0x420, repeatCount=0, eventTime=5628712, downTime=5628712, deviceId=-1, source=0x101 }
W/ViewRootImpl( 1882): Cancelling event due to no window focus: KeyEvent { action=ACTION_UP, keyCode=KEYCODE_DPAD_RIGHT, scanCode=0, metaState=0, flags=0x420, repeatCount=0, eventTime=5628712, downTime=5628712, deviceId=-1, source=0x101 }
I/AppiumUnicodeIME(  672): onKeyUp (keyCode='22', event.keyCode='22', metaState='0')
I/AppiumUnicodeIME(  672): onKeyUp (keyCode='22', event.keyCode='22', metaState='0')
I/AppiumUnicodeIME(  672): onKeyUp (keyCode='22', event.keyCode='22', metaState='0')
W/ViewRootImpl( 1882): Cancelling event due to no window focus: KeyEvent { action=ACTION_UP, keyCode=KEYCODE_DPAD_RIGHT, scanCode=0, metaState=0, flags=0x420, repeatCount=0, eventTime=5628712, downTime=5628712, deviceId=-1, source=0x101 }
W/ViewRootImpl( 1882): Cancelling event due to no window focus: KeyEvent { action=ACTION_UP, keyCode=KEYCODE_DPAD_RIGHT, scanCode=0, metaState=0, flags=0x420, repeatCount=0, eventTime=5628712, downTime=5628712, deviceId=-1, source=0x101 }
W/ViewRootImpl( 1882): Cancelling event due to no window focus: KeyEvent { action=ACTION_UP, keyCode=KEYCODE_DPAD_RIGHT, scanCode=0, metaState=0, flags=0x420, repeatCount=0, eventTime=5628712, downTime=5628712, deviceId=-1, source=0x101 }
W/ViewRootImpl( 1882): Cancelling event due to no window focus: KeyEvent { action=ACTION_UP, keyCode=KEYCODE_DPAD_RIGHT, scanCode=0, metaState=0, flags=0x420, repeatCount=0, eventTime=5628712, downTime=5628712, deviceId=-1, source=0x101 }
W/ViewRootImpl( 1882): Cancelling event due to no window focus: KeyEvent { action=ACTION_UP, keyCode=KEYCODE_DPAD_RIGHT, scanCode=0, metaState=0, flags=0x420, repeatCount=0, eventTime=5628712, downTime=5628712, deviceId=-1, source=0x101 }
W/ViewRootImpl( 1882): Cancelling event due to no window focus: KeyEvent { action=ACTION_UP, keyCode=KEYCODE_DPAD_RIGHT, scanCode=0, metaState=0, flags=0x420, repeatCount=0, eventTime=5628712, downTime=5628712, deviceId=-1, source=0x101 }
W/ViewRootImpl( 1882): Cancelling event due to no window focus: KeyEvent { action=ACTION_UP, keyCode=KEYCODE_DPAD_RIGHT, scanCode=0, metaState=0, flags=0x420, repeatCount=0, eventTime=5628712, downTime=5628712, deviceId=-1, source=0x101 }
W/ViewRootImpl( 1882): Cancelling event due to no window focus: KeyEvent { action=ACTION_UP, keyCode=KEYCODE_DPAD_RIGHT, scanCode=0, metaState=0, flags=0x420, repeatCount=0, eventTime=5628712, downTime=5628712, deviceId=-1, source=0x101 }
W/ViewRootImpl( 1882): Cancelling event due to no window focus: KeyEvent { action=ACTION_UP, keyCode=KEYCODE_DPAD_RIGHT, scanCode=0, metaState=0, flags=0x420, repeatCount=0, eventTime=5628712, downTime=5628712, deviceId=-1, source=0x101 }
W/ViewRootImpl( 1882): Cancelling event due to no window focus: KeyEvent { action=ACTION_UP, keyCode=KEYCODE_DPAD_RIGHT, scanCode=0, metaState=0, flags=0x420, repeatCount=0, eventTime=5628712, downTime=5628712, deviceId=-1, source=0x101 }
W/ViewRootImpl( 1882): Cancelling event due to no window focus: KeyEvent { action=ACTION_UP, keyCode=KEYCODE_DPAD_RIGHT, scanCode=0, metaState=0, flags=0x420, repeatCount=0, eventTime=5628712, downTime=5628712, deviceId=-1, source=0x101 }
W/ViewRootImpl( 1882): Cancelling event due to no window focus: KeyEvent { action=ACTION_UP, keyCode=KEYCODE_DPAD_RIGHT, scanCode=0, metaState=0, flags=0x420, repeatCount=0, eventTime=5628712, downTime=5628712, deviceId=-1, source=0x101 }
W/ViewRootImpl( 1882): Cancelling event due to no window focus: KeyEvent { action=ACTION_UP, keyCode=KEYCODE_DPAD_RIGHT, scanCode=0, metaState=0, flags=0x420, repeatCount=0, eventTime=5628712, downTime=5628712, deviceId=-1, source=0x101 }
W/ViewRootImpl( 1882): Cancelling event due to no window focus: KeyEvent { action=ACTION_UP, keyCode=KEYCODE_DPAD_RIGHT, scanCode=0, metaState=0, flags=0x420, repeatCount=0, eventTime=5628712, downTime=5628712, deviceId=-1, source=0x101 }
W/ViewRootImpl( 1882): Cancelling event due to no window focus: KeyEvent { action=ACTION_UP, keyCode=KEYCODE_DPAD_RIGHT, scanCode=0, metaState=0, flags=0x420, repeatCount=0, eventTime=5628712, downTime=5628712, deviceId=-1, source=0x101 }
W/ViewRootImpl( 1882): Cancelling event due to no window focus: KeyEvent { action=ACTION_UP, keyCode=KEYCODE_DPAD_RIGHT, scanCode=0, metaState=0, flags=0x420, repeatCount=0, eventTime=5628712, downTime=5628712, deviceId=-1, source=0x101 }
W/ViewRootImpl( 1882): Cancelling event due to no window focus: KeyEvent { action=ACTION_UP, keyCode=KEYCODE_DPAD_RIGHT, scanCode=0, metaState=0, flags=0x420, repeatCount=0, eventTime=5628712, downTime=5628712, deviceId=-1, source=0x101 }
W/ViewRootImpl( 1882): Cancelling event due to no window focus: KeyEvent { action=ACTION_UP, keyCode=KEYCODE_DPAD_RIGHT, scanCode=0, metaState=0, flags=0x420, repeatCount=0, eventTime=5628712, downTime=5628712, deviceId=-1, source=0x101 }
W/ViewRootImpl( 1239): Dropping event due to no window focus: KeyEvent { action=ACTION_DOWN, keyCode=KEYCODE_DPAD_CENTER, scanCode=0, metaState=0, flags=0x8, repeatCount=0, eventTime=5628684, downTime=5628684, deviceId=-1, source=0x101 }
W/ViewRootImpl( 1239): Cancelling event due to no window focus: KeyEvent { action=ACTION_UP, keyCode=KEYCODE_DPAD_CENTER, scanCode=0, metaState=0, flags=0x28, repeatCount=0, eventTime=5628685, downTime=5628685, deviceId=-1, source=0x101 }
W/ViewRootImpl( 1239): Cancelling event due to no window focus: KeyEvent { action=ACTION_UP, keyCode=KEYCODE_DPAD_CENTER, scanCode=0, metaState=0, flags=0x28, repeatCount=0, eventTime=5628685, downTime=5628685, deviceId=-1, source=0x101 }
W/ViewRootImpl( 1239): Cancelling event due to no window focus: KeyEvent { action=ACTION_UP, keyCode=KEYCODE_DPAD_CENTER, scanCode=0, metaState=0, flags=0x28, repeatCount=0, eventTime=5628685, downTime=5628685, deviceId=-1, source=0x101 }
W/ViewRootImpl( 1239): Cancelling event due to no window focus: KeyEvent { action=ACTION_UP, keyCode=KEYCODE_DPAD_CENTER, scanCode=0, metaState=0, flags=0x28, repeatCount=0, eventTime=5628685, downTime=5628685, deviceId=-1, source=0x101 }
W/ViewRootImpl( 1239): Cancelling event due to no window focus: KeyEvent { action=ACTION_UP, keyCode=KEYCODE_DPAD_CENTER, scanCode=0, metaState=0, flags=0x28, repeatCount=0, eventTime=5628685, downTime=5628685, deviceId=-1, source=0x101 }
W/ViewRootImpl( 1239): Cancelling event due to no window focus: KeyEvent { action=ACTION_UP, keyCode=KEYCODE_DPAD_CENTER, scanCode=0, metaState=0, flags=0x28, repeatCount=0, eventTime=5628685, downTime=5628685, deviceId=-1, source=0x101 }
W/ViewRootImpl( 1239): Cancelling event due to no window focus: KeyEvent { action=ACTION_UP, keyCode=KEYCODE_DPAD_CENTER, scanCode=0, metaState=0, flags=0x28, repeatCount=0, eventTime=5628685, downTime=5628685, deviceId=-1, source=0x101 }
W/ViewRootImpl( 1239): Cancelling event due to no window focus: KeyEvent { action=ACTION_UP, keyCode=KEYCODE_DPAD_CENTER, scanCode=0, metaState=0, flags=0x28, repeatCount=0, eventTime=5628685, downTime=5628685, deviceId=-1, source=0x101 }
W/ViewRootImpl( 1239): Cancelling event due to no window focus: KeyEvent { action=ACTION_UP, keyCode=KEYCODE_DPAD_CENTER, scanCode=0, metaState=0, flags=0x28, repeatCount=0, eventTime=5628685, downTime=5628685, deviceId=-1, source=0x101 }
I/AppiumUnicodeIME(  672): onFinishInput
I/AppiumUnicodeIME(  672): onStartInput
I/AppiumUnicodeIME(  672): onKeyDown (keyCode='21', event.keyCode='21', metaState='0')
I/AppiumUnicodeIME(  672): onKeyUp (keyCode='21', event.keyCode='21', metaState='0')
I/AppiumUnicodeIME(  672): onKeyDown (keyCode='23', event.keyCode='23', metaState='0')
I/AppiumUnicodeIME(  672): onKeyUp (keyCode='23', event.keyCode='23', metaState='0')
W/AudioTrack(  527): AUDIO_OUTPUT_FLAG_FAST denied by client
V/WindowManager(  527): not Base app: Adding window Window{33c0c1ef u0 com.zzl.falcon.internal/com.zzl.falcon.invest.InvestmentDetailActivity} at 47 of 52
W/ViewRootImpl( 1239): Dropping event due to no window focus: KeyEvent { action=ACTION_DOWN, keyCode=KEYCODE_DPAD_LEFT, scanCode=0, metaState=0, flags=0x8, repeatCount=0, eventTime=5628862, downTime=5628862, deviceId=-1, source=0x101 }
W/EGL_emulation( 1239): eglSurfaceAttrib not implemented
W/OpenGLRenderer( 1239): Failed to set EGL_SWAP_BEHAVIOR on surface 0xdd09a100, error=EGL_SUCCESS
W/ViewRootImpl( 1239): Cancelling event due to no window focus: KeyEvent { action=ACTION_UP, keyCode=KEYCODE_DPAD_LEFT, scanCode=0, metaState=0, flags=0x28, repeatCount=0, eventTime=5628949, downTime=5628949, deviceId=-1, source=0x101 }
W/ViewRootImpl( 1239): Cancelling event due to no window focus: KeyEvent { action=ACTION_UP, keyCode=KEYCODE_DPAD_LEFT, scanCode=0, metaState=0, flags=0x28, repeatCount=0, eventTime=5628949, downTime=5628949, deviceId=-1, source=0x101 }
W/ViewRootImpl( 1239): Cancelling event due to no window focus: KeyEvent { action=ACTION_UP, keyCode=KEYCODE_DPAD_LEFT, scanCode=0, metaState=0, flags=0x28, repeatCount=0, eventTime=5628949, downTime=5628949, deviceId=-1, source=0x101 }
W/ViewRootImpl( 1239): Cancelling event due to no window focus: KeyEvent { action=ACTION_UP, keyCode=KEYCODE_DPAD_LEFT, scanCode=0, metaState=0, flags=0x28, repeatCount=0, eventTime=5628949, downTime=5628949, deviceId=-1, source=0x101 }
W/ViewRootImpl( 1239): Cancelling event due to no window focus: KeyEvent { action=ACTION_UP, keyCode=KEYCODE_DPAD_LEFT, scanCode=0, metaState=0, flags=0x28, repeatCount=0, eventTime=5628949, downTime=5628949, deviceId=-1, source=0x101 }
W/ViewRootImpl( 1239): Cancelling event due to no window focus: KeyEvent { action=ACTION_UP, keyCode=KEYCODE_DPAD_LEFT, scanCode=0, metaState=0, flags=0x28, repeatCount=0, eventTime=5628949, downTime=5628949, deviceId=-1, source=0x101 }
W/ViewRootImpl( 1239): Cancelling event due to no window focus: KeyEvent { action=ACTION_UP, keyCode=KEYCODE_DPAD_LEFT, scanCode=0, metaState=0, flags=0x28, repeatCount=0, eventTime=5628949, downTime=5628949, deviceId=-1, source=0x101 }
W/ViewRootImpl( 1239): Cancelling event due to no window focus: KeyEvent { action=ACTION_UP, keyCode=KEYCODE_DPAD_LEFT, scanCode=0, metaState=0, flags=0x28, repeatCount=0, eventTime=5628949, downTime=5628949, deviceId=-1, source=0x101 }
W/ViewRootImpl( 1239): Cancelling event due to no window focus: KeyEvent { action=ACTION_UP, keyCode=KEYCODE_DPAD_LEFT, scanCode=0, metaState=0, flags=0x28, repeatCount=0, eventTime=5628949, downTime=5628949, deviceId=-1, source=0x101 }
W/ViewRootImpl( 1239): Dropping event due to no window focus: MotionEvent { action=ACTION_MOVE, id[0]=0, x[0]=-1.0, y[0]=-2.0, toolType[0]=TOOL_TYPE_UNKNOWN, buttonState=0, metaState=0, flags=0x0, edgeFlags=0x0, pointerCount=1, historySize=19, eventTime=5628969, downTime=-1, deviceId=0, source=0x10004 }
W/ViewRootImpl( 1239): Dropping event due to no window focus: KeyEvent { action=ACTION_DOWN, keyCode=KEYCODE_DPAD_UP, scanCode=0, metaState=0, flags=0x8, repeatCount=0, eventTime=5628970, downTime=5628970, deviceId=-1, source=0x101 }
W/ViewRootImpl( 1239): Cancelling event due to no window focus: KeyEvent { action=ACTION_UP, keyCode=KEYCODE_DPAD_UP, scanCode=0, metaState=0, flags=0x28, repeatCount=0, eventTime=5629071, downTime=5629071, deviceId=-1, source=0x101 }
W/ViewRootImpl( 1239): Cancelling event due to no window focus: KeyEvent { action=ACTION_UP, keyCode=KEYCODE_DPAD_UP, scanCode=0, metaState=0, flags=0x28, repeatCount=0, eventTime=5629071, downTime=5629071, deviceId=-1, source=0x101 }
W/ViewRootImpl( 1239): Cancelling event due to no window focus: KeyEvent { action=ACTION_UP, keyCode=KEYCODE_DPAD_UP, scanCode=0, metaState=0, flags=0x28, repeatCount=0, eventTime=5629071, downTime=5629071, deviceId=-1, source=0x101 }
W/ViewRootImpl( 1239): Cancelling event due to no window focus: KeyEvent { action=ACTION_UP, keyCode=KEYCODE_DPAD_UP, scanCode=0, metaState=0, flags=0x28, repeatCount=0, eventTime=5629071, downTime=5629071, deviceId=-1, source=0x101 }
W/ViewRootImpl( 1239): Cancelling event due to no window focus: KeyEvent { action=ACTION_UP, keyCode=KEYCODE_DPAD_UP, scanCode=0, metaState=0, flags=0x28, repeatCount=0, eventTime=5629071, downTime=5629071, deviceId=-1, source=0x101 }
W/ViewRootImpl( 1239): Cancelling event due to no window focus: KeyEvent { action=ACTION_UP, keyCode=KEYCODE_DPAD_UP, scanCode=0, metaState=0, flags=0x28, repeatCount=0, eventTime=5629071, downTime=5629071, deviceId=-1, source=0x101 }
W/ViewRootImpl( 1239): Cancelling event due to no window focus: KeyEvent { action=ACTION_UP, keyCode=KEYCODE_DPAD_UP, scanCode=0, metaState=0, flags=0x28, repeatCount=0, eventTime=5629071, downTime=5629071, deviceId=-1, source=0x101 }
W/ViewRootImpl( 1239): Cancelling event due to no window focus: KeyEvent { action=ACTION_UP, keyCode=KEYCODE_DPAD_UP, scanCode=0, metaState=0, flags=0x28, repeatCount=0, eventTime=5629071, downTime=5629071, deviceId=-1, source=0x101 }
W/ViewRootImpl( 1239): Cancelling event due to no window focus: KeyEvent { action=ACTION_UP, keyCode=KEYCODE_DPAD_UP, scanCode=0, metaState=0, flags=0x28, repeatCount=0, eventTime=5629071, downTime=5629071, deviceId=-1, source=0x101 }
W/AudioTrack(  527): AUDIO_OUTPUT_FLAG_FAST denied by client
V/WindowManager(  527): not Base app: Adding window Window{19d36785 u0 com.zzl.falcon.internal/com.zzl.falcon.invest.InvestmentDetailActivity} at 48 of 53
W/ViewRootImpl( 1239): Dropping event due to no window focus: KeyEvent { action=ACTION_DOWN, keyCode=KEYCODE_TV_POWER, scanCode=0, metaState=0, flags=0x8, repeatCount=0, eventTime=5629130, downTime=5629130, deviceId=-1, source=0x101 }
W/ViewRootImpl( 1239): Cancelling event due to no window focus: KeyEvent { action=ACTION_UP, keyCode=KEYCODE_TV_POWER, scanCode=0, metaState=0, flags=0x28, repeatCount=0, eventTime=5629145, downTime=5629145, deviceId=-1, source=0x101 }
W/ViewRootImpl( 1239): Cancelling event due to no window focus: KeyEvent { action=ACTION_UP, keyCode=KEYCODE_TV_POWER, scanCode=0, metaState=0, flags=0x28, repeatCount=0, eventTime=5629145, downTime=5629145, deviceId=-1, source=0x101 }
W/ViewRootImpl( 1239): Cancelling event due to no window focus: KeyEvent { action=ACTION_UP, keyCode=KEYCODE_TV_POWER, scanCode=0, metaState=0, flags=0x28, repeatCount=0, eventTime=5629145, downTime=5629145, deviceId=-1, source=0x101 }
W/ViewRootImpl( 1239): Cancelling event due to no window focus: KeyEvent { action=ACTION_UP, keyCode=KEYCODE_TV_POWER, scanCode=0, metaState=0, flags=0x28, repeatCount=0, eventTime=5629145, downTime=5629145, deviceId=-1, source=0x101 }
W/ViewRootImpl( 1239): Cancelling event due to no window focus: KeyEvent { action=ACTION_UP, keyCode=KEYCODE_TV_POWER, scanCode=0, metaState=0, flags=0x28, repeatCount=0, eventTime=5629145, downTime=5629145, deviceId=-1, source=0x101 }
W/ViewRootImpl( 1239): Cancelling event due to no window focus: KeyEvent { action=ACTION_UP, keyCode=KEYCODE_TV_POWER, scanCode=0, metaState=0, flags=0x28, repeatCount=0, eventTime=5629145, downTime=5629145, deviceId=-1, source=0x101 }
W/ViewRootImpl( 1239): Cancelling event due to no window focus: KeyEvent { action=ACTION_UP, keyCode=KEYCODE_TV_POWER, scanCode=0, metaState=0, flags=0x28, repeatCount=0, eventTime=5629145, downTime=5629145, deviceId=-1, source=0x101 }
W/ViewRootImpl( 1239): Cancelling event due to no window focus: KeyEvent { action=ACTION_UP, keyCode=KEYCODE_TV_POWER, scanCode=0, metaState=0, flags=0x28, repeatCount=0, eventTime=5629145, downTime=5629145, deviceId=-1, source=0x101 }
W/ViewRootImpl( 1239): Cancelling event due to no window focus: KeyEvent { action=ACTION_UP, keyCode=KEYCODE_TV_POWER, scanCode=0, metaState=0, flags=0x28, repeatCount=0, eventTime=5629145, downTime=5629145, deviceId=-1, source=0x101 }
W/EGL_emulation( 1239): eglSurfaceAttrib not implemented
W/OpenGLRenderer( 1239): Failed to set EGL_SWAP_BEHAVIOR on surface 0xdf53a440, error=EGL_SUCCESS
W/ViewRootImpl( 1239): Dropping event due to no window focus: KeyEvent { action=ACTION_DOWN, keyCode=KEYCODE_DPAD_CENTER, scanCode=0, metaState=0, flags=0x8, repeatCount=0, eventTime=5629148, downTime=5629148, deviceId=-1, source=0x101 }
W/AudioTrack(  527): AUDIO_OUTPUT_FLAG_FAST denied by client
W/AudioTrack(  527): AUDIO_OUTPUT_FLAG_FAST denied by client
W/ViewRootImpl( 1239): Cancelling event due to no window focus: KeyEvent { action=ACTION_UP, keyCode=KEYCODE_MENU, scanCode=0, metaState=0, flags=0x28, repeatCount=0, eventTime=5629379, downTime=5629379, deviceId=-1, source=0x101 }
W/ViewRootImpl( 1239): Cancelling event due to no window focus: KeyEvent { action=ACTION_UP, keyCode=KEYCODE_MENU, scanCode=0, metaState=0, flags=0x28, repeatCount=0, eventTime=5629379, downTime=5629379, deviceId=-1, source=0x101 }
W/ViewRootImpl( 1239): Cancelling event due to no window focus: KeyEvent { action=ACTION_UP, keyCode=KEYCODE_MENU, scanCode=0, metaState=0, flags=0x28, repeatCount=0, eventTime=5629379, downTime=5629379, deviceId=-1, source=0x101 }
W/ViewRootImpl( 1239): Cancelling event due to no window focus: KeyEvent { action=ACTION_UP, keyCode=KEYCODE_MENU, scanCode=0, metaState=0, flags=0x28, repeatCount=0, eventTime=5629379, downTime=5629379, deviceId=-1, source=0x101 }
W/ViewRootImpl( 1239): Cancelling event due to no window focus: KeyEvent { action=ACTION_UP, keyCode=KEYCODE_MENU, scanCode=0, metaState=0, flags=0x28, repeatCount=0, eventTime=5629379, downTime=5629379, deviceId=-1, source=0x101 }
W/ViewRootImpl( 1239): Cancelling event due to no window focus: KeyEvent { action=ACTION_UP, keyCode=KEYCODE_MENU, scanCode=0, metaState=0, flags=0x28, repeatCount=0, eventTime=5629379, downTime=5629379, deviceId=-1, source=0x101 }
W/ViewRootImpl( 1239): Dropping event due to no window focus: KeyEvent { action=ACTION_DOWN, keyCode=KEYCODE_DPAD_UP, scanCode=0, metaState=0, flags=0x8, repeatCount=0, eventTime=5629382, downTime=5629382, deviceId=-1, source=0x101 }
W/ViewRootImpl( 1239): Cancelling event due to no window focus: KeyEvent { action=ACTION_UP, keyCode=KEYCODE_DPAD_UP, scanCode=0, metaState=0, flags=0x28, repeatCount=0, eventTime=5629396, downTime=5629396, deviceId=-1, source=0x101 }
W/ViewRootImpl( 1239): Cancelling event due to no window focus: KeyEvent { action=ACTION_UP, keyCode=KEYCODE_DPAD_UP, scanCode=0, metaState=0, flags=0x28, repeatCount=0, eventTime=5629396, downTime=5629396, deviceId=-1, source=0x101 }
W/ViewRootImpl( 1239): Cancelling event due to no window focus: KeyEvent { action=ACTION_UP, keyCode=KEYCODE_DPAD_UP, scanCode=0, metaState=0, flags=0x28, repeatCount=0, eventTime=5629396, downTime=5629396, deviceId=-1, source=0x101 }
W/ViewRootImpl( 1239): Cancelling event due to no window focus: KeyEvent { action=ACTION_UP, keyCode=KEYCODE_DPAD_UP, scanCode=0, metaState=0, flags=0x28, repeatCount=0, eventTime=5629396, downTime=5629396, deviceId=-1, source=0x101 }
W/ViewRootImpl( 1239): Cancelling event due to no window focus: KeyEvent { action=ACTION_UP, keyCode=KEYCODE_DPAD_UP, scanCode=0, metaState=0, flags=0x28, repeatCount=0, eventTime=5629396, downTime=5629396, deviceId=-1, source=0x101 }
W/ViewRootImpl( 1239): Cancelling event due to no window focus: KeyEvent { action=ACTION_UP, keyCode=KEYCODE_DPAD_UP, scanCode=0, metaState=0, flags=0x28, repeatCount=0, eventTime=5629396, downTime=5629396, deviceId=-1, source=0x101 }
W/ViewRootImpl( 1239): Cancelling event due to no window focus: KeyEvent { action=ACTION_UP, keyCode=KEYCODE_DPAD_UP, scanCode=0, metaState=0, flags=0x28, repeatCount=0, eventTime=5629396, downTime=5629396, deviceId=-1, source=0x101 }
W/ViewRootImpl( 1239): Cancelling event due to no window focus: KeyEvent { action=ACTION_UP, keyCode=KEYCODE_DPAD_UP, scanCode=0, metaState=0, flags=0x28, repeatCount=0, eventTime=5629396, downTime=5629396, deviceId=-1, source=0x101 }
W/ViewRootImpl( 1239): Cancelling event due to no window focus: KeyEvent { action=ACTION_UP, keyCode=KEYCODE_DPAD_UP, scanCode=0, metaState=0, flags=0x28, repeatCount=0, eventTime=5629396, downTime=5629396, deviceId=-1, source=0x101 }
D/OkHttp  ( 1239): <-- 200 OK http://116.236.220.210:8084/appAccount/appMyAccount?userId=4a773301b0454a8db534d880901c0754&bankAccount=6212461030000553952 (766ms)
D/OkHttp  ( 1239): Server: Apache-Coyote/1.1
D/OkHttp  ( 1239): Set-Cookie: JSESSIONID=80CC48032E402CA84275135FBDFD08EF; Path=/; HttpOnly
D/OkHttp  ( 1239): Content-Type: application/json;charset=UTF-8
D/OkHttp  ( 1239): Content-Length: 484
D/OkHttp  ( 1239): Date: Sat, 13 Jan 2018 08:17:14 GMT
D/OkHttp  ( 1239): {"appSignInActivityStatus":1,"noticesPrizeType":0,"todayBonusStatus":0,"interestTotal":"0","appOpenBonusStatus":1,"expDirTransferTotal":0,"haveMeaasge":"0","signInDays":0,"responseCode":"1","availableBalance":"0.0","receivedPrinciaplTotal":"0","signInStatus":0,"bonusTotalAmount":0,"haveMoney":"1","haveScore":"","unUseVirtualTotal":2,"balance":"0.0","unReceivedInterestTotal":"0","unReceivedPrinciaplTotal":"0","expDirPrinciaplTotal":0,"unReadMessageTotal":0,"firstScoreRecordId":""}
D/OkHttp  ( 1239): <-- END HTTP (484-byte body)
D/MediaPlaybackService( 1003): No play queue
W/AudioTrack(  527): AUDIO_OUTPUT_FLAG_FAST denied by client
W/ViewRootImpl( 1239): Dropping event due to no window focus: KeyEvent { action=ACTION_DOWN, keyCode=KEYCODE_MENU, scanCode=0, metaState=0, flags=0x8, repeatCount=0, eventTime=5629603, downTime=5629603, deviceId=-1, source=0x101 }
W/InputMethodManagerService(  527): Window already focused, ignoring focus gain of: com.android.internal.view.IInputMethodClient$Stub$Proxy@367f8900 attribute=null, token = android.os.BinderProxy@7d4c16e
I/AppiumUnicodeIME(  672): onKeyUp (keyCode='82', event.keyCode='82', metaState='0')
I/AppiumUnicodeIME(  672): onKeyDown (keyCode='23', event.keyCode='23', metaState='0')
I/AppiumUnicodeIME(  672): onKeyUp (keyCode='23', event.keyCode='23', metaState='0')
W/AudioTrack(  527): AUDIO_OUTPUT_FLAG_FAST denied by client
V/WindowManager(  527): not Base app: Adding window Window{1895477e u0 com.zzl.falcon.internal/com.zzl.falcon.invest.InvestmentDetailActivity} at 48 of 53
W/ViewRootImpl( 1239): Dropping event due to no window focus: MotionEvent { action=ACTION_MOVE, id[0]=0, x[0]=-3.0, y[0]=0.0, toolType[0]=TOOL_TYPE_UNKNOWN, buttonState=0, metaState=0, flags=0x0, edgeFlags=0x0, pointerCount=1, historySize=9, eventTime=5629675, downTime=-1, deviceId=0, source=0x10004 }
W/ViewRootImpl( 1239): Dropping event due to no window focus: KeyEvent { action=ACTION_DOWN, keyCode=KEYCODE_VOLUME_UP, scanCode=0, metaState=0, flags=0x8, repeatCount=0, eventTime=5629676, downTime=5629676, deviceId=-1, source=0x101 }
W/EGL_emulation( 1239): eglSurfaceAttrib not implemented
W/OpenGLRenderer( 1239): Failed to set EGL_SWAP_BEHAVIOR on surface 0xdd09a100, error=EGL_SUCCESS
W/ViewRootImpl( 1239): Cancelling event due to no window focus: KeyEvent { action=ACTION_UP, keyCode=KEYCODE_VOLUME_UP, scanCode=0, metaState=0, flags=0x28, repeatCount=0, eventTime=5629687, downTime=5629687, deviceId=-1, source=0x101 }
W/ViewRootImpl( 1239): Cancelling event due to no window focus: KeyEvent { action=ACTION_UP, keyCode=KEYCODE_VOLUME_UP, scanCode=0, metaState=0, flags=0x28, repeatCount=0, eventTime=5629687, downTime=5629687, deviceId=-1, source=0x101 }
W/ViewRootImpl( 1239): Cancelling event due to no window focus: KeyEvent { action=ACTION_UP, keyCode=KEYCODE_VOLUME_UP, scanCode=0, metaState=0, flags=0x28, repeatCount=0, eventTime=5629687, downTime=5629687, deviceId=-1, source=0x101 }
W/ViewRootImpl( 1239): Cancelling event due to no window focus: KeyEvent { action=ACTION_UP, keyCode=KEYCODE_VOLUME_UP, scanCode=0, metaState=0, flags=0x28, repeatCount=0, eventTime=5629687, downTime=5629687, deviceId=-1, source=0x101 }
W/ViewRootImpl( 1239): Cancelling event due to no window focus: KeyEvent { action=ACTION_UP, keyCode=KEYCODE_VOLUME_UP, scanCode=0, metaState=0, flags=0x28, repeatCount=0, eventTime=5629687, downTime=5629687, deviceId=-1, source=0x101 }
W/ViewRootImpl( 1239): Cancelling event due to no window focus: KeyEvent { action=ACTION_UP, keyCode=KEYCODE_VOLUME_UP, scanCode=0, metaState=0, flags=0x28, repeatCount=0, eventTime=5629687, downTime=5629687, deviceId=-1, source=0x101 }
W/ViewRootImpl( 1239): Dropping event due to no window focus: KeyEvent { action=ACTION_DOWN, keyCode=KEYCODE_DPAD_UP, scanCode=0, metaState=0, flags=0x8, repeatCount=0, eventTime=5629688, downTime=5629688, deviceId=-1, source=0x101 }
D/PhoneStatusBar(  636): disable: < expand ICONS* alerts SYSTEM_INFO* back home recent clock search >
D/PhoneStatusBar(  636): disable: < expand icons* alerts system_info* back home recent clock search >
W/AudioTrack(  527): AUDIO_OUTPUT_FLAG_FAST denied by client
I/ActivityManager(  527): START u0 {act=android.intent.action.MAIN cat=[android.intent.category.LAUNCHER] flg=0x10200000 cmp=com.zzl.falcon.internal/com.squareup.leakcanary.internal.DisplayLeakActivity} from uid 0 on display 0
W/InputMethodManagerService(  527): Window already focused, ignoring focus gain of: com.android.internal.view.IInputMethodClient$Stub$Proxy@3ccc04df attribute=null, token = android.os.BinderProxy@7d4c16e
E/EGL_emulation(  502): tid 502: eglCreateSyncKHR(1209): error 0x3004 (EGL_BAD_ATTRIBUTE)
V/WindowManager(  527): addAppToken: AppWindowToken{17ba5d8a token=Token{11963bf5 ActivityRecord{2fd4352c u0 com.zzl.falcon.internal/com.squareup.leakcanary.internal.DisplayLeakActivity t42}}} to stack=1 task=42 at 43
V/WindowManager(  527): Adding window Window{30e57818 u0 com.zzl.falcon.internal/com.squareup.leakcanary.internal.DisplayLeakActivity} at 48 of 53 (after Window{37a5e12e u0 com.zzl.falcon.internal/com.squareup.leakcanary.internal.DisplayLeakActivity})
W/EGL_emulation( 1882): eglSurfaceAttrib not implemented
W/OpenGLRenderer( 1882): Failed to set EGL_SWAP_BEHAVIOR on surface 0xe0c60600, error=EGL_SUCCESS
W/ViewRootImpl( 1882): Dropping event due to no window focus: KeyEvent { action=ACTION_DOWN, keyCode=KEYCODE_BUTTON_R1, scanCode=0, metaState=0, flags=0x8, repeatCount=0, eventTime=5630079, downTime=5630079, deviceId=-1, source=0x101 }
W/ViewRootImpl( 1882): Cancelling event due to no window focus: KeyEvent { action=ACTION_UP, keyCode=KEYCODE_BUTTON_R1, scanCode=0, metaState=0, flags=0x28, repeatCount=0, eventTime=5630159, downTime=5630159, deviceId=-1, source=0x101 }
W/ViewRootImpl( 1882): Cancelling event due to no window focus: KeyEvent { action=ACTION_UP, keyCode=KEYCODE_BUTTON_R1, scanCode=0, metaState=0, flags=0x28, repeatCount=0, eventTime=5630159, downTime=5630159, deviceId=-1, source=0x101 }
W/ViewRootImpl( 1882): Cancelling event due to no window focus: KeyEvent { action=ACTION_UP, keyCode=KEYCODE_BUTTON_R1, scanCode=0, metaState=0, flags=0x28, repeatCount=0, eventTime=5630159, downTime=5630159, deviceId=-1, source=0x101 }
W/ViewRootImpl( 1882): Cancelling event due to no window focus: KeyEvent { action=ACTION_UP, keyCode=KEYCODE_BUTTON_R1, scanCode=0, metaState=0, flags=0x28, repeatCount=0, eventTime=5630159, downTime=5630159, deviceId=-1, source=0x101 }
W/ViewRootImpl( 1882): Cancelling event due to no window focus: KeyEvent { action=ACTION_UP, keyCode=KEYCODE_BUTTON_R1, scanCode=0, metaState=0, flags=0x28, repeatCount=0, eventTime=5630159, downTime=5630159, deviceId=-1, source=0x101 }
W/ViewRootImpl( 1882): Cancelling event due to no window focus: KeyEvent { action=ACTION_UP, keyCode=KEYCODE_BUTTON_R1, scanCode=0, metaState=0, flags=0x28, repeatCount=0, eventTime=5630159, downTime=5630159, deviceId=-1, source=0x101 }
W/ViewRootImpl( 1882): Cancelling event due to no window focus: KeyEvent { action=ACTION_UP, keyCode=KEYCODE_BUTTON_R1, scanCode=0, metaState=0, flags=0x28, repeatCount=0, eventTime=5630159, downTime=5630159, deviceId=-1, source=0x101 }
W/ViewRootImpl( 1882): Cancelling event due to no window focus: KeyEvent { action=ACTION_UP, keyCode=KEYCODE_BUTTON_R1, scanCode=0, metaSt