I/ActivityManager(  527): Killing 1379:com.android.providers.calendar/u0a1 (adj 15): empty for 6570s
W/libprocessgroup(  527): failed to open /acct/uid_10001/pid_1379/cgroup.procs: No such file or directory
E/libprocessgroup( 4646): failed to make and chown /acct/uid_10006: Read-only file system
W/Zygote  ( 4646): createProcessGroup failed, kernel missing CONFIG_CGROUP_CPUACCT?
I/ActivityManager(  527): Start proc 4646:com.android.externalstorage/u0a6 for content provider com.android.externalstorage/.ExternalStorageProvider
I/ActivityManager(  527): Killing 1971:com.android.inputmethod.latin/u0a38 (adj 15): empty for 6570s
W/libprocessgroup(  527): failed to open /acct/uid_10038/pid_1971/cgroup.procs: No such file or directory
D/ExternalStorage( 4646): After updating volumes, found 1 active roots
D/Documents( 4627): Update found 6 roots in 127ms
D/Documents( 4627): Update found 6 roots in 19ms
I/art     (  527): Explicit concurrent mark sweep GC freed 8983(466KB) AllocSpace objects, 2(32KB) LOS objects, 33% free, 11MB/17MB, paused 465us total 23.614ms
I/art     (  636): Explicit concurrent mark sweep GC freed 3567(185KB) AllocSpace objects, 0(0B) LOS objects, 39% free, 9MB/15MB, paused 265us total 11.177ms
I/art     (  527): Explicit concurrent mark sweep GC freed 6826(295KB) AllocSpace objects, 3(1168KB) LOS objects, 33% free, 10MB/16MB, paused 720us total 18.163ms
I/art     (  636): Explicit concurrent mark sweep GC freed 3306(173KB) AllocSpace objects, 0(0B) LOS objects, 40% free, 9MB/15MB, paused 505us total 10.927ms
I/art     (  527): Explicit concurrent mark sweep GC freed 6508(258KB) AllocSpace objects, 0(0B) LOS objects, 33% free, 10MB/16MB, paused 665us total 17.956ms
I/art     (  636): Explicit concurrent mark sweep GC freed 3621(188KB) AllocSpace objects, 0(0B) LOS objects, 40% free, 9MB/15MB, paused 288us total 10.285ms
I/art     (  527): Explicit concurrent mark sweep GC freed 6542(260KB) AllocSpace objects, 0(0B) LOS objects, 33% free, 10MB/16MB, paused 664us total 17.326ms
I/art     (  636): Explicit concurrent mark sweep GC freed 3948(201KB) AllocSpace objects, 0(0B) LOS objects, 40% free, 9MB/15MB, paused 265us total 10.273ms
I/art     (  527): Explicit concurrent mark sweep GC freed 6347(251KB) AllocSpace objects, 0(0B) LOS objects, 33% free, 10MB/16MB, paused 721us total 18.383ms
I/art     (  636): Explicit concurrent mark sweep GC freed 3632(188KB) AllocSpace objects, 0(0B) LOS objects, 39% free, 9MB/15MB, paused 355us total 10.984ms
I/art     (  527): Explicit concurrent mark sweep GC freed 6428(254KB) AllocSpace objects, 0(0B) LOS objects, 33% free, 10MB/16MB, paused 944us total 24.648ms
I/art     (  636): Explicit concurrent mark sweep GC freed 3621(188KB) AllocSpace objects, 0(0B) LOS objects, 39% free, 9MB/15MB, paused 551us total 10.225ms
I/art     (  527): Explicit concurrent mark sweep GC freed 6431(255KB) AllocSpace objects, 0(0B) LOS objects, 33% free, 10MB/16MB, paused 788us total 18.470ms
I/art     (  636): Explicit concurrent mark sweep GC freed 3621(188KB) AllocSpace objects, 0(0B) LOS objects, 39% free, 9MB/15MB, paused 287us total 11.299ms
I/art     (  527): Explicit concurrent mark sweep GC freed 6818(272KB) AllocSpace objects, 0(0B) LOS objects, 33% free, 10MB/16MB, paused 413us total 17.953ms
I/art     (  636): Explicit concurrent mark sweep GC freed 3622(188KB) AllocSpace objects, 0(0B) LOS objects, 39% free, 9MB/15MB, paused 542us total 12.239ms
I/art     (  527): Explicit concurrent mark sweep GC freed 5938(233KB) AllocSpace objects, 0(0B) LOS objects, 33% free, 10MB/16MB, paused 731us total 17.954ms
I/art     (  636): Explicit concurrent mark sweep GC freed 3612(188KB) AllocSpace objects, 0(0B) LOS objects, 39% free, 9MB/15MB, paused 497us total 10.849ms
I/art     (  527): Explicit concurrent mark sweep GC freed 6420(254KB) AllocSpace objects, 0(0B) LOS objects, 33% free, 10MB/16MB, paused 415us total 17.261ms
I/art     (  636): Explicit concurrent mark sweep GC freed 3621(188KB) AllocSpace objects, 0(0B) LOS objects, 39% free, 9MB/15MB, paused 278us total 11.553ms
I/AppiumUnicodeIME(  672): onKeyDown (keyCode='4', event.keyCode='4', metaState='0')
I/AppiumUnicodeIME(  672): onKeyUp (keyCode='4', event.keyCode='4', metaState='0')
W/AudioTrack(  527): AUDIO_OUTPUT_FLAG_FAST denied by client
W/EGL_emulation( 4154): eglSurfaceAttrib not implemented
W/OpenGLRenderer( 4154): Failed to set EGL_SWAP_BEHAVIOR on surface 0xe1500be0, error=EGL_SUCCESS
I/AppiumUnicodeIME(  672): onFinishInput
I/AppiumUnicodeIME(  672): onStartInput
I/art     ( 4154): Explicit concurrent mark sweep GC freed 21498(1389KB) AllocSpace objects, 0(0B) LOS objects, 40% free, 8MB/13MB, paused 982us total 31.986ms
I/art     ( 4154): Explicit concurrent mark sweep GC freed 5725(392KB) AllocSpace objects, 2(24KB) LOS objects, 40% free, 7MB/12MB, paused 2.033ms total 14.818ms
I/art     ( 4154): Explicit concurrent mark sweep GC freed 12(624B) AllocSpace objects, 0(0B) LOS objects, 39% free, 7MB/12MB, paused 954us total 13.754ms
I/AppiumUnicodeIME(  672): onKeyDown (keyCode='4', event.keyCode='4', metaState='0')
I/art     (  527): Explicit concurrent mark sweep GC freed 22866(1136KB) AllocSpace objects, 0(0B) LOS objects, 33% free, 10MB/16MB, paused 2.183ms total 53.407ms
I/AppiumUnicodeIME(  672): onKeyUp (keyCode='4', event.keyCode='4', metaState='0')
W/AudioTrack(  527): AUDIO_OUTPUT_FLAG_FAST denied by client
W/EGL_emulation( 4154): eglSurfaceAttrib not implemented
W/OpenGLRenderer( 4154): Failed to set EGL_SWAP_BEHAVIOR on surface 0xf3f7bd20, error=EGL_SUCCESS
D/DashboardSummary( 4154): rebuildUI took: 35 ms
I/AppiumUnicodeIME(  672): onFinishInput
I/AppiumUnicodeIME(  672): onStartInput
I/art     ( 4154): Explicit concurrent mark sweep GC freed 1570(98KB) AllocSpace objects, 0(0B) LOS objects, 40% free, 7MB/13MB, paused 1.156ms total 14.397ms
W/AudioTrack(  527): AUDIO_OUTPUT_FLAG_FAST denied by client
I/ActivityManager(  527): START u0 {act=android.intent.action.MAIN cat=[android.intent.category.HOME] flg=0x10200000 cmp=com.android.launcher3/.Launcher} from uid 1000 on display 0
I/art     ( 4154): Explicit concurrent mark sweep GC freed 11216(955KB) AllocSpace objects, 3(87KB) LOS objects, 40% free, 6MB/11MB, paused 335us total 17.591ms
I/art     ( 4154): Explicit concurrent mark sweep GC freed 3(96B) AllocSpace objects, 0(0B) LOS objects, 40% free, 6MB/11MB, paused 296us total 11.663ms
E/EGL_emulation(  502): tid 502: eglCreateSyncKHR(1209): error 0x3004 (EGL_BAD_ATTRIBUTE)
W/EGL_emulation(  785): eglSurfaceAttrib not implemented
W/OpenGLRenderer(  785): Failed to set EGL_SWAP_BEHAVIOR on surface 0xe18110e0, error=EGL_SUCCESS
I/AppiumUnicodeIME(  672): onFinishInput
I/AppiumUnicodeIME(  672): onStartInput
I/art     (  636): Explicit concurrent mark sweep GC freed 5022(248KB) AllocSpace objects, 0(0B) LOS objects, 39% free, 9MB/15MB, paused 308us total 17.355ms
W/OpenGLRenderer(  785): Incorrectly called buildLayer on View: ShortcutAndWidgetContainer, destroying layer...
W/ResourceType(  636): No package identifier when getting value for resource number 0x00000000
W/PackageManager(  636): Failure retrieving resources for com.android.settings: Resource ID #0x0
W/AudioTrack(  527): AUDIO_OUTPUT_FLAG_FAST denied by client
I/ActivityManager(  527): START u0 {act=android.intent.action.MAIN cat=[android.intent.category.LAUNCHER] flg=0x10200000 cmp=com.zzl.falcon.internal/com.zzl.falcon.EntranceActivity (has extras)} from uid 10039 on display 0
W/AudioTrack(  527): AUDIO_OUTPUT_FLAG_FAST denied by client
V/WindowManager(  527): addAppToken: AppWindowToken{341f3f31 token=Token{34368fd8 ActivityRecord{2f21aebb u0 com.zzl.falcon.internal/com.zzl.falcon.EntranceActivity t45}}} to stack=1 task=45 at 0
E/libprocessgroup( 4682): failed to make and chown /acct/uid_10068: Read-only file system
W/Zygote  ( 4682): createProcessGroup failed, kernel missing CONFIG_CGROUP_CPUACCT?
I/art     ( 4682): Late-enabling -Xcheck:jni
I/ActivityManager(  527): Start proc 4682:com.zzl.falcon.internal/u0a68 for activity com.zzl.falcon.internal/com.zzl.falcon.EntranceActivity
D/MessageProvider( 4682): MessageStoreHelper-->onCreate-->start
D/MessageProvider( 4682): MessageStoreHelper-->onCreate-->end
D/MessageProvider( 4682): MsgLogStoreHelper-->onCreate
D/ForegroundCallbacks( 4682): went foreground
D/OpenGLRenderer( 4682): Use EGL_SWAP_BEHAVIOR_PRESERVED: true
D/        ( 4682): HostConnection::get() New Host Connection established 0xf3e9ac60, tid 4682
D/Atlas   ( 4682): Validating map...
V/WindowManager(  527): Adding window Window{3bb36da2 u0 com.zzl.falcon.internal/com.zzl.falcon.EntranceActivity} at 4 of 9 (after Window{9001131 u0 com.android.settings/com.android.settings.Settings})
D/com.umeng.message.PushAgent( 4682): The AndroidManifest config is right
E/umengsocial( 4682): ----sdkversion:6.4.4---
E/umengsocial( 4682):  debug:APPIDConfig.DEBUG = true
E/umengsocial( 4682): https://at.umeng.com/0fqeCy?cid=476
D/6.4.4net_test----( 4682): URequest  = com.umeng.socialize.net.ActionBarRequest
I/accs.AccsClientConfig( 4682):  init config from xml configtags:
I/accs.Utils( 4682):  setMode mode:0
D/6.4.4net_test----( 4682): urlPath=https://log.umsns.com/bar/get/56aadbf567e58e38d4000976/?  SocializeNetUtils url=pcv=2.0&md5imei=5284047F4FFB4E04824A2FD1D1F0CD62&ak=56aadbf567e58e38d4000976&de=Custom+Phone+-+5.1.0+-+API+22+-+768x1280&mac=08%3A00%3A27%3Ae6%3Ac2%3Ade&sn=unknown&os=Android&opid=1&imei=000000000000000&dc=com.umeng.share&en=Wi-Fi&name=share&tp=1&os_version=5.1&ni=0&u_sharetype=native&sdkv=6.4.4&dt=1515832482857&android_id=2319d21de1982ad5
I/accs.AccsClientConfig_umeng:56aadbf567e58e38d4000976( 4682):  build config:AccsClientConfig{mAppKey=umeng:56aadbf567e58e38d4000976, mAppSecret=de6c6ea9227d256e20df4f0cf58d1c9d, mInappHost=umengacs.m.taobao.com, mChannelHost=umengjmacs.m.taobao.com, mSecurity=2, mAuthCode=null, mInappPubKey=11, mChannelPubKey=11, mKeepalive=true, mAutoUnit=false, mConfigEnv=0, mTag=umeng:56aadbf567e58e38d4000976, mDisableChannel=false
I/accs.ACCSClient( 4682):  init config:AccsClientConfig{mAppKey=umeng:56aadbf567e58e38d4000976, mAppSecret=de6c6ea9227d256e20df4f0cf58d1c9d, mInappHost=umengacs.m.taobao.com, mChannelHost=umengjmacs.m.taobao.com, mSecurity=2, mAuthCode=null, mInappPubKey=11, mChannelPubKey=11, mKeepalive=true, mAutoUnit=false, mConfigEnv=0, mTag=umeng:56aadbf567e58e38d4000976, mDisableChannel=false
I/accs.TaobaoRegister( 4682):  register appKey:umeng:56aadbf567e58e38d4000976 configTag:umeng:56aadbf567e58e38d4000976
I/accs.Config( 4682):  setAgooAppKey appkey:umeng:56aadbf567e58e38d4000976
I/accs.TaobaoRegister( 4682):  config exist config:AccsClientConfig{mAppKey=umeng:56aadbf567e58e38d4000976, mAppSecret=de6c6ea9227d256e20df4f0cf58d1c9d, mInappHost=umengacs.m.taobao.com, mChannelHost=umengjmacs.m.taobao.com, mSecurity=2, mAuthCode=null, mInappPubKey=11, mChannelPubKey=11, mKeepalive=true, mAutoUnit=false, mConfigEnv=0, mTag=umeng:56aadbf567e58e38d4000976, mDisableChannel=false
W/accs.ACCSManager( 4682):  new accs instance configTag:umeng:56aadbf567e58e38d4000976
D/accs.ACCSClassLoader( 4682):  get defalut class loader
I/art     ( 4682): Rejecting re-init on previously-failed class java.lang.Class<com.taobao.accs.utl.i$a>
I/art     ( 4682): Rejecting re-init on previously-failed class java.lang.Class<com.taobao.accs.utl.i$a>
D/accs.MsgRecv_umeng:56aadbf567e58e38d4000976( 4682):  message file not exist
W/accs.OrangeAdapter( 4682):  no orange sdk
I/accs.OrangeAdapter( 4682):  isTnetLogOff result:true
D/accs.ACCSMgrImpl_umeng:56aadbf567e58e38d4000976( 4682):  bindApp APPKEY:umeng:56aadbf567e58e38d4000976
I/art     (  527): Explicit concurrent mark sweep GC freed 9066(555KB) AllocSpace objects, 8(129KB) LOS objects, 33% free, 11MB/16MB, paused 704us total 61.087ms
D/WifiService(  527): New client listening to asynchronous messages
D/accs.UtilityImpl( 4682):  enableService,comptName=ComponentInfo{com.zzl.falcon.internal/com.taobao.accs.ChannelService}
D/6.4.4net_test----( 4682): requestMethod:GET;origin data:r2F2ZBGXaswNUr+gxUZQIEuoDs0y3L9wHj1nJ0ujOjMzN+6qdTUiqwg/rcngF8Aht0bdxBxb5oJXHDld1VNwqrjskc8Vjgfk9eDHfry23Var8trHca1QQ45FDVuk3SGzerLc+rCa0Jxa45SvC9X4bw==
D/6.4.4net_test----( 4682): result  = {"msg":"OK","st":200,"data":{"uid":"528447f4ffb4e4824a2fd1d1fcd62","ek":"c695ac60ec599dfabf90399f248ea020"}}
D/umeng_share_response( 4682): is http 200:true
D/FileCheckUtils( 4682): st.getAvailableBlocks()=1191528,st.getAvailableBlocks() * blockSize=4880498688
I/awcn.HMacUtil( 4682):  hmacSha1Hex result:a99486d3758e59fc2556590fba8e45d1f8f54345b3905b582ff5777b1cf28d90
D/accs.UtilityImpl( 4682):  get EMUI version is:
D/6.4.4net_test----( 4682): URequest  = com.umeng.socialize.net.stats.DauStatsRequest
E/awcn.GlobalAppRuntimeInfo( 4682):   CurrentProcess:com.zzl.falcon.internal TargetProcess:com.zzl.falcon.internal
I/awcn.StrategyCenter( 4682):  StrategyCenter initialize started.
D/6.4.4net_test----( 4682): urlPath=https://stats.umsns.com/sdkstats?  SocializeNetUtils url=md5imei=5284047F4FFB4E04824A2FD1D1F0CD62&ak=56aadbf567e58e38d4000976&de=Custom+Phone+-+5.1.0+-+API+22+-+768x1280&ek=c695ac60ec599dfabf90399f248ea020&imei=000000000000000&test=0&ni=0&useshareview=true&isjump=false&sdkv=6.4.4&android_id=2319d21de1982ad5&pcv=2.0&mac=08%3A00%3A27%3Ae6%3Ac2%3Ade&sn=unknown&pkname=com.zzl.falcon.internal&os=Android&stats_type=dau&opid=0&isauth=false&isshare=false&en=Wi-Fi&uid=528447f4ffb4e4824a2fd1d1fcd62&tp=1&os_version=5.1&u_sharetype=native&dt=1515832483015
I/awcn.StrategySerializeHelper( 4682):  StrateyFolder path:/storage/emulated/0/Android/data/com.zzl.falcon.internal/files/awcn_strategy
I/WebViewFactory( 4682): Loading com.android.webview version 39 (eng.genymotion-x86) (code 399997)
D/awcn.NetworkStatusMonitor( 4682):  [checkNetworkStatus]
I/awcn.NetworkStatusMonitor( 4682):  checkNetworkStatus info.isConnected:true info.isAvailable:true
I/awcn.NetworkStatusHelper( 4682):  
I/awcn.NetworkStatusHelper( 4682): Network detail*******************************
I/awcn.NetworkStatusHelper( 4682): Status: WIFI
I/awcn.NetworkStatusHelper( 4682): Subtype: wifi
I/awcn.NetworkStatusHelper( 4682): BSSID: 01:80:c2:00:00:03
I/awcn.NetworkStatusHelper( 4682): SSID: "WiredSSID"
I/awcn.NetworkStatusHelper( 4682): *********************************************
I/awcn.ThreadPoolExecutorFactory( 4682):  thread created! name:AWCN Scheduler1
E/awcn.SessionCenter( 4682): |[seq:[default]] onNetworkStatusChanged. reCreateSession networkStatus:WIFI
I/awcn.SessionCenter( 4682): |[seq:[default]] recreate session failed: infos is empty
D/awcn.AccsSessionManager( 4682): |[seq:[default]] app is background not need check accs session, return bg:true
W/awcn.SerializeHelper( 4682):  file not exist. file:ef133debedbd6d843d539e5eb14cfdfd
I/awcn.StrategyInfoHolder( 4682):  restore strategy file id:WIFI$01:80:c2:00:00:03 result:false
I/LibraryLoader( 4682): Time to load native libraries: 16 ms (timestamps 7808-7824)
I/LibraryLoader( 4682): Expected native library version number "",actual native library version number ""
W/awcn.SerializeHelper( 4682):  file not exist. file:0c61135c2fdcd71f15ad7297245abe44
W/awcn.SerializeHelper( 4682):  file not exist. file:49c6a36aaea8ee1549c1cd3e07070c79
I/awcn.AmdcThreadPoolExecutor( 4682):  thread created! name:AMDC1
I/awcn.StrategyCenter( 4682):  StrategyCenter initialize finished.
I/awcn.HMacUtil( 4682):  hmacSha1Hex result:a99486d3758e59fc2556590fba8e45d1f8f54345b3905b582ff5777b1cf28d90
D/awcn.StrategyCenter( 4682):  getSchemeByHost host:umengacs.m.taobao.com scheme:https
D/awcn.AccsSessionManager( 4682): |[seq:umeng:56aadbf567e58e38d4000976] app is background not need check accs session, return bg:true
I/accs.InAppConn_umeng:56aadbf567e58e38d4000976( 4682):  registerSessionInfo host:umengacs.m.taobao.com
E/accs.InAppConn_umeng:56aadbf567e58e38d4000976( 4682):  init awcn success!
D/accs.InAppConn_umeng:56aadbf567e58e38d4000976( 4682):  1 start
W/art     ( 4682): Attempt to remove local handle scope entry from IRT, ignoring
I/art     ( 4682): Background sticky concurrent mark sweep GC freed 26348(1873KB) AllocSpace objects, 23(368KB) LOS objects, 27% free, 6MB/8MB, paused 9.374ms total 72.840ms
I/accs.ClientManager_umeng:56aadbf567e58e38d4000976( 4682):  restoreClients packs null return
I/accs.ClientManager_umeng:56aadbf567e58e38d4000976( 4682):  restoreClients packs null return
I/accs.ClientManager_umeng:56aadbf567e58e38d4000976( 4682):  isAppBinded begin..appStatus=null,mBindStatus={}
I/accs.ACCSMgrImpl_umeng:56aadbf567e58e38d4000976( 4682):  sendControlMessage command:1
D/accs.InAppConn_umeng:56aadbf567e58e38d4000976( 4682):  send message, DATA delay:0 dataId:2
I/art     ( 4682): Rejecting re-init on previously-failed class java.lang.Class<com.taobao.accs.utl.i$a>
W/accs.ACCSMgrImpl_umeng:56aadbf567e58e38d4000976( 4682):  no orange sdk
I/accs.GlobalConfig( 4682):  setEnableForground enable:false
I/accs.OrangeAdapter( 4682):  saveConfigToSP key:support_foreground_v value:0
I/accs.InAppConn_umeng:56aadbf567e58e38d4000976( 4682):  try send:DATA dataId:2 appkey:umeng:56aadbf567e58e38d4000976
D/awcn.SessionCenter( 4682): |[seq:umeng:56aadbf567e58e38d4000976] getInternal u:https://umengacs.m.taobao.com TypeClass:SPDY timeout:60000
D/awcn.StrategyCenter( 4682):  getSchemeByHost host:umengacs.m.taobao.com scheme:https
W/awcn.SessionCenter( 4682): |[seq:umeng:56aadbf567e58e38d4000976] app background, forbid to create accs session
E/awcn.SessionCenter( 4682): |[seq:umeng:56aadbf567e58e38d4000976] [Get]connect exception errMsg:accs session connecting forbidden in background url:https://umengacs.m.taobao.com
E/accs.InAppConn_umeng:56aadbf567e58e38d4000976( 4682):  reSend dataid:2 retryTimes:1
D/accs.InAppConn_umeng:56aadbf567e58e38d4000976( 4682):  send message, DATA delay:2000 dataId:2
E/accs.InAppConn_umeng:56aadbf567e58e38d4000976( 4682):  cancel customDataId:ctrl_bindapp
D/accs.InAppConn_umeng:56aadbf567e58e38d4000976( 4682):  sendSucc false dataId:2
W/Settings( 4682): Setting android_id has moved from android.provider.Settings.System to android.provider.Settings.Secure, returning read-only value.
W/Settings( 4682): Setting android_id has moved from android.provider.Settings.System to android.provider.Settings.Secure, returning read-only value.
E/com.umeng.message.UTrack( 4682): RegistrationId is empty
E/com.umeng.message.UTrack( 4682): RegistrationId is empty
D/libEGL  ( 4682): loaded /system/lib/egl/libEGL_emulation.so
D/libEGL  ( 4682): loaded /system/lib/egl/libGLESv1_CM_emulation.so
D/libEGL  ( 4682): loaded /system/lib/egl/libGLESv2_emulation.so
D/        ( 4682): HostConnection::get() New Host Connection established 0xee839690, tid 4707
I/OpenGLRenderer( 4682): Initialized EGL, version 1.4
D/OpenGLRenderer( 4682): Enabling debug mode 0
W/EGL_emulation( 4682): eglSurfaceAttrib not implemented
W/OpenGLRenderer( 4682): Failed to set EGL_SWAP_BEHAVIOR on surface 0xee8d9280, error=EGL_SUCCESS
D/awcn.NetworkStatusMonitor( 4682):  receiver:android.net.conn.CONNECTIVITY_CHANGE
D/awcn.NetworkStatusMonitor( 4682):  [checkNetworkStatus]
I/awcn.NetworkStatusMonitor( 4682):  checkNetworkStatus info.isConnected:true info.isAvailable:true
I/AppiumUnicodeIME(  672): onFinishInput
I/AppiumUnicodeIME(  672): onStartInput
I/ActivityManager(  527): Displayed com.zzl.falcon.internal/com.zzl.falcon.EntranceActivity: +1s404ms
I/ActivityManager(  527): START u0 {cmp=com.zzl.falcon.internal/com.zzl.falcon.MainActivity} from uid 10068 on display 0
V/WindowManager(  527): addAppToken: AppWindowToken{917bcab token=Token{2e990efa ActivityRecord{1e440d25 u0 com.zzl.falcon.internal/com.zzl.falcon.MainActivity t45}}} to stack=1 task=45 at 1
W/art     (  527): Long monitor contention event with owner method=int com.android.server.am.ActivityStackSupervisor.startActivityMayWait(android.app.IApplicationThread, int, java.lang.String, android.content.Intent, java.lang.String, android.service.voice.IVoiceInteractionSession, com.android.internal.app.IVoiceInteractor, android.os.IBinder, java.lang.String, int, int, android.app.ProfilerInfo, android.app.IActivityManager$WaitResult, android.content.res.Configuration, android.os.Bundle, int, android.app.IActivityContainer, com.android.server.am.TaskRecord) from ActivityStackSupervisor.java:857 waiters=0 for 197ms
I/accs.Config( 4682):  getDeviceToken token:
I/accs.Config( 4682):  getAgooAppKey appkey:umeng:56aadbf567e58e38d4000976
I/accs.SwitchDO( 4682):  buildData data:{"cmd":"enablePush","appKey":"umeng:56aadbf567e58e38d4000976","utdid":"WlcCiYIi1P4DAJwcljCxvIg\/"}
D/accs.InAppConn_umeng:56aadbf567e58e38d4000976( 4682):  1 start
D/accs.InAppConn_umeng:56aadbf567e58e38d4000976( 4682):  send message, DATA delay:0 dataId:3
I/accs.InAppConn_umeng:56aadbf567e58e38d4000976( 4682):  try send:DATA dataId:3 appkey:umeng:56aadbf567e58e38d4000976
D/awcn.SessionCenter( 4682): |[seq:umeng:56aadbf567e58e38d4000976] getInternal u:https://umengacs.m.taobao.com TypeClass:SPDY timeout:60000
D/awcn.StrategyCenter( 4682):  getSchemeByHost host:umengacs.m.taobao.com scheme:https
W/awcn.SessionCenter( 4682): |[seq:umeng:56aadbf567e58e38d4000976] app background, forbid to create accs session
E/awcn.SessionCenter( 4682): |[seq:umeng:56aadbf567e58e38d4000976] [Get]connect exception errMsg:accs session connecting forbidden in background url:https://umengacs.m.taobao.com
E/accs.InAppConn_umeng:56aadbf567e58e38d4000976( 4682):  reSend dataid:3 retryTimes:1
D/accs.InAppConn_umeng:56aadbf567e58e38d4000976( 4682):  send message, DATA delay:2000 dataId:3
D/accs.InAppConn_umeng:56aadbf567e58e38d4000976( 4682):  sendSucc false dataId:3
I/art     ( 4682): Rejecting re-init on previously-failed class java.lang.Class<com.taobao.accs.utl.k>
I/art     ( 4682): Rejecting re-init on previously-failed class java.lang.Class<com.taobao.accs.utl.k>
D/accs.UTMini( 4682):  commitEvent fail java.lang.NoClassDefFoundError: Failed resolution of: Lcom/ut/mini/internal/UTOriginalCustomHitBuilder;
D/ForegroundCallbacks( 4682): still foreground
I/awcn.SessionCenter( 4682): |[seq:[default]] [forground]
I/awcn.SessionCenter( 4682): |[seq:umeng:56aadbf567e58e38d4000976] [forground]
D/awcn.StrategyCenter( 4682):  getSchemeByHost host:umengacs.m.taobao.com scheme:https
D/awcn.SessionCenter( 4682): |[seq:umeng:56aadbf567e58e38d4000976] getInternal u:https://umengacs.m.taobao.com TypeClass:SPDY timeout:0
D/awcn.StrategyCenter( 4682):  getSchemeByHost host:umengacs.m.taobao.com scheme:https
D/awcn.SessionRequest( 4682): |[seq:umeng:56aadbf567e58e38d4000976.AWCN1] SessionRequest start host:https://umengacs.m.taobao.com type:SPDY
I/awcn.HttpDispatcher( 4682):  sendAmdcRequest hosts:[umengacs.m.taobao.com]
I/awcn.AmdcThreadPoolExecutor( 4682):  merge amdc request delay:500
I/awcn.AmdcThreadPoolExecutor( 4682):  thread created! name:AMDC2
D/awcn.LocalDnsStrategyTable( 4682):  try resolve ip with local dns host:umengacs.m.taobao.com
V/WindowManager(  527): Adding window Window{5eda3b4 u0 com.zzl.falcon.internal/com.zzl.falcon.MainActivity} at 5 of 10 (after Window{3bb36da2 u0 com.zzl.falcon.internal/com.zzl.falcon.EntranceActivity})
D/awcn.LocalDnsStrategyTable( 4682):  resolve ip by local dns host:umengacs.m.taobao.com ip:106.11.52.16
D/getConnStrategyListByHost( 4682): |[seq:host] umengacs.m.taobao.com:result [{106.11.52.16 443 http2_0rtt_open}]
D/awcn.SessionRequest( 4682): |[seq:umeng:56aadbf567e58e38d4000976.AWCN1] [getAvailStrategy] strategies:[{106.11.52.16 443 http2_0rtt_open}]
I/awcn.SessionRequest( 4682): |[seq:umeng:56aadbf567e58e38d4000976.AWCN1_1] create connection... Host:https://umengacs.m.taobao.com Type:http2_0rtt_open IP:106.11.52.16 Port:443 heartbeat:45000 session:Session@[umeng:56aadbf567e58e38d4000976.AWCN1_1|http2_0rtt_open]
E/awcn.TnetSpdySession( 4682): |[seq:umeng:56aadbf567e58e38d4000976.AWCN1_1] [connect] host:https://umengacs.m.taobao.com connect :106.11.52.16:443 sessionId:1515832484255 SpdyProtocol,:http2_0rtt_open proxyIp,: proxyPort,:0
E/awcn.Session( 4682): |[seq:umeng:56aadbf567e58e38d4000976.AWCN1_1] notifyStatus status:CONNECTING
E/awcn.Session( 4682): |[seq:umeng:56aadbf567e58e38d4000976.AWCN1_1] notifyStatus status:CONNECTED
I/accs.InAppConn_umeng:56aadbf567e58e38d4000976( 4682):  auth begin seq:umeng:56aadbf567e58e38d4000976.AWCN1_1
E/accs.InAppConn_umeng:56aadbf567e58e38d4000976( 4682):  1 auth URL:https://umengacs.m.taobao.com/accs/auth?1=WlcCiYIi1P4DAJwcljCxvIg%2F&2=a99486d3758e59fc2556590fba8e45d1f8f54345b3905b582ff5777b1cf28d90&3=umeng:56aadbf567e58e38d4000976&5=1&6=wifi&7=31027&8=1.1.2&9=1515832483089&10=1&11=22&12=com.zzl.falcon.internal&13=2.4.1&14=android@umeng&15=Custom Phone - 5.1.0 - API 22 - 768x1280&16=generic&17=221&19=0
I/awcn.TnetSpdySession( 4682):   request URL:https://umengacs.m.taobao.com/accs/auth?1=WlcCiYIi1P4DAJwcljCxvIg%2F&2=a99486d3758e59fc2556590fba8e45d1f8f54345b3905b582ff5777b1cf28d90&3=umeng:56aadbf567e58e38d4000976&5=1&6=wifi&7=31027&8=1.1.2&9=1515832483089&10=1&11=22&12=com.zzl.falcon.internal&13=2.4.1&14=android@umeng&15=Custom Phone - 5.1.0 - API 22 - 768x1280&16=generic&17=221&19=0
I/awcn.TnetSpdySession( 4682):   request Method:GET
I/awcn.TnetSpdySession( 4682):   request headers:{}
D/awcn.TnetSpdySession( 4682):   streamId:1
D/awcn.DefaultHeartbeatImpl( 4682): |[seq:umeng:56aadbf567e58e38d4000976.AWCN1_1] reSchedule session:Session@[umeng:56aadbf567e58e38d4000976.AWCN1_1|http2_0rtt_open] delay:1515832529269
E/awcn.TnetSpdySession( 4682): |[seq:umeng:56aadbf567e58e38d4000976.AWCN1_1] spdySessionConnectCB connect connectTime:7 sslTime::2
W/FragmentManager( 4682): moveToState: Fragment state for FinanceFragment{31db41b8 #0 id=0x7f0e0108 android:switcher:2131624200:1} not updated inline; expected state 3 found 2
I/awcn.TnetSpdySession( 4682):   httpStatusCode:200
I/awcn.TnetSpdySession( 4682):   response headers:{x-at=[WlcCiYIi1P4DAJwcljCxvIg%2Fumeng:56aadbf567e58e38d40009761515846884], date=[Sat, 13 Jan 2018 08:34:44 GMT], server=[Tengine/Aserver/3.0.197_20171017114317], content-length=[0], x-workerid=[-1466903495348060131], :status=[200]}
E/accs.InAppConn_umeng:56aadbf567e58e38d4000976( 4682):  AUTH httpStatusCode:200 seq:umeng:56aadbf567e58e38d4000976.AWCN1_1
E/awcn.Session( 4682): |[seq:umeng:56aadbf567e58e38d4000976.AWCN1_1] notifyStatus status:AUTH_SUCC
I/awcn.DefaultHeartbeatImpl( 4682): |[seq:umeng:56aadbf567e58e38d4000976.AWCN1_1] heartbeat start session:Session@[umeng:56aadbf567e58e38d4000976.AWCN1_1|http2_0rtt_open]
D/awcn.SessionRequest( 4682): |[seq:umeng:56aadbf567e58e38d4000976.AWCN1_1] Session:Session@[umeng:56aadbf567e58e38d4000976.AWCN1_1|http2_0rtt_open] EventType:AUTH_SUCC Event:
D/awcn.TnetSpdySession( 4682): |[seq:umeng:56aadbf567e58e38d4000976.AWCN1_1] spdyOnStreamResponse authTime:0
I/accs.UtilityImpl( 4682):  	header:server value:Tengine/Aserver/3.0.197_20171017114317
I/accs.UtilityImpl( 4682):  	header:date value:Sat, 13 Jan 2018 08:34:44 GMT
I/accs.UtilityImpl( 4682):  	header:x-at value:WlcCiYIi1P4DAJwcljCxvIg%2Fumeng:56aadbf567e58e38d40009761515846884
I/accs.UtilityImpl( 4682):  	header:content-length value:0
I/accs.UtilityImpl( 4682):  	header:x-workerid value:-1466903495348060131
I/accs.UtilityImpl( 4682):  	header::status value:200
D/awcn.TnetSpdySession( 4682):  spdyStreamCloseCallback streamId:1
D/awcn.SessionRequest( 4682): |[seq:umeng:56aadbf567e58e38d4000976.AWCN1_1] Connect Success session:Session@[umeng:56aadbf567e58e38d4000976.AWCN1_1|http2_0rtt_open] host:https://umengacs.m.taobao.com
D/awcn.SessionRequest( 4682):  Receive session event type:AUTH_SUCC
W/FragmentManager( 4682): moveToState: Fragment state for AccountFragment{a4d53e7 #1 id=0x7f0e0108 android:switcher:2131624200:2} not updated inline; expected state 3 found 2
W/FragmentManager( 4682): moveToState: Fragment state for SettingFragment{1f4f2ff5 #2 id=0x7f0e0108 android:switcher:2131624200:3} not updated inline; expected state 3 found 2
D/OkHttp  ( 4682): --> POST http://116.236.220.210:8084/appIndex/list?version=3 http/1.1
D/OkHttp  ( 4682): Content-Length: 0
D/OkHttp  ( 4682): RC-Bel-Key: bel.zhiwang.zzl
D/OkHttp  ( 4682): RC-Timestamp: 1515832484
D/OkHttp  ( 4682): RC-Nonce: 7f84493f-7e7b-4c2c-87a6-e7dafdc79f3c
D/OkHttp  ( 4682): RC-Signature: 2fb7cc592d16fa17bcb808a734a83b8e3ff28b54
D/OkHttp  ( 4682): osType: Android
D/OkHttp  ( 4682): version: 2.4.1
D/OkHttp  ( 4682): --> END POST (0-byte body)
W/FragmentManager( 4682): moveToState: Fragment state for InvestFragment{118ffd8c #4 id=0x7f0e0206 android:switcher:2131624454:1} not updated inline; expected state 3 found 2
E/RecyclerView( 4682): Cannot scroll to position a LayoutManager set. Call setLayoutManager with a non-null argument.
E/RecyclerView( 4682): Cannot scroll to position a LayoutManager set. Call setLayoutManager with a non-null argument.
D/OkHttp  ( 4682): <-- 200 OK http://116.236.220.210:8084/appIndex/list?version=3 (33ms)
D/OkHttp  ( 4682): Server: Apache-Coyote/1.1
D/OkHttp  ( 4682): Set-Cookie: JSESSIONID=4E703BFBD5BBC4321FAEADC7A1E23C47; Path=/; HttpOnly
D/OkHttp  ( 4682): Content-Type: application/json;charset=utf-8
D/OkHttp  ( 4682): Content-Length: 831
D/OkHttp  ( 4682): Date: Sat, 13 Jan 2018 08:34:44 GMT
D/OkHttp  ( 4682): {"fixedInvestInfo":{"empId":"1","persiodUp":90,"rateDown":6.9,"persiodDown":15,"platformType":1,"remark":"","parentId":"0","rateUp":9.6,"paymentType":1,"createTime":"2018-01-13 11:12:14","payment":2,"id":"2c908a8860ed129b0160ed80df7b0025","proName":"","periodsType":3,"productType":1,"status":1},"bannel":[{"webDesc":"","imgurl":"201712130940488793.jpg","createTime":"2016-03-16 18:07:44","name":"","link":"https://www.51bel.com/mobileWebPublic/mobileWebBankPartner","id":"ff8080815356132501537ee535c50a84","type":1,"seq":3,"status":1,"shareStatus":0}],"investInfo":[{"persiodUp":"48","rateDown":"10.8","persiodDown":"6","proName":"","rateUp":"14.5","productType":"2"}],"transferInfo":{"periodDesc":"","rateDown":"10","productType":"20","rateUp":"15"},"responseCode":"1"}
D/OkHttp  ( 4682): <-- END HTTP (831-byte body)
W/EGL_emulation( 4682): eglSurfaceAttrib not implemented
W/OpenGLRenderer( 4682): Failed to set EGL_SWAP_BEHAVIOR on surface 0xee8d92e0, error=EGL_SUCCESS
E/com.umeng.message.UTrack( 4682): RegistrationId is empty
E/com.umeng.message.UTrack( 4682): RegistrationId is empty
I/accs.MsgDistributeService( 4682):  onStartCommand action:com.taobao.accs.intent.action.RECEIVE
D/accs.MsgDistribute( 4682):  action:com.taobao.accs.intent.action.RECEIVE
I/accs.MsgDistribute( 4682):  distribute command::103  serviceId::  dataId:: appkey: config:
V/WindowManager(  527): not Base app: Adding window Window{b251623 u0 com.zzl.falcon.internal/com.zzl.falcon.MainActivity} at 6 of 11
I/AppiumUnicodeIME(  672): onFinishInput
I/AppiumUnicodeIME(  672): onStartInput
I/awcn.HMacUtil( 4682):  hmacSha1Hex result:f4ccc268da66ee825b449e1df2a05e80f9b85e63eb3bfdf610d0bd9185d940c0
I/awcn.HttpDispatcher( 4682):  sendAmdcRequest hosts:[amdcopen.m.taobao.com]
I/awcn.AmdcThreadPoolExecutor( 4682):  merge amdc request delay:500
D/awcn.StrategyCenter( 4682):  getSchemeByHost host:amdcopen.m.taobao.com scheme:http
D/getConnStrategyListByHost( 4682): |[seq:host] amdcopen.m.taobao.com:result []
I/awcn.DispatchCore( 4682): |[seq:AMDC1] send amdc request url:http://amdcopen.m.taobao.com/amdc/mobileDispatch?appkey=umeng%3A56aadbf567e58e38d4000976&deviceId=WlcCiYIi1P4DAJwcljCxvIg%2F&platform=android&v=4.0
D/awcn.DispatchCore( 4682): |[seq:AMDC1] amdc response. code: 200 
D/awcn.DispatchCore( 4682): headers:{null=[HTTP/1.1 200 OK], Cache-Control=[no-cache], Connection=[close], Content-Encoding=[gzip], Content-Type=[application/json;charset=UTF-8], Date=[Sat, 13 Jan 2018 08:34:44 GMT], pragma=[no-cache], Server=[Tengine], Transfer-Encoding=[chunked], Vary=[Accept-Encoding], x-am-code=[1000], x-am-id=[amdc011183133036.center.eu13_1515832484761_579841402], x-am-sign=[becdabfc36daa6172fcbd24f6ff618af42488e981db090d2646c06e41761542a], X-Android-Received-Millis=[1515832484776], X-Android-Response-Source=[NETWORK 200], X-Android-Sent-Millis=[1515832484767]}
D/awcn.DispatchCore( 4682): |[seq:AMDC1] amdc response body 
D/awcn.DispatchCore( 4682): body:{"code":1000,"cv":1,"dns":[{"aisles":[{"cto":10000,"heartbeat":0,"port":443,"protocol":"https","retry":1,"rto":10000},{"cto":10000,"heartbeat":0,"port":80,"protocol":"http","retry":1,"rto":10000}],"host":"api.m.yao.95095.com","ips":["106.11.53.97"],"isHot":1,"strategies":[],"ttl":300},{"aisles":[{"cto":10000,"heartbeat":0,"port":443,"protocol":"https","retry":1,"rto":10000},{"cto":10000,"heartbeat":0,"port":80,"protocol":"http","retry":1,"rto":10000}],"host":"unszapi.m.yao.95095.com","ips":["106.11.132.9"],"isHot":1,"strategies":[],"ttl":300},{"aisles":[{"cto":10000,"heartbeat":45000,"port":443,"protocol":"http2","publickey":"acs","retry":1,"rto":10000,"rtt":"0rtt"},{"cto":10000,"heartbeat":45000,"port":80,"protocol":"http2","publickey":"acs","retry":1,"rto":10000,"rtt":"0rtt"},{"cto":10000,"heartbeat":45000,"port":443,"protocol":"spdy","publickey":"acs","retry":1,"rto":10000,"rtt":"0rtt"},{"cto":10000,"heartbeat":45000,"port":80,"protocol":"spdy","publickey":"acs","retry":1,"rto":10000,"rtt":"0rtt"},{"cto":10000,"heartbeat":0,"port":443,"protocol":"https","retry":1,"rto":10000}],"host":"umengacs.m.taobao.com","ips":["106.11.61.106"],"isHot":1,"safeAisles":"https","strategies":[],"ttl":3600}],"ip":"116.228.34.130","unit":"unzbyun","utdid":"WlcCiYIi1P4DAJwcljCxvIg/"}
E/DefaultNetworkAnalysis( 4682):  no NWNetworkAnalysisSDK sdk
I/awcn.HMacUtil( 4682):  hmacSha1Hex result:becdabfc36daa6172fcbd24f6ff618af42488e981db090d2646c06e41761542a
D/awcn.StrategyCenter( 4682):  receive DNS event
I/awcn.StrategyTable( 4682):  update strategyTable with httpDns response
D/awcn.StrategyTable( 4682):  uniqueId : WIFI$01:80:c2:00:00:03
D/awcn.StrategyTable( 4682): -------------------------hot domains:------------------------------------
D/awcn.StrategyTable( 4682):  amdcopen.m.taobao.com = 
D/awcn.StrategyTable( 4682): StrategyList = 1515832514745[]
D/awcn.StrategyTable( 4682):  api.m.yao.95095.com = 
D/awcn.StrategyTable( 4682): StrategyList = 1515832784783[{106.11.53.97 443 https}, {106.11.53.97 80 http}]
D/awcn.StrategyTable( 4682):  unszapi.m.yao.95095.com = 
D/awcn.StrategyTable( 4682): StrategyList = 1515832784783[{106.11.132.9 443 https}, {106.11.132.9 80 http}]
D/awcn.StrategyTable( 4682):  umengacs.m.taobao.com = 
D/awcn.StrategyTable( 4682): StrategyList = 1515836084783[{106.11.61.106 443 http2_0rtt_acs}, {106.11.61.106 80 http2_0rtt_acs}, {106.11.61.106 443 spdy_0rtt_acs}, {106.11.61.106 80 spdy_0rtt_acs}, {106.11.61.106 443 https}]
D/awcn.StrategyTable( 4682):  
D/awcn.StrategyTable( 4682): -------------------------cold domains:------------------------------------
D/awcn.SafeAislesMap( 4682):  SafeAislesMap: {amdcopen.m.taobao.com=No_Result, api.m.yao.95095.com=No_Result, unszapi.m.yao.95095.com=No_Result, umengacs.m.taobao.com=https}
D/awcn.UnitMap( 4682):  UnitMap : UnitMap: {WlcCiYIi1P4DAJwcljCxvIg/=unzbyun}
I/awcn.StrategyCenter( 4682):  saveData
D/awcn.StrategyCenter( 4682):  getSchemeByHost host:umengacs.m.taobao.com scheme:https
D/awcn.SessionCenter( 4682): |[seq:umeng:56aadbf567e58e38d4000976] getInternal u:https://umengacs.m.taobao.com TypeClass:SPDY timeout:0
D/awcn.StrategyCenter( 4682):  getSchemeByHost host:umengacs.m.taobao.com scheme:https
D/awcn.SessionCenter( 4682): |[seq:umeng:56aadbf567e58e38d4000976] get internal hit cache session session:Session@[umeng:56aadbf567e58e38d4000976.AWCN1_1|http2_0rtt_open]
W/EGL_emulation( 4682): eglSurfaceAttrib not implemented
W/OpenGLRenderer( 4682): Failed to set EGL_SWAP_BEHAVIOR on surface 0xeeb8f120, error=EGL_SUCCESS
D/OkHttp  ( 4682): --> POST http://116.236.220.210:8084/appFixation/appFixationList?page=1&rows=10&sortField=default&sortType=asc&version=3 http/1.1
D/OkHttp  ( 4682): Content-Length: 0
D/OkHttp  ( 4682): RC-Bel-Key: bel.zhiwang.zzl
D/OkHttp  ( 4682): RC-Timestamp: 1515832485
D/OkHttp  ( 4682): RC-Nonce: f24294df-47de-4b1b-8334-e06f11fd39d4
D/OkHttp  ( 4682): RC-Signature: 3e35bea5a5ae4cdd01c1ca41decd4b998c9aa1c0
D/OkHttp  ( 4682): osType: Android
D/OkHttp  ( 4682): version: 2.4.1
D/OkHttp  ( 4682): --> END POST (0-byte body)
D/OkHttp  ( 4682): <-- 200 OK http://116.236.220.210:8084/appFixation/appFixationList?page=1&rows=10&sortField=default&sortType=asc&version=3 (46ms)
D/OkHttp  ( 4682): Server: Apache-Coyote/1.1
D/OkHttp  ( 4682): Set-Cookie: JSESSIONID=EF9FCE8E75040F4A480DF480961C77F2; Path=/; HttpOnly
D/OkHttp  ( 4682): Content-Type: application/json;charset=utf-8
D/OkHttp  ( 4682): Content-Length: 7755
D/OkHttp  ( 4682): Date: Sat, 13 Jan 2018 08:34:44 GMT
D/OkHttp  ( 4682): {"total":"481","data":[{"matureTime":"2017-12-23 16:22:23","hasInvestAmt":4947.0000,"orderNumber":"6_1220091137173304","rateDown":6.00,"investManageRate":0.37500000,"rateUp":12.00,"limitTime":"","remainingAmount":0.0000,"rate":8.70,"left_periods":180,"onlineTime":"2017-12-20 16:22:54","periods":6,"payment":2,"id":"2c908a88606dc50b01607179c8e30178","proName":"6","prdTypeName":"","stepAmount":1000.00,"fullScaleCount":"3","expireTime":"2017-12-20 16:24:33","createTime":"2017-12-20 09:11:34","tradeStatus":3,"progress":100.00,"bgPeriodsType":1,"contractMoney":4947.0000,"realyRate":8.70,"restAmt":0.0000,"desc":""},{"matureTime":"2017-12-15 14:05:37","hasInvestAmt":1210.0000,"orderNumber":"3_1212140513177851","rateDown":6.00,"investManageRate":0.66500000,"rateUp":12.00,"limitTime":"","remainingAmount":0.0000,"rate":5.22,"left_periods":90,"onlineTime":"2017-12-12 14:06:10","periods":3,"payment":2,"id":"2c908a8860485426016049540245010b","proName":"3","prdTypeName":"","stepAmount":1000.00,"fullScaleCount":"2","expireTime":"2017-12-12 14:06:24","createTime":"2017-12-12 14:05:30","tradeStatus":3,"progress":100.00,"bgPeriodsType":1,"contractMoney":1210.0000,"realyRate":5.22,"restAmt":0.0000,"desc":"3"},{"matureTime":"2017-12-09 09:28:04","hasInvestAmt":5151.0000,"orderNumber":"6_0818171353171083","rateDown":6.00,"investManageRate":0.37500000,"rateUp":12.00,"limitTime":"","remainingAmount":0.0000,"rate":8.70,"left_periods":180,"onlineTime":"2017-12-06 09:28:37","periods":6,"payment":2,"id":"2c908a885df47556015df4b3b31500e0","proName":"6","prdTypeName":"","stepAmount":1000.00,"fullScaleCount":"6","expireTime":"2017-12-06 15:29:19","createTime":"2017-08-18 17:36:43","tradeStatus":3,"progress":100.00,"bgPeriodsType":1,"contractMoney":5151.0000,"realyRate":8.70,"restAmt":0.0000,"desc":""},{"matureTime":"2017-10-29 09:01:01","hasInvestAmt":1128.0000,"orderNumber":"3_1026090020170161","rateDown":6.00,"investManageRate":0.66500000,"rateUp":12.00,"limitTime":"","remainingAmount":0.0000,"rate":5.22,"left_periods":90,"onlineTime":"2017-10-26 09:01:35","periods":3,"payment":2,"id":"2c908a885f528ba5015f5631becb014f","proName":"3","prdTypeName":"","stepAmount":1000.00,"fullScaleCount":"2","expireTime":"2017-10-28 10:54:36","createTime":"2017-10-26 09:00:21","tradeStatus":3,"progress":100.00,"bgPeriodsType":1,"contractMoney":1128.0000,"realyRate":5.22,"restAmt":0.0000,"desc":"3"},{"matureTime":"2017-10-13 15:01:20","hasInvestAmt":19057.0000,"orderNumber":"3_1010150146172077","rateDown":6.00,"investManageRate":0.66500000,"rateUp":12.00,"limitTime":"","remainingAmount":0.0000,"rate":5.22,"left_periods":90,"onlineTime":"2017-10-10 15:01:57","periods":3,"payment":2,"id":"2c908a885f04cd56015f0516e67f035d","proName":"3","prdTypeName":"","stepAmount":1000.00,"fullScaleCount":"2","expireTime":"2017-10-11 10:13:28","createTime":"2017-10-10 15:01:47","tradeStatus":3,"progress":100.00,"bgPeriodsType":1,"contractMoney":19057.0000,"realyRate":5.22,"restAmt":0.0000,"desc":"3"},{"matureTime":"2017-09-24 16:58:10","hasInvestAmt":13058.0000,"orderNumber":"_0921165625174378","rateDown":6.00,"investManageRate":0.10000000,"rateUp":12.00,"limitTime":"","remainingAmount":0.0000,"rate":10.80,"left_periods":90,"onlineTime":"2017-09-21 16:58:52","periods":
D/OkHttp  ( 4682): 37500000,"rateUp":12.00,"limitTime":"","remainingAmount":0.0000,"rate":8.70,"left_periods":180,"onlineTime":"2017-09-01 11:45:08","periods":6,"payment":2,"id":"2c908a885e2b95bd015e3b8a5cb1212a","proName":"6","prdTypeName":"","stepAmount":1000.00,"fullScaleCount":"2","expireTime":"2017-09-01 16:11:15","createTime":"2017-09-01 11:44:37","tradeStatus":3,"progress":100.00,"bgPeriodsType":1,"contractMoney":38630.0000,"realyRate":8.70,"restAmt":0.0000,"desc":""},{"matureTime":"2018-01-11 11:45:27","hasInvestAmt":5151.0000,"orderNumber":"6_0108114536183300","rateDown":6.00,"investManageRate":0.37500000,"rateUp":12.00,"limitTime":"","remainingAmount":0.0000,"loanTime":"2018-01-08 11:46:31","rate":8.70,"left_periods":180,"repaymentDate":"2018-07-08","onlineTime":"2018-01-08 11:45:54","periods":6,"payment":2,"id":"2c908a8860ca66eb0160d3df93bd09e4","proName":"6","prdTypeName":"","stepAmount":1000.00,"fullScaleCount":"3","expireTime":"2018-01-08 11:46:31","createTime":"2018-01-08 11:45:33","tradeStatus":1,"progress":100.00,"bgPeriodsType":1,"contractMoney":5151.0000,"realyRate":8.70,"restAmt":0.0000,"desc":""},{"matureTime":"2018-01-11 10:21:11","hasInvestAmt":34774.0000,"orderNumber":"3_0108102024181016","rateDown":6.00,"investManageRate":0.66500000,"rateUp":12.00,"limitTime":"","remainingAmount":0.0000,"loanTime":"2018-01-08 11:13:00","rate":5.22,"left_periods":90,"repaymentDate":"2018-04-08","onlineTime":"2018-01-08 10:21:38","periods":3,"payment":2,"id":"2c908a8860ca66eb0160d3919aa4055f","proName":"3","prdTypeName":"","stepAmount":1000.00,"fullScaleCount":"9","expireTime":"2018-01-08 11:13:00","createTime":"2018-01-08 10:20:23","tradeStatus":1,"progress":100.00,"bgPeriodsType":1,"contractMoney":34774.0000,"realyRate":5.22,"restAmt":0.0000,"desc":"3"},{"matureTime":"2018-01-05 15:02:33","hasInvestAmt":80951.0000,"orderNumber":"3_0102150253185824","rateDown":6.00,"investManageRate":0.66500000,"rateUp":12.00,"limitTime":"","remainingAmount":0.0000,"loanTime":"2018-01-02 15:10:28","rate":5.22,"left_periods":90,"repaymentDate":"2018-04-02","onlineTime":"2018-01-02 15:03:01","periods":3,"payment":2,"id":"2c908a88609577010160b5ae052f0729","proName":"3","prdTypeName":"","stepAmount":1000.00,"fullScaleCount":"1","expireTime":"2018-01-02 15:10:28","createTime":"2018-01-02 15:02:48","tradeStatus":1,"progress":100.00,"bgPeriodsType":1,"contractMoney":80951.0000,"realyRate":5.22,"restAmt":0.0000,"desc":"3"}],"responseCode":"1","info":""}
D/OkHttp  ( 4682): <-- END HTTP (7755-byte body)
I/accs.InAppConn_umeng:56aadbf567e58e38d4000976( 4682):  try send:DATA dataId:2 appkey:umeng:56aadbf567e58e38d4000976
D/awcn.SessionCenter( 4682): |[seq:umeng:56aadbf567e58e38d4000976] getInternal u:https://umengacs.m.taobao.com TypeClass:SPDY timeout:60000
D/awcn.StrategyCenter( 4682):  getSchemeByHost host:umengacs.m.taobao.com scheme:https
D/awcn.SessionCenter( 4682): |[seq:umeng:56aadbf567e58e38d4000976] get internal hit cache session session:Session@[umeng:56aadbf567e58e38d4000976.AWCN1_1|http2_0rtt_open]
D/accs.Msg_umeng:56aadbf567e58e38d4000976( 4682):  Build Message
D/accs.Msg_umeng:56aadbf567e58e38d4000976( 4682):  	version:2 compress:1
D/accs.Msg_umeng:56aadbf567e58e38d4000976( 4682):  	flag: 0x40
D/accs.Msg_umeng:56aadbf567e58e38d4000976( 4682):  	totalLength:349
D/accs.Msg_umeng:56aadbf567e58e38d4000976( 4682):  	dataLength:347
D/accs.Msg_umeng:56aadbf567e58e38d4000976( 4682):  	flags:ffff8800
D/accs.Msg_umeng:56aadbf567e58e38d4000976( 4682):  	targetLength:5
D/accs.Msg_umeng:56aadbf567e58e38d4000976( 4682):  	target:3|dm|
D/accs.Msg_umeng:56aadbf567e58e38d4000976( 4682):  	sourceLength:50
D/accs.Msg_umeng:56aadbf567e58e38d4000976( 4682):  	source:WlcCiYIi1P4DAJwcljCxvIg/|com.zzl.falcon.internal||
D/accs.Msg_umeng:56aadbf567e58e38d4000976( 4682):  	dataIdLength:1
D/accs.Msg_umeng:56aadbf567e58e38d4000976( 4682):  	dataId:2
D/accs.Msg_umeng:56aadbf567e58e38d4000976( 4682):  	extHeader len:0
D/accs.Msg_umeng:56aadbf567e58e38d4000976( 4682):  	oriData:{"command":1,"appKey":"umeng:56aadbf567e58e38d4000976","osType":1,"sign":"a99486d3758e59fc2556590fba8e45d1f8f54345b3905b582ff5777b1cf28d90","sdkVersion":221,"appVersion":"2.4.1","ttid":"android@umeng","model":"Custom Phone - 5.1.0 - API 22 - 768x1280","brand":"generic","imei":"000000000000000","imsi":"310270000000000","os":"22","exts":"{\"notifyEnable\":\"true\",\"romInfo\":\"\"}"}
D/accs.Msg_umeng:56aadbf567e58e38d4000976( 4682):  len:353
D/accs.Msg_umeng:56aadbf567e58e38d4000976( 4682):  21 40 1 5d 1 5b 88 0 5 33 7c 64 6d 7c 32 57 6c 63 43 69 59 49 69 31 50 34 44 41 4a 77 63 6c 6a 43 78 76 49 67 2f 7c 63 6f 6d 2e 7a 7a 6c 2e 66 61 6c 63 6f 6e 2e 69 6e 74 65 72 6e 61 6c 7c 7c 1 32 0 0 1f 8b 8 0 0 0 0 0 0 0 55 8f 3f 6f c3 20 10 c5 bf 8a 75 73 6a 1 f6 19 f0 d4 aa ea 10 75 c9 50 75 f2 2 e6 48 51 3 44 b6 23 25 8a f2 dd 8b 5d a9 52 59 78 fa bd fb f3 ee e 63 8e d1 24 7 3d df 81 39 9f df e9 6 3d 5c 22 a5 63 8f 9d 31 ce 7a ec 24 a1 a2 46 b9 96 31 a6 65 7 3b c8 f3 c7 ed 4c 5b d3 1c 8e a9 b4 18 ad 5b d5 b9 46 96 52 d4 7e 14 88 1d 6a e6 ad 51 d4 a2 e3 5e 79 6c 9b 16 6d a3 19 5a 54 c2 7b 94 52 5a 3e 7a a1 9c 66 65 e8 ec be 3f 69 9a 43 2e f3 84 f8 cd f3 7 40 d4 6d cd 4b d5 b2 4 b7 ee 4b 6e ca c1 3d 6f 51 b 8e d9 d1 a9 f0 d7 cb bc e4 58 1d be 72 a2 ea a9 c2 9a d7 ac fc 2f 87 7d 25 44 11 b2 53 57 2e d4 ba cf 4e db e1 70 a4 44 53 18 b 9 91 42 1 ec ff db 8c 79 35 1a ce 84 fc 67 e4 79 8d 26 8a a2 eb b2 ea fb 0 29 2f c1 df de 92 b1 27 1a a0 1f 60 99 2e 45 ec 6 98 72 dc 27 9f 37 38 c0 3 1e 3f 62 94 69 b4 80 1 0 0 
I/accs.InAppConn_umeng:56aadbf567e58e38d4000976( 4682):  send data  len:353 dataId:2 command:1 host:https://umengacs.m.taobao.com utdid:WlcCiYIi1P4DAJwcljCxvIg/
E/awcn.TnetSpdySession( 4682): |[seq:umeng:56aadbf567e58e38d4000976.AWCN1_1] sendCustomFrame dataId:2 type:200
D/accs.TrafficsMonitor( 4682):  addTrafficInfo count:0 date:null bizId:1000 serviceId:accsSelf host:https://umengacs.m.taobao.com isBackground:false size:353
D/accs.InAppConn_umeng:56aadbf567e58e38d4000976( 4682):  sendSucc true dataId:2
E/awcn.TnetSpdySession( 4682): |[seq:umeng:56aadbf567e58e38d4000976.AWCN1_1] [spdyCustomControlFrameRecvCallback] len:247 frameCb:com.taobao.accs.net.k@1844f237
E/awcn.TnetSpdySession( 4682): |[seq:umeng:56aadbf567e58e38d4000976.AWCN1_1] str:20 0 0 f3 0 f1 60 0 32 57 6c 63 43 69 59 49 69 31 50 34 44 41 4a 77 63 6c 6a 43 78 76 49 67 2f 7c 63 6f 6d 2e 7a 7a 6c 2e 66 61 6c 63 6f 6e 2e 69 6e 74 65 72 6e 61 6c 7c 7c 5 33 7c 64 6d 7c 1 32 0 9 24 7 75 6e 7a 62 79 75 6e 7b 22 64 61 74 61 22 3a 7b 22 70 61 63 6b 61 67 65 4e 61 6d 65 73 22 3a 5b 22 63 6f 6d 2e 7a 7a 6c 2e 66 61 6c 63 6f 6e 2e 69 6e 74 65 72 6e 61 6c 22 2c 22 63 6f 6d 2e 7a 7a 6c 2e 69 74 6f 75 62 65 2e 69 6e 74 65 72 6e 61 6c 22 5d 2c 22 61 63 63 73 54 6f 6b 65 6e 22 3a 22 41 6a 62 4d 35 2d 38 62 33 61 39 62 6d 6a 59 6d 54 6c 41 55 6b 4b 30 67 4b 6b 51 72 62 39 6b 32 6c 5a 54 66 67 4b 68 67 6a 55 71 51 22 7d 2c 22 63 6f 64 65 22 3a 32 30 30 2c 22 6d 65 73 73 61 67 65 22 3a 22 73 75 63 63 65 73 73 22 7d 
I/accs.InAppConn_umeng:56aadbf567e58e38d4000976( 4682):  onDataReceive, type:200 len:247
E/accs.InAppConn_umeng:56aadbf567e58e38d4000976( 4682):  onDataReceive, end:
D/accs.MsgRecv_umeng:56aadbf567e58e38d4000976( 4682):  version:2
D/accs.MsgRecv_umeng:56aadbf567e58e38d4000976( 4682):  compress:0
D/accs.MsgRecv_umeng:56aadbf567e58e38d4000976( 4682):  totalLen:243
D/accs.MsgRecv_umeng:56aadbf567e58e38d4000976( 4682):  buf len:241
D/accs.MsgRecv_umeng:56aadbf567e58e38d4000976( 4682):  flag:6000
D/accs.MsgRecv_umeng:56aadbf567e58e38d4000976( 4682):  target:WlcCiYIi1P4DAJwcljCxvIg/|com.zzl.falcon.internal||
D/accs.MsgRecv_umeng:56aadbf567e58e38d4000976( 4682):  source:3|dm|
D/accs.MsgRecv_umeng:56aadbf567e58e38d4000976( 4682):  dataId:2
D/accs.MsgRecv_umeng:56aadbf567e58e38d4000976( 4682):  extHeaderLen:9
D/accs.MsgRecv_umeng:56aadbf567e58e38d4000976( 4682):   extHeaderType:9 value:unzbyun
D/accs.MsgRecv_umeng:56aadbf567e58e38d4000976( 4682):  oriData:[B@24b213a4
I/accs.MsgRecv_umeng:56aadbf567e58e38d4000976( 4682):  1 dataId 2:type CONTROL:reqType RES:resType NO_ACK:target WlcCiYIi1P4DAJwcljCxvIg/|com.zzl.falcon.internal||
D/accs.MsgRecv_umeng:56aadbf567e58e38d4000976( 4682):  parse Json:{"data":{"packageNames":["com.zzl.falcon.internal","com.zzl.itoube.internal"],"accsToken":"AjbM5-8b3a9bmjYmTlAUkK0gKkQrb9k2lZTfgKhgjUqQ"},"code":200,"message":"success"}
D/accs.MsgRecv_umeng:56aadbf567e58e38d4000976( 4682):  onResult command:1 erorcode:200
D/accs.MsgRecv_umeng:56aadbf567e58e38d4000976( 4682):  prepare send broadcast
D/accs.accs.BindAppStatistic( 4682):  eventId=66001;arg1=WlcCiYIi1P4DAJwcljCxvIg/;arg2=null;arg3=221;args={push_token=, fail_reasons=null, device_id=WlcCiYIi1P4DAJwcljCxvIg/, ret=y, bind_date=1515832485166}
D/accs.UTMini( 4682):  commitEvent fail java.lang.NoClassDefFoundError: Failed resolution of: Lcom/ut/mini/internal/UTOriginalCustomHitBuilder;
D/accs.InAppConn_umeng:56aadbf567e58e38d4000976( 4682):  try handle msg
D/accs.MsgDistribute( 4682):  action:com.taobao.accs.intent.action.RECEIVE
I/accs.MsgDistribute( 4682):  distribute command::1  serviceId::  dataId:: appkey:umeng:56aadbf567e58e38d4000976 config:umeng:56aadbf567e58e38d4000976
I/accs.TaobaoRegister( 4682):  onBindApp errorCode:200
I/accs.AgooBindCache( 4682):  restoreAgooClients packs null return
I/accs.AgooBindCache( 4682):  isAgooRegistered begin..appStatus=null,mAgooBindStatus={}
D/accs.UtilityImpl( 4682):  get EMUI version is:
