I/awcn.SerializeHelper( 1239):  persist end. file:/storage/emulated/0/Android/data/com.zzl.falcon.internal/files/awcn_strategy/ef133debedbd6d843d539e5eb14cfdfd cost:6
I/awcn.SerializeHelper( 1239):  persist end. file:/storage/emulated/0/Android/data/com.zzl.falcon.internal/files/awcn_strategy/0c61135c2fdcd71f15ad7297245abe44 cost:3
I/awcn.SerializeHelper( 1239):  persist end. file:/storage/emulated/0/Android/data/com.zzl.falcon.internal/files/awcn_strategy/49c6a36aaea8ee1549c1cd3e07070c79 cost:2
E/awcn.DefaultHeartbeatImpl( 1239): |[seq:umeng:56aadbf567e58e38d4000976.AWCN6_1] close session in background session:Session@[umeng:56aadbf567e58e38d4000976.AWCN6_1|http2_0rtt_acs]
E/awcn.TnetSpdySession( 1239): |[seq:umeng:56aadbf567e58e38d4000976.AWCN6_1] force close! session:Session@[umeng:56aadbf567e58e38d4000976.AWCN6_1|http2_0rtt_acs]
E/awcn.Session( 1239): |[seq:umeng:56aadbf567e58e38d4000976.AWCN6_1] notifyStatus status:DISCONNECTING
I/awcn.DefaultHeartbeatImpl( 1239): |[seq:umeng:56aadbf567e58e38d4000976.AWCN6_1] heartbeat stop session:Session@[umeng:56aadbf567e58e38d4000976.AWCN6_1|http2_0rtt_acs]
E/awcn.TnetSpdySession( 1239): |[seq:umeng:56aadbf567e58e38d4000976.AWCN6_1] spdySessionCloseCallback  errorCode::-2002
E/awcn.Session( 1239): |[seq:umeng:56aadbf567e58e38d4000976.AWCN6_1] notifyStatus status:DISCONNECTED
D/awcn.SessionRequest( 1239): |[seq:umeng:56aadbf567e58e38d4000976.AWCN6_1] Session:Session@[umeng:56aadbf567e58e38d4000976.AWCN6_1|http2_0rtt_acs] EventType:DISCONNECTED Event:anet.channel.entity.c@5cbdb25
D/awcn.SessionRequest( 1239): |[seq:umeng:56aadbf567e58e38d4000976.AWCN6_1] Connect Disconnect session:Session@[umeng:56aadbf567e58e38d4000976.AWCN6_1|http2_0rtt_acs] host:https://umengacs.m.taobao.com appIsBg:true isHandleFinish:false
I/accs.MsgDistributeService( 1239):  onStartCommand action:com.taobao.accs.intent.action.RECEIVE
D/accs.MsgDistribute( 1239):  action:com.taobao.accs.intent.action.RECEIVE
I/accs.MsgDistribute( 1239):  distribute command::103  serviceId::  dataId:: appkey: config:
I/art     ( 1239): Explicit concurrent mark sweep GC freed 47306(3MB) AllocSpace objects, 22(427KB) LOS objects, 25% free, 12MB/16MB, paused 252us total 17.703ms
I/ActivityManager(  527): START u0 {act=android.intent.action.MAIN cat=[android.intent.category.LAUNCHER] flg=0x10200000 cmp=com.android.settings/.Settings bnds=[384,777][572,974] (has extras)} from uid 10039 on display 0
W/AudioTrack(  527): AUDIO_OUTPUT_FLAG_FAST denied by client
W/EGL_emulation( 4154): eglSurfaceAttrib not implemented
W/OpenGLRenderer( 4154): Failed to set EGL_SWAP_BEHAVIOR on surface 0xe1703e80, error=EGL_SUCCESS
D/DashboardSummary( 4154): rebuildUI took: 29 ms
I/AppiumUnicodeIME(  672): onFinishInput
I/AppiumUnicodeIME(  672): onStartInput
I/tnet-jni( 1217): 105 - [spdyPingRecvCallback] - 
I/tnet-jni( 1217): 105 - [SpdySessionCallBack.spdyPingRecvCallback] - org.android.spdy.SpdySession@2d7e5d8e
D/accs.SpdyConnection( 1217):  spdyPingRecvCallback uniId:2
D/accs.MessageHandler( 1217):  onRcvPing
D/accs.HeartbeatManager( 1217):  onHeartbeatSucc
D/accs.OrangeAdapter( 1217):  isSmartHb result:true
D/accs.HeartbeatManager( 1217):  set 270
I/art     (  636): Explicit concurrent mark sweep GC freed 4685(233KB) AllocSpace objects, 0(0B) LOS objects, 39% free, 9MB/15MB, paused 306us total 10.995ms
I/ActivityManager(  527): START u0 {act=android.intent.action.MAIN cmp=com.android.settings/.SubSettings (has extras)} from uid 1000 on display 0
W/AudioTrack(  527): AUDIO_OUTPUT_FLAG_FAST denied by client
V/WindowManager(  527): addAppToken: AppWindowToken{1ca4e234 token=Token{34bea107 ActivityRecord{298d9b46 u0 com.android.settings/.SubSettings t44}}} to stack=1 task=44 at 1
D/SubSettings( 4154): Launching fragment com.android.settings.applications.ManageApplications
W/ContextImpl( 4154): Calling a method in the system process without a qualified user: android.app.ContextImpl.bindService:1764 android.content.ContextWrapper.bindService:539 com.android.settings.applications.ManageApplications.onCreate:881 android.app.Fragment.performCreate:2031 android.app.FragmentManagerImpl.moveToState:863 
E/libprocessgroup( 4589): failed to make and chown /acct/uid_10003: Read-only file system
W/Zygote  ( 4589): createProcessGroup failed, kernel missing CONFIG_CGROUP_CPUACCT?
I/ActivityManager(  527): Start proc 4589:com.android.defcontainer/u0a3 for service com.android.defcontainer/.DefaultContainerService
I/art     (  527): Explicit concurrent mark sweep GC freed 8234(389KB) AllocSpace objects, 4(624KB) LOS objects, 33% free, 11MB/17MB, paused 1.194ms total 48.264ms
W/ResourceType( 4154): No package identifier when getting value for resource number 0x00000000
W/PackageManager( 4154): Failure retrieving resources for com.android.providers.media: Resource ID #0x0
W/ResourceType( 4154): No package identifier when getting value for resource number 0x00000000
W/PackageManager( 4154): Failure retrieving resources for com.android.wallpapercropper: Resource ID #0x0
V/WindowManager(  527): Adding window Window{3c8512cd u0 com.android.settings/com.android.settings.SubSettings} at 46 of 51 (after Window{9001131 u0 com.android.settings/com.android.settings.Settings})
W/ResourceType( 4154): No package identifier when getting value for resource number 0x00000000
W/PackageManager( 4154): Failure retrieving resources for com.android.documentsui: Resource ID #0x0
W/ResourceType( 4154): No package identifier when getting value for resource number 0x00000000
W/PackageManager( 4154): Failure retrieving resources for com.android.externalstorage: Resource ID #0x0
W/ResourceType( 4154): No package identifier when getting value for resource number 0x00000000
W/PackageManager( 4154): Failure retrieving resources for com.android.htmlviewer: Resource ID #0x0
W/ResourceType( 4154): No package identifier when getting value for resource number 0x00000000
W/PackageManager( 4154): Failure retrieving resources for com.android.mms.service: Resource ID #0x0
W/ResourceType( 4154): No package identifier when getting value for resource number 0x00000000
W/PackageManager( 4154): Failure retrieving resources for com.android.defcontainer: Resource ID #0x0
W/ResourceType( 4154): No package identifier when getting value for resource number 0x00000000
W/PackageManager( 4154): Failure retrieving resources for com.android.pacprocessor: Resource ID #0x0
W/ResourceType( 4154): No package identifier when getting value for resource number 0x00000000
W/PackageManager( 4154): Failure retrieving resources for com.android.certinstaller: Resource ID #0x0
W/ResourceType( 4154): No package identifier when getting value for resource number 0x00000000
W/PackageManager( 4154): Failure retrieving resources for com.google.android.launcher.layouts.genymotion: Resource ID #0x0
W/ResourceType( 4154): No package identifier when getting value for resource number 0x00000000
W/PackageManager( 4154): Failure retrieving resources for com.android.gesture.builder: Resource ID #0x0
W/ResourceType( 4154): No package identifier when getting value for resource number 0x00000000
W/PackageManager( 4154): Failure retrieving resources for com.android.backupconfirm: Resource ID #0x0
W/ResourceType( 4154): No package identifier when getting value for resource number 0x00000000
W/PackageManager( 4154): Failure retrieving resources for com.android.provision: Resource ID #0x0
W/ResourceType( 4154): No package identifier when getting value for resource number 0x00000000
W/PackageManager( 4154): Failure retrieving resources for com.android.wallpaper.holospiral: Resource ID #0x0
W/ResourceType( 4154): No package identifier when getting value for resource number 0x00000000
W/PackageManager( 4154): Failure retrieving resources for com.android.sharedstoragebackup: Resource ID #0x0
W/ResourceType( 4154): No package identifier when getting value for resource number 0x00000000
W/PackageManager( 4154): Failure retrieving resources for com.android.printspooler: Resource ID #0x0
W/ResourceType( 4154): No package identifier when getting value for resource number 0x00000000
W/PackageManager( 4154): Failure retrieving resources for com.android.dreams.basic: Resource ID #0x0
W/ResourceType( 4154): No package identifier when getting value for resource number 0x00000000
W/PackageManager( 4154): Failure retrieving resources for com.android.inputdevices: Resource ID #0x0
W/ResourceType( 4154): No package identifier when getting value for resource number 0x00000000
W/PackageManager( 4154): Failure retrieving resources for com.android.onetimeinitializer: Resource ID #0x0
W/ResourceType( 4154): No package identifier when getting value for resource number 0x00000000
W/PackageManager( 4154): Failure retrieving resources for com.android.keychain: Resource ID #0x0
W/ResourceType( 4154): No package identifier when getting value for resource number 0x00000000
W/PackageManager( 4154): Failure retrieving resources for com.android.packageinstaller: Resource ID #0x0
W/ResourceType( 4154): No package identifier when getting value for resource number 0x00000000
W/PackageManager( 4154): Failure retrieving resources for com.svox.pico: Resource ID #0x0
W/ResourceType( 4154): No package identifier when getting value for resource number 0x00000000
W/PackageManager( 4154): Failure retrieving resources for com.android.proxyhandler: Resource ID #0x0
W/ResourceType( 4154): No package identifier when getting value for resource number 0x00000000
W/PackageManager( 4154): Failure retrieving resources for com.android.managedprovisioning: Resource ID #0x0
W/ResourceType( 4154): No package identifier when getting value for resource number 0x00000000
W/PackageManager( 4154): Failure retrieving resources for com.android.smspush: Resource ID #0x0
W/ResourceType( 4154): No package identifier when getting value for resource number 0x00000000
W/PackageManager( 4154): Failure retrieving resources for jp.co.omronsoft.openwnn: Resource ID #0x0
W/ResourceType( 4154): No package identifier when getting value for resource number 0x00000000
W/PackageManager( 4154): Failure retrieving resources for com.android.vpndialogs: Resource ID #0x0
W/ResourceType( 4154): No package identifier when getting value for resource number 0x00000000
W/PackageManager( 4154): Failure retrieving resources for com.android.shell: Resource ID #0x0
W/ResourceType( 4154): No package identifier when getting value for resource number 0x00000000
W/PackageManager( 4154): Failure retrieving resources for com.android.providers.userdictionary: Resource ID #0x0
W/ResourceType( 4154): No package identifier when getting value for resource number 0x00000000
W/PackageManager( 4154): Failure retrieving resources for com.android.location.fused: Resource ID #0x0
W/ResourceType( 4154): No package identifier when getting value for resource number 0x00000000
W/PackageManager( 4154): Failure retrieving resources for com.android.captiveportallogin: Resource ID #0x0
W/EGL_emulation( 4154): eglSurfaceAttrib not implemented
W/OpenGLRenderer( 4154): Failed to set EGL_SWAP_BEHAVIOR on surface 0xe15904c0, error=EGL_SUCCESS
I/AppiumUnicodeIME(  672): onFinishInput
I/AppiumUnicodeIME(  672): onStartInput
I/ActivityManager(  527): Displayed com.android.settings/.SubSettings: +1s18ms
I/ActivityManager(  527): START u0 {act=android.intent.action.MAIN cmp=com.android.settings/.SubSettings (has extras)} from uid 1000 on display 0
W/AudioTrack(  527): AUDIO_OUTPUT_FLAG_FAST denied by client
V/WindowManager(  527): addAppToken: AppWindowToken{2ce6d7e8 token=Token{1264cd0b ActivityRecord{2d68a4da u0 com.android.settings/.SubSettings t44}}} to stack=1 task=44 at 2
D/SubSettings( 4154): Launching fragment com.android.settings.applications.InstalledAppDetails
I/tnet-jni( 1124): 101 - [spdyPingRecvCallback] - 
I/tnet-jni( 1124): 101 - [SpdySessionCallBack.spdyPingRecvCallback] - org.android.spdy.SpdySession@26741c86
D/accs.SilenceConn_umeng:56aadbf567e58e38d4000976( 1124):  spdyPingRecvCallback uniId:2
D/accs.MsgRecv_umeng:56aadbf567e58e38d4000976( 1124):  onRcvPing
D/accs.HeartbeatManager( 1124):  onHeartbeatSucc
D/accs.OrangeAdapter( 1124):  isSmartHb result:true
D/accs.HeartbeatManager( 1124):  set 270
V/WindowManager(  527): Adding window Window{3ec70efb u0 com.android.settings/com.android.settings.SubSettings} at 47 of 52 (after Window{3c8512cd u0 com.android.settings/com.android.settings.SubSettings})
W/EGL_emulation( 4154): eglSurfaceAttrib not implemented
W/OpenGLRenderer( 4154): Failed to set EGL_SWAP_BEHAVIOR on surface 0xe15d1fa0, error=EGL_SUCCESS
I/AppiumUnicodeIME(  672): onFinishInput
I/AppiumUnicodeIME(  672): onStartInput
I/ActivityManager(  527): Displayed com.android.settings/.SubSettings: +620ms
I/art     (  527): Explicit concurrent mark sweep GC freed 40989(2MB) AllocSpace objects, 1(16KB) LOS objects, 33% free, 11MB/17MB, paused 457us total 20.165ms
I/art     (  636): Explicit concurrent mark sweep GC freed 3972(202KB) AllocSpace objects, 0(0B) LOS objects, 39% free, 9MB/15MB, paused 413us total 9.800ms
W/AudioTrack(  527): AUDIO_OUTPUT_FLAG_FAST denied by client
V/WindowManager(  527): not Base app: Adding window Window{15630ee2 u0 com.android.settings/com.android.settings.SubSettings} at 48 of 53
W/EGL_emulation( 4154): eglSurfaceAttrib not implemented
W/OpenGLRenderer( 4154): Failed to set EGL_SWAP_BEHAVIOR on surface 0xe04185a0, error=EGL_SUCCESS
I/ActivityManager(  527): Force stopping com.zzl.falcon.internal appid=10068 user=0: from pid 4154
I/ActivityManager(  527): Killing 1882:com.zzl.falcon.internal:leakcanary/u0a68 (adj 2): stop com.zzl.falcon.internal
W/AudioTrack(  527): AUDIO_OUTPUT_FLAG_FAST denied by client
W/libprocessgroup(  527): failed to open /acct/uid_10068/pid_1882/cgroup.procs: No such file or directory
W/ActivityManager(  527): Force removing ActivityRecord{3f97bb82 u0 com.zzl.falcon.internal/com.squareup.leakcanary.internal.DisplayLeakActivity t42}: app died, no saved state
W/ActivityManager(  527): Force removing ActivityRecord{14222f9c u0 com.zzl.falcon.internal/com.squareup.leakcanary.internal.DisplayLeakActivity t42}: app died, no saved state
W/ActivityManager(  527): Force removing ActivityRecord{35741055 u0 com.zzl.falcon.internal/com.squareup.leakcanary.internal.DisplayLeakActivity t42}: app died, no saved state
W/ActivityManager(  527): Force removing ActivityRecord{35e4c326 u0 com.zzl.falcon.internal/com.squareup.leakcanary.internal.DisplayLeakActivity t42}: app died, no saved state
W/ActivityManager(  527): Force removing ActivityRecord{1b7b4049 u0 com.zzl.falcon.internal/com.squareup.leakcanary.internal.DisplayLeakActivity t42}: app died, no saved state
W/ActivityManager(  527): Force removing ActivityRecord{107cf98 u0 com.zzl.falcon.internal/com.squareup.leakcanary.internal.DisplayLeakActivity t42}: app died, no saved state
W/ActivityManager(  527): Force removing ActivityRecord{10a87d67 u0 com.zzl.falcon.internal/com.squareup.leakcanary.internal.DisplayLeakActivity t42}: app died, no saved state
W/InputDispatcher(  527): channel '37a5e12e com.zzl.falcon.internal/com.squareup.leakcanary.internal.DisplayLeakActivity (server)' ~ Consumer closed input channel or an error occurred.  events=0x9
E/InputDispatcher(  527): channel '37a5e12e com.zzl.falcon.internal/com.squareup.leakcanary.internal.DisplayLeakActivity (server)' ~ Channel is unrecoverably broken and will be disposed!
W/InputDispatcher(  527): channel '3fe04cd com.zzl.falcon.internal/com.squareup.leakcanary.internal.DisplayLeakActivity (server)' ~ Consumer closed input channel or an error occurred.  events=0x9
E/InputDispatcher(  527): channel '3fe04cd com.zzl.falcon.internal/com.squareup.leakcanary.internal.DisplayLeakActivity (server)' ~ Channel is unrecoverably broken and will be disposed!
W/InputDispatcher(  527): channel '3e13bca com.zzl.falcon.internal/com.squareup.leakcanary.internal.DisplayLeakActivity (server)' ~ Consumer closed input channel or an error occurred.  events=0x9
E/InputDispatcher(  527): channel '3e13bca com.zzl.falcon.internal/com.squareup.leakcanary.internal.DisplayLeakActivity (server)' ~ Channel is unrecoverably broken and will be disposed!
W/InputDispatcher(  527): channel '3e0a2527 com.zzl.falcon.internal/com.squareup.leakcanary.internal.DisplayLeakActivity (server)' ~ Consumer closed input channel or an error occurred.  events=0x9
E/InputDispatcher(  527): channel '3e0a2527 com.zzl.falcon.internal/com.squareup.leakcanary.internal.DisplayLeakActivity (server)' ~ Channel is unrecoverably broken and will be disposed!
W/InputDispatcher(  527): channel '2e5a5825 com.zzl.falcon.internal/com.squareup.leakcanary.internal.DisplayLeakActivity (server)' ~ Consumer closed input channel or an error occurred.  events=0x9
E/InputDispatcher(  527): channel '2e5a5825 com.zzl.falcon.internal/com.squareup.leakcanary.internal.DisplayLeakActivity (server)' ~ Channel is unrecoverably broken and will be disposed!
W/InputDispatcher(  527): channel '35fe29db com.zzl.falcon.internal/com.squareup.leakcanary.internal.DisplayLeakActivity (server)' ~ Consumer closed input channel or an error occurred.  events=0x9
E/InputDispatcher(  527): channel '35fe29db com.zzl.falcon.internal/com.squareup.leakcanary.internal.DisplayLeakActivity (server)' ~ Channel is unrecoverably broken and will be disposed!
W/InputDispatcher(  527): channel '8ddd51d com.zzl.falcon.internal/com.squareup.leakcanary.internal.DisplayLeakActivity (server)' ~ Consumer closed input channel or an error occurred.  events=0x9
E/InputDispatcher(  527): channel '8ddd51d com.zzl.falcon.internal/com.squareup.leakcanary.internal.DisplayLeakActivity (server)' ~ Channel is unrecoverably broken and will be disposed!
W/InputDispatcher(  527): channel '2fd845cf com.zzl.falcon.internal/com.squareup.leakcanary.internal.DisplayLeakActivity (server)' ~ Consumer closed input channel or an error occurred.  events=0x9
E/InputDispatcher(  527): channel '2fd845cf com.zzl.falcon.internal/com.squareup.leakcanary.internal.DisplayLeakActivity (server)' ~ Channel is unrecoverably broken and will be disposed!
W/InputDispatcher(  527): channel '20f57859 com.zzl.falcon.internal/com.squareup.leakcanary.internal.DisplayLeakActivity (server)' ~ Consumer closed input channel or an error occurred.  events=0x9
E/InputDispatcher(  527): channel '20f57859 com.zzl.falcon.internal/com.squareup.leakcanary.internal.DisplayLeakActivity (server)' ~ Channel is unrecoverably broken and will be disposed!
W/InputDispatcher(  527): channel 'da3edf5 com.zzl.falcon.internal/com.squareup.leakcanary.internal.DisplayLeakActivity (server)' ~ Consumer closed input channel or an error occurred.  events=0x9
E/InputDispatcher(  527): channel 'da3edf5 com.zzl.falcon.internal/com.squareup.leakcanary.internal.DisplayLeakActivity (server)' ~ Channel is unrecoverably broken and will be disposed!
W/InputDispatcher(  527): channel 'd8cd07a com.zzl.falcon.internal/com.squareup.leakcanary.internal.DisplayLeakActivity (server)' ~ Consumer closed input channel or an error occurred.  events=0x9
E/InputDispatcher(  527): channel 'd8cd07a com.zzl.falcon.internal/com.squareup.leakcanary.internal.DisplayLeakActivity (server)' ~ Channel is unrecoverably broken and will be disposed!
W/InputDispatcher(  527): channel '2376d206 com.zzl.falcon.internal/com.squareup.leakcanary.internal.DisplayLeakActivity (server)' ~ Consumer closed input channel or an error occurred.  events=0x9
E/InputDispatcher(  527): channel '2376d206 com.zzl.falcon.internal/com.squareup.leakcanary.internal.DisplayLeakActivity (server)' ~ Channel is unrecoverably broken and will be disposed!
W/InputDispatcher(  527): channel '175c9a15 com.zzl.falcon.internal/com.squareup.leakcanary.internal.DisplayLeakActivity (server)' ~ Consumer closed input channel or an error occurred.  events=0x9
E/InputDispatcher(  527): channel '175c9a15 com.zzl.falcon.internal/com.squareup.leakcanary.internal.DisplayLeakActivity (server)' ~ Channel is unrecoverably broken and will be disposed!
W/InputDispatcher(  527): channel '1b31c41 com.zzl.falcon.internal/com.squareup.leakcanary.internal.DisplayLeakActivity (server)' ~ Consumer closed input channel or an error occurred.  events=0x9
E/InputDispatcher(  527): channel '1b31c41 com.zzl.falcon.internal/com.squareup.leakcanary.internal.DisplayLeakActivity (server)' ~ Channel is unrecoverably broken and will be disposed!
W/InputDispatcher(  527): channel 'f715961 com.zzl.falcon.internal/com.squareup.leakcanary.internal.DisplayLeakActivity (server)' ~ Consumer closed input channel or an error occurred.  events=0x9
E/InputDispatcher(  527): channel 'f715961 com.zzl.falcon.internal/com.squareup.leakcanary.internal.DisplayLeakActivity (server)' ~ Channel is unrecoverably broken and will be disposed!
W/InputDispatcher(  527): channel '2a30a562 com.zzl.falcon.internal/com.squareup.leakcanary.internal.DisplayLeakActivity (server)' ~ Consumer closed input channel or an error occurred.  events=0x9
E/InputDispatcher(  527): channel '2a30a562 com.zzl.falcon.internal/com.squareup.leakcanary.internal.DisplayLeakActivity (server)' ~ Channel is unrecoverably broken and will be disposed!
W/InputDispatcher(  527): channel '1c9db0c1 com.zzl.falcon.internal/com.squareup.leakcanary.internal.DisplayLeakActivity (server)' ~ Consumer closed input channel or an error occurred.  events=0x9
E/InputDispatcher(  527): channel '1c9db0c1 com.zzl.falcon.internal/com.squareup.leakcanary.internal.DisplayLeakActivity (server)' ~ Channel is unrecoverably broken and will be disposed!
W/InputDispatcher(  527): channel '80e7950 com.zzl.falcon.internal/com.squareup.leakcanary.internal.DisplayLeakActivity (server)' ~ Consumer closed input channel or an error occurred.  events=0x9
E/InputDispatcher(  527): channel '80e7950 com.zzl.falcon.internal/com.squareup.leakcanary.internal.DisplayLeakActivity (server)' ~ Channel is unrecoverably broken and will be disposed!
W/InputDispatcher(  527): channel '142aa224 com.zzl.falcon.internal/com.squareup.leakcanary.internal.DisplayLeakActivity (server)' ~ Consumer closed input channel or an error occurred.  events=0x9
E/InputDispatcher(  527): channel '142aa224 com.zzl.falcon.internal/com.squareup.leakcanary.internal.DisplayLeakActivity (server)' ~ Channel is unrecoverably broken and will be disposed!
W/InputDispatcher(  527): channel '3f492bdb com.zzl.falcon.internal/com.squareup.leakcanary.internal.DisplayLeakActivity (server)' ~ Consumer closed input channel or an error occurred.  events=0x9
E/InputDispatcher(  527): channel '3f492bdb com.zzl.falcon.internal/com.squareup.leakcanary.internal.DisplayLeakActivity (server)' ~ Channel is unrecoverably broken and will be disposed!
W/InputDispatcher(  527): channel '1a2baef7 com.zzl.falcon.internal/com.squareup.leakcanary.internal.DisplayLeakActivity (server)' ~ Consumer closed input channel or an error occurred.  events=0x9
E/InputDispatcher(  527): channel '1a2baef7 com.zzl.falcon.internal/com.squareup.leakcanary.internal.DisplayLeakActivity (server)' ~ Channel is unrecoverably broken and will be disposed!
W/InputDispatcher(  527): channel 'deb0a59 com.zzl.falcon.internal/com.squareup.leakcanary.internal.DisplayLeakActivity (server)' ~ Consumer closed input channel or an error occurred.  events=0x9
E/InputDispatcher(  527): channel 'deb0a59 com.zzl.falcon.internal/com.squareup.leakcanary.internal.DisplayLeakActivity (server)' ~ Channel is unrecoverably broken and will be disposed!
W/InputDispatcher(  527): channel '6394671 com.zzl.falcon.internal/com.squareup.leakcanary.internal.DisplayLeakActivity (server)' ~ Consumer closed input channel or an error occurred.  events=0x9
E/InputDispatcher(  527): channel '6394671 com.zzl.falcon.internal/com.squareup.leakcanary.internal.DisplayLeakActivity (server)' ~ Channel is unrecoverably broken and will be disposed!
W/InputDispatcher(  527): channel '2ea9c186 com.zzl.falcon.internal/com.squareup.leakcanary.internal.DisplayLeakActivity (server)' ~ Consumer closed input channel or an error occurred.  events=0x9
E/InputDispatcher(  527): channel '2ea9c186 com.zzl.falcon.internal/com.squareup.leakcanary.internal.DisplayLeakActivity (server)' ~ Channel is unrecoverably broken and will be disposed!
W/InputDispatcher(  527): channel '19c5e70d com.zzl.falcon.internal/com.squareup.leakcanary.internal.DisplayLeakActivity (server)' ~ Consumer closed input channel or an error occurred.  events=0x9
E/InputDispatcher(  527): channel '19c5e70d com.zzl.falcon.internal/com.squareup.leakcanary.internal.DisplayLeakActivity (server)' ~ Channel is unrecoverably broken and will be disposed!
I/WindowState(  527): WIN DEATH: Window{3e13bca u0 com.zzl.falcon.internal/com.squareup.leakcanary.internal.DisplayLeakActivity}
W/InputDispatcher(  527): channel 'b4b801d com.zzl.falcon.internal/com.squareup.leakcanary.internal.DisplayLeakActivity (server)' ~ Consumer closed input channel or an error occurred.  events=0x9
E/InputDispatcher(  527): channel 'b4b801d com.zzl.falcon.internal/com.squareup.leakcanary.internal.DisplayLeakActivity (server)' ~ Channel is unrecoverably broken and will be disposed!
W/InputDispatcher(  527): channel '27fc105e com.zzl.falcon.internal/com.squareup.leakcanary.internal.DisplayLeakActivity (server)' ~ Consumer closed input channel or an error occurred.  events=0x9
E/InputDispatcher(  527): channel '27fc105e com.zzl.falcon.internal/com.squareup.leakcanary.internal.DisplayLeakActivity (server)' ~ Channel is unrecoverably broken and will be disposed!
W/InputDispatcher(  527): channel '4489d8f com.zzl.falcon.internal/com.squareup.leakcanary.internal.DisplayLeakActivity (server)' ~ Consumer closed input channel or an error occurred.  events=0x9
E/InputDispatcher(  527): channel '4489d8f com.zzl.falcon.internal/com.squareup.leakcanary.internal.DisplayLeakActivity (server)' ~ Channel is unrecoverably broken and will be disposed!
W/InputDispatcher(  527): channel '3a358903 com.zzl.falcon.internal/com.squareup.leakcanary.internal.DisplayLeakActivity (server)' ~ Consumer closed input channel or an error occurred.  events=0x9
E/InputDispatcher(  527): channel '3a358903 com.zzl.falcon.internal/com.squareup.leakcanary.internal.DisplayLeakActivity (server)' ~ Channel is unrecoverably broken and will be disposed!
W/InputDispatcher(  527): channel '2784203e com.zzl.falcon.internal/com.squareup.leakcanary.internal.DisplayLeakActivity (server)' ~ Consumer closed input channel or an error occurred.  events=0x9
E/InputDispatcher(  527): channel '2784203e com.zzl.falcon.internal/com.squareup.leakcanary.internal.DisplayLeakActivity (server)' ~ Channel is unrecoverably broken and will be disposed!
W/InputDispatcher(  527): channel '323f7563 com.zzl.falcon.internal/com.squareup.leakcanary.internal.DisplayLeakActivity (server)' ~ Consumer closed input channel or an error occurred.  events=0x9
E/InputDispatcher(  527): channel '323f7563 com.zzl.falcon.internal/com.squareup.leakcanary.internal.DisplayLeakActivity (server)' ~ Channel is unrecoverably broken and will be disposed!
W/InputDispatcher(  527): channel '16b2ed01 com.zzl.falcon.internal/com.squareup.leakcanary.internal.DisplayLeakActivity (server)' ~ Consumer closed input channel or an error occurred.  events=0x9
E/InputDispatcher(  527): channel '16b2ed01 com.zzl.falcon.internal/com.squareup.leakcanary.internal.DisplayLeakActivity (server)' ~ Channel is unrecoverably broken and will be disposed!
W/InputDispatcher(  527): channel '260b600d com.zzl.falcon.internal/com.squareup.leakcanary.internal.DisplayLeakActivity (server)' ~ Consumer closed input channel or an error occurred.  events=0x9
E/InputDispatcher(  527): channel '260b600d com.zzl.falcon.internal/com.squareup.leakcanary.internal.DisplayLeakActivity (server)' ~ Channel is unrecoverably broken and will be disposed!
W/InputDispatcher(  527): channel '2c9364e6 com.zzl.falcon.internal/com.squareup.leakcanary.internal.DisplayLeakActivity (server)' ~ Consumer closed input channel or an error occurred.  events=0x9
E/InputDispatcher(  527): channel '2c9364e6 com.zzl.falcon.internal/com.squareup.leakcanary.internal.DisplayLeakActivity (server)' ~ Channel is unrecoverably broken and will be disposed!
W/InputDispatcher(  527): channel '2fd225e3 com.zzl.falcon.internal/com.squareup.leakcanary.internal.DisplayLeakActivity (server)' ~ Consumer closed input channel or an error occurred.  events=0x9
E/InputDispatcher(  527): channel '2fd225e3 com.zzl.falcon.internal/com.squareup.leakcanary.internal.DisplayLeakActivity (server)' ~ Channel is unrecoverably broken and will be disposed!
W/InputDispatcher(  527): Attempted to unregister already unregistered input channel '3e13bca com.zzl.falcon.internal/com.squareup.leakcanary.internal.DisplayLeakActivity (server)'
I/WindowState(  527): WIN DEATH: Window{3fe04cd u0 com.zzl.falcon.internal/com.squareup.leakcanary.internal.DisplayLeakActivity}
W/InputDispatcher(  527): Attempted to unregister already unregistered input channel '3fe04cd com.zzl.falcon.internal/com.squareup.leakcanary.internal.DisplayLeakActivity (server)'
I/WindowState(  527): WIN DEATH: Window{da3edf5 u0 com.zzl.falcon.internal/com.squareup.leakcanary.internal.DisplayLeakActivity}
W/InputDispatcher(  527): Attempted to unregister already unregistered input channel 'da3edf5 com.zzl.falcon.internal/com.squareup.leakcanary.internal.DisplayLeakActivity (server)'
I/WindowState(  527): WIN DEATH: Window{4489d8f u0 com.zzl.falcon.internal/com.squareup.leakcanary.internal.DisplayLeakActivity}
W/InputDispatcher(  527): Attempted to unregister already unregistered input channel '4489d8f com.zzl.falcon.internal/com.squareup.leakcanary.internal.DisplayLeakActivity (server)'
I/WindowState(  527): WIN DEATH: Window{142aa224 u0 com.zzl.falcon.internal/com.squareup.leakcanary.internal.DisplayLeakActivity}
W/InputDispatcher(  527): Attempted to unregister already unregistered input channel '142aa224 com.zzl.falcon.internal/com.squareup.leakcanary.internal.DisplayLeakActivity (server)'
I/WindowState(  527): WIN DEATH: Window{2376d206 u0 com.zzl.falcon.internal/com.squareup.leakcanary.internal.DisplayLeakActivity}
W/InputDispatcher(  527): Attempted to unregister already unregistered input channel '2376d206 com.zzl.falcon.internal/com.squareup.leakcanary.internal.DisplayLeakActivity (server)'
W/InputDispatcher(  527): Attempted to unregister already unregistered input channel '3a358903 com.zzl.falcon.internal/com.squareup.leakcanary.internal.DisplayLeakActivity (server)'
W/ActivityManager(  527): Force removing ActivityRecord{9bafd85 u0 com.zzl.falcon.internal/com.squareup.leakcanary.internal.DisplayLeakActivity t42}: app died, no saved state
W/InputDispatcher(  527): Attempted to unregister already unregistered input channel '16b2ed01 com.zzl.falcon.internal/com.squareup.leakcanary.internal.DisplayLeakActivity (server)'
I/WindowState(  527): WIN DEATH: Window{d8cd07a u0 com.zzl.falcon.internal/com.squareup.leakcanary.internal.DisplayLeakActivity}
W/InputDispatcher(  527): Attempted to unregister already unregistered input channel 'd8cd07a com.zzl.falcon.internal/com.squareup.leakcanary.internal.DisplayLeakActivity (server)'
I/WindowState(  527): WIN DEATH: Window{20f57859 u0 com.zzl.falcon.internal/com.squareup.leakcanary.internal.DisplayLeakActivity}
W/InputDispatcher(  527): Attempted to unregister already unregistered input channel '20f57859 com.zzl.falcon.internal/com.squareup.leakcanary.internal.DisplayLeakActivity (server)'
W/ActivityManager(  527): Force removing ActivityRecord{1841511a u0 com.zzl.falcon.internal/com.squareup.leakcanary.internal.DisplayLeakActivity t42}: app died, no saved state
I/WindowState(  527): WIN DEATH: Window{2ea9c186 u0 com.zzl.falcon.internal/com.squareup.leakcanary.internal.DisplayLeakActivity}
W/InputDispatcher(  527): Attempted to unregister already unregistered input channel '2ea9c186 com.zzl.falcon.internal/com.squareup.leakcanary.internal.DisplayLeakActivity (server)'
I/WindowState(  527): WIN DEATH: Window{260b600d u0 com.zzl.falcon.internal/com.squareup.leakcanary.internal.DisplayLeakActivity}
W/InputDispatcher(  527): Attempted to unregister already unregistered input channel '260b600d com.zzl.falcon.internal/com.squareup.leakcanary.internal.DisplayLeakActivity (server)'
I/WindowState(  527): WIN DEATH: Window{37a5e12e u0 com.zzl.falcon.internal/com.squareup.leakcanary.internal.DisplayLeakActivity}
W/InputDispatcher(  527): Attempted to unregister already unregistered input channel '37a5e12e com.zzl.falcon.internal/com.squareup.leakcanary.internal.DisplayLeakActivity (server)'
I/WindowState(  527): WIN DEATH: Window{1a2baef7 u0 com.zzl.falcon.internal/com.squareup.leakcanary.internal.DisplayLeakActivity}
W/InputDispatcher(  527): Attempted to unregister already unregistered input channel '1a2baef7 com.zzl.falcon.internal/com.squareup.leakcanary.internal.DisplayLeakActivity (server)'
I/WindowState(  527): WIN DEATH: Window{2fd845cf u0 com.zzl.falcon.internal/com.squareup.leakcanary.internal.DisplayLeakActivity}
W/InputDispatcher(  527): Attempted to unregister already unregistered input channel '2fd845cf com.zzl.falcon.internal/com.squareup.leakcanary.internal.DisplayLeakActivity (server)'
I/WindowState(  527): WIN DEATH: Window{2e5a5825 u0 com.zzl.falcon.internal/com.squareup.leakcanary.internal.DisplayLeakActivity}
W/InputDispatcher(  527): Attempted to unregister already unregistered input channel '2e5a5825 com.zzl.falcon.internal/com.squareup.leakcanary.internal.DisplayLeakActivity (server)'
I/WindowState(  527): WIN DEATH: Window{2784203e u0 com.zzl.falcon.internal/com.squareup.leakcanary.internal.DisplayLeakActivity}
W/InputDispatcher(  527): Attempted to unregister already unregistered input channel '2784203e com.zzl.falcon.internal/com.squareup.leakcanary.internal.DisplayLeakActivity (server)'
I/WindowState(  527): WIN DEATH: Window{1b31c41 u0 com.zzl.falcon.internal/com.squareup.leakcanary.internal.DisplayLeakActivity}
W/InputDispatcher(  527): Attempted to unregister already unregistered input channel '1b31c41 com.zzl.falcon.internal/com.squareup.leakcanary.internal.DisplayLeakActivity (server)'
I/WindowState(  527): WIN DEATH: Window{f715961 u0 com.zzl.falcon.internal/com.squareup.leakcanary.internal.DisplayLeakActivity}
W/InputDispatcher(  527): Attempted to unregister already unregistered input channel 'f715961 com.zzl.falcon.internal/com.squareup.leakcanary.internal.DisplayLeakActivity (server)'
I/WindowState(  527): WIN DEATH: Window{19c5e70d u0 com.zzl.falcon.internal/com.squareup.leakcanary.internal.DisplayLeakActivity}
W/InputDispatcher(  527): Attempted to unregister already unregistered input channel '19c5e70d com.zzl.falcon.internal/com.squareup.leakcanary.internal.DisplayLeakActivity (server)'
I/WindowState(  527): WIN DEATH: Window{3e0a2527 u0 com.zzl.falcon.internal/com.squareup.leakcanary.internal.DisplayLeakActivity}
W/InputDispatcher(  527): Attempted to unregister already unregistered input channel '3e0a2527 com.zzl.falcon.internal/com.squareup.leakcanary.internal.DisplayLeakActivity (server)'
I/WindowState(  527): WIN DEATH: Window{35fe29db u0 com.zzl.falcon.internal/com.squareup.leakcanary.internal.DisplayLeakActivity}
W/InputDispatcher(  527): Attempted to unregister already unregistered input channel '35fe29db com.zzl.falcon.internal/com.squareup.leakcanary.internal.DisplayLeakActivity (server)'
W/InputDispatcher(  527): Attempted to unregister already unregistered input channel '2c9364e6 com.zzl.falcon.internal/com.squareup.leakcanary.internal.DisplayLeakActivity (server)'
I/WindowState(  527): WIN DEATH: Window{2fd225e3 u0 com.zzl.falcon.internal/com.squareup.leakcanary.internal.DisplayLeakActivity}
I/ActivityManager(  527): Killing 1239:com.zzl.falcon.internal/u0a68 (adj 7): stop com.zzl.falcon.internal
W/InputDispatcher(  527): Attempted to unregister already unregistered input channel '2fd225e3 com.zzl.falcon.internal/com.squareup.leakcanary.internal.DisplayLeakActivity (server)'
W/libprocessgroup(  527): failed to open /acct/uid_10068/pid_1239/cgroup.procs: No such file or directory
W/ActivityManager(  527): Scheduling restart of crashed service com.zzl.falcon.internal/com.taobao.accs.data.MsgDistributeService in 1000ms
I/ActivityManager(  527): Killing 1124:com.zzl.falcon.internal:channel/u0a68 (adj 5): stop com.zzl.falcon.internal
W/libprocessgroup(  527): failed to open /acct/uid_10068/pid_1124/cgroup.procs: No such file or directory
W/ActivityManager(  527): Scheduling restart of crashed service com.zzl.falcon.internal/com.taobao.accs.ChannelService in 1000ms
I/ActivityManager(  527):   Force finishing activity 3 ActivityRecord{88bcd29 u0 com.zzl.falcon.internal/com.zzl.falcon.MainActivity t31}
I/WindowState(  527): WIN DEATH: Window{deb0a59 u0 com.zzl.falcon.internal/com.squareup.leakcanary.internal.DisplayLeakActivity}
W/InputDispatcher(  527): Attempted to unregister already unregistered input channel 'deb0a59 com.zzl.falcon.internal/com.squareup.leakcanary.internal.DisplayLeakActivity (server)'
I/WindowState(  527): WIN DEATH: Window{6394671 u0 com.zzl.falcon.internal/com.squareup.leakcanary.internal.DisplayLeakActivity}
W/InputDispatcher(  527): Attempted to unregister already unregistered input channel '6394671 com.zzl.falcon.internal/com.squareup.leakcanary.internal.DisplayLeakActivity (server)'
D/WifiService(  527): Client connection lost with reason: 4
W/WindowManager(  527): Failed looking up window
W/WindowManager(  527): java.lang.IllegalArgumentException: Requested window android.os.BinderProxy@1e739741 does not exist
W/WindowManager(  527): 	at com.android.server.wm.WindowManagerService.windowForClientLocked(WindowManagerService.java:8539)
W/WindowManager(  527): 	at com.android.server.wm.WindowManagerService.windowForClientLocked(WindowManagerService.java:8530)
W/WindowManager(  527): 	at com.android.server.wm.WindowState$DeathRecipient.binderDied(WindowState.java:1142)
W/WindowManager(  527): 	at android.os.BinderProxy.sendDeathNotice(Binder.java:623)
I/WindowState(  527): WIN DEATH: null
I/WindowState(  527): WIN DEATH: Window{323f7563 u0 com.zzl.falcon.internal/com.squareup.leakcanary.internal.DisplayLeakActivity}
W/InputDispatcher(  527): Attempted to unregister already unregistered input channel '323f7563 com.zzl.falcon.internal/com.squareup.leakcanary.internal.DisplayLeakActivity (server)'
I/WindowState(  527): WIN DEATH: Window{2a30a562 u0 com.zzl.falcon.internal/com.squareup.leakcanary.internal.DisplayLeakActivity}
W/InputDispatcher(  527): Attempted to unregister already unregistered input channel '2a30a562 com.zzl.falcon.internal/com.squareup.leakcanary.internal.DisplayLeakActivity (server)'
I/WindowState(  527): WIN DEATH: Window{3f492bdb u0 com.zzl.falcon.internal/com.squareup.leakcanary.internal.DisplayLeakActivity}
W/InputDispatcher(  527): Attempted to unregister already unregistered input channel '3f492bdb com.zzl.falcon.internal/com.squareup.leakcanary.internal.DisplayLeakActivity (server)'
I/WindowState(  527): WIN DEATH: Window{8ddd51d u0 com.zzl.falcon.internal/com.squareup.leakcanary.internal.DisplayLeakActivity}
W/InputDispatcher(  527): Attempted to unregister already unregistered input channel '8ddd51d com.zzl.falcon.internal/com.squareup.leakcanary.internal.DisplayLeakActivity (server)'
I/WindowState(  527): WIN DEATH: Window{27fc105e u0 com.zzl.falcon.internal/com.squareup.leakcanary.internal.DisplayLeakActivity}
W/InputDispatcher(  527): Attempted to unregister already unregistered input channel '27fc105e com.zzl.falcon.internal/com.squareup.leakcanary.internal.DisplayLeakActivity (server)'
I/WindowState(  527): WIN DEATH: Window{1c9db0c1 u0 com.zzl.falcon.internal/com.squareup.leakcanary.internal.DisplayLeakActivity}
W/InputDispatcher(  527): Attempted to unregister already unregistered input channel '1c9db0c1 com.zzl.falcon.internal/com.squareup.leakcanary.internal.DisplayLeakActivity (server)'
I/WindowState(  527): WIN DEATH: Window{80e7950 u0 com.zzl.falcon.internal/com.squareup.leakcanary.internal.DisplayLeakActivity}
W/InputDispatcher(  527): Attempted to unregister already unregistered input channel '80e7950 com.zzl.falcon.internal/com.squareup.leakcanary.internal.DisplayLeakActivity (server)'
I/WindowState(  527): WIN DEATH: Window{175c9a15 u0 com.zzl.falcon.internal/com.squareup.leakcanary.internal.DisplayLeakActivity}
W/InputDispatcher(  527): Attempted to unregister already unregistered input channel '175c9a15 com.zzl.falcon.internal/com.squareup.leakcanary.internal.DisplayLeakActivity (server)'
I/WindowState(  527): WIN DEATH: Window{b4b801d u0 com.zzl.falcon.internal/com.squareup.leakcanary.internal.DisplayLeakActivity}
W/InputDispatcher(  527): Attempted to unregister already unregistered input channel 'b4b801d com.zzl.falcon.internal/com.squareup.leakcanary.internal.DisplayLeakActivity (server)'
I/ActivityManager(  527):   Force finishing activity 3 ActivityRecord{2a064e67 u0 com.zzl.falcon.internal/com.squareup.leakcanary.internal.DisplayLeakActivity t42}
I/ActivityManager(  527):   Force finishing activity 3 ActivityRecord{3c29b4ae u0 com.zzl.falcon.internal/com.squareup.leakcanary.internal.DisplayLeakActivity t42}
I/ActivityManager(  527):   Force finishing activity 3 ActivityRecord{340e17d1 u0 com.zzl.falcon.internal/com.squareup.leakcanary.internal.DisplayLeakActivity t42}
I/ActivityManager(  527):   Force finishing activity 3 ActivityRecord{2b0a63c7 u0 com.zzl.falcon.internal/com.squareup.leakcanary.internal.DisplayLeakActivity t42}
I/ActivityManager(  527):   Force finishing activity 3 ActivityRecord{10f886f2 u0 com.zzl.falcon.internal/com.squareup.leakcanary.internal.DisplayLeakActivity t42}
W/InputDispatcher(  527): channel '334e0074 com.zzl.falcon.internal/com.zzl.falcon.MainActivity (server)' ~ Consumer closed input channel or an error occurred.  events=0x9
E/InputDispatcher(  527): channel '334e0074 com.zzl.falcon.internal/com.zzl.falcon.MainActivity (server)' ~ Channel is unrecoverably broken and will be disposed!
I/ActivityManager(  527):   Force finishing activity 3 ActivityRecord{6c72133 u0 com.zzl.falcon.internal/com.squareup.leakcanary.internal.DisplayLeakActivity t42}
D/WifiService(  527): Client connection lost with reason: 4
I/ActivityManager(  527):   Force finishing activity 3 ActivityRecord{2e9bb512 u0 com.zzl.falcon.internal/com.squareup.leakcanary.internal.DisplayLeakActivity t42}
I/WindowState(  527): WIN DEATH: Window{334e0074 u0 com.zzl.falcon.internal/com.zzl.falcon.MainActivity}
W/InputDispatcher(  527): Attempted to unregister already unregistered input channel '334e0074 com.zzl.falcon.internal/com.zzl.falcon.MainActivity (server)'
I/ActivityManager(  527):   Force finishing activity 3 ActivityRecord{d5e2ed1 u0 com.zzl.falcon.internal/com.squareup.leakcanary.internal.DisplayLeakActivity t42}
I/ActivityManager(  527):   Force finishing activity 3 ActivityRecord{1af57330 u0 com.zzl.falcon.internal/com.squareup.leakcanary.internal.DisplayLeakActivity t42}
I/ActivityManager(  527):   Force finishing activity 3 ActivityRecord{2b5d23ba u0 com.zzl.falcon.internal/com.squareup.leakcanary.internal.DisplayLeakActivity t42}
I/ActivityManager(  527):   Force finishing activity 3 ActivityRecord{33a7755d u0 com.zzl.falcon.internal/com.squareup.leakcanary.internal.DisplayLeakActivity t42}
I/ActivityManager(  527):   Force finishing activity 3 ActivityRecord{2bbc6c1b u0 com.zzl.falcon.internal/com.squareup.leakcanary.internal.DisplayLeakActivity t42}
I/ActivityManager(  527):   Force finishing activity 3 ActivityRecord{21a19ff5 u0 com.zzl.falcon.internal/com.squareup.leakcanary.internal.DisplayLeakActivity t42}
I/ActivityManager(  527):   Force finishing activity 3 ActivityRecord{287b22bf u0 com.zzl.falcon.internal/com.squareup.leakcanary.internal.DisplayLeakActivity t42}
I/ActivityManager(  527):   Force finishing activity 3 ActivityRecord{3e69678 u0 com.zzl.falcon.internal/com.squareup.leakcanary.internal.DisplayLeakActivity t42}
I/ActivityManager(  527):   Force finishing activity 3 ActivityRecord{282d0545 u0 com.zzl.falcon.internal/com.squareup.leakcanary.internal.DisplayLeakActivity t42}
I/ActivityManager(  527):   Force finishing activity 3 ActivityRecord{355f6677 u0 com.zzl.falcon.internal/com.squareup.leakcanary.internal.DisplayLeakActivity t42}
I/ActivityManager(  527):   Force finishing activity 3 ActivityRecord{67a41d6 u0 com.zzl.falcon.internal/com.squareup.leakcanary.internal.DisplayLeakActivity t42}
I/ActivityManager(  527):   Force finishing activity 3 ActivityRecord{2a8963e5 u0 com.zzl.falcon.internal/com.squareup.leakcanary.internal.DisplayLeakActivity t42}
I/ActivityManager(  527):   Force finishing activity 3 ActivityRecord{195ab8c5 u0 com.zzl.falcon.internal/com.squareup.leakcanary.internal.DisplayLeakActivity t42}
I/ActivityManager(  527):   Force finishing activity 3 ActivityRecord{37524159 u0 com.zzl.falcon.internal/com.squareup.leakcanary.internal.DisplayLeakActivity t42}
I/ActivityManager(  527):   Force finishing activity 3 ActivityRecord{9a22c3a u0 com.zzl.falcon.internal/com.squareup.leakcanary.internal.DisplayLeakActivity t42}
I/ActivityManager(  527):   Force finishing activity 3 ActivityRecord{3e8dc9d3 u0 com.zzl.falcon.internal/com.squareup.leakcanary.internal.DisplayLeakActivity t42}
I/ActivityManager(  527):   Force finishing activity 3 ActivityRecord{37316b6e u0 com.zzl.falcon.internal/com.squareup.leakcanary.internal.DisplayLeakActivity t42}
I/ActivityManager(  527):   Force finishing activity 3 ActivityRecord{3147035d u0 com.zzl.falcon.internal/com.squareup.leakcanary.internal.DisplayLeakActivity t42}
I/ActivityManager(  527):   Force finishing activity 3 ActivityRecord{280d2300 u0 com.zzl.falcon.internal/com.squareup.leakcanary.internal.DisplayLeakActivity t42}
I/ActivityManager(  527):   Force finishing activity 3 ActivityRecord{20c0c573 u0 com.zzl.falcon.internal/com.squareup.leakcanary.internal.DisplayLeakActivity t42}
I/ActivityManager(  527):   Force finishing activity 3 ActivityRecord{26185be1 u0 com.zzl.falcon.internal/com.squareup.leakcanary.internal.DisplayLeakActivity t42}
I/ActivityManager(  527):   Force finishing activity 3 ActivityRecord{113c40bf u0 com.zzl.falcon.internal/com.squareup.leakcanary.internal.DisplayLeakActivity t42}
I/ActivityManager(  527):   Force finishing activity 3 ActivityRecord{36353e69 u0 com.zzl.falcon.internal/com.squareup.leakcanary.internal.DisplayLeakActivity t42}
I/ActivityManager(  527):   Force finishing activity 3 ActivityRecord{e2edf4b u0 com.zzl.falcon.internal/com.squareup.leakcanary.internal.DisplayLeakActivity t42}
I/ActivityManager(  527):   Force finishing activity 3 ActivityRecord{cfec1be u0 com.zzl.falcon.internal/com.squareup.leakcanary.internal.DisplayLeakActivity t42}
I/ActivityManager(  527):   Force finishing activity 3 ActivityRecord{3e1bf091 u0 com.zzl.falcon.internal/com.squareup.leakcanary.internal.DisplayLeakActivity t42}
I/ActivityManager(  527):   Force finishing activity 3 ActivityRecord{feb18e2 u0 com.zzl.falcon.internal/com.squareup.leakcanary.internal.DisplayLeakActivity t42}
I/ActivityManager(  527):   Force stopping service ServiceRecord{3825aa93 u0 com.zzl.falcon.internal/com.taobao.accs.ChannelService}
W/art     (  527): Long monitor contention event with owner method=void com.android.server.am.ActivityManagerService.forceStopPackage(java.lang.String, int) from ActivityManagerService.java:5337 waiters=0 for 173ms
W/InputMethodManagerService(  527): Window already focused, ignoring focus gain of: com.android.internal.view.IInputMethodClient$Stub$Proxy@1ba7372e attribute=null, token = android.os.BinderProxy@2923f88a
I/art     (  527): Explicit concurrent mark sweep GC freed 10820(598KB) AllocSpace objects, 3(46KB) LOS objects, 33% free, 11MB/17MB, paused 801us total 26.121ms
I/art     (  636): Explicit concurrent mark sweep GC freed 5178(264KB) AllocSpace objects, 0(0B) LOS objects, 39% free, 9MB/15MB, paused 474us total 24.933ms
W/AudioTrack(  527): AUDIO_OUTPUT_FLAG_FAST denied by client
W/AudioTrack(  527): AUDIO_OUTPUT_FLAG_FAST denied by client
V/WindowManager(  527): not Base app: Adding window Window{19f5aceb u0 com.android.settings/com.android.settings.SubSettings} at 6 of 11
W/EGL_emulation( 4154): eglSurfaceAttrib not implemented
W/OpenGLRenderer( 4154): Failed to set EGL_SWAP_BEHAVIOR on surface 0xe1500fe0, error=EGL_SUCCESS
W/AudioTrack(  527): AUDIO_OUTPUT_FLAG_FAST denied by client
I/InstalledAppDetails( 4154): Clearing user data for package : com.zzl.falcon.internal
I/ActivityManager(  527): Force stopping com.zzl.falcon.internal appid=10068 user=0: clear data
D/TaskPersister(  527): removeObsoleteFile: deleting file=31_task.xml
D/TaskPersister(  527): removeObsoleteFile: deleting file=42_task.xml
D/TaskPersister(  527): removeObsoleteFile: deleting file=31_task_thumbnail.png
D/TaskPersister(  527): removeObsoleteFile: deleting file=42_task_thumbnail.png
E/libprocessgroup( 4627): failed to make and chown /acct/uid_10030: Read-only file system
W/Zygote  ( 4627): createProcessGroup failed, kernel missing CONFIG_CGROUP_CPUACCT?
I/ActivityManager(  527): Start proc 4627:com.android.documentsui/u0a30 for broadcast com.android.documentsui/.PackageReceiver
D/OpenGLRenderer( 4154): endAllStagingAnimators on 0xe0726880 (RippleDrawable) with handle 0xe0732080
I/InstalledAppDetails( 4154): Cleared user data for package : com.zzl.falcon.internal
W/InputMethodManagerService(  527): Window already focused, ignoring focus gain of: com.android.internal.view.IInputMethodClient$Stub$Proxy@38002cc7 attribute=null, token = android.os.BinderProxy@2923f88a
