D/accs.OrangeAdapter( 4764):  isSmartHb result:true
D/accs.HeartbeatManager( 4764):  set 270
D/accs.NetworkThread_umeng:56aadbf567e58e38d4000976( 4764):  send succ, remove it
D/accs.NetworkThread_umeng:56aadbf567e58e38d4000976( 4764):  ready to get message
D/accs.NetworkThread_umeng:56aadbf567e58e38d4000976( 4764):  no message, wait
I/art     (  636): Explicit concurrent mark sweep GC freed 3622(188KB) AllocSpace objects, 0(0B) LOS objects, 40% free, 9MB/15MB, paused 366us total 17.031ms
I/art     (  527): Explicit concurrent mark sweep GC freed 6679(271KB) AllocSpace objects, 0(0B) LOS objects, 33% free, 10MB/16MB, paused 2.738ms total 30.834ms
I/art     (  636): Explicit concurrent mark sweep GC freed 3621(188KB) AllocSpace objects, 0(0B) LOS objects, 40% free, 9MB/15MB, paused 572us total 10.947ms
I/UsageStatsService(  527): User[0] Flushing usage stats to disk
I/art     (  527): Explicit concurrent mark sweep GC freed 8092(370KB) AllocSpace objects, 4(64KB) LOS objects, 33% free, 10MB/16MB, paused 418us total 17.682ms
D/awcn.DefaultHeartbeatImpl( 4682): |[seq:umeng:56aadbf567e58e38d4000976.AWCN1_1] heartbeat session:Session@[umeng:56aadbf567e58e38d4000976.AWCN1_1|http2_0rtt_open]
D/awcn.TnetSpdySession( 4682): |[seq:umeng:56aadbf567e58e38d4000976.AWCN1_1] ping host:https://umengacs.m.taobao.com thread:AWCN Scheduler1
D/awcn.TnetSpdySession( 4682): |[seq:umeng:56aadbf567e58e38d4000976.AWCN1_1] https://umengacs.m.taobao.com submit ping ms:45050 force:true
D/awcn.DefaultHeartbeatImpl( 4682): |[seq:umeng:56aadbf567e58e38d4000976.AWCN1_1] reSchedule session:Session@[umeng:56aadbf567e58e38d4000976.AWCN1_1|http2_0rtt_open] delay:45051
I/awcn.TnetSpdySession( 4682): |[seq:umeng:56aadbf567e58e38d4000976.AWCN1_1] ping receive Host:https://umengacs.m.taobao.com id:1
I/art     (  636): Explicit concurrent mark sweep GC freed 3612(188KB) AllocSpace objects, 0(0B) LOS objects, 40% free, 9MB/15MB, paused 1.165ms total 14.321ms
I/art     (  527): Explicit concurrent mark sweep GC freed 6525(258KB) AllocSpace objects, 0(0B) LOS objects, 33% free, 10MB/16MB, paused 723us total 18.443ms
I/art     (  636): Explicit concurrent mark sweep GC freed 3621(188KB) AllocSpace objects, 0(0B) LOS objects, 40% free, 9MB/15MB, paused 1.244ms total 22.292ms
I/art     (  527): Explicit concurrent mark sweep GC freed 6448(256KB) AllocSpace objects, 0(0B) LOS objects, 33% free, 10MB/16MB, paused 2.669ms total 32.829ms
I/art     (  636): Explicit concurrent mark sweep GC freed 3622(188KB) AllocSpace objects, 0(0B) LOS objects, 40% free, 9MB/15MB, paused 501us total 9.938ms
I/art     (  527): Explicit concurrent mark sweep GC freed 7013(299KB) AllocSpace objects, 0(0B) LOS objects, 33% free, 10MB/16MB, paused 707us total 17.776ms
I/art     (  636): Explicit concurrent mark sweep GC freed 3612(188KB) AllocSpace objects, 0(0B) LOS objects, 39% free, 9MB/15MB, paused 748us total 13.233ms
I/art     (  527): Explicit concurrent mark sweep GC freed 5944(233KB) AllocSpace objects, 0(0B) LOS objects, 33% free, 10MB/16MB, paused 495us total 19.257ms
I/art     (  636): Explicit concurrent mark sweep GC freed 3621(188KB) AllocSpace objects, 0(0B) LOS objects, 39% free, 9MB/15MB, paused 605us total 33.763ms
I/art     (  527): Explicit concurrent mark sweep GC freed 6420(254KB) AllocSpace objects, 0(0B) LOS objects, 33% free, 10MB/16MB, paused 1.586ms total 42.284ms
I/art     (  636): Explicit concurrent mark sweep GC freed 3947(201KB) AllocSpace objects, 0(0B) LOS objects, 39% free, 9MB/15MB, paused 469us total 10.792ms
D/Genyd   (  116): Received Set Clipboard
D/Genymotion(  116): Received Set Clipboard
I/art     (  527): Explicit concurrent mark sweep GC freed 6975(279KB) AllocSpace objects, 0(0B) LOS objects, 33% free, 10MB/16MB, paused 955us total 20.212ms
I/art     (  636): Explicit concurrent mark sweep GC freed 3641(189KB) AllocSpace objects, 0(0B) LOS objects, 39% free, 9MB/15MB, paused 814us total 11.219ms
I/art     (  527): Explicit concurrent mark sweep GC freed 6467(257KB) AllocSpace objects, 0(0B) LOS objects, 33% free, 10MB/16MB, paused 742us total 20.827ms
I/art     (  636): Explicit concurrent mark sweep GC freed 3612(188KB) AllocSpace objects, 0(0B) LOS objects, 40% free, 9MB/15MB, paused 439us total 16.245ms
I/art     (  527): Explicit concurrent mark sweep GC freed 5946(233KB) AllocSpace objects, 0(0B) LOS objects, 33% free, 10MB/16MB, paused 2.701ms total 28.590ms
D/awcn.DefaultHeartbeatImpl( 4682): |[seq:umeng:56aadbf567e58e38d4000976.AWCN1_1] heartbeat session:Session@[umeng:56aadbf567e58e38d4000976.AWCN1_1|http2_0rtt_open]
D/awcn.TnetSpdySession( 4682): |[seq:umeng:56aadbf567e58e38d4000976.AWCN1_1] ping host:https://umengacs.m.taobao.com thread:AWCN Scheduler1
D/awcn.TnetSpdySession( 4682): |[seq:umeng:56aadbf567e58e38d4000976.AWCN1_1] https://umengacs.m.taobao.com submit ping ms:45050 force:true
D/awcn.DefaultHeartbeatImpl( 4682): |[seq:umeng:56aadbf567e58e38d4000976.AWCN1_1] reSchedule session:Session@[umeng:56aadbf567e58e38d4000976.AWCN1_1|http2_0rtt_open] delay:45050
I/awcn.TnetSpdySession( 4682): |[seq:umeng:56aadbf567e58e38d4000976.AWCN1_1] ping receive Host:https://umengacs.m.taobao.com id:3
I/art     (  636): Explicit concurrent mark sweep GC freed 3621(188KB) AllocSpace objects, 0(0B) LOS objects, 40% free, 9MB/15MB, paused 605us total 11.303ms
I/art     (  527): Explicit concurrent mark sweep GC freed 6420(254KB) AllocSpace objects, 0(0B) LOS objects, 33% free, 10MB/16MB, paused 543us total 18.762ms
I/art     (  636): Explicit concurrent mark sweep GC freed 3622(188KB) AllocSpace objects, 0(0B) LOS objects, 40% free, 9MB/15MB, paused 429us total 9.418ms
I/art     (  527): Explicit concurrent mark sweep GC freed 6821(272KB) AllocSpace objects, 0(0B) LOS objects, 33% free, 10MB/16MB, paused 437us total 19.246ms
I/art     (  636): Explicit concurrent mark sweep GC freed 3621(188KB) AllocSpace objects, 0(0B) LOS objects, 40% free, 9MB/15MB, paused 979us total 14.326ms
I/art     (  527): Explicit concurrent mark sweep GC freed 6427(254KB) AllocSpace objects, 0(0B) LOS objects, 33% free, 10MB/16MB, paused 629us total 28.736ms
I/art     (  636): Explicit concurrent mark sweep GC freed 3612(188KB) AllocSpace objects, 0(0B) LOS objects, 40% free, 9MB/15MB, paused 395us total 10.399ms
I/art     (  527): Explicit concurrent mark sweep GC freed 6429(255KB) AllocSpace objects, 0(0B) LOS objects, 33% free, 10MB/16MB, paused 911us total 18.895ms
I/art     (  636): Explicit concurrent mark sweep GC freed 3621(188KB) AllocSpace objects, 0(0B) LOS objects, 40% free, 9MB/15MB, paused 624us total 14.637ms
I/art     (  527): Explicit concurrent mark sweep GC freed 5940(233KB) AllocSpace objects, 0(0B) LOS objects, 33% free, 10MB/16MB, paused 427us total 18.812ms
I/accs.InAppConn_umeng:56aadbf567e58e38d4000976( 4682):  mTryStartServiceRunable bindapp
I/art     (  636): Explicit concurrent mark sweep GC freed 3622(188KB) AllocSpace objects, 0(0B) LOS objects, 40% free, 9MB/15MB, paused 1.566ms total 18.976ms
I/art     (  527): Explicit concurrent mark sweep GC freed 7025(300KB) AllocSpace objects, 0(0B) LOS objects, 33% free, 10MB/16MB, paused 1.680ms total 42.728ms
I/art     (  636): Explicit concurrent mark sweep GC freed 3621(188KB) AllocSpace objects, 0(0B) LOS objects, 40% free, 9MB/15MB, paused 338us total 23.061ms
I/art     (  527): Explicit concurrent mark sweep GC freed 6531(283KB) AllocSpace objects, 2(32KB) LOS objects, 33% free, 10MB/16MB, paused 1.736ms total 34.358ms
I/accs.Config( 4682):  getAgooAppKey appkey:umeng:56aadbf567e58e38d4000976
D/accs.AdapterGlobalClientInfo( 4682):  getAgooCustomServiceName name:com.umeng.message.UmengIntentService
I/accs.ElectionServiceImpl( 4764):  onStartCommand begin action:com.taobao.accs.intent.action.START_SERVICE
I/accs.OrangeAdapter( 4764):  isElectionEnable result:false
I/accs.ElectionServiceImpl( 4764):  try to saveAppKey configTag:umeng:56aadbf567e58e38d4000976 appkey:umeng:56aadbf567e58e38d4000976 appSecret:de6c6ea9227d256e20df4f0cf58d1c9d ttid:android@umeng pkg:com.zzl.falcon.internal
I/accs.Utils( 4764):  setMode mode:0
I/accs.ElectionServiceImpl( 4764):  getConnection configTag:umeng:56aadbf567e58e38d4000976
I/accs.Utils( 4764):  getMode mode:0
I/accs.OrangeAdapter( 4764):  isElectionEnable result:false
I/accs.OrangeAdapter( 4764):  isElectionEnable result:false
I/accs.ElectionServiceImpl( 4764):  deliver to channelservice host pkg:
I/accs.ServiceImpl( 4764):  onHostStartCommand:Intent { act=com.taobao.accs.intent.action.START_SERVICE cmp=com.zzl.falcon.internal/com.taobao.accs.ChannelService (has extras) }
D/accs.ServiceImpl( 4764):  key appKey: value umeng:56aadbf567e58e38d4000976
D/accs.ServiceImpl( 4764):  key configTag: value umeng:56aadbf567e58e38d4000976
D/accs.ServiceImpl( 4764):  key mode: value 0
D/accs.ServiceImpl( 4764):  key ttid: value android@umeng
D/accs.ServiceImpl( 4764):  key packageName: value com.zzl.falcon.internal
D/accs.ServiceImpl( 4764):  key app_sercet: value de6c6ea9227d256e20df4f0cf58d1c9d
D/accs.ServiceImpl( 4764):  key agoo_app_key: value umeng:56aadbf567e58e38d4000976
I/accs.LoadSoFailUtil( 4764):  getSoFailTimes times:0
D/accs.SilenceConn_umeng:56aadbf567e58e38d4000976( 4764):  try ping, force:false
D/accs.SilenceConn_umeng:56aadbf567e58e38d4000976( 4764):  send message, PING delay:0 dataId:8
I/accs.ServiceImpl( 4764):  tryConnect appkey:0 configTag:umeng:56aadbf567e58e38d4000976|0
D/accs.NetworkThread_umeng:56aadbf567e58e38d4000976( 4764):  try get message
D/accs.NetworkThread_umeng:56aadbf567e58e38d4000976( 4764):  send message not null
I/accs.NetworkThread_umeng:56aadbf567e58e38d4000976( 4764):  0 send:PING status:3
D/accs.OrangeAdapter( 4764):  isSmartHb result:true
I/accs.BaseIntentService( 4764):  onHandleIntent,action=org.agoo.android.intent.action.REPORT,agooCommand=com.zzl.falcon.internal.intent.action.COMMAND,mipushCommand=com.zzl.falcon.internal.intent.thirdPush.action.COMMAND
I/accs.BaseIntentService( 4764):  is report cache msg,Config.isReportCacheMsg(mContext)=false
D/accs.isClearTime( 4764):  now=1515832612930,now - lastTime=119558,istrue=false
I/accs.BaseIntentService( 4764):  is clear all msg=false
D/accs.isClearTime( 4764):  now=1515832612930,now - lastTime=119558,istrue=false
E/accs.NetworkThread_umeng:56aadbf567e58e38d4000976( 4764):  0 try connect, force = false failTimes = 4
E/accs.NetworkThread_umeng:56aadbf567e58e38d4000976( 4764):  0 try connect fail 4 times
D/accs.OrangeAdapter( 4764):  isSmartHb result:true
D/accs.HeartbeatManager( 4764):  set 270
D/accs.NetworkThread_umeng:56aadbf567e58e38d4000976( 4764):  send succ, remove it
D/accs.NetworkThread_umeng:56aadbf567e58e38d4000976( 4764):  ready to get message
D/accs.NetworkThread_umeng:56aadbf567e58e38d4000976( 4764):  no message, wait
I/accs.InAppConn_umeng:56aadbf567e58e38d4000976( 4764):  mTryStartServiceRunable bindapp
I/art     (  636): Explicit concurrent mark sweep GC freed 3612(188KB) AllocSpace objects, 0(0B) LOS objects, 39% free, 9MB/15MB, paused 669us total 12.817ms
I/art     (  527): Explicit concurrent mark sweep GC freed 6875(279KB) AllocSpace objects, 0(0B) LOS objects, 33% free, 10MB/16MB, paused 461us total 17.074ms
I/tnet-jni( 1217): 105 - [spdyPingRecvCallback] - 
I/tnet-jni( 1217): 105 - [SpdySessionCallBack.spdyPingRecvCallback] - org.android.spdy.SpdySession@2d7e5d8e
D/accs.SpdyConnection( 1217):  spdyPingRecvCallback uniId:4
D/accs.MessageHandler( 1217):  onRcvPing
D/accs.HeartbeatManager( 1217):  onHeartbeatSucc
D/accs.OrangeAdapter( 1217):  isSmartHb result:true
D/accs.HeartbeatManager( 1217):  set 270
D/accs.UtilityImpl( 1217):  setServiceTime:1515832619614
I/art     (  636): Explicit concurrent mark sweep GC freed 3621(188KB) AllocSpace objects, 0(0B) LOS objects, 39% free, 9MB/15MB, paused 721us total 32.844ms
D/awcn.DefaultHeartbeatImpl( 4682): |[seq:umeng:56aadbf567e58e38d4000976.AWCN1_1] heartbeat session:Session@[umeng:56aadbf567e58e38d4000976.AWCN1_1|http2_0rtt_open]
D/awcn.TnetSpdySession( 4682): |[seq:umeng:56aadbf567e58e38d4000976.AWCN1_1] ping host:https://umengacs.m.taobao.com thread:AWCN Scheduler1
D/awcn.TnetSpdySession( 4682): |[seq:umeng:56aadbf567e58e38d4000976.AWCN1_1] https://umengacs.m.taobao.com submit ping ms:45051 force:true
D/awcn.DefaultHeartbeatImpl( 4682): |[seq:umeng:56aadbf567e58e38d4000976.AWCN1_1] reSchedule session:Session@[umeng:56aadbf567e58e38d4000976.AWCN1_1|http2_0rtt_open] delay:45050
I/awcn.TnetSpdySession( 4682): |[seq:umeng:56aadbf567e58e38d4000976.AWCN1_1] ping receive Host:https://umengacs.m.taobao.com id:5
I/art     (  527): Explicit concurrent mark sweep GC freed 6962(279KB) AllocSpace objects, 0(0B) LOS objects, 33% free, 10MB/16MB, paused 819us total 28.909ms
I/accs.Config( 4764):  getAgooAppKey appkey:umeng:56aadbf567e58e38d4000976
I/accs.ElectionServiceImpl( 4764):  onStartCommand begin action:com.taobao.accs.intent.action.START_SERVICE
I/accs.OrangeAdapter( 4764):  isElectionEnable result:false
D/accs.AdapterGlobalClientInfo( 4764):  getAgooCustomServiceName name:com.umeng.message.UmengIntentService
I/accs.ElectionServiceImpl( 4764):  try to saveAppKey configTag:umeng:56aadbf567e58e38d4000976 appkey:umeng:56aadbf567e58e38d4000976 appSecret:de6c6ea9227d256e20df4f0cf58d1c9d ttid:android@umeng pkg:com.zzl.falcon.internal
I/accs.Utils( 4764):  setMode mode:0
I/accs.ElectionServiceImpl( 4764):  getConnection configTag:umeng:56aadbf567e58e38d4000976
I/accs.Utils( 4764):  getMode mode:0
I/accs.OrangeAdapter( 4764):  isElectionEnable result:false
I/accs.OrangeAdapter( 4764):  isElectionEnable result:false
I/accs.ElectionServiceImpl( 4764):  deliver to channelservice host pkg:
I/accs.ServiceImpl( 4764):  onHostStartCommand:Intent { act=com.taobao.accs.intent.action.START_SERVICE cmp=com.zzl.falcon.internal/com.taobao.accs.ChannelService (has extras) }
D/accs.ServiceImpl( 4764):  key appKey: value umeng:56aadbf567e58e38d4000976
D/accs.ServiceImpl( 4764):  key configTag: value umeng:56aadbf567e58e38d4000976
D/accs.ServiceImpl( 4764):  key mode: value 0
D/accs.ServiceImpl( 4764):  key ttid: value android@umeng
D/accs.ServiceImpl( 4764):  key packageName: value com.zzl.falcon.internal
D/accs.ServiceImpl( 4764):  key app_sercet: value de6c6ea9227d256e20df4f0cf58d1c9d
D/accs.ServiceImpl( 4764):  key agoo_app_key: value umeng:56aadbf567e58e38d4000976
I/accs.LoadSoFailUtil( 4764):  getSoFailTimes times:0
D/accs.SilenceConn_umeng:56aadbf567e58e38d4000976( 4764):  try ping, force:false
D/accs.SilenceConn_umeng:56aadbf567e58e38d4000976( 4764):  send message, PING delay:0 dataId:9
I/accs.ServiceImpl( 4764):  tryConnect appkey:0 configTag:umeng:56aadbf567e58e38d4000976|0
D/accs.NetworkThread_umeng:56aadbf567e58e38d4000976( 4764):  try get message
D/accs.NetworkThread_umeng:56aadbf567e58e38d4000976( 4764):  send message not null
I/accs.NetworkThread_umeng:56aadbf567e58e38d4000976( 4764):  0 send:PING status:3
D/accs.OrangeAdapter( 4764):  isSmartHb result:true
E/accs.NetworkThread_umeng:56aadbf567e58e38d4000976( 4764):  0 try connect, force = false failTimes = 4
E/accs.NetworkThread_umeng:56aadbf567e58e38d4000976( 4764):  0 try connect fail 4 times
D/accs.OrangeAdapter( 4764):  isSmartHb result:true
D/accs.HeartbeatManager( 4764):  set 270
I/accs.BaseIntentService( 4764):  onHandleIntent,action=org.agoo.android.intent.action.REPORT,agooCommand=com.zzl.falcon.internal.intent.action.COMMAND,mipushCommand=com.zzl.falcon.internal.intent.thirdPush.action.COMMAND
I/accs.BaseIntentService( 4764):  is report cache msg,Config.isReportCacheMsg(mContext)=false
D/accs.isClearTime( 4764):  now=1515832623442,now - lastTime=130070,istrue=false
I/accs.BaseIntentService( 4764):  is clear all msg=false
D/accs.isClearTime( 4764):  now=1515832623442,now - lastTime=130070,istrue=false
D/accs.NetworkThread_umeng:56aadbf567e58e38d4000976( 4764):  send succ, remove it
D/accs.NetworkThread_umeng:56aadbf567e58e38d4000976( 4764):  ready to get message
D/accs.NetworkThread_umeng:56aadbf567e58e38d4000976( 4764):  no message, wait
I/art     (  636): Explicit concurrent mark sweep GC freed 3938(200KB) AllocSpace objects, 0(0B) LOS objects, 40% free, 9MB/15MB, paused 542us total 16.201ms
I/art     (  527): Explicit concurrent mark sweep GC freed 6380(258KB) AllocSpace objects, 0(0B) LOS objects, 33% free, 10MB/16MB, paused 2.083ms total 37.728ms
I/art     (  636): Explicit concurrent mark sweep GC freed 3632(188KB) AllocSpace objects, 0(0B) LOS objects, 40% free, 9MB/15MB, paused 534us total 10.594ms
I/art     (  527): Explicit concurrent mark sweep GC freed 6423(254KB) AllocSpace objects, 0(0B) LOS objects, 33% free, 10MB/16MB, paused 509us total 17.480ms
I/art     (  636): Explicit concurrent mark sweep GC freed 3612(188KB) AllocSpace objects, 0(0B) LOS objects, 39% free, 9MB/15MB, paused 645us total 15.253ms
I/art     (  527): Explicit concurrent mark sweep GC freed 6429(255KB) AllocSpace objects, 0(0B) LOS objects, 33% free, 10MB/16MB, paused 1.793ms total 31.304ms
I/art     (  636): Explicit concurrent mark sweep GC freed 3622(188KB) AllocSpace objects, 0(0B) LOS objects, 39% free, 9MB/15MB, paused 607us total 16.090ms
I/art     (  527): Explicit concurrent mark sweep GC freed 6818(272KB) AllocSpace objects, 0(0B) LOS objects, 33% free, 10MB/16MB, paused 858us total 47.899ms
I/art     (  636): Explicit concurrent mark sweep GC freed 3621(188KB) AllocSpace objects, 0(0B) LOS objects, 39% free, 9MB/15MB, paused 289us total 10.618ms
I/art     (  527): Explicit concurrent mark sweep GC freed 5938(233KB) AllocSpace objects, 0(0B) LOS objects, 33% free, 10MB/16MB, paused 819us total 20.460ms
I/art     (  636): Explicit concurrent mark sweep GC freed 3612(188KB) AllocSpace objects, 0(0B) LOS objects, 40% free, 9MB/15MB, paused 466us total 10.907ms
I/art     (  527): Explicit concurrent mark sweep GC freed 6423(254KB) AllocSpace objects, 0(0B) LOS objects, 33% free, 10MB/16MB, paused 441us total 32.319ms
I/art     (  636): Explicit concurrent mark sweep GC freed 3621(188KB) AllocSpace objects, 0(0B) LOS objects, 40% free, 9MB/15MB, paused 584us total 18.216ms
I/art     (  527): Explicit concurrent mark sweep GC freed 6429(255KB) AllocSpace objects, 0(0B) LOS objects, 33% free, 10MB/16MB, paused 1.053ms total 26.887ms
I/art     (  636): Explicit concurrent mark sweep GC freed 3622(188KB) AllocSpace objects, 0(0B) LOS objects, 40% free, 9MB/15MB, paused 917us total 13.076ms
I/art     (  527): Explicit concurrent mark sweep GC freed 7965(341KB) AllocSpace objects, 0(0B) LOS objects, 33% free, 10MB/16MB, paused 523us total 16.648ms
D/awcn.DefaultHeartbeatImpl( 4682): |[seq:umeng:56aadbf567e58e38d4000976.AWCN1_1] heartbeat session:Session@[umeng:56aadbf567e58e38d4000976.AWCN1_1|http2_0rtt_open]
D/awcn.TnetSpdySession( 4682): |[seq:umeng:56aadbf567e58e38d4000976.AWCN1_1] ping host:https://umengacs.m.taobao.com thread:AWCN Scheduler1
D/awcn.TnetSpdySession( 4682): |[seq:umeng:56aadbf567e58e38d4000976.AWCN1_1] https://umengacs.m.taobao.com submit ping ms:45050 force:true
D/awcn.DefaultHeartbeatImpl( 4682): |[seq:umeng:56aadbf567e58e38d4000976.AWCN1_1] reSchedule session:Session@[umeng:56aadbf567e58e38d4000976.AWCN1_1|http2_0rtt_open] delay:45050
I/awcn.TnetSpdySession( 4682): |[seq:umeng:56aadbf567e58e38d4000976.AWCN1_1] ping receive Host:https://umengacs.m.taobao.com id:7
I/art     (  636): Explicit concurrent mark sweep GC freed 3621(188KB) AllocSpace objects, 0(0B) LOS objects, 40% free, 9MB/15MB, paused 407us total 14.211ms
I/art     (  527): Explicit concurrent mark sweep GC freed 6461(256KB) AllocSpace objects, 0(0B) LOS objects, 33% free, 10MB/16MB, paused 1.686ms total 45.804ms
I/art     (  636): Explicit concurrent mark sweep GC freed 3612(188KB) AllocSpace objects, 0(0B) LOS objects, 40% free, 9MB/15MB, paused 1.398ms total 26.744ms
I/art     (  527): Explicit concurrent mark sweep GC freed 5940(233KB) AllocSpace objects, 0(0B) LOS objects, 33% free, 10MB/16MB, paused 1.097ms total 40.071ms
I/art     (  636): Explicit concurrent mark sweep GC freed 3621(188KB) AllocSpace objects, 0(0B) LOS objects, 40% free, 9MB/15MB, paused 288us total 11.171ms
D/AndroidRuntime( 4849): >>>>>> START com.android.internal.os.RuntimeInit uid 0 <<<<<<
D/AndroidRuntime( 4849): CheckJNI is OFF
E/memtrack( 4849): Couldn't load memtrack module (No such file or directory)
E/android.os.Debug( 4849): failed to load memtrack module: -2
I/art     (  527): Explicit concurrent mark sweep GC freed 6525(259KB) AllocSpace objects, 0(0B) LOS objects, 33% free, 10MB/16MB, paused 3.480ms total 29.746ms
D/AndroidRuntime( 4849): Calling main entry com.android.commands.pm.Pm
I/art     ( 4849): System.exit called, status: 0
I/AndroidRuntime( 4849): VM exiting with result code 0.
I/art     (  636): Explicit concurrent mark sweep GC freed 3948(201KB) AllocSpace objects, 0(0B) LOS objects, 40% free, 9MB/15MB, paused 991us total 22.457ms
I/art     (  527): Explicit concurrent mark sweep GC freed 7023(290KB) AllocSpace objects, 0(0B) LOS objects, 33% free, 10MB/16MB, paused 922us total 17.777ms
I/art     (  636): Explicit concurrent mark sweep GC freed 3632(188KB) AllocSpace objects, 0(0B) LOS objects, 39% free, 9MB/15MB, paused 629us total 19.682ms
D/AndroidRuntime( 4864): >>>>>> START com.android.internal.os.RuntimeInit uid 0 <<<<<<
D/AndroidRuntime( 4864): CheckJNI is OFF
E/memtrack( 4864): Couldn't load memtrack module (No such file or directory)
E/android.os.Debug( 4864): failed to load memtrack module: -2
D/AndroidRuntime( 4864): Calling main entry com.android.commands.wm.Wm
D/AndroidRuntime( 4864): Shutting down VM
D/AndroidRuntime( 4885): >>>>>> START com.android.internal.os.RuntimeInit uid 0 <<<<<<
D/AndroidRuntime( 4885): CheckJNI is OFF
E/memtrack( 4885): Couldn't load memtrack module (No such file or directory)
E/android.os.Debug( 4885): failed to load memtrack module: -2
D/AndroidRuntime( 4885): Calling main entry com.android.commands.monkey.Monkey
W/BroadcastQueue(  527): Skipping deliver [background] BroadcastRecord{21d6b981 u-1 android.net.conn.CONNECTIVITY_CHANGE} to ReceiverList{fb87a26 4885 (unknown name)/0/u-1 remote:1398ec8b}: process crashing
I/ActivityManager(  527): START u0 {act=android.intent.action.MAIN cat=[android.intent.category.LAUNCHER] flg=0x10200000 cmp=com.zzl.falcon.internal/com.zzl.falcon.EntranceActivity} from uid 0 on display 0
W/InputEventReceiver( 4682): Attempted to finish an input event but the input event receiver has already been disposed.
W/ViewRootImpl( 4682): Dropping event due to root view being removed: MotionEvent { action=ACTION_POINTER_DOWN(1), id[0]=0, x[0]=553.0798, y[0]=661.5132, toolType[0]=TOOL_TYPE_UNKNOWN, id[1]=1, x[1]=62.0, y[1]=-151.0, toolType[1]=TOOL_TYPE_UNKNOWN, buttonState=0, metaState=0, flags=0x0, edgeFlags=0x0, pointerCount=2, historySize=0, eventTime=6885515, downTime=6885515, deviceId=0, source=0x1002 }
W/InputEventReceiver( 4682): Attempted to finish an input event but the input event receiver has already been disposed.
W/ViewRootImpl( 4682): Dropping event due to root view being removed: MotionEvent { action=ACTION_MOVE, id[0]=0, x[0]=517.58264, y[0]=697.4387, toolType[0]=TOOL_TYPE_UNKNOWN, id[1]=1, x[1]=27.567009, y[1]=-92.05176, toolType[1]=TOOL_TYPE_UNKNOWN, buttonState=0, metaState=0, flags=0x0, edgeFlags=0x0, pointerCount=2, historySize=3, eventTime=6885519, downTime=6885515, deviceId=0, source=0x1002 }
W/InputEventReceiver( 4682): Attempted to finish an input event but the input event receiver has already been disposed.
W/ViewRootImpl( 4682): Dropping event due to root view being removed: MotionEvent { action=ACTION_POINTER_UP(1), id[0]=0, x[0]=504.88788, y[0]=700.9099, toolType[0]=TOOL_TYPE_UNKNOWN, id[1]=1, x[1]=11.809282, y[1]=-80.96582, toolType[1]=TOOL_TYPE_UNKNOWN, buttonState=0, metaState=0, flags=0x0, edgeFlags=0x0, pointerCount=2, historySize=0, eventTime=6885520, downTime=6885515, deviceId=0, source=0x1002 }
W/InputEventReceiver( 4682): Attempted to finish an input event but the input event receiver has already been disposed.
W/ViewRootImpl( 4682): Dropping event due to root view being removed: MotionEvent { action=ACTION_UP, id[0]=0, x[0]=497.71472, y[0]=707.72034, toolType[0]=TOOL_TYPE_UNKNOWN, buttonState=0, metaState=0, flags=0x0, edgeFlags=0x0, pointerCount=1, historySize=0, eventTime=6885520, downTime=6885515, deviceId=0, source=0x1002 }
W/InputEventReceiver( 4682): Attempted to finish an input event but the input event receiver has already been disposed.
W/ViewRootImpl( 4682): Dropping event due to root view being removed: MotionEvent { action=ACTION_MOVE, id[0]=0, x[0]=-1.0, y[0]=1.0, toolType[0]=TOOL_TYPE_UNKNOWN, buttonState=0, metaState=0, flags=0x0, edgeFlags=0x0, pointerCount=1, historySize=17, eventTime=6885525, downTime=-1, deviceId=0, source=0x10004 }
W/InputEventReceiver( 4682): Attempted to finish an input event but the input event receiver has already been disposed.
W/InputMethodManagerService(  527): Window already focused, ignoring focus gain of: com.android.internal.view.IInputMethodClient$Stub$Proxy@180d0c14 attribute=null, token = android.os.BinderProxy@1d937887
I/AppiumUnicodeIME(  672): onKeyDown (keyCode='20', event.keyCode='20', metaState='0')
I/AppiumUnicodeIME(  672): onKeyUp (keyCode='20', event.keyCode='20', metaState='0')
I/AppiumUnicodeIME(  672): onKeyDown (keyCode='144', event.keyCode='144', metaState='0')
I/AppiumUnicodeIME(  672): onKeyDown (keyCode='124', event.keyCode='124', metaState='0')
W/AudioTrack(  527): AUDIO_OUTPUT_FLAG_FAST denied by client
I/AppiumUnicodeIME(  672): onKeyUp (keyCode='144', event.keyCode='144', metaState='0')
I/AppiumUnicodeIME(  672): onKeyUp (keyCode='124', event.keyCode='124', metaState='0')
I/AppiumUnicodeIME(  672): onKeyDown (keyCode='13', event.keyCode='13', metaState='0')
I/AppiumUnicodeIME(  672): onKeyUp (keyCode='13', event.keyCode='13', metaState='0')
I/AppiumUnicodeIME(  672): onFinishInput
I/AppiumUnicodeIME(  672): onStartInput
I/AppiumUnicodeIME(  672): onKeyDown (keyCode='19', event.keyCode='19', metaState='0')
I/AppiumUnicodeIME(  672): onKeyUp (keyCode='19', event.keyCode='19', metaState='0')
I/AppiumUnicodeIME(  672): onKeyDown (keyCode='19', event.keyCode='19', metaState='0')
I/AppiumUnicodeIME(  672): onKeyUp (keyCode='19', event.keyCode='19', metaState='0')
I/AppiumUnicodeIME(  672): onKeyDown (keyCode='19', event.keyCode='19', metaState='0')
I/AppiumUnicodeIME(  672): onKeyUp (keyCode='19', event.keyCode='19', metaState='0')
I/AppiumUnicodeIME(  672): onKeyDown (keyCode='19', event.keyCode='19', metaState='0')
I/AppiumUnicodeIME(  672): onKeyUp (keyCode='19', event.keyCode='19', metaState='0')
I/AppiumUnicodeIME(  672): onKeyDown (keyCode='23', event.keyCode='23', metaState='0')
W/AudioTrack(  527): AUDIO_OUTPUT_FLAG_FAST denied by client
I/AppiumUnicodeIME(  672): onKeyUp (keyCode='23', event.keyCode='23', metaState='0')
I/AppiumUnicodeIME(  672): onFinishInput
I/AppiumUnicodeIME(  672): onStartInput
I/AppiumUnicodeIME(  672): onKeyDown (keyCode='19', event.keyCode='19', metaState='0')
I/AppiumUnicodeIME(  672): onKeyDown (keyCode='19', event.keyCode='19', metaState='0')
I/AppiumUnicodeIME(  672): onKeyUp (keyCode='19', event.keyCode='19', metaState='0')
I/AppiumUnicodeIME(  672): onKeyDown (keyCode='20', event.keyCode='20', metaState='0')
W/AudioTrack(  527): AUDIO_OUTPUT_FLAG_FAST denied by client
I/AppiumUnicodeIME(  672): onKeyUp (keyCode='20', event.keyCode='20', metaState='0')
I/AppiumUnicodeIME(  672): onFinishInput
I/AppiumUnicodeIME(  672): onStartInput
I/AppiumUnicodeIME(  672): onKeyDown (keyCode='258', event.keyCode='258', metaState='0')
I/AppiumUnicodeIME(  672): onKeyUp (keyCode='258', event.keyCode='258', metaState='0')
W/AudioTrack(  527): AUDIO_OUTPUT_FLAG_FAST denied by client
I/AppiumUnicodeIME(  672): onKeyDown (keyCode='22', event.keyCode='22', metaState='0')
I/AppiumUnicodeIME(  672): onKeyUp (keyCode='22', event.keyCode='22', metaState='0')
I/AppiumUnicodeIME(  672): onKeyDown (keyCode='20', event.keyCode='20', metaState='0')
I/AppiumUnicodeIME(  672): onFinishInput
I/AppiumUnicodeIME(  672): onStartInput
I/AppiumUnicodeIME(  672): onKeyUp (keyCode='20', event.keyCode='20', metaState='0')
W/AudioTrack(  527): AUDIO_OUTPUT_FLAG_FAST denied by client
I/AppiumUnicodeIME(  672): onFinishInput
I/AppiumUnicodeIME(  672): onStartInput
I/AppiumUnicodeIME(  672): onKeyDown (keyCode='19', event.keyCode='19', metaState='0')
I/AppiumUnicodeIME(  672): onKeyUp (keyCode='19', event.keyCode='19', metaState='0')
I/AppiumUnicodeIME(  672): onKeyDown (keyCode='19', event.keyCode='19', metaState='0')
I/AppiumUnicodeIME(  672): onKeyUp (keyCode='19', event.keyCode='19', metaState='0')
I/AppiumUnicodeIME(  672): onKeyDown (keyCode='23', event.keyCode='23', metaState='0')
I/AppiumUnicodeIME(  672): onKeyUp (keyCode='23', event.keyCode='23', metaState='0')
I/AppiumUnicodeIME(  672): onKeyDown (keyCode='19', event.keyCode='19', metaState='0')
I/art     (  527): Explicit concurrent mark sweep GC freed 6690(273KB) AllocSpace objects, 0(0B) LOS objects, 33% free, 10MB/16MB, paused 866us total 28.432ms
I/AppiumUnicodeIME(  672): onKeyUp (keyCode='19', event.keyCode='19', metaState='0')
W/AudioTrack(  527): AUDIO_OUTPUT_FLAG_FAST denied by client
I/AppiumUnicodeIME(  672): onFinishInput
I/AppiumUnicodeIME(  672): onStartInput
I/AppiumUnicodeIME(  672): onKeyDown (keyCode='23', event.keyCode='23', metaState='0')
I/AppiumUnicodeIME(  672): onKeyUp (keyCode='23', event.keyCode='23', metaState='0')
I/AppiumUnicodeIME(  672): onKeyDown (keyCode='21', event.keyCode='21', metaState='0')
I/AppiumUnicodeIME(  672): onKeyUp (keyCode='21', event.keyCode='21', metaState='0')
W/AudioTrack(  527): AUDIO_OUTPUT_FLAG_FAST denied by client
I/AppiumUnicodeIME(  672): onKeyDown (keyCode='21', event.keyCode='21', metaState='0')
I/AppiumUnicodeIME(  672): onKeyUp (keyCode='21', event.keyCode='21', metaState='0')
I/AppiumUnicodeIME(  672): onFinishInput
I/AppiumUnicodeIME(  672): onStartInput
I/AppiumUnicodeIME(  672): onKeyDown (keyCode='19', event.keyCode='19', metaState='0')
I/AppiumUnicodeIME(  672): onKeyDown (keyCode='19', event.keyCode='19', metaState='0')
I/AppiumUnicodeIME(  672): onKeyUp (keyCode='19', event.keyCode='19', metaState='0')
I/AppiumUnicodeIME(  672): onKeyDown (keyCode='19', event.keyCode='19', metaState='0')
I/AppiumUnicodeIME(  672): onKeyUp (keyCode='19', event.keyCode='19', metaState='0')
I/AppiumUnicodeIME(  672): onKeyDown (keyCode='19', event.keyCode='19', metaState='0')
I/AppiumUnicodeIME(  672): onKeyUp (keyCode='19', event.keyCode='19', metaState='0')
I/AppiumUnicodeIME(  672): onKeyDown (keyCode='19', event.keyCode='19', metaState='0')
I/AppiumUnicodeIME(  672): onKeyUp (keyCode='19', event.keyCode='19', metaState='0')
I/AppiumUnicodeIME(  672): onKeyDown (keyCode='22', event.keyCode='22', metaState='0')
I/AppiumUnicodeIME(  672): onKeyDown (keyCode='22', event.keyCode='22', metaState='0')
I/AppiumUnicodeIME(  672): onKeyUp (keyCode='22', event.keyCode='22', metaState='0')
I/AppiumUnicodeIME(  672): onKeyDown (keyCode='22', event.keyCode='22', metaState='0')
I/AppiumUnicodeIME(  672): onKeyUp (keyCode='22', event.keyCode='22', metaState='0')
I/AppiumUnicodeIME(  672): onKeyDown (keyCode='22', event.keyCode='22', metaState='0')
I/AppiumUnicodeIME(  672): onKeyUp (keyCode='22', event.keyCode='22', metaState='0')
I/AppiumUnicodeIME(  672): onKeyDown (keyCode='23', event.keyCode='23', metaState='0')
I/AppiumUnicodeIME(  672): onKeyUp (keyCode='23', event.keyCode='23', metaState='0')
W/AudioTrack(  527): AUDIO_OUTPUT_FLAG_FAST denied by client
W/AudioTrack(  527): AUDIO_OUTPUT_FLAG_FAST denied by client
W/AudioTrack(  527): AUDIO_OUTPUT_FLAG_FAST denied by client
I/AppiumUnicodeIME(  672): onKeyDown (keyCode='21', event.keyCode='21', metaState='0')
I/AppiumUnicodeIME(  672): onFinishInput
I/AppiumUnicodeIME(  672): onStartInput
I/AppiumUnicodeIME(  672): onKeyUp (keyCode='21', event.keyCode='21', metaState='0')
W/AudioTrack(  527): AUDIO_OUTPUT_FLAG_FAST denied by client
I/AppiumUnicodeIME(  672): onKeyDown (keyCode='23', event.keyCode='23', metaState='0')
I/AppiumUnicodeIME(  672): onKeyUp (keyCode='23', event.keyCode='23', metaState='0')
I/AppiumUnicodeIME(  672): onKeyDown (keyCode='22', event.keyCode='22', metaState='0')
W/AudioTrack(  527): AUDIO_OUTPUT_FLAG_FAST denied by client
I/AppiumUnicodeIME(  672): onKeyUp (keyCode='22', event.keyCode='22', metaState='0')
I/AppiumUnicodeIME(  672): onKeyDown (keyCode='21', event.keyCode='21', metaState='0')
W/AudioTrack(  527): AUDIO_OUTPUT_FLAG_FAST denied by client
I/AppiumUnicodeIME(  672): onKeyUp (keyCode='21', event.keyCode='21', metaState='0')
I/AppiumUnicodeIME(  672): onKeyDown (keyCode='21', event.keyCode='21', metaState='0')
W/AudioTrack(  527): AUDIO_OUTPUT_FLAG_FAST denied by client
I/AppiumUnicodeIME(  672): onKeyUp (keyCode='21', event.keyCode='21', metaState='0')
I/AppiumUnicodeIME(  672): onFinishInput
I/AppiumUnicodeIME(  672): onStartInput
I/AppiumUnicodeIME(  672): onKeyDown (keyCode='20', event.keyCode='20', metaState='0')
I/AppiumUnicodeIME(  672): onKeyUp (keyCode='20', event.keyCode='20', metaState='0')
I/AppiumUnicodeIME(  672): onKeyDown (keyCode='20', event.keyCode='20', metaState='0')
I/AppiumUnicodeIME(  672): onKeyUp (keyCode='20', event.keyCode='20', metaState='0')
I/AppiumUnicodeIME(  672): onKeyDown (keyCode='20', event.keyCode='20', metaState='0')
I/AppiumUnicodeIME(  672): onKeyUp (keyCode='20', event.keyCode='20', metaState='0')
I/AppiumUnicodeIME(  672): onKeyDown (keyCode='20', event.keyCode='20', metaState='0')
I/AppiumUnicodeIME(  672): onKeyUp (keyCode='20', event.keyCode='20', metaState='0')
I/AppiumUnicodeIME(  672): onKeyDown (keyCode='20', event.keyCode='20', metaState='0')
I/AppiumUnicodeIME(  672): onKeyDown (keyCode='20', event.keyCode='20', metaState='0')
I/AppiumUnicodeIME(  672): onKeyUp (keyCode='20', event.keyCode='20', metaState='0')
I/AppiumUnicodeIME(  672): onKeyDown (keyCode='20', event.keyCode='20', metaState='0')
I/AppiumUnicodeIME(  672): onKeyUp (keyCode='20', event.keyCode='20', metaState='0')
I/AppiumUnicodeIME(  672): onKeyDown (keyCode='20', event.keyCode='20', metaState='0')
I/AppiumUnicodeIME(  672): onKeyUp (keyCode='20', event.keyCode='20', metaState='0')
W/AudioTrack(  527): AUDIO_OUTPUT_FLAG_FAST denied by client
W/AudioTrack(  527): AUDIO_OUTPUT_FLAG_FAST denied by client
I/AppiumUnicodeIME(  672): onKeyDown (keyCode='20', event.keyCode='20', metaState='0')
I/AppiumUnicodeIME(  672): onFinishInput
I/AppiumUnicodeIME(  672): onStartInput
I/AppiumUnicodeIME(  672): onKeyUp (keyCode='20', event.keyCode='20', metaState='0')
I/AppiumUnicodeIME(  672): onKeyDown (keyCode='22', event.keyCode='22', metaState='0')
W/AudioTrack(  527): AUDIO_OUTPUT_FLAG_FAST denied by client
I/AppiumUnicodeIME(  672): onKeyUp (keyCode='22', event.keyCode='22', metaState='0')
I/AppiumUnicodeIME(  672): onFinishInput
I/AppiumUnicodeIME(  672): onStartInput
I/AppiumUnicodeIME(  672): onKeyDown (keyCode='82', event.keyCode='82', metaState='0')
I/AppiumUnicodeIME(  672): onKeyUp (keyCode='82', event.keyCode='82', metaState='0')
I/AppiumUnicodeIME(  672): onKeyDown (keyCode='82', event.keyCode='82', metaState='0')
I/AppiumUnicodeIME(  672): onKeyUp (keyCode='82', event.keyCode='82', metaState='0')
W/AudioTrack(  527): AUDIO_OUTPUT_FLAG_FAST denied by client
V/WindowManager(  527): Adding window Window{172212b2 u0 SubPanel:com.zzl.falcon.internal/com.zzl.falcon.MainActivity} at 5 of 10 (after Window{5eda3b4 u0 com.zzl.falcon.internal/com.zzl.falcon.MainActivity})
W/ViewRootImpl( 4682): Dropping event due to no window focus: KeyEvent { action=ACTION_DOWN, keyCode=KEYCODE_MENU, scanCode=0, metaState=0, flags=0x8, repeatCount=0, eventTime=6886848, downTime=6886848, deviceId=-1, source=0x101 }
W/ViewRootImpl( 4682): Cancelling event due to no window focus: KeyEvent { action=ACTION_UP, keyCode=KEYCODE_MENU, scanCode=0, metaState=0, flags=0x28, repeatCount=0, eventTime=6886859, downTime=6886859, deviceId=-1, source=0x101 }
W/ViewRootImpl( 4682): Cancelling event due to no window focus: KeyEvent { action=ACTION_UP, keyCode=KEYCODE_MENU, scanCode=0, metaState=0, flags=0x28, repeatCount=0, eventTime=6886859, downTime=6886859, deviceId=-1, source=0x101 }
W/AudioTrack(  527): AUDIO_OUTPUT_FLAG_FAST denied by client
W/ViewRootImpl( 4682): Cancelling event due to no window focus: KeyEvent { action=ACTION_UP, keyCode=KEYCODE_MENU, scanCode=0, metaState=0, flags=0x28, repeatCount=0, eventTime=6886859, downTime=6886859, deviceId=-1, source=0x101 }
W/ViewRootImpl( 4682): Cancelling event due to no window focus: KeyEvent { action=ACTION_UP, keyCode=KEYCODE_MENU, scanCode=0, metaState=0, flags=0x28, repeatCount=0, eventTime=6886859, downTime=6886859, deviceId=-1, source=0x101 }
W/ViewRootImpl( 4682): Cancelling event due to no window focus: KeyEvent { action=ACTION_UP, keyCode=KEYCODE_MENU, scanCode=0, metaState=0, flags=0x28, repeatCount=0, eventTime=6886859, downTime=6886859, deviceId=-1, source=0x101 }
W/ViewRootImpl( 4682): Cancelling event due to no window focus: KeyEvent { action=ACTION_UP, keyCode=KEYCODE_MENU, scanCode=0, metaState=0, flags=0x28, repeatCount=0, eventTime=6886859, downTime=6886859, deviceId=-1, source=0x101 }
W/ViewRootImpl( 4682): Dropping event due to no window focus: MotionEvent { action=ACTION_MOVE, id[0]=0, x[0]=-4.0, y[0]=-3.0, toolType[0]=TOOL_TYPE_UNKNOWN, buttonState=0, metaState=0, flags=0x0, edgeFlags=0x0, pointerCount=1, historySize=1, eventTime=6886861, downTime=-1, deviceId=0, source=0x10004 }
W/AudioTrack(  527): AUDIO_OUTPUT_FLAG_FAST denied by client
I/AppiumUnicodeIME(  672): onKeyDown (keyCode='22', event.keyCode='22', metaState='0')
W/InputMethodManagerService(  527): Window already focused, ignoring focus gain of: com.android.internal.view.IInputMethodClient$Stub$Proxy@28c017b9 attribute=null, token = android.os.BinderProxy@1d937887
I/AppiumUnicodeIME(  672): onFinishInput
I/AppiumUnicodeIME(  672): onStartInput
W/AudioTrack(  527): AUDIO_OUTPUT_FLAG_FAST denied by client
I/AppiumUnicodeIME(  672): onKeyUp (keyCode='22', event.keyCode='22', metaState='0')
I/AppiumUnicodeIME(  672): onKeyDown (keyCode='82', event.keyCode='82', metaState='0')
I/AppiumUnicodeIME(  672): onKeyUp (keyCode='82', event.keyCode='82', metaState='0')
W/AudioTrack(  527): AUDIO_OUTPUT_FLAG_FAST denied by client
I/AppiumUnicodeIME(  672): onKeyDown (keyCode='5', event.keyCode='5', metaState='0')
I/AppiumUnicodeIME(  672): onKeyUp (keyCode='5', event.keyCode='5', metaState='0')
I/ActivityManager(  527): START u0 {act=android.intent.action.CALL_BUTTON flg=0x10000000 cmp=com.android.dialer/.DialtactsActivity} from uid 10068 on display 0
I/AppiumUnicodeIME(  672): onKeyDown (keyCode='21', event.keyCode='21', metaState='0')
I/AppiumUnicodeIME(  672): onKeyUp (keyCode='21', event.keyCode='21', metaState='0')
I/AppiumUnicodeIME(  672): onKeyDown (keyCode='21', event.keyCode='21', metaState='0')
I/AppiumUnicodeIME(  672): onKeyUp (keyCode='21', event.keyCode='21', metaState='0')
I/AppiumUnicodeIME(  672): onKeyDown (keyCode='21', event.keyCode='21', metaState='0')
I/AppiumUnicodeIME(  672): onKeyUp (keyCode='21', event.keyCode='21', metaState='0')
I/AppiumUnicodeIME(  672): onKeyDown (keyCode='21', event.keyCode='21', metaState='0')
I/AppiumUnicodeIME(  672): onKeyUp (keyCode='21', event.keyCode='21', metaState='0')
W/AudioTrack(  527): AUDIO_OUTPUT_FLAG_FAST denied by client
I/AppiumUnicodeIME(  672): onKeyDown (keyCode='23', event.keyCode='23', metaState='0')
I/AppiumUnicodeIME(  672): onKeyUp (keyCode='23', event.keyCode='23', metaState='0')
W/AudioTrack(  527): AUDIO_OUTPUT_FLAG_FAST denied by client
I/AppiumUnicodeIME(  672): onFinishInput
I/AppiumUnicodeIME(  672): onStartInput
I/AppiumUnicodeIME(  672): onKeyDown (keyCode='21', event.keyCode='21', metaState='0')
I/AppiumUnicodeIME(  672): onKeyDown (keyCode='21', event.keyCode='21', metaState='0')
I/AppiumUnicodeIME(  672): onKeyUp (keyCode='21', event.keyCode='21', metaState='0')
I/AppiumUnicodeIME(  672): onKeyDown (keyCode='22', event.keyCode='22', metaState='0')
I/AppiumUnicodeIME(  672): onKeyUp (keyCode='22', event.keyCode='22', metaState='0')
I/AppiumUnicodeIME(  672): onKeyDown (keyCode='22', event.keyCode='22', metaState='0')
I/AppiumUnicodeIME(  672): onKeyUp (keyCode='22', event.keyCode='22', metaState='0')
I/AppiumUnicodeIME(  672): onKeyDown (keyCode='22', event.keyCode='22', metaState='0')
I/AppiumUnicodeIME(  672): onKeyUp (keyCode='22', event.keyCode='22', metaState='0')
I/AppiumUnicodeIME(  672): onKeyDown (keyCode='23', event.keyCode='23', metaState='0')
I/AppiumUnicodeIME(  672): onKeyUp (keyCode='23', event.keyCode='23', metaState='0')
W/AudioTrack(  527): AUDIO_OUTPUT_FLAG_FAST denied by client
I/ActivityManager(  527): START u0 {act=android.intent.action.MAIN cat=[android.intent.category.LAUNCHER] flg=0x10200000 cmp=com.zzl.falcon.internal/com.squareup.leakcanary.internal.DisplayLeakActivity} from uid 0 on display 0
W/AudioTrack(  527): AUDIO_OUTPUT_FLAG_FAST denied by client
V/WindowManager(  527): addAppToken: AppWindowToken{1d95c9ac token=Token{dfd1b5f ActivityRecord{331aa7fe u0 com.zzl.falcon.internal/com.squareup.leakcanary.internal.DisplayLeakActivity t46}}} to stack=1 task=46 at 0
W/AudioTrack(  527): AUDIO_OUTPUT_FLAG_FAST denied by client
D/        (  527): HostConnection::get() New Host Connection established 0xdbc1b160, tid 4617
E/EGL_emulation(  502): tid 502: eglCreateSyncKHR(1209): error 0x3004 (EGL_BAD_ATTRIBUTE)
V/WindowManager(  527): Adding window Window{30b96129 u0 Starting com.zzl.falcon.internal} at 5 of 10 (after Window{5eda3b4 u0 com.zzl.falcon.internal/com.zzl.falcon.MainActivity})
I/AppiumUnicodeIME(  672): onFinishInput
I/AppiumUnicodeIME(  672): onStartInput
E/libprocessgroup( 4927): failed to make and chown /acct/uid_10068: Read-only file system
W/Zygote  ( 4927): createProcessGroup failed, kernel missing CONFIG_CGROUP_CPUACCT?
I/art     ( 4927): Late-enabling -Xcheck:jni
I/ActivityManager(  527): Start proc 4927:com.zzl.falcon.internal:leakcanary/u0a68 for activity com.zzl.falcon.internal/com.squareup.leakcanary.internal.DisplayLeakActivity
D/OpenGLRenderer( 4927): Use EGL_SWAP_BEHAVIOR_PRESERVED: true
D/        ( 4927): HostConnection::get() New Host Connection established 0xf3e9a890, tid 4927
D/Atlas   ( 4927): Validating map...
V/WindowManager(  527): Adding window Window{f482474 u0 com.zzl.falcon.internal/com.squareup.leakcanary.internal.DisplayLeakActivity} at 5 of 11 (before Window{30b96129 u0 Starting com.zzl.falcon.internal})
D/libEGL  ( 4927): loaded /system/lib/egl/libEGL_emulation.so
D/libEGL  ( 4927): loaded /system/lib/egl/libGLESv1_CM_emulation.so
D/libEGL  ( 4927): loaded /system/lib/egl/libGLESv2_emulation.so
D/        ( 4927): HostConnection::get() New Host Connection established 0xf3e9aa20, tid 4946
I/OpenGLRenderer( 4927): Initialized EGL, version 1.4
D/OpenGLRenderer( 4927): Enabling debug mode 0
W/EGL_emulation( 4927): eglSurfaceAttrib not implemented
W/OpenGLRenderer( 4927): Failed to set EGL_SWAP_BEHAVIOR on surface 0xf3f62940, error=EGL_SUCCESS
W/ViewRootImpl( 4927): Dropping event due to no window focus: KeyEvent { action=ACTION_DOWN, keyCode=KEYCODE_DPAD_LEFT, scanCode=0, metaState=0, flags=0x8, repeatCount=0, eventTime=6887060, downTime=6887060, deviceId=-1, source=0x101 }
W/ViewRootImpl( 4927): Cancelling event due to no window focus: KeyEvent { action=ACTION_UP, keyCode=KEYCODE_DPAD_LEFT, scanCode=0, metaState=0, flags=0x28, repeatCount=0, eventTime=6887322, downTime=6887322, deviceId=-1, source=0x101 }
W/ViewRootImpl( 4927): Cancelling event due to no window focus: KeyEvent { action=ACTION_UP, keyCode=KEYCODE_DPAD_LEFT, scanCode=0, metaState=0, flags=0x28, repeatCount=0, eventTime=6887322, downTime=6887322, deviceId=-1, source=0x101 }
W/ViewRootImpl( 4927): Cancelling event due to no window focus: KeyEvent { action=ACTION_UP, keyCode=KEYCODE_DPAD_LEFT, scanCode=0, metaState=0, flags=0x28, repeatCount=0, eventTime=6887322, downTime=6887322, deviceId=-1, source=0x101 }
W/ViewRootImpl( 4927): Cancelling event due to no window focus: KeyEvent { action=ACTION_UP, keyCode=KEYCODE_DPAD_LEFT, scanCode=0, metaState=0, flags=0x28, repeatCount=0, eventTime=6887322, downTime=6887322, deviceId=-1, source=0x101 }
W/ViewRootImpl( 4927): Cancelling event due to no window focus: KeyEvent { action=ACTION_UP, keyCode=KEYCODE_DPAD_LEFT, scanCode=0, metaState=0, flags=0x28, repeatCount=0, eventTime=6887322, downTime=6887322, deviceId=-1, source=0x101 }
W/ViewRootImpl( 4927): Cancelling event due to no window focus: KeyEvent { action=ACTION_UP, keyCode=KEYCODE_DPAD_LEFT, scanCode=0, metaState=0, flags=0x28, repeatCount=0, eventTime=6887322, downTime=6887322, deviceId=-1, source=0x101 }
W/ViewRootImpl( 4927): Cancelling event due to no window focus: KeyEvent { action=ACTION_UP, keyCode=KEYCODE_DPAD_LEFT, scanCode=0, metaState=0, flags=0x28, repeatCount=0, eventTime=6887322, downTime=6887322, deviceId=-1, source=0x101 }
W/ViewRootImpl( 4927): Cancelling event due to no window focus: KeyEvent { action=ACTION_UP, keyCode=KEYCODE_DPAD_LEFT, scanCode=0, metaState=0, flags=0x28, repeatCount=0, eventTime=6887322, downTime=6887322, deviceId=-1, source=0x101 }
W/ViewRootImpl( 4927): Cancelling event due to no window focus: KeyEvent { action=ACTION_UP, keyCode=KEYCODE_DPAD_LEFT, scanCode=0, metaState=0, flags=0x28, repeatCount=0, eventTime=6887322, downTime=6887322, deviceId=-1, source=0x101 }
I/ActivityManager(  527): START u0 {act=android.intent.action.MAIN cat=[android.intent.category.HOME] flg=0x10200000 cmp=com.android.launcher3/.Launcher} from uid 1000 on display 0
D/ForegroundCallbacks( 4682): went background
W/ViewRootImpl( 4927): Dropping event due to no window focus: KeyEvent { action=ACTION_DOWN, keyCode=KEYCODE_DPAD_DOWN, scanCode=0, metaState=0, flags=0x8, repeatCount=0, eventTime=6887503, downTime=6887503, deviceId=-1, source=0x101 }
W/ViewRootImpl( 4927): Cancelling event due to no window focus: KeyEvent { action=ACTION_UP, keyCode=KEYCODE_DPAD_DOWN, scanCode=0, metaState=0, flags=0x28, repeatCount=0, eventTime=6887505, downTime=6887505, deviceId=-1, source=0x101 }
W/ViewRootImpl( 4927): Cancelling event due to no window focus: KeyEvent { action=ACTION_UP, keyCode=KEYCODE_DPAD_DOWN, scanCode=0, metaState=0, flags=0x28, repeatCount=0, eventTime=6887505, downTime=6887505, deviceId=-1, source=0x101 }
W/ViewRootImpl( 4927): Cancelling event due to no window focus: KeyEvent { action=ACTION_UP, keyCode=KEYCODE_DPAD_DOWN, scanCode=0, metaState=0, flags=0x28, repeatCount=0, eventTime=6887505, downTime=6887505, deviceId=-1, source=0x101 }
W/ViewRootImpl( 4927): Cancelling event due to no window focus: KeyEvent { action=ACTION_UP, keyCode=KEYCODE_DPAD_DOWN, scanCode=0, metaState=0, flags=0x28, repeatCount=0, eventTime=6887505, downTime=6887505, deviceId=-1, source=0x101 }
W/ViewRootImpl( 4927): Cancelling event due to no window focus: KeyEvent { action=ACTION_UP, keyCode=KEYCODE_DPAD_DOWN, scanCode=0, metaState=0, flags=0x28, repeatCount=0, eventTime=6887505, downTime=6887505, deviceId=-1, source=0x101 }
W/ViewRootImpl( 4927): Cancelling event due to no window focus: KeyEvent { action=ACTION_UP, keyCode=KEYCODE_DPAD_DOWN, scanCode=0, metaState=0, flags=0x28, repeatCount=0, eventTime=6887505, downTime=6887505, deviceId=-1, source=0x101 }
W/ViewRootImpl( 4927): Cancelling event due to no window focus: KeyEvent { action=ACTION_UP, keyCode=KEYCODE_DPAD_DOWN, scanCode=0, metaState=0, flags=0x28, repeatCount=0, eventTime=6887505, downTime=6887505, deviceId=-1, source=0x101 }
W/ViewRootImpl( 4927): Cancelling event due to no window focus: KeyEvent { action=ACTION_UP, keyCode=KEYCODE_DPAD_DOWN, scanCode=0, metaState=0, flags=0x28, repeatCount=0, eventTime=6887505, downTime=6887505, deviceId=-1, source=0x101 }
W/ViewRootImpl( 4927): Cancelling event due to no window focus: KeyEvent { action=ACTION_UP, keyCode=KEYCODE_DPAD_DOWN, scanCode=0, metaState=0, flags=0x28, repeatCount=0, eventTime=6887505, downTime=6887505, deviceId=-1, source=0x101 }
W/ViewRootImpl( 4927): Dropping event due to no window focus: KeyEvent { action=ACTION_DOWN, keyCode=KEYCODE_DPAD_LEFT, scanCode=0, metaState=0, flags=0x8, repeatCount=0, eventTime=6887634, downTime=6887634, deviceId=-1, source=0x101 }
W/ViewRootImpl( 4927): Cancelling event due to no window focus: KeyEvent { action=ACTION_UP, keyCode=KEYCODE_DPAD_LEFT, scanCode=0, metaState=0, flags=0x28, repeatCount=0, eventTime=6887639, downTime=6887639, deviceId=-1, source=0x101 }
W/ViewRootImpl( 4927): Cancelling event due to no window focus: KeyEvent { action=ACTION_UP, keyCode=KEYCODE_DPAD_LEFT, scanCode=0, metaState=0, flags=0x28, repeatCount=0, eventTime=6887639, downTime=6887639, deviceId=-1, source=0x101 }
W/ViewRootImpl( 4927): Cancelling event due to no window focus: KeyEvent { action=ACTION_UP, keyCode=KEYCODE_DPAD_LEFT, scanCode=0, metaState=0, flags=0x28, repeatCount=0, eventTime=6887639, downTime=6887639, deviceId=-1, source=0x101 }
W/ViewRootImpl( 4927): Cancelling event due to no window focus: KeyEvent { action=ACTION_UP, keyCode=KEYCODE_DPAD_LEFT, scanCode=0, metaState=0, flags=0x28, repeatCount=0, eventTime=6887639, downTime=6887639, deviceId=-1, source=0x101 }
W/ViewRootImpl( 4927): Cancelling event due to no window focus: KeyEvent { action=ACTION_UP, keyCode=KEYCODE_DPAD_LEFT, scanCode=0, metaState=0, flags=0x28, repeatCount=0, eventTime=6887639, downTime=6887639, deviceId=-1, source=0x101 }
