D/ZenLog  (  527): exit_condition: Condition[id=condition://android/countdown/1515829727592,summary=For one hour (until 2:48 AM),line1=For one hour,line2=Until 2:48 AM,icon=0,state=STATE_TRUE,flags=1],{android/com.android.server.notification.CountdownConditionProvider},binderCall
D/ZenLog  (  527): config: ZenModeConfig[allowCalls=false,allowMessages=false,allowFrom=anyone,allowEvents=true,sleepMode=null,sleepStart=22.0,sleepEnd=7.0,sleepNone=false,conditionComponents=null,conditionIds=null,exitCondition=Condition[id=condition://android/countdown/1515829727592,summary=For one hour (until 2:48 AM),line1=For one hour,line2=Until 2:48 AM,icon=0,state=STATE_TRUE,flags=1],exitConditionComponent=ComponentInfo{android/com.android.server.notification.CountdownConditionProvider}]
D/NotificationService(  527): handleSavePolicyFile
I/AppiumUnicodeIME(  672): onKeyUp (keyCode='23', event.keyCode='23', metaState='0')
I/AppiumUnicodeIME(  672): onKeyDown (keyCode='4', event.keyCode='4', metaState='0')
I/AppiumUnicodeIME(  672): onKeyUp (keyCode='4', event.keyCode='4', metaState='0')
E/EGL_emulation(  502): tid 502: eglCreateSyncKHR(1209): error 0x3004 (EGL_BAD_ATTRIBUTE)
I/AppiumUnicodeIME(  672): onKeyDown (keyCode='21', event.keyCode='21', metaState='0')
I/AppiumUnicodeIME(  672): onKeyUp (keyCode='21', event.keyCode='21', metaState='0')
I/AppiumUnicodeIME(  672): onKeyDown (keyCode='19', event.keyCode='19', metaState='0')
I/AppiumUnicodeIME(  672): onKeyUp (keyCode='19', event.keyCode='19', metaState='0')
I/AppiumUnicodeIME(  672): onKeyDown (keyCode='19', event.keyCode='19', metaState='0')
I/AppiumUnicodeIME(  672): onKeyUp (keyCode='19', event.keyCode='19', metaState='0')
I/AppiumUnicodeIME(  672): onKeyDown (keyCode='19', event.keyCode='19', metaState='0')
I/AppiumUnicodeIME(  672): onKeyUp (keyCode='19', event.keyCode='19', metaState='0')
I/AppiumUnicodeIME(  672): onKeyDown (keyCode='20', event.keyCode='20', metaState='0')
I/AppiumUnicodeIME(  672): onKeyUp (keyCode='20', event.keyCode='20', metaState='0')
I/AppiumUnicodeIME(  672): onKeyDown (keyCode='20', event.keyCode='20', metaState='0')
I/AppiumUnicodeIME(  672): onKeyUp (keyCode='20', event.keyCode='20', metaState='0')
I/AppiumUnicodeIME(  672): onKeyDown (keyCode='20', event.keyCode='20', metaState='0')
I/AppiumUnicodeIME(  672): onKeyUp (keyCode='20', event.keyCode='20', metaState='0')
I/AppiumUnicodeIME(  672): onKeyDown (keyCode='20', event.keyCode='20', metaState='0')
I/AppiumUnicodeIME(  672): onKeyUp (keyCode='20', event.keyCode='20', metaState='0')
I/InputDispatcher(  527): Dropping event because there is no touchable window at (533, 1072).
W/InputManager(  527): Input event injection from pid 2386 failed.
W/InputManager(  527): Input event injection from pid 2386 failed.
W/InputManager(  527): Input event injection from pid 2386 failed.
W/InputManager(  527): Input event injection from pid 2386 failed.
I/AppiumUnicodeIME(  672): onKeyDown (keyCode='20', event.keyCode='20', metaState='0')
I/AppiumUnicodeIME(  672): onKeyUp (keyCode='20', event.keyCode='20', metaState='0')
I/ActivityManager(  527): START u0 {act=android.intent.action.MAIN cat=[android.intent.category.LAUNCHER] flg=0x10200000 cmp=com.zzl.falcon.internal/com.squareup.leakcanary.internal.DisplayLeakActivity} from uid 0 on display 0
W/EGL_emulation(  636): eglSurfaceAttrib not implemented
W/OpenGLRenderer(  636): Failed to set EGL_SWAP_BEHAVIOR on surface 0xe203a8a0, error=EGL_SUCCESS
V/WindowManager(  527): addAppToken: AppWindowToken{3d9caa95 token=Token{278aba4c ActivityRecord{3822ea7f u0 com.zzl.falcon.internal/com.squareup.leakcanary.internal.DisplayLeakActivity t40}}} to stack=1 task=40 at 0
V/WindowManager(  527): Adding window Window{13314c4e u0 Starting com.zzl.falcon.internal} at 5 of 11 (after Window{485cd39 u0 com.zzl.falcon.internal/com.squareup.leakcanary.internal.DisplayLeakActivity})
W/AudioTrack(  527): AUDIO_OUTPUT_FLAG_FAST denied by client
W/BackupManagerService(  527): dataChanged but no participant pkg='com.android.providers.settings' uid=10013
D/ZenLog  (  527): set_zen_mode: off,setting
D/ZenLog  (  527): update_zen_mode: important_interruptions -> off
D/ZenLog  (  527): set_ringer_mode_internal: ZenModeHelper,i:vibrate->vibrate,e:silent->vibrate
D/ZenLog  (  527): unsubscribe: condition://android/countdown/1515829727592,ok
D/ZenLog  (  527): exit_condition: null,null,zenOff
D/ZenLog  (  527): config: ZenModeConfig[allowCalls=false,allowMessages=false,allowFrom=anyone,allowEvents=true,sleepMode=null,sleepStart=22.0,sleepEnd=7.0,sleepNone=false,conditionComponents=null,conditionIds=null,exitCondition=null,exitConditionComponent=null]
D/NotificationService(  527): handleSavePolicyFile
I/InputDispatcher(  527): Dropped event because of pending overdue app switch.
W/InputManager(  527): Input event injection from pid 2386 failed.
D/ForegroundCallbacks( 1239): went foreground
I/awcn.SessionCenter( 1239): |[seq:[default]] [forground]
I/awcn.SessionCenter( 1239): |[seq:umeng:56aadbf567e58e38d4000976] [forground]
D/awcn.AccsSessionManager( 1239): |[seq:[default]] network is not available, not need check accs session, return network:false
D/awcn.StrategyCenter( 1239):  getSchemeByHost host:umengacs.m.taobao.com scheme:https
D/awcn.AccsSessionManager( 1239): |[seq:umeng:56aadbf567e58e38d4000976] network is not available, not need check accs session, return network:false
I/art     ( 1882): WaitForGcToComplete blocked for 82.324ms for cause Alloc
I/art     ( 1882): WaitForGcToComplete blocked for 49.824ms for cause Alloc
W/EGL_emulation(  636): eglSurfaceAttrib not implemented
W/OpenGLRenderer(  636): Failed to set EGL_SWAP_BEHAVIOR on surface 0xe203a8a0, error=EGL_SUCCESS
V/WindowManager(  527): Adding window Window{29469726 u0 com.zzl.falcon.internal/com.squareup.leakcanary.internal.DisplayLeakActivity} at 5 of 12 (before Window{13314c4e u0 Starting com.zzl.falcon.internal})
W/EGL_emulation( 1882): eglSurfaceAttrib not implemented
W/OpenGLRenderer( 1882): Failed to set EGL_SWAP_BEHAVIOR on surface 0xe14270a0, error=EGL_SUCCESS
W/ViewRootImpl( 1882): Cancelling event due to no window focus: KeyEvent { action=ACTION_UP, keyCode=KEYCODE_DPAD_DOWN, scanCode=0, metaState=0, flags=0x28, repeatCount=0, eventTime=322819, downTime=322819, deviceId=-1, source=0x101 }
W/ViewRootImpl( 1882): Cancelling event due to no window focus: KeyEvent { action=ACTION_UP, keyCode=KEYCODE_DPAD_DOWN, scanCode=0, metaState=0, flags=0x28, repeatCount=0, eventTime=322819, downTime=322819, deviceId=-1, source=0x101 }
W/ViewRootImpl( 1882): Cancelling event due to no window focus: KeyEvent { action=ACTION_UP, keyCode=KEYCODE_DPAD_DOWN, scanCode=0, metaState=0, flags=0x28, repeatCount=0, eventTime=322819, downTime=322819, deviceId=-1, source=0x101 }
W/ViewRootImpl( 1882): Cancelling event due to no window focus: KeyEvent { action=ACTION_UP, keyCode=KEYCODE_DPAD_DOWN, scanCode=0, metaState=0, flags=0x28, repeatCount=0, eventTime=322819, downTime=322819, deviceId=-1, source=0x101 }
W/ViewRootImpl( 1882): Cancelling event due to no window focus: KeyEvent { action=ACTION_UP, keyCode=KEYCODE_DPAD_DOWN, scanCode=0, metaState=0, flags=0x28, repeatCount=0, eventTime=322819, downTime=322819, deviceId=-1, source=0x101 }
W/ViewRootImpl( 1882): Cancelling event due to no window focus: KeyEvent { action=ACTION_UP, keyCode=KEYCODE_DPAD_DOWN, scanCode=0, metaState=0, flags=0x28, repeatCount=0, eventTime=322819, downTime=322819, deviceId=-1, source=0x101 }
W/ViewRootImpl( 1882): Cancelling event due to no window focus: KeyEvent { action=ACTION_UP, keyCode=KEYCODE_DPAD_DOWN, scanCode=0, metaState=0, flags=0x28, repeatCount=0, eventTime=322819, downTime=322819, deviceId=-1, source=0x101 }
W/ViewRootImpl( 1882): Cancelling event due to no window focus: KeyEvent { action=ACTION_UP, keyCode=KEYCODE_DPAD_DOWN, scanCode=0, metaState=0, flags=0x28, repeatCount=0, eventTime=322819, downTime=322819, deviceId=-1, source=0x101 }
W/ViewRootImpl( 1882): Cancelling event due to no window focus: KeyEvent { action=ACTION_UP, keyCode=KEYCODE_DPAD_DOWN, scanCode=0, metaState=0, flags=0x28, repeatCount=0, eventTime=322819, downTime=322819, deviceId=-1, source=0x101 }
W/ViewRootImpl( 1882): Dropping event due to no window focus: KeyEvent { action=ACTION_DOWN, keyCode=KEYCODE_SHIFT_RIGHT, scanCode=0, metaState=0, flags=0x8, repeatCount=0, eventTime=323287, downTime=323287, deviceId=-1, source=0x101 }
W/ViewRootImpl( 1882): Cancelling event due to no window focus: KeyEvent { action=ACTION_UP, keyCode=KEYCODE_SHIFT_RIGHT, scanCode=0, metaState=0, flags=0x28, repeatCount=0, eventTime=323371, downTime=323371, deviceId=-1, source=0x101 }
W/ViewRootImpl( 1882): Cancelling event due to no window focus: KeyEvent { action=ACTION_UP, keyCode=KEYCODE_SHIFT_RIGHT, scanCode=0, metaState=0, flags=0x28, repeatCount=0, eventTime=323371, downTime=323371, deviceId=-1, source=0x101 }
W/ViewRootImpl( 1882): Cancelling event due to no window focus: KeyEvent { action=ACTION_UP, keyCode=KEYCODE_SHIFT_RIGHT, scanCode=0, metaState=0, flags=0x28, repeatCount=0, eventTime=323371, downTime=323371, deviceId=-1, source=0x101 }
W/ViewRootImpl( 1882): Cancelling event due to no window focus: KeyEvent { action=ACTION_UP, keyCode=KEYCODE_SHIFT_RIGHT, scanCode=0, metaState=0, flags=0x28, repeatCount=0, eventTime=323371, downTime=323371, deviceId=-1, source=0x101 }
W/ViewRootImpl( 1882): Cancelling event due to no window focus: KeyEvent { action=ACTION_UP, keyCode=KEYCODE_SHIFT_RIGHT, scanCode=0, metaState=0, flags=0x28, repeatCount=0, eventTime=323371, downTime=323371, deviceId=-1, source=0x101 }
W/ViewRootImpl( 1882): Cancelling event due to no window focus: KeyEvent { action=ACTION_UP, keyCode=KEYCODE_SHIFT_RIGHT, scanCode=0, metaState=0, flags=0x28, repeatCount=0, eventTime=323371, downTime=323371, deviceId=-1, source=0x101 }
W/ViewRootImpl( 1882): Cancelling event due to no window focus: KeyEvent { action=ACTION_UP, keyCode=KEYCODE_SHIFT_RIGHT, scanCode=0, metaState=0, flags=0x28, repeatCount=0, eventTime=323371, downTime=323371, deviceId=-1, source=0x101 }
W/ViewRootImpl( 1882): Cancelling event due to no window focus: KeyEvent { action=ACTION_UP, keyCode=KEYCODE_SHIFT_RIGHT, scanCode=0, metaState=0, flags=0x28, repeatCount=0, eventTime=323371, downTime=323371, deviceId=-1, source=0x101 }
W/ViewRootImpl( 1882): Cancelling event due to no window focus: KeyEvent { action=ACTION_UP, keyCode=KEYCODE_SHIFT_RIGHT, scanCode=0, metaState=0, flags=0x28, repeatCount=0, eventTime=323371, downTime=323371, deviceId=-1, source=0x101 }
I/AppiumUnicodeIME(  672): onFinishInput
I/AppiumUnicodeIME(  672): onStartInput
I/AppiumUnicodeIME(  672): onKeyDown (keyCode='20', event.keyCode='20', metaState='0')
I/ActivityManager(  527): Displayed com.zzl.falcon.internal/com.squareup.leakcanary.internal.DisplayLeakActivity: +558ms
I/AppiumUnicodeIME(  672): onKeyUp (keyCode='20', event.keyCode='20', metaState='0')
I/AppiumUnicodeIME(  672): onKeyDown (keyCode='19', event.keyCode='19', metaState='0')
I/AppiumUnicodeIME(  672): onKeyUp (keyCode='19', event.keyCode='19', metaState='0')
I/AppiumUnicodeIME(  672): onKeyDown (keyCode='246', event.keyCode='246', metaState='0')
I/ActivityManager(  527): START u0 {act=android.intent.action.MAIN cat=[android.intent.category.LAUNCHER] flg=0x10200000 cmp=com.zzl.falcon.internal/com.zzl.falcon.EntranceActivity} from uid 0 on display 0
I/AppiumUnicodeIME(  672): onKeyUp (keyCode='246', event.keyCode='246', metaState='0')
E/EGL_emulation(  502): tid 502: eglCreateSyncKHR(1209): error 0x3004 (EGL_BAD_ATTRIBUTE)
D/ForegroundCallbacks( 1239): went background
D/ForegroundCallbacks( 1239): went foreground
I/art     ( 1882): WaitForGcToComplete blocked for 17.018ms for cause Alloc
W/EGL_emulation( 1239): eglSurfaceAttrib not implemented
W/OpenGLRenderer( 1239): Failed to set EGL_SWAP_BEHAVIOR on surface 0xde579480, error=EGL_SUCCESS
W/ViewRootImpl( 1239): Dropping event due to no window focus: KeyEvent { action=ACTION_DOWN, keyCode=KEYCODE_DPAD_UP, scanCode=0, metaState=0, flags=0x8, repeatCount=0, eventTime=323702, downTime=323702, deviceId=-1, source=0x101 }
W/ViewRootImpl( 1239): Cancelling event due to no window focus: KeyEvent { action=ACTION_UP, keyCode=KEYCODE_DPAD_UP, scanCode=0, metaState=0, flags=0x28, repeatCount=0, eventTime=324122, downTime=324122, deviceId=-1, source=0x101 }
W/ViewRootImpl( 1239): Cancelling event due to no window focus: KeyEvent { action=ACTION_UP, keyCode=KEYCODE_DPAD_UP, scanCode=0, metaState=0, flags=0x28, repeatCount=0, eventTime=324122, downTime=324122, deviceId=-1, source=0x101 }
W/ViewRootImpl( 1239): Cancelling event due to no window focus: KeyEvent { action=ACTION_UP, keyCode=KEYCODE_DPAD_UP, scanCode=0, metaState=0, flags=0x28, repeatCount=0, eventTime=324122, downTime=324122, deviceId=-1, source=0x101 }
W/ViewRootImpl( 1239): Cancelling event due to no window focus: KeyEvent { action=ACTION_UP, keyCode=KEYCODE_DPAD_UP, scanCode=0, metaState=0, flags=0x28, repeatCount=0, eventTime=324122, downTime=324122, deviceId=-1, source=0x101 }
W/ViewRootImpl( 1239): Cancelling event due to no window focus: KeyEvent { action=ACTION_UP, keyCode=KEYCODE_DPAD_UP, scanCode=0, metaState=0, flags=0x28, repeatCount=0, eventTime=324122, downTime=324122, deviceId=-1, source=0x101 }
W/ViewRootImpl( 1239): Cancelling event due to no window focus: KeyEvent { action=ACTION_UP, keyCode=KEYCODE_DPAD_UP, scanCode=0, metaState=0, flags=0x28, repeatCount=0, eventTime=324122, downTime=324122, deviceId=-1, source=0x101 }
W/ViewRootImpl( 1239): Dropping event due to no window focus: KeyEvent { action=ACTION_DOWN, keyCode=KEYCODE_DPAD_UP, scanCode=0, metaState=0, flags=0x8, repeatCount=0, eventTime=324183, downTime=324183, deviceId=-1, source=0x101 }
I/AppiumUnicodeIME(  672): onFinishInput
I/AppiumUnicodeIME(  672): onStartInput
I/AppiumUnicodeIME(  672): onKeyUp (keyCode='19', event.keyCode='19', metaState='0')
I/AppiumUnicodeIME(  672): onKeyDown (keyCode='23', event.keyCode='23', metaState='0')
I/AppiumUnicodeIME(  672): onKeyUp (keyCode='23', event.keyCode='23', metaState='0')
I/art     ( 1882): WaitForGcToComplete blocked for 15.701ms for cause Alloc
D/LeakCanary( 1882): In com.zzl.falcon.internal:2.4.1:23.
D/LeakCanary( 1882): * com.zzl.falcon.account.loan.LoanActivity has leaked:
D/LeakCanary( 1882): * GC ROOT com.android.org.chromium.base.SystemMessageHandler.mQueue
D/LeakCanary( 1882): * references android.os.MessageQueue.mMessages
D/LeakCanary( 1882): * references android.os.Message.next
D/LeakCanary( 1882): * references android.os.Message.next
D/LeakCanary( 1882): * references android.os.Message.callback
D/LeakCanary( 1882): * references in.srain.cube.views.ptr.PtrClassicDefaultHeader$LastUpdateTimeUpdater.this$0
D/LeakCanary( 1882): * references in.srain.cube.views.ptr.PtrClassicDefaultHeader.mContext
D/LeakCanary( 1882): * leaks com.zzl.falcon.account.loan.LoanActivity instance
D/LeakCanary( 1882): * Retaining: 64KB.
D/LeakCanary( 1882): * Reference Key: 867b46bc-ca70-4a03-9423-a87d3f3cc1cf
D/LeakCanary( 1882): * Device: unknown generic Custom Phone - 5.1.0 - API 22 - 768x1280 vbox86p
D/LeakCanary( 1882): * Android Version: 5.1 API: 22 LeakCanary: 1.5.4 74837f0
D/LeakCanary( 1882): * Durations: watch=5087ms, gc=487ms, heap dump=6182ms, analysis=11593ms
D/LeakCanary( 1882): * Details:
D/LeakCanary( 1882): * Instance of com.android.org.chromium.base.SystemMessageHandler
D/LeakCanary( 1882): |   mDelayedScheduledTimeTicks = 311984941
D/LeakCanary( 1882): |   mMessageMethodSetAsynchronous = java.lang.reflect.Method@589521216 (0x23236140)
D/LeakCanary( 1882): |   mMessagePumpDelegateNative = -514984224
D/LeakCanary( 1882): |   mAsynchronous = false
D/LeakCanary( 1882): |   mCallback = null
D/LeakCanary( 1882): |   mLooper = android.os.Looper@583016512 (0x22c02040)
D/LeakCanary( 1882): |   mMessenger = null
D/LeakCanary( 1882): |   mQueue = android.os.MessageQueue@583012416 (0x22c01040)
D/LeakCanary( 1882): * Instance of android.os.MessageQueue
D/LeakCanary( 1882): |   mBlocked = true
D/LeakCanary( 1882): |   mIdleHandlers = java.util.ArrayList@584950944 (0x22dda4a0)
D/LeakCanary( 1882): |   mMessages = android.os.Message@590252352 (0x232e8940)
D/LeakCanary( 1882): |   mNextBarrierToken = 840
D/LeakCanary( 1882): |   mPendingIdleHandlers = android.os.MessageQueue$IdleHandler[4]@587088672 (0x22fe4320)
D/LeakCanary( 1882): |   mPtr = -202678112
D/LeakCanary( 1882): |   mQuitAllowed = false
D/LeakCanary( 1882): |   mQuitting = false
D/LeakCanary( 1882): * Instance of android.os.Message
D/LeakCanary( 1882): |   static sPoolSync = java.lang.Object@1900628208 (0x714948f0)
D/LeakCanary( 1882): |   static FLAG_IN_USE = 1
D/LeakCanary( 1882): |   static sPool = android.os.Message@586727552 (0x22f8c080)
D/LeakCanary( 1882): |   static gCheckRecycle = true
D/LeakCanary( 1882): |   static MAX_POOL_SIZE = 50
D/LeakCanary( 1882): |   static FLAG_ASYNCHRONOUS = 2
D/LeakCanary( 1882): |   static $staticOverhead = byte[72]@1901998313 (0x715e30e9)
D/LeakCanary( 1882): |   static CREATOR = android.os.Message$1@1900628216 (0x714948f8)
D/LeakCanary( 1882): |   static FLAGS_TO_CLEAR_ON_COPY_FROM = 1
D/LeakCanary( 1882): |   static sPoolSize = 50
D/LeakCanary( 1882): |   arg1 = 0
D/LeakCanary( 1882): |   arg2 = 0
D/LeakCanary( 1882): |   callback = null
D/LeakCanary( 1882): |   data = null
D/LeakCanary( 1882): |   flags = 3
D/LeakCanary( 1882): |   next = android.os.Message@588808384 (0x231880c0)
D/LeakCanary( 1882): |   obj = null
D/LeakCanary( 1882): |   replyTo = null
D/LeakCanary( 1882): |   sendingUid = -1
D/LeakCanary( 1882): |   target = com.android.org.chromium.base.SystemMessageHandler@589238176 (0x231f0fa0)
D/LeakCanary( 1882): |   what = 2
D/LeakCanary( 1882): |   when = 311985
D/LeakCanary( 1882): * Instance of android.os.Message
D/LeakCanary( 1882): |   static sPoolSync = java.lang.Object@1900628208 (0x714948f0)
D/LeakCanary( 1882): |   static FLAG_IN_USE = 1
D/LeakCanary( 1882): |   static sPool = android.os.Message@586727552 (0x22f8c080)
D/LeakCanary( 1882): |   static gCheckRecycle = true
D/LeakCanary( 1882): |   static MAX_POOL_SIZE = 50
D/LeakCanary( 1882): |   static FLAG_ASYNCHRONOUS = 2
D/LeakCanary( 1882): |   static $staticOverhead = byte[72]@1901998313 (0x715e30e9)
D/LeakCanary( 1882): |   static CREATOR = android.os.Message$1@1900628216 (0x714948f8)
D/LeakCanary( 1882): |   static FLAGS_TO_CLEAR_ON_COPY_FROM = 1
D/LeakCanary( 1882): |   static sPoolSize = 50
D/LeakCanary( 1882): |   arg1 = 0
D/LeakCanary( 1882): |   arg2 = 0
D/LeakCanary( 1882): |   callback = com.zzl.falcon.setting.gesture.ForegroundCallbacks$1@586700672 (0x22f85780)
D/LeakCanary( 1882): |   data = null
D/LeakCanary( 1882): |   flags = 1
D/LeakCanary( 1882): |   next = android.os.Message@590385088 (0x23308fc0)
D/LeakCanary( 1882): |   obj = null
D/LeakCanary( 1882): |   replyTo = null
D/LeakCanary( 1882): |   sendingUid = -1
D/LeakCanary( 1882): |   target = android.os.Handler@584636864 (0x22d8d9c0)
D/LeakCanary( 1882): |   what = 0
D/LeakCanary( 1882): |   when = 312102
D/LeakCanary( 1882): * Instance of android.os.Message
D/LeakCanary( 1882): |   static sPoolSync = java.lang.Object@1900628208 (0x714948f0)
D/LeakCanary( 1882): |   static FLAG_IN_USE = 1
D/LeakCanary( 1882): |   static sPool = android.os.Message@586727552 (0x22f8c080)
D/LeakCanary( 1882): |   static gCheckRecycle = true
D/LeakCanary( 1882): |   static MAX_POOL_SIZE = 50
D/LeakCanary( 1882): |   static FLAG_ASYNCHRONOUS = 2
D/LeakCanary( 1882): |   static $staticOverhead = byte[72]@1901998313 (0x715e30e9)
D/LeakCanary( 1882): |   static CREATOR = android.os.Message$1@1900628216 (0x714948f8)
D/LeakCanary( 1882): |   static FLAGS_TO_CLEAR_ON_COPY_FROM = 1
D/LeakCanary( 1882): |   static sPoolSize = 50
D/LeakCanary( 1882): |   arg1 = 0
D/LeakCanary( 1882): |   arg2 = 0
D/LeakCanary( 1882): |   callback = in.srain.cube.views.ptr.PtrClassicDefaultHeader$LastUpdateTimeUpdater@584993952 (0x22de4ca0)
D/LeakCanary( 1882): |   data = null
D/LeakCanary( 1882): |   flags = 1
D/LeakCanary( 1882): |   next = null
D/LeakCanary( 1882): |   obj = null
D/LeakCanary( 1882): |   replyTo = null
D/LeakCanary( 1882): |   sendingUid = -1
D/LeakCanary( 1882): |   target = android.view.ViewRootImpl$ViewRootHandler@590288960 (0x232f1840)
D/LeakCanary( 1882): |   what = 0
D/LeakCanary( 1882): |   when = 312823
D/LeakCanary( 1882): * Instance of in.srain.cube.views.ptr.PtrClassicDefaultHeader$LastUpdateTimeUpdater
D/LeakCanary( 1882): |   mRunning = true
D/LeakCanary( 1882): |   this$0 = in.srain.cube.views.ptr.PtrClassicDefaultHeader@591064064 (0x233aec00)
D/LeakCanary( 1882): * Instance of in.srain.cube.views.ptr.PtrClassicDefaultHeader
D/LeakCanary( 1882): |   static $staticOverhead = byte[16]@586252289 (0x22f18001)
D/LeakCanary( 1882): |   static sDataFormat = java.text.SimpleDateFormat@585730848 (0x22e98b20)
D/LeakCanary( 1882): |   static KEY_SharedPreferences = java.lang.String@585730816 (0x22e98b00)
D/LeakCanary( 1882): |   mFlipAnimation = android.view.animation.RotateAnimation@585884576 (0x22ebe3a0)
D/LeakCanary( 1882): |   mLastUpdateTextView = android.support.v7.widget.AppCompatTextView@591069184 (0x233b0000)
D/LeakCanary( 1882): |   mLastUpdateTime = -1
D/LeakCanary( 1882): |   mLastUpdateTimeKey = java.lang.String@590587808 (0x2333a7a0)
D/LeakCanary( 1882): |   mLastUpdateTimeUpdater = in.srain.cube.views.ptr.PtrClassicDefaultHeader$LastUpdateTimeUpdater@584993952 (0x22de4ca0)
D/LeakCanary( 1882): |   mProgressBar = android.widget.ProgressBar@591072256 (0x233b0c00)
D/LeakCanary( 1882): |   mReverseFlipAnimation = android.view.animation.RotateAnimation@585884752 (0x22ebe450)
D/LeakCanary( 1882): |   mRotateAniTime = 150
D/LeakCanary( 1882): |   mRotateView = android.support.v7.widget.AppCompatImageView@591071232 (0x233b0800)
D/LeakCanary( 1882): |   mShouldShowLastUpdate = true
D/LeakCanary( 1882): |   mTitleTextView = android.support.v7.widget.AppCompatTextView@591068160 (0x233afc00)
D/LeakCanary( 1882): |   mForeground = null
D/LeakCanary( 1882): |   mForegroundBoundsChanged = false
D/LeakCanary( 1882): |   mForegroundGravity = 119
D/LeakCanary( 1882): |   mForegroundInPadding = true
D/LeakCanary( 1882): |   mForegroundPaddingBottom = 0
D/LeakCanary( 1882): |   mForegroundPaddingLeft = 0
D/LeakCanary( 1882): |   mForegroundPaddingRight = 0
D/LeakCanary( 1882): |   mForegroundPaddingTop = 0
D/LeakCanary( 1882): |   mForegroundTintList = null
D/LeakCanary( 1882): |   mForegroundTintMode = null
D/LeakCanary( 1882): |   mHasForegroundTint = false
D/LeakCanary( 1882): |   mHasForegroundTintMode = false
D/LeakCanary( 1882): |   mMatchParentChildren = java.util.ArrayList@585387424 (0x22e44da0)
D/LeakCanary( 1882): |   mMeasureAllChildren = false
D/LeakCanary( 1882): |   mOverlayBounds = android.graphics.Rect@585387392 (0x22e44d80)
D/LeakCanary( 1882): |   mSelfBounds = android.graphics.Rect@585387360 (0x22e44d60)
D/LeakCanary( 1882): |   mAnimationListener = null
D/LeakCanary( 1882): |   mCachePaint = null
D/LeakCanary( 1882): |   mChildAcceptsDrag = false
D/LeakCanary( 1882): |   mChildCountWithTransientState = 0
D/LeakCanary( 1882): |   mChildTransformation = null
D/LeakCanary( 1882): |   mChildren = android.view.View[12]@585102784 (0x22dff5c0)
D/LeakCanary( 1882): |   mChildrenCount = 1
D/LeakCanary( 1882): |   mCurrentDrag = null
D/LeakCanary( 1882): |   mCurrentDragView = null
D/LeakCanary( 1882): |   mDisappearingChildren = null
D/LeakCanary( 1882): |   mDragNotifiedChildren = null
D/LeakCanary( 1882): |   mFirstHoverTarget = null
D/LeakCanary( 1882): |   mFirstTouchTarget = null
D/LeakCanary( 1882): |   mFocused = null
D/LeakCanary( 1882): |   mGroupFlags = 2244691
D/LeakCanary( 1882): |   mHoveredSelf = false
D/LeakCanary( 1882): |   mInvalidateRegion = null
D/LeakCanary( 1882): |   mInvalidationTransformation = null
D/LeakCanary( 1882): |   mLastTouchDownIndex = -1
D/LeakCanary( 1882): |   mLastTouchDownTime = 0
D/LeakCanary( 1882): |   mLastTouchDownX = 0.0
D/LeakCanary( 1882): |   mLastTouchDownY = 0.0
D/LeakCanary( 1882): |   mLayoutAnimationController = null
D/LeakCanary( 1882): |   mLayoutCalledWhileSuppressed = false
D/LeakCanary( 1882): |   mLayoutMode = -1
D/LeakCanary( 1882): |   mLayoutTransitionListener = android.view.ViewGroup$3@584993776 (0x22de4bf0)
D/LeakCanary( 1882): |   mLocalPoint = null
D/LeakCanary( 1882): |   mNestedScrollAxes = 0
D/LeakCanary( 1882): |   mOnHierarchyChangeListener = null
D/LeakCanary( 1882): |   mPersistentDrawingCache = 2
D/LeakCanary( 1882): |   mPreSortedChildren = null
D/LeakCanary( 1882): |   mSuppressLayout = false
D/LeakCanary( 1882): |   mTempPoint = null
D/LeakCanary( 1882): |   mTransition = null
D/LeakCanary( 1882): |   mTransitioningViews = null
D/LeakCanary( 1882): |   mVisibilityChangingChildren = null
D/LeakCanary( 1882): |   mAccessibilityCursorPosition = -1
D/LeakCanary( 1882): |   mAccessibilityDelegate = null
D/LeakCanary( 1882): |   mAccessibilityTraversalAfterId = -1
D/LeakCanary( 1882): |   mAccessibilityTraversalBeforeId = -1
D/LeakCanary( 1882): |   mAccessibilityViewId = -1
D/LeakCanary( 1882): |   mAnimator = null
D/LeakCanary( 1882): |   mAttachInfo = null
D/LeakCanary( 1882): |   mAttributes = null
D/LeakCanary( 1882): |   mBackground = null
D/LeakCanary( 1882): |   mBackgroundRenderNode = null
D/LeakCanary( 1882): |   mBackgroundResource = 0
D/LeakCanary( 1882): |   mBackgroundSizeChanged = false
D/LeakCanary( 1882): |   mBackgroundTint = null
D/LeakCanary( 1882): |   mBottom = 0
D/LeakCanary( 1882): |   mCachingFailed = false
D/LeakCanary( 1882): |   mClipBounds = null
D/LeakCanary( 1882): |   mContentDescription = null
D/LeakCanary( 1882): |   mContext = com.zzl.falcon.account.loan.LoanActivity@584644352 (0x22d8f700)
D/LeakCanary( 1882): |   mCurrentAnimation = null
D/LeakCanary( 1882): |   mDrawableState = null
D/LeakCanary( 1882): |   mDrawingCache = null
D/LeakCanary( 1882): |   mDrawingCacheBackgroundColor = 0
D/LeakCanary( 1882): |   mFloatingTreeObserver = null
D/LeakCanary( 1882): |   mGhostView = null
D/LeakCanary( 1882): |   mHasPerformedLongPress = false
D/LeakCanary( 1882): |   mID = -1
D/LeakCanary( 1882): |   mInputEventConsistencyVerifier = null
D/LeakCanary( 1882): |   mKeyedTags = null
D/LeakCanary( 1882): |   mLabelForId = -1
D/LeakCanary( 1882): |   mLastIsOpaque = false
D/LeakCanary( 1882): |   mLayerPaint = null
D/LeakCanary( 1882): |   mLayerType = 0
D/LeakCanary( 1882): |   mLayoutInsets = null
D/LeakCanary( 1882): |   mLayoutParams = in.srain.cube.views.ptr.PtrFrameLayout$LayoutParams@586261456 (0x22f1a3d0)
D/LeakCanary( 1882): |   mLeft = 0
D/LeakCanary( 1882): |   mLeftPaddingDefined = false
D/LeakCanary( 1882): |   mListenerInfo = null
D/LeakCanary( 1882): |   mMatchIdPredicate = null
D/LeakCanary( 1882): |   mMatchLabelForPredicate = null
D/LeakCanary( 1882): |   mMeasureCache = null
D/LeakCanary( 1882): |   mMeasuredHeight = 0
D/LeakCanary( 1882): |   mMeasuredWidth = 0
D/LeakCanary( 1882): |   mMinHeight = 0
D/LeakCanary( 1882): |   mMinWidth = 0
D/LeakCanary( 1882): |   mNestedScrollingParent = null
D/LeakCanary( 1882): |   mNextFocusDownId = -1
D/LeakCanary( 1882): |   mNextFocusForwardId = -1
D/LeakCanary( 1882): |   mNextFocusLeftId = -1
D/LeakCanary( 1882): |   mNextFocusRightId = -1
D/LeakCanary( 1882): |   mNextFocusUpId = -1
D/LeakCanary( 1882): |   mOldHeightMeasureSpec = -2147483648
D/LeakCanary( 1882): |   mOldWidthMeasureSpec = -2147483648
D/LeakCanary( 1882): |   mOutlineProvider = android.view.ViewOutlineProvider$1@1900633448 (0x71495d68)
D/LeakCanary( 1882): |   mOverScrollMode = 1
D/LeakCanary( 1882): |   mOverlay = null
D/LeakCanary( 1882): |   mPaddingBottom = 0
D/LeakCanary( 1882): |   mPaddingLeft = 0
D/LeakCanary( 1882): |   mPaddingRight = 0
D/LeakCanary( 1882): |   mPaddingTop = 0
D/LeakCanary( 1882): |   mParent = null
D/LeakCanary( 1882): |   mPendingCheckForLongPress = null
D/LeakCanary( 1882): |   mPendingCheckForTap = null
D/LeakCanary( 1882): |   mPerformClick = null
D/LeakCanary( 1882): |   mPrivateFlags = -2130702208
D/LeakCanary( 1882): |   mPrivateFlags2 = 140296
D/LeakCanary( 1882): |   mPrivateFlags3 = 0
D/LeakCanary( 1882): |   mRecreateDisplayList = false
D/LeakCanary( 1882): |   mRenderNode = android.view.RenderNode@585387328 (0x22e44d40)
D/LeakCanary( 1882): |   mResources = android.content.res.Resources@583892704 (0x22cd7ee0)
D/LeakCanary( 1882): |   mRight = 0
D/LeakCanary( 1882): |   mRightPaddingDefined = false
D/LeakCanary( 1882): |   mScrollCache = null
D/LeakCanary( 1882): |   mScrollX = 0
D/LeakCanary( 1882): |   mScrollY = 0
D/LeakCanary( 1882): |   mSendViewScrolledAccessibilityEvent = null
D/LeakCanary( 1882): |   mSendViewStateChangedAccessibilityEvent = null
D/LeakCanary( 1882): |   mSendingHoverAccessibilityEvents = false
D/LeakCanary( 1882): |   mStateListAnimator = null
D/LeakCanary( 1882): |   mSystemUiVisibility = 0
D/LeakCanary( 1882): |   mTag = null
D/LeakCanary( 1882): |   mTempNestedScrollConsumed = null
D/LeakCanary( 1882): |   mTop = 0
D/LeakCanary( 1882): |   mTouchDelegate = null
D/LeakCanary( 1882): |   mTouchSlop = 16
D/LeakCanary( 1882): |   mTransformationInfo = null
D/LeakCanary( 1882): |   mTransientStateCount = 0
D/LeakCanary( 1882): |   mTransitionName = null
D/LeakCanary( 1882): |   mUnscaledDrawingCache = null
D/LeakCanary( 1882): |   mUnsetPressedState = null
D/LeakCanary( 1882): |   mUserPaddingBottom = 0
D/LeakCanary( 1882): |   mUserPaddingEnd = -2147483648
D/LeakCanary( 1882): |   mUserPaddingLeft = 0
D/LeakCanary( 1882): |   mUserPaddingLeftInitial = 0
D/LeakCanary( 1882): |   mUserPaddingRight = 0
D/LeakCanary( 1882): |   mUserPaddingRightInitial = 0
D/LeakCanary( 1882): |   mUserPaddingStart = -2147483648
D/LeakCanary( 1882): |   mVerticalScrollFactor = 0.0
D/LeakCanary( 1882): |   mVerticalScrollbarPosition = 0
D/LeakCanary( 1882): |   mViewFlags = 402653312
D/LeakCanary( 1882): |   mWindowAttachCount = 0
D/LeakCanary( 1882): * Instance of com.zzl.falcon.account.loan.LoanActivity
D/LeakCanary( 1882): |   static TOTAL_COUNTER = 2147483647
D/LeakCanary( 1882): |   static $staticOverhead = byte[8]@590880769 (0x23382001)
D/LeakCanary( 1882): |   borrowingOrderList = java.util.ArrayList@586193952 (0x22f09c20)
D/LeakCanary( 1882): |   frameLayout = android.widget.FrameLayout@591057920 (0x233ad400)
D/LeakCanary( 1882): |   mHelper = com.zzl.falcon.config.PermissionHelper@590662976 (0x2334cd40)
D/LeakCanary( 1882): |   mPageName = java.lang.String@590662944 (0x2334cd20)
D/LeakCanary( 1882): |   myAdapter = com.zzl.falcon.account.loan.LoanActivity$MyAdapter@583750304 (0x22cb52a0)
D/LeakCanary( 1882): |   pageNow = 1
D/LeakCanary( 1882): |   pageSize = 10
D/LeakCanary( 1882): |   ptrFrame = in.srain.cube.views.ptr.PtrClassicFrameLayout@591063040 (0x233ae800)
D/LeakCanary( 1882): |   recyclerView = android.support.v7.widget.RecyclerView@591073280 (0x233b1000)
D/LeakCanary( 1882): |   mViews = android.util.SparseArray@590662912 (0x2334cd00)
D/LeakCanary( 1882): |   mDelegate = android.support.v7.app.AppCompatDelegateImplV14@588827968 (0x2318cd40)
D/LeakCanary( 1882): |   mEatKeyUpEvent = false
D/LeakCanary( 1882): |   mResources = null
D/LeakCanary( 1882): |   mThemeId = 2131361937
D/LeakCanary( 1882): |   mCreated = true
D/LeakCanary( 1882): |   mFragments = android.support.v4.app.FragmentController@590481312 (0x233207a0)
D/LeakCanary( 1882): |   mHandler = android.support.v4.app.FragmentActivity$1@590662880 (0x2334cce0)
D/LeakCanary( 1882): |   mMediaController = null
D/LeakCanary( 1882): |   mNextCandidateRequestIndex = 0
D/LeakCanary( 1882): |   mOptionsMenuInvalidated = false
D/LeakCanary( 1882): |   mPendingFragmentActivityResults = android.support.v4.util.SparseArrayCompat@591025088 (0x233a53c0)
D/LeakCanary( 1882): |   mReallyStopped = true
D/LeakCanary( 1882): |   mRequestedPermissionsFromFragment = false
D/LeakCanary( 1882): |   mResumed = false
D/LeakCanary( 1882): |   mRetaining = false
D/LeakCanary( 1882): |   mStartedActivityFromFragment = false
D/LeakCanary( 1882): |   mStopped = true
D/LeakCanary( 1882): |   mActionBar = null
D/LeakCanary( 1882): |   mActivityInfo = android.content.pm.ActivityInfo@591220864 (0x233d5080)
D/LeakCanary( 1882): |   mActivityTransitionState = android.app.ActivityTransitionState@589719104 (0x23266640)
D/LeakCanary( 1882): |   mAllLoaderManagers = android.util.ArrayMap@583751584 (0x22cb57a0)
D/LeakCanary( 1882): |   mApplication = com.zzl.falcon.AppApplication@583018080 (0x22c02660)
D/LeakCanary( 1882): |   mCalled = true
D/LeakCanary( 1882): |   mChangeCanvasToTranslucent = false
D/LeakCanary( 1882): |   mChangingConfigurations = false
D/LeakCanary( 1882): |   mCheckedForLoaderManager = true
D/LeakCanary( 1882): |   mComponent = android.content.ComponentName@588194848 (0x230f2420)
D/LeakCanary( 1882): |   mConfigChangeFlags = 0
D/LeakCanary( 1882): |   mContainer = android.app.Activity$1@590481264 (0x23320770)
D/LeakCanary( 1882): |   mCurrentConfig = android.content.res.Configuration@589463808 (0x23228100)
D/LeakCanary( 1882): |   mDecor = null
D/LeakCanary( 1882): |   mDefaultKeyMode = 0
D/LeakCanary( 1882): |   mDefaultKeySsb = null
D/LeakCanary( 1882): |   mDestroyed = true
D/LeakCanary( 1882): |   mDoReportFullyDrawn = false
D/LeakCanary( 1882): |   mEmbeddedID = null
D/LeakCanary( 1882): |   mEnableDefaultActionBarUp = false
D/LeakCanary( 1882): |   mEnterTransitionListener = android.app.SharedElementCallback$1@1900577312 (0x71488220)
D/LeakCanary( 1882): |   mExitTransitionListener = android.app.SharedElementCallback$1@1900577312 (0x71488220)
D/LeakCanary( 1882): |   mFinished = true
D/LeakCanary( 1882): |   mFragments = android.app.FragmentManagerImpl@589222960 (0x231ed430)
D/LeakCanary( 1882): |   mHandler = android.os.Handler@590662848 (0x2334ccc0)
D/LeakCanary( 1882): |   mIdent = 397489490
D/LeakCanary( 1882): |   mInstanceTracker = android.os.StrictMode$InstanceTracker@590481280 (0x23320780)
D/LeakCanary( 1882): |   mInstrumentation = android.app.Instrumentation@584451504 (0x22d605b0)
D/LeakCanary( 1882): |   mIntent = android.content.Intent@587557952 (0x23056c40)
D/LeakCanary( 1882): |   mLastNonConfigurationInstances = null
D/LeakCanary( 1882): |   mLoaderManager = null
D/LeakCanary( 1882): |   mLoadersStarted = false
D/LeakCanary( 1882): |   mMainThread = android.app.ActivityThread@583020800 (0x22c03100)
D/LeakCanary( 1882): |   mManagedCursors = java.util.ArrayList@590662784 (0x2334cc80)
D/LeakCanary( 1882): |   mManagedDialogs = null
D/LeakCanary( 1882): |   mMenuInflater = null
D/LeakCanary( 1882): |   mParent = null
D/LeakCanary( 1882): |   mReferrer = java.lang.String@587616224 (0x23064fe0)
D/LeakCanary( 1882): |   mResultCode = 0
D/LeakCanary( 1882): |   mResultData = null
D/LeakCanary( 1882): |   mResumed = false
D/LeakCanary( 1882): |   mSearchManager = null
D/LeakCanary( 1882): |   mStartedActivity = false
D/LeakCanary( 1882): |   mStopped = true
D/LeakCanary( 1882): |   mTemporaryPause = false
D/LeakCanary( 1882): |   mTitle = java.lang.String@587614368 (0x230648a0)
D/LeakCanary( 1882): |   mTitleColor = 0
D/LeakCanary( 1882): |   mTitleReady = true
D/LeakCanary( 1882): |   mToken = android.os.BinderProxy@587613312 (0x23064480)
D/LeakCanary( 1882): |   mTranslucentCallback = null
D/LeakCanary( 1882): |   mUiThread = java.lang.Thread@1957896192 (0x74b32000)
D/LeakCanary( 1882): |   mVisibleBehind = false
D/LeakCanary( 1882): |   mVisibleFromClient = true
D/LeakCanary( 1882): |   mVisibleFromServer = true
D/LeakCanary( 1882): |   mVoiceInteractor = null
D/LeakCanary( 1882): |   mWindow = com.android.internal.policy.impl.PhoneWindow@584644736 (0x22d8f880)
D/LeakCanary( 1882): |   mWindowAdded = true
D/LeakCanary( 1882): |   mWindowManager = android.view.WindowManagerImpl@590663424 (0x2334cf00)
D/LeakCanary( 1882): |   mInflater = com.android.internal.policy.impl.PhoneLayoutInflater@590180752 (0x232d7190)
D/LeakCanary( 1882): |   mOverrideConfiguration = null
D/LeakCanary( 1882): |   mResources = android.content.res.Resources@583892704 (0x22cd7ee0)
D/LeakCanary( 1882): |   mTheme = android.content.res.Resources$Theme@590663456 (0x2334cf20)
D/LeakCanary( 1882): |   mThemeResource = 2131361937
D/LeakCanary( 1882): |   mBase = android.app.ContextImpl@590664064 (0x2334d180)
D/LeakCanary( 1882): * Excluded Refs:
D/LeakCanary( 1882): | Field: android.view.inputmethod.InputMethodManager.mNextServedView
D/LeakCanary( 1882): | Field: android.view.inputmethod.InputMethodManager.mServedView
D/LeakCanary( 1882): | Field: android.view.inputmethod.InputMethodManager.mServedInputConnection
D/LeakCanary( 1882): | Field: android.view.inputmethod.InputMethodManager.mCurRootView
D/LeakCanary( 1882): | Field: android.animation.LayoutTransition$1.val$parent
D/LeakCanary( 1882): | Field: android.view.textservice.SpellCheckerSession$1.this$0
D/LeakCanary( 1882): | Field: android.support.v7.internal.widget.ActivityChooserModel.mActivityChoserModelPolicy
D/LeakCanary( 1882): | Field: android.widget.ActivityChooserModel.mActivityChoserModelPolicy
D/LeakCanary( 1882): | Field: android.accounts.AccountManager$AmsTask$Response.this$1
D/LeakCanary( 1882): | Field: android.media.MediaScannerConnection.mContext
D/LeakCanary( 1882): | Field: android.os.UserManager.mContext
D/LeakCanary( 1882): | Field: android.media.AudioManager$1.this$0
D/LeakCanary( 1882): | Field: android.widget.Editor$Blink.this$0
D/LeakCanary( 1882): | Field: android.net.ConnectivityManager.sInstance
D/LeakCanary( 1882): | Field: android.view.Choreographer$FrameDisplayEventReceiver.mMessageQueue (always)
D/LeakCanary( 1882): | Static field: android.text.TextLine.sCached
D/LeakCanary( 1882): | Thread:FinalizerWatchdogDaemon (always)
D/LeakCanary( 1882): | Thread:main (always)
D/LeakCanary( 1882): | Thread:LeakCanary-Heap-Dump (always)
D/LeakCanary( 1882): | Class:java.lang.ref.WeakReference (always)
D/LeakCanary( 1882): | Class:java.lang.ref.SoftReference (always)
D/LeakCanary( 1882): | Class:java.lang.ref.PhantomReference (always)
D/LeakCanary( 1882): | Class:java.lang.ref.Finalizer (always)
D/LeakCanary( 1882): | Class:java.lang.ref.FinalizerReference (always)
I/AppiumUnicodeIME(  672): onKeyDown (keyCode='20', event.keyCode='20', metaState='0')
I/AppiumUnicodeIME(  672): onKeyUp (keyCode='20', event.keyCode='20', metaState='0')
I/AppiumUnicodeIME(  672): onKeyDown (keyCode='82', event.keyCode='82', metaState='0')
W/UnimplementedWebViewApi( 1239): Unimplemented WebView method onKeyDown called from: android.webkit.WebView.onKeyDown(WebView.java:2310)
I/AppiumUnicodeIME(  672): onKeyUp (keyCode='82', event.keyCode='82', metaState='0')
W/AudioTrack(  527): AUDIO_OUTPUT_FLAG_FAST denied by client
I/AppiumUnicodeIME(  672): onKeyDown (keyCode='23', event.keyCode='23', metaState='0')
D/TaskPersister(  527): removeObsoleteFile: deleting file=39_task.xml
D/TaskPersister(  527): removeObsoleteFile: deleting file=39_task_thumbnail.png
I/AppiumUnicodeIME(  672): onKeyUp (keyCode='23', event.keyCode='23', metaState='0')
I/AppiumUnicodeIME(  672): onKeyDown (keyCode='19', event.keyCode='19', metaState='0')
I/AppiumUnicodeIME(  672): onKeyUp (keyCode='19', event.keyCode='19', metaState='0')
I/AppiumUnicodeIME(  672): onKeyDown (keyCode='19', event.keyCode='19', metaState='0')
I/AppiumUnicodeIME(  672): onKeyUp (keyCode='19', event.keyCode='19', metaState='0')
I/AppiumUnicodeIME(  672): onKeyDown (keyCode='19', event.keyCode='19', metaState='0')
I/AppiumUnicodeIME(  672): onKeyUp (keyCode='19', event.keyCode='19', metaState='0')
I/AppiumUnicodeIME(  672): onKeyDown (keyCode='19', event.keyCode='19', metaState='0')
I/AppiumUnicodeIME(  672): onKeyUp (keyCode='19', event.keyCode='19', metaState='0')
I/AppiumUnicodeIME(  672): onKeyDown (keyCode='23', event.keyCode='23', metaState='0')
I/AppiumUnicodeIME(  672): onKeyUp (keyCode='23', event.keyCode='23', metaState='0')
I/AppiumUnicodeIME(  672): onKeyDown (keyCode='19', event.keyCode='19', metaState='0')
I/AppiumUnicodeIME(  672): onKeyDown (keyCode='19', event.keyCode='19', metaState='0')
I/AppiumUnicodeIME(  672): onKeyUp (keyCode='19', event.keyCode='19', metaState='0')
I/AppiumUnicodeIME(  672): onKeyDown (keyCode='19', event.keyCode='19', metaState='0')
I/AppiumUnicodeIME(  672): onKeyUp (keyCode='19', event.keyCode='19', metaState='0')
I/AppiumUnicodeIME(  672): onKeyDown (keyCode='19', event.keyCode='19', metaState='0')
I/AppiumUnicodeIME(  672): onKeyUp (keyCode='19', event.keyCode='19', metaState='0')
I/AppiumUnicodeIME(  672): onKeyDown (keyCode='19', event.keyCode='19', metaState='0')
I/AppiumUnicodeIME(  672): onKeyUp (keyCode='19', event.keyCode='19', metaState='0')
I/AppiumUnicodeIME(  672): onKeyDown (keyCode='21', event.keyCode='21', metaState='0')
W/UnimplementedWebViewApi( 1239): Unimplemented WebView method onKeyMultiple called from: android.webkit.WebView.onKeyMultiple(WebView.java:2320)
W/UnimplementedWebViewApi( 1239): Unimplemented WebView method onKeyDown called from: android.webkit.WebView.onKeyDown(WebView.java:2310)
D/WebView ( 1239): show url http://116.236.220.210:8084/appEvaluation/myEvaluation?custInfoId=804b9b00449e4043acd80edb211147a4&custId=4a773301b0454a8db534d880901c0754
I/AppiumUnicodeIME(  672): onKeyUp (keyCode='21', event.keyCode='21', metaState='0')
I/AppiumUnicodeIME(  672): onKeyDown (keyCode='80', event.keyCode='80', metaState='0')
W/UnimplementedWebViewApi( 1239): Unimplemented WebView method onKeyDown called from: android.webkit.WebView.onKeyDown(WebView.java:2310)
I/AppiumUnicodeIME(  672): onKeyUp (keyCode='80', event.keyCode='80', metaState='0')
I/AppiumUnicodeIME(  672): onKeyDown (keyCode='23', event.keyCode='23', metaState='0')
I/AppiumUnicodeIME(  672): onKeyUp (keyCode='23', event.keyCode='23', metaState='0')
I/AppiumUnicodeIME(  672): onKeyDown (keyCode='20', event.keyCode='20', metaState='0')
I/AppiumUnicodeIME(  672): onKeyUp (keyCode='20', event.keyCode='20', metaState='0')
I/AppiumUnicodeIME(  672): onKeyDown (keyCode='23', event.keyCode='23', metaState='0')
I/chromium( 1239): [INFO:CONSOLE(12)] "Not allowed to load local resource: file:///android_asset/webkit/android-weberror.png", source: data:text/html,chromewebdata (12)
I/AppiumUnicodeIME(  672): onKeyUp (keyCode='23', event.keyCode='23', metaState='0')
I/chromium( 1239): [INFO:CONSOLE(1)] "Uncaught ReferenceError: jump is not defined", source:  (1)
D/WebView ( 1239): show url http://116.236.220.210:8084/appEvaluation/myEvaluation?custInfoId=804b9b00449e4043acd80edb211147a4&custId=4a773301b0454a8db534d880901c0754
I/AppiumUnicodeIME(  672): onKeyDown (keyCode='82', event.keyCode='82', metaState='0')
W/UnimplementedWebViewApi( 1239): Unimplemented WebView method onKeyDown called from: android.webkit.WebView.onKeyDown(WebView.java:2310)
I/AppiumUnicodeIME(  672): onKeyUp (keyCode='82', event.keyCode='82', metaState='0')
I/AppiumUnicodeIME(  672): onKeyDown (keyCode='102', event.keyCode='102', metaState='0')
I/AppiumUnicodeIME(  672): onKeyUp (keyCode='102', event.keyCode='102', metaState='0')
W/AudioTrack(  527): AUDIO_OUTPUT_FLAG_FAST denied by client
I/AppiumUnicodeIME(  672): onKeyDown (keyCode='20', event.keyCode='20', metaState='0')
I/AppiumUnicodeIME(  672): onKeyUp (keyCode='20', event.keyCode='20', metaState='0')
I/chromium( 1239): [INFO:CONSOLE(12)] "Not allowed to load local resource: file:///android_asset/webkit/android-weberror.png", source: data:text/html,chromewebdata (12)
I/AppiumUnicodeIME(  672): onKeyDown (keyCode='21', event.keyCode='21', metaState='0')
I/AppiumUnicodeIME(  672): onKeyUp (keyCode='21', event.keyCode='21', metaState='0')
I/chromium( 1239): [INFO:CONSOLE(1)] "Uncaught ReferenceError: jump is not defined", source:  (1)
I/AppiumUnicodeIME(  672): onKeyDown (keyCode='21', event.keyCode='21', metaState='0')
I/AppiumUnicodeIME(  672): onKeyUp (keyCode='21', event.keyCode='21', metaState='0')
I/AppiumUnicodeIME(  672): onKeyDown (keyCode='25', event.keyCode='25', metaState='0')
W/UnimplementedWebViewApi( 1239): Unimplemented WebView method onKeyDown called from: android.webkit.WebView.onKeyDown(WebView.java:2310)
W/AudioService(  527): stream was not muted by this client
E/AudioService(  527): Could not get client death handler for stream: 1
W/AudioService(  527): stream was not muted by this client
E/AudioService(  527): Could not get client death handler for stream: 2
W/AudioService(  527): stream was not muted by this client
E/AudioService(  527): Could not get client death handler for stream: 5
W/AudioService(  527): stream was not muted by this client
E/AudioService(  527): Could not get client death handler for stream: 7
W/AudioService(  527): stream was not muted by this client
E/AudioService(  527): Could not get client death handler for stream: 8
I/AppiumUnicodeIME(  672): onKeyUp (keyCode='25', event.keyCode='25', metaState='0')
I/AppiumUnicodeIME(  672): onKeyDown (keyCode='165', event.keyCode='165', metaState='0')
W/EGL_emulation(  636): eglSurfaceAttrib not implemented
W/OpenGLRenderer(  636): Failed to set EGL_SWAP_BEHAVIOR on surface 0xe202c260, error=EGL_SUCCESS
I/AppiumUnicodeIME(  672): onKeyUp (keyCode='165', event.keyCode='165', metaState='0')
I/AppiumUnicodeIME(  672): onKeyDown (keyCode='19', event.keyCode='19', metaState='0')
I/AppiumUnicodeIME(  672): onKeyUp (keyCode='19', event.keyCode='19', metaState='0')
I/ActivityManager(  527): START u0 {act=android.intent.action.MAIN cat=[android.intent.category.LAUNCHER] flg=0x10200000 cmp=com.zzl.falcon.internal/com.zzl.falcon.EntranceActivity} from uid 0 on display 0
D/WebView ( 1239): show url http://116.236.220.210:8084/appEvaluation/myEvaluation?custInfoId=804b9b00449e4043acd80edb211147a4&custId=4a773301b0454a8db534d880901c0754
I/AppiumUnicodeIME(  672): onKeyDown (keyCode='182', event.keyCode='182', metaState='0')
I/AppiumUnicodeIME(  672): onKeyUp (keyCode='182', event.keyCode='182', metaState='0')
I/AppiumUnicodeIME(  672): onKeyDown (keyCode='21', event.keyCode='21', metaState='0')
I/AppiumUnicodeIME(  672): onKeyUp (keyCode='21', event.keyCode='21', metaState='0')
I/AppiumUnicodeIME(  672): onKeyDown (keyCode='21', event.keyCode='21', metaState='0')
I/AppiumUnicodeIME(  672): onKeyUp (keyCode='21', event.keyCode='21', metaState='0')
I/AppiumUnicodeIME(  672): onKeyDown (keyCode='21', event.keyCode='21', metaState='0')
I/AppiumUnicodeIME(  672): onKeyUp (keyCode='21', event.keyCode='21', metaState='0')
I/AppiumUnicodeIME(  672): onKeyDown (keyCode='21', event.keyCode='21', metaState='0')
I/AppiumUnicodeIME(  672): onKeyUp (keyCode='21', event.keyCode='21', metaState='0')
I/AppiumUnicodeIME(  672): onKeyDown (keyCode='23', event.keyCode='23', metaState='0')
I/AppiumUnicodeIME(  672): onKeyUp (keyCode='23', event.keyCode='23', metaState='0')
I/chromium( 1239): [INFO:CONSOLE(1)] "Uncaught ReferenceError: jump is not defined", source:  (1)
I/chromium( 1239): [INFO:CONSOLE(12)] "Not allowed to load local resource: file:///android_asset/webkit/android-weberror.png", source: data:text/html,chromewebdata (12)
I/AppiumUnicodeIME(  672): onKeyDown (keyCode='19', event.keyCode='19', metaState='0')
I/AppiumUnicodeIME(  672): onKeyUp (keyCode='19', event.keyCode='19', metaState='0')
I/AppiumUnicodeIME(  672): onKeyDown (keyCode='19', event.keyCode='19', metaState='0')
I/AppiumUnicodeIME(  672): onKeyUp (keyCode='19', event.keyCode='19', metaState='0')
I/AppiumUnicodeIME(  672): onKeyDown (keyCode='25', event.keyCode='25', metaState='0')
W/UnimplementedWebViewApi( 1239): Unimplemented WebView method onKeyDown called from: android.webkit.WebView.onKeyDown(WebView.java:2310)
W/AudioService(  527): stream was not muted by this client
E/AudioService(  527): Could not get client death handler for stream: 1
W/AudioService(  527): stream was not muted by this client
E/AudioService(  527): Could not get client death handler for stream: 2
W/AudioService(  527): stream was not muted by this client
E/AudioService(  527): Could not get client death handler for stream: 5
W/AudioService(  527): stream was not muted by this client
E/AudioService(  527): Could not get client death handler for stream: 7
W/AudioService(  527): stream was not muted by this client
E/AudioService(  527): Could not get client death handler for stream: 8
I/AppiumUnicodeIME(  672): onKeyUp (keyCode='25', event.keyCode='25', metaState='0')
I/AppiumUnicodeIME(  672): onKeyDown (keyCode='22', event.keyCode='22', metaState='0')
I/AppiumUnicodeIME(  672): onKeyUp (keyCode='22', event.keyCode='22', metaState='0')
W/AudioTrack(  527): AUDIO_OUTPUT_FLAG_FAST denied by client
I/AppiumUnicodeIME(  672): onKeyDown (keyCode='19', event.keyCode='19', metaState='0')
I/AppiumUnicodeIME(  672): onKeyUp (keyCode='19', event.keyCode='19', metaState='0')
I/AppiumUnicodeIME(  672): onKeyDown (keyCode='19', event.keyCode='19', metaState='0')
I/AppiumUnicodeIME(  672): onKeyUp (keyCode='19', event.keyCode='19', metaState='0')
I/AppiumUnicodeIME(  672): onKeyDown (keyCode='19', event.keyCode='19', metaState='0')
I/AppiumUnicodeIME(  672): onKeyUp (keyCode='19', event.keyCode='19', metaState='0')
I/AppiumUnicodeIME(  672): onKeyDown (keyCode='54', event.keyCode='54', metaState='0')
I/AppiumUnicodeIME(  672): onKeyUp (keyCode='54', event.keyCode='54', metaState='0')
I/AppiumUnicodeIME(  672): onKeyDown (keyCode='19', event.keyCode='19', metaState='0')
