W/ViewRootImpl( 4682): Dropping event due to root view being removed: MotionEvent { action=ACTION_MOVE, id[0]=0, x[0]=517.58264, y[0]=697.4387, toolType[0]=TOOL_TYPE_UNKNOWN, id[1]=1, x[1]=27.567009, y[1]=-92.05176, toolType[1]=TOOL_TYPE_UNKNOWN, buttonState=0, metaState=0, flags=0x0, edgeFlags=0x0, pointerCount=2, historySize=3, eventTime=6885519, downTime=6885515, deviceId=0, source=0x1002 }
W/ViewRootImpl( 4682): Dropping event due to root view being removed: MotionEvent { action=ACTION_POINTER_UP(1), id[0]=0, x[0]=504.88788, y[0]=700.9099, toolType[0]=TOOL_TYPE_UNKNOWN, id[1]=1, x[1]=11.809282, y[1]=-80.96582, toolType[1]=TOOL_TYPE_UNKNOWN, buttonState=0, metaState=0, flags=0x0, edgeFlags=0x0, pointerCount=2, historySize=0, eventTime=6885520, downTime=6885515, deviceId=0, source=0x1002 }
W/ViewRootImpl( 4682): Dropping event due to root view being removed: MotionEvent { action=ACTION_UP, id[0]=0, x[0]=497.71472, y[0]=707.72034, toolType[0]=TOOL_TYPE_UNKNOWN, buttonState=0, metaState=0, flags=0x0, edgeFlags=0x0, pointerCount=1, historySize=0, eventTime=6885520, downTime=6885515, deviceId=0, source=0x1002 }
W/ViewRootImpl( 4682): Dropping event due to root view being removed: MotionEvent { action=ACTION_MOVE, id[0]=0, x[0]=-1.0, y[0]=1.0, toolType[0]=TOOL_TYPE_UNKNOWN, buttonState=0, metaState=0, flags=0x0, edgeFlags=0x0, pointerCount=1, historySize=17, eventTime=6885525, downTime=-1, deviceId=0, source=0x10004 }
W/InputMethodManagerService(  527): Window already focused, ignoring focus gain of: com.android.internal.view.IInputMethodClient$Stub$Proxy@180d0c14 attribute=null, token = android.os.BinderProxy@1d937887
V/WindowManager(  527): Adding window Window{172212b2 u0 SubPanel:com.zzl.falcon.internal/com.zzl.falcon.MainActivity} at 5 of 10 (after Window{5eda3b4 u0 com.zzl.falcon.internal/com.zzl.falcon.MainActivity})
W/ViewRootImpl( 4682): Dropping event due to no window focus: KeyEvent { action=ACTION_DOWN, keyCode=KEYCODE_MENU, scanCode=0, metaState=0, flags=0x8, repeatCount=0, eventTime=6886848, downTime=6886848, deviceId=-1, source=0x101 }
W/ViewRootImpl( 4682): Cancelling event due to no window focus: KeyEvent { action=ACTION_UP, keyCode=KEYCODE_MENU, scanCode=0, metaState=0, flags=0x28, repeatCount=0, eventTime=6886859, downTime=6886859, deviceId=-1, source=0x101 }
W/ViewRootImpl( 4682): Cancelling event due to no window focus: KeyEvent { action=ACTION_UP, keyCode=KEYCODE_MENU, scanCode=0, metaState=0, flags=0x28, repeatCount=0, eventTime=6886859, downTime=6886859, deviceId=-1, source=0x101 }
W/ViewRootImpl( 4682): Cancelling event due to no window focus: KeyEvent { action=ACTION_UP, keyCode=KEYCODE_MENU, scanCode=0, metaState=0, flags=0x28, repeatCount=0, eventTime=6886859, downTime=6886859, deviceId=-1, source=0x101 }
W/ViewRootImpl( 4682): Cancelling event due to no window focus: KeyEvent { action=ACTION_UP, keyCode=KEYCODE_MENU, scanCode=0, metaState=0, flags=0x28, repeatCount=0, eventTime=6886859, downTime=6886859, deviceId=-1, source=0x101 }
W/ViewRootImpl( 4682): Cancelling event due to no window focus: KeyEvent { action=ACTION_UP, keyCode=KEYCODE_MENU, scanCode=0, metaState=0, flags=0x28, repeatCount=0, eventTime=6886859, downTime=6886859, deviceId=-1, source=0x101 }
W/ViewRootImpl( 4682): Cancelling event due to no window focus: KeyEvent { action=ACTION_UP, keyCode=KEYCODE_MENU, scanCode=0, metaState=0, flags=0x28, repeatCount=0, eventTime=6886859, downTime=6886859, deviceId=-1, source=0x101 }
W/ViewRootImpl( 4682): Dropping event due to no window focus: MotionEvent { action=ACTION_MOVE, id[0]=0, x[0]=-4.0, y[0]=-3.0, toolType[0]=TOOL_TYPE_UNKNOWN, buttonState=0, metaState=0, flags=0x0, edgeFlags=0x0, pointerCount=1, historySize=1, eventTime=6886861, downTime=-1, deviceId=0, source=0x10004 }
W/InputMethodManagerService(  527): Window already focused, ignoring focus gain of: com.android.internal.view.IInputMethodClient$Stub$Proxy@28c017b9 attribute=null, token = android.os.BinderProxy@1d937887
I/ActivityManager(  527): START u0 {act=android.intent.action.CALL_BUTTON flg=0x10000000 cmp=com.android.dialer/.DialtactsActivity} from uid 10068 on display 0
I/ActivityManager(  527): START u0 {act=android.intent.action.MAIN cat=[android.intent.category.LAUNCHER] flg=0x10200000 cmp=com.zzl.falcon.internal/com.squareup.leakcanary.internal.DisplayLeakActivity} from uid 0 on display 0
V/WindowManager(  527): addAppToken: AppWindowToken{1d95c9ac token=Token{dfd1b5f ActivityRecord{331aa7fe u0 com.zzl.falcon.internal/com.squareup.leakcanary.internal.DisplayLeakActivity t46}}} to stack=1 task=46 at 0
V/WindowManager(  527): Adding window Window{30b96129 u0 Starting com.zzl.falcon.internal} at 5 of 10 (after Window{5eda3b4 u0 com.zzl.falcon.internal/com.zzl.falcon.MainActivity})
E/libprocessgroup( 4927): failed to make and chown /acct/uid_10068: Read-only file system
I/ActivityManager(  527): Start proc 4927:com.zzl.falcon.internal:leakcanary/u0a68 for activity com.zzl.falcon.internal/com.squareup.leakcanary.internal.DisplayLeakActivity
V/WindowManager(  527): Adding window Window{f482474 u0 com.zzl.falcon.internal/com.squareup.leakcanary.internal.DisplayLeakActivity} at 5 of 11 (before Window{30b96129 u0 Starting com.zzl.falcon.internal})
W/ViewRootImpl( 4927): Dropping event due to no window focus: KeyEvent { action=ACTION_DOWN, keyCode=KEYCODE_DPAD_LEFT, scanCode=0, metaState=0, flags=0x8, repeatCount=0, eventTime=6887060, downTime=6887060, deviceId=-1, source=0x101 }
W/ViewRootImpl( 4927): Cancelling event due to no window focus: KeyEvent { action=ACTION_UP, keyCode=KEYCODE_DPAD_LEFT, scanCode=0, metaState=0, flags=0x28, repeatCount=0, eventTime=6887322, downTime=6887322, deviceId=-1, source=0x101 }
W/ViewRootImpl( 4927): Cancelling event due to no window focus: KeyEvent { action=ACTION_UP, keyCode=KEYCODE_DPAD_LEFT, scanCode=0, metaState=0, flags=0x28, repeatCount=0, eventTime=6887322, downTime=6887322, deviceId=-1, source=0x101 }
W/ViewRootImpl( 4927): Cancelling event due to no window focus: KeyEvent { action=ACTION_UP, keyCode=KEYCODE_DPAD_LEFT, scanCode=0, metaState=0, flags=0x28, repeatCount=0, eventTime=6887322, downTime=6887322, deviceId=-1, source=0x101 }
W/ViewRootImpl( 4927): Cancelling event due to no window focus: KeyEvent { action=ACTION_UP, keyCode=KEYCODE_DPAD_LEFT, scanCode=0, metaState=0, flags=0x28, repeatCount=0, eventTime=6887322, downTime=6887322, deviceId=-1, source=0x101 }
W/ViewRootImpl( 4927): Cancelling event due to no window focus: KeyEvent { action=ACTION_UP, keyCode=KEYCODE_DPAD_LEFT, scanCode=0, metaState=0, flags=0x28, repeatCount=0, eventTime=6887322, downTime=6887322, deviceId=-1, source=0x101 }
W/ViewRootImpl( 4927): Cancelling event due to no window focus: KeyEvent { action=ACTION_UP, keyCode=KEYCODE_DPAD_LEFT, scanCode=0, metaState=0, flags=0x28, repeatCount=0, eventTime=6887322, downTime=6887322, deviceId=-1, source=0x101 }
W/ViewRootImpl( 4927): Cancelling event due to no window focus: KeyEvent { action=ACTION_UP, keyCode=KEYCODE_DPAD_LEFT, scanCode=0, metaState=0, flags=0x28, repeatCount=0, eventTime=6887322, downTime=6887322, deviceId=-1, source=0x101 }
W/ViewRootImpl( 4927): Cancelling event due to no window focus: KeyEvent { action=ACTION_UP, keyCode=KEYCODE_DPAD_LEFT, scanCode=0, metaState=0, flags=0x28, repeatCount=0, eventTime=6887322, downTime=6887322, deviceId=-1, source=0x101 }
W/ViewRootImpl( 4927): Cancelling event due to no window focus: KeyEvent { action=ACTION_UP, keyCode=KEYCODE_DPAD_LEFT, scanCode=0, metaState=0, flags=0x28, repeatCount=0, eventTime=6887322, downTime=6887322, deviceId=-1, source=0x101 }
I/ActivityManager(  527): START u0 {act=android.intent.action.MAIN cat=[android.intent.category.HOME] flg=0x10200000 cmp=com.android.launcher3/.Launcher} from uid 1000 on display 0
W/ViewRootImpl( 4927): Dropping event due to no window focus: KeyEvent { action=ACTION_DOWN, keyCode=KEYCODE_DPAD_DOWN, scanCode=0, metaState=0, flags=0x8, repeatCount=0, eventTime=6887503, downTime=6887503, deviceId=-1, source=0x101 }
W/ViewRootImpl( 4927): Cancelling event due to no window focus: KeyEvent { action=ACTION_UP, keyCode=KEYCODE_DPAD_DOWN, scanCode=0, metaState=0, flags=0x28, repeatCount=0, eventTime=6887505, downTime=6887505, deviceId=-1, source=0x101 }
W/ViewRootImpl( 4927): Cancelling event due to no window focus: KeyEvent { action=ACTION_UP, keyCode=KEYCODE_DPAD_DOWN, scanCode=0, metaState=0, flags=0x28, repeatCount=0, eventTime=6887505, downTime=6887505, deviceId=-1, source=0x101 }
W/ViewRootImpl( 4927): Cancelling event due to no window focus: KeyEvent { action=ACTION_UP, keyCode=KEYCODE_DPAD_DOWN, scanCode=0, metaState=0, flags=0x28, repeatCount=0, eventTime=6887505, downTime=6887505, deviceId=-1, source=0x101 }
W/ViewRootImpl( 4927): Cancelling event due to no window focus: KeyEvent { action=ACTION_UP, keyCode=KEYCODE_DPAD_DOWN, scanCode=0, metaState=0, flags=0x28, repeatCount=0, eventTime=6887505, downTime=6887505, deviceId=-1, source=0x101 }
W/ViewRootImpl( 4927): Cancelling event due to no window focus: KeyEvent { action=ACTION_UP, keyCode=KEYCODE_DPAD_DOWN, scanCode=0, metaState=0, flags=0x28, repeatCount=0, eventTime=6887505, downTime=6887505, deviceId=-1, source=0x101 }
W/ViewRootImpl( 4927): Cancelling event due to no window focus: KeyEvent { action=ACTION_UP, keyCode=KEYCODE_DPAD_DOWN, scanCode=0, metaState=0, flags=0x28, repeatCount=0, eventTime=6887505, downTime=6887505, deviceId=-1, source=0x101 }
W/ViewRootImpl( 4927): Cancelling event due to no window focus: KeyEvent { action=ACTION_UP, keyCode=KEYCODE_DPAD_DOWN, scanCode=0, metaState=0, flags=0x28, repeatCount=0, eventTime=6887505, downTime=6887505, deviceId=-1, source=0x101 }
W/ViewRootImpl( 4927): Cancelling event due to no window focus: KeyEvent { action=ACTION_UP, keyCode=KEYCODE_DPAD_DOWN, scanCode=0, metaState=0, flags=0x28, repeatCount=0, eventTime=6887505, downTime=6887505, deviceId=-1, source=0x101 }
W/ViewRootImpl( 4927): Cancelling event due to no window focus: KeyEvent { action=ACTION_UP, keyCode=KEYCODE_DPAD_DOWN, scanCode=0, metaState=0, flags=0x28, repeatCount=0, eventTime=6887505, downTime=6887505, deviceId=-1, source=0x101 }
W/ViewRootImpl( 4927): Dropping event due to no window focus: KeyEvent { action=ACTION_DOWN, keyCode=KEYCODE_DPAD_LEFT, scanCode=0, metaState=0, flags=0x8, repeatCount=0, eventTime=6887634, downTime=6887634, deviceId=-1, source=0x101 }
W/ViewRootImpl( 4927): Cancelling event due to no window focus: KeyEvent { action=ACTION_UP, keyCode=KEYCODE_DPAD_LEFT, scanCode=0, metaState=0, flags=0x28, repeatCount=0, eventTime=6887639, downTime=6887639, deviceId=-1, source=0x101 }
W/ViewRootImpl( 4927): Cancelling event due to no window focus: KeyEvent { action=ACTION_UP, keyCode=KEYCODE_DPAD_LEFT, scanCode=0, metaState=0, flags=0x28, repeatCount=0, eventTime=6887639, downTime=6887639, deviceId=-1, source=0x101 }
W/ViewRootImpl( 4927): Cancelling event due to no window focus: KeyEvent { action=ACTION_UP, keyCode=KEYCODE_DPAD_LEFT, scanCode=0, metaState=0, flags=0x28, repeatCount=0, eventTime=6887639, downTime=6887639, deviceId=-1, source=0x101 }
W/ViewRootImpl( 4927): Cancelling event due to no window focus: KeyEvent { action=ACTION_UP, keyCode=KEYCODE_DPAD_LEFT, scanCode=0, metaState=0, flags=0x28, repeatCount=0, eventTime=6887639, downTime=6887639, deviceId=-1, source=0x101 }
W/ViewRootImpl( 4927): Cancelling event due to no window focus: KeyEvent { action=ACTION_UP, keyCode=KEYCODE_DPAD_LEFT, scanCode=0, metaState=0, flags=0x28, repeatCount=0, eventTime=6887639, downTime=6887639, deviceId=-1, source=0x101 }
W/ViewRootImpl( 4927): Cancelling event due to no window focus: KeyEvent { action=ACTION_UP, keyCode=KEYCODE_DPAD_LEFT, scanCode=0, metaState=0, flags=0x28, repeatCount=0, eventTime=6887639, downTime=6887639, deviceId=-1, source=0x101 }
W/ViewRootImpl( 4927): Cancelling event due to no window focus: KeyEvent { action=ACTION_UP, keyCode=KEYCODE_DPAD_LEFT, scanCode=0, metaState=0, flags=0x28, repeatCount=0, eventTime=6887639, downTime=6887639, deviceId=-1, source=0x101 }
W/ViewRootImpl( 4927): Cancelling event due to no window focus: KeyEvent { action=ACTION_UP, keyCode=KEYCODE_DPAD_LEFT, scanCode=0, metaState=0, flags=0x28, repeatCount=0, eventTime=6887639, downTime=6887639, deviceId=-1, source=0x101 }
W/ViewRootImpl( 4927): Cancelling event due to no window focus: KeyEvent { action=ACTION_UP, keyCode=KEYCODE_DPAD_LEFT, scanCode=0, metaState=0, flags=0x28, repeatCount=0, eventTime=6887639, downTime=6887639, deviceId=-1, source=0x101 }
I/ActivityManager(  527): START u0 {act=android.intent.action.MAIN cat=[android.intent.category.LAUNCHER] flg=0x10200000 cmp=com.zzl.falcon.internal/com.squareup.leakcanary.internal.DisplayLeakActivity} from uid 0 on display 0
W/InputManager(  527): Input event injection from pid 4885 failed.
I/ActivityManager(  527): START u0 {act=android.intent.action.SHOW_BRIGHTNESS_DIALOG cmp=com.android.systemui/.settings.BrightnessDialog} from uid 1000 on display 0
I/ActivityManager(  527): START u0 {act=android.intent.action.MAIN cat=[android.intent.category.LAUNCHER] flg=0x10200000 cmp=com.zzl.falcon.internal/com.squareup.leakcanary.internal.DisplayLeakActivity} from uid 0 on display 0
I/ActivityManager(  527): START u0 {act=android.intent.action.MAIN cat=[android.intent.category.LAUNCHER] flg=0x10200000 cmp=com.zzl.falcon.internal/com.squareup.leakcanary.internal.DisplayLeakActivity} from uid 0 on display 0
I/ActivityManager(  527): START u0 {act=android.intent.action.MAIN cat=[android.intent.category.LAUNCHER] flg=0x10200000 cmp=com.zzl.falcon.internal/com.squareup.leakcanary.internal.DisplayLeakActivity} from uid 0 on display 0
I/ActivityManager(  527): START u0 {act=android.intent.action.MAIN cat=[android.intent.category.LAUNCHER] flg=0x10200000 cmp=com.zzl.falcon.internal/com.zzl.falcon.EntranceActivity} from uid 0 on display 0
W/InputManager(  527): Input event injection from pid 4885 failed.
W/InputManager(  527): Input event injection from pid 4885 failed.
W/InputManager(  527): Input event injection from pid 4885 failed.
W/InputManager(  527): Input event injection from pid 4885 failed.
W/InputManager(  527): Input event injection from pid 4885 failed.
W/InputManager(  527): Input event injection from pid 4885 failed.
W/InputManager(  527): Input event injection from pid 4885 failed.
W/InputManager(  527): Input event injection from pid 4885 failed.
W/InputManager(  527): Input event injection from pid 4885 failed.
W/InputManager(  527): Input event injection from pid 4885 failed.
W/InputManager(  527): Input event injection from pid 4885 failed.
W/InputManager(  527): Input event injection from pid 4885 failed.
W/InputManager(  527): Input event injection from pid 4885 failed.
W/InputManager(  527): Input event injection from pid 4885 failed.
W/ViewRootImpl( 4682): Dropping event due to no window focus: KeyEvent { action=ACTION_DOWN, keyCode=KEYCODE_DPAD_DOWN, scanCode=0, metaState=0, flags=0x8, repeatCount=0, eventTime=6889708, downTime=6889708, deviceId=-1, source=0x101 }
W/IntentResolver(  527): resolveIntent failed: found match, but none with CATEGORY_DEFAULT
I/ActivityManager(  527): START u0 {act=android.intent.action.MAIN cat=[android.intent.category.LAUNCHER] flg=0x10000000 sel=act=android.intent.action.MAIN cat=[android.intent.category.APP_CALCULATOR]}} from uid 1000 on display 0
--------- beginning of main
I/AppiumUnicodeIME(  672): onKeyDown (keyCode='21', event.keyCode='21', metaState='0')
I/AppiumUnicodeIME(  672): onKeyUp (keyCode='21', event.keyCode='21', metaState='0')
I/AppiumUnicodeIME(  672): onKeyDown (keyCode='21', event.keyCode='21', metaState='0')
I/AppiumUnicodeIME(  672): onKeyUp (keyCode='21', event.keyCode='21', metaState='0')
W/AudioTrack(  527): AUDIO_OUTPUT_FLAG_FAST denied by client
I/AppiumUnicodeIME(  672): onKeyDown (keyCode='22', event.keyCode='22', metaState='0')
I/AppiumUnicodeIME(  672): onKeyUp (keyCode='22', event.keyCode='22', metaState='0')
I/AppiumUnicodeIME(  672): onKeyDown (keyCode='22', event.keyCode='22', metaState='0')
I/AppiumUnicodeIME(  672): onKeyUp (keyCode='22', event.keyCode='22', metaState='0')
I/AppiumUnicodeIME(  672): onKeyDown (keyCode='22', event.keyCode='22', metaState='0')
I/AppiumUnicodeIME(  672): onKeyUp (keyCode='22', event.keyCode='22', metaState='0')
I/AppiumUnicodeIME(  672): onKeyDown (keyCode='23', event.keyCode='23', metaState='0')
I/AppiumUnicodeIME(  672): onFinishInput
I/AppiumUnicodeIME(  672): onStartInput
W/AudioTrack(  527): AUDIO_OUTPUT_FLAG_FAST denied by client
W/AudioTrack(  527): AUDIO_OUTPUT_FLAG_FAST denied by client
W/AudioTrack(  527): AUDIO_OUTPUT_FLAG_FAST denied by client
I/AppiumUnicodeIME(  672): onKeyUp (keyCode='23', event.keyCode='23', metaState='0')
I/AppiumUnicodeIME(  672): onFinishInput
I/AppiumUnicodeIME(  672): onStartInput
I/AppiumUnicodeIME(  672): onKeyDown (keyCode='82', event.keyCode='82', metaState='0')
I/AppiumUnicodeIME(  672): onKeyUp (keyCode='82', event.keyCode='82', metaState='0')
W/AudioTrack(  527): AUDIO_OUTPUT_FLAG_FAST denied by client
I/art     ( 4885): System.exit called, status: 0
I/AndroidRuntime( 4885): VM exiting with result code 0.
I/art     (  527): Explicit concurrent mark sweep GC freed 11855(594KB) AllocSpace objects, 2(32KB) LOS objects, 33% free, 12MB/18MB, paused 1.417ms total 41.512ms
I/art     ( 4682): Explicit concurrent mark sweep GC freed 68148(3MB) AllocSpace objects, 14(3MB) LOS objects, 39% free, 10MB/16MB, paused 507us total 20.425ms
I/art     ( 4682): Explicit concurrent mark sweep GC freed 13863(745KB) AllocSpace objects, 1(55KB) LOS objects, 39% free, 9MB/15MB, paused 923us total 16.743ms
I/art     ( 4682): Explicit concurrent mark sweep GC freed 174(26KB) AllocSpace objects, 0(0B) LOS objects, 39% free, 9MB/15MB, paused 1.065ms total 13.676ms
I/art     ( 4682): Explicit concurrent mark sweep GC freed 21(928B) AllocSpace objects, 0(0B) LOS objects, 40% free, 9MB/15MB, paused 472us total 12.169ms
I/art     ( 4682): Explicit concurrent mark sweep GC freed 3(96B) AllocSpace objects, 0(0B) LOS objects, 40% free, 9MB/15MB, paused 573us total 13.715ms
I/art     (  636): Explicit concurrent mark sweep GC freed 4787(235KB) AllocSpace objects, 2(612KB) LOS objects, 40% free, 9MB/16MB, paused 570us total 14.050ms
I/art     (  527): Explicit concurrent mark sweep GC freed 10045(530KB) AllocSpace objects, 6(116KB) LOS objects, 33% free, 11MB/17MB, paused 1.300ms total 29.612ms
I/art     (  636): Explicit concurrent mark sweep GC freed 3402(177KB) AllocSpace objects, 1(576KB) LOS objects, 39% free, 9MB/15MB, paused 474us total 10.499ms
I/art     (  527): Explicit concurrent mark sweep GC freed 6605(272KB) AllocSpace objects, 1(16KB) LOS objects, 33% free, 11MB/17MB, paused 876us total 17.529ms
D/awcn.DefaultHeartbeatImpl( 4682): |[seq:umeng:56aadbf567e58e38d4000976.AWCN1_1] heartbeat session:Session@[umeng:56aadbf567e58e38d4000976.AWCN1_1|http2_0rtt_open]
D/awcn.TnetSpdySession( 4682): |[seq:umeng:56aadbf567e58e38d4000976.AWCN1_1] ping host:https://umengacs.m.taobao.com thread:AWCN Scheduler1
D/awcn.TnetSpdySession( 4682): |[seq:umeng:56aadbf567e58e38d4000976.AWCN1_1] https://umengacs.m.taobao.com submit ping ms:45051 force:true
D/awcn.DefaultHeartbeatImpl( 4682): |[seq:umeng:56aadbf567e58e38d4000976.AWCN1_1] reSchedule session:Session@[umeng:56aadbf567e58e38d4000976.AWCN1_1|http2_0rtt_open] delay:45051
I/awcn.TnetSpdySession( 4682): |[seq:umeng:56aadbf567e58e38d4000976.AWCN1_1] ping receive Host:https://umengacs.m.taobao.com id:9
I/art     (  636): Explicit concurrent mark sweep GC freed 3614(188KB) AllocSpace objects, 0(0B) LOS objects, 39% free, 9MB/15MB, paused 678us total 13.232ms
I/art     (  527): Explicit concurrent mark sweep GC freed 6501(270KB) AllocSpace objects, 1(16KB) LOS objects, 33% free, 11MB/17MB, paused 449us total 22.467ms
I/art     (  636): Explicit concurrent mark sweep GC freed 3630(188KB) AllocSpace objects, 0(0B) LOS objects, 39% free, 9MB/15MB, paused 337us total 11.724ms
I/art     (  527): Explicit concurrent mark sweep GC freed 6446(255KB) AllocSpace objects, 0(0B) LOS objects, 33% free, 11MB/17MB, paused 413us total 20.218ms
I/art     (  636): Explicit concurrent mark sweep GC freed 3622(188KB) AllocSpace objects, 0(0B) LOS objects, 39% free, 9MB/15MB, paused 636us total 9.999ms
I/art     (  527): Explicit concurrent mark sweep GC freed 6329(251KB) AllocSpace objects, 0(0B) LOS objects, 33% free, 11MB/17MB, paused 944us total 18.291ms
I/art     (  636): Explicit concurrent mark sweep GC freed 3621(188KB) AllocSpace objects, 0(0B) LOS objects, 39% free, 9MB/15MB, paused 291us total 10.294ms
I/art     (  527): Explicit concurrent mark sweep GC freed 6635(282KB) AllocSpace objects, 0(0B) LOS objects, 33% free, 11MB/17MB, paused 387us total 17.875ms
I/art     (  636): Explicit concurrent mark sweep GC freed 3612(188KB) AllocSpace objects, 0(0B) LOS objects, 39% free, 9MB/15MB, paused 232us total 9.910ms
I/art     (  527): Explicit concurrent mark sweep GC freed 6436(255KB) AllocSpace objects, 0(0B) LOS objects, 33% free, 11MB/17MB, paused 695us total 18.017ms
I/art     (  636): Explicit concurrent mark sweep GC freed 3621(188KB) AllocSpace objects, 0(0B) LOS objects, 39% free, 9MB/15MB, paused 510us total 14.234ms
I/art     (  527): Explicit concurrent mark sweep GC freed 6429(255KB) AllocSpace objects, 0(0B) LOS objects, 33% free, 11MB/17MB, paused 436us total 17.793ms
I/art     (  636): Explicit concurrent mark sweep GC freed 3949(201KB) AllocSpace objects, 0(0B) LOS objects, 39% free, 9MB/15MB, paused 483us total 11.528ms
I/art     (  527): Explicit concurrent mark sweep GC freed 6458(255KB) AllocSpace objects, 0(0B) LOS objects, 33% free, 11MB/17MB, paused 895us total 17.735ms
I/art     (  636): Explicit concurrent mark sweep GC freed 3641(189KB) AllocSpace objects, 0(0B) LOS objects, 39% free, 9MB/15MB, paused 517us total 11.315ms
I/art     (  527): Explicit concurrent mark sweep GC freed 6599(263KB) AllocSpace objects, 0(0B) LOS objects, 33% free, 11MB/17MB, paused 464us total 18.144ms
I/art     (  636): Explicit concurrent mark sweep GC freed 3612(188KB) AllocSpace objects, 0(0B) LOS objects, 39% free, 9MB/15MB, paused 468us total 9.935ms
I/art     (  527): Explicit concurrent mark sweep GC freed 6433(255KB) AllocSpace objects, 0(0B) LOS objects, 33% free, 11MB/17MB, paused 1.139ms total 27.991ms
D/ZenLog  (  527): set_zen_mode: off,manualConditionExit
D/ZenLog  (  527): update_zen_mode: important_interruptions -> off
D/ZenLog  (  527): set_ringer_mode_internal: ZenModeHelper,i:normal->normal,e:silent->normal
D/ZenLog  (  527): unsubscribe: condition://android/countdown/1515832756272,ok
D/ZenLog  (  527): set_zen_mode: off,setting
D/ZenLog  (  527): exit_condition: null,null,zenOff
D/ZenLog  (  527): config: ZenModeConfig[allowCalls=false,allowMessages=false,allowFrom=anyone,allowEvents=true,sleepMode=null,sleepStart=22.0,sleepEnd=7.0,sleepNone=false,conditionComponents=null,conditionIds=null,exitCondition=null,exitConditionComponent=null]
D/ZenLog  (  527): downtime: Autotrigger skipped: not in downtime
D/NotificationService(  527): handleSavePolicyFile
D/awcn.DefaultHeartbeatImpl( 4682): |[seq:umeng:56aadbf567e58e38d4000976.AWCN1_1] heartbeat session:Session@[umeng:56aadbf567e58e38d4000976.AWCN1_1|http2_0rtt_open]
D/awcn.TnetSpdySession( 4682): |[seq:umeng:56aadbf567e58e38d4000976.AWCN1_1] ping host:https://umengacs.m.taobao.com thread:AWCN Scheduler1
D/awcn.TnetSpdySession( 4682): |[seq:umeng:56aadbf567e58e38d4000976.AWCN1_1] https://umengacs.m.taobao.com submit ping ms:45050 force:true
D/awcn.DefaultHeartbeatImpl( 4682): |[seq:umeng:56aadbf567e58e38d4000976.AWCN1_1] reSchedule session:Session@[umeng:56aadbf567e58e38d4000976.AWCN1_1|http2_0rtt_open] delay:45050
I/awcn.TnetSpdySession( 4682): |[seq:umeng:56aadbf567e58e38d4000976.AWCN1_1] ping receive Host:https://umengacs.m.taobao.com id:11
D/Genyd   (  116): Received Set Clipboard
D/Genymotion(  116): Received Set Clipboard
I/art     (  636): Explicit concurrent mark sweep GC freed 3891(198KB) AllocSpace objects, 0(0B) LOS objects, 39% free, 9MB/15MB, paused 766us total 10.659ms
I/art     (  527): Explicit concurrent mark sweep GC freed 9478(629KB) AllocSpace objects, 1(16KB) LOS objects, 33% free, 11MB/17MB, paused 908us total 20.106ms
I/art     (  636): Explicit concurrent mark sweep GC freed 3626(188KB) AllocSpace objects, 0(0B) LOS objects, 39% free, 9MB/15MB, paused 548us total 11.114ms
I/art     (  527): Explicit concurrent mark sweep GC freed 6930(278KB) AllocSpace objects, 0(0B) LOS objects, 33% free, 11MB/17MB, paused 480us total 17.831ms
I/art     (  636): Explicit concurrent mark sweep GC freed 3621(188KB) AllocSpace objects, 0(0B) LOS objects, 39% free, 9MB/15MB, paused 413us total 12.644ms
I/art     (  527): Explicit concurrent mark sweep GC freed 5947(233KB) AllocSpace objects, 0(0B) LOS objects, 33% free, 11MB/17MB, paused 907us total 23.373ms
I/art     (  636): Explicit concurrent mark sweep GC freed 3621(188KB) AllocSpace objects, 0(0B) LOS objects, 39% free, 9MB/15MB, paused 276us total 11.658ms
I/art     (  527): Explicit concurrent mark sweep GC freed 6420(254KB) AllocSpace objects, 0(0B) LOS objects, 33% free, 11MB/17MB, paused 560us total 17.686ms
D/AndroidRuntime( 5016): >>>>>> START com.android.internal.os.RuntimeInit uid 0 <<<<<<
D/AndroidRuntime( 5016): CheckJNI is OFF
E/memtrack( 5016): Couldn't load memtrack module (No such file or directory)
E/android.os.Debug( 5016): failed to load memtrack module: -2
D/AndroidRuntime( 5016): Calling main entry com.android.commands.pm.Pm
I/art     ( 5016): System.exit called, status: 0
I/AndroidRuntime( 5016): VM exiting with result code 0.
I/art     (  636): Explicit concurrent mark sweep GC freed 3622(188KB) AllocSpace objects, 0(0B) LOS objects, 39% free, 9MB/15MB, paused 574us total 10.378ms
I/art     (  527): Explicit concurrent mark sweep GC freed 6907(285KB) AllocSpace objects, 0(0B) LOS objects, 33% free, 11MB/17MB, paused 391us total 17.836ms
I/art     (  636): Explicit concurrent mark sweep GC freed 3621(188KB) AllocSpace objects, 0(0B) LOS objects, 39% free, 9MB/15MB, paused 815us total 15.893ms
D/AndroidRuntime( 5032): >>>>>> START com.android.internal.os.RuntimeInit uid 0 <<<<<<
D/AndroidRuntime( 5032): CheckJNI is OFF
E/memtrack( 5032): Couldn't load memtrack module (No such file or directory)
E/android.os.Debug( 5032): failed to load memtrack module: -2
D/AndroidRuntime( 5032): Calling main entry com.android.commands.wm.Wm
D/AndroidRuntime( 5032): Shutting down VM
I/art     (  527): Explicit concurrent mark sweep GC freed 6645(283KB) AllocSpace objects, 0(0B) LOS objects, 33% free, 11MB/17MB, paused 896us total 24.173ms
D/AndroidRuntime( 5053): >>>>>> START com.android.internal.os.RuntimeInit uid 0 <<<<<<
D/AndroidRuntime( 5053): CheckJNI is OFF
E/memtrack( 5053): Couldn't load memtrack module (No such file or directory)
E/android.os.Debug( 5053): failed to load memtrack module: -2
D/AndroidRuntime( 5053): Calling main entry com.android.commands.monkey.Monkey
W/BroadcastQueue(  527): Skipping deliver [background] BroadcastRecord{258aa809 u-1 android.net.conn.CONNECTIVITY_CHANGE} to ReceiverList{3b327a0e 5053 (unknown name)/0/u-1 remote:325345d3}: process crashing
I/ActivityManager(  527): START u0 {act=android.intent.action.MAIN cat=[android.intent.category.LAUNCHER] flg=0x10200000 cmp=com.zzl.falcon.internal/com.zzl.falcon.EntranceActivity} from uid 0 on display 0
I/AppiumUnicodeIME(  672): onKeyDown (keyCode='19', event.keyCode='19', metaState='0')
I/AppiumUnicodeIME(  672): onKeyUp (keyCode='19', event.keyCode='19', metaState='0')
I/AppiumUnicodeIME(  672): onKeyDown (keyCode='19', event.keyCode='19', metaState='0')
I/AppiumUnicodeIME(  672): onKeyUp (keyCode='19', event.keyCode='19', metaState='0')
I/AppiumUnicodeIME(  672): onKeyDown (keyCode='82', event.keyCode='82', metaState='0')
I/AppiumUnicodeIME(  672): onKeyUp (keyCode='82', event.keyCode='82', metaState='0')
W/AudioTrack(  527): AUDIO_OUTPUT_FLAG_FAST denied by client
I/AppiumUnicodeIME(  672): onKeyDown (keyCode='23', event.keyCode='23', metaState='0')
I/AppiumUnicodeIME(  672): onKeyUp (keyCode='23', event.keyCode='23', metaState='0')
D/PhoneStatusBar(  636): disable: < expand ICONS* alerts SYSTEM_INFO* back home recent clock search >
D/PhoneStatusBar(  636): disable: < expand icons* alerts system_info* back home recent clock search >
I/AppiumUnicodeIME(  672): onKeyDown (keyCode='22', event.keyCode='22', metaState='0')
I/AppiumUnicodeIME(  672): onKeyUp (keyCode='22', event.keyCode='22', metaState='0')
I/AppiumUnicodeIME(  672): onKeyDown (keyCode='22', event.keyCode='22', metaState='0')
I/AppiumUnicodeIME(  672): onKeyUp (keyCode='22', event.keyCode='22', metaState='0')
I/AppiumUnicodeIME(  672): onKeyDown (keyCode='22', event.keyCode='22', metaState='0')
W/AudioTrack(  527): AUDIO_OUTPUT_FLAG_FAST denied by client
I/AppiumUnicodeIME(  672): onKeyUp (keyCode='22', event.keyCode='22', metaState='0')
I/AppiumUnicodeIME(  672): onKeyDown (keyCode='82', event.keyCode='82', metaState='0')
I/AppiumUnicodeIME(  672): onKeyUp (keyCode='82', event.keyCode='82', metaState='0')
W/AudioTrack(  527): AUDIO_OUTPUT_FLAG_FAST denied by client
I/AppiumUnicodeIME(  672): onFinishInput
I/AppiumUnicodeIME(  672): onStartInput
I/AppiumUnicodeIME(  672): onKeyDown (keyCode='23', event.keyCode='23', metaState='0')
W/AudioTrack(  527): AUDIO_OUTPUT_FLAG_FAST denied by client
I/ActivityManager(  527): START u0 {cmp=com.zzl.falcon.internal/com.zzl.falcon.setting.CustomerServiceActivity} from uid 10068 on display 0
V/WindowManager(  527): addAppToken: AppWindowToken{2c2cbbc5 token=Token{11d8923c ActivityRecord{a826c2f u0 com.zzl.falcon.internal/com.zzl.falcon.setting.CustomerServiceActivity t45}}} to stack=1 task=45 at 1
I/AppiumUnicodeIME(  672): onKeyUp (keyCode='23', event.keyCode='23', metaState='0')
D/ForegroundCallbacks( 4682): still foreground
V/WindowManager(  527): Adding window Window{37d39c4b u0 com.zzl.falcon.internal/com.zzl.falcon.setting.CustomerServiceActivity} at 6 of 11 (after Window{5eda3b4 u0 com.zzl.falcon.internal/com.zzl.falcon.MainActivity})
E/com.umeng.message.UTrack( 4682): RegistrationId is empty
E/com.umeng.message.UTrack( 4682): RegistrationId is empty
W/EGL_emulation( 4682): eglSurfaceAttrib not implemented
W/OpenGLRenderer( 4682): Failed to set EGL_SWAP_BEHAVIOR on surface 0xddcc10c0, error=EGL_SUCCESS
W/ViewRootImpl( 4682): Cancelling event due to no window focus: KeyEvent { action=ACTION_UP, keyCode=KEYCODE_DPAD_CENTER, scanCode=0, metaState=0, flags=0x28, repeatCount=0, eventTime=6982408, downTime=6982408, deviceId=-1, source=0x101 }
W/ViewRootImpl( 4682): Cancelling event due to no window focus: KeyEvent { action=ACTION_UP, keyCode=KEYCODE_DPAD_CENTER, scanCode=0, metaState=0, flags=0x28, repeatCount=0, eventTime=6982408, downTime=6982408, deviceId=-1, source=0x101 }
W/ViewRootImpl( 4682): Cancelling event due to no window focus: KeyEvent { action=ACTION_UP, keyCode=KEYCODE_DPAD_CENTER, scanCode=0, metaState=0, flags=0x28, repeatCount=0, eventTime=6982408, downTime=6982408, deviceId=-1, source=0x101 }
W/ViewRootImpl( 4682): Cancelling event due to no window focus: KeyEvent { action=ACTION_UP, keyCode=KEYCODE_DPAD_CENTER, scanCode=0, metaState=0, flags=0x28, repeatCount=0, eventTime=6982408, downTime=6982408, deviceId=-1, source=0x101 }
W/ViewRootImpl( 4682): Cancelling event due to no window focus: KeyEvent { action=ACTION_UP, keyCode=KEYCODE_DPAD_CENTER, scanCode=0, metaState=0, flags=0x28, repeatCount=0, eventTime=6982408, downTime=6982408, deviceId=-1, source=0x101 }
W/ViewRootImpl( 4682): Cancelling event due to no window focus: KeyEvent { action=ACTION_UP, keyCode=KEYCODE_DPAD_CENTER, scanCode=0, metaState=0, flags=0x28, repeatCount=0, eventTime=6982408, downTime=6982408, deviceId=-1, source=0x101 }
W/ViewRootImpl( 4682): Cancelling event due to no window focus: KeyEvent { action=ACTION_UP, keyCode=KEYCODE_DPAD_CENTER, scanCode=0, metaState=0, flags=0x28, repeatCount=0, eventTime=6982408, downTime=6982408, deviceId=-1, source=0x101 }
W/ViewRootImpl( 4682): Cancelling event due to no window focus: KeyEvent { action=ACTION_UP, keyCode=KEYCODE_DPAD_CENTER, scanCode=0, metaState=0, flags=0x28, repeatCount=0, eventTime=6982408, downTime=6982408, deviceId=-1, source=0x101 }
W/ViewRootImpl( 4682): Cancelling event due to no window focus: KeyEvent { action=ACTION_UP, keyCode=KEYCODE_DPAD_CENTER, scanCode=0, metaState=0, flags=0x28, repeatCount=0, eventTime=6982408, downTime=6982408, deviceId=-1, source=0x101 }
W/ViewRootImpl( 4682): Dropping event due to no window focus: MotionEvent { action=ACTION_MOVE, id[0]=0, x[0]=1.0, y[0]=-2.0, toolType[0]=TOOL_TYPE_UNKNOWN, buttonState=0, metaState=0, flags=0x0, edgeFlags=0x0, pointerCount=1, historySize=9, eventTime=6982521, downTime=-1, deviceId=0, source=0x10004 }
W/ViewRootImpl( 4682): Dropping event due to no window focus: MotionEvent { action=ACTION_DOWN, id[0]=0, x[0]=0.0, y[0]=0.0, toolType[0]=TOOL_TYPE_UNKNOWN, buttonState=0, metaState=0, flags=0x0, edgeFlags=0x0, pointerCount=1, historySize=0, eventTime=6982522, downTime=6982511, deviceId=0, source=0x10004 }
W/ViewRootImpl( 4682): Cancelling event due to no window focus: MotionEvent { action=ACTION_CANCEL, id[0]=0, x[0]=0.0, y[0]=0.0, toolType[0]=TOOL_TYPE_UNKNOWN, buttonState=0, metaState=0, flags=0x0, edgeFlags=0x0, pointerCount=1, historySize=0, eventTime=6982522, downTime=6982511, deviceId=0, source=0x10004 }
W/ViewRootImpl( 4682): Cancelling event due to no window focus: MotionEvent { action=ACTION_CANCEL, id[0]=0, x[0]=0.0, y[0]=0.0, toolType[0]=TOOL_TYPE_UNKNOWN, buttonState=0, metaState=0, flags=0x0, edgeFlags=0x0, pointerCount=1, historySize=0, eventTime=6982522, downTime=6982511, deviceId=0, source=0x10004 }
W/ViewRootImpl( 4682): Cancelling event due to no window focus: MotionEvent { action=ACTION_CANCEL, id[0]=0, x[0]=0.0, y[0]=0.0, toolType[0]=TOOL_TYPE_UNKNOWN, buttonState=0, metaState=0, flags=0x0, edgeFlags=0x0, pointerCount=1, historySize=0, eventTime=6982522, downTime=6982511, deviceId=0, source=0x10004 }
W/ViewRootImpl( 4682): Cancelling event due to no window focus: MotionEvent { action=ACTION_CANCEL, id[0]=0, x[0]=0.0, y[0]=0.0, toolType[0]=TOOL_TYPE_UNKNOWN, buttonState=0, metaState=0, flags=0x0, edgeFlags=0x0, pointerCount=1, historySize=0, eventTime=6982522, downTime=6982511, deviceId=0, source=0x10004 }
W/ViewRootImpl( 4682): Cancelling event due to no window focus: MotionEvent { action=ACTION_CANCEL, id[0]=0, x[0]=0.0, y[0]=0.0, toolType[0]=TOOL_TYPE_UNKNOWN, buttonState=0, metaState=0, flags=0x0, edgeFlags=0x0, pointerCount=1, historySize=0, eventTime=6982522, downTime=6982511, deviceId=0, source=0x10004 }
W/ViewRootImpl( 4682): Cancelling event due to no window focus: MotionEvent { action=ACTION_CANCEL, id[0]=0, x[0]=0.0, y[0]=0.0, toolType[0]=TOOL_TYPE_UNKNOWN, buttonState=0, metaState=0, flags=0x0, edgeFlags=0x0, pointerCount=1, historySize=0, eventTime=6982522, downTime=6982511, deviceId=0, source=0x10004 }
W/ViewRootImpl( 4682): Cancelling event due to no window focus: MotionEvent { action=ACTION_CANCEL, id[0]=0, x[0]=0.0, y[0]=0.0, toolType[0]=TOOL_TYPE_UNKNOWN, buttonState=0, metaState=0, flags=0x0, edgeFlags=0x0, pointerCount=1, historySize=0, eventTime=6982522, downTime=6982511, deviceId=0, source=0x10004 }
I/AppiumUnicodeIME(  672): onFinishInput
I/AppiumUnicodeIME(  672): onStartInput
W/AudioTrack(  527): AUDIO_OUTPUT_FLAG_FAST denied by client
I/ActivityManager(  527): Displayed com.zzl.falcon.internal/com.zzl.falcon.setting.CustomerServiceActivity: +447ms
V/WindowManager(  527): Adding window Window{3602c172 u0 PopupWindow:33978bca} at 7 of 12 (after Window{37d39c4b u0 com.zzl.falcon.internal/com.zzl.falcon.setting.CustomerServiceActivity})
W/ViewRootImpl( 4682): Cancelling event due to no window focus: KeyEvent { action=ACTION_UP, keyCode=KEYCODE_PAGE_UP, scanCode=0, metaState=0, flags=0x28, repeatCount=0, eventTime=6982813, downTime=6982813, deviceId=-1, source=0x101 }
W/ViewRootImpl( 4682): Cancelling event due to no window focus: KeyEvent { action=ACTION_UP, keyCode=KEYCODE_PAGE_UP, scanCode=0, metaState=0, flags=0x28, repeatCount=0, eventTime=6982813, downTime=6982813, deviceId=-1, source=0x101 }
W/ViewRootImpl( 4682): Cancelling event due to no window focus: KeyEvent { action=ACTION_UP, keyCode=KEYCODE_PAGE_UP, scanCode=0, metaState=0, flags=0x28, repeatCount=0, eventTime=6982813, downTime=6982813, deviceId=-1, source=0x101 }
W/ViewRootImpl( 4682): Cancelling event due to no window focus: KeyEvent { action=ACTION_UP, keyCode=KEYCODE_PAGE_UP, scanCode=0, metaState=0, flags=0x28, repeatCount=0, eventTime=6982813, downTime=6982813, deviceId=-1, source=0x101 }
W/ViewRootImpl( 4682): Cancelling event due to no window focus: KeyEvent { action=ACTION_UP, keyCode=KEYCODE_PAGE_UP, scanCode=0, metaState=0, flags=0x28, repeatCount=0, eventTime=6982813, downTime=6982813, deviceId=-1, source=0x101 }
W/ViewRootImpl( 4682): Cancelling event due to no window focus: KeyEvent { action=ACTION_UP, keyCode=KEYCODE_PAGE_UP, scanCode=0, metaState=0, flags=0x28, repeatCount=0, eventTime=6982813, downTime=6982813, deviceId=-1, source=0x101 }
W/ViewRootImpl( 4682): Cancelling event due to no window focus: KeyEvent { action=ACTION_UP, keyCode=KEYCODE_PAGE_UP, scanCode=0, metaState=0, flags=0x28, repeatCount=0, eventTime=6982813, downTime=6982813, deviceId=-1, source=0x101 }
W/ViewRootImpl( 4682): Cancelling event due to no window focus: KeyEvent { action=ACTION_UP, keyCode=KEYCODE_PAGE_UP, scanCode=0, metaState=0, flags=0x28, repeatCount=0, eventTime=6982813, downTime=6982813, deviceId=-1, source=0x101 }
W/ViewRootImpl( 4682): Cancelling event due to no window focus: KeyEvent { action=ACTION_UP, keyCode=KEYCODE_PAGE_UP, scanCode=0, metaState=0, flags=0x28, repeatCount=0, eventTime=6982813, downTime=6982813, deviceId=-1, source=0x101 }
I/AppiumUnicodeIME(  672): onKeyDown (keyCode='20', event.keyCode='20', metaState='0')
I/AppiumUnicodeIME(  672): onKeyUp (keyCode='20', event.keyCode='20', metaState='0')
I/AppiumUnicodeIME(  672): onKeyDown (keyCode='20', event.keyCode='20', metaState='0')
I/AppiumUnicodeIME(  672): onKeyUp (keyCode='20', event.keyCode='20', metaState='0')
I/AppiumUnicodeIME(  672): onKeyDown (keyCode='20', event.keyCode='20', metaState='0')
I/AppiumUnicodeIME(  672): onKeyUp (keyCode='20', event.keyCode='20', metaState='0')
I/AppiumUnicodeIME(  672): onKeyDown (keyCode='92', event.keyCode='92', metaState='0')
I/AppiumUnicodeIME(  672): onKeyUp (keyCode='92', event.keyCode='92', metaState='0')
W/ViewRootImpl( 4682): Dropping event due to no window focus: KeyEvent { action=ACTION_DOWN, keyCode=KEYCODE_MEDIA_PREVIOUS, scanCode=0, metaState=0, flags=0x8, repeatCount=0, eventTime=6982868, downTime=6982868, deviceId=-1, source=0x101 }
W/EGL_emulation( 4682): eglSurfaceAttrib not implemented
W/OpenGLRenderer( 4682): Failed to set EGL_SWAP_BEHAVIOR on surface 0xddd3a260, error=EGL_SUCCESS
W/ViewRootImpl( 4682): Cancelling event due to no window focus: KeyEvent { action=ACTION_UP, keyCode=KEYCODE_MEDIA_PREVIOUS, scanCode=0, metaState=0, flags=0x28, repeatCount=0, eventTime=6982873, downTime=6982873, deviceId=-1, source=0x101 }
W/ViewRootImpl( 4682): Cancelling event due to no window focus: KeyEvent { action=ACTION_UP, keyCode=KEYCODE_MEDIA_PREVIOUS, scanCode=0, metaState=0, flags=0x28, repeatCount=0, eventTime=6982873, downTime=6982873, deviceId=-1, source=0x101 }
W/ViewRootImpl( 4682): Cancelling event due to no window focus: KeyEvent { action=ACTION_UP, keyCode=KEYCODE_MEDIA_PREVIOUS, scanCode=0, metaState=0, flags=0x28, repeatCount=0, eventTime=6982873, downTime=6982873, deviceId=-1, source=0x101 }
W/ViewRootImpl( 4682): Cancelling event due to no window focus: KeyEvent { action=ACTION_UP, keyCode=KEYCODE_MEDIA_PREVIOUS, scanCode=0, metaState=0, flags=0x28, repeatCount=0, eventTime=6982873, downTime=6982873, deviceId=-1, source=0x101 }
W/ViewRootImpl( 4682): Cancelling event due to no window focus: KeyEvent { action=ACTION_UP, keyCode=KEYCODE_MEDIA_PREVIOUS, scanCode=0, metaState=0, flags=0x28, repeatCount=0, eventTime=6982873, downTime=6982873, deviceId=-1, source=0x101 }
W/ViewRootImpl( 4682): Cancelling event due to no window focus: KeyEvent { action=ACTION_UP, keyCode=KEYCODE_MEDIA_PREVIOUS, scanCode=0, metaState=0, flags=0x28, repeatCount=0, eventTime=6982873, downTime=6982873, deviceId=-1, source=0x101 }
W/ViewRootImpl( 4682): Cancelling event due to no window focus: KeyEvent { action=ACTION_UP, keyCode=KEYCODE_MEDIA_PREVIOUS, scanCode=0, metaState=0, flags=0x28, repeatCount=0, eventTime=6982873, downTime=6982873, deviceId=-1, source=0x101 }
I/AppiumUnicodeIME(  672): onFinishInput
I/AppiumUnicodeIME(  672): onStartInput
I/AppiumUnicodeIME(  672): onKeyDown (keyCode='21', event.keyCode='21', metaState='0')
I/AppiumUnicodeIME(  672): onKeyDown (keyCode='21', event.keyCode='21', metaState='0')
I/AppiumUnicodeIME(  672): onKeyUp (keyCode='21', event.keyCode='21', metaState='0')
I/AppiumUnicodeIME(  672): onKeyDown (keyCode='21', event.keyCode='21', metaState='0')
I/AppiumUnicodeIME(  672): onKeyUp (keyCode='21', event.keyCode='21', metaState='0')
I/AppiumUnicodeIME(  672): onKeyDown (keyCode='21', event.keyCode='21', metaState='0')
I/AppiumUnicodeIME(  672): onKeyUp (keyCode='21', event.keyCode='21', metaState='0')
I/AppiumUnicodeIME(  672): onKeyDown (keyCode='21', event.keyCode='21', metaState='0')
I/AppiumUnicodeIME(  672): onKeyUp (keyCode='21', event.keyCode='21', metaState='0')
I/AppiumUnicodeIME(  672): onKeyDown (keyCode='20', event.keyCode='20', metaState='0')
I/AppiumUnicodeIME(  672): onKeyUp (keyCode='20', event.keyCode='20', metaState='0')
I/AppiumUnicodeIME(  672): onKeyDown (keyCode='20', event.keyCode='20', metaState='0')
I/AppiumUnicodeIME(  672): onKeyUp (keyCode='20', event.keyCode='20', metaState='0')
I/AppiumUnicodeIME(  672): onKeyDown (keyCode='22', event.keyCode='22', metaState='0')
I/AppiumUnicodeIME(  672): onKeyUp (keyCode='22', event.keyCode='22', metaState='0')
W/ViewRootImpl( 4682): Dropping event due to root view being removed: MotionEvent { action=ACTION_DOWN, id[0]=0, x[0]=154.0, y[0]=-24.0, toolType[0]=TOOL_TYPE_UNKNOWN, buttonState=0, metaState=0, flags=0x0, edgeFlags=0x0, pointerCount=1, historySize=0, eventTime=6983112, downTime=6983112, deviceId=0, source=0x1002 }
W/InputEventReceiver( 4682): Attempted to finish an input event but the input event receiver has already been disposed.
W/ViewRootImpl( 4682): Dropping event due to root view being removed: MotionEvent { action=ACTION_MOVE, id[0]=0, x[0]=220.87386, y[0]=95.06116, toolType[0]=TOOL_TYPE_UNKNOWN, buttonState=0, metaState=0, flags=0x0, edgeFlags=0x0, pointerCount=1, historySize=6, eventTime=6983115, downTime=6983112, deviceId=0, source=0x1002 }
W/InputEventReceiver( 4682): Attempted to finish an input event but the input event receiver has already been disposed.
W/ViewRootImpl( 4682): Dropping event due to root view being removed: MotionEvent { action=ACTION_UP, id[0]=0, x[0]=231.8872, y[0]=109.11365, toolType[0]=TOOL_TYPE_UNKNOWN, buttonState=0, metaState=0, flags=0x0, edgeFlags=0x0, pointerCount=1, historySize=0, eventTime=6983116, downTime=6983112, deviceId=0, source=0x1002 }
W/InputEventReceiver( 4682): Attempted to finish an input event but the input event receiver has already been disposed.
W/ViewRootImpl( 4682): Dropping event due to root view being removed: MotionEvent { action=ACTION_MOVE, id[0]=0, x[0]=-1.0, y[0]=-5.0, toolType[0]=TOOL_TYPE_UNKNOWN, buttonState=0, metaState=0, flags=0x0, edgeFlags=0x0, pointerCount=1, historySize=9, eventTime=6983130, downTime=-1, deviceId=0, source=0x10004 }
W/InputEventReceiver( 4682): Attempted to finish an input event but the input event receiver has already been disposed.
W/ViewRootImpl( 4682): Dropping event due to no window focus: KeyEvent { action=ACTION_DOWN, keyCode=KEYCODE_DPAD_CENTER, scanCode=0, metaState=0, flags=0x8, repeatCount=0, eventTime=6983131, downTime=6983131, deviceId=-1, source=0x101 }
W/ViewRootImpl( 4682): Cancelling event due to no window focus: KeyEvent { action=ACTION_UP, keyCode=KEYCODE_DPAD_CENTER, scanCode=0, metaState=0, flags=0x28, repeatCount=0, eventTime=6983226, downTime=6983226, deviceId=-1, source=0x101 }
W/ViewRootImpl( 4682): Cancelling event due to no window focus: KeyEvent { action=ACTION_UP, keyCode=KEYCODE_DPAD_CENTER, scanCode=0, metaState=0, flags=0x28, repeatCount=0, eventTime=6983226, downTime=6983226, deviceId=-1, source=0x101 }
W/ViewRootImpl( 4682): Cancelling event due to no window focus: KeyEvent { action=ACTION_UP, keyCode=KEYCODE_DPAD_CENTER, scanCode=0, metaState=0, flags=0x28, repeatCount=0, eventTime=6983226, downTime=6983226, deviceId=-1, source=0x101 }
I/AppiumUnicodeIME(  672): onKeyUp (keyCode='23', event.keyCode='23', metaState='0')
W/ViewRootImpl( 4682): Cancelling event due to no window focus: KeyEvent { action=ACTION_UP, keyCode=KEYCODE_DPAD_CENTER, scanCode=0, metaState=0, flags=0x28, repeatCount=0, eventTime=6983226, downTime=6983226, deviceId=-1, source=0x101 }
W/ViewRootImpl( 4682): Cancelling event due to no window focus: KeyEvent { action=ACTION_UP, keyCode=KEYCODE_DPAD_CENTER, scanCode=0, metaState=0, flags=0x28, repeatCount=0, eventTime=6983226, downTime=6983226, deviceId=-1, source=0x101 }
W/ViewRootImpl( 4682): Cancelling event due to no window focus: KeyEvent { action=ACTION_UP, keyCode=KEYCODE_DPAD_CENTER, scanCode=0, metaState=0, flags=0x28, repeatCount=0, eventTime=6983226, downTime=6983226, deviceId=-1, source=0x101 }
W/ViewRootImpl( 4682): Cancelling event due to no window focus: KeyEvent { action=ACTION_UP, keyCode=KEYCODE_DPAD_CENTER, scanCode=0, metaState=0, flags=0x28, repeatCount=0, eventTime=6983226, downTime=6983226, deviceId=-1, source=0x101 }
W/ViewRootImpl( 4682): Cancelling event due to no window focus: KeyEvent { action=ACTION_UP, keyCode=KEYCODE_DPAD_CENTER, scanCode=0, metaState=0, flags=0x28, repeatCount=0, eventTime=6983226, downTime=6983226, deviceId=-1, source=0x101 }
W/ViewRootImpl( 4682): Cancelling event due to no window focus: KeyEvent { action=ACTION_UP, keyCode=KEYCODE_DPAD_CENTER, scanCode=0, metaState=0, flags=0x28, repeatCount=0, eventTime=6983226, downTime=6983226, deviceId=-1, source=0x101 }
W/ViewRootImpl( 4682): Dropping event due to no window focus: KeyEvent { action=ACTION_DOWN, keyCode=KEYCODE_MENU, scanCode=0, metaState=0, flags=0x8, repeatCount=0, eventTime=6983230, downTime=6983230, deviceId=-1, source=0x101 }
W/ViewRootImpl( 4682): Cancelling event due to no window focus: KeyEvent { action=ACTION_UP, keyCode=KEYCODE_MENU, scanCode=0, metaState=0, flags=0x28, repeatCount=0, eventTime=6983232, downTime=6983232, deviceId=-1, source=0x101 }
W/ViewRootImpl( 4682): Cancelling event due to no window focus: KeyEvent { action=ACTION_UP, keyCode=KEYCODE_MENU, scanCode=0, metaState=0, flags=0x28, repeatCount=0, eventTime=6983232, downTime=6983232, deviceId=-1, source=0x101 }
W/ViewRootImpl( 4682): Cancelling event due to no window focus: KeyEvent { action=ACTION_UP, keyCode=KEYCODE_MENU, scanCode=0, metaState=0, flags=0x28, repeatCount=0, eventTime=6983232, downTime=6983232, deviceId=-1, source=0x101 }
I/AppiumUnicodeIME(  672): onKeyUp (keyCode='82', event.keyCode='82', metaState='0')
W/ViewRootImpl( 4682): Cancelling event due to no window focus: KeyEvent { action=ACTION_UP, keyCode=KEYCODE_MENU, scanCode=0, metaState=0, flags=0x28, repeatCount=0, eventTime=6983232, downTime=6983232, deviceId=-1, source=0x101 }
W/ViewRootImpl( 4682): Cancelling event due to no window focus: KeyEvent { action=ACTION_UP, keyCode=KEYCODE_MENU, scanCode=0, metaState=0, flags=0x28, repeatCount=0, eventTime=6983232, downTime=6983232, deviceId=-1, source=0x101 }
W/ViewRootImpl( 4682): Cancelling event due to no window focus: KeyEvent { action=ACTION_UP, keyCode=KEYCODE_MENU, scanCode=0, metaState=0, flags=0x28, repeatCount=0, eventTime=6983232, downTime=6983232, deviceId=-1, source=0x101 }
W/ViewRootImpl( 4682): Dropping event due to no window focus: KeyEvent { action=ACTION_DOWN, keyCode=KEYCODE_DPAD_DOWN, scanCode=0, metaState=0, flags=0x8, repeatCount=0, eventTime=6983233, downTime=6983233, deviceId=-1, source=0x101 }
I/AppiumUnicodeIME(  672): onFinishInput
I/AppiumUnicodeIME(  672): onStartInput
I/AppiumUnicodeIME(  672): onKeyUp (keyCode='20', event.keyCode='20', metaState='0')
I/ActivityManager(  527): START u0 {act=android.intent.action.MAIN cat=[android.intent.category.LAUNCHER] flg=0x10200000 cmp=com.zzl.falcon.internal/com.zzl.falcon.EntranceActivity} from uid 0 on display 0
W/AudioTrack(  527): AUDIO_OUTPUT_FLAG_FAST denied by client
V/WindowManager(  527): Adding window Window{31800240 u0 PopupWindow:30eff058} at 7 of 12 (after Window{37d39c4b u0 com.zzl.falcon.internal/com.zzl.falcon.setting.CustomerServiceActivity})
I/ActivityManager(  527): START u0 {act=android.intent.action.MAIN cat=[android.intent.category.HOME] flg=0x10200000 cmp=com.android.launcher3/.Launcher} from uid 1000 on display 0
I/ActivityManager(  527): START u0 {act=android.intent.action.MAIN cat=[android.intent.category.LAUNCHER] flg=0x10200000 cmp=com.zzl.falcon.internal/com.zzl.falcon.EntranceActivity} from uid 0 on display 0
V/WindowManager(  527): Adding window Window{f3782be u0 PopupWindow:2d7455b1} at 8 of 13 (after Window{31800240 u0 PopupWindow:30eff058})
I/AppiumUnicodeIME(  672): onKeyDown (keyCode='21', event.keyCode='21', metaState='0')
I/AppiumUnicodeIME(  672): onKeyDown (keyCode='21', event.keyCode='21', metaState='0')
I/AppiumUnicodeIME(  672): onKeyUp (keyCode='21', event.keyCode='21', metaState='0')
