D/awcn.SessionRequest( 4682): |[seq:umeng:56aadbf567e58e38d4000976.AWCN2_1] Session:Session@[umeng:56aadbf567e58e38d4000976.AWCN2_1|http2_0rtt_acs] EventType:AUTH_SUCC Event:
D/awcn.TnetSpdySession( 4682):  spdyStreamCloseCallback streamId:1
D/awcn.SessionRequest( 4682): |[seq:umeng:56aadbf567e58e38d4000976.AWCN2_1] Connect Success session:Session@[umeng:56aadbf567e58e38d4000976.AWCN2_1|http2_0rtt_acs] host:https://umengacs.m.taobao.com
D/awcn.SessionRequest( 4682):  Receive session event type:AUTH_SUCC
D/awcn.StrategyTable( 4682):  [notifyConnEvent] Host:umengacs.m.taobao.com IConnStrategy:{106.11.61.106 443 http2_0rtt_acs} ConnEvent:ConnEvent#Success
W/EGL_emulation( 4682): eglSurfaceAttrib not implemented
W/OpenGLRenderer( 4682): Failed to set EGL_SWAP_BEHAVIOR on surface 0xddc709c0, error=EGL_SUCCESS
I/accs.MsgDistributeService( 4682):  onStartCommand action:com.taobao.accs.intent.action.RECEIVE
D/accs.MsgDistribute( 4682):  action:com.taobao.accs.intent.action.RECEIVE
I/accs.MsgDistribute( 4682):  distribute command::103  serviceId::  dataId:: appkey: config:
I/AppiumUnicodeIME(  672): onKeyDown (keyCode='25', event.keyCode='25', metaState='0')
I/AppiumUnicodeIME(  672): onFinishInput
I/AppiumUnicodeIME(  672): onStartInput
I/AppiumUnicodeIME(  672): onKeyUp (keyCode='25', event.keyCode='25', metaState='0')
I/AppiumUnicodeIME(  672): onKeyDown (keyCode='23', event.keyCode='23', metaState='0')
I/AppiumUnicodeIME(  672): onKeyUp (keyCode='23', event.keyCode='23', metaState='0')
I/AppiumUnicodeIME(  672): onKeyDown (keyCode='106', event.keyCode='106', metaState='0')
I/AppiumUnicodeIME(  672): onKeyDown (keyCode='23', event.keyCode='23', metaState='0')
I/AppiumUnicodeIME(  672): onKeyUp (keyCode='106', event.keyCode='106', metaState='0')
I/AppiumUnicodeIME(  672): onKeyUp (keyCode='23', event.keyCode='23', metaState='0')
I/AppiumUnicodeIME(  672): onKeyDown (keyCode='172', event.keyCode='172', metaState='0')
I/AppiumUnicodeIME(  672): onKeyUp (keyCode='172', event.keyCode='172', metaState='0')
I/AppiumUnicodeIME(  672): onKeyDown (keyCode='20', event.keyCode='20', metaState='0')
I/AppiumUnicodeIME(  672): onKeyUp (keyCode='20', event.keyCode='20', metaState='0')
I/AppiumUnicodeIME(  672): onKeyDown (keyCode='20', event.keyCode='20', metaState='0')
I/AppiumUnicodeIME(  672): onKeyUp (keyCode='20', event.keyCode='20', metaState='0')
W/AudioTrack(  527): AUDIO_OUTPUT_FLAG_FAST denied by client
I/AppiumUnicodeIME(  672): onKeyDown (keyCode='21', event.keyCode='21', metaState='0')
I/AppiumUnicodeIME(  672): onKeyDown (keyCode='21', event.keyCode='21', metaState='0')
I/AppiumUnicodeIME(  672): onKeyUp (keyCode='21', event.keyCode='21', metaState='0')
I/AppiumUnicodeIME(  672): onKeyDown (keyCode='21', event.keyCode='21', metaState='0')
I/AppiumUnicodeIME(  672): onKeyUp (keyCode='21', event.keyCode='21', metaState='0')
I/AppiumUnicodeIME(  672): onKeyDown (keyCode='21', event.keyCode='21', metaState='0')
I/AppiumUnicodeIME(  672): onKeyUp (keyCode='21', event.keyCode='21', metaState='0')
I/AppiumUnicodeIME(  672): onKeyDown (keyCode='21', event.keyCode='21', metaState='0')
I/AppiumUnicodeIME(  672): onKeyUp (keyCode='21', event.keyCode='21', metaState='0')
I/AppiumUnicodeIME(  672): onKeyDown (keyCode='19', event.keyCode='19', metaState='0')
I/AppiumUnicodeIME(  672): onKeyUp (keyCode='19', event.keyCode='19', metaState='0')
I/AppiumUnicodeIME(  672): onKeyDown (keyCode='19', event.keyCode='19', metaState='0')
I/AppiumUnicodeIME(  672): onKeyUp (keyCode='19', event.keyCode='19', metaState='0')
I/AppiumUnicodeIME(  672): onKeyDown (keyCode='82', event.keyCode='82', metaState='0')
W/AudioTrack(  527): AUDIO_OUTPUT_FLAG_FAST denied by client
W/AudioTrack(  527): AUDIO_OUTPUT_FLAG_FAST denied by client
W/AudioTrack(  527): AUDIO_OUTPUT_FLAG_FAST denied by client
I/AppiumUnicodeIME(  672): onFinishInput
I/AppiumUnicodeIME(  672): onStartInput
W/AudioTrack(  527): AUDIO_OUTPUT_FLAG_FAST denied by client
W/AudioTrack(  527): AUDIO_OUTPUT_FLAG_FAST denied by client
I/AppiumUnicodeIME(  672): onKeyUp (keyCode='82', event.keyCode='82', metaState='0')
I/AppiumUnicodeIME(  672): onFinishInput
I/AppiumUnicodeIME(  672): onStartInput
W/AudioTrack(  527): AUDIO_OUTPUT_FLAG_FAST denied by client
I/AppiumUnicodeIME(  672): onKeyDown (keyCode='82', event.keyCode='82', metaState='0')
I/ActivityManager(  527): START u0 {act=android.intent.action.MAIN cat=[android.intent.category.HOME] flg=0x10200000 cmp=com.android.launcher3/.Launcher} from uid 1000 on display 0
I/AppiumUnicodeIME(  672): onKeyUp (keyCode='82', event.keyCode='82', metaState='0')
D/PhoneStatusBar(  636): disable: < expand ICONS* alerts SYSTEM_INFO* back home recent clock search >
I/AppiumUnicodeIME(  672): onKeyDown (keyCode='20', event.keyCode='20', metaState='0')
W/AudioTrack(  527): AUDIO_OUTPUT_FLAG_FAST denied by client
I/AppiumUnicodeIME(  672): onKeyUp (keyCode='20', event.keyCode='20', metaState='0')
W/AudioTrack(  527): AUDIO_OUTPUT_FLAG_FAST denied by client
W/EGL_emulation(  636): eglSurfaceAttrib not implemented
W/OpenGLRenderer(  636): Failed to set EGL_SWAP_BEHAVIOR on surface 0xee8c1420, error=EGL_SUCCESS
I/AppiumUnicodeIME(  672): onFinishInput
I/AppiumUnicodeIME(  672): onStartInput
W/ViewRootImpl(  636): Cancelling event due to no window focus: KeyEvent { action=ACTION_UP, keyCode=KEYCODE_DPAD_DOWN, scanCode=0, metaState=0, flags=0x28, repeatCount=0, eventTime=7339949, downTime=7339949, deviceId=-1, source=0x101 }
W/ViewRootImpl(  636): Cancelling event due to no window focus: KeyEvent { action=ACTION_UP, keyCode=KEYCODE_DPAD_DOWN, scanCode=0, metaState=0, flags=0x28, repeatCount=0, eventTime=7339949, downTime=7339949, deviceId=-1, source=0x101 }
W/ViewRootImpl(  636): Cancelling event due to no window focus: KeyEvent { action=ACTION_UP, keyCode=KEYCODE_DPAD_DOWN, scanCode=0, metaState=0, flags=0x28, repeatCount=0, eventTime=7339949, downTime=7339949, deviceId=-1, source=0x101 }
W/ViewRootImpl(  636): Cancelling event due to no window focus: KeyEvent { action=ACTION_UP, keyCode=KEYCODE_DPAD_DOWN, scanCode=0, metaState=0, flags=0x28, repeatCount=0, eventTime=7339949, downTime=7339949, deviceId=-1, source=0x101 }
W/ViewRootImpl(  636): Cancelling event due to no window focus: KeyEvent { action=ACTION_UP, keyCode=KEYCODE_DPAD_DOWN, scanCode=0, metaState=0, flags=0x28, repeatCount=0, eventTime=7339949, downTime=7339949, deviceId=-1, source=0x101 }
W/ViewRootImpl(  636): Cancelling event due to no window focus: KeyEvent { action=ACTION_UP, keyCode=KEYCODE_DPAD_DOWN, scanCode=0, metaState=0, flags=0x28, repeatCount=0, eventTime=7339949, downTime=7339949, deviceId=-1, source=0x101 }
W/ViewRootImpl(  636): Cancelling event due to no window focus: KeyEvent { action=ACTION_UP, keyCode=KEYCODE_DPAD_DOWN, scanCode=0, metaState=0, flags=0x28, repeatCount=0, eventTime=7339949, downTime=7339949, deviceId=-1, source=0x101 }
W/ViewRootImpl(  636): Cancelling event due to no window focus: KeyEvent { action=ACTION_UP, keyCode=KEYCODE_DPAD_DOWN, scanCode=0, metaState=0, flags=0x28, repeatCount=0, eventTime=7339949, downTime=7339949, deviceId=-1, source=0x101 }
W/ViewRootImpl(  636): Cancelling event due to no window focus: KeyEvent { action=ACTION_UP, keyCode=KEYCODE_DPAD_DOWN, scanCode=0, metaState=0, flags=0x28, repeatCount=0, eventTime=7339949, downTime=7339949, deviceId=-1, source=0x101 }
W/ViewRootImpl(  636): Dropping event due to no window focus: KeyEvent { action=ACTION_DOWN, keyCode=KEYCODE_TV_AUDIO_DESCRIPTION_MIX_DOWN, scanCode=0, metaState=0, flags=0x8, repeatCount=0, eventTime=7339975, downTime=7339975, deviceId=-1, source=0x101 }
W/ViewRootImpl(  636): Cancelling event due to no window focus: KeyEvent { action=ACTION_UP, keyCode=KEYCODE_TV_AUDIO_DESCRIPTION_MIX_DOWN, scanCode=0, metaState=0, flags=0x28, repeatCount=0, eventTime=7340056, downTime=7340056, deviceId=-1, source=0x101 }
W/ViewRootImpl(  636): Cancelling event due to no window focus: KeyEvent { action=ACTION_UP, keyCode=KEYCODE_TV_AUDIO_DESCRIPTION_MIX_DOWN, scanCode=0, metaState=0, flags=0x28, repeatCount=0, eventTime=7340056, downTime=7340056, deviceId=-1, source=0x101 }
W/ViewRootImpl(  636): Cancelling event due to no window focus: KeyEvent { action=ACTION_UP, keyCode=KEYCODE_TV_AUDIO_DESCRIPTION_MIX_DOWN, scanCode=0, metaState=0, flags=0x28, repeatCount=0, eventTime=7340056, downTime=7340056, deviceId=-1, source=0x101 }
W/ViewRootImpl(  636): Cancelling event due to no window focus: KeyEvent { action=ACTION_UP, keyCode=KEYCODE_TV_AUDIO_DESCRIPTION_MIX_DOWN, scanCode=0, metaState=0, flags=0x28, repeatCount=0, eventTime=7340056, downTime=7340056, deviceId=-1, source=0x101 }
W/ViewRootImpl(  636): Cancelling event due to no window focus: KeyEvent { action=ACTION_UP, keyCode=KEYCODE_TV_AUDIO_DESCRIPTION_MIX_DOWN, scanCode=0, metaState=0, flags=0x28, repeatCount=0, eventTime=7340056, downTime=7340056, deviceId=-1, source=0x101 }
W/ViewRootImpl(  636): Cancelling event due to no window focus: KeyEvent { action=ACTION_UP, keyCode=KEYCODE_TV_AUDIO_DESCRIPTION_MIX_DOWN, scanCode=0, metaState=0, flags=0x28, repeatCount=0, eventTime=7340056, downTime=7340056, deviceId=-1, source=0x101 }
W/ViewRootImpl(  636): Cancelling event due to no window focus: KeyEvent { action=ACTION_UP, keyCode=KEYCODE_TV_AUDIO_DESCRIPTION_MIX_DOWN, scanCode=0, metaState=0, flags=0x28, repeatCount=0, eventTime=7340056, downTime=7340056, deviceId=-1, source=0x101 }
W/ViewRootImpl(  636): Cancelling event due to no window focus: KeyEvent { action=ACTION_UP, keyCode=KEYCODE_TV_AUDIO_DESCRIPTION_MIX_DOWN, scanCode=0, metaState=0, flags=0x28, repeatCount=0, eventTime=7340056, downTime=7340056, deviceId=-1, source=0x101 }
W/ViewRootImpl(  636): Cancelling event due to no window focus: KeyEvent { action=ACTION_UP, keyCode=KEYCODE_TV_AUDIO_DESCRIPTION_MIX_DOWN, scanCode=0, metaState=0, flags=0x28, repeatCount=0, eventTime=7340056, downTime=7340056, deviceId=-1, source=0x101 }
D/PhoneStatusBar(  636): disable: < expand icons* alerts system_info* back home recent clock search >
W/ViewRootImpl( 4682): Dropping event due to no window focus: KeyEvent { action=ACTION_DOWN, keyCode=KEYCODE_DPAD_RIGHT, scanCode=0, metaState=0, flags=0x8, repeatCount=0, eventTime=7340077, downTime=7340077, deviceId=-1, source=0x101 }
W/EGL_emulation(  636): eglSurfaceAttrib not implemented
W/OpenGLRenderer(  636): Failed to set EGL_SWAP_BEHAVIOR on surface 0xee8c1420, error=EGL_SUCCESS
W/ViewRootImpl( 4682): Cancelling event due to no window focus: KeyEvent { action=ACTION_UP, keyCode=KEYCODE_DPAD_RIGHT, scanCode=0, metaState=0, flags=0x28, repeatCount=0, eventTime=7340115, downTime=7340115, deviceId=-1, source=0x101 }
W/ViewRootImpl( 4682): Cancelling event due to no window focus: KeyEvent { action=ACTION_UP, keyCode=KEYCODE_DPAD_RIGHT, scanCode=0, metaState=0, flags=0x28, repeatCount=0, eventTime=7340115, downTime=7340115, deviceId=-1, source=0x101 }
W/ViewRootImpl( 4682): Cancelling event due to no window focus: KeyEvent { action=ACTION_UP, keyCode=KEYCODE_DPAD_RIGHT, scanCode=0, metaState=0, flags=0x28, repeatCount=0, eventTime=7340115, downTime=7340115, deviceId=-1, source=0x101 }
I/AppiumUnicodeIME(  672): onKeyUp (keyCode='22', event.keyCode='22', metaState='0')
W/ViewRootImpl( 4682): Cancelling event due to no window focus: KeyEvent { action=ACTION_UP, keyCode=KEYCODE_DPAD_RIGHT, scanCode=0, metaState=0, flags=0x28, repeatCount=0, eventTime=7340115, downTime=7340115, deviceId=-1, source=0x101 }
W/ViewRootImpl( 4682): Cancelling event due to no window focus: KeyEvent { action=ACTION_UP, keyCode=KEYCODE_DPAD_RIGHT, scanCode=0, metaState=0, flags=0x28, repeatCount=0, eventTime=7340115, downTime=7340115, deviceId=-1, source=0x101 }
W/ViewRootImpl( 4682): Cancelling event due to no window focus: KeyEvent { action=ACTION_UP, keyCode=KEYCODE_DPAD_RIGHT, scanCode=0, metaState=0, flags=0x28, repeatCount=0, eventTime=7340115, downTime=7340115, deviceId=-1, source=0x101 }
W/ViewRootImpl( 4682): Cancelling event due to no window focus: KeyEvent { action=ACTION_UP, keyCode=KEYCODE_DPAD_RIGHT, scanCode=0, metaState=0, flags=0x28, repeatCount=0, eventTime=7340115, downTime=7340115, deviceId=-1, source=0x101 }
W/ViewRootImpl( 4682): Cancelling event due to no window focus: KeyEvent { action=ACTION_UP, keyCode=KEYCODE_DPAD_RIGHT, scanCode=0, metaState=0, flags=0x28, repeatCount=0, eventTime=7340115, downTime=7340115, deviceId=-1, source=0x101 }
W/ViewRootImpl( 4682): Cancelling event due to no window focus: KeyEvent { action=ACTION_UP, keyCode=KEYCODE_DPAD_RIGHT, scanCode=0, metaState=0, flags=0x28, repeatCount=0, eventTime=7340115, downTime=7340115, deviceId=-1, source=0x101 }
W/InputMethodManagerService(  527): Window already focused, ignoring focus gain of: com.android.internal.view.IInputMethodClient$Stub$Proxy@e5fb523 attribute=null, token = android.os.BinderProxy@1d937887
I/AppiumUnicodeIME(  672): onKeyDown (keyCode='86', event.keyCode='86', metaState='0')
I/AppiumUnicodeIME(  672): onKeyUp (keyCode='86', event.keyCode='86', metaState='0')
I/AppiumUnicodeIME(  672): onKeyDown (keyCode='83', event.keyCode='83', metaState='0')
I/AppiumUnicodeIME(  672): onKeyUp (keyCode='83', event.keyCode='83', metaState='0')
I/AppiumUnicodeIME(  672): onKeyDown (keyCode='38', event.keyCode='38', metaState='0')
I/AppiumUnicodeIME(  672): onKeyUp (keyCode='38', event.keyCode='38', metaState='0')
I/AppiumUnicodeIME(  672): onKeyDown (keyCode='23', event.keyCode='23', metaState='0')
I/AppiumUnicodeIME(  672): onKeyUp (keyCode='23', event.keyCode='23', metaState='0')
I/AppiumUnicodeIME(  672): onKeyDown (keyCode='21', event.keyCode='21', metaState='0')
W/AudioTrack(  527): AUDIO_OUTPUT_FLAG_FAST denied by client
D/OkHttp  ( 4682): --> POST http://116.236.220.210:8084/appFixation/appFixationList?page=1&rows=10&sortField=progress&sortType=asc&version=3 http/1.1
D/OkHttp  ( 4682): Content-Length: 0
D/OkHttp  ( 4682): RC-Bel-Key: bel.zhiwang.zzl
D/OkHttp  ( 4682): RC-Timestamp: 1515833145
D/OkHttp  ( 4682): RC-Nonce: 63c30939-de1b-458c-8cb7-e12850178cf5
D/OkHttp  ( 4682): RC-Signature: d62beb55b1e3dbca331b251da146cf702fb8322f
D/OkHttp  ( 4682): osType: Android
D/OkHttp  ( 4682): version: 2.4.1
D/OkHttp  ( 4682): --> END POST (0-byte body)
I/ActivityManager(  527): START u0 {cmp=com.zzl.falcon.internal/com.zzl.falcon.invest.InvestmentDetailActivity (has extras)} from uid 10068 on display 0
W/AudioTrack(  527): AUDIO_OUTPUT_FLAG_FAST denied by client
W/AudioTrack(  527): AUDIO_OUTPUT_FLAG_FAST denied by client
D/OkHttp  ( 4682): <-- 200 OK http://116.236.220.210:8084/appFixation/appFixationList?page=1&rows=10&sortField=progress&sortType=asc&version=3 (67ms)
D/OkHttp  ( 4682): Server: Apache-Coyote/1.1
D/OkHttp  ( 4682): Set-Cookie: JSESSIONID=215ED2828D39A2DAAD60135F8012A0A4; Path=/; HttpOnly
D/OkHttp  ( 4682): Content-Type: application/json;charset=utf-8
D/OkHttp  ( 4682): Content-Length: 7331
D/OkHttp  ( 4682): Date: Sat, 13 Jan 2018 08:45:45 GMT
D/OkHttp  ( 4682): {"total":"481","data":[{"matureTime":"2017-12-09 09:28:04","hasInvestAmt":5151.0000,"orderNumber":"6_0818171353171083","rateDown":6.00,"investManageRate":0.37500000,"rateUp":12.00,"limitTime":"","remainingAmount":0.0000,"rate":8.70,"left_periods":180,"onlineTime":"2017-12-06 09:28:37","periods":6,"payment":2,"id":"2c908a885df47556015df4b3b31500e0","proName":"6","prdTypeName":"","stepAmount":1000.00,"fullScaleCount":"6","expireTime":"2017-12-06 15:29:19","createTime":"2017-08-18 17:36:43","tradeStatus":3,"progress":100.00,"bgPeriodsType":1,"contractMoney":5151.0000,"realyRate":8.70,"restAmt":0.0000,"desc":""},{"matureTime":"2017-09-04 11:46:46","hasInvestAmt":38630.0000,"orderNumber":"6_0901114317175328","rateDown":6.00,"investManageRate":0.37500000,"rateUp":12.00,"limitTime":"","remainingAmount":0.0000,"rate":8.70,"left_periods":180,"onlineTime":"2017-09-01 11:45:08","periods":6,"payment":2,"id":"2c908a885e2b95bd015e3b8a5cb1212a","proName":"6","prdTypeName":"","stepAmount":1000.00,"fullScaleCount":"2","expireTime":"2017-09-01 16:11:15","createTime":"2017-09-01 11:44:37","tradeStatus":3,"progress":100.00,"bgPeriodsType":1,"contractMoney":38630.0000,"realyRate":8.70,"restAmt":0.0000,"desc":""},{"matureTime":"2017-10-13 15:01:20","hasInvestAmt":19057.0000,"orderNumber":"3_1010150146172077","rateDown":6.00,"investManageRate":0.66500000,"rateUp":12.00,"limitTime":"","remainingAmount":0.0000,"rate":5.22,"left_periods":90,"onlineTime":"2017-10-10 15:01:57","periods":3,"payment":2,"id":"2c908a885f04cd56015f0516e67f035d","proName":"3","prdTypeName":"","stepAmount":1000.00,"fullScaleCount":"2","expireTime":"2017-10-11 10:13:28","createTime":"2017-10-10 15:01:47","tradeStatus":3,"progress":100.00,"bgPeriodsType":1,"contractMoney":19057.0000,"realyRate":5.22,"restAmt":0.0000,"desc":"3"},{"matureTime":"2017-10-29 09:01:01","hasInvestAmt":1128.0000,"orderNumber":"3_1026090020170161","rateDown":6.00,"investManageRate":0.66500000,"rateUp":12.00,"limitTime":"","remainingAmount":0.0000,"rate":5.22,"left_periods":90,"onlineTime":"2017-10-26 09:01:35","periods":3,"payment":2,"id":"2c908a885f528ba5015f5631becb014f","proName":"3","prdTypeName":"","stepAmount":1000.00,"fullScaleCount":"2","expireTime":"2017-10-28 10:54:36","createTime":"2017-10-26 09:00:21","tradeStatus":3,"progress":100.00,"bgPeriodsType":1,"contractMoney":1128.0000,"realyRate":5.22,"restAmt":0.0000,"desc":"3"},{"matureTime":"2017-12-15 14:05:37","hasInvestAmt":1210.0000,"orderNumber":"3_1212140513177851","rateDown":6.00,"investManageRate":0.66500000,"rateUp":12.00,"limitTime":"","remainingAmount":0.0000,"rate":5.22,"left_periods":90,"onlineTime":"2017-12-12 14:06:10","periods":3,"payment":2,"id":"2c908a8860485426016049540245010b","proName":"3","prdTypeName":"","stepAmount":1000.00,"fullScaleCount":"2","expireTime":"2017-12-12 14:06:24","createTime":"2017-12-12 14:05:30","tradeStatus":3,"progress":100.00,"bgPeriodsType":1,"contractMoney":1210.0000,"realyRate":5.22,"restAmt":0.0000,"desc":"3"},{"matureTime":"2017-12-23 16:22:23","hasInvestAmt":4947.0000,"orderNumber":"6_1220091137173304","rateDown":6.00,"investManageRate":0.37500000,"rateUp":12.00,"limitTime":"","remainingAmount":0.0000,"rate":8.70,"left_periods":180,"onlineTime":"2017-12-20 16:22:54","p
D/OkHttp  ( 4682): ":13058.0000,"orderNumber":"_0921165625174378","rateDown":6.00,"investManageRate":0.10000000,"rateUp":12.00,"limitTime":"","remainingAmount":0.0000,"rate":10.80,"left_periods":90,"onlineTime":"2017-09-21 16:58:52","periods":3,"payment":2,"id":"402897385ea3832a015ea3a911f80022","proName":"","prdTypeName":"","stepAmount":100.00,"fullScaleCount":"2","expireTime":"2017-09-21 16:59:21","createTime":"2017-09-21 16:58:39","tradeStatus":3,"progress":100.00,"bgPeriodsType":1,"contractMoney":13058.0000,"realyRate":10.80,"restAmt":0.0000,"desc":""},{"matureTime":"2016-11-11 09:47:54","hasInvestAmt":62093.0000,"orderNumber":"2_1108094819165604","investManageRate":0E-8,"limitTime":"518400","remainingAmount":0.0000,"loanTime":"2016-11-08 11:06:14","rate":8.00,"left_periods":60,"repaymentDate":"2017-01-08","onlineTime":"2016-11-08 09:47:54","periods":2,"payment":2,"id":"2c908a82583efb010158419e9aeb0179","proName":"2","prdTypeName":"","stepAmount":100.00,"fullScaleCount":"6","expireTime":"2016-11-08 11:06:14","createTime":"2016-11-08 09:47:43","tradeStatus":1,"progress":100.00,"bgPeriodsType":1,"contractMoney":62093.0000,"realyRate":8.00,"restAmt":0.0000,"desc":"1111111"},{"matureTime":"2016-11-11 10:27:21","hasInvestAmt":88362.0000,"orderNumber":"2_1108102745166657","investManageRate":0E-8,"limitTime":"518400","remainingAmount":0.0000,"loanTime":"2016-11-08 13:36:16","rate":8.00,"left_periods":60,"repaymentDate":"2017-01-08","onlineTime":"2016-11-08 10:27:21","periods":2,"payment":2,"id":"2c908a82583efb01015841c2b8160181","proName":"2","prdTypeName":"","stepAmount":100.00,"fullScaleCount":"7","expireTime":"2016-11-08 13:36:16","createTime":"2016-11-08 10:27:09","tradeStatus":1,"progress":100.00,"bgPeriodsType":1,"contractMoney":88362.0000,"realyRate":8.00,"restAmt":0.0000,"desc":"1111111"},{"matureTime":"2016-11-12 10:05:25","hasInvestAmt":93139.0000,"orderNumber":"2_1109093130163568","investManageRate":0E-8,"limitTime":"518400","remainingAmount":0.0000,"loanTime":"2016-11-09 10:32:39","rate":8.00,"left_periods":60,"repaymentDate":"2017-01-09","onlineTime":"2016-11-09 10:05:25","periods":2,"payment":2,"id":"2c908a825846afad015846b58e940002","proName":"2","prdTypeName":"","stepAmount":100.00,"fullScaleCount":"6","expireTime":"2016-11-09 10:32:39","createTime":"2016-11-09 09:30:53","tradeStatus":1,"progress":100.00,"bgPeriodsType":1,"contractMoney":93139.0000,"realyRate":8.00,"restAmt":0.0000,"desc":"1111111"}],"responseCode":"1","info":""}
D/OkHttp  ( 4682): <-- END HTTP (7331-byte body)
V/WindowManager(  527): addAppToken: AppWindowToken{bcbed9e token=Token{323a6fd9 ActivityRecord{402fa20 u0 com.zzl.falcon.internal/com.zzl.falcon.invest.InvestmentDetailActivity t45}}} to stack=1 task=45 at 1
I/AppiumUnicodeIME(  672): onKeyUp (keyCode='21', event.keyCode='21', metaState='0')
I/InputDispatcher(  527): Dropped event because of pending overdue app switch.
W/InputManager(  527): Input event injection from pid 5251 failed.
I/AppiumUnicodeIME(  672): onFinishInput
I/AppiumUnicodeIME(  672): onStartInput
I/art     (  527): Explicit concurrent mark sweep GC freed 17203(1237KB) AllocSpace objects, 2(32KB) LOS objects, 33% free, 12MB/18MB, paused 1.612ms total 40.706ms
V/WindowManager(  527): Adding window Window{316d984c u0 com.zzl.falcon.internal/com.zzl.falcon.invest.InvestmentDetailActivity} at 6 of 11 (after Window{5eda3b4 u0 com.zzl.falcon.internal/com.zzl.falcon.MainActivity})
D/OkHttp  ( 4682): --> POST http://116.236.220.210:8084/appFixation/appFixationDetail?id=2c908a885df47556015df4b3b31500e0 http/1.1
D/OkHttp  ( 4682): Content-Length: 0
D/OkHttp  ( 4682): RC-Bel-Key: bel.zhiwang.zzl
D/OkHttp  ( 4682): RC-Timestamp: 1515833145
D/OkHttp  ( 4682): RC-Nonce: e557c022-eeea-45ca-80f0-e5cfa672ab63
D/OkHttp  ( 4682): RC-Signature: 01652e881283785bfffe8a1845a73262480858b2
D/OkHttp  ( 4682): osType: Android
D/OkHttp  ( 4682): version: 2.4.1
D/OkHttp  ( 4682): --> END POST (0-byte body)
D/ForegroundCallbacks( 4682): still foreground
V/WindowManager(  527): Adding window Window{3f8545aa u0 com.zzl.falcon.internal/com.zzl.falcon.invest.InvestmentDetailActivity} at 6 of 12 (before Window{316d984c u0 com.zzl.falcon.internal/com.zzl.falcon.invest.InvestmentDetailActivity})
W/ViewRootImpl( 4682): Cancelling event due to no window focus: KeyEvent { action=ACTION_UP, keyCode=KEYCODE_DPAD_CENTER, scanCode=0, metaState=0, flags=0x28, repeatCount=0, eventTime=7340397, downTime=7340397, deviceId=-1, source=0x101 }
W/ViewRootImpl( 4682): Cancelling event due to no window focus: KeyEvent { action=ACTION_UP, keyCode=KEYCODE_DPAD_CENTER, scanCode=0, metaState=0, flags=0x28, repeatCount=0, eventTime=7340397, downTime=7340397, deviceId=-1, source=0x101 }
W/ViewRootImpl( 4682): Cancelling event due to no window focus: KeyEvent { action=ACTION_UP, keyCode=KEYCODE_DPAD_CENTER, scanCode=0, metaState=0, flags=0x28, repeatCount=0, eventTime=7340397, downTime=7340397, deviceId=-1, source=0x101 }
W/ViewRootImpl( 4682): Cancelling event due to no window focus: KeyEvent { action=ACTION_UP, keyCode=KEYCODE_DPAD_CENTER, scanCode=0, metaState=0, flags=0x28, repeatCount=0, eventTime=7340397, downTime=7340397, deviceId=-1, source=0x101 }
W/ViewRootImpl( 4682): Cancelling event due to no window focus: KeyEvent { action=ACTION_UP, keyCode=KEYCODE_DPAD_CENTER, scanCode=0, metaState=0, flags=0x28, repeatCount=0, eventTime=7340397, downTime=7340397, deviceId=-1, source=0x101 }
W/ViewRootImpl( 4682): Cancelling event due to no window focus: KeyEvent { action=ACTION_UP, keyCode=KEYCODE_DPAD_CENTER, scanCode=0, metaState=0, flags=0x28, repeatCount=0, eventTime=7340397, downTime=7340397, deviceId=-1, source=0x101 }
W/ViewRootImpl( 4682): Cancelling event due to no window focus: KeyEvent { action=ACTION_UP, keyCode=KEYCODE_DPAD_CENTER, scanCode=0, metaState=0, flags=0x28, repeatCount=0, eventTime=7340397, downTime=7340397, deviceId=-1, source=0x101 }
W/ViewRootImpl( 4682): Cancelling event due to no window focus: KeyEvent { action=ACTION_UP, keyCode=KEYCODE_DPAD_CENTER, scanCode=0, metaState=0, flags=0x28, repeatCount=0, eventTime=7340397, downTime=7340397, deviceId=-1, source=0x101 }
W/ViewRootImpl( 4682): Cancelling event due to no window focus: KeyEvent { action=ACTION_UP, keyCode=KEYCODE_DPAD_CENTER, scanCode=0, metaState=0, flags=0x28, repeatCount=0, eventTime=7340397, downTime=7340397, deviceId=-1, source=0x101 }
W/ViewRootImpl( 4682): Dropping event due to no window focus: KeyEvent { action=ACTION_DOWN, keyCode=KEYCODE_DPAD_LEFT, scanCode=0, metaState=0, flags=0x8, repeatCount=0, eventTime=7340542, downTime=7340542, deviceId=-1, source=0x101 }
D/OkHttp  ( 4682): <-- 200 OK http://116.236.220.210:8084/appFixation/appFixationDetail?id=2c908a885df47556015df4b3b31500e0 (32ms)
D/OkHttp  ( 4682): Server: Apache-Coyote/1.1
D/OkHttp  ( 4682): Set-Cookie: JSESSIONID=E238D88FEF1E0E1ADF46919E5B2E40CB; Path=/; HttpOnly
D/OkHttp  ( 4682): Content-Type: application/json;charset=utf-8
D/OkHttp  ( 4682): Content-Length: 1109
D/OkHttp  ( 4682): Date: Sat, 13 Jan 2018 08:45:45 GMT
D/OkHttp  ( 4682): {"data":{"matureTime":"2017-12-09 09:28:37","hasInvestAmt":5151.0000,"orderNumber":"6_0818171353171083","rateDown":6.00,"investManageRate":0.37500000,"interestTotal":"0.00","rateUp":12.00,"limitTime":"","remainingAmount":0,"rate":8.70,"left_periods":180,"onlineTime":"2017-12-06 09:28:37","periods":6,"payment":2,"id":"2c908a885df47556015df4b3b31500e0","proName":"6","remainingRate":8.7,"prdTypeName":"","advanceQuitMethod":" ","guaranteeModel":"100%","stepAmount":1000.00,"fullScaleCount":"6","expireTime":"2017-12-06 15:29:19","createTime":"2017-08-18 17:36:43","tradeStatus":3,"progress":100.00,"bgPeriodsType":1,"contractMoney":5151.0000,"realyRate":8.70,"restAmt":0.0000,"desc":""},"responseCode":"1","info":""}
D/OkHttp  ( 4682): <-- END HTTP (1109-byte body)
W/EGL_emulation( 4682): eglSurfaceAttrib not implemented
W/OpenGLRenderer( 4682): Failed to set EGL_SWAP_BEHAVIOR on surface 0xded59900, error=EGL_SUCCESS
W/EGL_emulation( 4682): eglSurfaceAttrib not implemented
W/OpenGLRenderer( 4682): Failed to set EGL_SWAP_BEHAVIOR on surface 0xded59920, error=EGL_SUCCESS
W/ViewRootImpl( 4682): Cancelling event due to no window focus: KeyEvent { action=ACTION_UP, keyCode=KEYCODE_DPAD_LEFT, scanCode=0, metaState=0, flags=0x28, repeatCount=0, eventTime=7340563, downTime=7340563, deviceId=-1, source=0x101 }
W/ViewRootImpl( 4682): Cancelling event due to no window focus: KeyEvent { action=ACTION_UP, keyCode=KEYCODE_DPAD_LEFT, scanCode=0, metaState=0, flags=0x28, repeatCount=0, eventTime=7340563, downTime=7340563, deviceId=-1, source=0x101 }
W/ViewRootImpl( 4682): Cancelling event due to no window focus: KeyEvent { action=ACTION_UP, keyCode=KEYCODE_DPAD_LEFT, scanCode=0, metaState=0, flags=0x28, repeatCount=0, eventTime=7340563, downTime=7340563, deviceId=-1, source=0x101 }
W/ViewRootImpl( 4682): Cancelling event due to no window focus: KeyEvent { action=ACTION_UP, keyCode=KEYCODE_DPAD_LEFT, scanCode=0, metaState=0, flags=0x28, repeatCount=0, eventTime=7340563, downTime=7340563, deviceId=-1, source=0x101 }
W/ViewRootImpl( 4682): Cancelling event due to no window focus: KeyEvent { action=ACTION_UP, keyCode=KEYCODE_DPAD_LEFT, scanCode=0, metaState=0, flags=0x28, repeatCount=0, eventTime=7340563, downTime=7340563, deviceId=-1, source=0x101 }
W/ViewRootImpl( 4682): Cancelling event due to no window focus: KeyEvent { action=ACTION_UP, keyCode=KEYCODE_DPAD_LEFT, scanCode=0, metaState=0, flags=0x28, repeatCount=0, eventTime=7340563, downTime=7340563, deviceId=-1, source=0x101 }
W/ViewRootImpl( 4682): Cancelling event due to no window focus: KeyEvent { action=ACTION_UP, keyCode=KEYCODE_DPAD_LEFT, scanCode=0, metaState=0, flags=0x28, repeatCount=0, eventTime=7340563, downTime=7340563, deviceId=-1, source=0x101 }
W/ViewRootImpl( 4682): Cancelling event due to no window focus: KeyEvent { action=ACTION_UP, keyCode=KEYCODE_DPAD_LEFT, scanCode=0, metaState=0, flags=0x28, repeatCount=0, eventTime=7340563, downTime=7340563, deviceId=-1, source=0x101 }
W/ViewRootImpl( 4682): Cancelling event due to no window focus: KeyEvent { action=ACTION_UP, keyCode=KEYCODE_DPAD_LEFT, scanCode=0, metaState=0, flags=0x28, repeatCount=0, eventTime=7340563, downTime=7340563, deviceId=-1, source=0x101 }
E/com.umeng.message.UTrack( 4682): RegistrationId is empty
E/com.umeng.message.UTrack( 4682): RegistrationId is empty
I/ActivityManager(  527): Displayed com.zzl.falcon.internal/com.zzl.falcon.invest.InvestmentDetailActivity: +538ms
W/ViewRootImpl( 4682): Dropping event due to no window focus: KeyEvent { action=ACTION_DOWN, keyCode=KEYCODE_TV_INPUT_COMPONENT_2, scanCode=0, metaState=0, flags=0x8, repeatCount=0, eventTime=7341286, downTime=7341286, deviceId=-1, source=0x101 }
W/ViewRootImpl( 4682): Cancelling event due to no window focus: KeyEvent { action=ACTION_UP, keyCode=KEYCODE_TV_INPUT_COMPONENT_2, scanCode=0, metaState=0, flags=0x28, repeatCount=0, eventTime=7341298, downTime=7341298, deviceId=-1, source=0x101 }
W/ViewRootImpl( 4682): Cancelling event due to no window focus: KeyEvent { action=ACTION_UP, keyCode=KEYCODE_TV_INPUT_COMPONENT_2, scanCode=0, metaState=0, flags=0x28, repeatCount=0, eventTime=7341298, downTime=7341298, deviceId=-1, source=0x101 }
W/ViewRootImpl( 4682): Cancelling event due to no window focus: KeyEvent { action=ACTION_UP, keyCode=KEYCODE_TV_INPUT_COMPONENT_2, scanCode=0, metaState=0, flags=0x28, repeatCount=0, eventTime=7341298, downTime=7341298, deviceId=-1, source=0x101 }
W/ViewRootImpl( 4682): Cancelling event due to no window focus: KeyEvent { action=ACTION_UP, keyCode=KEYCODE_TV_INPUT_COMPONENT_2, scanCode=0, metaState=0, flags=0x28, repeatCount=0, eventTime=7341298, downTime=7341298, deviceId=-1, source=0x101 }
W/ViewRootImpl( 4682): Cancelling event due to no window focus: KeyEvent { action=ACTION_UP, keyCode=KEYCODE_TV_INPUT_COMPONENT_2, scanCode=0, metaState=0, flags=0x28, repeatCount=0, eventTime=7341298, downTime=7341298, deviceId=-1, source=0x101 }
W/ViewRootImpl( 4682): Cancelling event due to no window focus: KeyEvent { action=ACTION_UP, keyCode=KEYCODE_TV_INPUT_COMPONENT_2, scanCode=0, metaState=0, flags=0x28, repeatCount=0, eventTime=7341298, downTime=7341298, deviceId=-1, source=0x101 }
W/ViewRootImpl( 4682): Cancelling event due to no window focus: KeyEvent { action=ACTION_UP, keyCode=KEYCODE_TV_INPUT_COMPONENT_2, scanCode=0, metaState=0, flags=0x28, repeatCount=0, eventTime=7341298, downTime=7341298, deviceId=-1, source=0x101 }
W/ViewRootImpl( 4682): Cancelling event due to no window focus: KeyEvent { action=ACTION_UP, keyCode=KEYCODE_TV_INPUT_COMPONENT_2, scanCode=0, metaState=0, flags=0x28, repeatCount=0, eventTime=7341298, downTime=7341298, deviceId=-1, source=0x101 }
W/ViewRootImpl( 4682): Cancelling event due to no window focus: KeyEvent { action=ACTION_UP, keyCode=KEYCODE_TV_INPUT_COMPONENT_2, scanCode=0, metaState=0, flags=0x28, repeatCount=0, eventTime=7341298, downTime=7341298, deviceId=-1, source=0x101 }
W/ViewRootImpl( 4682): Dropping event due to no window focus: KeyEvent { action=ACTION_DOWN, keyCode=KEYCODE_DPAD_RIGHT, scanCode=0, metaState=0, flags=0x8, repeatCount=0, eventTime=7341305, downTime=7341305, deviceId=-1, source=0x101 }
I/AppiumUnicodeIME(  672): onFinishInput
I/AppiumUnicodeIME(  672): onStartInput
I/AppiumUnicodeIME(  672): onKeyUp (keyCode='22', event.keyCode='22', metaState='0')
I/AppiumUnicodeIME(  672): onKeyDown (keyCode='23', event.keyCode='23', metaState='0')
I/AppiumUnicodeIME(  672): onKeyUp (keyCode='23', event.keyCode='23', metaState='0')
I/AppiumUnicodeIME(  672): onKeyDown (keyCode='19', event.keyCode='19', metaState='0')
I/AppiumUnicodeIME(  672): onKeyUp (keyCode='19', event.keyCode='19', metaState='0')
I/AppiumUnicodeIME(  672): onKeyDown (keyCode='253', event.keyCode='253', metaState='0')
I/AppiumUnicodeIME(  672): onKeyUp (keyCode='253', event.keyCode='253', metaState='0')
I/AppiumUnicodeIME(  672): onKeyDown (keyCode='23', event.keyCode='23', metaState='0')
I/AppiumUnicodeIME(  672): onKeyUp (keyCode='23', event.keyCode='23', metaState='0')
D/PhoneStatusBar(  636): disable: < expand ICONS* alerts SYSTEM_INFO* back home recent clock search >
I/AppiumUnicodeIME(  672): onKeyDown (keyCode='46', event.keyCode='46', metaState='0')
D/PhoneStatusBar(  636): disable: < expand icons* alerts system_info* back home recent clock search >
I/AppiumUnicodeIME(  672): onKeyUp (keyCode='46', event.keyCode='46', metaState='0')
D/PhoneStatusBar(  636): disable: < expand ICONS* alerts SYSTEM_INFO* back home recent clock search >
W/ViewRootImpl( 4682): Dropping event due to no window focus: KeyEvent { action=ACTION_DOWN, keyCode=KEYCODE_DPAD_LEFT, scanCode=0, metaState=0, flags=0x400, repeatCount=0, eventTime=7341548, downTime=7341548, deviceId=-1, source=0x101 }
W/ViewRootImpl( 4682): Cancelling event due to no window focus: KeyEvent { action=ACTION_UP, keyCode=KEYCODE_DPAD_LEFT, scanCode=0, metaState=0, flags=0x420, repeatCount=0, eventTime=7341548, downTime=7341548, deviceId=-1, source=0x101 }
W/ViewRootImpl( 4682): Cancelling event due to no window focus: KeyEvent { action=ACTION_UP, keyCode=KEYCODE_DPAD_LEFT, scanCode=0, metaState=0, flags=0x420, repeatCount=0, eventTime=7341548, downTime=7341548, deviceId=-1, source=0x101 }
W/ViewRootImpl( 4682): Cancelling event due to no window focus: KeyEvent { action=ACTION_UP, keyCode=KEYCODE_DPAD_LEFT, scanCode=0, metaState=0, flags=0x420, repeatCount=0, eventTime=7341548, downTime=7341548, deviceId=-1, source=0x101 }
W/ViewRootImpl( 4682): Dropping event due to no window focus: KeyEvent { action=ACTION_DOWN, keyCode=KEYCODE_DPAD_LEFT, scanCode=0, metaState=0, flags=0x400, repeatCount=0, eventTime=7341548, downTime=7341548, deviceId=-1, source=0x101 }
W/ViewRootImpl( 4682): Cancelling event due to no window focus: KeyEvent { action=ACTION_UP, keyCode=KEYCODE_DPAD_LEFT, scanCode=0, metaState=0, flags=0x420, repeatCount=0, eventTime=7341548, downTime=7341548, deviceId=-1, source=0x101 }
W/ViewRootImpl( 4682): Cancelling event due to no window focus: KeyEvent { action=ACTION_UP, keyCode=KEYCODE_DPAD_LEFT, scanCode=0, metaState=0, flags=0x420, repeatCount=0, eventTime=7341548, downTime=7341548, deviceId=-1, source=0x101 }
W/ViewRootImpl( 4682): Cancelling event due to no window focus: KeyEvent { action=ACTION_UP, keyCode=KEYCODE_DPAD_LEFT, scanCode=0, metaState=0, flags=0x420, repeatCount=0, eventTime=7341548, downTime=7341548, deviceId=-1, source=0x101 }
W/ViewRootImpl( 4682): Dropping event due to no window focus: KeyEvent { action=ACTION_DOWN, keyCode=KEYCODE_DPAD_LEFT, scanCode=0, metaState=0, flags=0x400, repeatCount=0, eventTime=7341548, downTime=7341548, deviceId=-1, source=0x101 }
W/ViewRootImpl( 4682): Cancelling event due to no window focus: KeyEvent { action=ACTION_UP, keyCode=KEYCODE_DPAD_LEFT, scanCode=0, metaState=0, flags=0x420, repeatCount=0, eventTime=7341548, downTime=7341548, deviceId=-1, source=0x101 }
W/ViewRootImpl( 4682): Cancelling event due to no window focus: KeyEvent { action=ACTION_UP, keyCode=KEYCODE_DPAD_LEFT, scanCode=0, metaState=0, flags=0x420, repeatCount=0, eventTime=7341548, downTime=7341548, deviceId=-1, source=0x101 }
W/ViewRootImpl( 4682): Cancelling event due to no window focus: KeyEvent { action=ACTION_UP, keyCode=KEYCODE_DPAD_LEFT, scanCode=0, metaState=0, flags=0x420, repeatCount=0, eventTime=7341548, downTime=7341548, deviceId=-1, source=0x101 }
I/AppiumUnicodeIME(  672): onKeyUp (keyCode='21', event.keyCode='21', metaState='0')
I/AppiumUnicodeIME(  672): onKeyUp (keyCode='21', event.keyCode='21', metaState='0')
I/AppiumUnicodeIME(  672): onKeyUp (keyCode='21', event.keyCode='21', metaState='0')
W/ViewRootImpl( 4682): Cancelling event due to no window focus: KeyEvent { action=ACTION_UP, keyCode=KEYCODE_DPAD_LEFT, scanCode=0, metaState=0, flags=0x420, repeatCount=0, eventTime=7341548, downTime=7341548, deviceId=-1, source=0x101 }
W/ViewRootImpl( 4682): Cancelling event due to no window focus: KeyEvent { action=ACTION_UP, keyCode=KEYCODE_DPAD_LEFT, scanCode=0, metaState=0, flags=0x420, repeatCount=0, eventTime=7341548, downTime=7341548, deviceId=-1, source=0x101 }
W/ViewRootImpl( 4682): Cancelling event due to no window focus: KeyEvent { action=ACTION_UP, keyCode=KEYCODE_DPAD_LEFT, scanCode=0, metaState=0, flags=0x420, repeatCount=0, eventTime=7341548, downTime=7341548, deviceId=-1, source=0x101 }
W/ViewRootImpl( 4682): Cancelling event due to no window focus: KeyEvent { action=ACTION_UP, keyCode=KEYCODE_DPAD_LEFT, scanCode=0, metaState=0, flags=0x420, repeatCount=0, eventTime=7341548, downTime=7341548, deviceId=-1, source=0x101 }
W/ViewRootImpl( 4682): Cancelling event due to no window focus: KeyEvent { action=ACTION_UP, keyCode=KEYCODE_DPAD_LEFT, scanCode=0, metaState=0, flags=0x420, repeatCount=0, eventTime=7341548, downTime=7341548, deviceId=-1, source=0x101 }
W/ViewRootImpl( 4682): Cancelling event due to no window focus: KeyEvent { action=ACTION_UP, keyCode=KEYCODE_DPAD_LEFT, scanCode=0, metaState=0, flags=0x420, repeatCount=0, eventTime=7341548, downTime=7341548, deviceId=-1, source=0x101 }
W/ViewRootImpl( 4682): Cancelling event due to no window focus: KeyEvent { action=ACTION_UP, keyCode=KEYCODE_DPAD_LEFT, scanCode=0, metaState=0, flags=0x420, repeatCount=0, eventTime=7341548, downTime=7341548, deviceId=-1, source=0x101 }
W/ViewRootImpl( 4682): Cancelling event due to no window focus: KeyEvent { action=ACTION_UP, keyCode=KEYCODE_DPAD_LEFT, scanCode=0, metaState=0, flags=0x420, repeatCount=0, eventTime=7341548, downTime=7341548, deviceId=-1, source=0x101 }
W/ViewRootImpl( 4682): Cancelling event due to no window focus: KeyEvent { action=ACTION_UP, keyCode=KEYCODE_DPAD_LEFT, scanCode=0, metaState=0, flags=0x420, repeatCount=0, eventTime=7341548, downTime=7341548, deviceId=-1, source=0x101 }
W/ViewRootImpl( 4682): Cancelling event due to no window focus: KeyEvent { action=ACTION_UP, keyCode=KEYCODE_DPAD_LEFT, scanCode=0, metaState=0, flags=0x420, repeatCount=0, eventTime=7341548, downTime=7341548, deviceId=-1, source=0x101 }
W/ViewRootImpl( 4682): Cancelling event due to no window focus: KeyEvent { action=ACTION_UP, keyCode=KEYCODE_DPAD_LEFT, scanCode=0, metaState=0, flags=0x420, repeatCount=0, eventTime=7341548, downTime=7341548, deviceId=-1, source=0x101 }
W/ViewRootImpl( 4682): Cancelling event due to no window focus: KeyEvent { action=ACTION_UP, keyCode=KEYCODE_DPAD_LEFT, scanCode=0, metaState=0, flags=0x420, repeatCount=0, eventTime=7341548, downTime=7341548, deviceId=-1, source=0x101 }
W/ViewRootImpl( 4682): Cancelling event due to no window focus: KeyEvent { action=ACTION_UP, keyCode=KEYCODE_DPAD_LEFT, scanCode=0, metaState=0, flags=0x420, repeatCount=0, eventTime=7341548, downTime=7341548, deviceId=-1, source=0x101 }
W/ViewRootImpl( 4682): Cancelling event due to no window focus: KeyEvent { action=ACTION_UP, keyCode=KEYCODE_DPAD_LEFT, scanCode=0, metaState=0, flags=0x420, repeatCount=0, eventTime=7341548, downTime=7341548, deviceId=-1, source=0x101 }
W/ViewRootImpl( 4682): Cancelling event due to no window focus: KeyEvent { action=ACTION_UP, keyCode=KEYCODE_DPAD_LEFT, scanCode=0, metaState=0, flags=0x420, repeatCount=0, eventTime=7341548, downTime=7341548, deviceId=-1, source=0x101 }
W/ViewRootImpl( 4682): Cancelling event due to no window focus: KeyEvent { action=ACTION_UP, keyCode=KEYCODE_DPAD_LEFT, scanCode=0, metaState=0, flags=0x420, repeatCount=0, eventTime=7341548, downTime=7341548, deviceId=-1, source=0x101 }
W/ViewRootImpl( 4682): Cancelling event due to no window focus: KeyEvent { action=ACTION_UP, keyCode=KEYCODE_DPAD_LEFT, scanCode=0, metaState=0, flags=0x420, repeatCount=0, eventTime=7341548, downTime=7341548, deviceId=-1, source=0x101 }
W/ViewRootImpl( 4682): Cancelling event due to no window focus: KeyEvent { action=ACTION_UP, keyCode=KEYCODE_DPAD_LEFT, scanCode=0, metaState=0, flags=0x420, repeatCount=0, eventTime=7341548, downTime=7341548, deviceId=-1, source=0x101 }
W/EGL_emulation(  636): eglSurfaceAttrib not implemented
W/OpenGLRenderer(  636): Failed to set EGL_SWAP_BEHAVIOR on surface 0xee8c1420, error=EGL_SUCCESS
W/ViewRootImpl(  636): Dropping event due to no window focus: KeyEvent { action=ACTION_DOWN, keyCode=KEYCODE_MENU, scanCode=0, metaState=0, flags=0x8, repeatCount=0, eventTime=7341465, downTime=7341465, deviceId=-1, source=0x101 }
W/ViewRootImpl(  636): Cancelling event due to no window focus: KeyEvent { action=ACTION_UP, keyCode=KEYCODE_MENU, scanCode=0, metaState=0, flags=0x28, repeatCount=0, eventTime=7341543, downTime=7341543, deviceId=-1, source=0x101 }
W/ViewRootImpl(  636): Cancelling event due to no window focus: KeyEvent { action=ACTION_UP, keyCode=KEYCODE_MENU, scanCode=0, metaState=0, flags=0x28, repeatCount=0, eventTime=7341543, downTime=7341543, deviceId=-1, source=0x101 }
W/ViewRootImpl(  636): Cancelling event due to no window focus: KeyEvent { action=ACTION_UP, keyCode=KEYCODE_MENU, scanCode=0, metaState=0, flags=0x28, repeatCount=0, eventTime=7341543, downTime=7341543, deviceId=-1, source=0x101 }
W/ViewRootImpl(  636): Cancelling event due to no window focus: KeyEvent { action=ACTION_UP, keyCode=KEYCODE_MENU, scanCode=0, metaState=0, flags=0x28, repeatCount=0, eventTime=7341543, downTime=7341543, deviceId=-1, source=0x101 }
W/ViewRootImpl(  636): Cancelling event due to no window focus: KeyEvent { action=ACTION_UP, keyCode=KEYCODE_MENU, scanCode=0, metaState=0, flags=0x28, repeatCount=0, eventTime=7341543, downTime=7341543, deviceId=-1, source=0x101 }
W/ViewRootImpl(  636): Cancelling event due to no window focus: KeyEvent { action=ACTION_UP, keyCode=KEYCODE_MENU, scanCode=0, metaState=0, flags=0x28, repeatCount=0, eventTime=7341543, downTime=7341543, deviceId=-1, source=0x101 }
W/ViewRootImpl(  636): Cancelling event due to no window focus: KeyEvent { action=ACTION_UP, keyCode=KEYCODE_MENU, scanCode=0, metaState=0, flags=0x28, repeatCount=0, eventTime=7341543, downTime=7341543, deviceId=-1, source=0x101 }
W/ViewRootImpl(  636): Cancelling event due to no window focus: KeyEvent { action=ACTION_UP, keyCode=KEYCODE_MENU, scanCode=0, metaState=0, flags=0x28, repeatCount=0, eventTime=7341543, downTime=7341543, deviceId=-1, source=0x101 }
W/ViewRootImpl(  636): Cancelling event due to no window focus: KeyEvent { action=ACTION_UP, keyCode=KEYCODE_MENU, scanCode=0, metaState=0, flags=0x28, repeatCount=0, eventTime=7341543, downTime=7341543, deviceId=-1, source=0x101 }
W/ViewRootImpl(  636): Dropping event due to no window focus: KeyEvent { action=ACTION_DOWN, keyCode=KEYCODE_DPAD_UP, scanCode=0, metaState=0, flags=0x8, repeatCount=0, eventTime=7341656, downTime=7341656, deviceId=-1, source=0x101 }
W/ViewRootImpl(  636): Cancelling event due to no window focus: KeyEvent { action=ACTION_UP, keyCode=KEYCODE_DPAD_UP, scanCode=0, metaState=0, flags=0x28, repeatCount=0, eventTime=7341660, downTime=7341660, deviceId=-1, source=0x101 }
W/ViewRootImpl(  636): Cancelling event due to no window focus: KeyEvent { action=ACTION_UP, keyCode=KEYCODE_DPAD_UP, scanCode=0, metaState=0, flags=0x28, repeatCount=0, eventTime=7341660, downTime=7341660, deviceId=-1, source=0x101 }
W/ViewRootImpl(  636): Cancelling event due to no window focus: KeyEvent { action=ACTION_UP, keyCode=KEYCODE_DPAD_UP, scanCode=0, metaState=0, flags=0x28, repeatCount=0, eventTime=7341660, downTime=7341660, deviceId=-1, source=0x101 }
W/ViewRootImpl(  636): Cancelling event due to no window focus: KeyEvent { action=ACTION_UP, keyCode=KEYCODE_DPAD_UP, scanCode=0, metaState=0, flags=0x28, repeatCount=0, eventTime=7341660, downTime=7341660, deviceId=-1, source=0x101 }
W/ViewRootImpl(  636): Cancelling event due to no window focus: KeyEvent { action=ACTION_UP, keyCode=KEYCODE_DPAD_UP, scanCode=0, metaState=0, flags=0x28, repeatCount=0, eventTime=7341660, downTime=7341660, deviceId=-1, source=0x101 }
W/ViewRootImpl(  636): Cancelling event due to no window focus: KeyEvent { action=ACTION_UP, keyCode=KEYCODE_DPAD_UP, scanCode=0, metaState=0, flags=0x28, repeatCount=0, eventTime=7341660, downTime=7341660, deviceId=-1, source=0x101 }
W/ViewRootImpl(  636): Cancelling event due to no window focus: KeyEvent { action=ACTION_UP, keyCode=KEYCODE_DPAD_UP, scanCode=0, metaState=0, flags=0x28, repeatCount=0, eventTime=7341660, downTime=7341660, deviceId=-1, source=0x101 }
W/ViewRootImpl(  636): Cancelling event due to no window focus: KeyEvent { action=ACTION_UP, keyCode=KEYCODE_DPAD_UP, scanCode=0, metaState=0, flags=0x28, repeatCount=0, eventTime=7341660, downTime=7341660, deviceId=-1, source=0x101 }
W/ViewRootImpl(  636): Cancelling event due to no window focus: KeyEvent { action=ACTION_UP, keyCode=KEYCODE_DPAD_UP, scanCode=0, metaState=0, flags=0x28, repeatCount=0, eventTime=7341660, downTime=7341660, deviceId=-1, source=0x101 }
I/ActivityManager(  527): START u0 {act=android.intent.action.MAIN cat=[android.intent.category.HOME] flg=0x10200000 cmp=com.android.launcher3/.Launcher} from uid 1000 on display 0
W/ViewRootImpl( 4682): Cancelling event due to no window focus: KeyEvent { action=ACTION_UP, keyCode=KEYCODE_DPAD_LEFT, scanCode=0, metaState=0, flags=0x28, repeatCount=0, eventTime=7341707, downTime=7341707, deviceId=-1, source=0x101 }
W/ViewRootImpl( 4682): Cancelling event due to no window focus: KeyEvent { action=ACTION_UP, keyCode=KEYCODE_DPAD_LEFT, scanCode=0, metaState=0, flags=0x28, repeatCount=0, eventTime=7341707, downTime=7341707, deviceId=-1, source=0x101 }
W/ViewRootImpl( 4682): Cancelling event due to no window focus: KeyEvent { action=ACTION_UP, keyCode=KEYCODE_DPAD_LEFT, scanCode=0, metaState=0, flags=0x28, repeatCount=0, eventTime=7341707, downTime=7341707, deviceId=-1, source=0x101 }
I/AppiumUnicodeIME(  672): onKeyUp (keyCode='21', event.keyCode='21', metaState='0')
W/ViewRootImpl( 4682): Cancelling event due to no window focus: KeyEvent { action=ACTION_UP, keyCode=KEYCODE_DPAD_LEFT, scanCode=0, metaState=0, flags=0x28, repeatCount=0, eventTime=7341707, downTime=7341707, deviceId=-1, source=0x101 }
W/ViewRootImpl( 4682): Cancelling event due to no window focus: KeyEvent { action=ACTION_UP, keyCode=KEYCODE_DPAD_LEFT, scanCode=0, metaState=0, flags=0x28, repeatCount=0, eventTime=7341707, downTime=7341707, deviceId=-1, source=0x101 }
W/ViewRootImpl( 4682): Cancelling event due to no window focus: KeyEvent { action=ACTION_UP, keyCode=KEYCODE_DPAD_LEFT, scanCode=0, metaState=0, flags=0x28, repeatCount=0, eventTime=7341707, downTime=7341707, deviceId=-1, source=0x101 }
W/ViewRootImpl( 4682): Cancelling event due to no window focus: KeyEvent { action=ACTION_UP, keyCode=KEYCODE_DPAD_LEFT, scanCode=0, metaState=0, flags=0x28, repeatCount=0, eventTime=7341707, downTime=7341707, deviceId=-1, source=0x101 }
W/ViewRootImpl( 4682): Cancelling event due to no window focus: KeyEvent { action=ACTION_UP, keyCode=KEYCODE_DPAD_LEFT, scanCode=0, metaState=0, flags=0x28, repeatCount=0, eventTime=7341707, downTime=7341707, deviceId=-1, source=0x101 }
W/ViewRootImpl( 4682): Cancelling event due to no window focus: KeyEvent { action=ACTION_UP, keyCode=KEYCODE_DPAD_LEFT, scanCode=0, metaState=0, flags=0x28, repeatCount=0, eventTime=7341707, downTime=7341707, deviceId=-1, source=0x101 }
W/InputMethodManagerService(  527): Window already focused, ignoring focus gain of: com.android.internal.view.IInputMethodClient$Stub$Proxy@36382d13 attribute=null, token = android.os.BinderProxy@6d93095
I/AppiumUnicodeIME(  672): onKeyDown (keyCode='239', event.keyCode='239', metaState='0')
I/AppiumUnicodeIME(  672): onKeyUp (keyCode='239', event.keyCode='239', metaState='0')
I/AppiumUnicodeIME(  672): onKeyDown (keyCode='82', event.keyCode='82', metaState='0')
I/AppiumUnicodeIME(  672): onKeyUp (keyCode='82', event.keyCode='82', metaState='0')
D/PhoneStatusBar(  636): disable: < expand icons* alerts system_info* back home recent clock search >
I/AppiumUnicodeIME(  672): onKeyDown (keyCode='51', event.keyCode='51', metaState='0')
W/AudioTrack(  527): AUDIO_OUTPUT_FLAG_FAST denied by client
I/AppiumUnicodeIME(  672): onKeyUp (keyCode='51', event.keyCode='51', metaState='0')
W/EGL_emulation(  636): eglSurfaceAttrib not implemented
W/OpenGLRenderer(  636): Failed to set EGL_SWAP_BEHAVIOR on surface 0xee8c1420, error=EGL_SUCCESS
I/AppiumUnicodeIME(  672): onKeyDown (keyCode='201', event.keyCode='201', metaState='0')
I/AppiumUnicodeIME(  672): onKeyDown (keyCode='23', event.keyCode='23', metaState='0')
I/AppiumUnicodeIME(  672): onKeyUp (keyCode='201', event.keyCode='201', metaState='0')
I/AppiumUnicodeIME(  672): onKeyUp (keyCode='23', event.keyCode='23', metaState='0')
I/AppiumUnicodeIME(  672): onKeyDown (keyCode='82', event.keyCode='82', metaState='0')
I/InputDispatcher(  527): Dropped event because of pending overdue app switch.
W/InputManager(  527): Input event injection from pid 5251 failed.
I/AppiumUnicodeIME(  672): onKeyUp (keyCode='82', event.keyCode='82', metaState='0')
V/WindowManager(  527): Adding window Window{80a0149 u0 SubPanel:com.zzl.falcon.internal/com.zzl.falcon.invest.InvestmentDetailActivity} at 7 of 12 (after Window{3f8545aa u0 com.zzl.falcon.internal/com.zzl.falcon.invest.InvestmentDetailActivity})
W/ViewRootImpl( 4682): Cancelling event due to no window focus: KeyEvent { action=ACTION_UP, keyCode=KEYCODE_DPAD_LEFT, scanCode=0, metaState=0, flags=0x28, repeatCount=0, eventTime=7342172, downTime=7342172, deviceId=-1, source=0x101 }
