I/tnet-jni( 1235): 103 - [spdyPingRecvCallback] - 
I/tnet-jni( 1235): 103 - [SpdySessionCallBack.spdyPingRecvCallback] - org.android.spdy.SpdySession@c5a37ed
D/accs.SpdyConnection( 1235):  spdyPingRecvCallback uniId:376
D/accs.MessageHandler( 1235):  onRcvPing
D/accs.HeartbeatManager( 1235):  onHeartbeatSucc
D/accs.OrangeAdapter( 1235):  isSmartHb result:true
D/accs.HeartbeatManager( 1235):  set 480
D/accs.UtilityImpl( 1235):  setServiceTime:1515704135841
I/tnet-jni( 1159): 99 - [spdyPingRecvCallback] - 
I/tnet-jni( 1159): 99 - [SpdySessionCallBack.spdyPingRecvCallback] - org.android.spdy.SpdySession@39f1e094
D/accs.SilenceConn_umeng:56aadbf567e58e38d4000976( 1159):  spdyPingRecvCallback uniId:376
D/accs.MsgRecv_umeng:56aadbf567e58e38d4000976( 1159):  onRcvPing
D/accs.HeartbeatManager( 1159):  onHeartbeatSucc
D/accs.OrangeAdapter( 1159):  isSmartHb result:true
D/accs.HeartbeatManager( 1159):  set 480
D/accs.UtilityImpl( 1159):  setServiceTime:1515704140104
D/NetworkMonitor/NetworkAgentInfo [WIFI () - 100](  510): OfflineState{ when=-101ms what=532488 arg2=1 target=com.android.internal.util.StateMachine$SmHandler }
D/NetworkMonitor/NetworkAgentInfo [WIFI () - 100](  510): DefaultState{ when=-101ms what=532488 arg2=1 target=com.android.internal.util.StateMachine$SmHandler }
D/NetworkMonitor/NetworkAgentInfo [WIFI () - 100](  510): Forcing reevaluation
D/NetworkMonitor/NetworkAgentInfo [WIFI () - 100](  510): EvaluatingState{ when=0 what=532486 arg1=68 target=com.android.internal.util.StateMachine$SmHandler }
D/NetworkMonitor/NetworkAgentInfo [WIFI () - 100](  510): Checking http://connectivitycheck.android.com/generate_204 on "WiredSSID"
D/NetworkMonitor/NetworkAgentInfo [WIFI () - 100](  510): Probably not a portal: exception java.net.SocketTimeoutException: failed to connect to connectivitycheck.android.com/172.217.24.14 (port 80) after 10000ms
D/ConnectivityService(  510): setProvNotificationVisibleIntent: E visible=false networkType=0 extraInfo=null
I/tnet-jni( 1235): 103 - [spdyPingRecvCallback] - 
I/tnet-jni( 1235): 103 - [SpdySessionCallBack.spdyPingRecvCallback] - org.android.spdy.SpdySession@c5a37ed
D/accs.SpdyConnection( 1235):  spdyPingRecvCallback uniId:378
D/accs.MessageHandler( 1235):  onRcvPing
D/accs.HeartbeatManager( 1235):  onHeartbeatSucc
D/accs.OrangeAdapter( 1235):  isSmartHb result:true
D/accs.HeartbeatManager( 1235):  set 480
I/tnet-jni( 1159): 99 - [spdyPingRecvCallback] - 
I/tnet-jni( 1159): 99 - [SpdySessionCallBack.spdyPingRecvCallback] - org.android.spdy.SpdySession@39f1e094
D/accs.SilenceConn_umeng:56aadbf567e58e38d4000976( 1159):  spdyPingRecvCallback uniId:378
D/accs.MsgRecv_umeng:56aadbf567e58e38d4000976( 1159):  onRcvPing
D/accs.HeartbeatManager( 1159):  onHeartbeatSucc
D/accs.OrangeAdapter( 1159):  isSmartHb result:true
D/accs.HeartbeatManager( 1159):  set 480
I/tnet-jni( 1235): 103 - [spdyPingRecvCallback] - 
I/tnet-jni( 1235): 103 - [SpdySessionCallBack.spdyPingRecvCallback] - org.android.spdy.SpdySession@c5a37ed
D/accs.SpdyConnection( 1235):  spdyPingRecvCallback uniId:380
D/accs.MessageHandler( 1235):  onRcvPing
D/accs.HeartbeatManager( 1235):  onHeartbeatSucc
D/accs.OrangeAdapter( 1235):  isSmartHb result:true
D/accs.HeartbeatManager( 1235):  set 480
D/accs.UtilityImpl( 1235):  setServiceTime:1515704555849
I/tnet-jni( 1159): 99 - [spdyPingRecvCallback] - 
I/tnet-jni( 1159): 99 - [SpdySessionCallBack.spdyPingRecvCallback] - org.android.spdy.SpdySession@39f1e094
D/accs.SilenceConn_umeng:56aadbf567e58e38d4000976( 1159):  spdyPingRecvCallback uniId:380
D/accs.MsgRecv_umeng:56aadbf567e58e38d4000976( 1159):  onRcvPing
D/accs.HeartbeatManager( 1159):  onHeartbeatSucc
D/accs.OrangeAdapter( 1159):  isSmartHb result:true
D/accs.HeartbeatManager( 1159):  set 480
D/accs.UtilityImpl( 1159):  setServiceTime:1515704560116
I/ProcessStatsService(  510): Prepared write state in 0ms
I/ProcessStatsService(  510): Prepared write state in 0ms
D/MDnsDS  (  119): MDnsSdListener::Monitor poll timed out
D/MDnsDS  (  119): Going to poll with pollCount 1
I/tnet-jni( 1235): 103 - [spdyPingRecvCallback] - 
I/tnet-jni( 1235): 103 - [SpdySessionCallBack.spdyPingRecvCallback] - org.android.spdy.SpdySession@c5a37ed
D/accs.SpdyConnection( 1235):  spdyPingRecvCallback uniId:382
D/accs.MessageHandler( 1235):  onRcvPing
D/accs.HeartbeatManager( 1235):  onHeartbeatSucc
D/accs.OrangeAdapter( 1235):  isSmartHb result:true
D/accs.HeartbeatManager( 1235):  set 480
I/tnet-jni( 1159): 99 - [spdyPingRecvCallback] - 
I/tnet-jni( 1159): 99 - [SpdySessionCallBack.spdyPingRecvCallback] - org.android.spdy.SpdySession@39f1e094
D/accs.SilenceConn_umeng:56aadbf567e58e38d4000976( 1159):  spdyPingRecvCallback uniId:382
D/accs.MsgRecv_umeng:56aadbf567e58e38d4000976( 1159):  onRcvPing
D/accs.HeartbeatManager( 1159):  onHeartbeatSucc
D/accs.OrangeAdapter( 1159):  isSmartHb result:true
D/accs.HeartbeatManager( 1159):  set 480
D/NetworkMonitor/NetworkAgentInfo [WIFI () - 100](  510): OfflineState{ when=-100ms what=532488 arg2=1 target=com.android.internal.util.StateMachine$SmHandler }
D/NetworkMonitor/NetworkAgentInfo [WIFI () - 100](  510): DefaultState{ when=-100ms what=532488 arg2=1 target=com.android.internal.util.StateMachine$SmHandler }
D/NetworkMonitor/NetworkAgentInfo [WIFI () - 100](  510): Forcing reevaluation
D/NetworkMonitor/NetworkAgentInfo [WIFI () - 100](  510): EvaluatingState{ when=0 what=532486 arg1=69 target=com.android.internal.util.StateMachine$SmHandler }
D/NetworkMonitor/NetworkAgentInfo [WIFI () - 100](  510): Checking http://connectivitycheck.android.com/generate_204 on "WiredSSID"
D/NetworkMonitor/NetworkAgentInfo [WIFI () - 100](  510): Probably not a portal: exception java.net.SocketTimeoutException: failed to connect to connectivitycheck.android.com/172.217.160.110 (port 80) after 10000ms
D/ConnectivityService(  510): setProvNotificationVisibleIntent: E visible=false networkType=0 extraInfo=null
I/tnet-jni( 1235): 103 - [spdyPingRecvCallback] - 
I/tnet-jni( 1235): 103 - [SpdySessionCallBack.spdyPingRecvCallback] - org.android.spdy.SpdySession@c5a37ed
D/accs.SpdyConnection( 1235):  spdyPingRecvCallback uniId:384
D/accs.MessageHandler( 1235):  onRcvPing
D/accs.HeartbeatManager( 1235):  onHeartbeatSucc
D/accs.OrangeAdapter( 1235):  isSmartHb result:true
D/accs.HeartbeatManager( 1235):  set 480
D/accs.UtilityImpl( 1235):  setServiceTime:1515704975857
I/tnet-jni( 1159): 99 - [spdyPingRecvCallback] - 
I/tnet-jni( 1159): 99 - [SpdySessionCallBack.spdyPingRecvCallback] - org.android.spdy.SpdySession@39f1e094
D/accs.SilenceConn_umeng:56aadbf567e58e38d4000976( 1159):  spdyPingRecvCallback uniId:384
D/accs.MsgRecv_umeng:56aadbf567e58e38d4000976( 1159):  onRcvPing
D/accs.HeartbeatManager( 1159):  onHeartbeatSucc
D/accs.OrangeAdapter( 1159):  isSmartHb result:true
D/accs.HeartbeatManager( 1159):  set 480
D/accs.UtilityImpl( 1159):  setServiceTime:1515704980126
I/tnet-jni( 1235): 103 - [spdyPingRecvCallback] - 
I/tnet-jni( 1235): 103 - [SpdySessionCallBack.spdyPingRecvCallback] - org.android.spdy.SpdySession@c5a37ed
D/accs.SpdyConnection( 1235):  spdyPingRecvCallback uniId:386
D/accs.MessageHandler( 1235):  onRcvPing
D/accs.HeartbeatManager( 1235):  onHeartbeatSucc
D/accs.OrangeAdapter( 1235):  isSmartHb result:true
D/accs.HeartbeatManager( 1235):  set 480
I/tnet-jni( 1159): 99 - [spdyPingRecvCallback] - 
I/tnet-jni( 1159): 99 - [SpdySessionCallBack.spdyPingRecvCallback] - org.android.spdy.SpdySession@39f1e094
D/accs.SilenceConn_umeng:56aadbf567e58e38d4000976( 1159):  spdyPingRecvCallback uniId:386
D/accs.MsgRecv_umeng:56aadbf567e58e38d4000976( 1159):  onRcvPing
D/accs.HeartbeatManager( 1159):  onHeartbeatSucc
D/accs.OrangeAdapter( 1159):  isSmartHb result:true
D/accs.HeartbeatManager( 1159):  set 480
I/tnet-jni( 1235): 103 - [spdyPingRecvCallback] - 
I/tnet-jni( 1235): 103 - [SpdySessionCallBack.spdyPingRecvCallback] - org.android.spdy.SpdySession@c5a37ed
D/accs.SpdyConnection( 1235):  spdyPingRecvCallback uniId:388
D/accs.MessageHandler( 1235):  onRcvPing
D/accs.HeartbeatManager( 1235):  onHeartbeatSucc
D/accs.OrangeAdapter( 1235):  isSmartHb result:true
D/accs.HeartbeatManager( 1235):  set 480
D/accs.UtilityImpl( 1235):  setServiceTime:1515705395867
I/tnet-jni( 1159): 99 - [spdyPingRecvCallback] - 
I/tnet-jni( 1159): 99 - [SpdySessionCallBack.spdyPingRecvCallback] - org.android.spdy.SpdySession@39f1e094
D/accs.SilenceConn_umeng:56aadbf567e58e38d4000976( 1159):  spdyPingRecvCallback uniId:388
D/accs.MsgRecv_umeng:56aadbf567e58e38d4000976( 1159):  onRcvPing
D/accs.HeartbeatManager( 1159):  onHeartbeatSucc
D/accs.OrangeAdapter( 1159):  isSmartHb result:true
D/accs.HeartbeatManager( 1159):  set 480
D/accs.UtilityImpl( 1159):  setServiceTime:1515705400134
D/NetworkMonitor/NetworkAgentInfo [WIFI () - 100](  510): OfflineState{ when=-100ms what=532488 arg2=1 target=com.android.internal.util.StateMachine$SmHandler }
D/NetworkMonitor/NetworkAgentInfo [WIFI () - 100](  510): DefaultState{ when=-101ms what=532488 arg2=1 target=com.android.internal.util.StateMachine$SmHandler }
D/NetworkMonitor/NetworkAgentInfo [WIFI () - 100](  510): Forcing reevaluation
D/NetworkMonitor/NetworkAgentInfo [WIFI () - 100](  510): EvaluatingState{ when=0 what=532486 arg1=70 target=com.android.internal.util.StateMachine$SmHandler }
D/NetworkMonitor/NetworkAgentInfo [WIFI () - 100](  510): Checking http://connectivitycheck.android.com/generate_204 on "WiredSSID"
D/NetworkMonitor/NetworkAgentInfo [WIFI () - 100](  510): Probably not a portal: exception java.net.SocketTimeoutException: failed to connect to connectivitycheck.android.com/216.58.200.46 (port 80) after 10000ms
D/ConnectivityService(  510): setProvNotificationVisibleIntent: E visible=false networkType=0 extraInfo=null
I/tnet-jni( 1235): 103 - [spdyPingRecvCallback] - 
I/tnet-jni( 1235): 103 - [SpdySessionCallBack.spdyPingRecvCallback] - org.android.spdy.SpdySession@c5a37ed
D/accs.SpdyConnection( 1235):  spdyPingRecvCallback uniId:390
D/accs.MessageHandler( 1235):  onRcvPing
D/accs.HeartbeatManager( 1235):  onHeartbeatSucc
D/accs.OrangeAdapter( 1235):  isSmartHb result:true
D/accs.HeartbeatManager( 1235):  set 480
I/tnet-jni( 1159): 99 - [spdyPingRecvCallback] - 
I/tnet-jni( 1159): 99 - [SpdySessionCallBack.spdyPingRecvCallback] - org.android.spdy.SpdySession@39f1e094
D/accs.SilenceConn_umeng:56aadbf567e58e38d4000976( 1159):  spdyPingRecvCallback uniId:390
D/accs.MsgRecv_umeng:56aadbf567e58e38d4000976( 1159):  onRcvPing
D/accs.HeartbeatManager( 1159):  onHeartbeatSucc
D/accs.OrangeAdapter( 1159):  isSmartHb result:true
D/accs.HeartbeatManager( 1159):  set 480
I/tnet-jni( 1235): 103 - [spdyPingRecvCallback] - 
I/tnet-jni( 1235): 103 - [SpdySessionCallBack.spdyPingRecvCallback] - org.android.spdy.SpdySession@c5a37ed
D/accs.SpdyConnection( 1235):  spdyPingRecvCallback uniId:392
D/accs.MessageHandler( 1235):  onRcvPing
D/accs.HeartbeatManager( 1235):  onHeartbeatSucc
D/accs.OrangeAdapter( 1235):  isSmartHb result:true
D/accs.HeartbeatManager( 1235):  set 480
D/accs.UtilityImpl( 1235):  setServiceTime:1515705815878
I/tnet-jni( 1159): 99 - [spdyPingRecvCallback] - 
I/tnet-jni( 1159): 99 - [SpdySessionCallBack.spdyPingRecvCallback] - org.android.spdy.SpdySession@39f1e094
D/accs.SilenceConn_umeng:56aadbf567e58e38d4000976( 1159):  spdyPingRecvCallback uniId:392
D/accs.MsgRecv_umeng:56aadbf567e58e38d4000976( 1159):  onRcvPing
D/accs.HeartbeatManager( 1159):  onHeartbeatSucc
D/accs.OrangeAdapter( 1159):  isSmartHb result:true
D/accs.HeartbeatManager( 1159):  set 480
D/accs.UtilityImpl( 1159):  setServiceTime:1515705820145
I/tnet-jni( 1235): 103 - [spdyPingRecvCallback] - 
I/tnet-jni( 1235): 103 - [SpdySessionCallBack.spdyPingRecvCallback] - org.android.spdy.SpdySession@c5a37ed
D/accs.SpdyConnection( 1235):  spdyPingRecvCallback uniId:394
D/accs.MessageHandler( 1235):  onRcvPing
D/accs.HeartbeatManager( 1235):  onHeartbeatSucc
D/accs.OrangeAdapter( 1235):  isSmartHb result:true
D/accs.HeartbeatManager( 1235):  set 480
I/tnet-jni( 1159): 99 - [spdyPingRecvCallback] - 
I/tnet-jni( 1159): 99 - [SpdySessionCallBack.spdyPingRecvCallback] - org.android.spdy.SpdySession@39f1e094
D/accs.SilenceConn_umeng:56aadbf567e58e38d4000976( 1159):  spdyPingRecvCallback uniId:394
D/accs.MsgRecv_umeng:56aadbf567e58e38d4000976( 1159):  onRcvPing
D/accs.HeartbeatManager( 1159):  onHeartbeatSucc
D/accs.OrangeAdapter( 1159):  isSmartHb result:true
D/accs.HeartbeatManager( 1159):  set 480
E/native  (  510): do suspend false
E/WifiStateMachine(  510): Unexpected BatchedScanResults :null
I/dhcpcd  ( 4040): sending signal 14 to pid 967
I/dhcpcd  (  967): received SIGALRM, renewing
I/dhcpcd  (  967): eth1: renewing lease of 10.0.3.15
I/dhcpcd  (  967): eth1: acknowledged 10.0.3.15 from 10.0.3.2
I/dhcpcd  (  967): eth1: leased 10.0.3.15 for 86400 seconds
D/ConnectivityService(  510): NetworkAgentInfo [WIFI () - 100] EVENT_NETWORK_INFO_CHANGED, going from CONNECTED to CONNECTING
D/ConnectivityService(  510): NetworkAgentInfo [WIFI () - 100] EVENT_NETWORK_INFO_CHANGED, going from CONNECTING to CONNECTED
E/WifiStateMachine(  510): WifiStateMachine: Leaving Connected state
E/WifiStateMachine(  510): WifiStateMachine L2Connected CMD_START_SCAN source -2 2076, 2077 -> obsolete
D/NetworkMonitor/NetworkAgentInfo [WIFI () - 100](  510): OfflineState{ when=-99ms what=532488 arg2=1 target=com.android.internal.util.StateMachine$SmHandler }
D/NetworkMonitor/NetworkAgentInfo [WIFI () - 100](  510): DefaultState{ when=-99ms what=532488 arg2=1 target=com.android.internal.util.StateMachine$SmHandler }
D/NetworkMonitor/NetworkAgentInfo [WIFI () - 100](  510): Forcing reevaluation
D/NetworkMonitor/NetworkAgentInfo [WIFI () - 100](  510): EvaluatingState{ when=0 what=532486 arg1=71 target=com.android.internal.util.StateMachine$SmHandler }
D/NetworkMonitor/NetworkAgentInfo [WIFI () - 100](  510): Checking http://connectivitycheck.android.com/generate_204 on "WiredSSID"
D/NetworkMonitor/NetworkAgentInfo [WIFI () - 100](  510): Probably not a portal: exception java.net.SocketTimeoutException: failed to connect to connectivitycheck.android.com/216.58.200.46 (port 80) after 10000ms
D/ConnectivityService(  510): setProvNotificationVisibleIntent: E visible=false networkType=0 extraInfo=null
I/tnet-jni( 1235): 103 - [spdyPingRecvCallback] - 
I/tnet-jni( 1235): 103 - [SpdySessionCallBack.spdyPingRecvCallback] - org.android.spdy.SpdySession@c5a37ed
D/accs.SpdyConnection( 1235):  spdyPingRecvCallback uniId:396
D/accs.MessageHandler( 1235):  onRcvPing
D/accs.HeartbeatManager( 1235):  onHeartbeatSucc
D/accs.OrangeAdapter( 1235):  isSmartHb result:true
D/accs.HeartbeatManager( 1235):  set 480
D/accs.UtilityImpl( 1235):  setServiceTime:1515706235886
I/tnet-jni( 1159): 99 - [spdyPingRecvCallback] - 
I/tnet-jni( 1159): 99 - [SpdySessionCallBack.spdyPingRecvCallback] - org.android.spdy.SpdySession@39f1e094
D/accs.SilenceConn_umeng:56aadbf567e58e38d4000976( 1159):  spdyPingRecvCallback uniId:396
D/accs.MsgRecv_umeng:56aadbf567e58e38d4000976( 1159):  onRcvPing
D/accs.HeartbeatManager( 1159):  onHeartbeatSucc
D/accs.OrangeAdapter( 1159):  isSmartHb result:true
D/accs.HeartbeatManager( 1159):  set 480
D/accs.UtilityImpl( 1159):  setServiceTime:1515706240158
I/ProcessStatsService(  510): Prepared write state in 0ms
I/tnet-jni( 1235): 103 - [spdyPingRecvCallback] - 
I/tnet-jni( 1235): 103 - [SpdySessionCallBack.spdyPingRecvCallback] - org.android.spdy.SpdySession@c5a37ed
D/accs.SpdyConnection( 1235):  spdyPingRecvCallback uniId:398
D/accs.MessageHandler( 1235):  onRcvPing
D/accs.HeartbeatManager( 1235):  onHeartbeatSucc
D/accs.OrangeAdapter( 1235):  isSmartHb result:true
D/accs.HeartbeatManager( 1235):  set 480
I/tnet-jni( 1159): 99 - [spdyPingRecvCallback] - 
I/tnet-jni( 1159): 99 - [SpdySessionCallBack.spdyPingRecvCallback] - org.android.spdy.SpdySession@39f1e094
D/accs.SilenceConn_umeng:56aadbf567e58e38d4000976( 1159):  spdyPingRecvCallback uniId:398
D/accs.MsgRecv_umeng:56aadbf567e58e38d4000976( 1159):  onRcvPing
D/accs.HeartbeatManager( 1159):  onHeartbeatSucc
D/accs.OrangeAdapter( 1159):  isSmartHb result:true
D/accs.HeartbeatManager( 1159):  set 480
I/tnet-jni( 1235): 103 - [spdyPingRecvCallback] - 
I/tnet-jni( 1235): 103 - [SpdySessionCallBack.spdyPingRecvCallback] - org.android.spdy.SpdySession@c5a37ed
D/accs.SpdyConnection( 1235):  spdyPingRecvCallback uniId:400
D/accs.MessageHandler( 1235):  onRcvPing
D/accs.HeartbeatManager( 1235):  onHeartbeatSucc
D/accs.OrangeAdapter( 1235):  isSmartHb result:true
D/accs.HeartbeatManager( 1235):  set 480
D/accs.UtilityImpl( 1235):  setServiceTime:1515706655896
I/tnet-jni( 1159): 99 - [spdyPingRecvCallback] - 
I/tnet-jni( 1159): 99 - [SpdySessionCallBack.spdyPingRecvCallback] - org.android.spdy.SpdySession@39f1e094
D/accs.SilenceConn_umeng:56aadbf567e58e38d4000976( 1159):  spdyPingRecvCallback uniId:400
D/accs.MsgRecv_umeng:56aadbf567e58e38d4000976( 1159):  onRcvPing
D/accs.HeartbeatManager( 1159):  onHeartbeatSucc
D/accs.OrangeAdapter( 1159):  isSmartHb result:true
D/accs.HeartbeatManager( 1159):  set 480
D/accs.UtilityImpl( 1159):  setServiceTime:1515706660168
D/NetworkMonitor/NetworkAgentInfo [WIFI () - 100](  510): OfflineState{ when=-66ms what=532488 arg2=1 target=com.android.internal.util.StateMachine$SmHandler }
D/NetworkMonitor/NetworkAgentInfo [WIFI () - 100](  510): DefaultState{ when=-66ms what=532488 arg2=1 target=com.android.internal.util.StateMachine$SmHandler }
D/NetworkMonitor/NetworkAgentInfo [WIFI () - 100](  510): Forcing reevaluation
D/NetworkMonitor/NetworkAgentInfo [WIFI () - 100](  510): EvaluatingState{ when=0 what=532486 arg1=72 target=com.android.internal.util.StateMachine$SmHandler }
D/NetworkMonitor/NetworkAgentInfo [WIFI () - 100](  510): Checking http://connectivitycheck.android.com/generate_204 on "WiredSSID"
D/NetworkMonitor/NetworkAgentInfo [WIFI () - 100](  510): Probably not a portal: exception java.net.SocketTimeoutException: failed to connect to connectivitycheck.android.com/172.217.160.78 (port 80) after 10000ms
D/ConnectivityService(  510): setProvNotificationVisibleIntent: E visible=false networkType=0 extraInfo=null
I/tnet-jni( 1235): 103 - [spdyPingRecvCallback] - 
I/tnet-jni( 1235): 103 - [SpdySessionCallBack.spdyPingRecvCallback] - org.android.spdy.SpdySession@c5a37ed
D/accs.SpdyConnection( 1235):  spdyPingRecvCallback uniId:402
D/accs.MessageHandler( 1235):  onRcvPing
D/accs.HeartbeatManager( 1235):  onHeartbeatSucc
D/accs.OrangeAdapter( 1235):  isSmartHb result:true
D/accs.HeartbeatManager( 1235):  set 480
I/tnet-jni( 1159): 99 - [spdyPingRecvCallback] - 
I/tnet-jni( 1159): 99 - [SpdySessionCallBack.spdyPingRecvCallback] - org.android.spdy.SpdySession@39f1e094
D/accs.SilenceConn_umeng:56aadbf567e58e38d4000976( 1159):  spdyPingRecvCallback uniId:402
D/accs.MsgRecv_umeng:56aadbf567e58e38d4000976( 1159):  onRcvPing
D/accs.HeartbeatManager( 1159):  onHeartbeatSucc
D/accs.OrangeAdapter( 1159):  isSmartHb result:true
D/accs.HeartbeatManager( 1159):  set 480
I/tnet-jni( 1235): 103 - [spdyPingRecvCallback] - 
I/tnet-jni( 1235): 103 - [SpdySessionCallBack.spdyPingRecvCallback] - org.android.spdy.SpdySession@c5a37ed
D/accs.SpdyConnection( 1235):  spdyPingRecvCallback uniId:404
D/accs.MessageHandler( 1235):  onRcvPing
D/accs.HeartbeatManager( 1235):  onHeartbeatSucc
D/accs.OrangeAdapter( 1235):  isSmartHb result:true
D/accs.HeartbeatManager( 1235):  set 480
D/accs.UtilityImpl( 1235):  setServiceTime:1515707075903
I/tnet-jni( 1159): 99 - [spdyPingRecvCallback] - 
I/tnet-jni( 1159): 99 - [SpdySessionCallBack.spdyPingRecvCallback] - org.android.spdy.SpdySession@39f1e094
D/accs.SilenceConn_umeng:56aadbf567e58e38d4000976( 1159):  spdyPingRecvCallback uniId:404
D/accs.MsgRecv_umeng:56aadbf567e58e38d4000976( 1159):  onRcvPing
D/accs.HeartbeatManager( 1159):  onHeartbeatSucc
D/accs.OrangeAdapter( 1159):  isSmartHb result:true
D/accs.HeartbeatManager( 1159):  set 480
D/accs.UtilityImpl( 1159):  setServiceTime:1515707080178
I/tnet-jni( 1235): 103 - [spdyPingRecvCallback] - 
I/tnet-jni( 1235): 103 - [SpdySessionCallBack.spdyPingRecvCallback] - org.android.spdy.SpdySession@c5a37ed
D/accs.SpdyConnection( 1235):  spdyPingRecvCallback uniId:406
D/accs.MessageHandler( 1235):  onRcvPing
D/accs.HeartbeatManager( 1235):  onHeartbeatSucc
D/accs.OrangeAdapter( 1235):  isSmartHb result:true
D/accs.HeartbeatManager( 1235):  set 480
I/tnet-jni( 1159): 99 - [spdyPingRecvCallback] - 
I/tnet-jni( 1159): 99 - [SpdySessionCallBack.spdyPingRecvCallback] - org.android.spdy.SpdySession@39f1e094
D/accs.SilenceConn_umeng:56aadbf567e58e38d4000976( 1159):  spdyPingRecvCallback uniId:406
D/accs.MsgRecv_umeng:56aadbf567e58e38d4000976( 1159):  onRcvPing
D/accs.HeartbeatManager( 1159):  onHeartbeatSucc
D/accs.OrangeAdapter( 1159):  isSmartHb result:true
D/accs.HeartbeatManager( 1159):  set 480
D/NetworkMonitor/NetworkAgentInfo [WIFI () - 100](  510): OfflineState{ when=-10ms what=532488 arg2=1 target=com.android.internal.util.StateMachine$SmHandler }
D/NetworkMonitor/NetworkAgentInfo [WIFI () - 100](  510): DefaultState{ when=-10ms what=532488 arg2=1 target=com.android.internal.util.StateMachine$SmHandler }
D/NetworkMonitor/NetworkAgentInfo [WIFI () - 100](  510): Forcing reevaluation
D/NetworkMonitor/NetworkAgentInfo [WIFI () - 100](  510): EvaluatingState{ when=0 what=532486 arg1=73 target=com.android.internal.util.StateMachine$SmHandler }
D/NetworkMonitor/NetworkAgentInfo [WIFI () - 100](  510): Checking http://connectivitycheck.android.com/generate_204 on "WiredSSID"
D/NetworkMonitor/NetworkAgentInfo [WIFI () - 100](  510): Probably not a portal: exception java.net.SocketTimeoutException: failed to connect to connectivitycheck.android.com/172.217.27.142 (port 80) after 10000ms
D/ConnectivityService(  510): setProvNotificationVisibleIntent: E visible=false networkType=0 extraInfo=null
I/tnet-jni( 1235): 103 - [spdyPingRecvCallback] - 
I/tnet-jni( 1235): 103 - [SpdySessionCallBack.spdyPingRecvCallback] - org.android.spdy.SpdySession@c5a37ed
D/accs.SpdyConnection( 1235):  spdyPingRecvCallback uniId:408
D/accs.MessageHandler( 1235):  onRcvPing
D/accs.HeartbeatManager( 1235):  onHeartbeatSucc
D/accs.OrangeAdapter( 1235):  isSmartHb result:true
D/accs.HeartbeatManager( 1235):  set 480
D/accs.UtilityImpl( 1235):  setServiceTime:1515707495915
I/tnet-jni( 1235): 103 - [SpdySessionCallBack.putSSLMeta] - org.android.spdy.SpdySession@c5a37ed
I/tnet-jni( 1159): 99 - [spdyPingRecvCallback] - 
I/tnet-jni( 1159): 99 - [SpdySessionCallBack.spdyPingRecvCallback] - org.android.spdy.SpdySession@39f1e094
D/accs.SilenceConn_umeng:56aadbf567e58e38d4000976( 1159):  spdyPingRecvCallback uniId:408
D/accs.MsgRecv_umeng:56aadbf567e58e38d4000976( 1159):  onRcvPing
D/accs.HeartbeatManager( 1159):  onHeartbeatSucc
D/accs.OrangeAdapter( 1159):  isSmartHb result:true
D/accs.HeartbeatManager( 1159):  set 480
D/accs.UtilityImpl( 1159):  setServiceTime:1515707500189
I/tnet-jni( 1159): 99 - [SpdySessionCallBack.putSSLMeta] - org.android.spdy.SpdySession@39f1e094
I/tnet-jni( 1235): 103 - [spdyPingRecvCallback] - 
I/tnet-jni( 1235): 103 - [SpdySessionCallBack.spdyPingRecvCallback] - org.android.spdy.SpdySession@c5a37ed
D/accs.SpdyConnection( 1235):  spdyPingRecvCallback uniId:410
D/accs.MessageHandler( 1235):  onRcvPing
D/accs.HeartbeatManager( 1235):  onHeartbeatSucc
D/accs.OrangeAdapter( 1235):  isSmartHb result:true
D/accs.HeartbeatManager( 1235):  set 480
I/tnet-jni( 1159): 99 - [spdyPingRecvCallback] - 
I/tnet-jni( 1159): 99 - [SpdySessionCallBack.spdyPingRecvCallback] - org.android.spdy.SpdySession@39f1e094
D/accs.SilenceConn_umeng:56aadbf567e58e38d4000976( 1159):  spdyPingRecvCallback uniId:410
D/accs.MsgRecv_umeng:56aadbf567e58e38d4000976( 1159):  onRcvPing
D/accs.HeartbeatManager( 1159):  onHeartbeatSucc
D/accs.OrangeAdapter( 1159):  isSmartHb result:true
D/accs.HeartbeatManager( 1159):  set 480
I/EntropyMixer(  510): Writing entropy...
I/tnet-jni( 1235): 103 - [spdyPingRecvCallback] - 
I/tnet-jni( 1235): 103 - [SpdySessionCallBack.spdyPingRecvCallback] - org.android.spdy.SpdySession@c5a37ed
D/accs.SpdyConnection( 1235):  spdyPingRecvCallback uniId:412
D/accs.MessageHandler( 1235):  onRcvPing
D/accs.HeartbeatManager( 1235):  onHeartbeatSucc
D/accs.OrangeAdapter( 1235):  isSmartHb result:true
D/accs.HeartbeatManager( 1235):  set 480
D/accs.UtilityImpl( 1235):  setServiceTime:1515707915924
I/tnet-jni( 1159): 99 - [spdyPingRecvCallback] - 
I/tnet-jni( 1159): 99 - [SpdySessionCallBack.spdyPingRecvCallback] - org.android.spdy.SpdySession@39f1e094
D/accs.SilenceConn_umeng:56aadbf567e58e38d4000976( 1159):  spdyPingRecvCallback uniId:412
D/accs.MsgRecv_umeng:56aadbf567e58e38d4000976( 1159):  onRcvPing
D/accs.HeartbeatManager( 1159):  onHeartbeatSucc
D/accs.OrangeAdapter( 1159):  isSmartHb result:true
D/accs.HeartbeatManager( 1159):  set 480
D/accs.UtilityImpl( 1159):  setServiceTime:1515707920200
D/NetworkMonitor/NetworkAgentInfo [WIFI () - 100](  510): OfflineState{ when=-100ms what=532488 arg2=1 target=com.android.internal.util.StateMachine$SmHandler }
D/NetworkMonitor/NetworkAgentInfo [WIFI () - 100](  510): DefaultState{ when=-101ms what=532488 arg2=1 target=com.android.internal.util.StateMachine$SmHandler }
D/NetworkMonitor/NetworkAgentInfo [WIFI () - 100](  510): Forcing reevaluation
D/NetworkMonitor/NetworkAgentInfo [WIFI () - 100](  510): EvaluatingState{ when=0 what=532486 arg1=74 target=com.android.internal.util.StateMachine$SmHandler }
D/NetworkMonitor/NetworkAgentInfo [WIFI () - 100](  510): Checking http://connectivitycheck.android.com/generate_204 on "WiredSSID"
D/NetworkMonitor/NetworkAgentInfo [WIFI () - 100](  510): Probably not a portal: exception java.net.SocketTimeoutException: failed to connect to connectivitycheck.android.com/172.217.160.110 (port 80) after 10000ms
D/ConnectivityService(  510): setProvNotificationVisibleIntent: E visible=false networkType=0 extraInfo=null
W/ActivityManager(  510): Unable to start service Intent { act=com.zzl.falcon.internal.intent.action.COCKROACH flg=0x4 (has extras) } U=0: not found
W/ActivityManager(  510): Unable to start service Intent { act=com.zzl.itoube.internal.intent.action.COCKROACH flg=0x4 (has extras) } U=0: not found
I/LatinIME:LogUtils(  675): Dictionary info: dictionary = UserHistoryDictionary.en_US ; version = 1515651636 ; date = 1515708040
I/tnet-jni( 1235): 103 - [spdyPingRecvCallback] - 
I/tnet-jni( 1235): 103 - [SpdySessionCallBack.spdyPingRecvCallback] - org.android.spdy.SpdySession@c5a37ed
D/accs.SpdyConnection( 1235):  spdyPingRecvCallback uniId:414
D/accs.MessageHandler( 1235):  onRcvPing
D/accs.HeartbeatManager( 1235):  onHeartbeatSucc
D/accs.OrangeAdapter( 1235):  isSmartHb result:true
D/accs.HeartbeatManager( 1235):  set 480
I/tnet-jni( 1159): 99 - [spdyPingRecvCallback] - 
I/tnet-jni( 1159): 99 - [SpdySessionCallBack.spdyPingRecvCallback] - org.android.spdy.SpdySession@39f1e094
D/accs.SilenceConn_umeng:56aadbf567e58e38d4000976( 1159):  spdyPingRecvCallback uniId:414
D/accs.MsgRecv_umeng:56aadbf567e58e38d4000976( 1159):  onRcvPing
D/accs.HeartbeatManager( 1159):  onHeartbeatSucc
D/accs.OrangeAdapter( 1159):  isSmartHb result:true
D/accs.HeartbeatManager( 1159):  set 480
I/ProcessStatsService(  510): Prepared write state in 0ms
I/ProcessStatsService(  510): Prepared write state in 0ms
I/ProcessStatsService(  510): Prepared write state in 0ms
I/tnet-jni( 1235): 103 - [spdyPingRecvCallback] - 
I/tnet-jni( 1235): 103 - [SpdySessionCallBack.spdyPingRecvCallback] - org.android.spdy.SpdySession@c5a37ed
D/accs.SpdyConnection( 1235):  spdyPingRecvCallback uniId:416
D/accs.MessageHandler( 1235):  onRcvPing
D/accs.HeartbeatManager( 1235):  onHeartbeatSucc
D/accs.OrangeAdapter( 1235):  isSmartHb result:true
D/accs.HeartbeatManager( 1235):  set 480
D/accs.UtilityImpl( 1235):  setServiceTime:1515708335933
I/tnet-jni( 1159): 99 - [spdyPingRecvCallback] - 
I/tnet-jni( 1159): 99 - [SpdySessionCallBack.spdyPingRecvCallback] - org.android.spdy.SpdySession@39f1e094
D/accs.SilenceConn_umeng:56aadbf567e58e38d4000976( 1159):  spdyPingRecvCallback uniId:416
D/accs.MsgRecv_umeng:56aadbf567e58e38d4000976( 1159):  onRcvPing
D/accs.HeartbeatManager( 1159):  onHeartbeatSucc
D/accs.OrangeAdapter( 1159):  isSmartHb result:true
D/accs.HeartbeatManager( 1159):  set 480
D/accs.UtilityImpl( 1159):  setServiceTime:1515708340209
I/tnet-jni( 1235): 103 - [spdyPingRecvCallback] - 
I/tnet-jni( 1235): 103 - [SpdySessionCallBack.spdyPingRecvCallback] - org.android.spdy.SpdySession@c5a37ed
D/accs.SpdyConnection( 1235):  spdyPingRecvCallback uniId:418
D/accs.MessageHandler( 1235):  onRcvPing
D/accs.HeartbeatManager( 1235):  onHeartbeatSucc
D/accs.OrangeAdapter( 1235):  isSmartHb result:true
D/accs.HeartbeatManager( 1235):  set 480
I/tnet-jni( 1159): 99 - [spdyPingRecvCallback] - 
I/tnet-jni( 1159): 99 - [SpdySessionCallBack.spdyPingRecvCallback] - org.android.spdy.SpdySession@39f1e094
D/accs.SilenceConn_umeng:56aadbf567e58e38d4000976( 1159):  spdyPingRecvCallback uniId:418
D/accs.MsgRecv_umeng:56aadbf567e58e38d4000976( 1159):  onRcvPing
D/accs.HeartbeatManager( 1159):  onHeartbeatSucc
D/accs.OrangeAdapter( 1159):  isSmartHb result:true
D/accs.HeartbeatManager( 1159):  set 480
D/NetworkMonitor/NetworkAgentInfo [WIFI () - 100](  510): OfflineState{ when=-13ms what=532488 arg2=1 target=com.android.internal.util.StateMachine$SmHandler }
D/NetworkMonitor/NetworkAgentInfo [WIFI () - 100](  510): DefaultState{ when=-13ms what=532488 arg2=1 target=com.android.internal.util.StateMachine$SmHandler }
D/NetworkMonitor/NetworkAgentInfo [WIFI () - 100](  510): Forcing reevaluation
D/NetworkMonitor/NetworkAgentInfo [WIFI () - 100](  510): EvaluatingState{ when=0 what=532486 arg1=75 target=com.android.internal.util.StateMachine$SmHandler }
D/NetworkMonitor/NetworkAgentInfo [WIFI () - 100](  510): Checking http://connectivitycheck.android.com/generate_204 on "WiredSSID"
D/NetworkMonitor/NetworkAgentInfo [WIFI () - 100](  510): Probably not a portal: exception java.net.SocketTimeoutException: failed to connect to connectivitycheck.android.com/172.217.160.78 (port 80) after 10000ms
D/ConnectivityService(  510): setProvNotificationVisibleIntent: E visible=false networkType=0 extraInfo=null
I/tnet-jni( 1235): 103 - [spdyPingRecvCallback] - 
I/tnet-jni( 1235): 103 - [SpdySessionCallBack.spdyPingRecvCallback] - org.android.spdy.SpdySession@c5a37ed
D/accs.SpdyConnection( 1235):  spdyPingRecvCallback uniId:420
D/accs.MessageHandler( 1235):  onRcvPing
D/accs.HeartbeatManager( 1235):  onHeartbeatSucc
D/accs.OrangeAdapter( 1235):  isSmartHb result:true
D/accs.HeartbeatManager( 1235):  set 480
D/accs.UtilityImpl( 1235):  setServiceTime:1515708755945
I/tnet-jni( 1159): 99 - [spdyPingRecvCallback] - 
I/tnet-jni( 1159): 99 - [SpdySessionCallBack.spdyPingRecvCallback] - org.android.spdy.SpdySession@39f1e094
D/accs.SilenceConn_umeng:56aadbf567e58e38d4000976( 1159):  spdyPingRecvCallback uniId:420
D/accs.MsgRecv_umeng:56aadbf567e58e38d4000976( 1159):  onRcvPing
D/accs.HeartbeatManager( 1159):  onHeartbeatSucc
D/accs.OrangeAdapter( 1159):  isSmartHb result:true
D/accs.HeartbeatManager( 1159):  set 480
D/accs.UtilityImpl( 1159):  setServiceTime:1515708760220
I/tnet-jni( 1235): 103 - [spdyPingRecvCallback] - 
I/tnet-jni( 1235): 103 - [SpdySessionCallBack.spdyPingRecvCallback] - org.android.spdy.SpdySession@c5a37ed
D/accs.SpdyConnection( 1235):  spdyPingRecvCallback uniId:422
D/accs.MessageHandler( 1235):  onRcvPing
D/accs.HeartbeatManager( 1235):  onHeartbeatSucc
D/accs.OrangeAdapter( 1235):  isSmartHb result:true
D/accs.HeartbeatManager( 1235):  set 480
I/tnet-jni( 1159): 99 - [spdyPingRecvCallback] - 
I/tnet-jni( 1159): 99 - [SpdySessionCallBack.spdyPingRecvCallback] - org.android.spdy.SpdySession@39f1e094
D/accs.SilenceConn_umeng:56aadbf567e58e38d4000976( 1159):  spdyPingRecvCallback uniId:422
D/accs.MsgRecv_umeng:56aadbf567e58e38d4000976( 1159):  onRcvPing
D/accs.HeartbeatManager( 1159):  onHeartbeatSucc
D/accs.OrangeAdapter( 1159):  isSmartHb result:true
D/accs.HeartbeatManager( 1159):  set 480
I/tnet-jni( 1235): 103 - [spdyPingRecvCallback] - 
I/tnet-jni( 1235): 103 - [SpdySessionCallBack.spdyPingRecvCallback] - org.android.spdy.SpdySession@c5a37ed
D/accs.SpdyConnection( 1235):  spdyPingRecvCallback uniId:424
D/accs.MessageHandler( 1235):  onRcvPing
D/accs.HeartbeatManager( 1235):  onHeartbeatSucc
D/accs.OrangeAdapter( 1235):  isSmartHb result:true
D/accs.HeartbeatManager( 1235):  set 480
D/accs.UtilityImpl( 1235):  setServiceTime:1515709175958
I/tnet-jni( 1159): 99 - [spdyPingRecvCallback] - 
I/tnet-jni( 1159): 99 - [SpdySessionCallBack.spdyPingRecvCallback] - org.android.spdy.SpdySession@39f1e094
D/accs.SilenceConn_umeng:56aadbf567e58e38d4000976( 1159):  spdyPingRecvCallback uniId:424
D/accs.MsgRecv_umeng:56aadbf567e58e38d4000976( 1159):  onRcvPing
D/accs.HeartbeatManager( 1159):  onHeartbeatSucc
D/accs.OrangeAdapter( 1159):  isSmartHb result:true
D/accs.HeartbeatManager( 1159):  set 480
D/accs.UtilityImpl( 1159):  setServiceTime:1515709180234
D/NetworkMonitor/NetworkAgentInfo [WIFI () - 100](  510): OfflineState{ when=-55ms what=532488 arg2=1 target=com.android.internal.util.StateMachine$SmHandler }
D/NetworkMonitor/NetworkAgentInfo [WIFI () - 100](  510): DefaultState{ when=-55ms what=532488 arg2=1 target=com.android.internal.util.StateMachine$SmHandler }
D/NetworkMonitor/NetworkAgentInfo [WIFI () - 100](  510): Forcing reevaluation
D/NetworkMonitor/NetworkAgentInfo [WIFI () - 100](  510): EvaluatingState{ when=0 what=532486 arg1=76 target=com.android.internal.util.StateMachine$SmHandler }
D/NetworkMonitor/NetworkAgentInfo [WIFI () - 100](  510): Checking http://connectivitycheck.android.com/generate_204 on "WiredSSID"
D/NetworkMonitor/NetworkAgentInfo [WIFI () - 100](  510): Probably not a portal: exception java.net.SocketTimeoutException: failed to connect to connectivitycheck.android.com/172.217.160.78 (port 80) after 10000ms
D/ConnectivityService(  510): setProvNotificationVisibleIntent: E visible=false networkType=0 extraInfo=null
I/tnet-jni( 1235): 103 - [spdyPingRecvCallback] - 
I/tnet-jni( 1235): 103 - [SpdySessionCallBack.spdyPingRecvCallback] - org.android.spdy.SpdySession@c5a37ed
D/accs.SpdyConnection( 1235):  spdyPingRecvCallback uniId:426
D/accs.MessageHandler( 1235):  onRcvPing
D/accs.HeartbeatManager( 1235):  onHeartbeatSucc
D/accs.OrangeAdapter( 1235):  isSmartHb result:true
D/accs.HeartbeatManager( 1235):  set 480
I/tnet-jni( 1159): 99 - [spdyPingRecvCallback] - 
I/tnet-jni( 1159): 99 - [SpdySessionCallBack.spdyPingRecvCallback] - org.android.spdy.SpdySession@39f1e094
D/accs.SilenceConn_umeng:56aadbf567e58e38d4000976( 1159):  spdyPingRecvCallback uniId:426
D/accs.MsgRecv_umeng:56aadbf567e58e38d4000976( 1159):  onRcvPing
D/accs.HeartbeatManager( 1159):  onHeartbeatSucc
D/accs.OrangeAdapter( 1159):  isSmartHb result:true
D/accs.HeartbeatManager( 1159):  set 480
I/tnet-jni( 1235): 103 - [spdyPingRecvCallback] - 
I/tnet-jni( 1235): 103 - [SpdySessionCallBack.spdyPingRecvCallback] - org.android.spdy.SpdySession@c5a37ed
D/accs.SpdyConnection( 1235):  spdyPingRecvCallback uniId:428
D/accs.MessageHandler( 1235):  onRcvPing
D/accs.HeartbeatManager( 1235):  onHeartbeatSucc
D/accs.OrangeAdapter( 1235):  isSmartHb result:true
D/accs.HeartbeatManager( 1235):  set 480
D/accs.UtilityImpl( 1235):  setServiceTime:1515709595969
I/tnet-jni( 1159): 99 - [spdyPingRecvCallback] - 
I/tnet-jni( 1159): 99 - [SpdySessionCallBack.spdyPingRecvCallback] - org.android.spdy.SpdySession@39f1e094
D/accs.SilenceConn_umeng:56aadbf567e58e38d4000976( 1159):  spdyPingRecvCallback uniId:428
D/accs.MsgRecv_umeng:56aadbf567e58e38d4000976( 1159):  onRcvPing
D/accs.HeartbeatManager( 1159):  onHeartbeatSucc
D/accs.OrangeAdapter( 1159):  isSmartHb result:true
D/accs.HeartbeatManager( 1159):  set 480
D/accs.UtilityImpl( 1159):  setServiceTime:1515709600249
I/tnet-jni( 1235): 103 - [spdyPingRecvCallback] - 
I/tnet-jni( 1235): 103 - [SpdySessionCallBack.spdyPingRecvCallback] - org.android.spdy.SpdySession@c5a37ed
D/accs.SpdyConnection( 1235):  spdyPingRecvCallback uniId:430
D/accs.MessageHandler( 1235):  onRcvPing
D/accs.HeartbeatManager( 1235):  onHeartbeatSucc
D/accs.OrangeAdapter( 1235):  isSmartHb result:true
D/accs.HeartbeatManager( 1235):  set 480
I/tnet-jni( 1159): 99 - [spdyPingRecvCallback] - 
I/tnet-jni( 1159): 99 - [SpdySessionCallBack.spdyPingRecvCallback] - org.android.spdy.SpdySession@39f1e094
D/accs.SilenceConn_umeng:56aadbf567e58e38d4000976( 1159):  spdyPingRecvCallback uniId:430
D/accs.MsgRecv_umeng:56aadbf567e58e38d4000976( 1159):  onRcvPing
D/accs.HeartbeatManager( 1159):  onHeartbeatSucc
D/accs.OrangeAdapter( 1159):  isSmartHb result:true
D/accs.HeartbeatManager( 1159):  set 480
D/NetworkMonitor/NetworkAgentInfo [WIFI () - 100](  510): OfflineState{ when=-100ms what=532488 arg2=1 target=com.android.internal.util.StateMachine$SmHandler }
D/NetworkMonitor/NetworkAgentInfo [WIFI () - 100](  510): DefaultState{ when=-100ms what=532488 arg2=1 target=com.android.internal.util.StateMachine$SmHandler }
D/NetworkMonitor/NetworkAgentInfo [WIFI () - 100](  510): Forcing reevaluation
D/NetworkMonitor/NetworkAgentInfo [WIFI () - 100](  510): EvaluatingState{ when=0 what=532486 arg1=77 target=com.android.internal.util.StateMachine$SmHandler }
D/NetworkMonitor/NetworkAgentInfo [WIFI () - 100](  510): Checking http://connectivitycheck.android.com/generate_204 on "WiredSSID"
D/NetworkMonitor/NetworkAgentInfo [WIFI () - 100](  510): Probably not a portal: exception java.net.SocketTimeoutException: failed to connect to connectivitycheck.android.com/172.217.160.110 (port 80) after 10000ms
D/ConnectivityService(  510): setProvNotificationVisibleIntent: E visible=false networkType=0 extraInfo=null
I/tnet-jni( 1235): 103 - [spdyPingRecvCallback] - 
I/tnet-jni( 1235): 103 - [SpdySessionCallBack.spdyPingRecvCallback] - org.android.spdy.SpdySession@c5a37ed
D/accs.SpdyConnection( 1235):  spdyPingRecvCallback uniId:432
D/accs.MessageHandler( 1235):  onRcvPing
D/accs.HeartbeatManager( 1235):  onHeartbeatSucc
D/accs.OrangeAdapter( 1235):  isSmartHb result:true
D/accs.HeartbeatManager( 1235):  set 480
D/accs.UtilityImpl( 1235):  setServiceTime:1515710015979
I/tnet-jni( 1159): 99 - [spdyPingRecvCallback] - 
I/tnet-jni( 1159): 99 - [SpdySessionCallBack.spdyPingRecvCallback] - org.android.spdy.SpdySession@39f1e094
D/accs.SilenceConn_umeng:56aadbf567e58e38d4000976( 1159):  spdyPingRecvCallback uniId:432
D/accs.MsgRecv_umeng:56aadbf567e58e38d4000976( 1159):  onRcvPing
D/accs.HeartbeatManager( 1159):  onHeartbeatSucc
D/accs.OrangeAdapter( 1159):  isSmartHb result:true
D/accs.HeartbeatManager( 1159):  set 480
D/accs.UtilityImpl( 1159):  setServiceTime:1515710020257
I/ProcessStatsService(  510): Prepared write state in 0ms
I/tnet-jni( 1235): 103 - [spdyPingRecvCallback] - 
I/tnet-jni( 1235): 103 - [SpdySessionCallBack.spdyPingRecvCallback] - org.android.spdy.SpdySession@c5a37ed
D/accs.SpdyConnection( 1235):  spdyPingRecvCallback uniId:434
D/accs.MessageHandler( 1235):  onRcvPing
D/accs.HeartbeatManager( 1235):  onHeartbeatSucc
D/accs.OrangeAdapter( 1235):  isSmartHb result:true
D/accs.HeartbeatManager( 1235):  set 480
I/tnet-jni( 1159): 99 - [spdyPingRecvCallback] - 
I/tnet-jni( 1159): 99 - [SpdySessionCallBack.spdyPingRecvCallback] - org.android.spdy.SpdySession@39f1e094
D/accs.SilenceConn_umeng:56aadbf567e58e38d4000976( 1159):  spdyPingRecvCallback uniId:434
D/accs.MsgRecv_umeng:56aadbf567e58e38d4000976( 1159):  onRcvPing
D/accs.HeartbeatManager( 1159):  onHeartbeatSucc
D/accs.OrangeAdapter( 1159):  isSmartHb result:true
D/accs.HeartbeatManager( 1159):  set 480
D/NetworkMonitor/NetworkAgentInfo [WIFI () - 100](  510): OfflineState{ when=-75ms what=532488 arg2=1 target=com.android.internal.util.StateMachine$SmHandler }
D/NetworkMonitor/NetworkAgentInfo [WIFI () - 100](  510): DefaultState{ when=-75ms what=532488 arg2=1 target=com.android.internal.util.StateMachine$SmHandler }
D/NetworkMonitor/NetworkAgentInfo [WIFI () - 100](  510): Forcing reevaluation
D/NetworkMonitor/NetworkAgentInfo [WIFI () - 100](  510): EvaluatingState{ when=0 what=532486 arg1=78 target=com.android.internal.util.StateMachine$SmHandler }
D/NetworkMonitor/NetworkAgentInfo [WIFI () - 100](  510): Checking http://connectivitycheck.android.com/generate_204 on "WiredSSID"
I/tnet-jni( 1235): 103 - [spdyPingRecvCallback] - 
I/tnet-jni( 1235): 103 - [SpdySessionCallBack.spdyPingRecvCallback] - org.android.spdy.SpdySession@c5a37ed
D/accs.SpdyConnection( 1235):  spdyPingRecvCallback uniId:436
D/accs.MessageHandler( 1235):  onRcvPing
D/accs.HeartbeatManager( 1235):  onHeartbeatSucc
D/accs.OrangeAdapter( 1235):  isSmartHb result:true
D/accs.HeartbeatManager( 1235):  set 480
D/accs.UtilityImpl( 1235):  setServiceTime:1515710435987
D/NetworkMonitor/NetworkAgentInfo [WIFI () - 100](  510): Probably not a portal: exception java.net.SocketTimeoutException: failed to connect to connectivitycheck.android.com/172.217.160.78 (port 80) after 10000ms
D/ConnectivityService(  510): setProvNotificationVisibleIntent: E visible=false networkType=0 extraInfo=null
I/tnet-jni( 1159): 99 - [spdyPingRecvCallback] - 
I/tnet-jni( 1159): 99 - [SpdySessionCallBack.spdyPingRecvCallback] - org.android.spdy.SpdySession@39f1e094
D/accs.SilenceConn_umeng:56aadbf567e58e38d4000976( 1159):  spdyPingRecvCallback uniId:436
D/accs.MsgRecv_umeng:56aadbf567e58e38d4000976( 1159):  onRcvPing
D/accs.HeartbeatManager( 1159):  onHeartbeatSucc
D/accs.OrangeAdapter( 1159):  isSmartHb result:true
D/accs.HeartbeatManager( 1159):  set 480
D/accs.UtilityImpl( 1159):  setServiceTime:1515710440267
I/tnet-jni( 1235): 103 - [spdyPingRecvCallback] - 
I/tnet-jni( 1235): 103 - [SpdySessionCallBack.spdyPingRecvCallback] - org.android.spdy.SpdySession@c5a37ed
D/accs.SpdyConnection( 1235):  spdyPingRecvCallback uniId:438
D/accs.MessageHandler( 1235):  onRcvPing
D/accs.HeartbeatManager( 1235):  onHeartbeatSucc
D/accs.OrangeAdapter( 1235):  isSmartHb result:true
D/accs.HeartbeatManager( 1235):  set 480
I/tnet-jni( 1159): 99 - [spdyPingRecvCallback] - 
I/tnet-jni( 1159): 99 - [SpdySessionCallBack.spdyPingRecvCallback] - org.android.spdy.SpdySession@39f1e094
D/accs.SilenceConn_umeng:56aadbf567e58e38d4000976( 1159):  spdyPingRecvCallback uniId:438
D/accs.MsgRecv_umeng:56aadbf567e58e38d4000976( 1159):  onRcvPing
D/accs.HeartbeatManager( 1159):  onHeartbeatSucc
D/accs.OrangeAdapter( 1159):  isSmartHb result:true
D/accs.HeartbeatManager( 1159):  set 480
I/tnet-jni( 1235): 103 - [spdyPingRecvCallback] - 
I/tnet-jni( 1235): 103 - [SpdySessionCallBack.spdyPingRecvCallback] - org.android.spdy.SpdySession@c5a37ed
D/accs.SpdyConnection( 1235):  spdyPingRecvCallback uniId:440
D/accs.MessageHandler( 1235):  onRcvPing
D/accs.HeartbeatManager( 1235):  onHeartbeatSucc
D/accs.OrangeAdapter( 1235):  isSmartHb result:true
D/accs.HeartbeatManager( 1235):  set 480
D/accs.UtilityImpl( 1235):  setServiceTime:1515710855995
I/tnet-jni( 1159): 99 - [spdyPingRecvCallback] - 
I/tnet-jni( 1159): 99 - [SpdySessionCallBack.spdyPingRecvCallback] - org.android.spdy.SpdySession@39f1e094
D/accs.SilenceConn_umeng:56aadbf567e58e38d4000976( 1159):  spdyPingRecvCallback uniId:440
D/accs.MsgRecv_umeng:56aadbf567e58e38d4000976( 1159):  onRcvPing
D/accs.HeartbeatManager( 1159):  onHeartbeatSucc
D/accs.OrangeAdapter( 1159):  isSmartHb result:true
D/accs.HeartbeatManager( 1159):  set 480
D/accs.UtilityImpl( 1159):  setServiceTime:1515710860276
D/NetworkMonitor/NetworkAgentInfo [WIFI () - 100](  510): OfflineState{ when=-100ms what=532488 arg2=1 target=com.android.internal.util.StateMachine$SmHandler }
D/NetworkMonitor/NetworkAgentInfo [WIFI () - 100](  510): DefaultState{ when=-100ms what=532488 arg2=1 target=com.android.internal.util.StateMachine$SmHandler }
D/NetworkMonitor/NetworkAgentInfo [WIFI () - 100](  510): Forcing reevaluation
D/NetworkMonitor/NetworkAgentInfo [WIFI () - 100](  510): EvaluatingState{ when=0 what=532486 arg1=79 target=com.android.internal.util.StateMachine$SmHandler }
D/NetworkMonitor/NetworkAgentInfo [WIFI () - 100](  510): Checking http://connectivitycheck.android.com/generate_204 on "WiredSSID"
D/NetworkMonitor/NetworkAgentInfo [WIFI () - 100](  510): Probably not a portal: exception java.net.SocketTimeoutException: failed to connect to connectivitycheck.android.com/172.217.160.110 (port 80) after 10000ms
D/ConnectivityService(  510): setProvNotificationVisibleIntent: E visible=false networkType=0 extraInfo=null
I/tnet-jni( 1235): 103 - [spdyPingRecvCallback] - 
I/tnet-jni( 1235): 103 - [SpdySessionCallBack.spdyPingRecvCallback] - org.android.spdy.SpdySession@c5a37ed
D/accs.SpdyConnection( 1235):  spdyPingRecvCallback uniId:442
D/accs.MessageHandler( 1235):  onRcvPing
D/accs.HeartbeatManager( 1235):  onHeartbeatSucc
D/accs.OrangeAdapter( 1235):  isSmartHb result:true
D/accs.HeartbeatManager( 1235):  set 480
I/tnet-jni( 1159): 99 - [spdyPingRecvCallback] - 
I/tnet-jni( 1159): 99 - [SpdySessionCallBack.spdyPingRecvCallback] - org.android.spdy.SpdySession@39f1e094
D/accs.SilenceConn_umeng:56aadbf567e58e38d4000976( 1159):  spdyPingRecvCallback uniId:442
D/accs.MsgRecv_umeng:56aadbf567e58e38d4000976( 1159):  onRcvPing
D/accs.HeartbeatManager( 1159):  onHeartbeatSucc
D/accs.OrangeAdapter( 1159):  isSmartHb result:true
D/accs.HeartbeatManager( 1159):  set 480
I/tnet-jni( 1235): 103 - [spdyPingRecvCallback] - 
I/tnet-jni( 1235): 103 - [SpdySessionCallBack.spdyPingRecvCallback] - org.android.spdy.SpdySession@c5a37ed
D/accs.SpdyConnection( 1235):  spdyPingRecvCallback uniId:444
D/accs.MessageHandler( 1235):  onRcvPing
D/accs.HeartbeatManager( 1235):  onHeartbeatSucc
D/accs.OrangeAdapter( 1235):  isSmartHb result:true
D/accs.HeartbeatManager( 1235):  set 480
D/accs.UtilityImpl( 1235):  setServiceTime:1515711276009
I/tnet-jni( 1159): 99 - [spdyPingRecvCallback] - 
I/tnet-jni( 1159): 99 - [SpdySessionCallBack.spdyPingRecvCallback] - org.android.spdy.SpdySession@39f1e094
D/accs.SilenceConn_umeng:56aadbf567e58e38d4000976( 1159):  spdyPingRecvCallback uniId:444
D/accs.MsgRecv_umeng:56aadbf567e58e38d4000976( 1159):  onRcvPing
D/accs.HeartbeatManager( 1159):  onHeartbeatSucc
D/accs.OrangeAdapter( 1159):  isSmartHb result:true
D/accs.HeartbeatManager( 1159):  set 480
D/accs.UtilityImpl( 1159):  setServiceTime:1515711280285
I/tnet-jni( 1235): 103 - [spdyPingRecvCallback] - 
I/tnet-jni( 1235): 103 - [SpdySessionCallBack.spdyPingRecvCallback] - org.android.spdy.SpdySession@c5a37ed
D/accs.SpdyConnection( 1235):  spdyPingRecvCallback uniId:446
D/accs.MessageHandler( 1235):  onRcvPing
D/accs.HeartbeatManager( 1235):  onHeartbeatSucc
D/accs.OrangeAdapter( 1235):  isSmartHb result:true
D/accs.HeartbeatManager( 1235):  set 480
I/tnet-jni( 1159): 99 - [spdyPingRecvCallback] - 
I/tnet-jni( 1159): 99 - [SpdySessionCallBack.spdyPingRecvCallback] - org.android.spdy.SpdySession@39f1e094
D/accs.SilenceConn_umeng:56aadbf567e58e38d4000976( 1159):  spdyPingRecvCallback uniId:446
D/accs.MsgRecv_umeng:56aadbf567e58e38d4000976( 1159):  onRcvPing
D/accs.HeartbeatManager( 1159):  onHeartbeatSucc
D/accs.OrangeAdapter( 1159):  isSmartHb result:true
D/accs.HeartbeatManager( 1159):  set 480
D/NetworkMonitor/NetworkAgentInfo [WIFI () - 100](  510): OfflineState{ when=-100ms what=532488 arg2=1 target=com.android.internal.util.StateMachine$SmHandler }
D/NetworkMonitor/NetworkAgentInfo [WIFI () - 100](  510): DefaultState{ when=-100ms what=532488 arg2=1 target=com.android.internal.util.StateMachine$SmHandler }
D/NetworkMonitor/NetworkAgentInfo [WIFI () - 100](  510): Forcing reevaluation
D/NetworkMonitor/NetworkAgentInfo [WIFI () - 100](  510): EvaluatingState{ when=0 what=532486 arg1=80 target=com.android.internal.util.StateMachine$SmHandler }
D/NetworkMonitor/NetworkAgentInfo [WIFI () - 100](  510): Checking http://connectivitycheck.android.com/generate_204 on "WiredSSID"
D/NetworkMonitor/NetworkAgentInfo [WIFI () - 100](  510): Probably not a portal: exception java.net.SocketTimeoutException: failed to connect to connectivitycheck.android.com/216.58.200.238 (port 80) after 10000ms
D/ConnectivityService(  510): setProvNotificationVisibleIntent: E visible=false networkType=0 extraInfo=null
I/tnet-jni( 1235): 103 - [spdyPingRecvCallback] - 
I/tnet-jni( 1235): 103 - [SpdySessionCallBack.spdyPingRecvCallback] - org.android.spdy.SpdySession@c5a37ed
D/accs.SpdyConnection( 1235):  spdyPingRecvCallback uniId:448
D/accs.MessageHandler( 1235):  onRcvPing
D/accs.HeartbeatManager( 1235):  onHeartbeatSucc
D/accs.OrangeAdapter( 1235):  isSmartHb result:true
D/accs.HeartbeatManager( 1235):  set 480
D/accs.UtilityImpl( 1235):  setServiceTime:1515711696018
I/tnet-jni( 1159): 99 - [spdyPingRecvCallback] - 
I/tnet-jni( 1159): 99 - [SpdySessionCallBack.spdyPingRecvCallback] - org.android.spdy.SpdySession@39f1e094
D/accs.SilenceConn_umeng:56aadbf567e58e38d4000976( 1159):  spdyPingRecvCallback uniId:448
D/accs.MsgRecv_umeng:56aadbf567e58e38d4000976( 1159):  onRcvPing
D/accs.HeartbeatManager( 1159):  onHeartbeatSucc
D/accs.OrangeAdapter( 1159):  isSmartHb result:true
D/accs.HeartbeatManager( 1159):  set 480
D/accs.UtilityImpl( 1159):  setServiceTime:1515711700293
I/ProcessStatsService(  510): Prepared write state in 0ms
I/tnet-jni( 1235): 103 - [spdyPingRecvCallback] - 
I/tnet-jni( 1235): 103 - [SpdySessionCallBack.spdyPingRecvCallback] - org.android.spdy.SpdySession@c5a37ed
D/accs.SpdyConnection( 1235):  spdyPingRecvCallback uniId:450
