I/ProcessStatsService(  510): Prepared write state in 1ms
D/ConnectivityService(  510): setProvNotificationVisibleIntent: E visible=false networkType=0 extraInfo=null
D/ConnectivityService(  510): setProvNotificationVisibleIntent: E visible=false networkType=0 extraInfo=null
D/ConnectivityService(  510): setProvNotificationVisibleIntent: E visible=false networkType=0 extraInfo=null
I/ProcessStatsService(  510): Prepared write state in 0ms
D/ConnectivityService(  510): setProvNotificationVisibleIntent: E visible=false networkType=0 extraInfo=null
D/ConnectivityService(  510): setProvNotificationVisibleIntent: E visible=false networkType=0 extraInfo=null
D/ConnectivityService(  510): setProvNotificationVisibleIntent: E visible=false networkType=0 extraInfo=null
I/ProcessStatsService(  510): Prepared write state in 0ms
D/ConnectivityService(  510): setProvNotificationVisibleIntent: E visible=false networkType=0 extraInfo=null
W/ActivityManager(  510): Unable to start service Intent { act=com.zzl.falcon.internal.intent.action.COCKROACH flg=0x4 (has extras) } U=0: not found
W/ActivityManager(  510): Unable to start service Intent { act=com.zzl.itoube.internal.intent.action.COCKROACH flg=0x4 (has extras) } U=0: not found
D/ConnectivityService(  510): setProvNotificationVisibleIntent: E visible=false networkType=0 extraInfo=null
D/ConnectivityService(  510): setProvNotificationVisibleIntent: E visible=false networkType=0 extraInfo=null
I/ProcessStatsService(  510): Prepared write state in 0ms
I/ProcessStatsService(  510): Prepared write state in 0ms
D/ConnectivityService(  510): setProvNotificationVisibleIntent: E visible=false networkType=0 extraInfo=null
D/ConnectivityService(  510): setProvNotificationVisibleIntent: E visible=false networkType=0 extraInfo=null
D/ConnectivityService(  510): setProvNotificationVisibleIntent: E visible=false networkType=0 extraInfo=null
I/EntropyMixer(  510): Writing entropy...
I/ProcessStatsService(  510): Prepared write state in 1ms
D/ConnectivityService(  510): setProvNotificationVisibleIntent: E visible=false networkType=0 extraInfo=null
D/ConnectivityService(  510): setProvNotificationVisibleIntent: E visible=false networkType=0 extraInfo=null
D/ConnectivityService(  510): setProvNotificationVisibleIntent: E visible=false networkType=0 extraInfo=null
I/ProcessStatsService(  510): Prepared write state in 0ms
I/ProcessStatsService(  510): Prepared write state in 0ms
D/ConnectivityService(  510): setProvNotificationVisibleIntent: E visible=false networkType=0 extraInfo=null
D/ConnectivityService(  510): setProvNotificationVisibleIntent: E visible=false networkType=0 extraInfo=null
D/ConnectivityService(  510): setProvNotificationVisibleIntent: E visible=false networkType=0 extraInfo=null
I/ProcessStatsService(  510): Prepared write state in 1ms
I/ProcessStatsService(  510): Prepared write state in 0ms
D/ConnectivityService(  510): setProvNotificationVisibleIntent: E visible=false networkType=0 extraInfo=null
W/ActivityManager(  510): Unable to start service Intent { act=com.zzl.falcon.internal.intent.action.COCKROACH flg=0x4 (has extras) } U=0: not found
W/ActivityManager(  510): Unable to start service Intent { act=com.zzl.itoube.internal.intent.action.COCKROACH flg=0x4 (has extras) } U=0: not found
D/ConnectivityService(  510): setProvNotificationVisibleIntent: E visible=false networkType=0 extraInfo=null
D/ConnectivityService(  510): setProvNotificationVisibleIntent: E visible=false networkType=0 extraInfo=null
I/ProcessStatsService(  510): Prepared write state in 0ms
D/ConnectivityService(  510): setProvNotificationVisibleIntent: E visible=false networkType=0 extraInfo=null
D/ConnectivityService(  510): setProvNotificationVisibleIntent: E visible=false networkType=0 extraInfo=null
D/ConnectivityService(  510): setProvNotificationVisibleIntent: E visible=false networkType=0 extraInfo=null
I/ProcessStatsService(  510): Prepared write state in 0ms
D/ConnectivityService(  510): setProvNotificationVisibleIntent: E visible=false networkType=0 extraInfo=null
D/ConnectivityService(  510): setProvNotificationVisibleIntent: E visible=false networkType=0 extraInfo=null
D/ConnectivityService(  510): setProvNotificationVisibleIntent: E visible=false networkType=0 extraInfo=null
I/ProcessStatsService(  510): Prepared write state in 1ms
D/ConnectivityService(  510): setProvNotificationVisibleIntent: E visible=false networkType=0 extraInfo=null
D/ConnectivityService(  510): setProvNotificationVisibleIntent: E visible=false networkType=0 extraInfo=null
D/ConnectivityService(  510): setProvNotificationVisibleIntent: E visible=false networkType=0 extraInfo=null
I/EntropyMixer(  510): Writing entropy...
I/ProcessStatsService(  510): Prepared write state in 1ms
I/ProcessStatsService(  510): Prepared write state in 0ms
D/ConnectivityService(  510): setProvNotificationVisibleIntent: E visible=false networkType=0 extraInfo=null
W/ActivityManager(  510): Unable to start service Intent { act=com.zzl.falcon.internal.intent.action.COCKROACH flg=0x4 (has extras) } U=0: not found
W/ActivityManager(  510): Unable to start service Intent { act=com.zzl.itoube.internal.intent.action.COCKROACH flg=0x4 (has extras) } U=0: not found
D/ConnectivityService(  510): setProvNotificationVisibleIntent: E visible=false networkType=0 extraInfo=null
D/ConnectivityService(  510): setProvNotificationVisibleIntent: E visible=false networkType=0 extraInfo=null
I/ProcessStatsService(  510): Prepared write state in 0ms
D/ConnectivityService(  510): setProvNotificationVisibleIntent: E visible=false networkType=0 extraInfo=null
D/ConnectivityService(  510): setProvNotificationVisibleIntent: E visible=false networkType=0 extraInfo=null
D/ConnectivityService(  510): setProvNotificationVisibleIntent: E visible=false networkType=0 extraInfo=null
I/ProcessStatsService(  510): Prepared write state in 0ms
D/ConnectivityService(  510): setProvNotificationVisibleIntent: E visible=false networkType=0 extraInfo=null
D/ConnectivityService(  510): setProvNotificationVisibleIntent: E visible=false networkType=0 extraInfo=null
D/ConnectivityService(  510): setProvNotificationVisibleIntent: E visible=false networkType=0 extraInfo=null
I/ProcessStatsService(  510): Prepared write state in 0ms
D/ConnectivityService(  510): setProvNotificationVisibleIntent: E visible=false networkType=0 extraInfo=null
D/ConnectivityService(  510): setProvNotificationVisibleIntent: E visible=false networkType=0 extraInfo=null
D/ConnectivityService(  510): setProvNotificationVisibleIntent: E visible=false networkType=0 extraInfo=null
I/ProcessStatsService(  510): Prepared write state in 0ms
D/ConnectivityService(  510): setProvNotificationVisibleIntent: E visible=false networkType=0 extraInfo=null
W/ActivityManager(  510): Unable to start service Intent { act=com.zzl.falcon.internal.intent.action.COCKROACH flg=0x4 (has extras) } U=0: not found
W/ActivityManager(  510): Unable to start service Intent { act=com.zzl.itoube.internal.intent.action.COCKROACH flg=0x4 (has extras) } U=0: not found
D/ConnectivityService(  510): setProvNotificationVisibleIntent: E visible=false networkType=0 extraInfo=null
D/ConnectivityService(  510): setProvNotificationVisibleIntent: E visible=false networkType=0 extraInfo=null
I/ProcessStatsService(  510): Prepared write state in 0ms
D/ConnectivityService(  510): setProvNotificationVisibleIntent: E visible=false networkType=0 extraInfo=null
D/ConnectivityService(  510): setProvNotificationVisibleIntent: E visible=false networkType=0 extraInfo=null
D/ConnectivityService(  510): setProvNotificationVisibleIntent: E visible=false networkType=0 extraInfo=null
I/EntropyMixer(  510): Writing entropy...
--------- beginning of main
I/tnet-jni( 1159): 99 - [spdyPingRecvCallback] - 
I/tnet-jni( 1159): 99 - [SpdySessionCallBack.spdyPingRecvCallback] - org.android.spdy.SpdySession@39f1e094
D/accs.SilenceConn_umeng:56aadbf567e58e38d4000976( 1159):  spdyPingRecvCallback uniId:310
D/accs.MsgRecv_umeng:56aadbf567e58e38d4000976( 1159):  onRcvPing
D/accs.HeartbeatManager( 1159):  onHeartbeatSucc
D/accs.OrangeAdapter( 1159):  isSmartHb result:true
D/accs.HeartbeatManager( 1159):  set 480
I/ProcessStatsService(  510): Prepared write state in 1ms
I/tnet-jni( 1235): 103 - [spdyPingRecvCallback] - 
I/tnet-jni( 1235): 103 - [SpdySessionCallBack.spdyPingRecvCallback] - org.android.spdy.SpdySession@c5a37ed
D/accs.SpdyConnection( 1235):  spdyPingRecvCallback uniId:312
D/accs.MessageHandler( 1235):  onRcvPing
D/accs.HeartbeatManager( 1235):  onHeartbeatSucc
D/accs.OrangeAdapter( 1235):  isSmartHb result:true
D/accs.HeartbeatManager( 1235):  set 480
D/accs.UtilityImpl( 1235):  setServiceTime:1515697415692
I/tnet-jni( 1159): 99 - [spdyPingRecvCallback] - 
I/tnet-jni( 1159): 99 - [SpdySessionCallBack.spdyPingRecvCallback] - org.android.spdy.SpdySession@39f1e094
D/accs.SilenceConn_umeng:56aadbf567e58e38d4000976( 1159):  spdyPingRecvCallback uniId:312
D/accs.MsgRecv_umeng:56aadbf567e58e38d4000976( 1159):  onRcvPing
D/accs.HeartbeatManager( 1159):  onHeartbeatSucc
D/accs.OrangeAdapter( 1159):  isSmartHb result:true
D/accs.HeartbeatManager( 1159):  set 480
D/accs.UtilityImpl( 1159):  setServiceTime:1515697419939
D/NetworkMonitor/NetworkAgentInfo [WIFI () - 100](  510): OfflineState{ when=-101ms what=532488 arg2=1 target=com.android.internal.util.StateMachine$SmHandler }
D/NetworkMonitor/NetworkAgentInfo [WIFI () - 100](  510): DefaultState{ when=-101ms what=532488 arg2=1 target=com.android.internal.util.StateMachine$SmHandler }
D/NetworkMonitor/NetworkAgentInfo [WIFI () - 100](  510): Forcing reevaluation
D/NetworkMonitor/NetworkAgentInfo [WIFI () - 100](  510): EvaluatingState{ when=0 what=532486 arg1=57 target=com.android.internal.util.StateMachine$SmHandler }
D/NetworkMonitor/NetworkAgentInfo [WIFI () - 100](  510): Checking http://connectivitycheck.android.com/generate_204 on "WiredSSID"
D/NetworkMonitor/NetworkAgentInfo [WIFI () - 100](  510): Probably not a portal: exception java.net.SocketTimeoutException: failed to connect to connectivitycheck.android.com/172.217.160.78 (port 80) after 10000ms
D/ConnectivityService(  510): setProvNotificationVisibleIntent: E visible=false networkType=0 extraInfo=null
I/tnet-jni( 1235): 103 - [spdyPingRecvCallback] - 
I/tnet-jni( 1235): 103 - [SpdySessionCallBack.spdyPingRecvCallback] - org.android.spdy.SpdySession@c5a37ed
D/accs.SpdyConnection( 1235):  spdyPingRecvCallback uniId:314
D/accs.MessageHandler( 1235):  onRcvPing
D/accs.HeartbeatManager( 1235):  onHeartbeatSucc
D/accs.OrangeAdapter( 1235):  isSmartHb result:true
D/accs.HeartbeatManager( 1235):  set 480
I/tnet-jni( 1159): 99 - [spdyPingRecvCallback] - 
I/tnet-jni( 1159): 99 - [SpdySessionCallBack.spdyPingRecvCallback] - org.android.spdy.SpdySession@39f1e094
D/accs.SilenceConn_umeng:56aadbf567e58e38d4000976( 1159):  spdyPingRecvCallback uniId:314
D/accs.MsgRecv_umeng:56aadbf567e58e38d4000976( 1159):  onRcvPing
D/accs.HeartbeatManager( 1159):  onHeartbeatSucc
D/accs.OrangeAdapter( 1159):  isSmartHb result:true
D/accs.HeartbeatManager( 1159):  set 480
I/LatinIME:LogUtils(  675): Dictionary info: dictionary = UserHistoryDictionary.en_US ; version = 1515651636 ; date = 1515697749
I/tnet-jni( 1235): 103 - [spdyPingRecvCallback] - 
I/tnet-jni( 1235): 103 - [SpdySessionCallBack.spdyPingRecvCallback] - org.android.spdy.SpdySession@c5a37ed
D/accs.SpdyConnection( 1235):  spdyPingRecvCallback uniId:316
D/accs.MessageHandler( 1235):  onRcvPing
D/accs.HeartbeatManager( 1235):  onHeartbeatSucc
D/accs.OrangeAdapter( 1235):  isSmartHb result:true
D/accs.HeartbeatManager( 1235):  set 480
D/accs.UtilityImpl( 1235):  setServiceTime:1515697835701
I/tnet-jni( 1159): 99 - [spdyPingRecvCallback] - 
I/tnet-jni( 1159): 99 - [SpdySessionCallBack.spdyPingRecvCallback] - org.android.spdy.SpdySession@39f1e094
D/accs.SilenceConn_umeng:56aadbf567e58e38d4000976( 1159):  spdyPingRecvCallback uniId:316
D/accs.MsgRecv_umeng:56aadbf567e58e38d4000976( 1159):  onRcvPing
D/accs.HeartbeatManager( 1159):  onHeartbeatSucc
D/accs.OrangeAdapter( 1159):  isSmartHb result:true
D/accs.HeartbeatManager( 1159):  set 480
D/accs.UtilityImpl( 1159):  setServiceTime:1515697839948
I/tnet-jni( 1235): 103 - [spdyPingRecvCallback] - 
I/tnet-jni( 1235): 103 - [SpdySessionCallBack.spdyPingRecvCallback] - org.android.spdy.SpdySession@c5a37ed
D/accs.SpdyConnection( 1235):  spdyPingRecvCallback uniId:318
D/accs.MessageHandler( 1235):  onRcvPing
D/accs.HeartbeatManager( 1235):  onHeartbeatSucc
D/accs.OrangeAdapter( 1235):  isSmartHb result:true
D/accs.HeartbeatManager( 1235):  set 480
I/tnet-jni( 1159): 99 - [spdyPingRecvCallback] - 
I/tnet-jni( 1159): 99 - [SpdySessionCallBack.spdyPingRecvCallback] - org.android.spdy.SpdySession@39f1e094
D/accs.SilenceConn_umeng:56aadbf567e58e38d4000976( 1159):  spdyPingRecvCallback uniId:318
D/accs.MsgRecv_umeng:56aadbf567e58e38d4000976( 1159):  onRcvPing
D/accs.HeartbeatManager( 1159):  onHeartbeatSucc
D/accs.OrangeAdapter( 1159):  isSmartHb result:true
D/accs.HeartbeatManager( 1159):  set 480
D/NetworkMonitor/NetworkAgentInfo [WIFI () - 100](  510): OfflineState{ when=-43ms what=532488 arg2=1 target=com.android.internal.util.StateMachine$SmHandler }
D/NetworkMonitor/NetworkAgentInfo [WIFI () - 100](  510): DefaultState{ when=-44ms what=532488 arg2=1 target=com.android.internal.util.StateMachine$SmHandler }
D/NetworkMonitor/NetworkAgentInfo [WIFI () - 100](  510): Forcing reevaluation
D/NetworkMonitor/NetworkAgentInfo [WIFI () - 100](  510): EvaluatingState{ when=0 what=532486 arg1=58 target=com.android.internal.util.StateMachine$SmHandler }
D/NetworkMonitor/NetworkAgentInfo [WIFI () - 100](  510): Checking http://connectivitycheck.android.com/generate_204 on "WiredSSID"
D/NetworkMonitor/NetworkAgentInfo [WIFI () - 100](  510): Probably not a portal: exception java.net.SocketTimeoutException: failed to connect to connectivitycheck.android.com/172.217.27.142 (port 80) after 10000ms
D/ConnectivityService(  510): setProvNotificationVisibleIntent: E visible=false networkType=0 extraInfo=null
I/tnet-jni( 1235): 103 - [spdyPingRecvCallback] - 
I/tnet-jni( 1235): 103 - [SpdySessionCallBack.spdyPingRecvCallback] - org.android.spdy.SpdySession@c5a37ed
D/accs.SpdyConnection( 1235):  spdyPingRecvCallback uniId:320
D/accs.MessageHandler( 1235):  onRcvPing
D/accs.HeartbeatManager( 1235):  onHeartbeatSucc
D/accs.OrangeAdapter( 1235):  isSmartHb result:true
D/accs.HeartbeatManager( 1235):  set 480
D/accs.UtilityImpl( 1235):  setServiceTime:1515698255713
I/tnet-jni( 1159): 99 - [spdyPingRecvCallback] - 
I/tnet-jni( 1159): 99 - [SpdySessionCallBack.spdyPingRecvCallback] - org.android.spdy.SpdySession@39f1e094
D/accs.SilenceConn_umeng:56aadbf567e58e38d4000976( 1159):  spdyPingRecvCallback uniId:320
D/accs.MsgRecv_umeng:56aadbf567e58e38d4000976( 1159):  onRcvPing
D/accs.HeartbeatManager( 1159):  onHeartbeatSucc
D/accs.OrangeAdapter( 1159):  isSmartHb result:true
D/accs.HeartbeatManager( 1159):  set 480
D/accs.UtilityImpl( 1159):  setServiceTime:1515698259956
I/tnet-jni( 1235): 103 - [spdyPingRecvCallback] - 
I/tnet-jni( 1235): 103 - [SpdySessionCallBack.spdyPingRecvCallback] - org.android.spdy.SpdySession@c5a37ed
D/accs.SpdyConnection( 1235):  spdyPingRecvCallback uniId:322
D/accs.MessageHandler( 1235):  onRcvPing
D/accs.HeartbeatManager( 1235):  onHeartbeatSucc
D/accs.OrangeAdapter( 1235):  isSmartHb result:true
D/accs.HeartbeatManager( 1235):  set 480
I/tnet-jni( 1159): 99 - [spdyPingRecvCallback] - 
I/tnet-jni( 1159): 99 - [SpdySessionCallBack.spdyPingRecvCallback] - org.android.spdy.SpdySession@39f1e094
D/accs.SilenceConn_umeng:56aadbf567e58e38d4000976( 1159):  spdyPingRecvCallback uniId:322
D/accs.MsgRecv_umeng:56aadbf567e58e38d4000976( 1159):  onRcvPing
D/accs.HeartbeatManager( 1159):  onHeartbeatSucc
D/accs.OrangeAdapter( 1159):  isSmartHb result:true
D/accs.HeartbeatManager( 1159):  set 480
I/tnet-jni( 1235): 103 - [spdyPingRecvCallback] - 
I/tnet-jni( 1235): 103 - [SpdySessionCallBack.spdyPingRecvCallback] - org.android.spdy.SpdySession@c5a37ed
D/accs.SpdyConnection( 1235):  spdyPingRecvCallback uniId:324
D/accs.MessageHandler( 1235):  onRcvPing
D/accs.HeartbeatManager( 1235):  onHeartbeatSucc
D/accs.OrangeAdapter( 1235):  isSmartHb result:true
D/accs.HeartbeatManager( 1235):  set 480
D/accs.UtilityImpl( 1235):  setServiceTime:1515698675722
I/tnet-jni( 1159): 99 - [spdyPingRecvCallback] - 
I/tnet-jni( 1159): 99 - [SpdySessionCallBack.spdyPingRecvCallback] - org.android.spdy.SpdySession@39f1e094
D/accs.SilenceConn_umeng:56aadbf567e58e38d4000976( 1159):  spdyPingRecvCallback uniId:324
D/accs.MsgRecv_umeng:56aadbf567e58e38d4000976( 1159):  onRcvPing
D/accs.HeartbeatManager( 1159):  onHeartbeatSucc
D/accs.OrangeAdapter( 1159):  isSmartHb result:true
D/accs.HeartbeatManager( 1159):  set 480
D/accs.UtilityImpl( 1159):  setServiceTime:1515698679966
D/NetworkMonitor/NetworkAgentInfo [WIFI () - 100](  510): OfflineState{ when=-100ms what=532488 arg2=1 target=com.android.internal.util.StateMachine$SmHandler }
D/NetworkMonitor/NetworkAgentInfo [WIFI () - 100](  510): DefaultState{ when=-100ms what=532488 arg2=1 target=com.android.internal.util.StateMachine$SmHandler }
D/NetworkMonitor/NetworkAgentInfo [WIFI () - 100](  510): Forcing reevaluation
D/NetworkMonitor/NetworkAgentInfo [WIFI () - 100](  510): EvaluatingState{ when=0 what=532486 arg1=59 target=com.android.internal.util.StateMachine$SmHandler }
D/NetworkMonitor/NetworkAgentInfo [WIFI () - 100](  510): Checking http://connectivitycheck.android.com/generate_204 on "WiredSSID"
D/NetworkMonitor/NetworkAgentInfo [WIFI () - 100](  510): Probably not a portal: exception java.net.SocketTimeoutException: failed to connect to connectivitycheck.android.com/172.217.160.110 (port 80) after 10000ms
D/ConnectivityService(  510): setProvNotificationVisibleIntent: E visible=false networkType=0 extraInfo=null
I/tnet-jni( 1235): 103 - [spdyPingRecvCallback] - 
I/tnet-jni( 1235): 103 - [SpdySessionCallBack.spdyPingRecvCallback] - org.android.spdy.SpdySession@c5a37ed
D/accs.SpdyConnection( 1235):  spdyPingRecvCallback uniId:326
D/accs.MessageHandler( 1235):  onRcvPing
D/accs.HeartbeatManager( 1235):  onHeartbeatSucc
D/accs.OrangeAdapter( 1235):  isSmartHb result:true
D/accs.HeartbeatManager( 1235):  set 480
I/tnet-jni( 1159): 99 - [spdyPingRecvCallback] - 
I/tnet-jni( 1159): 99 - [SpdySessionCallBack.spdyPingRecvCallback] - org.android.spdy.SpdySession@39f1e094
D/accs.SilenceConn_umeng:56aadbf567e58e38d4000976( 1159):  spdyPingRecvCallback uniId:326
D/accs.MsgRecv_umeng:56aadbf567e58e38d4000976( 1159):  onRcvPing
D/accs.HeartbeatManager( 1159):  onHeartbeatSucc
D/accs.OrangeAdapter( 1159):  isSmartHb result:true
D/accs.HeartbeatManager( 1159):  set 480
I/tnet-jni( 1235): 103 - [spdyPingRecvCallback] - 
I/tnet-jni( 1235): 103 - [SpdySessionCallBack.spdyPingRecvCallback] - org.android.spdy.SpdySession@c5a37ed
D/accs.SpdyConnection( 1235):  spdyPingRecvCallback uniId:328
D/accs.MessageHandler( 1235):  onRcvPing
D/accs.HeartbeatManager( 1235):  onHeartbeatSucc
D/accs.OrangeAdapter( 1235):  isSmartHb result:true
D/accs.HeartbeatManager( 1235):  set 480
D/accs.UtilityImpl( 1235):  setServiceTime:1515699095733
I/tnet-jni( 1159): 99 - [spdyPingRecvCallback] - 
I/tnet-jni( 1159): 99 - [SpdySessionCallBack.spdyPingRecvCallback] - org.android.spdy.SpdySession@39f1e094
D/accs.SilenceConn_umeng:56aadbf567e58e38d4000976( 1159):  spdyPingRecvCallback uniId:328
D/accs.MsgRecv_umeng:56aadbf567e58e38d4000976( 1159):  onRcvPing
D/accs.HeartbeatManager( 1159):  onHeartbeatSucc
D/accs.OrangeAdapter( 1159):  isSmartHb result:true
D/accs.HeartbeatManager( 1159):  set 480
D/accs.UtilityImpl( 1159):  setServiceTime:1515699099974
I/ProcessStatsService(  510): Prepared write state in 0ms
I/tnet-jni( 1235): 103 - [spdyPingRecvCallback] - 
I/tnet-jni( 1235): 103 - [SpdySessionCallBack.spdyPingRecvCallback] - org.android.spdy.SpdySession@c5a37ed
D/accs.SpdyConnection( 1235):  spdyPingRecvCallback uniId:330
D/accs.MessageHandler( 1235):  onRcvPing
D/accs.HeartbeatManager( 1235):  onHeartbeatSucc
D/accs.OrangeAdapter( 1235):  isSmartHb result:true
D/accs.HeartbeatManager( 1235):  set 480
I/tnet-jni( 1159): 99 - [spdyPingRecvCallback] - 
I/tnet-jni( 1159): 99 - [SpdySessionCallBack.spdyPingRecvCallback] - org.android.spdy.SpdySession@39f1e094
D/accs.SilenceConn_umeng:56aadbf567e58e38d4000976( 1159):  spdyPingRecvCallback uniId:330
D/accs.MsgRecv_umeng:56aadbf567e58e38d4000976( 1159):  onRcvPing
D/accs.HeartbeatManager( 1159):  onHeartbeatSucc
D/accs.OrangeAdapter( 1159):  isSmartHb result:true
D/accs.HeartbeatManager( 1159):  set 480
D/NetworkMonitor/NetworkAgentInfo [WIFI () - 100](  510): OfflineState{ when=-101ms what=532488 arg2=1 target=com.android.internal.util.StateMachine$SmHandler }
D/NetworkMonitor/NetworkAgentInfo [WIFI () - 100](  510): DefaultState{ when=-101ms what=532488 arg2=1 target=com.android.internal.util.StateMachine$SmHandler }
D/NetworkMonitor/NetworkAgentInfo [WIFI () - 100](  510): Forcing reevaluation
D/NetworkMonitor/NetworkAgentInfo [WIFI () - 100](  510): EvaluatingState{ when=0 what=532486 arg1=60 target=com.android.internal.util.StateMachine$SmHandler }
D/NetworkMonitor/NetworkAgentInfo [WIFI () - 100](  510): Checking http://connectivitycheck.android.com/generate_204 on "WiredSSID"
D/NetworkMonitor/NetworkAgentInfo [WIFI () - 100](  510): Probably not a portal: exception java.net.SocketTimeoutException: failed to connect to connectivitycheck.android.com/216.58.200.46 (port 80) after 10000ms
D/ConnectivityService(  510): setProvNotificationVisibleIntent: E visible=false networkType=0 extraInfo=null
I/tnet-jni( 1235): 103 - [spdyPingRecvCallback] - 
I/tnet-jni( 1235): 103 - [SpdySessionCallBack.spdyPingRecvCallback] - org.android.spdy.SpdySession@c5a37ed
D/accs.SpdyConnection( 1235):  spdyPingRecvCallback uniId:332
D/accs.MessageHandler( 1235):  onRcvPing
D/accs.HeartbeatManager( 1235):  onHeartbeatSucc
D/accs.OrangeAdapter( 1235):  isSmartHb result:true
D/accs.HeartbeatManager( 1235):  set 480
D/accs.UtilityImpl( 1235):  setServiceTime:1515699515742
I/tnet-jni( 1159): 99 - [spdyPingRecvCallback] - 
I/tnet-jni( 1159): 99 - [SpdySessionCallBack.spdyPingRecvCallback] - org.android.spdy.SpdySession@39f1e094
D/accs.SilenceConn_umeng:56aadbf567e58e38d4000976( 1159):  spdyPingRecvCallback uniId:332
D/accs.MsgRecv_umeng:56aadbf567e58e38d4000976( 1159):  onRcvPing
D/accs.HeartbeatManager( 1159):  onHeartbeatSucc
D/accs.OrangeAdapter( 1159):  isSmartHb result:true
D/accs.HeartbeatManager( 1159):  set 480
D/accs.UtilityImpl( 1159):  setServiceTime:1515699519984
I/tnet-jni( 1235): 103 - [spdyPingRecvCallback] - 
I/tnet-jni( 1235): 103 - [SpdySessionCallBack.spdyPingRecvCallback] - org.android.spdy.SpdySession@c5a37ed
D/accs.SpdyConnection( 1235):  spdyPingRecvCallback uniId:334
D/accs.MessageHandler( 1235):  onRcvPing
D/accs.HeartbeatManager( 1235):  onHeartbeatSucc
D/accs.OrangeAdapter( 1235):  isSmartHb result:true
D/accs.HeartbeatManager( 1235):  set 480
I/tnet-jni( 1159): 99 - [spdyPingRecvCallback] - 
I/tnet-jni( 1159): 99 - [SpdySessionCallBack.spdyPingRecvCallback] - org.android.spdy.SpdySession@39f1e094
D/accs.SilenceConn_umeng:56aadbf567e58e38d4000976( 1159):  spdyPingRecvCallback uniId:334
D/accs.MsgRecv_umeng:56aadbf567e58e38d4000976( 1159):  onRcvPing
D/accs.HeartbeatManager( 1159):  onHeartbeatSucc
D/accs.OrangeAdapter( 1159):  isSmartHb result:true
D/accs.HeartbeatManager( 1159):  set 480
I/tnet-jni( 1235): 103 - [spdyPingRecvCallback] - 
I/tnet-jni( 1235): 103 - [SpdySessionCallBack.spdyPingRecvCallback] - org.android.spdy.SpdySession@c5a37ed
D/accs.SpdyConnection( 1235):  spdyPingRecvCallback uniId:336
D/accs.MessageHandler( 1235):  onRcvPing
D/accs.HeartbeatManager( 1235):  onHeartbeatSucc
D/accs.OrangeAdapter( 1235):  isSmartHb result:true
D/accs.HeartbeatManager( 1235):  set 480
D/accs.UtilityImpl( 1235):  setServiceTime:1515699935750
I/tnet-jni( 1159): 99 - [spdyPingRecvCallback] - 
I/tnet-jni( 1159): 99 - [SpdySessionCallBack.spdyPingRecvCallback] - org.android.spdy.SpdySession@39f1e094
D/accs.SilenceConn_umeng:56aadbf567e58e38d4000976( 1159):  spdyPingRecvCallback uniId:336
D/accs.MsgRecv_umeng:56aadbf567e58e38d4000976( 1159):  onRcvPing
D/accs.HeartbeatManager( 1159):  onHeartbeatSucc
D/accs.OrangeAdapter( 1159):  isSmartHb result:true
D/accs.HeartbeatManager( 1159):  set 480
D/accs.UtilityImpl( 1159):  setServiceTime:1515699939995
D/NetworkMonitor/NetworkAgentInfo [WIFI () - 100](  510): OfflineState{ when=-98ms what=532488 arg2=1 target=com.android.internal.util.StateMachine$SmHandler }
D/NetworkMonitor/NetworkAgentInfo [WIFI () - 100](  510): DefaultState{ when=-98ms what=532488 arg2=1 target=com.android.internal.util.StateMachine$SmHandler }
D/NetworkMonitor/NetworkAgentInfo [WIFI () - 100](  510): Forcing reevaluation
D/NetworkMonitor/NetworkAgentInfo [WIFI () - 100](  510): EvaluatingState{ when=0 what=532486 arg1=61 target=com.android.internal.util.StateMachine$SmHandler }
D/NetworkMonitor/NetworkAgentInfo [WIFI () - 100](  510): Checking http://connectivitycheck.android.com/generate_204 on "WiredSSID"
D/NetworkMonitor/NetworkAgentInfo [WIFI () - 100](  510): Probably not a portal: exception java.net.SocketTimeoutException: failed to connect to connectivitycheck.android.com/216.58.200.238 (port 80) after 10000ms
D/ConnectivityService(  510): setProvNotificationVisibleIntent: E visible=false networkType=0 extraInfo=null
I/tnet-jni( 1235): 103 - [spdyPingRecvCallback] - 
I/tnet-jni( 1235): 103 - [SpdySessionCallBack.spdyPingRecvCallback] - org.android.spdy.SpdySession@c5a37ed
D/accs.SpdyConnection( 1235):  spdyPingRecvCallback uniId:338
D/accs.MessageHandler( 1235):  onRcvPing
D/accs.HeartbeatManager( 1235):  onHeartbeatSucc
D/accs.OrangeAdapter( 1235):  isSmartHb result:true
D/accs.HeartbeatManager( 1235):  set 480
I/tnet-jni( 1159): 99 - [spdyPingRecvCallback] - 
I/tnet-jni( 1159): 99 - [SpdySessionCallBack.spdyPingRecvCallback] - org.android.spdy.SpdySession@39f1e094
D/accs.SilenceConn_umeng:56aadbf567e58e38d4000976( 1159):  spdyPingRecvCallback uniId:338
D/accs.MsgRecv_umeng:56aadbf567e58e38d4000976( 1159):  onRcvPing
D/accs.HeartbeatManager( 1159):  onHeartbeatSucc
D/accs.OrangeAdapter( 1159):  isSmartHb result:true
D/accs.HeartbeatManager( 1159):  set 480
I/tnet-jni( 1235): 103 - [spdyPingRecvCallback] - 
I/tnet-jni( 1235): 103 - [SpdySessionCallBack.spdyPingRecvCallback] - org.android.spdy.SpdySession@c5a37ed
D/accs.SpdyConnection( 1235):  spdyPingRecvCallback uniId:340
D/accs.MessageHandler( 1235):  onRcvPing
D/accs.HeartbeatManager( 1235):  onHeartbeatSucc
D/accs.OrangeAdapter( 1235):  isSmartHb result:true
D/accs.HeartbeatManager( 1235):  set 480
D/accs.UtilityImpl( 1235):  setServiceTime:1515700355764
I/tnet-jni( 1159): 99 - [spdyPingRecvCallback] - 
I/tnet-jni( 1159): 99 - [SpdySessionCallBack.spdyPingRecvCallback] - org.android.spdy.SpdySession@39f1e094
D/accs.SilenceConn_umeng:56aadbf567e58e38d4000976( 1159):  spdyPingRecvCallback uniId:340
D/accs.MsgRecv_umeng:56aadbf567e58e38d4000976( 1159):  onRcvPing
D/accs.HeartbeatManager( 1159):  onHeartbeatSucc
D/accs.OrangeAdapter( 1159):  isSmartHb result:true
D/accs.HeartbeatManager( 1159):  set 480
D/accs.UtilityImpl( 1159):  setServiceTime:1515700360005
I/tnet-jni( 1235): 103 - [spdyPingRecvCallback] - 
I/tnet-jni( 1235): 103 - [SpdySessionCallBack.spdyPingRecvCallback] - org.android.spdy.SpdySession@c5a37ed
D/accs.SpdyConnection( 1235):  spdyPingRecvCallback uniId:342
D/accs.MessageHandler( 1235):  onRcvPing
D/accs.HeartbeatManager( 1235):  onHeartbeatSucc
D/accs.OrangeAdapter( 1235):  isSmartHb result:true
D/accs.HeartbeatManager( 1235):  set 480
I/tnet-jni( 1159): 99 - [spdyPingRecvCallback] - 
I/tnet-jni( 1159): 99 - [SpdySessionCallBack.spdyPingRecvCallback] - org.android.spdy.SpdySession@39f1e094
D/accs.SilenceConn_umeng:56aadbf567e58e38d4000976( 1159):  spdyPingRecvCallback uniId:342
D/accs.MsgRecv_umeng:56aadbf567e58e38d4000976( 1159):  onRcvPing
D/accs.HeartbeatManager( 1159):  onHeartbeatSucc
D/accs.OrangeAdapter( 1159):  isSmartHb result:true
D/accs.HeartbeatManager( 1159):  set 480
D/NetworkMonitor/NetworkAgentInfo [WIFI () - 100](  510): OfflineState{ when=-101ms what=532488 arg2=1 target=com.android.internal.util.StateMachine$SmHandler }
D/NetworkMonitor/NetworkAgentInfo [WIFI () - 100](  510): DefaultState{ when=-101ms what=532488 arg2=1 target=com.android.internal.util.StateMachine$SmHandler }
D/NetworkMonitor/NetworkAgentInfo [WIFI () - 100](  510): Forcing reevaluation
D/NetworkMonitor/NetworkAgentInfo [WIFI () - 100](  510): EvaluatingState{ when=-1ms what=532486 arg1=62 target=com.android.internal.util.StateMachine$SmHandler }
D/NetworkMonitor/NetworkAgentInfo [WIFI () - 100](  510): Checking http://connectivitycheck.android.com/generate_204 on "WiredSSID"
D/NetworkMonitor/NetworkAgentInfo [WIFI () - 100](  510): Probably not a portal: exception java.net.SocketTimeoutException: failed to connect to connectivitycheck.android.com/172.217.160.78 (port 80) after 10000ms
D/ConnectivityService(  510): setProvNotificationVisibleIntent: E visible=false networkType=0 extraInfo=null
W/ActivityManager(  510): Unable to start service Intent { act=com.zzl.falcon.internal.intent.action.COCKROACH flg=0x4 (has extras) } U=0: not found
W/ActivityManager(  510): Unable to start service Intent { act=com.zzl.itoube.internal.intent.action.COCKROACH flg=0x4 (has extras) } U=0: not found
I/tnet-jni( 1235): 103 - [spdyPingRecvCallback] - 
I/tnet-jni( 1235): 103 - [SpdySessionCallBack.spdyPingRecvCallback] - org.android.spdy.SpdySession@c5a37ed
D/accs.SpdyConnection( 1235):  spdyPingRecvCallback uniId:344
D/accs.MessageHandler( 1235):  onRcvPing
D/accs.HeartbeatManager( 1235):  onHeartbeatSucc
D/accs.OrangeAdapter( 1235):  isSmartHb result:true
D/accs.HeartbeatManager( 1235):  set 480
D/accs.UtilityImpl( 1235):  setServiceTime:1515700775773
I/tnet-jni( 1159): 99 - [spdyPingRecvCallback] - 
I/tnet-jni( 1159): 99 - [SpdySessionCallBack.spdyPingRecvCallback] - org.android.spdy.SpdySession@39f1e094
D/accs.SilenceConn_umeng:56aadbf567e58e38d4000976( 1159):  spdyPingRecvCallback uniId:344
D/accs.MsgRecv_umeng:56aadbf567e58e38d4000976( 1159):  onRcvPing
D/accs.HeartbeatManager( 1159):  onHeartbeatSucc
D/accs.OrangeAdapter( 1159):  isSmartHb result:true
D/accs.HeartbeatManager( 1159):  set 480
D/accs.UtilityImpl( 1159):  setServiceTime:1515700780014
I/ProcessStatsService(  510): Prepared write state in 0ms
I/ProcessStatsService(  510): Prepared write state in 0ms
I/tnet-jni( 1235): 103 - [spdyPingRecvCallback] - 
I/tnet-jni( 1235): 103 - [SpdySessionCallBack.spdyPingRecvCallback] - org.android.spdy.SpdySession@c5a37ed
D/accs.SpdyConnection( 1235):  spdyPingRecvCallback uniId:346
D/accs.MessageHandler( 1235):  onRcvPing
D/accs.HeartbeatManager( 1235):  onHeartbeatSucc
D/accs.OrangeAdapter( 1235):  isSmartHb result:true
D/accs.HeartbeatManager( 1235):  set 480
I/tnet-jni( 1159): 99 - [spdyPingRecvCallback] - 
I/tnet-jni( 1159): 99 - [SpdySessionCallBack.spdyPingRecvCallback] - org.android.spdy.SpdySession@39f1e094
D/accs.SilenceConn_umeng:56aadbf567e58e38d4000976( 1159):  spdyPingRecvCallback uniId:346
D/accs.MsgRecv_umeng:56aadbf567e58e38d4000976( 1159):  onRcvPing
D/accs.HeartbeatManager( 1159):  onHeartbeatSucc
D/accs.OrangeAdapter( 1159):  isSmartHb result:true
D/accs.HeartbeatManager( 1159):  set 480
I/tnet-jni( 1235): 103 - [spdyPingRecvCallback] - 
I/tnet-jni( 1235): 103 - [SpdySessionCallBack.spdyPingRecvCallback] - org.android.spdy.SpdySession@c5a37ed
D/accs.SpdyConnection( 1235):  spdyPingRecvCallback uniId:348
D/accs.MessageHandler( 1235):  onRcvPing
D/accs.HeartbeatManager( 1235):  onHeartbeatSucc
D/accs.OrangeAdapter( 1235):  isSmartHb result:true
D/accs.HeartbeatManager( 1235):  set 480
D/accs.UtilityImpl( 1235):  setServiceTime:1515701195781
I/tnet-jni( 1159): 99 - [spdyPingRecvCallback] - 
I/tnet-jni( 1159): 99 - [SpdySessionCallBack.spdyPingRecvCallback] - org.android.spdy.SpdySession@39f1e094
D/accs.SilenceConn_umeng:56aadbf567e58e38d4000976( 1159):  spdyPingRecvCallback uniId:348
D/accs.MsgRecv_umeng:56aadbf567e58e38d4000976( 1159):  onRcvPing
D/accs.HeartbeatManager( 1159):  onHeartbeatSucc
D/accs.OrangeAdapter( 1159):  isSmartHb result:true
D/accs.HeartbeatManager( 1159):  set 480
D/accs.UtilityImpl( 1159):  setServiceTime:1515701200022
D/NetworkMonitor/NetworkAgentInfo [WIFI () - 100](  510): OfflineState{ when=-101ms what=532488 arg2=1 target=com.android.internal.util.StateMachine$SmHandler }
D/NetworkMonitor/NetworkAgentInfo [WIFI () - 100](  510): DefaultState{ when=-101ms what=532488 arg2=1 target=com.android.internal.util.StateMachine$SmHandler }
D/NetworkMonitor/NetworkAgentInfo [WIFI () - 100](  510): Forcing reevaluation
D/NetworkMonitor/NetworkAgentInfo [WIFI () - 100](  510): EvaluatingState{ when=0 what=532486 arg1=63 target=com.android.internal.util.StateMachine$SmHandler }
D/NetworkMonitor/NetworkAgentInfo [WIFI () - 100](  510): Checking http://connectivitycheck.android.com/generate_204 on "WiredSSID"
D/NetworkMonitor/NetworkAgentInfo [WIFI () - 100](  510): Probably not a portal: exception java.net.SocketTimeoutException: failed to connect to connectivitycheck.android.com/172.217.160.78 (port 80) after 10000ms
D/ConnectivityService(  510): setProvNotificationVisibleIntent: E visible=false networkType=0 extraInfo=null
I/tnet-jni( 1235): 103 - [spdyPingRecvCallback] - 
I/tnet-jni( 1235): 103 - [SpdySessionCallBack.spdyPingRecvCallback] - org.android.spdy.SpdySession@c5a37ed
D/accs.SpdyConnection( 1235):  spdyPingRecvCallback uniId:350
D/accs.MessageHandler( 1235):  onRcvPing
D/accs.HeartbeatManager( 1235):  onHeartbeatSucc
D/accs.OrangeAdapter( 1235):  isSmartHb result:true
D/accs.HeartbeatManager( 1235):  set 480
I/tnet-jni( 1159): 99 - [spdyPingRecvCallback] - 
I/tnet-jni( 1159): 99 - [SpdySessionCallBack.spdyPingRecvCallback] - org.android.spdy.SpdySession@39f1e094
D/accs.SilenceConn_umeng:56aadbf567e58e38d4000976( 1159):  spdyPingRecvCallback uniId:350
D/accs.MsgRecv_umeng:56aadbf567e58e38d4000976( 1159):  onRcvPing
D/accs.HeartbeatManager( 1159):  onHeartbeatSucc
D/accs.OrangeAdapter( 1159):  isSmartHb result:true
D/accs.HeartbeatManager( 1159):  set 480
I/tnet-jni( 1235): 103 - [spdyPingRecvCallback] - 
I/tnet-jni( 1235): 103 - [SpdySessionCallBack.spdyPingRecvCallback] - org.android.spdy.SpdySession@c5a37ed
D/accs.SpdyConnection( 1235):  spdyPingRecvCallback uniId:352
D/accs.MessageHandler( 1235):  onRcvPing
D/accs.HeartbeatManager( 1235):  onHeartbeatSucc
D/accs.OrangeAdapter( 1235):  isSmartHb result:true
D/accs.HeartbeatManager( 1235):  set 480
D/accs.UtilityImpl( 1235):  setServiceTime:1515701615791
I/tnet-jni( 1159): 99 - [spdyPingRecvCallback] - 
I/tnet-jni( 1159): 99 - [SpdySessionCallBack.spdyPingRecvCallback] - org.android.spdy.SpdySession@39f1e094
D/accs.SilenceConn_umeng:56aadbf567e58e38d4000976( 1159):  spdyPingRecvCallback uniId:352
D/accs.MsgRecv_umeng:56aadbf567e58e38d4000976( 1159):  onRcvPing
D/accs.HeartbeatManager( 1159):  onHeartbeatSucc
D/accs.OrangeAdapter( 1159):  isSmartHb result:true
D/accs.HeartbeatManager( 1159):  set 480
D/accs.UtilityImpl( 1159):  setServiceTime:1515701620035
I/tnet-jni( 1235): 103 - [spdyPingRecvCallback] - 
I/tnet-jni( 1235): 103 - [SpdySessionCallBack.spdyPingRecvCallback] - org.android.spdy.SpdySession@c5a37ed
D/accs.SpdyConnection( 1235):  spdyPingRecvCallback uniId:354
D/accs.MessageHandler( 1235):  onRcvPing
D/accs.HeartbeatManager( 1235):  onHeartbeatSucc
D/accs.OrangeAdapter( 1235):  isSmartHb result:true
D/accs.HeartbeatManager( 1235):  set 480
I/tnet-jni( 1159): 99 - [spdyPingRecvCallback] - 
I/tnet-jni( 1159): 99 - [SpdySessionCallBack.spdyPingRecvCallback] - org.android.spdy.SpdySession@39f1e094
D/accs.SilenceConn_umeng:56aadbf567e58e38d4000976( 1159):  spdyPingRecvCallback uniId:354
D/accs.MsgRecv_umeng:56aadbf567e58e38d4000976( 1159):  onRcvPing
D/accs.HeartbeatManager( 1159):  onHeartbeatSucc
D/accs.OrangeAdapter( 1159):  isSmartHb result:true
D/accs.HeartbeatManager( 1159):  set 480
D/NetworkMonitor/NetworkAgentInfo [WIFI () - 100](  510): OfflineState{ when=-5ms what=532488 arg2=1 target=com.android.internal.util.StateMachine$SmHandler }
D/NetworkMonitor/NetworkAgentInfo [WIFI () - 100](  510): DefaultState{ when=-5ms what=532488 arg2=1 target=com.android.internal.util.StateMachine$SmHandler }
D/NetworkMonitor/NetworkAgentInfo [WIFI () - 100](  510): Forcing reevaluation
D/NetworkMonitor/NetworkAgentInfo [WIFI () - 100](  510): EvaluatingState{ when=0 what=532486 arg1=64 target=com.android.internal.util.StateMachine$SmHandler }
D/NetworkMonitor/NetworkAgentInfo [WIFI () - 100](  510): Checking http://connectivitycheck.android.com/generate_204 on "WiredSSID"
D/NetworkMonitor/NetworkAgentInfo [WIFI () - 100](  510): Probably not a portal: exception java.net.SocketTimeoutException: failed to connect to connectivitycheck.android.com/172.217.160.110 (port 80) after 10000ms
D/ConnectivityService(  510): setProvNotificationVisibleIntent: E visible=false networkType=0 extraInfo=null
I/tnet-jni( 1235): 103 - [spdyPingRecvCallback] - 
I/tnet-jni( 1235): 103 - [SpdySessionCallBack.spdyPingRecvCallback] - org.android.spdy.SpdySession@c5a37ed
D/accs.SpdyConnection( 1235):  spdyPingRecvCallback uniId:356
D/accs.MessageHandler( 1235):  onRcvPing
D/accs.HeartbeatManager( 1235):  onHeartbeatSucc
D/accs.OrangeAdapter( 1235):  isSmartHb result:true
D/accs.HeartbeatManager( 1235):  set 480
D/accs.UtilityImpl( 1235):  setServiceTime:1515702035798
I/tnet-jni( 1159): 99 - [spdyPingRecvCallback] - 
I/tnet-jni( 1159): 99 - [SpdySessionCallBack.spdyPingRecvCallback] - org.android.spdy.SpdySession@39f1e094
D/accs.SilenceConn_umeng:56aadbf567e58e38d4000976( 1159):  spdyPingRecvCallback uniId:356
D/accs.MsgRecv_umeng:56aadbf567e58e38d4000976( 1159):  onRcvPing
D/accs.HeartbeatManager( 1159):  onHeartbeatSucc
D/accs.OrangeAdapter( 1159):  isSmartHb result:true
D/accs.HeartbeatManager( 1159):  set 480
D/accs.UtilityImpl( 1159):  setServiceTime:1515702040049
I/tnet-jni( 1235): 103 - [spdyPingRecvCallback] - 
I/tnet-jni( 1235): 103 - [SpdySessionCallBack.spdyPingRecvCallback] - org.android.spdy.SpdySession@c5a37ed
D/accs.SpdyConnection( 1235):  spdyPingRecvCallback uniId:358
D/accs.MessageHandler( 1235):  onRcvPing
D/accs.HeartbeatManager( 1235):  onHeartbeatSucc
D/accs.OrangeAdapter( 1235):  isSmartHb result:true
D/accs.HeartbeatManager( 1235):  set 480
I/tnet-jni( 1159): 99 - [spdyPingRecvCallback] - 
I/tnet-jni( 1159): 99 - [SpdySessionCallBack.spdyPingRecvCallback] - org.android.spdy.SpdySession@39f1e094
D/accs.SilenceConn_umeng:56aadbf567e58e38d4000976( 1159):  spdyPingRecvCallback uniId:358
D/accs.MsgRecv_umeng:56aadbf567e58e38d4000976( 1159):  onRcvPing
D/accs.HeartbeatManager( 1159):  onHeartbeatSucc
D/accs.OrangeAdapter( 1159):  isSmartHb result:true
D/accs.HeartbeatManager( 1159):  set 480
I/tnet-jni( 1235): 103 - [spdyPingRecvCallback] - 
I/tnet-jni( 1235): 103 - [SpdySessionCallBack.spdyPingRecvCallback] - org.android.spdy.SpdySession@c5a37ed
D/accs.SpdyConnection( 1235):  spdyPingRecvCallback uniId:360
D/accs.MessageHandler( 1235):  onRcvPing
D/accs.HeartbeatManager( 1235):  onHeartbeatSucc
D/accs.OrangeAdapter( 1235):  isSmartHb result:true
D/accs.HeartbeatManager( 1235):  set 480
D/accs.UtilityImpl( 1235):  setServiceTime:1515702455807
I/tnet-jni( 1159): 99 - [spdyPingRecvCallback] - 
I/tnet-jni( 1159): 99 - [SpdySessionCallBack.spdyPingRecvCallback] - org.android.spdy.SpdySession@39f1e094
D/accs.SilenceConn_umeng:56aadbf567e58e38d4000976( 1159):  spdyPingRecvCallback uniId:360
D/accs.MsgRecv_umeng:56aadbf567e58e38d4000976( 1159):  onRcvPing
D/accs.HeartbeatManager( 1159):  onHeartbeatSucc
D/accs.OrangeAdapter( 1159):  isSmartHb result:true
D/accs.HeartbeatManager( 1159):  set 480
D/accs.UtilityImpl( 1159):  setServiceTime:1515702460060
D/NetworkMonitor/NetworkAgentInfo [WIFI () - 100](  510): OfflineState{ when=-9ms what=532488 arg2=1 target=com.android.internal.util.StateMachine$SmHandler }
D/NetworkMonitor/NetworkAgentInfo [WIFI () - 100](  510): DefaultState{ when=-9ms what=532488 arg2=1 target=com.android.internal.util.StateMachine$SmHandler }
D/NetworkMonitor/NetworkAgentInfo [WIFI () - 100](  510): Forcing reevaluation
D/NetworkMonitor/NetworkAgentInfo [WIFI () - 100](  510): EvaluatingState{ when=0 what=532486 arg1=65 target=com.android.internal.util.StateMachine$SmHandler }
D/NetworkMonitor/NetworkAgentInfo [WIFI () - 100](  510): Checking http://connectivitycheck.android.com/generate_204 on "WiredSSID"
D/NetworkMonitor/NetworkAgentInfo [WIFI () - 100](  510): Probably not a portal: exception java.net.SocketTimeoutException: failed to connect to connectivitycheck.android.com/172.217.27.142 (port 80) after 10000ms
D/ConnectivityService(  510): setProvNotificationVisibleIntent: E visible=false networkType=0 extraInfo=null
I/tnet-jni( 1235): 103 - [spdyPingRecvCallback] - 
I/tnet-jni( 1235): 103 - [SpdySessionCallBack.spdyPingRecvCallback] - org.android.spdy.SpdySession@c5a37ed
D/accs.SpdyConnection( 1235):  spdyPingRecvCallback uniId:362
D/accs.MessageHandler( 1235):  onRcvPing
D/accs.HeartbeatManager( 1235):  onHeartbeatSucc
D/accs.OrangeAdapter( 1235):  isSmartHb result:true
D/accs.HeartbeatManager( 1235):  set 480
I/tnet-jni( 1159): 99 - [spdyPingRecvCallback] - 
I/tnet-jni( 1159): 99 - [SpdySessionCallBack.spdyPingRecvCallback] - org.android.spdy.SpdySession@39f1e094
D/accs.SilenceConn_umeng:56aadbf567e58e38d4000976( 1159):  spdyPingRecvCallback uniId:362
D/accs.MsgRecv_umeng:56aadbf567e58e38d4000976( 1159):  onRcvPing
D/accs.HeartbeatManager( 1159):  onHeartbeatSucc
D/accs.OrangeAdapter( 1159):  isSmartHb result:true
D/accs.HeartbeatManager( 1159):  set 480
I/ProcessStatsService(  510): Prepared write state in 0ms
I/tnet-jni( 1235): 103 - [spdyPingRecvCallback] - 
I/tnet-jni( 1235): 103 - [SpdySessionCallBack.spdyPingRecvCallback] - org.android.spdy.SpdySession@c5a37ed
D/accs.SpdyConnection( 1235):  spdyPingRecvCallback uniId:364
D/accs.MessageHandler( 1235):  onRcvPing
D/accs.HeartbeatManager( 1235):  onHeartbeatSucc
D/accs.OrangeAdapter( 1235):  isSmartHb result:true
D/accs.HeartbeatManager( 1235):  set 480
D/accs.UtilityImpl( 1235):  setServiceTime:1515702875816
I/tnet-jni( 1159): 99 - [spdyPingRecvCallback] - 
I/tnet-jni( 1159): 99 - [SpdySessionCallBack.spdyPingRecvCallback] - org.android.spdy.SpdySession@39f1e094
D/accs.SilenceConn_umeng:56aadbf567e58e38d4000976( 1159):  spdyPingRecvCallback uniId:364
D/accs.MsgRecv_umeng:56aadbf567e58e38d4000976( 1159):  onRcvPing
D/accs.HeartbeatManager( 1159):  onHeartbeatSucc
D/accs.OrangeAdapter( 1159):  isSmartHb result:true
D/accs.HeartbeatManager( 1159):  set 480
D/accs.UtilityImpl( 1159):  setServiceTime:1515702880071
I/tnet-jni( 1235): 103 - [spdyPingRecvCallback] - 
I/tnet-jni( 1235): 103 - [SpdySessionCallBack.spdyPingRecvCallback] - org.android.spdy.SpdySession@c5a37ed
D/accs.SpdyConnection( 1235):  spdyPingRecvCallback uniId:366
D/accs.MessageHandler( 1235):  onRcvPing
D/accs.HeartbeatManager( 1235):  onHeartbeatSucc
D/accs.OrangeAdapter( 1235):  isSmartHb result:true
D/accs.HeartbeatManager( 1235):  set 480
I/tnet-jni( 1159): 99 - [spdyPingRecvCallback] - 
I/tnet-jni( 1159): 99 - [SpdySessionCallBack.spdyPingRecvCallback] - org.android.spdy.SpdySession@39f1e094
D/accs.SilenceConn_umeng:56aadbf567e58e38d4000976( 1159):  spdyPingRecvCallback uniId:366
D/accs.MsgRecv_umeng:56aadbf567e58e38d4000976( 1159):  onRcvPing
D/accs.HeartbeatManager( 1159):  onHeartbeatSucc
D/accs.OrangeAdapter( 1159):  isSmartHb result:true
D/accs.HeartbeatManager( 1159):  set 480
D/NetworkMonitor/NetworkAgentInfo [WIFI () - 100](  510): OfflineState{ when=-100ms what=532488 arg2=1 target=com.android.internal.util.StateMachine$SmHandler }
D/NetworkMonitor/NetworkAgentInfo [WIFI () - 100](  510): DefaultState{ when=-100ms what=532488 arg2=1 target=com.android.internal.util.StateMachine$SmHandler }
D/NetworkMonitor/NetworkAgentInfo [WIFI () - 100](  510): Forcing reevaluation
D/NetworkMonitor/NetworkAgentInfo [WIFI () - 100](  510): EvaluatingState{ when=0 what=532486 arg1=66 target=com.android.internal.util.StateMachine$SmHandler }
D/NetworkMonitor/NetworkAgentInfo [WIFI () - 100](  510): Checking http://connectivitycheck.android.com/generate_204 on "WiredSSID"
D/NetworkMonitor/NetworkAgentInfo [WIFI () - 100](  510): Probably not a portal: exception java.net.SocketTimeoutException: failed to connect to connectivitycheck.android.com/172.217.24.14 (port 80) after 10000ms
D/ConnectivityService(  510): setProvNotificationVisibleIntent: E visible=false networkType=0 extraInfo=null
I/tnet-jni( 1235): 103 - [spdyPingRecvCallback] - 
I/tnet-jni( 1235): 103 - [SpdySessionCallBack.spdyPingRecvCallback] - org.android.spdy.SpdySession@c5a37ed
D/accs.SpdyConnection( 1235):  spdyPingRecvCallback uniId:368
D/accs.MessageHandler( 1235):  onRcvPing
D/accs.HeartbeatManager( 1235):  onHeartbeatSucc
D/accs.OrangeAdapter( 1235):  isSmartHb result:true
D/accs.HeartbeatManager( 1235):  set 480
D/accs.UtilityImpl( 1235):  setServiceTime:1515703295824
I/tnet-jni( 1159): 99 - [spdyPingRecvCallback] - 
I/tnet-jni( 1159): 99 - [SpdySessionCallBack.spdyPingRecvCallback] - org.android.spdy.SpdySession@39f1e094
D/accs.SilenceConn_umeng:56aadbf567e58e38d4000976( 1159):  spdyPingRecvCallback uniId:368
D/accs.MsgRecv_umeng:56aadbf567e58e38d4000976( 1159):  onRcvPing
D/accs.HeartbeatManager( 1159):  onHeartbeatSucc
D/accs.OrangeAdapter( 1159):  isSmartHb result:true
D/accs.HeartbeatManager( 1159):  set 480
D/accs.UtilityImpl( 1159):  setServiceTime:1515703300084
I/tnet-jni( 1235): 103 - [spdyPingRecvCallback] - 
I/tnet-jni( 1235): 103 - [SpdySessionCallBack.spdyPingRecvCallback] - org.android.spdy.SpdySession@c5a37ed
D/accs.SpdyConnection( 1235):  spdyPingRecvCallback uniId:370
D/accs.MessageHandler( 1235):  onRcvPing
D/accs.HeartbeatManager( 1235):  onHeartbeatSucc
D/accs.OrangeAdapter( 1235):  isSmartHb result:true
D/accs.HeartbeatManager( 1235):  set 480
I/tnet-jni( 1159): 99 - [spdyPingRecvCallback] - 
I/tnet-jni( 1159): 99 - [SpdySessionCallBack.spdyPingRecvCallback] - org.android.spdy.SpdySession@39f1e094
D/accs.SilenceConn_umeng:56aadbf567e58e38d4000976( 1159):  spdyPingRecvCallback uniId:370
D/accs.MsgRecv_umeng:56aadbf567e58e38d4000976( 1159):  onRcvPing
D/accs.HeartbeatManager( 1159):  onHeartbeatSucc
D/accs.OrangeAdapter( 1159):  isSmartHb result:true
D/accs.HeartbeatManager( 1159):  set 480
I/tnet-jni( 1235): 103 - [spdyPingRecvCallback] - 
I/tnet-jni( 1235): 103 - [SpdySessionCallBack.spdyPingRecvCallback] - org.android.spdy.SpdySession@c5a37ed
D/accs.SpdyConnection( 1235):  spdyPingRecvCallback uniId:372
D/accs.MessageHandler( 1235):  onRcvPing
D/accs.HeartbeatManager( 1235):  onHeartbeatSucc
D/accs.OrangeAdapter( 1235):  isSmartHb result:true
D/accs.HeartbeatManager( 1235):  set 480
D/accs.UtilityImpl( 1235):  setServiceTime:1515703715833
D/NetworkMonitor/NetworkAgentInfo [WIFI () - 100](  510): OfflineState{ when=-50ms what=532488 arg2=1 target=com.android.internal.util.StateMachine$SmHandler }
D/NetworkMonitor/NetworkAgentInfo [WIFI () - 100](  510): DefaultState{ when=-50ms what=532488 arg2=1 target=com.android.internal.util.StateMachine$SmHandler }
D/NetworkMonitor/NetworkAgentInfo [WIFI () - 100](  510): Forcing reevaluation
D/NetworkMonitor/NetworkAgentInfo [WIFI () - 100](  510): EvaluatingState{ when=0 what=532486 arg1=67 target=com.android.internal.util.StateMachine$SmHandler }
D/NetworkMonitor/NetworkAgentInfo [WIFI () - 100](  510): Checking http://connectivitycheck.android.com/generate_204 on "WiredSSID"
I/tnet-jni( 1159): 99 - [spdyPingRecvCallback] - 
I/tnet-jni( 1159): 99 - [SpdySessionCallBack.spdyPingRecvCallback] - org.android.spdy.SpdySession@39f1e094
D/accs.SilenceConn_umeng:56aadbf567e58e38d4000976( 1159):  spdyPingRecvCallback uniId:372
D/accs.MsgRecv_umeng:56aadbf567e58e38d4000976( 1159):  onRcvPing
D/accs.HeartbeatManager( 1159):  onHeartbeatSucc
D/accs.OrangeAdapter( 1159):  isSmartHb result:true
D/accs.HeartbeatManager( 1159):  set 480
D/accs.UtilityImpl( 1159):  setServiceTime:1515703720094
D/NetworkMonitor/NetworkAgentInfo [WIFI () - 100](  510): Probably not a portal: exception java.net.SocketTimeoutException: failed to connect to connectivitycheck.android.com/216.58.200.238 (port 80) after 10000ms
D/ConnectivityService(  510): setProvNotificationVisibleIntent: E visible=false networkType=0 extraInfo=null
I/tnet-jni( 1235): 103 - [spdyPingRecvCallback] - 
I/tnet-jni( 1235): 103 - [SpdySessionCallBack.spdyPingRecvCallback] - org.android.spdy.SpdySession@c5a37ed
D/accs.SpdyConnection( 1235):  spdyPingRecvCallback uniId:374
D/accs.MessageHandler( 1235):  onRcvPing
D/accs.HeartbeatManager( 1235):  onHeartbeatSucc
D/accs.OrangeAdapter( 1235):  isSmartHb result:true
D/accs.HeartbeatManager( 1235):  set 480
I/tnet-jni( 1159): 99 - [spdyPingRecvCallback] - 
I/tnet-jni( 1159): 99 - [SpdySessionCallBack.spdyPingRecvCallback] - org.android.spdy.SpdySession@39f1e094
D/accs.SilenceConn_umeng:56aadbf567e58e38d4000976( 1159):  spdyPingRecvCallback uniId:374
D/accs.MsgRecv_umeng:56aadbf567e58e38d4000976( 1159):  onRcvPing
D/accs.HeartbeatManager( 1159):  onHeartbeatSucc
D/accs.OrangeAdapter( 1159):  isSmartHb result:true
D/accs.HeartbeatManager( 1159):  set 480
