D/accs.OrangeAdapter( 1159):  isSmartHb result:true
D/accs.HeartbeatManager( 1159):  set 480
I/tnet-jni( 1235): 103 - [spdyPingRecvCallback] - 
I/tnet-jni( 1235): 103 - [SpdySessionCallBack.spdyPingRecvCallback] - org.android.spdy.SpdySession@c5a37ed
D/accs.SpdyConnection( 1235):  spdyPingRecvCallback uniId:528
D/accs.MessageHandler( 1235):  onRcvPing
D/accs.HeartbeatManager( 1235):  onHeartbeatSucc
D/accs.OrangeAdapter( 1235):  isSmartHb result:true
D/accs.HeartbeatManager( 1235):  set 480
D/accs.UtilityImpl( 1235):  setServiceTime:1515720096202
I/tnet-jni( 1159): 99 - [spdyPingRecvCallback] - 
I/tnet-jni( 1159): 99 - [SpdySessionCallBack.spdyPingRecvCallback] - org.android.spdy.SpdySession@39f1e094
D/accs.SilenceConn_umeng:56aadbf567e58e38d4000976( 1159):  spdyPingRecvCallback uniId:528
D/accs.MsgRecv_umeng:56aadbf567e58e38d4000976( 1159):  onRcvPing
D/accs.HeartbeatManager( 1159):  onHeartbeatSucc
D/accs.OrangeAdapter( 1159):  isSmartHb result:true
D/accs.HeartbeatManager( 1159):  set 480
D/accs.UtilityImpl( 1159):  setServiceTime:1515720100491
D/NetworkMonitor/NetworkAgentInfo [WIFI () - 100](  510): OfflineState{ when=-101ms what=532488 arg2=1 target=com.android.internal.util.StateMachine$SmHandler }
D/NetworkMonitor/NetworkAgentInfo [WIFI () - 100](  510): DefaultState{ when=-101ms what=532488 arg2=1 target=com.android.internal.util.StateMachine$SmHandler }
D/NetworkMonitor/NetworkAgentInfo [WIFI () - 100](  510): Forcing reevaluation
D/NetworkMonitor/NetworkAgentInfo [WIFI () - 100](  510): EvaluatingState{ when=0 what=532486 arg1=94 target=com.android.internal.util.StateMachine$SmHandler }
D/NetworkMonitor/NetworkAgentInfo [WIFI () - 100](  510): Checking http://connectivitycheck.android.com/generate_204 on "WiredSSID"
D/NetworkMonitor/NetworkAgentInfo [WIFI () - 100](  510): Probably not a portal: exception java.net.SocketTimeoutException: failed to connect to connectivitycheck.android.com/172.217.27.142 (port 80) after 10000ms
D/ConnectivityService(  510): setProvNotificationVisibleIntent: E visible=false networkType=0 extraInfo=null
I/tnet-jni( 1235): 103 - [spdyPingRecvCallback] - 
I/tnet-jni( 1235): 103 - [SpdySessionCallBack.spdyPingRecvCallback] - org.android.spdy.SpdySession@c5a37ed
D/accs.SpdyConnection( 1235):  spdyPingRecvCallback uniId:530
D/accs.MessageHandler( 1235):  onRcvPing
D/accs.HeartbeatManager( 1235):  onHeartbeatSucc
D/accs.OrangeAdapter( 1235):  isSmartHb result:true
D/accs.HeartbeatManager( 1235):  set 480
I/tnet-jni( 1159): 99 - [spdyPingRecvCallback] - 
I/tnet-jni( 1159): 99 - [SpdySessionCallBack.spdyPingRecvCallback] - org.android.spdy.SpdySession@39f1e094
D/accs.SilenceConn_umeng:56aadbf567e58e38d4000976( 1159):  spdyPingRecvCallback uniId:530
D/accs.MsgRecv_umeng:56aadbf567e58e38d4000976( 1159):  onRcvPing
D/accs.HeartbeatManager( 1159):  onHeartbeatSucc
D/accs.OrangeAdapter( 1159):  isSmartHb result:true
D/accs.HeartbeatManager( 1159):  set 480
I/tnet-jni( 1235): 103 - [spdyPingRecvCallback] - 
I/tnet-jni( 1235): 103 - [SpdySessionCallBack.spdyPingRecvCallback] - org.android.spdy.SpdySession@c5a37ed
D/accs.SpdyConnection( 1235):  spdyPingRecvCallback uniId:532
D/accs.MessageHandler( 1235):  onRcvPing
D/accs.HeartbeatManager( 1235):  onHeartbeatSucc
D/accs.OrangeAdapter( 1235):  isSmartHb result:true
D/accs.HeartbeatManager( 1235):  set 480
D/accs.UtilityImpl( 1235):  setServiceTime:1515720516212
I/tnet-jni( 1159): 99 - [spdyPingRecvCallback] - 
I/tnet-jni( 1159): 99 - [SpdySessionCallBack.spdyPingRecvCallback] - org.android.spdy.SpdySession@39f1e094
D/accs.SilenceConn_umeng:56aadbf567e58e38d4000976( 1159):  spdyPingRecvCallback uniId:532
D/accs.MsgRecv_umeng:56aadbf567e58e38d4000976( 1159):  onRcvPing
D/accs.HeartbeatManager( 1159):  onHeartbeatSucc
D/accs.OrangeAdapter( 1159):  isSmartHb result:true
D/accs.HeartbeatManager( 1159):  set 480
D/accs.UtilityImpl( 1159):  setServiceTime:1515720520517
I/tnet-jni( 1235): 103 - [spdyPingRecvCallback] - 
I/tnet-jni( 1235): 103 - [SpdySessionCallBack.spdyPingRecvCallback] - org.android.spdy.SpdySession@c5a37ed
D/accs.SpdyConnection( 1235):  spdyPingRecvCallback uniId:534
D/accs.MessageHandler( 1235):  onRcvPing
D/accs.HeartbeatManager( 1235):  onHeartbeatSucc
D/accs.OrangeAdapter( 1235):  isSmartHb result:true
D/accs.HeartbeatManager( 1235):  set 480
I/tnet-jni( 1159): 99 - [spdyPingRecvCallback] - 
I/tnet-jni( 1159): 99 - [SpdySessionCallBack.spdyPingRecvCallback] - org.android.spdy.SpdySession@39f1e094
D/accs.SilenceConn_umeng:56aadbf567e58e38d4000976( 1159):  spdyPingRecvCallback uniId:534
D/accs.MsgRecv_umeng:56aadbf567e58e38d4000976( 1159):  onRcvPing
D/accs.HeartbeatManager( 1159):  onHeartbeatSucc
D/accs.OrangeAdapter( 1159):  isSmartHb result:true
D/accs.HeartbeatManager( 1159):  set 480
D/NetworkMonitor/NetworkAgentInfo [WIFI () - 100](  510): OfflineState{ when=-101ms what=532488 arg2=1 target=com.android.internal.util.StateMachine$SmHandler }
D/NetworkMonitor/NetworkAgentInfo [WIFI () - 100](  510): DefaultState{ when=-101ms what=532488 arg2=1 target=com.android.internal.util.StateMachine$SmHandler }
D/NetworkMonitor/NetworkAgentInfo [WIFI () - 100](  510): Forcing reevaluation
D/NetworkMonitor/NetworkAgentInfo [WIFI () - 100](  510): EvaluatingState{ when=0 what=532486 arg1=95 target=com.android.internal.util.StateMachine$SmHandler }
D/NetworkMonitor/NetworkAgentInfo [WIFI () - 100](  510): Checking http://connectivitycheck.android.com/generate_204 on "WiredSSID"
D/NetworkMonitor/NetworkAgentInfo [WIFI () - 100](  510): Probably not a portal: exception java.net.SocketTimeoutException: failed to connect to connectivitycheck.android.com/172.217.160.78 (port 80) after 10000ms
D/ConnectivityService(  510): setProvNotificationVisibleIntent: E visible=false networkType=0 extraInfo=null
I/ProcessStatsService(  510): Prepared write state in 1ms
I/tnet-jni( 1235): 103 - [spdyPingRecvCallback] - 
I/tnet-jni( 1235): 103 - [SpdySessionCallBack.spdyPingRecvCallback] - org.android.spdy.SpdySession@c5a37ed
D/accs.SpdyConnection( 1235):  spdyPingRecvCallback uniId:536
D/accs.MessageHandler( 1235):  onRcvPing
D/accs.HeartbeatManager( 1235):  onHeartbeatSucc
D/accs.OrangeAdapter( 1235):  isSmartHb result:true
D/accs.HeartbeatManager( 1235):  set 480
D/accs.UtilityImpl( 1235):  setServiceTime:1515720936221
I/tnet-jni( 1159): 99 - [spdyPingRecvCallback] - 
I/tnet-jni( 1159): 99 - [SpdySessionCallBack.spdyPingRecvCallback] - org.android.spdy.SpdySession@39f1e094
D/accs.SilenceConn_umeng:56aadbf567e58e38d4000976( 1159):  spdyPingRecvCallback uniId:536
D/accs.MsgRecv_umeng:56aadbf567e58e38d4000976( 1159):  onRcvPing
D/accs.HeartbeatManager( 1159):  onHeartbeatSucc
D/accs.OrangeAdapter( 1159):  isSmartHb result:true
D/accs.HeartbeatManager( 1159):  set 480
D/accs.UtilityImpl( 1159):  setServiceTime:1515720940527
I/tnet-jni( 1235): 103 - [spdyPingRecvCallback] - 
I/tnet-jni( 1235): 103 - [SpdySessionCallBack.spdyPingRecvCallback] - org.android.spdy.SpdySession@c5a37ed
D/accs.SpdyConnection( 1235):  spdyPingRecvCallback uniId:538
D/accs.MessageHandler( 1235):  onRcvPing
D/accs.HeartbeatManager( 1235):  onHeartbeatSucc
D/accs.OrangeAdapter( 1235):  isSmartHb result:true
D/accs.HeartbeatManager( 1235):  set 480
I/tnet-jni( 1159): 99 - [spdyPingRecvCallback] - 
I/tnet-jni( 1159): 99 - [SpdySessionCallBack.spdyPingRecvCallback] - org.android.spdy.SpdySession@39f1e094
D/accs.SilenceConn_umeng:56aadbf567e58e38d4000976( 1159):  spdyPingRecvCallback uniId:538
D/accs.MsgRecv_umeng:56aadbf567e58e38d4000976( 1159):  onRcvPing
D/accs.HeartbeatManager( 1159):  onHeartbeatSucc
D/accs.OrangeAdapter( 1159):  isSmartHb result:true
D/accs.HeartbeatManager( 1159):  set 480
I/tnet-jni( 1235): 103 - [spdyPingRecvCallback] - 
I/tnet-jni( 1235): 103 - [SpdySessionCallBack.spdyPingRecvCallback] - org.android.spdy.SpdySession@c5a37ed
D/accs.SpdyConnection( 1235):  spdyPingRecvCallback uniId:540
D/accs.MessageHandler( 1235):  onRcvPing
D/accs.HeartbeatManager( 1235):  onHeartbeatSucc
D/accs.OrangeAdapter( 1235):  isSmartHb result:true
D/accs.HeartbeatManager( 1235):  set 480
D/accs.UtilityImpl( 1235):  setServiceTime:1515721356230
I/tnet-jni( 1159): 99 - [spdyPingRecvCallback] - 
I/tnet-jni( 1159): 99 - [SpdySessionCallBack.spdyPingRecvCallback] - org.android.spdy.SpdySession@39f1e094
D/accs.SilenceConn_umeng:56aadbf567e58e38d4000976( 1159):  spdyPingRecvCallback uniId:540
D/accs.MsgRecv_umeng:56aadbf567e58e38d4000976( 1159):  onRcvPing
D/accs.HeartbeatManager( 1159):  onHeartbeatSucc
D/accs.OrangeAdapter( 1159):  isSmartHb result:true
D/accs.HeartbeatManager( 1159):  set 480
D/accs.UtilityImpl( 1159):  setServiceTime:1515721360538
D/NetworkMonitor/NetworkAgentInfo [WIFI () - 100](  510): OfflineState{ when=-101ms what=532488 arg2=1 target=com.android.internal.util.StateMachine$SmHandler }
D/NetworkMonitor/NetworkAgentInfo [WIFI () - 100](  510): DefaultState{ when=-101ms what=532488 arg2=1 target=com.android.internal.util.StateMachine$SmHandler }
D/NetworkMonitor/NetworkAgentInfo [WIFI () - 100](  510): Forcing reevaluation
D/NetworkMonitor/NetworkAgentInfo [WIFI () - 100](  510): EvaluatingState{ when=0 what=532486 arg1=96 target=com.android.internal.util.StateMachine$SmHandler }
D/NetworkMonitor/NetworkAgentInfo [WIFI () - 100](  510): Checking http://connectivitycheck.android.com/generate_204 on "WiredSSID"
D/NetworkMonitor/NetworkAgentInfo [WIFI () - 100](  510): Probably not a portal: exception java.net.SocketTimeoutException: failed to connect to connectivitycheck.android.com/172.217.160.110 (port 80) after 10000ms
D/ConnectivityService(  510): setProvNotificationVisibleIntent: E visible=false networkType=0 extraInfo=null
I/tnet-jni( 1235): 103 - [spdyPingRecvCallback] - 
I/tnet-jni( 1235): 103 - [SpdySessionCallBack.spdyPingRecvCallback] - org.android.spdy.SpdySession@c5a37ed
D/accs.SpdyConnection( 1235):  spdyPingRecvCallback uniId:542
D/accs.MessageHandler( 1235):  onRcvPing
D/accs.HeartbeatManager( 1235):  onHeartbeatSucc
D/accs.OrangeAdapter( 1235):  isSmartHb result:true
D/accs.HeartbeatManager( 1235):  set 480
I/tnet-jni( 1159): 99 - [spdyPingRecvCallback] - 
I/tnet-jni( 1159): 99 - [SpdySessionCallBack.spdyPingRecvCallback] - org.android.spdy.SpdySession@39f1e094
D/accs.SilenceConn_umeng:56aadbf567e58e38d4000976( 1159):  spdyPingRecvCallback uniId:542
D/accs.MsgRecv_umeng:56aadbf567e58e38d4000976( 1159):  onRcvPing
D/accs.HeartbeatManager( 1159):  onHeartbeatSucc
D/accs.OrangeAdapter( 1159):  isSmartHb result:true
D/accs.HeartbeatManager( 1159):  set 480
I/tnet-jni( 1235): 103 - [spdyPingRecvCallback] - 
I/tnet-jni( 1235): 103 - [SpdySessionCallBack.spdyPingRecvCallback] - org.android.spdy.SpdySession@c5a37ed
D/accs.SpdyConnection( 1235):  spdyPingRecvCallback uniId:544
D/accs.MessageHandler( 1235):  onRcvPing
D/accs.HeartbeatManager( 1235):  onHeartbeatSucc
D/accs.OrangeAdapter( 1235):  isSmartHb result:true
D/accs.HeartbeatManager( 1235):  set 480
D/accs.UtilityImpl( 1235):  setServiceTime:1515721776241
I/tnet-jni( 1235): 103 - [SpdySessionCallBack.putSSLMeta] - org.android.spdy.SpdySession@c5a37ed
I/tnet-jni( 1159): 99 - [spdyPingRecvCallback] - 
I/tnet-jni( 1159): 99 - [SpdySessionCallBack.spdyPingRecvCallback] - org.android.spdy.SpdySession@39f1e094
D/accs.SilenceConn_umeng:56aadbf567e58e38d4000976( 1159):  spdyPingRecvCallback uniId:544
D/accs.MsgRecv_umeng:56aadbf567e58e38d4000976( 1159):  onRcvPing
D/accs.HeartbeatManager( 1159):  onHeartbeatSucc
D/accs.OrangeAdapter( 1159):  isSmartHb result:true
D/accs.HeartbeatManager( 1159):  set 480
D/accs.UtilityImpl( 1159):  setServiceTime:1515721780552
I/tnet-jni( 1159): 99 - [SpdySessionCallBack.putSSLMeta] - org.android.spdy.SpdySession@39f1e094
I/tnet-jni( 1235): 103 - [spdyPingRecvCallback] - 
I/tnet-jni( 1235): 103 - [SpdySessionCallBack.spdyPingRecvCallback] - org.android.spdy.SpdySession@c5a37ed
D/accs.SpdyConnection( 1235):  spdyPingRecvCallback uniId:546
D/accs.MessageHandler( 1235):  onRcvPing
D/accs.HeartbeatManager( 1235):  onHeartbeatSucc
D/accs.OrangeAdapter( 1235):  isSmartHb result:true
D/accs.HeartbeatManager( 1235):  set 480
I/tnet-jni( 1159): 99 - [spdyPingRecvCallback] - 
I/tnet-jni( 1159): 99 - [SpdySessionCallBack.spdyPingRecvCallback] - org.android.spdy.SpdySession@39f1e094
D/accs.SilenceConn_umeng:56aadbf567e58e38d4000976( 1159):  spdyPingRecvCallback uniId:546
D/accs.MsgRecv_umeng:56aadbf567e58e38d4000976( 1159):  onRcvPing
D/accs.HeartbeatManager( 1159):  onHeartbeatSucc
D/accs.OrangeAdapter( 1159):  isSmartHb result:true
D/accs.HeartbeatManager( 1159):  set 480
D/NetworkMonitor/NetworkAgentInfo [WIFI () - 100](  510): OfflineState{ when=-102ms what=532488 arg2=1 target=com.android.internal.util.StateMachine$SmHandler }
D/NetworkMonitor/NetworkAgentInfo [WIFI () - 100](  510): DefaultState{ when=-102ms what=532488 arg2=1 target=com.android.internal.util.StateMachine$SmHandler }
D/NetworkMonitor/NetworkAgentInfo [WIFI () - 100](  510): Forcing reevaluation
D/NetworkMonitor/NetworkAgentInfo [WIFI () - 100](  510): EvaluatingState{ when=0 what=532486 arg1=97 target=com.android.internal.util.StateMachine$SmHandler }
D/NetworkMonitor/NetworkAgentInfo [WIFI () - 100](  510): Checking http://connectivitycheck.android.com/generate_204 on "WiredSSID"
D/NetworkMonitor/NetworkAgentInfo [WIFI () - 100](  510): Probably not a portal: exception java.net.SocketTimeoutException: failed to connect to connectivitycheck.android.com/172.217.160.110 (port 80) after 10000ms
D/ConnectivityService(  510): setProvNotificationVisibleIntent: E visible=false networkType=0 extraInfo=null
I/tnet-jni( 1235): 103 - [spdyPingRecvCallback] - 
I/tnet-jni( 1235): 103 - [SpdySessionCallBack.spdyPingRecvCallback] - org.android.spdy.SpdySession@c5a37ed
D/accs.SpdyConnection( 1235):  spdyPingRecvCallback uniId:548
D/accs.MessageHandler( 1235):  onRcvPing
D/accs.HeartbeatManager( 1235):  onHeartbeatSucc
D/accs.OrangeAdapter( 1235):  isSmartHb result:true
D/accs.HeartbeatManager( 1235):  set 480
D/accs.UtilityImpl( 1235):  setServiceTime:1515722196249
I/tnet-jni( 1159): 99 - [spdyPingRecvCallback] - 
I/tnet-jni( 1159): 99 - [SpdySessionCallBack.spdyPingRecvCallback] - org.android.spdy.SpdySession@39f1e094
D/accs.SilenceConn_umeng:56aadbf567e58e38d4000976( 1159):  spdyPingRecvCallback uniId:548
D/accs.MsgRecv_umeng:56aadbf567e58e38d4000976( 1159):  onRcvPing
D/accs.HeartbeatManager( 1159):  onHeartbeatSucc
D/accs.OrangeAdapter( 1159):  isSmartHb result:true
D/accs.HeartbeatManager( 1159):  set 480
D/accs.UtilityImpl( 1159):  setServiceTime:1515722200562
I/tnet-jni( 1235): 103 - [spdyPingRecvCallback] - 
I/tnet-jni( 1235): 103 - [SpdySessionCallBack.spdyPingRecvCallback] - org.android.spdy.SpdySession@c5a37ed
D/accs.SpdyConnection( 1235):  spdyPingRecvCallback uniId:550
D/accs.MessageHandler( 1235):  onRcvPing
D/accs.HeartbeatManager( 1235):  onHeartbeatSucc
D/accs.OrangeAdapter( 1235):  isSmartHb result:true
D/accs.HeartbeatManager( 1235):  set 480
I/tnet-jni( 1159): 99 - [spdyPingRecvCallback] - 
I/tnet-jni( 1159): 99 - [SpdySessionCallBack.spdyPingRecvCallback] - org.android.spdy.SpdySession@39f1e094
D/accs.SilenceConn_umeng:56aadbf567e58e38d4000976( 1159):  spdyPingRecvCallback uniId:550
D/accs.MsgRecv_umeng:56aadbf567e58e38d4000976( 1159):  onRcvPing
D/accs.HeartbeatManager( 1159):  onHeartbeatSucc
D/accs.OrangeAdapter( 1159):  isSmartHb result:true
D/accs.HeartbeatManager( 1159):  set 480
I/tnet-jni( 1235): 103 - [spdyPingRecvCallback] - 
I/tnet-jni( 1235): 103 - [SpdySessionCallBack.spdyPingRecvCallback] - org.android.spdy.SpdySession@c5a37ed
D/accs.SpdyConnection( 1235):  spdyPingRecvCallback uniId:552
D/accs.MessageHandler( 1235):  onRcvPing
D/accs.HeartbeatManager( 1235):  onHeartbeatSucc
D/accs.OrangeAdapter( 1235):  isSmartHb result:true
D/accs.HeartbeatManager( 1235):  set 480
D/accs.UtilityImpl( 1235):  setServiceTime:1515722616260
I/tnet-jni( 1159): 99 - [spdyPingRecvCallback] - 
I/tnet-jni( 1159): 99 - [SpdySessionCallBack.spdyPingRecvCallback] - org.android.spdy.SpdySession@39f1e094
D/accs.SilenceConn_umeng:56aadbf567e58e38d4000976( 1159):  spdyPingRecvCallback uniId:552
D/accs.MsgRecv_umeng:56aadbf567e58e38d4000976( 1159):  onRcvPing
D/accs.HeartbeatManager( 1159):  onHeartbeatSucc
D/accs.OrangeAdapter( 1159):  isSmartHb result:true
D/accs.HeartbeatManager( 1159):  set 480
D/accs.UtilityImpl( 1159):  setServiceTime:1515722620572
D/NetworkMonitor/NetworkAgentInfo [WIFI () - 100](  510): OfflineState{ when=-101ms what=532488 arg2=1 target=com.android.internal.util.StateMachine$SmHandler }
D/NetworkMonitor/NetworkAgentInfo [WIFI () - 100](  510): DefaultState{ when=-101ms what=532488 arg2=1 target=com.android.internal.util.StateMachine$SmHandler }
D/NetworkMonitor/NetworkAgentInfo [WIFI () - 100](  510): Forcing reevaluation
D/NetworkMonitor/NetworkAgentInfo [WIFI () - 100](  510): EvaluatingState{ when=0 what=532486 arg1=98 target=com.android.internal.util.StateMachine$SmHandler }
D/NetworkMonitor/NetworkAgentInfo [WIFI () - 100](  510): Checking http://connectivitycheck.android.com/generate_204 on "WiredSSID"
D/NetworkMonitor/NetworkAgentInfo [WIFI () - 100](  510): Probably not a portal: exception java.net.SocketTimeoutException: failed to connect to connectivitycheck.android.com/172.217.24.14 (port 80) after 10000ms
D/ConnectivityService(  510): setProvNotificationVisibleIntent: E visible=false networkType=0 extraInfo=null
I/ProcessStatsService(  510): Prepared write state in 0ms
W/ActivityManager(  510): Unable to start service Intent { act=com.zzl.falcon.internal.intent.action.COCKROACH flg=0x4 (has extras) } U=0: not found
W/ActivityManager(  510): Unable to start service Intent { act=com.zzl.itoube.internal.intent.action.COCKROACH flg=0x4 (has extras) } U=0: not found
I/LatinIME:LogUtils(  675): Dictionary info: dictionary = UserHistoryDictionary.en_US ; version = 1515651636 ; date = 1515722740
I/tnet-jni( 1235): 103 - [spdyPingRecvCallback] - 
I/tnet-jni( 1235): 103 - [SpdySessionCallBack.spdyPingRecvCallback] - org.android.spdy.SpdySession@c5a37ed
D/accs.SpdyConnection( 1235):  spdyPingRecvCallback uniId:554
D/accs.MessageHandler( 1235):  onRcvPing
D/accs.HeartbeatManager( 1235):  onHeartbeatSucc
D/accs.OrangeAdapter( 1235):  isSmartHb result:true
D/accs.HeartbeatManager( 1235):  set 480
I/tnet-jni( 1159): 99 - [spdyPingRecvCallback] - 
I/tnet-jni( 1159): 99 - [SpdySessionCallBack.spdyPingRecvCallback] - org.android.spdy.SpdySession@39f1e094
D/accs.SilenceConn_umeng:56aadbf567e58e38d4000976( 1159):  spdyPingRecvCallback uniId:554
D/accs.MsgRecv_umeng:56aadbf567e58e38d4000976( 1159):  onRcvPing
D/accs.HeartbeatManager( 1159):  onHeartbeatSucc
D/accs.OrangeAdapter( 1159):  isSmartHb result:true
D/accs.HeartbeatManager( 1159):  set 480
I/tnet-jni( 1235): 103 - [spdyPingRecvCallback] - 
I/tnet-jni( 1235): 103 - [SpdySessionCallBack.spdyPingRecvCallback] - org.android.spdy.SpdySession@c5a37ed
D/accs.SpdyConnection( 1235):  spdyPingRecvCallback uniId:556
D/accs.MessageHandler( 1235):  onRcvPing
D/accs.HeartbeatManager( 1235):  onHeartbeatSucc
D/accs.OrangeAdapter( 1235):  isSmartHb result:true
D/accs.HeartbeatManager( 1235):  set 480
D/accs.UtilityImpl( 1235):  setServiceTime:1515723036268
I/tnet-jni( 1159): 99 - [spdyPingRecvCallback] - 
I/tnet-jni( 1159): 99 - [SpdySessionCallBack.spdyPingRecvCallback] - org.android.spdy.SpdySession@39f1e094
D/accs.SilenceConn_umeng:56aadbf567e58e38d4000976( 1159):  spdyPingRecvCallback uniId:556
D/accs.MsgRecv_umeng:56aadbf567e58e38d4000976( 1159):  onRcvPing
D/accs.HeartbeatManager( 1159):  onHeartbeatSucc
D/accs.OrangeAdapter( 1159):  isSmartHb result:true
D/accs.HeartbeatManager( 1159):  set 480
D/accs.UtilityImpl( 1159):  setServiceTime:1515723040591
D/NetworkMonitor/NetworkAgentInfo [WIFI () - 100](  510): OfflineState{ when=-86ms what=532488 arg2=1 target=com.android.internal.util.StateMachine$SmHandler }
D/NetworkMonitor/NetworkAgentInfo [WIFI () - 100](  510): DefaultState{ when=-86ms what=532488 arg2=1 target=com.android.internal.util.StateMachine$SmHandler }
D/NetworkMonitor/NetworkAgentInfo [WIFI () - 100](  510): Forcing reevaluation
D/NetworkMonitor/NetworkAgentInfo [WIFI () - 100](  510): EvaluatingState{ when=0 what=532486 arg1=99 target=com.android.internal.util.StateMachine$SmHandler }
D/NetworkMonitor/NetworkAgentInfo [WIFI () - 100](  510): Checking http://connectivitycheck.android.com/generate_204 on "WiredSSID"
I/tnet-jni( 1235): 103 - [spdyPingRecvCallback] - 
I/tnet-jni( 1235): 103 - [SpdySessionCallBack.spdyPingRecvCallback] - org.android.spdy.SpdySession@c5a37ed
D/accs.SpdyConnection( 1235):  spdyPingRecvCallback uniId:558
D/accs.MessageHandler( 1235):  onRcvPing
D/accs.HeartbeatManager( 1235):  onHeartbeatSucc
D/accs.OrangeAdapter( 1235):  isSmartHb result:true
D/accs.HeartbeatManager( 1235):  set 480
D/NetworkMonitor/NetworkAgentInfo [WIFI () - 100](  510): Probably not a portal: exception java.net.SocketTimeoutException: failed to connect to connectivitycheck.android.com/172.217.160.110 (port 80) after 10000ms
D/ConnectivityService(  510): setProvNotificationVisibleIntent: E visible=false networkType=0 extraInfo=null
I/tnet-jni( 1159): 99 - [spdyPingRecvCallback] - 
I/tnet-jni( 1159): 99 - [SpdySessionCallBack.spdyPingRecvCallback] - org.android.spdy.SpdySession@39f1e094
D/accs.SilenceConn_umeng:56aadbf567e58e38d4000976( 1159):  spdyPingRecvCallback uniId:558
D/accs.MsgRecv_umeng:56aadbf567e58e38d4000976( 1159):  onRcvPing
D/accs.HeartbeatManager( 1159):  onHeartbeatSucc
D/accs.OrangeAdapter( 1159):  isSmartHb result:true
D/accs.HeartbeatManager( 1159):  set 480
I/tnet-jni( 1235): 103 - [spdyPingRecvCallback] - 
I/tnet-jni( 1235): 103 - [SpdySessionCallBack.spdyPingRecvCallback] - org.android.spdy.SpdySession@c5a37ed
D/accs.SpdyConnection( 1235):  spdyPingRecvCallback uniId:560
D/accs.MessageHandler( 1235):  onRcvPing
D/accs.HeartbeatManager( 1235):  onHeartbeatSucc
D/accs.OrangeAdapter( 1235):  isSmartHb result:true
D/accs.HeartbeatManager( 1235):  set 480
D/accs.UtilityImpl( 1235):  setServiceTime:1515723456276
I/tnet-jni( 1159): 99 - [spdyPingRecvCallback] - 
I/tnet-jni( 1159): 99 - [SpdySessionCallBack.spdyPingRecvCallback] - org.android.spdy.SpdySession@39f1e094
D/accs.SilenceConn_umeng:56aadbf567e58e38d4000976( 1159):  spdyPingRecvCallback uniId:560
D/accs.MsgRecv_umeng:56aadbf567e58e38d4000976( 1159):  onRcvPing
D/accs.HeartbeatManager( 1159):  onHeartbeatSucc
D/accs.OrangeAdapter( 1159):  isSmartHb result:true
D/accs.HeartbeatManager( 1159):  set 480
D/accs.UtilityImpl( 1159):  setServiceTime:1515723460601
I/tnet-jni( 1235): 103 - [spdyPingRecvCallback] - 
I/tnet-jni( 1235): 103 - [SpdySessionCallBack.spdyPingRecvCallback] - org.android.spdy.SpdySession@c5a37ed
D/accs.SpdyConnection( 1235):  spdyPingRecvCallback uniId:562
D/accs.MessageHandler( 1235):  onRcvPing
D/accs.HeartbeatManager( 1235):  onHeartbeatSucc
D/accs.OrangeAdapter( 1235):  isSmartHb result:true
D/accs.HeartbeatManager( 1235):  set 480
I/tnet-jni( 1159): 99 - [spdyPingRecvCallback] - 
I/tnet-jni( 1159): 99 - [SpdySessionCallBack.spdyPingRecvCallback] - org.android.spdy.SpdySession@39f1e094
D/accs.SilenceConn_umeng:56aadbf567e58e38d4000976( 1159):  spdyPingRecvCallback uniId:562
D/accs.MsgRecv_umeng:56aadbf567e58e38d4000976( 1159):  onRcvPing
D/accs.HeartbeatManager( 1159):  onHeartbeatSucc
D/accs.OrangeAdapter( 1159):  isSmartHb result:true
D/accs.HeartbeatManager( 1159):  set 480
D/AndroidRuntime( 5011): >>>>>> START com.android.internal.os.RuntimeInit uid 0 <<<<<<
D/AndroidRuntime( 5011): CheckJNI is OFF
E/memtrack( 5011): Couldn't load memtrack module (No such file or directory)
E/android.os.Debug( 5011): failed to load memtrack module: -2
D/AndroidRuntime( 5011): Calling main entry com.android.commands.wm.Wm
D/AndroidRuntime( 5011): Shutting down VM
D/AndroidRuntime( 5033): >>>>>> START com.android.internal.os.RuntimeInit uid 0 <<<<<<
D/AndroidRuntime( 5033): CheckJNI is OFF
E/memtrack( 5033): Couldn't load memtrack module (No such file or directory)
E/android.os.Debug( 5033): failed to load memtrack module: -2
D/AndroidRuntime( 5033): Calling main entry com.android.commands.monkey.Monkey
W/BroadcastQueue(  510): Skipping deliver [background] BroadcastRecord{28a5d7bc u-1 android.net.conn.CONNECTIVITY_CHANGE} to ReceiverList{2dc05345 5033 (unknown name)/0/u-1 remote:1aa5e38e}: process crashing
I/ActivityManager(  510): START u0 {act=android.intent.action.MAIN cat=[android.intent.category.LAUNCHER] flg=0x10200000 cmp=com.zzl.falcon.internal/com.zzl.falcon.EntranceActivity} from uid 0 on display 0
V/WindowManager(  510): addAppToken: AppWindowToken{25d6b3a8 token=Token{57fbfcb ActivityRecord{a0aa9a u0 com.zzl.falcon.internal/com.zzl.falcon.EntranceActivity t19}}} to stack=1 task=19 at 0
I/UsageStatsService(  510): User[0] Rolling over usage stats
I/UsageStatsService(  510): User[0] Flushing usage stats to disk
I/UsageStatsService(  510): User[0] Rollover scheduled @ 2018-01-12 19:00:00(1515801600000)
I/UsageStatsService(  510): User[0] Flushing usage stats to disk
I/UsageStatsService(  510): User[0] Rolling over usage stats complete. Took 86 milliseconds
D/ForegroundCallbacks( 1257): went foreground
I/awcn.SessionCenter( 1257): |[seq:[default]] [forground]
I/awcn.SessionCenter( 1257): |[seq:umeng:56aadbf567e58e38d4000976] [forground]
D/awcn.StrategyCenter( 1257):  getSchemeByHost host:umengacs.m.taobao.com scheme:https
D/awcn.SessionCenter( 1257): |[seq:umeng:56aadbf567e58e38d4000976] getInternal u:https://umengacs.m.taobao.com TypeClass:SPDY timeout:0
I/awcn.HttpDispatcher( 1257):  sendAmdcRequest hosts:[umengacs.m.taobao.com, unszapi.m.yao.95095.com, api.m.yao.95095.com]
I/awcn.AmdcThreadPoolExecutor( 1257):  merge amdc request delay:500
I/awcn.AmdcThreadPoolExecutor( 1257):  thread created! name:AMDC3
D/awcn.StrategyCenter( 1257):  getSchemeByHost host:umengacs.m.taobao.com scheme:https
D/awcn.SessionRequest( 1257): |[seq:umeng:56aadbf567e58e38d4000976.AWCN1] SessionRequest start host:https://umengacs.m.taobao.com type:SPDY
I/awcn.HttpDispatcher( 1257):  sendAmdcRequest hosts:[amdcopen.m.taobao.com]
D/getConnStrategyListByHost( 1257): |[seq:host] umengacs.m.taobao.com:result [{106.11.61.106 443 http2_0rtt_acs}, {106.11.61.106 80 http2_0rtt_acs}, {106.11.61.106 443 spdy_0rtt_acs}, {106.11.61.106 80 spdy_0rtt_acs}, {106.11.61.106 443 https}]
D/awcn.SessionRequest( 1257): |[seq:umeng:56aadbf567e58e38d4000976.AWCN1] [getAvailStrategy] strategies:[{106.11.61.106 443 http2_0rtt_acs}, {106.11.61.106 80 http2_0rtt_acs}, {106.11.61.106 443 spdy_0rtt_acs}, {106.11.61.106 80 spdy_0rtt_acs}]
I/awcn.SessionRequest( 1257): |[seq:umeng:56aadbf567e58e38d4000976.AWCN1_1] create connection... Host:https://umengacs.m.taobao.com Type:http2_0rtt_acs IP:106.11.61.106 Port:443 heartbeat:45000 session:Session@[umeng:56aadbf567e58e38d4000976.AWCN1_1|http2_0rtt_acs]
E/awcn.TnetSpdySession( 1257): |[seq:umeng:56aadbf567e58e38d4000976.AWCN1_1] [connect] host:https://umengacs.m.taobao.com connect :106.11.61.106:443 sessionId:1515723765537 SpdyProtocol,:http2_0rtt_acs proxyIp,: proxyPort,:0
E/awcn.Session( 1257): |[seq:umeng:56aadbf567e58e38d4000976.AWCN1_1] notifyStatus status:CONNECTING
E/awcn.Session( 1257): |[seq:umeng:56aadbf567e58e38d4000976.AWCN1_1] notifyStatus status:CONNECTED
I/accs.InAppConn_umeng:56aadbf567e58e38d4000976( 1257):  auth begin seq:umeng:56aadbf567e58e38d4000976.AWCN1_1
E/accs.InAppConn_umeng:56aadbf567e58e38d4000976( 1257):  1 auth URL:https://umengacs.m.taobao.com/accs/auth?1=WlcCiYIi1P4DAJwcljCxvIg%2F&2=a99486d3758e59fc2556590fba8e45d1f8f54345b3905b582ff5777b1cf28d90&3=umeng:56aadbf567e58e38d4000976&5=1&6=wifi&7=31027&8=1.1.2&9=1515664644671&10=1&11=22&12=com.zzl.falcon.internal&13=2.4.1&14=android@umeng&15=Custom Phone - 5.1.0 - API 22 - 768x1280&16=generic&17=221&19=0
I/awcn.TnetSpdySession( 1257):   request URL:https://umengacs.m.taobao.com/accs/auth?1=WlcCiYIi1P4DAJwcljCxvIg%2F&2=a99486d3758e59fc2556590fba8e45d1f8f54345b3905b582ff5777b1cf28d90&3=umeng:56aadbf567e58e38d4000976&5=1&6=wifi&7=31027&8=1.1.2&9=1515664644671&10=1&11=22&12=com.zzl.falcon.internal&13=2.4.1&14=android@umeng&15=Custom Phone - 5.1.0 - API 22 - 768x1280&16=generic&17=221&19=0
I/awcn.TnetSpdySession( 1257):   request Method:GET
I/awcn.TnetSpdySession( 1257):   request headers:{}
D/awcn.TnetSpdySession( 1257):   streamId:1
D/awcn.DefaultHeartbeatImpl( 1257): |[seq:umeng:56aadbf567e58e38d4000976.AWCN1_1] reSchedule session:Session@[umeng:56aadbf567e58e38d4000976.AWCN1_1|http2_0rtt_acs] delay:1515723810556
E/awcn.TnetSpdySession( 1257): |[seq:umeng:56aadbf567e58e38d4000976.AWCN1_1] spdySessionConnectCB connect connectTime:6 sslTime::2
D/OpenGLRenderer( 1257): Use EGL_SWAP_BEHAVIOR_PRESERVED: true
D/        ( 1257): HostConnection::get() New Host Connection established 0xf3fa11d0, tid 1257
D/Atlas   ( 1257): Validating map...
V/WindowManager(  510): Adding window Window{2902a5fd u0 com.zzl.falcon.internal/com.zzl.falcon.EntranceActivity} at 2 of 7 (after Window{27241f43 u0 com.android.launcher3/com.android.launcher3.Launcher})
W/Settings( 1257): Setting android_id has moved from android.provider.Settings.System to android.provider.Settings.Secure, returning read-only value.
W/Settings( 1257): Setting android_id has moved from android.provider.Settings.System to android.provider.Settings.Secure, returning read-only value.
E/com.umeng.message.UTrack( 1257): RegistrationId is empty
E/com.umeng.message.UTrack( 1257): RegistrationId is empty
I/awcn.TnetSpdySession( 1257):   httpStatusCode:200
I/awcn.TnetSpdySession( 1257):   response headers:{date=[Fri, 12 Jan 2018 02:22:46 GMT], server=[Tengine/Aserver/3.0.197_20171017114317], x-at=[WlcCiYIi1P4DAJwcljCxvIg%2Fumeng:56aadbf567e58e38d40009761515738166], content-length=[0], x-workerid=[3974138646352625696], :status=[200]}
E/accs.InAppConn_umeng:56aadbf567e58e38d4000976( 1257):  AUTH httpStatusCode:200 seq:umeng:56aadbf567e58e38d4000976.AWCN1_1
E/awcn.Session( 1257): |[seq:umeng:56aadbf567e58e38d4000976.AWCN1_1] notifyStatus status:AUTH_SUCC
I/awcn.DefaultHeartbeatImpl( 1257): |[seq:umeng:56aadbf567e58e38d4000976.AWCN1_1] heartbeat start session:Session@[umeng:56aadbf567e58e38d4000976.AWCN1_1|http2_0rtt_acs]
D/awcn.TnetSpdySession( 1257): |[seq:umeng:56aadbf567e58e38d4000976.AWCN1_1] spdyOnStreamResponse authTime:0
I/accs.UtilityImpl( 1257):  	header:x-at value:WlcCiYIi1P4DAJwcljCxvIg%2Fumeng:56aadbf567e58e38d40009761515738166
I/accs.UtilityImpl( 1257):  	header:server value:Tengine/Aserver/3.0.197_20171017114317
I/accs.UtilityImpl( 1257):  	header:date value:Fri, 12 Jan 2018 02:22:46 GMT
I/accs.UtilityImpl( 1257):  	header:content-length value:0
I/accs.UtilityImpl( 1257):  	header:x-workerid value:3974138646352625696
I/accs.UtilityImpl( 1257):  	header::status value:200
D/awcn.TnetSpdySession( 1257):  spdyStreamCloseCallback streamId:1
D/awcn.SessionRequest( 1257): |[seq:umeng:56aadbf567e58e38d4000976.AWCN1_1] Session:Session@[umeng:56aadbf567e58e38d4000976.AWCN1_1|http2_0rtt_acs] EventType:AUTH_SUCC Event:
D/awcn.SessionRequest( 1257): |[seq:umeng:56aadbf567e58e38d4000976.AWCN1_1] Connect Success session:Session@[umeng:56aadbf567e58e38d4000976.AWCN1_1|http2_0rtt_acs] host:https://umengacs.m.taobao.com
D/awcn.SessionRequest( 1257):  Receive session event type:AUTH_SUCC
D/awcn.StrategyTable( 1257):  [notifyConnEvent] Host:umengacs.m.taobao.com IConnStrategy:{106.11.61.106 443 http2_0rtt_acs} ConnEvent:ConnEvent#Success
D/libEGL  ( 1257): loaded /system/lib/egl/libEGL_emulation.so
D/libEGL  ( 1257): loaded /system/lib/egl/libGLESv1_CM_emulation.so
D/libEGL  ( 1257): loaded /system/lib/egl/libGLESv2_emulation.so
D/        ( 1257): HostConnection::get() New Host Connection established 0xf3fa15c0, tid 5055
I/OpenGLRenderer( 1257): Initialized EGL, version 1.4
D/OpenGLRenderer( 1257): Enabling debug mode 0
W/EGL_emulation( 1257): eglSurfaceAttrib not implemented
W/OpenGLRenderer( 1257): Failed to set EGL_SWAP_BEHAVIOR on surface 0xf3f9da00, error=EGL_SUCCESS
W/ViewRootImpl( 1257): Dropping event due to no window focus: KeyEvent { action=ACTION_DOWN, keyCode=KEYCODE_V, scanCode=0, metaState=0, flags=0x8, repeatCount=0, eventTime=59135830, downTime=59135830, deviceId=-1, source=0x101 }
I/accs.MsgDistributeService( 1257):  onStartCommand action:com.taobao.accs.intent.action.RECEIVE
W/ViewRootImpl( 1257): Cancelling event due to no window focus: KeyEvent { action=ACTION_UP, keyCode=KEYCODE_V, scanCode=0, metaState=0, flags=0x28, repeatCount=0, eventTime=59136165, downTime=59136165, deviceId=-1, source=0x101 }
W/ViewRootImpl( 1257): Cancelling event due to no window focus: KeyEvent { action=ACTION_UP, keyCode=KEYCODE_V, scanCode=0, metaState=0, flags=0x28, repeatCount=0, eventTime=59136165, downTime=59136165, deviceId=-1, source=0x101 }
W/ViewRootImpl( 1257): Cancelling event due to no window focus: KeyEvent { action=ACTION_UP, keyCode=KEYCODE_V, scanCode=0, metaState=0, flags=0x28, repeatCount=0, eventTime=59136165, downTime=59136165, deviceId=-1, source=0x101 }
W/ViewRootImpl( 1257): Cancelling event due to no window focus: KeyEvent { action=ACTION_UP, keyCode=KEYCODE_V, scanCode=0, metaState=0, flags=0x28, repeatCount=0, eventTime=59136165, downTime=59136165, deviceId=-1, source=0x101 }
W/ViewRootImpl( 1257): Cancelling event due to no window focus: KeyEvent { action=ACTION_UP, keyCode=KEYCODE_V, scanCode=0, metaState=0, flags=0x28, repeatCount=0, eventTime=59136165, downTime=59136165, deviceId=-1, source=0x101 }
W/ViewRootImpl( 1257): Cancelling event due to no window focus: KeyEvent { action=ACTION_UP, keyCode=KEYCODE_V, scanCode=0, metaState=0, flags=0x28, repeatCount=0, eventTime=59136165, downTime=59136165, deviceId=-1, source=0x101 }
W/ViewRootImpl( 1257): Cancelling event due to no window focus: KeyEvent { action=ACTION_UP, keyCode=KEYCODE_V, scanCode=0, metaState=0, flags=0x28, repeatCount=0, eventTime=59136165, downTime=59136165, deviceId=-1, source=0x101 }
W/ViewRootImpl( 1257): Cancelling event due to no window focus: KeyEvent { action=ACTION_UP, keyCode=KEYCODE_V, scanCode=0, metaState=0, flags=0x28, repeatCount=0, eventTime=59136165, downTime=59136165, deviceId=-1, source=0x101 }
D/accs.MsgDistribute( 1257):  action:com.taobao.accs.intent.action.RECEIVE
W/ViewRootImpl( 1257): Cancelling event due to no window focus: KeyEvent { action=ACTION_UP, keyCode=KEYCODE_V, scanCode=0, metaState=0, flags=0x28, repeatCount=0, eventTime=59136165, downTime=59136165, deviceId=-1, source=0x101 }
I/accs.MsgDistribute( 1257):  distribute command::103  serviceId::  dataId:: appkey: config:
W/ViewRootImpl( 1257): Dropping event due to no window focus: KeyEvent { action=ACTION_DOWN, keyCode=KEYCODE_DPAD_DOWN, scanCode=0, metaState=0, flags=0x8, repeatCount=0, eventTime=59136437, downTime=59136437, deviceId=-1, source=0x101 }
I/awcn.HMacUtil( 1257):  hmacSha1Hex result:bf3b16b252cdb8a907269da0e718d59d2bf76ecdcb50a0037639b29612ab628e
D/awcn.StrategyCenter( 1257):  getSchemeByHost host:amdcopen.m.taobao.com scheme:http
D/getConnStrategyListByHost( 1257): |[seq:host] amdcopen.m.taobao.com:result []
I/awcn.DispatchCore( 1257): |[seq:AMDC1] send amdc request url:http://amdcopen.m.taobao.com/amdc/mobileDispatch?appkey=umeng%3A56aadbf567e58e38d4000976&deviceId=WlcCiYIi1P4DAJwcljCxvIg%2F&platform=android&v=4.0
W/ViewRootImpl( 1257): Cancelling event due to no window focus: KeyEvent { action=ACTION_UP, keyCode=KEYCODE_DPAD_DOWN, scanCode=0, metaState=0, flags=0x28, repeatCount=0, eventTime=59136439, downTime=59136439, deviceId=-1, source=0x101 }
W/ViewRootImpl( 1257): Cancelling event due to no window focus: KeyEvent { action=ACTION_UP, keyCode=KEYCODE_DPAD_DOWN, scanCode=0, metaState=0, flags=0x28, repeatCount=0, eventTime=59136439, downTime=59136439, deviceId=-1, source=0x101 }
W/ViewRootImpl( 1257): Cancelling event due to no window focus: KeyEvent { action=ACTION_UP, keyCode=KEYCODE_DPAD_DOWN, scanCode=0, metaState=0, flags=0x28, repeatCount=0, eventTime=59136439, downTime=59136439, deviceId=-1, source=0x101 }
W/ViewRootImpl( 1257): Cancelling event due to no window focus: KeyEvent { action=ACTION_UP, keyCode=KEYCODE_DPAD_DOWN, scanCode=0, metaState=0, flags=0x28, repeatCount=0, eventTime=59136439, downTime=59136439, deviceId=-1, source=0x101 }
W/ViewRootImpl( 1257): Cancelling event due to no window focus: KeyEvent { action=ACTION_UP, keyCode=KEYCODE_DPAD_DOWN, scanCode=0, metaState=0, flags=0x28, repeatCount=0, eventTime=59136439, downTime=59136439, deviceId=-1, source=0x101 }
W/ViewRootImpl( 1257): Cancelling event due to no window focus: KeyEvent { action=ACTION_UP, keyCode=KEYCODE_DPAD_DOWN, scanCode=0, metaState=0, flags=0x28, repeatCount=0, eventTime=59136439, downTime=59136439, deviceId=-1, source=0x101 }
W/ViewRootImpl( 1257): Cancelling event due to no window focus: KeyEvent { action=ACTION_UP, keyCode=KEYCODE_DPAD_DOWN, scanCode=0, metaState=0, flags=0x28, repeatCount=0, eventTime=59136439, downTime=59136439, deviceId=-1, source=0x101 }
W/ViewRootImpl( 1257): Cancelling event due to no window focus: KeyEvent { action=ACTION_UP, keyCode=KEYCODE_DPAD_DOWN, scanCode=0, metaState=0, flags=0x28, repeatCount=0, eventTime=59136439, downTime=59136439, deviceId=-1, source=0x101 }
W/ViewRootImpl( 1257): Cancelling event due to no window focus: KeyEvent { action=ACTION_UP, keyCode=KEYCODE_DPAD_DOWN, scanCode=0, metaState=0, flags=0x28, repeatCount=0, eventTime=59136439, downTime=59136439, deviceId=-1, source=0x101 }
W/ViewRootImpl( 1257): Dropping event due to no window focus: KeyEvent { action=ACTION_DOWN, keyCode=KEYCODE_DPAD_DOWN, scanCode=0, metaState=0, flags=0x8, repeatCount=0, eventTime=59136441, downTime=59136441, deviceId=-1, source=0x101 }
I/ActivityManager(  510): Displayed com.zzl.falcon.internal/com.zzl.falcon.EntranceActivity: +885ms
I/ActivityManager(  510): START u0 {act=android.intent.action.MAIN cat=[android.intent.category.LAUNCHER] flg=0x10000000 cmp=com.android.browser/.BrowserActivity sel=act=android.intent.action.MAIN cat=[android.intent.category.APP_BROWSER]}} from uid 1000 on display 0
W/AudioTrack(  510): AUDIO_OUTPUT_FLAG_FAST denied by client
V/WindowManager(  510): Adding window Window{7f256d8 u0 SubPanel:com.zzl.falcon.internal/com.zzl.falcon.EntranceActivity} at 3 of 8 (after Window{2902a5fd u0 com.zzl.falcon.internal/com.zzl.falcon.EntranceActivity})
W/ViewRootImpl( 1257): Dropping event due to no window focus: KeyEvent { action=ACTION_DOWN, keyCode=KEYCODE_DPAD_RIGHT, scanCode=0, metaState=0, flags=0x8, repeatCount=0, eventTime=59136767, downTime=59136767, deviceId=-1, source=0x101 }
W/ViewRootImpl( 1257): Cancelling event due to no window focus: KeyEvent { action=ACTION_UP, keyCode=KEYCODE_DPAD_RIGHT, scanCode=0, metaState=0, flags=0x28, repeatCount=0, eventTime=59136769, downTime=59136769, deviceId=-1, source=0x101 }
W/ViewRootImpl( 1257): Cancelling event due to no window focus: KeyEvent { action=ACTION_UP, keyCode=KEYCODE_DPAD_RIGHT, scanCode=0, metaState=0, flags=0x28, repeatCount=0, eventTime=59136769, downTime=59136769, deviceId=-1, source=0x101 }
W/ViewRootImpl( 1257): Cancelling event due to no window focus: KeyEvent { action=ACTION_UP, keyCode=KEYCODE_DPAD_RIGHT, scanCode=0, metaState=0, flags=0x28, repeatCount=0, eventTime=59136769, downTime=59136769, deviceId=-1, source=0x101 }
W/ViewRootImpl( 1257): Cancelling event due to no window focus: KeyEvent { action=ACTION_UP, keyCode=KEYCODE_DPAD_RIGHT, scanCode=0, metaState=0, flags=0x28, repeatCount=0, eventTime=59136769, downTime=59136769, deviceId=-1, source=0x101 }
W/ViewRootImpl( 1257): Cancelling event due to no window focus: KeyEvent { action=ACTION_UP, keyCode=KEYCODE_DPAD_RIGHT, scanCode=0, metaState=0, flags=0x28, repeatCount=0, eventTime=59136769, downTime=59136769, deviceId=-1, source=0x101 }
W/ViewRootImpl( 1257): Cancelling event due to no window focus: KeyEvent { action=ACTION_UP, keyCode=KEYCODE_DPAD_RIGHT, scanCode=0, metaState=0, flags=0x28, repeatCount=0, eventTime=59136769, downTime=59136769, deviceId=-1, source=0x101 }
W/ViewRootImpl( 1257): Cancelling event due to no window focus: KeyEvent { action=ACTION_UP, keyCode=KEYCODE_DPAD_RIGHT, scanCode=0, metaState=0, flags=0x28, repeatCount=0, eventTime=59136769, downTime=59136769, deviceId=-1, source=0x101 }
W/ViewRootImpl( 1257): Cancelling event due to no window focus: KeyEvent { action=ACTION_UP, keyCode=KEYCODE_DPAD_RIGHT, scanCode=0, metaState=0, flags=0x28, repeatCount=0, eventTime=59136769, downTime=59136769, deviceId=-1, source=0x101 }
W/ViewRootImpl( 1257): Cancelling event due to no window focus: KeyEvent { action=ACTION_UP, keyCode=KEYCODE_DPAD_RIGHT, scanCode=0, metaState=0, flags=0x28, repeatCount=0, eventTime=59136769, downTime=59136769, deviceId=-1, source=0x101 }
W/ViewRootImpl( 1257): Dropping event due to no window focus: MotionEvent { action=ACTION_MOVE, id[0]=0, x[0]=4.0, y[0]=-2.0, toolType[0]=TOOL_TYPE_UNKNOWN, buttonState=0, metaState=0, flags=0x0, edgeFlags=0x0, pointerCount=1, historySize=9, eventTime=59136775, downTime=-1, deviceId=0, source=0x10004 }
W/EGL_emulation( 1257): eglSurfaceAttrib not implemented
W/OpenGLRenderer( 1257): Failed to set EGL_SWAP_BEHAVIOR on surface 0xf3f9da20, error=EGL_SUCCESS
W/ViewRootImpl( 1257): Dropping event due to no window focus: KeyEvent { action=ACTION_DOWN, keyCode=KEYCODE_DPAD_DOWN, scanCode=0, metaState=0, flags=0x8, repeatCount=0, eventTime=59136775, downTime=59136775, deviceId=-1, source=0x101 }
W/ViewRootImpl( 1257): Cancelling event due to no window focus: KeyEvent { action=ACTION_UP, keyCode=KEYCODE_MENU, scanCode=0, metaState=0, flags=0x28, repeatCount=0, eventTime=59136852, downTime=59136852, deviceId=-1, source=0x101 }
W/ViewRootImpl( 1257): Cancelling event due to no window focus: KeyEvent { action=ACTION_UP, keyCode=KEYCODE_MENU, scanCode=0, metaState=0, flags=0x28, repeatCount=0, eventTime=59136852, downTime=59136852, deviceId=-1, source=0x101 }
W/ViewRootImpl( 1257): Cancelling event due to no window focus: KeyEvent { action=ACTION_UP, keyCode=KEYCODE_MENU, scanCode=0, metaState=0, flags=0x28, repeatCount=0, eventTime=59136852, downTime=59136852, deviceId=-1, source=0x101 }
W/InputMethodManagerService(  510): Window already focused, ignoring focus gain of: com.android.internal.view.IInputMethodClient$Stub$Proxy@2fa20884 attribute=null, token = android.os.BinderProxy@2b76254
W/AudioTrack(  510): AUDIO_OUTPUT_FLAG_FAST denied by client
W/AudioTrack(  510): AUDIO_OUTPUT_FLAG_FAST denied by client
W/AudioTrack(  510): AUDIO_OUTPUT_FLAG_FAST denied by client
E/cutils-trace(  123): Error opening trace file: Permission denied (13)
I/ActivityManager(  510): START u0 {cmp=com.zzl.falcon.internal/com.zzl.falcon.MainActivity} from uid 10068 on display 0
V/WindowManager(  510): addAppToken: AppWindowToken{3b491d33 token=Token{1f8fca2 ActivityRecord{ae086d u0 com.zzl.falcon.internal/com.zzl.falcon.MainActivity t19}}} to stack=1 task=19 at 1
I/accs.Config( 1257):  getDeviceToken token:
I/accs.Config( 1257):  getAgooAppKey appkey:umeng:56aadbf567e58e38d4000976
I/accs.SwitchDO( 1257):  buildData data:{"cmd":"enablePush","appKey":"umeng:56aadbf567e58e38d4000976","utdid":"WlcCiYIi1P4DAJwcljCxvIg\/"}
D/accs.InAppConn_umeng:56aadbf567e58e38d4000976( 1257):  1 start
D/accs.InAppConn_umeng:56aadbf567e58e38d4000976( 1257):  send message, DATA delay:0 dataId:3
D/accs.UTMini( 1257):  commitEvent fail java.lang.NoClassDefFoundError: Failed resolution of: Lcom/ut/mini/internal/UTOriginalCustomHitBuilder;
I/accs.InAppConn_umeng:56aadbf567e58e38d4000976( 1257):  try send:DATA dataId:3 appkey:umeng:56aadbf567e58e38d4000976
D/awcn.SessionCenter( 1257): |[seq:umeng:56aadbf567e58e38d4000976] getInternal u:https://umengacs.m.taobao.com TypeClass:SPDY timeout:60000
D/awcn.StrategyCenter( 1257):  getSchemeByHost host:umengacs.m.taobao.com scheme:https
D/awcn.SessionCenter( 1257): |[seq:umeng:56aadbf567e58e38d4000976] get internal hit cache session session:Session@[umeng:56aadbf567e58e38d4000976.AWCN1_1|http2_0rtt_acs]
D/accs.Msg_umeng:56aadbf567e58e38d4000976( 1257):  Build Message
D/accs.Msg_umeng:56aadbf567e58e38d4000976( 1257):  	version:2 compress:0
D/accs.Msg_umeng:56aadbf567e58e38d4000976( 1257):  	flag: 0x40
D/accs.Msg_umeng:56aadbf567e58e38d4000976( 1257):  	totalLength:187
D/accs.Msg_umeng:56aadbf567e58e38d4000976( 1257):  	dataLength:185
D/accs.Msg_umeng:56aadbf567e58e38d4000976( 1257):  	flags:ffffc800
D/accs.Msg_umeng:56aadbf567e58e38d4000976( 1257):  	targetLength:16
D/accs.Msg_umeng:56aadbf567e58e38d4000976( 1257):  	target:2|AgooDeviceCmd|
D/accs.Msg_umeng:56aadbf567e58e38d4000976( 1257):  	sourceLength:63
D/accs.Msg_umeng:56aadbf567e58e38d4000976( 1257):  	source:WlcCiYIi1P4DAJwcljCxvIg/|com.zzl.falcon.internal|AgooDeviceCmd|
D/accs.Msg_umeng:56aadbf567e58e38d4000976( 1257):  	dataIdLength:1
D/accs.Msg_umeng:56aadbf567e58e38d4000976( 1257):  	dataId:3
D/accs.Msg_umeng:56aadbf567e58e38d4000976( 1257):  	extHeader len:0
D/accs.Msg_umeng:56aadbf567e58e38d4000976( 1257):  	oriData:{"cmd":"enablePush","appKey":"umeng:56aadbf567e58e38d4000976","utdid":"WlcCiYIi1P4DAJwcljCxvIg\/"}
D/accs.Msg_umeng:56aadbf567e58e38d4000976( 1257):  len:191
D/accs.Msg_umeng:56aadbf567e58e38d4000976( 1257):  20 40 0 bb 0 b9 c8 0 10 32 7c 41 67 6f 6f 44 65 76 69 63 65 43 6d 64 7c 3f 57 6c 63 43 69 59 49 69 31 50 34 44 41 4a 77 63 6c 6a 43 78 76 49 67 2f 7c 63 6f 6d 2e 7a 7a 6c 2e 66 61 6c 63 6f 6e 2e 69 6e 74 65 72 6e 61 6c 7c 41 67 6f 6f 44 65 76 69 63 65 43 6d 64 7c 1 33 0 0 7b 22 63 6d 64 22 3a 22 65 6e 61 62 6c 65 50 75 73 68 22 2c 22 61 70 70 4b 65 79 22 3a 22 75 6d 65 6e 67 3a 35 36 61 61 64 62 66 35 36 37 65 35 38 65 33 38 64 34 30 30 30 39 37 36 22 2c 22 75 74 64 69 64 22 3a 22 57 6c 63 43 69 59 49 69 31 50 34 44 41 4a 77 63 6c 6a 43 78 76 49 67 5c 2f 22 7d 
I/accs.InAppConn_umeng:56aadbf567e58e38d4000976( 1257):  send data  len:191 dataId:3 command:100 host:https://umengacs.m.taobao.com utdid:WlcCiYIi1P4DAJwcljCxvIg/
E/awcn.TnetSpdySession( 1257): |[seq:umeng:56aadbf567e58e38d4000976.AWCN1_1] sendCustomFrame dataId:3 type:200
D/awcn.DefaultHeartbeatImpl( 1257): |[seq:umeng:56aadbf567e58e38d4000976.AWCN1_1] reSchedule session:Session@[umeng:56aadbf567e58e38d4000976.AWCN1_1|http2_0rtt_acs] delay:1181
D/accs.InAppConn_umeng:56aadbf567e58e38d4000976( 1257):  sendSucc true dataId:3
D/ForegroundCallbacks( 1257): still foreground
V/WindowManager(  510): Adding window Window{2c5fe41c u0 com.zzl.falcon.internal/com.zzl.falcon.MainActivity} at 3 of 8 (after Window{2902a5fd u0 com.zzl.falcon.internal/com.zzl.falcon.EntranceActivity})
E/com.umeng.message.UTrack( 1257): RegistrationId is empty
E/com.umeng.message.UTrack( 1257): RegistrationId is empty
W/FragmentManager( 1257): moveToState: Fragment state for FinanceFragment{604ca61 #0 id=0x7f0e0108 android:switcher:2131624200:1} not updated inline; expected state 3 found 2
E/awcn.TnetSpdySession( 1257): |[seq:umeng:56aadbf567e58e38d4000976.AWCN1_1] [spdyCustomControlFrameRecvCallback] len:145 frameCb:com.taobao.accs.net.k@3e637a74
E/awcn.TnetSpdySession( 1257): |[seq:umeng:56aadbf567e58e38d4000976.AWCN1_1] str:20 40 0 8d 0 8b e0 0 3f 57 6c 63 43 69 59 49 69 31 50 34 44 41 4a 77 63 6c 6a 43 78 76 49 67 2f 7c 63 6f 6d 2e 7a 7a 6c 2e 66 61 6c 63 6f 6e 2e 69 6e 74 65 72 6e 61 6c 7c 41 67 6f 6f 44 65 76 69 63 65 43 6d 64 7c 10 32 7c 41 67 6f 6f 44 65 76 69 63 65 43 6d 64 7c 1 33 0 9 24 7 75 6e 7a 62 79 75 6e 7b 22 72 65 73 75 6c 74 43 6f 64 65 22 3a 22 73 75 63 63 65 73 73 22 2c 22 63 6d 64 22 3a 22 65 6e 61 62 6c 65 50 75 73 68 22 7d 
I/accs.InAppConn_umeng:56aadbf567e58e38d4000976( 1257):  onDataReceive, type:200 len:145
E/accs.InAppConn_umeng:56aadbf567e58e38d4000976( 1257):  onDataReceive, end:
D/accs.MsgRecv_umeng:56aadbf567e58e38d4000976( 1257):  version:2
D/accs.MsgRecv_umeng:56aadbf567e58e38d4000976( 1257):  compress:0
D/accs.MsgRecv_umeng:56aadbf567e58e38d4000976( 1257):  totalLen:141
D/accs.MsgRecv_umeng:56aadbf567e58e38d4000976( 1257):  buf len:139
D/accs.MsgRecv_umeng:56aadbf567e58e38d4000976( 1257):  flag:e000
D/accs.MsgRecv_umeng:56aadbf567e58e38d4000976( 1257):  target:WlcCiYIi1P4DAJwcljCxvIg/|com.zzl.falcon.internal|AgooDeviceCmd|
D/accs.MsgRecv_umeng:56aadbf567e58e38d4000976( 1257):  source:2|AgooDeviceCmd|
D/accs.MsgRecv_umeng:56aadbf567e58e38d4000976( 1257):  dataId:3
D/accs.MsgRecv_umeng:56aadbf567e58e38d4000976( 1257):  extHeaderLen:9
D/accs.MsgRecv_umeng:56aadbf567e58e38d4000976( 1257):   extHeaderType:9 value:unzbyun
D/accs.MsgRecv_umeng:56aadbf567e58e38d4000976( 1257):  oriData:[B@962ab9d
I/accs.MsgRecv_umeng:56aadbf567e58e38d4000976( 1257):  1 dataId 3:type DATA:reqType RES:resType NO_ACK:target WlcCiYIi1P4DAJwcljCxvIg/|com.zzl.falcon.internal|AgooDeviceCmd|
D/accs.MsgRecv_umeng:56aadbf567e58e38d4000976( 1257):  reqMessage not null
W/ActivityManager(  510): getTasks: caller 10068 does not hold GET_TASKS; limiting output
D/accs.MsgRecv_umeng:56aadbf567e58e38d4000976( 1257):  onResult command:100 erorcode:200
D/accs.MsgRecv_umeng:56aadbf567e58e38d4000976( 1257):  prepare send broadcast
D/accs.UTMini( 1257):  commitEvent fail java.lang.NoClassDefFoundError: Failed resolution of: Lcom/ut/mini/internal/UTOriginalCustomHitBuilder;
D/accs.InAppConn_umeng:56aadbf567e58e38d4000976( 1257):  try handle msg
D/accs.MsgDistribute( 1257):  action:com.taobao.accs.intent.action.RECEIVE
I/accs.MsgDistribute( 1257):  distribute command::100  serviceId::AgooDeviceCmd  dataId::1 appkey:umeng:56aadbf567e58e38d4000976 config:umeng:56aadbf567e58e38d4000976
