D/accs.HeartbeatManager( 4764):  set 270
D/accs.NetworkThread_umeng:56aadbf567e58e38d4000976( 4764):  send succ, remove it
D/accs.NetworkThread_umeng:56aadbf567e58e38d4000976( 4764):  ready to get message
D/accs.NetworkThread_umeng:56aadbf567e58e38d4000976( 4764):  no message, wait
I/art     (  527): Explicit concurrent mark sweep GC freed 7000(294KB) AllocSpace objects, 0(0B) LOS objects, 33% free, 11MB/17MB, paused 311us total 16.500ms
I/art     (  636): Explicit concurrent mark sweep GC freed 3621(188KB) AllocSpace objects, 0(0B) LOS objects, 40% free, 8MB/14MB, paused 232us total 11.735ms
I/art     (  527): Explicit concurrent mark sweep GC freed 6526(259KB) AllocSpace objects, 0(0B) LOS objects, 33% free, 11MB/17MB, paused 440us total 18.140ms
I/art     (  636): Explicit concurrent mark sweep GC freed 3947(201KB) AllocSpace objects, 0(0B) LOS objects, 40% free, 8MB/14MB, paused 835us total 12.035ms
I/art     (  527): Explicit concurrent mark sweep GC freed 6837(273KB) AllocSpace objects, 0(0B) LOS objects, 33% free, 11MB/17MB, paused 726us total 23.218ms
I/art     (  636): Explicit concurrent mark sweep GC freed 3632(188KB) AllocSpace objects, 0(0B) LOS objects, 40% free, 8MB/14MB, paused 274us total 10.666ms
I/art     (  527): Explicit concurrent mark sweep GC freed 6435(255KB) AllocSpace objects, 0(0B) LOS objects, 33% free, 11MB/17MB, paused 357us total 19.501ms
I/art     (  636): Explicit concurrent mark sweep GC freed 3621(188KB) AllocSpace objects, 0(0B) LOS objects, 40% free, 8MB/14MB, paused 231us total 11.228ms
I/art     (  527): Explicit concurrent mark sweep GC freed 6429(255KB) AllocSpace objects, 0(0B) LOS objects, 33% free, 11MB/17MB, paused 389us total 16.820ms
I/art     (  636): Explicit concurrent mark sweep GC freed 3621(188KB) AllocSpace objects, 0(0B) LOS objects, 40% free, 8MB/14MB, paused 386us total 10.248ms
I/art     (  527): Explicit concurrent mark sweep GC freed 6329(251KB) AllocSpace objects, 0(0B) LOS objects, 33% free, 11MB/17MB, paused 612us total 18.050ms
I/art     (  636): Explicit concurrent mark sweep GC freed 3622(188KB) AllocSpace objects, 0(0B) LOS objects, 40% free, 8MB/14MB, paused 269us total 10.706ms
I/art     (  527): Explicit concurrent mark sweep GC freed 6418(254KB) AllocSpace objects, 0(0B) LOS objects, 33% free, 11MB/17MB, paused 583us total 18.096ms
D/awcn.DefaultHeartbeatImpl( 4682): |[seq:umeng:56aadbf567e58e38d4000976.AWCN2_1] heartbeat session:Session@[umeng:56aadbf567e58e38d4000976.AWCN2_1|http2_0rtt_acs]
D/awcn.TnetSpdySession( 4682): |[seq:umeng:56aadbf567e58e38d4000976.AWCN2_1] ping host:https://umengacs.m.taobao.com thread:AWCN Scheduler1
D/awcn.TnetSpdySession( 4682): |[seq:umeng:56aadbf567e58e38d4000976.AWCN2_1] https://umengacs.m.taobao.com submit ping ms:45052 force:true
D/awcn.DefaultHeartbeatImpl( 4682): |[seq:umeng:56aadbf567e58e38d4000976.AWCN2_1] reSchedule session:Session@[umeng:56aadbf567e58e38d4000976.AWCN2_1|http2_0rtt_acs] delay:45052
I/awcn.TnetSpdySession( 4682): |[seq:umeng:56aadbf567e58e38d4000976.AWCN2_1] ping receive Host:https://umengacs.m.taobao.com id:17
I/art     (  636): Explicit concurrent mark sweep GC freed 3612(188KB) AllocSpace objects, 0(0B) LOS objects, 39% free, 8MB/14MB, paused 201us total 10.422ms
I/art     (  527): Explicit concurrent mark sweep GC freed 6429(255KB) AllocSpace objects, 0(0B) LOS objects, 33% free, 11MB/17MB, paused 366us total 18.229ms
I/art     (  636): Explicit concurrent mark sweep GC freed 3621(188KB) AllocSpace objects, 0(0B) LOS objects, 39% free, 8MB/14MB, paused 401us total 9.990ms
I/art     (  527): Explicit concurrent mark sweep GC freed 6432(255KB) AllocSpace objects, 0(0B) LOS objects, 33% free, 11MB/17MB, paused 374us total 17.629ms
I/art     (  636): Explicit concurrent mark sweep GC freed 3622(188KB) AllocSpace objects, 0(0B) LOS objects, 39% free, 8MB/14MB, paused 297us total 11.073ms
I/art     (  527): Explicit concurrent mark sweep GC freed 6545(279KB) AllocSpace objects, 0(0B) LOS objects, 33% free, 11MB/17MB, paused 377us total 17.953ms
I/art     (  636): Explicit concurrent mark sweep GC freed 3621(188KB) AllocSpace objects, 0(0B) LOS objects, 39% free, 8MB/14MB, paused 740us total 19.219ms
I/art     (  527): Explicit concurrent mark sweep GC freed 6422(254KB) AllocSpace objects, 0(0B) LOS objects, 33% free, 11MB/17MB, paused 297us total 17.887ms
I/art     (  636): Explicit concurrent mark sweep GC freed 3612(188KB) AllocSpace objects, 0(0B) LOS objects, 40% free, 8MB/14MB, paused 782us total 10.226ms
I/art     (  527): Explicit concurrent mark sweep GC freed 6429(255KB) AllocSpace objects, 0(0B) LOS objects, 33% free, 11MB/17MB, paused 561us total 17.565ms
I/art     (  636): Explicit concurrent mark sweep GC freed 3621(188KB) AllocSpace objects, 0(0B) LOS objects, 40% free, 8MB/14MB, paused 341us total 13.667ms
I/art     (  527): Explicit concurrent mark sweep GC freed 6429(255KB) AllocSpace objects, 0(0B) LOS objects, 33% free, 11MB/17MB, paused 357us total 17.118ms
I/art     (  636): Explicit concurrent mark sweep GC freed 3948(201KB) AllocSpace objects, 0(0B) LOS objects, 40% free, 8MB/14MB, paused 304us total 10.650ms
I/art     (  527): Explicit concurrent mark sweep GC freed 6444(256KB) AllocSpace objects, 0(0B) LOS objects, 33% free, 11MB/17MB, paused 303us total 17.457ms
I/art     (  636): Explicit concurrent mark sweep GC freed 3641(189KB) AllocSpace objects, 0(0B) LOS objects, 40% free, 8MB/14MB, paused 457us total 10.768ms
I/art     (  527): Explicit concurrent mark sweep GC freed 6435(255KB) AllocSpace objects, 0(0B) LOS objects, 33% free, 11MB/17MB, paused 337us total 19.703ms
D/Genyd   (  116): Received Set Clipboard
D/Genymotion(  116): Received Set Clipboard
I/art     (  636): Explicit concurrent mark sweep GC freed 3612(188KB) AllocSpace objects, 0(0B) LOS objects, 40% free, 8MB/14MB, paused 277us total 10.388ms
D/awcn.DefaultHeartbeatImpl( 4682): |[seq:umeng:56aadbf567e58e38d4000976.AWCN2_1] heartbeat session:Session@[umeng:56aadbf567e58e38d4000976.AWCN2_1|http2_0rtt_acs]
D/awcn.TnetSpdySession( 4682): |[seq:umeng:56aadbf567e58e38d4000976.AWCN2_1] ping host:https://umengacs.m.taobao.com thread:AWCN Scheduler1
D/awcn.TnetSpdySession( 4682): |[seq:umeng:56aadbf567e58e38d4000976.AWCN2_1] https://umengacs.m.taobao.com submit ping ms:45051 force:true
D/awcn.DefaultHeartbeatImpl( 4682): |[seq:umeng:56aadbf567e58e38d4000976.AWCN2_1] reSchedule session:Session@[umeng:56aadbf567e58e38d4000976.AWCN2_1|http2_0rtt_acs] delay:45051
I/awcn.TnetSpdySession( 4682): |[seq:umeng:56aadbf567e58e38d4000976.AWCN2_1] ping receive Host:https://umengacs.m.taobao.com id:19
I/art     (  527): Explicit concurrent mark sweep GC freed 6507(266KB) AllocSpace objects, 0(0B) LOS objects, 33% free, 11MB/17MB, paused 316us total 15.674ms
I/art     (  636): Explicit concurrent mark sweep GC freed 3621(188KB) AllocSpace objects, 0(0B) LOS objects, 40% free, 8MB/14MB, paused 630us total 11.988ms
I/art     (  527): Explicit concurrent mark sweep GC freed 6429(255KB) AllocSpace objects, 0(0B) LOS objects, 33% free, 11MB/17MB, paused 871us total 34.638ms
I/art     (  636): Explicit concurrent mark sweep GC freed 3622(188KB) AllocSpace objects, 0(0B) LOS objects, 40% free, 8MB/14MB, paused 1.820ms total 17.489ms
I/art     (  527): Explicit concurrent mark sweep GC freed 6818(272KB) AllocSpace objects, 0(0B) LOS objects, 33% free, 11MB/17MB, paused 685us total 18.723ms
I/art     (  636): Explicit concurrent mark sweep GC freed 3621(188KB) AllocSpace objects, 0(0B) LOS objects, 40% free, 8MB/14MB, paused 447us total 10.484ms
I/art     (  527): Explicit concurrent mark sweep GC freed 5938(233KB) AllocSpace objects, 0(0B) LOS objects, 33% free, 11MB/17MB, paused 321us total 17.601ms
I/art     (  636): Explicit concurrent mark sweep GC freed 3612(188KB) AllocSpace objects, 0(0B) LOS objects, 39% free, 8MB/14MB, paused 263us total 10.615ms
I/art     (  527): Explicit concurrent mark sweep GC freed 6420(254KB) AllocSpace objects, 0(0B) LOS objects, 33% free, 11MB/17MB, paused 395us total 19.440ms
I/art     (  636): Explicit concurrent mark sweep GC freed 3621(188KB) AllocSpace objects, 0(0B) LOS objects, 39% free, 8MB/14MB, paused 250us total 9.681ms
I/art     (  527): Explicit concurrent mark sweep GC freed 6873(275KB) AllocSpace objects, 0(0B) LOS objects, 33% free, 11MB/17MB, paused 566us total 20.715ms
I/art     (  636): Explicit concurrent mark sweep GC freed 3622(188KB) AllocSpace objects, 0(0B) LOS objects, 39% free, 8MB/14MB, paused 582us total 10.100ms
I/art     (  527): Explicit concurrent mark sweep GC freed 7527(321KB) AllocSpace objects, 0(0B) LOS objects, 33% free, 11MB/17MB, paused 736us total 32.334ms
I/art     (  636): Explicit concurrent mark sweep GC freed 3612(188KB) AllocSpace objects, 0(0B) LOS objects, 40% free, 8MB/14MB, paused 486us total 18.721ms
I/art     (  527): Explicit concurrent mark sweep GC freed 5974(235KB) AllocSpace objects, 0(0B) LOS objects, 33% free, 11MB/17MB, paused 495us total 27.268ms
I/art     (  636): Explicit concurrent mark sweep GC freed 3621(188KB) AllocSpace objects, 0(0B) LOS objects, 40% free, 8MB/14MB, paused 319us total 11.737ms
I/art     (  527): Explicit concurrent mark sweep GC freed 6465(256KB) AllocSpace objects, 0(0B) LOS objects, 33% free, 11MB/17MB, paused 596us total 19.130ms
D/awcn.DefaultHeartbeatImpl( 4682): |[seq:umeng:56aadbf567e58e38d4000976.AWCN2_1] heartbeat session:Session@[umeng:56aadbf567e58e38d4000976.AWCN2_1|http2_0rtt_acs]
D/awcn.TnetSpdySession( 4682): |[seq:umeng:56aadbf567e58e38d4000976.AWCN2_1] ping host:https://umengacs.m.taobao.com thread:AWCN Scheduler1
D/awcn.TnetSpdySession( 4682): |[seq:umeng:56aadbf567e58e38d4000976.AWCN2_1] https://umengacs.m.taobao.com submit ping ms:45050 force:true
D/awcn.DefaultHeartbeatImpl( 4682): |[seq:umeng:56aadbf567e58e38d4000976.AWCN2_1] reSchedule session:Session@[umeng:56aadbf567e58e38d4000976.AWCN2_1|http2_0rtt_acs] delay:45050
I/awcn.TnetSpdySession( 4682): |[seq:umeng:56aadbf567e58e38d4000976.AWCN2_1] ping receive Host:https://umengacs.m.taobao.com id:21
I/art     (  636): Explicit concurrent mark sweep GC freed 3949(201KB) AllocSpace objects, 0(0B) LOS objects, 40% free, 8MB/14MB, paused 243us total 10.478ms
I/art     (  527): Explicit concurrent mark sweep GC freed 6947(278KB) AllocSpace objects, 0(0B) LOS objects, 33% free, 11MB/17MB, paused 556us total 20.101ms
I/art     (  636): Explicit concurrent mark sweep GC freed 3641(189KB) AllocSpace objects, 0(0B) LOS objects, 40% free, 8MB/14MB, paused 211us total 9.617ms
I/art     (  527): Explicit concurrent mark sweep GC freed 6444(255KB) AllocSpace objects, 0(0B) LOS objects, 33% free, 11MB/17MB, paused 356us total 19.864ms
I/art     (  636): Explicit concurrent mark sweep GC freed 3612(188KB) AllocSpace objects, 0(0B) LOS objects, 40% free, 8MB/14MB, paused 514us total 12.571ms
I/art     (  527): Explicit concurrent mark sweep GC freed 5940(233KB) AllocSpace objects, 0(0B) LOS objects, 33% free, 11MB/17MB, paused 335us total 21.282ms
I/art     (  636): Explicit concurrent mark sweep GC freed 3621(188KB) AllocSpace objects, 0(0B) LOS objects, 40% free, 8MB/14MB, paused 296us total 10.454ms
I/art     (  527): Explicit concurrent mark sweep GC freed 6420(254KB) AllocSpace objects, 0(0B) LOS objects, 33% free, 11MB/17MB, paused 362us total 19.998ms
I/art     (  636): Explicit concurrent mark sweep GC freed 3622(188KB) AllocSpace objects, 0(0B) LOS objects, 40% free, 8MB/14MB, paused 251us total 11.949ms
I/art     (  527): Explicit concurrent mark sweep GC freed 6818(272KB) AllocSpace objects, 0(0B) LOS objects, 33% free, 11MB/17MB, paused 295us total 17.192ms
I/art     (  636): Explicit concurrent mark sweep GC freed 3621(188KB) AllocSpace objects, 0(0B) LOS objects, 40% free, 8MB/14MB, paused 218us total 10.866ms
I/tnet-jni( 1217): 105 - [spdyPingRecvCallback] - 
I/tnet-jni( 1217): 105 - [SpdySessionCallBack.spdyPingRecvCallback] - org.android.spdy.SpdySession@2d7e5d8e
D/accs.SpdyConnection( 1217):  spdyPingRecvCallback uniId:14
D/accs.MessageHandler( 1217):  onRcvPing
D/accs.HeartbeatManager( 1217):  onHeartbeatSucc
D/accs.OrangeAdapter( 1217):  isSmartHb result:true
D/accs.HeartbeatManager( 1217):  set 270
I/art     (  527): Explicit concurrent mark sweep GC freed 6481(258KB) AllocSpace objects, 0(0B) LOS objects, 33% free, 11MB/17MB, paused 303us total 17.103ms
I/art     (  636): Explicit concurrent mark sweep GC freed 3612(188KB) AllocSpace objects, 0(0B) LOS objects, 39% free, 8MB/14MB, paused 213us total 11.012ms
I/art     (  527): Explicit concurrent mark sweep GC freed 6426(254KB) AllocSpace objects, 0(0B) LOS objects, 33% free, 11MB/17MB, paused 314us total 19.631ms
I/art     (  636): Explicit concurrent mark sweep GC freed 3621(188KB) AllocSpace objects, 0(0B) LOS objects, 39% free, 8MB/14MB, paused 206us total 10.119ms
I/art     (  527): Explicit concurrent mark sweep GC freed 5943(233KB) AllocSpace objects, 0(0B) LOS objects, 33% free, 11MB/17MB, paused 307us total 17.734ms
I/art     (  636): Explicit concurrent mark sweep GC freed 3622(188KB) AllocSpace objects, 0(0B) LOS objects, 39% free, 8MB/14MB, paused 596us total 9.911ms
D/awcn.DefaultHeartbeatImpl( 4682): |[seq:umeng:56aadbf567e58e38d4000976.AWCN2_1] heartbeat session:Session@[umeng:56aadbf567e58e38d4000976.AWCN2_1|http2_0rtt_acs]
D/awcn.TnetSpdySession( 4682): |[seq:umeng:56aadbf567e58e38d4000976.AWCN2_1] ping host:https://umengacs.m.taobao.com thread:AWCN Scheduler1
D/awcn.TnetSpdySession( 4682): |[seq:umeng:56aadbf567e58e38d4000976.AWCN2_1] https://umengacs.m.taobao.com submit ping ms:45055 force:true
D/awcn.DefaultHeartbeatImpl( 4682): |[seq:umeng:56aadbf567e58e38d4000976.AWCN2_1] reSchedule session:Session@[umeng:56aadbf567e58e38d4000976.AWCN2_1|http2_0rtt_acs] delay:45055
I/awcn.TnetSpdySession( 4682): |[seq:umeng:56aadbf567e58e38d4000976.AWCN2_1] ping receive Host:https://umengacs.m.taobao.com id:23
I/art     (  527): Explicit concurrent mark sweep GC freed 7024(300KB) AllocSpace objects, 0(0B) LOS objects, 33% free, 11MB/17MB, paused 285us total 18.904ms
I/art     (  636): Explicit concurrent mark sweep GC freed 3621(188KB) AllocSpace objects, 0(0B) LOS objects, 39% free, 8MB/14MB, paused 248us total 10.308ms
I/art     (  527): Explicit concurrent mark sweep GC freed 6431(254KB) AllocSpace objects, 0(0B) LOS objects, 33% free, 11MB/17MB, paused 353us total 17.808ms
I/art     (  636): Explicit concurrent mark sweep GC freed 3612(188KB) AllocSpace objects, 0(0B) LOS objects, 40% free, 8MB/14MB, paused 511us total 10.499ms
I/art     (  527): Explicit concurrent mark sweep GC freed 6429(255KB) AllocSpace objects, 0(0B) LOS objects, 33% free, 11MB/17MB, paused 353us total 16.564ms
I/art     (  636): Explicit concurrent mark sweep GC freed 3946(201KB) AllocSpace objects, 0(0B) LOS objects, 40% free, 8MB/14MB, paused 613us total 11.368ms
I/art     (  527): Explicit concurrent mark sweep GC freed 6415(254KB) AllocSpace objects, 0(0B) LOS objects, 33% free, 11MB/17MB, paused 560us total 19.032ms
I/art     (  636): Explicit concurrent mark sweep GC freed 3642(189KB) AllocSpace objects, 0(0B) LOS objects, 40% free, 8MB/14MB, paused 291us total 10.707ms
I/art     (  527): Explicit concurrent mark sweep GC freed 6458(256KB) AllocSpace objects, 0(0B) LOS objects, 33% free, 11MB/17MB, paused 587us total 17.578ms
I/art     (  636): Explicit concurrent mark sweep GC freed 3612(188KB) AllocSpace objects, 0(0B) LOS objects, 40% free, 8MB/14MB, paused 619us total 11.669ms
I/art     (  527): Explicit concurrent mark sweep GC freed 6435(255KB) AllocSpace objects, 0(0B) LOS objects, 33% free, 11MB/17MB, paused 497us total 18.443ms
I/art     (  636): Explicit concurrent mark sweep GC freed 3621(188KB) AllocSpace objects, 0(0B) LOS objects, 40% free, 8MB/14MB, paused 568us total 10.978ms
I/art     (  527): Explicit concurrent mark sweep GC freed 6429(255KB) AllocSpace objects, 0(0B) LOS objects, 33% free, 11MB/17MB, paused 282us total 16.739ms
I/art     (  636): Explicit concurrent mark sweep GC freed 3621(188KB) AllocSpace objects, 0(0B) LOS objects, 40% free, 8MB/14MB, paused 298us total 10.532ms
I/art     (  527): Explicit concurrent mark sweep GC freed 6329(251KB) AllocSpace objects, 0(0B) LOS objects, 33% free, 11MB/17MB, paused 616us total 18.616ms
I/art     (  636): Explicit concurrent mark sweep GC freed 3622(188KB) AllocSpace objects, 0(0B) LOS objects, 40% free, 8MB/14MB, paused 262us total 14.209ms
I/art     (  527): Explicit concurrent mark sweep GC freed 6418(254KB) AllocSpace objects, 0(0B) LOS objects, 33% free, 11MB/17MB, paused 309us total 17.533ms
D/awcn.DefaultHeartbeatImpl( 4682): |[seq:umeng:56aadbf567e58e38d4000976.AWCN2_1] heartbeat session:Session@[umeng:56aadbf567e58e38d4000976.AWCN2_1|http2_0rtt_acs]
D/awcn.TnetSpdySession( 4682): |[seq:umeng:56aadbf567e58e38d4000976.AWCN2_1] ping host:https://umengacs.m.taobao.com thread:AWCN Scheduler1
D/awcn.TnetSpdySession( 4682): |[seq:umeng:56aadbf567e58e38d4000976.AWCN2_1] https://umengacs.m.taobao.com submit ping ms:45050 force:true
D/awcn.DefaultHeartbeatImpl( 4682): |[seq:umeng:56aadbf567e58e38d4000976.AWCN2_1] reSchedule session:Session@[umeng:56aadbf567e58e38d4000976.AWCN2_1|http2_0rtt_acs] delay:45050
I/awcn.TnetSpdySession( 4682): |[seq:umeng:56aadbf567e58e38d4000976.AWCN2_1] ping receive Host:https://umengacs.m.taobao.com id:25
I/art     (  636): Explicit concurrent mark sweep GC freed 3612(188KB) AllocSpace objects, 0(0B) LOS objects, 39% free, 8MB/14MB, paused 429us total 10.311ms
I/art     (  527): Explicit concurrent mark sweep GC freed 6432(255KB) AllocSpace objects, 0(0B) LOS objects, 33% free, 11MB/17MB, paused 671us total 17.747ms
D/Genyd   (  116): Received Set Clipboard
D/Genymotion(  116): Received Set Clipboard
I/art     (  636): Explicit concurrent mark sweep GC freed 3621(188KB) AllocSpace objects, 0(0B) LOS objects, 39% free, 8MB/14MB, paused 395us total 11.995ms
I/art     (  527): Explicit concurrent mark sweep GC freed 6505(258KB) AllocSpace objects, 0(0B) LOS objects, 33% free, 11MB/17MB, paused 352us total 17.209ms
I/art     (  636): Explicit concurrent mark sweep GC freed 3622(188KB) AllocSpace objects, 0(0B) LOS objects, 39% free, 8MB/14MB, paused 253us total 10.540ms
I/art     (  527): Explicit concurrent mark sweep GC freed 6544(279KB) AllocSpace objects, 0(0B) LOS objects, 33% free, 11MB/17MB, paused 329us total 21.450ms
I/art     (  636): Explicit concurrent mark sweep GC freed 3621(188KB) AllocSpace objects, 0(0B) LOS objects, 39% free, 8MB/14MB, paused 257us total 11.175ms
I/art     (  527): Explicit concurrent mark sweep GC freed 6422(254KB) AllocSpace objects, 0(0B) LOS objects, 33% free, 11MB/17MB, paused 461us total 20.136ms
D/Genyd   (  116): Received Set Clipboard
D/Genymotion(  116): Received Set Clipboard
I/art     (  636): Explicit concurrent mark sweep GC freed 3612(188KB) AllocSpace objects, 0(0B) LOS objects, 40% free, 8MB/14MB, paused 347us total 14.984ms
I/art     (  527): Explicit concurrent mark sweep GC freed 6517(259KB) AllocSpace objects, 0(0B) LOS objects, 33% free, 11MB/17MB, paused 734us total 18.582ms
I/art     (  636): Explicit concurrent mark sweep GC freed 3621(188KB) AllocSpace objects, 0(0B) LOS objects, 40% free, 8MB/14MB, paused 324us total 10.971ms
I/art     (  527): Explicit concurrent mark sweep GC freed 6515(258KB) AllocSpace objects, 0(0B) LOS objects, 33% free, 11MB/17MB, paused 455us total 18.958ms
D/Genyd   (  116): Received Set Clipboard
D/Genymotion(  116): Received Set Clipboard
D/Genyd   (  116): Received Set Clipboard
D/Genymotion(  116): Received Set Clipboard
I/art     (  636): Explicit concurrent mark sweep GC freed 3947(201KB) AllocSpace objects, 0(0B) LOS objects, 40% free, 8MB/14MB, paused 556us total 13.799ms
D/Genyd   (  116): Received Set Clipboard
D/Genymotion(  116): Received Set Clipboard
I/art     (  527): Explicit concurrent mark sweep GC freed 6592(263KB) AllocSpace objects, 0(0B) LOS objects, 33% free, 11MB/17MB, paused 506us total 17.364ms
I/art     (  636): Explicit concurrent mark sweep GC freed 3641(189KB) AllocSpace objects, 0(0B) LOS objects, 40% free, 8MB/14MB, paused 434us total 18.649ms
I/art     (  527): Explicit concurrent mark sweep GC freed 6426(254KB) AllocSpace objects, 0(0B) LOS objects, 33% free, 11MB/17MB, paused 406us total 18.631ms
D/Genyd   (  116): Received Set Clipboard
D/Genymotion(  116): Received Set Clipboard
I/art     (  636): Explicit concurrent mark sweep GC freed 3612(188KB) AllocSpace objects, 0(0B) LOS objects, 40% free, 8MB/14MB, paused 300us total 14.719ms
D/awcn.DefaultHeartbeatImpl( 4682): |[seq:umeng:56aadbf567e58e38d4000976.AWCN2_1] heartbeat session:Session@[umeng:56aadbf567e58e38d4000976.AWCN2_1|http2_0rtt_acs]
D/awcn.TnetSpdySession( 4682): |[seq:umeng:56aadbf567e58e38d4000976.AWCN2_1] ping host:https://umengacs.m.taobao.com thread:AWCN Scheduler1
D/awcn.TnetSpdySession( 4682): |[seq:umeng:56aadbf567e58e38d4000976.AWCN2_1] https://umengacs.m.taobao.com submit ping ms:45054 force:true
D/awcn.DefaultHeartbeatImpl( 4682): |[seq:umeng:56aadbf567e58e38d4000976.AWCN2_1] reSchedule session:Session@[umeng:56aadbf567e58e38d4000976.AWCN2_1|http2_0rtt_acs] delay:45054
I/awcn.TnetSpdySession( 4682): |[seq:umeng:56aadbf567e58e38d4000976.AWCN2_1] ping receive Host:https://umengacs.m.taobao.com id:27
I/art     (  527): Explicit concurrent mark sweep GC freed 6545(260KB) AllocSpace objects, 0(0B) LOS objects, 33% free, 11MB/17MB, paused 1.221ms total 33.231ms
I/art     (  636): Explicit concurrent mark sweep GC freed 3621(188KB) AllocSpace objects, 0(0B) LOS objects, 40% free, 8MB/14MB, paused 215us total 10.815ms
I/art     (  527): Explicit concurrent mark sweep GC freed 8956(366KB) AllocSpace objects, 1(16KB) LOS objects, 33% free, 11MB/17MB, paused 325us total 18.759ms
I/art     (  636): Explicit concurrent mark sweep GC freed 3622(188KB) AllocSpace objects, 0(0B) LOS objects, 40% free, 8MB/14MB, paused 211us total 10.446ms
D/accs.AccsJobService( 4764):  onStartJob
I/accs.ElectionServiceImpl( 4764):  onStartCommand begin action:com.taobao.accs.intent.action.COMMAND
I/accs.OrangeAdapter( 4764):  isElectionEnable result:false
I/accs.OrangeAdapter( 4764):  isElectionEnable result:false
I/accs.ElectionServiceImpl( 4764):  deliver to channelservice host pkg:
I/accs.ServiceImpl( 4764):  onHostStartCommand:Intent { act=com.taobao.accs.intent.action.COMMAND pkg=com.zzl.falcon.internal cmp=com.zzl.falcon.internal/com.taobao.accs.ChannelService (has extras) }
D/accs.ServiceImpl( 4764):  key command: value 201
I/accs.LoadSoFailUtil( 4764):  getSoFailTimes times:0
D/accs.SilenceConn_umeng:56aadbf567e58e38d4000976( 4764):  try ping, force:false
D/accs.SilenceConn_umeng:56aadbf567e58e38d4000976( 4764):  send message, PING delay:0 dataId:28
I/accs.ServiceImpl( 4764):  tryConnect appkey:0 configTag:umeng:56aadbf567e58e38d4000976|0
I/accs.ServiceImpl( 4764):  command:201
D/accs.SilenceConn_umeng:56aadbf567e58e38d4000976( 4764):  send message, PING delay:0 dataId:29
D/accs.SilenceConn_umeng:56aadbf567e58e38d4000976( 4764):  clearRepeatControlCommand message:201/
D/accs.NetworkThread_umeng:56aadbf567e58e38d4000976( 4764):  try get message
D/accs.NetworkThread_umeng:56aadbf567e58e38d4000976( 4764):  send message not null
I/accs.NetworkThread_umeng:56aadbf567e58e38d4000976( 4764):  0 send:PING status:3
D/accs.OrangeAdapter( 4764):  isSmartHb result:true
D/accs.NetworkThread_umeng:56aadbf567e58e38d4000976( 4764):  ms:270006 force:true
D/accs.MonitorStatistic( 4764):  commitUT interval:891871 interval1:1292099
E/accs.NetworkThread_umeng:56aadbf567e58e38d4000976( 4764):  0 try connect, force = true failTimes = 0
I/accs.NetworkThread_umeng:56aadbf567e58e38d4000976( 4764):  0 try connect, need sleep
I/art     (  527): Explicit concurrent mark sweep GC freed 6569(261KB) AllocSpace objects, 0(0B) LOS objects, 33% free, 11MB/17MB, paused 458us total 18.074ms
I/accs.SilenceConn_umeng:56aadbf567e58e38d4000976( 4764):  0 getChannelHost:accscdn.m.taobao.com
D/awcn.LocalDnsStrategyTable( 4764):  try resolve ip with local dns host:accscdn.m.taobao.com
D/getConnStrategyListByHost( 4764): |[seq:host] accscdn.m.taobao.com:result [{140.205.195.62 80 http}, {140.205.195.62 443 https}]
I/accs.SilenceConn_umeng:56aadbf567e58e38d4000976( 4764):  0 getChannelHost:accscdn.m.taobao.com
I/accs.SilenceConn_umeng:56aadbf567e58e38d4000976( 4764):  0 get ip from amdc fail!!
E/accs.SilenceConn_umeng:56aadbf567e58e38d4000976( 4764):  0 connect URL:https://accscdn.m.taobao.com:80/accs/
E/accs.SilenceConn_umeng:56aadbf567e58e38d4000976( 4764):  0 connect normal
I/accs.SilenceConn_umeng:56aadbf567e58e38d4000976( 4764):  0 getChannelHost:accscdn.m.taobao.com
I/tnet-jni( 4764): 227 -  create new session: accscdn.m.taobao.com:80
E/accs.SilenceConn_umeng:56aadbf567e58e38d4000976( 4764):  0 notifyStatus:CONNECTING
I/accs.SilenceConn_umeng:56aadbf567e58e38d4000976( 4764):  0 notifyStatus:CONNECTING handled
I/art     (  636): Explicit concurrent mark sweep GC freed 3621(188KB) AllocSpace objects, 0(0B) LOS objects, 40% free, 8MB/14MB, paused 794us total 13.434ms
I/tnet-jni( 4764): 221 - [spdySessionFailedError] - 
I/tnet-jni( 4764): 221 - [SpdySessionCallBack.spdySessionFailedError] - org.android.spdy.SpdySession@2d7c5aae
D/tnet-jni( 4764): 221 - [SpdySession.cleanUp] - 
E/accs.SilenceConn_umeng:56aadbf567e58e38d4000976( 4764):  0 spdySessionFailedError, retryTimes:0 errorId:-3530
E/accs.SilenceConn_umeng:56aadbf567e58e38d4000976( 4764):  0 notifyStatus:DISCONNECTED
D/accs.OrangeAdapter( 4764):  isSmartHb result:true
D/accs.HeartbeatManager( 4764):  set 270
D/accs.HeartbeatManager( 4764):  onNetworkFail
D/accs.SilenceConn_umeng:56aadbf567e58e38d4000976( 4764):  try ping, force:false
E/accs.NetworkThread_umeng:56aadbf567e58e38d4000976( 4764):  0 try connect fail, ready for reconnect
D/accs.SilenceConn_umeng:56aadbf567e58e38d4000976( 4764):  send message, PING delay:3366 dataId:30
E/accs.NetworkThread_umeng:56aadbf567e58e38d4000976( 4764):  0 try connect, force = false failTimes = 1
I/accs.NetworkThread_umeng:56aadbf567e58e38d4000976( 4764):  0 try connect, need sleep
I/accs.SilenceConn_umeng:56aadbf567e58e38d4000976( 4764):  0 notifyStatus:DISCONNECTED handled
D/accs.UTMini( 4764):  commitEvent fail java.lang.NoClassDefFoundError: Failed resolution of: Lcom/ut/mini/internal/UTOriginalCustomHitBuilder;
D/tnet-jni( 4764): 221 - [SpdySession.clearAllStreamCb] - 
D/tnet-jni( 4764): 221 - [SpdySession.cleanUp] - 
I/art     (  527): Explicit concurrent mark sweep GC freed 6680(268KB) AllocSpace objects, 0(0B) LOS objects, 33% free, 11MB/17MB, paused 519us total 18.041ms
D/accs.SilenceConn_umeng:56aadbf567e58e38d4000976( 4764):  clearRepeatControlCommand message:201/
I/accs.SilenceConn_umeng:56aadbf567e58e38d4000976( 4764):  0 getChannelHost:accscdn.m.taobao.com
D/awcn.LocalDnsStrategyTable( 4764):  try resolve ip with local dns host:accscdn.m.taobao.com
D/getConnStrategyListByHost( 4764): |[seq:host] accscdn.m.taobao.com:result [{140.205.195.62 80 http}, {140.205.195.62 443 https}]
I/accs.SilenceConn_umeng:56aadbf567e58e38d4000976( 4764):  0 getChannelHost:accscdn.m.taobao.com
I/accs.SilenceConn_umeng:56aadbf567e58e38d4000976( 4764):  0 get ip from amdc fail!!
E/accs.SilenceConn_umeng:56aadbf567e58e38d4000976( 4764):  0 connect URL:https://accscdn.m.taobao.com:80/accs/
E/accs.SilenceConn_umeng:56aadbf567e58e38d4000976( 4764):  0 connect normal
I/accs.SilenceConn_umeng:56aadbf567e58e38d4000976( 4764):  0 getChannelHost:accscdn.m.taobao.com
I/tnet-jni( 4764): 227 -  create new session: accscdn.m.taobao.com:80
E/accs.SilenceConn_umeng:56aadbf567e58e38d4000976( 4764):  0 notifyStatus:CONNECTING
I/accs.SilenceConn_umeng:56aadbf567e58e38d4000976( 4764):  0 notifyStatus:CONNECTING handled
I/tnet-jni( 4764): 221 - [spdySessionFailedError] - 
I/tnet-jni( 4764): 221 - [SpdySessionCallBack.spdySessionFailedError] - org.android.spdy.SpdySession@1227d04f
D/tnet-jni( 4764): 221 - [SpdySession.cleanUp] - 
E/accs.SilenceConn_umeng:56aadbf567e58e38d4000976( 4764):  0 spdySessionFailedError, retryTimes:1 errorId:-3530
E/accs.SilenceConn_umeng:56aadbf567e58e38d4000976( 4764):  0 notifyStatus:DISCONNECTED
D/accs.OrangeAdapter( 4764):  isSmartHb result:true
D/accs.HeartbeatManager( 4764):  set 270
D/accs.HeartbeatManager( 4764):  onNetworkFail
D/accs.SilenceConn_umeng:56aadbf567e58e38d4000976( 4764):  try ping, force:false
E/accs.NetworkThread_umeng:56aadbf567e58e38d4000976( 4764):  0 try connect fail, ready for reconnect
D/accs.SilenceConn_umeng:56aadbf567e58e38d4000976( 4764):  send message, PING delay:8664 dataId:31
E/accs.NetworkThread_umeng:56aadbf567e58e38d4000976( 4764):  0 try connect, force = false failTimes = 2
I/accs.NetworkThread_umeng:56aadbf567e58e38d4000976( 4764):  0 try connect, need sleep
I/accs.SilenceConn_umeng:56aadbf567e58e38d4000976( 4764):  0 notifyStatus:DISCONNECTED handled
D/accs.UTMini( 4764):  commitEvent fail java.lang.NoClassDefFoundError: Failed resolution of: Lcom/ut/mini/internal/UTOriginalCustomHitBuilder;
D/tnet-jni( 4764): 221 - [SpdySession.clearAllStreamCb] - 
D/tnet-jni( 4764): 221 - [SpdySession.cleanUp] - 
I/art     (  636): Explicit concurrent mark sweep GC freed 3585(186KB) AllocSpace objects, 0(0B) LOS objects, 39% free, 8MB/14MB, paused 295us total 10.260ms
I/art     (  527): Explicit concurrent mark sweep GC freed 6791(275KB) AllocSpace objects, 0(0B) LOS objects, 33% free, 11MB/17MB, paused 970us total 19.363ms
I/accs.SilenceConn_umeng:56aadbf567e58e38d4000976( 4764):  0 getChannelHost:accscdn.m.taobao.com
D/awcn.LocalDnsStrategyTable( 4764):  try resolve ip with local dns host:accscdn.m.taobao.com
D/getConnStrategyListByHost( 4764): |[seq:host] accscdn.m.taobao.com:result [{140.205.195.62 80 http}, {140.205.195.62 443 https}]
I/accs.SilenceConn_umeng:56aadbf567e58e38d4000976( 4764):  0 getChannelHost:accscdn.m.taobao.com
I/accs.SilenceConn_umeng:56aadbf567e58e38d4000976( 4764):  0 get ip from amdc fail!!
E/accs.SilenceConn_umeng:56aadbf567e58e38d4000976( 4764):  0 connect URL:https://accscdn.m.taobao.com:443/accs/
E/accs.SilenceConn_umeng:56aadbf567e58e38d4000976( 4764):  0 connect normal
I/accs.SilenceConn_umeng:56aadbf567e58e38d4000976( 4764):  0 getChannelHost:accscdn.m.taobao.com
I/tnet-jni( 4764): 227 -  create new session: accscdn.m.taobao.com:443
E/accs.SilenceConn_umeng:56aadbf567e58e38d4000976( 4764):  0 notifyStatus:CONNECTING
I/accs.SilenceConn_umeng:56aadbf567e58e38d4000976( 4764):  0 notifyStatus:CONNECTING handled
I/tnet-jni( 4764): 221 - [spdySessionFailedError] - 
I/tnet-jni( 4764): 221 - [SpdySessionCallBack.spdySessionFailedError] - org.android.spdy.SpdySession@885f3dc
D/tnet-jni( 4764): 221 - [SpdySession.cleanUp] - 
E/accs.SilenceConn_umeng:56aadbf567e58e38d4000976( 4764):  0 spdySessionFailedError, retryTimes:2 errorId:-3530
E/accs.SilenceConn_umeng:56aadbf567e58e38d4000976( 4764):  0 notifyStatus:DISCONNECTED
D/accs.OrangeAdapter( 4764):  isSmartHb result:true
D/accs.HeartbeatManager( 4764):  set 270
D/accs.HeartbeatManager( 4764):  onNetworkFail
D/accs.SilenceConn_umeng:56aadbf567e58e38d4000976( 4764):  try ping, force:false
E/accs.NetworkThread_umeng:56aadbf567e58e38d4000976( 4764):  0 try connect fail, ready for reconnect
D/accs.SilenceConn_umeng:56aadbf567e58e38d4000976( 4764):  send message, PING delay:9745 dataId:32
I/accs.SilenceConn_umeng:56aadbf567e58e38d4000976( 4764):  0 notifyStatus:DISCONNECTED handled
D/accs.UTMini( 4764):  commitEvent fail java.lang.NoClassDefFoundError: Failed resolution of: Lcom/ut/mini/internal/UTOriginalCustomHitBuilder;
E/accs.NetworkThread_umeng:56aadbf567e58e38d4000976( 4764):  0 try connect, force = false failTimes = 3
I/accs.NetworkThread_umeng:56aadbf567e58e38d4000976( 4764):  0 try connect, need sleep
D/tnet-jni( 4764): 221 - [SpdySession.clearAllStreamCb] - 
D/tnet-jni( 4764): 221 - [SpdySession.cleanUp] - 
I/art     (  636): Explicit concurrent mark sweep GC freed 3621(188KB) AllocSpace objects, 0(0B) LOS objects, 39% free, 8MB/14MB, paused 252us total 11.407ms
I/art     (  527): Explicit concurrent mark sweep GC freed 7175(292KB) AllocSpace objects, 0(0B) LOS objects, 33% free, 11MB/17MB, paused 346us total 18.034ms
D/accs.SilenceConn_umeng:56aadbf567e58e38d4000976( 4764):  clearRepeatControlCommand message:201/
I/accs.SilenceConn_umeng:56aadbf567e58e38d4000976( 4764):  0 getChannelHost:accscdn.m.taobao.com
I/awcn.StrategyCenter( 4764):  force refresh strategy host:accscdn.m.taobao.com
I/awcn.HttpDispatcher( 4764):  sendAmdcRequest hosts:[accscdn.m.taobao.com]
I/awcn.AmdcThreadPoolExecutor( 4764):  merge amdc request delay:3000
I/awcn.AmdcThreadPoolExecutor( 4764):  thread created! name:AMDC6
I/accs.SilenceConn_umeng:56aadbf567e58e38d4000976( 4764):  0 getChannelHost:accscdn.m.taobao.com
D/awcn.LocalDnsStrategyTable( 4764):  try resolve ip with local dns host:accscdn.m.taobao.com
D/getConnStrategyListByHost( 4764): |[seq:host] accscdn.m.taobao.com:result [{140.205.195.62 80 http}, {140.205.195.62 443 https}]
I/accs.SilenceConn_umeng:56aadbf567e58e38d4000976( 4764):  0 getChannelHost:accscdn.m.taobao.com
I/accs.SilenceConn_umeng:56aadbf567e58e38d4000976( 4764):  0 get ip from amdc fail!!
E/accs.SilenceConn_umeng:56aadbf567e58e38d4000976( 4764):  0 connect URL:https://accscdn.m.taobao.com:443/accs/
E/accs.SilenceConn_umeng:56aadbf567e58e38d4000976( 4764):  0 connect normal
I/accs.SilenceConn_umeng:56aadbf567e58e38d4000976( 4764):  0 getChannelHost:accscdn.m.taobao.com
I/tnet-jni( 4764): 227 -  create new session: accscdn.m.taobao.com:443
E/accs.SilenceConn_umeng:56aadbf567e58e38d4000976( 4764):  0 notifyStatus:CONNECTING
I/accs.SilenceConn_umeng:56aadbf567e58e38d4000976( 4764):  0 notifyStatus:CONNECTING handled
I/tnet-jni( 4764): 221 - [spdySessionFailedError] - 
I/tnet-jni( 4764): 221 - [SpdySessionCallBack.spdySessionFailedError] - org.android.spdy.SpdySession@30b773ba
D/tnet-jni( 4764): 221 - [SpdySession.cleanUp] - 
E/accs.SilenceConn_umeng:56aadbf567e58e38d4000976( 4764):  0 spdySessionFailedError, retryTimes:3 errorId:-3530
E/accs.SilenceConn_umeng:56aadbf567e58e38d4000976( 4764):  0 notifyStatus:DISCONNECTED
D/accs.OrangeAdapter( 4764):  isSmartHb result:true
D/accs.HeartbeatManager( 4764):  set 270
D/accs.HeartbeatManager( 4764):  onNetworkFail
D/accs.SilenceConn_umeng:56aadbf567e58e38d4000976( 4764):  try ping, force:false
E/accs.NetworkThread_umeng:56aadbf567e58e38d4000976( 4764):  0 try connect fail, ready for reconnect
E/accs.NetworkThread_umeng:56aadbf567e58e38d4000976( 4764):  0 try connect, force = false failTimes = 4
D/accs.SilenceConn_umeng:56aadbf567e58e38d4000976( 4764):  send message, PING delay:2596 dataId:33
E/accs.NetworkThread_umeng:56aadbf567e58e38d4000976( 4764):  0 try connect fail 4 times
I/accs.SilenceConn_umeng:56aadbf567e58e38d4000976( 4764):  0 notifyStatus:DISCONNECTED handled
D/accs.OrangeAdapter( 4764):  isSmartHb result:true
D/accs.HeartbeatManager( 4764):  set 270
D/accs.UTMini( 4764):  commitEvent fail java.lang.NoClassDefFoundError: Failed resolution of: Lcom/ut/mini/internal/UTOriginalCustomHitBuilder;
D/tnet-jni( 4764): 221 - [SpdySession.clearAllStreamCb] - 
D/tnet-jni( 4764): 221 - [SpdySession.cleanUp] - 
E/accs.SilenceConn_umeng:56aadbf567e58e38d4000976( 4764):  0 force close!
D/tnet-jni( 4764): 227 - [SpdySession.closeSession] - 
E/accs.SilenceConn_umeng:56aadbf567e58e38d4000976( 4764):  0 notifyStatus:DISCONNECTED
I/accs.SilenceConn_umeng:56aadbf567e58e38d4000976( 4764):  0 ignore notifyStatus
D/accs.MsgRecv_umeng:56aadbf567e58e38d4000976( 4764):  onError, skip ping/ack
E/accs.NetworkThread_umeng:56aadbf567e58e38d4000976( 4764):  0 network disconnected, wait
I/art     (  636): Explicit concurrent mark sweep GC freed 3622(188KB) AllocSpace objects, 0(0B) LOS objects, 39% free, 8MB/14MB, paused 249us total 10.506ms
I/art     (  527): Explicit concurrent mark sweep GC freed 6825(300KB) AllocSpace objects, 0(0B) LOS objects, 33% free, 11MB/17MB, paused 996us total 18.821ms
D/accs.NetworkThread_umeng:56aadbf567e58e38d4000976( 4764):  ready to get message
D/accs.NetworkThread_umeng:56aadbf567e58e38d4000976( 4764):  try get message
D/accs.NetworkThread_umeng:56aadbf567e58e38d4000976( 4764):  send message not null
I/accs.NetworkThread_umeng:56aadbf567e58e38d4000976( 4764):  0 send:PING status:3
D/accs.OrangeAdapter( 4764):  isSmartHb result:true
E/accs.NetworkThread_umeng:56aadbf567e58e38d4000976( 4764):  0 try connect, force = false failTimes = 4
E/accs.NetworkThread_umeng:56aadbf567e58e38d4000976( 4764):  0 try connect fail 4 times
D/accs.OrangeAdapter( 4764):  isSmartHb result:true
D/accs.HeartbeatManager( 4764):  set 270
D/accs.NetworkThread_umeng:56aadbf567e58e38d4000976( 4764):  send succ, remove it
D/accs.NetworkThread_umeng:56aadbf567e58e38d4000976( 4764):  ready to get message
D/accs.NetworkThread_umeng:56aadbf567e58e38d4000976( 4764):  no message, wait
E/awcn.DispatchCore( 4764):  amdc request's parameter invalid!
D/accs.NetworkThread_umeng:56aadbf567e58e38d4000976( 4764):  try get message
D/accs.NetworkThread_umeng:56aadbf567e58e38d4000976( 4764):  send message not null
I/accs.NetworkThread_umeng:56aadbf567e58e38d4000976( 4764):  0 send:PING status:3
D/accs.OrangeAdapter( 4764):  isSmartHb result:true
E/accs.NetworkThread_umeng:56aadbf567e58e38d4000976( 4764):  0 try connect, force = false failTimes = 4
E/accs.NetworkThread_umeng:56aadbf567e58e38d4000976( 4764):  0 try connect fail 4 times
D/accs.OrangeAdapter( 4764):  isSmartHb result:true
D/accs.HeartbeatManager( 4764):  set 270
D/accs.NetworkThread_umeng:56aadbf567e58e38d4000976( 4764):  send succ, remove it
D/accs.NetworkThread_umeng:56aadbf567e58e38d4000976( 4764):  ready to get message
D/accs.NetworkThread_umeng:56aadbf567e58e38d4000976( 4764):  no message, wait
I/art     (  636): Explicit concurrent mark sweep GC freed 3612(188KB) AllocSpace objects, 0(0B) LOS objects, 40% free, 8MB/14MB, paused 210us total 11.350ms
I/art     (  527): Explicit concurrent mark sweep GC freed 7094(293KB) AllocSpace objects, 0(0B) LOS objects, 33% free, 11MB/17MB, paused 381us total 17.804ms
I/art     (  636): Explicit concurrent mark sweep GC freed 3621(188KB) AllocSpace objects, 0(0B) LOS objects, 40% free, 8MB/14MB, paused 563us total 12.278ms
I/art     (  527): Explicit concurrent mark sweep GC freed 6480(257KB) AllocSpace objects, 0(0B) LOS objects, 33% free, 11MB/17MB, paused 853us total 18.554ms
D/awcn.DefaultHeartbeatImpl( 4682): |[seq:umeng:56aadbf567e58e38d4000976.AWCN2_1] heartbeat session:Session@[umeng:56aadbf567e58e38d4000976.AWCN2_1|http2_0rtt_acs]
D/awcn.TnetSpdySession( 4682): |[seq:umeng:56aadbf567e58e38d4000976.AWCN2_1] ping host:https://umengacs.m.taobao.com thread:AWCN Scheduler1
D/awcn.TnetSpdySession( 4682): |[seq:umeng:56aadbf567e58e38d4000976.AWCN2_1] https://umengacs.m.taobao.com submit ping ms:45051 force:true
D/awcn.DefaultHeartbeatImpl( 4682): |[seq:umeng:56aadbf567e58e38d4000976.AWCN2_1] reSchedule session:Session@[umeng:56aadbf567e58e38d4000976.AWCN2_1|http2_0rtt_acs] delay:45051
I/awcn.TnetSpdySession( 4682): |[seq:umeng:56aadbf567e58e38d4000976.AWCN2_1] ping receive Host:https://umengacs.m.taobao.com id:29
I/art     (  636): Explicit concurrent mark sweep GC freed 3948(201KB) AllocSpace objects, 0(0B) LOS objects, 40% free, 8MB/14MB, paused 273us total 10.539ms
I/art     (  527): Explicit concurrent mark sweep GC freed 6905(276KB) AllocSpace objects, 0(0B) LOS objects, 33% free, 11MB/17MB, paused 640us total 17.575ms
I/art     (  636): Explicit concurrent mark sweep GC freed 3641(189KB) AllocSpace objects, 0(0B) LOS objects, 40% free, 8MB/14MB, paused 262us total 10.599ms
I/art     (  527): Explicit concurrent mark sweep GC freed 6472(257KB) AllocSpace objects, 0(0B) LOS objects, 33% free, 11MB/17MB, paused 701us total 19.223ms
I/art     (  636): Explicit concurrent mark sweep GC freed 3612(188KB) AllocSpace objects, 0(0B) LOS objects, 40% free, 8MB/14MB, paused 234us total 10.276ms
I/art     (  527): Explicit concurrent mark sweep GC freed 5944(233KB) AllocSpace objects, 0(0B) LOS objects, 33% free, 11MB/17MB, paused 674us total 17.677ms
I/art     (  636): Explicit concurrent mark sweep GC freed 3621(188KB) AllocSpace objects, 0(0B) LOS objects, 40% free, 8MB/14MB, paused 205us total 10.199ms
I/art     (  527): Explicit concurrent mark sweep GC freed 6420(254KB) AllocSpace objects, 0(0B) LOS objects, 33% free, 11MB/17MB, paused 404us total 16.578ms
I/art     (  636): Explicit concurrent mark sweep GC freed 3622(188KB) AllocSpace objects, 0(0B) LOS objects, 40% free, 8MB/14MB, paused 403us total 10.092ms
I/art     (  527): Explicit concurrent mark sweep GC freed 6818(272KB) AllocSpace objects, 0(0B) LOS objects, 33% free, 11MB/17MB, paused 363us total 17.472ms
I/art     (  636): Explicit concurrent mark sweep GC freed 3621(188KB) AllocSpace objects, 0(0B) LOS objects, 40% free, 8MB/14MB, paused 439us total 10.681ms
I/art     (  527): Explicit concurrent mark sweep GC freed 6427(254KB) AllocSpace objects, 0(0B) LOS objects, 33% free, 11MB/17MB, paused 468us total 17.150ms
I/art     (  636): Explicit concurrent mark sweep GC freed 3612(188KB) AllocSpace objects, 0(0B) LOS objects, 39% free, 8MB/14MB, paused 505us total 10.268ms
I/art     (  527): Explicit concurrent mark sweep GC freed 5940(233KB) AllocSpace objects, 0(0B) LOS objects, 33% free, 11MB/17MB, paused 304us total 17.051ms
I/art     (  636): Explicit concurrent mark sweep GC freed 3621(188KB) AllocSpace objects, 0(0B) LOS objects, 39% free, 8MB/14MB, paused 375us total 10.806ms
I/art     (  527): Explicit concurrent mark sweep GC freed 6420(254KB) AllocSpace objects, 0(0B) LOS objects, 33% free, 11MB/17MB, paused 644us total 19.261ms
I/art     (  636): Explicit concurrent mark sweep GC freed 3622(188KB) AllocSpace objects, 0(0B) LOS objects, 39% free, 8MB/14MB, paused 550us total 12.212ms
D/awcn.DefaultHeartbeatImpl( 4682): |[seq:umeng:56aadbf567e58e38d4000976.AWCN2_1] heartbeat session:Session@[umeng:56aadbf567e58e38d4000976.AWCN2_1|http2_0rtt_acs]
D/awcn.TnetSpdySession( 4682): |[seq:umeng:56aadbf567e58e38d4000976.AWCN2_1] ping host:https://umengacs.m.taobao.com thread:AWCN Scheduler1
D/awcn.TnetSpdySession( 4682): |[seq:umeng:56aadbf567e58e38d4000976.AWCN2_1] https://umengacs.m.taobao.com submit ping ms:45052 force:true
D/awcn.DefaultHeartbeatImpl( 4682): |[seq:umeng:56aadbf567e58e38d4000976.AWCN2_1] reSchedule session:Session@[umeng:56aadbf567e58e38d4000976.AWCN2_1|http2_0rtt_acs] delay:45052
I/awcn.TnetSpdySession( 4682): |[seq:umeng:56aadbf567e58e38d4000976.AWCN2_1] ping receive Host:https://umengacs.m.taobao.com id:31
I/art     (  527): Explicit concurrent mark sweep GC freed 7034(301KB) AllocSpace objects, 0(0B) LOS objects, 33% free, 11MB/17MB, paused 506us total 18.488ms
I/art     (  636): Explicit concurrent mark sweep GC freed 3621(188KB) AllocSpace objects, 0(0B) LOS objects, 39% free, 8MB/14MB, paused 259us total 11.019ms
I/art     (  527): Explicit concurrent mark sweep GC freed 6431(254KB) AllocSpace objects, 0(0B) LOS objects, 33% free, 11MB/17MB, paused 328us total 17.547ms
I/art     (  636): Explicit concurrent mark sweep GC freed 3612(188KB) AllocSpace objects, 0(0B) LOS objects, 40% free, 8MB/14MB, paused 609us total 20.560ms
I/art     (  527): Explicit concurrent mark sweep GC freed 5941(233KB) AllocSpace objects, 0(0B) LOS objects, 33% free, 11MB/17MB, paused 294us total 16.942ms
D/Genyd   (  116): Received Set Clipboard
D/Genymotion(  116): Received Set Clipboard
I/tnet-jni( 1217): 105 - [spdyPingRecvCallback] - 
I/tnet-jni( 1217): 105 - [SpdySessionCallBack.spdyPingRecvCallback] - org.android.spdy.SpdySession@2d7e5d8e
D/accs.SpdyConnection( 1217):  spdyPingRecvCallback uniId:16
D/accs.MessageHandler( 1217):  onRcvPing
D/accs.HeartbeatManager( 1217):  onHeartbeatSucc
D/accs.OrangeAdapter( 1217):  isSmartHb result:true
D/accs.HeartbeatManager( 1217):  set 270
D/accs.UtilityImpl( 1217):  setServiceTime:1515833879647
I/art     (  636): Explicit concurrent mark sweep GC freed 3946(201KB) AllocSpace objects, 0(0B) LOS objects, 40% free, 8MB/14MB, paused 955us total 20.696ms
I/art     (  527): Explicit concurrent mark sweep GC freed 7021(282KB) AllocSpace objects, 0(0B) LOS objects, 33% free, 11MB/17MB, paused 823us total 29.569ms
I/art     (  636): Explicit concurrent mark sweep GC freed 3642(189KB) AllocSpace objects, 0(0B) LOS objects, 40% free, 8MB/14MB, paused 323us total 15.898ms
I/art     (  527): Explicit concurrent mark sweep GC freed 6467(257KB) AllocSpace objects, 0(0B) LOS objects, 33% free, 11MB/17MB, paused 717us total 24.388ms
D/Genyd   (  116): Received Set Clipboard
D/Genymotion(  116): Received Set Clipboard
I/art     (  636): Explicit concurrent mark sweep GC freed 3612(188KB) AllocSpace objects, 0(0B) LOS objects, 40% free, 8MB/14MB, paused 315us total 22.237ms
I/UsageStatsService(  527): User[0] Flushing usage stats to disk
I/art     (  527): Explicit concurrent mark sweep GC freed 8224(376KB) AllocSpace objects, 4(64KB) LOS objects, 33% free, 11MB/17MB, paused 588us total 23.484ms
I/art     (  636): Explicit concurrent mark sweep GC freed 3621(188KB) AllocSpace objects, 0(0B) LOS objects, 40% free, 8MB/14MB, paused 636us total 12.346ms
D/Genyd   (  116): Received Set Clipboard
D/Genymotion(  116): Received Set Clipboard
I/art     (  527): Explicit concurrent mark sweep GC freed 6043(237KB) AllocSpace objects, 0(0B) LOS objects, 33% free, 11MB/17MB, paused 432us total 18.671ms
I/art     (  636): Explicit concurrent mark sweep GC freed 3622(188KB) AllocSpace objects, 0(0B) LOS objects, 40% free, 8MB/14MB, paused 438us total 13.881ms
I/art     (  527): Explicit concurrent mark sweep GC freed 6809(272KB) AllocSpace objects, 0(0B) LOS objects, 33% free, 11MB/17MB, paused 3.438ms total 27.635ms
I/art     (  636): Explicit concurrent mark sweep GC freed 3621(188KB) AllocSpace objects, 0(0B) LOS objects, 40% free, 8MB/14MB, paused 239us total 11.941ms
I/art     (  527): Explicit concurrent mark sweep GC freed 6430(254KB) AllocSpace objects, 0(0B) LOS objects, 33% free, 11MB/17MB, paused 544us total 53.773ms
D/awcn.DefaultHeartbeatImpl( 4682): |[seq:umeng:56aadbf567e58e38d4000976.AWCN2_1] heartbeat session:Session@[umeng:56aadbf567e58e38d4000976.AWCN2_1|http2_0rtt_acs]
D/awcn.TnetSpdySession( 4682): |[seq:umeng:56aadbf567e58e38d4000976.AWCN2_1] ping host:https://umengacs.m.taobao.com thread:AWCN Scheduler1
D/awcn.TnetSpdySession( 4682): |[seq:umeng:56aadbf567e58e38d4000976.AWCN2_1] https://umengacs.m.taobao.com submit ping ms:45050 force:true
D/awcn.DefaultHeartbeatImpl( 4682): |[seq:umeng:56aadbf567e58e38d4000976.AWCN2_1] reSchedule session:Session@[umeng:56aadbf567e58e38d4000976.AWCN2_1|http2_0rtt_acs] delay:45051
I/awcn.TnetSpdySession( 4682): |[seq:umeng:56aadbf567e58e38d4000976.AWCN2_1] ping receive Host:https://umengacs.m.taobao.com id:33
I/art     (  636): Explicit concurrent mark sweep GC freed 3612(188KB) AllocSpace objects, 0(0B) LOS objects, 39% free, 8MB/14MB, paused 397us total 10.573ms
I/art     (  527): Explicit concurrent mark sweep GC freed 6429(255KB) AllocSpace objects, 0(0B) LOS objects, 33% free, 11MB/17MB, paused 772us total 24.961ms
I/art     (  636): Explicit concurrent mark sweep GC freed 3621(188KB) AllocSpace objects, 0(0B) LOS objects, 39% free, 8MB/14MB, paused 385us total 12.219ms
I/art     (  527): Explicit concurrent mark sweep GC freed 6458(257KB) AllocSpace objects, 0(0B) LOS objects, 33% free, 11MB/17MB, paused 906us total 33.419ms
I/art     (  636): Explicit concurrent mark sweep GC freed 3622(188KB) AllocSpace objects, 0(0B) LOS objects, 39% free, 8MB/14MB, paused 711us total 17.045ms
I/art     (  527): Explicit concurrent mark sweep GC freed 7038(301KB) AllocSpace objects, 0(0B) LOS objects, 33% free, 11MB/17MB, paused 808us total 21.055ms
I/art     (  636): Explicit concurrent mark sweep GC freed 3621(188KB) AllocSpace objects, 0(0B) LOS objects, 39% free, 8MB/14MB, paused 332us total 10.852ms
I/art     (  527): Explicit concurrent mark sweep GC freed 6204(255KB) AllocSpace objects, 1(16KB) LOS objects, 33% free, 11MB/17MB, paused 901us total 23.763ms
D/AndroidRuntime( 5617): >>>>>> START com.android.internal.os.RuntimeInit uid 0 <<<<<<
D/AndroidRuntime( 5617): CheckJNI is OFF
E/memtrack( 5617): Couldn't load memtrack module (No such file or directory)
E/android.os.Debug( 5617): failed to load memtrack module: -2
D/AndroidRuntime( 5617): Calling main entry com.android.commands.pm.Pm
I/art     ( 5617): System.exit called, status: 0
I/AndroidRuntime( 5617): VM exiting with result code 0.
I/art     (  636): Explicit concurrent mark sweep GC freed 3612(188KB) AllocSpace objects, 0(0B) LOS objects, 40% free, 8MB/14MB, paused 521us total 10.119ms
I/art     (  527): Explicit concurrent mark sweep GC freed 6735(279KB) AllocSpace objects, 0(0B) LOS objects, 33% free, 11MB/17MB, paused 824us total 22.714ms
D/AndroidRuntime( 5633): >>>>>> START com.android.internal.os.RuntimeInit uid 0 <<<<<<
D/AndroidRuntime( 5633): CheckJNI is OFF
E/memtrack( 5633): Couldn't load memtrack module (No such file or directory)
E/android.os.Debug( 5633): failed to load memtrack module: -2
D/AndroidRuntime( 5633): Calling main entry com.android.commands.wm.Wm
D/AndroidRuntime( 5633): Shutting down VM
D/AndroidRuntime( 5654): >>>>>> START com.android.internal.os.RuntimeInit uid 0 <<<<<<
D/AndroidRuntime( 5654): CheckJNI is OFF
E/memtrack( 5654): Couldn't load memtrack module (No such file or directory)
E/android.os.Debug( 5654): failed to load memtrack module: -2
D/AndroidRuntime( 5654): Calling main entry com.android.commands.monkey.Monkey
