W/ViewRootImpl( 4927): Cancelling event due to no window focus: KeyEvent { action=ACTION_UP, keyCode=KEYCODE_DPAD_CENTER, scanCode=0, metaState=0, flags=0x28, repeatCount=0, eventTime=9015070, downTime=9015070, deviceId=-1, source=0x101 }
W/ViewRootImpl( 4927): Cancelling event due to no window focus: KeyEvent { action=ACTION_UP, keyCode=KEYCODE_DPAD_CENTER, scanCode=0, metaState=0, flags=0x28, repeatCount=0, eventTime=9015070, downTime=9015070, deviceId=-1, source=0x101 }
W/ViewRootImpl( 4927): Cancelling event due to no window focus: KeyEvent { action=ACTION_UP, keyCode=KEYCODE_DPAD_CENTER, scanCode=0, metaState=0, flags=0x28, repeatCount=0, eventTime=9015070, downTime=9015070, deviceId=-1, source=0x101 }
W/ViewRootImpl( 4927): Cancelling event due to no window focus: KeyEvent { action=ACTION_UP, keyCode=KEYCODE_DPAD_CENTER, scanCode=0, metaState=0, flags=0x28, repeatCount=0, eventTime=9015070, downTime=9015070, deviceId=-1, source=0x101 }
W/ViewRootImpl( 4927): Cancelling event due to no window focus: KeyEvent { action=ACTION_UP, keyCode=KEYCODE_DPAD_CENTER, scanCode=0, metaState=0, flags=0x28, repeatCount=0, eventTime=9015070, downTime=9015070, deviceId=-1, source=0x101 }
W/ViewRootImpl( 4927): Cancelling event due to no window focus: KeyEvent { action=ACTION_UP, keyCode=KEYCODE_DPAD_CENTER, scanCode=0, metaState=0, flags=0x28, repeatCount=0, eventTime=9015070, downTime=9015070, deviceId=-1, source=0x101 }
W/ViewRootImpl( 4927): Dropping event due to no window focus: KeyEvent { action=ACTION_DOWN, keyCode=KEYCODE_DPAD_LEFT, scanCode=0, metaState=0, flags=0x8, repeatCount=0, eventTime=9015154, downTime=9015154, deviceId=-1, source=0x101 }
W/ViewRootImpl( 4927): Cancelling event due to no window focus: KeyEvent { action=ACTION_UP, keyCode=KEYCODE_DPAD_LEFT, scanCode=0, metaState=0, flags=0x28, repeatCount=0, eventTime=9015155, downTime=9015155, deviceId=-1, source=0x101 }
W/ViewRootImpl( 4927): Cancelling event due to no window focus: KeyEvent { action=ACTION_UP, keyCode=KEYCODE_DPAD_LEFT, scanCode=0, metaState=0, flags=0x28, repeatCount=0, eventTime=9015155, downTime=9015155, deviceId=-1, source=0x101 }
W/ViewRootImpl( 4927): Cancelling event due to no window focus: KeyEvent { action=ACTION_UP, keyCode=KEYCODE_DPAD_LEFT, scanCode=0, metaState=0, flags=0x28, repeatCount=0, eventTime=9015155, downTime=9015155, deviceId=-1, source=0x101 }
W/ViewRootImpl( 4927): Cancelling event due to no window focus: KeyEvent { action=ACTION_UP, keyCode=KEYCODE_DPAD_LEFT, scanCode=0, metaState=0, flags=0x28, repeatCount=0, eventTime=9015155, downTime=9015155, deviceId=-1, source=0x101 }
W/ViewRootImpl( 4927): Cancelling event due to no window focus: KeyEvent { action=ACTION_UP, keyCode=KEYCODE_DPAD_LEFT, scanCode=0, metaState=0, flags=0x28, repeatCount=0, eventTime=9015155, downTime=9015155, deviceId=-1, source=0x101 }
W/ViewRootImpl( 4927): Cancelling event due to no window focus: KeyEvent { action=ACTION_UP, keyCode=KEYCODE_DPAD_LEFT, scanCode=0, metaState=0, flags=0x28, repeatCount=0, eventTime=9015155, downTime=9015155, deviceId=-1, source=0x101 }
W/ViewRootImpl( 4927): Cancelling event due to no window focus: KeyEvent { action=ACTION_UP, keyCode=KEYCODE_DPAD_LEFT, scanCode=0, metaState=0, flags=0x28, repeatCount=0, eventTime=9015155, downTime=9015155, deviceId=-1, source=0x101 }
W/ViewRootImpl( 4927): Cancelling event due to no window focus: KeyEvent { action=ACTION_UP, keyCode=KEYCODE_DPAD_LEFT, scanCode=0, metaState=0, flags=0x28, repeatCount=0, eventTime=9015155, downTime=9015155, deviceId=-1, source=0x101 }
W/ViewRootImpl( 4927): Cancelling event due to no window focus: KeyEvent { action=ACTION_UP, keyCode=KEYCODE_DPAD_LEFT, scanCode=0, metaState=0, flags=0x28, repeatCount=0, eventTime=9015155, downTime=9015155, deviceId=-1, source=0x101 }
W/InputMethodManagerService(  527): Starting input on non-focused client com.android.internal.view.IInputMethodClient$Stub$Proxy@6c79026 (uid=10068 pid=4682)
W/BackupManagerService(  527): dataChanged but no participant pkg='com.android.providers.settings' uid=10013
D/ZenLog  (  527): set_zen_mode: no_interruptions,setting
D/ZenLog  (  527): update_zen_mode: off -> no_interruptions
D/ZenLog  (  527): set_ringer_mode_internal: ZenModeHelper,i:normal->silent,e:normal->silent
W/BackupManagerService(  527): dataChanged but no participant pkg='com.android.providers.settings' uid=10013
D/ZenLog  (  527): set_zen_mode: important_interruptions,setting
D/ZenLog  (  527): update_zen_mode: no_interruptions -> important_interruptions
D/ZenLog  (  527): set_ringer_mode_internal: ZenModeHelper,i:silent->normal,e:silent->silent
I/ActivityManager(  527): START u0 {act=android.intent.action.MAIN cat=[android.intent.category.LAUNCHER] flg=0x10200000 cmp=com.zzl.falcon.internal/com.squareup.leakcanary.internal.DisplayLeakActivity} from uid 0 on display 0
W/ViewRootImpl(  636): Cancelling event due to no window focus: KeyEvent { action=ACTION_UP, keyCode=KEYCODE_DPAD_LEFT, scanCode=0, metaState=0, flags=0x28, repeatCount=0, eventTime=9016682, downTime=9016682, deviceId=-1, source=0x101 }
W/ViewRootImpl(  636): Cancelling event due to no window focus: KeyEvent { action=ACTION_UP, keyCode=KEYCODE_DPAD_LEFT, scanCode=0, metaState=0, flags=0x28, repeatCount=0, eventTime=9016682, downTime=9016682, deviceId=-1, source=0x101 }
W/ViewRootImpl(  636): Cancelling event due to no window focus: KeyEvent { action=ACTION_UP, keyCode=KEYCODE_DPAD_LEFT, scanCode=0, metaState=0, flags=0x28, repeatCount=0, eventTime=9016682, downTime=9016682, deviceId=-1, source=0x101 }
W/ViewRootImpl(  636): Cancelling event due to no window focus: KeyEvent { action=ACTION_UP, keyCode=KEYCODE_DPAD_LEFT, scanCode=0, metaState=0, flags=0x28, repeatCount=0, eventTime=9016682, downTime=9016682, deviceId=-1, source=0x101 }
W/ViewRootImpl(  636): Cancelling event due to no window focus: KeyEvent { action=ACTION_UP, keyCode=KEYCODE_DPAD_LEFT, scanCode=0, metaState=0, flags=0x28, repeatCount=0, eventTime=9016682, downTime=9016682, deviceId=-1, source=0x101 }
W/ViewRootImpl(  636): Cancelling event due to no window focus: KeyEvent { action=ACTION_UP, keyCode=KEYCODE_DPAD_LEFT, scanCode=0, metaState=0, flags=0x28, repeatCount=0, eventTime=9016682, downTime=9016682, deviceId=-1, source=0x101 }
W/ViewRootImpl(  636): Cancelling event due to no window focus: KeyEvent { action=ACTION_UP, keyCode=KEYCODE_DPAD_LEFT, scanCode=0, metaState=0, flags=0x28, repeatCount=0, eventTime=9016682, downTime=9016682, deviceId=-1, source=0x101 }
W/ViewRootImpl(  636): Cancelling event due to no window focus: KeyEvent { action=ACTION_UP, keyCode=KEYCODE_DPAD_LEFT, scanCode=0, metaState=0, flags=0x28, repeatCount=0, eventTime=9016682, downTime=9016682, deviceId=-1, source=0x101 }
W/ViewRootImpl(  636): Cancelling event due to no window focus: KeyEvent { action=ACTION_UP, keyCode=KEYCODE_DPAD_LEFT, scanCode=0, metaState=0, flags=0x28, repeatCount=0, eventTime=9016682, downTime=9016682, deviceId=-1, source=0x101 }
I/ActivityManager(  527): START u0 {act=android.intent.action.MAIN cat=[android.intent.category.LAUNCHER] flg=0x10000000 cmp=com.android.browser/.BrowserActivity sel=act=android.intent.action.MAIN cat=[android.intent.category.APP_BROWSER]}} from uid 1000 on display 0
W/BackupManagerService(  527): dataChanged but no participant pkg='com.android.providers.settings' uid=10013
W/BackupManagerService(  527): dataChanged but no participant pkg='com.android.providers.settings' uid=10013
W/BackupManagerService(  527): dataChanged but no participant pkg='com.android.providers.settings' uid=10013
D/MccTable(  741): updateMccMncConfiguration mccmnc='310260' fromServiceState=true
D/MccTable(  741): updateMccMncConfiguration defaultMccMnc=310270
D/MccTable(  741): updateMccMncConfiguration: mcc=310, mnc=260
D/MccTable(  741): defaultLanguageForMcc(310): country us uses en
D/MccTable(  741): getLocaleFromMcc to en_us mcc=310
D/MccTable(  741): getLocaleForLanguageCountry: skipping already persisted
D/MccTable(  741): WIFI_COUNTRY_CODE set to us
I/WifiService(  527): WifiService trying to set country code to us with persist set to true
I/ActivityManager(  527): START u0 {act=android.intent.action.CALL_BUTTON flg=0x10000000 cmp=com.android.dialer/.DialtactsActivity} from uid 10013 on display 0
D/ConnectivityService(  527): registerNetworkAgent NetworkAgentInfo{ ni{[type: WIFI[], state: CONNECTING/CONNECTING, reason: (unspecified), extra: 0x, roaming: false, failover: false, isAvailable: true, isConnectedToProvisioningNetwork: false]}  network{null}  lp{{InterfaceName: eth1 LinkAddresses: []  Routes: [] DnsAddresses: [] Domains: null MTU: 0 TcpBufferSizes: 524288,1048576,2097152,262144,524288,1048576}}  nc{[ Transports: WIFI Capabilities: INTERNET&NOT_RESTRICTED&TRUSTED&NOT_VPN LinkUpBandwidth>=1048576Kbps LinkDnBandwidth>=1048576Kbps]}  Score{20}  everValidated{false}  lastValidated{false}  created{false}  explicitlySelected{false} }
D/ConnectivityService(  527): NetworkAgentInfo [WIFI () - 106] EVENT_NETWORK_INFO_CHANGED, going from null to CONNECTING
W/InputMethodManagerService(  527): Window already focused, ignoring focus gain of: com.android.internal.view.IInputMethodClient$Stub$Proxy@3c84a155 attribute=null, token = android.os.BinderProxy@8d0254e
D/ConnectivityService(  527): updateNetworkScore for NetworkAgentInfo [WIFI () - 106] to 56
W/BackupManagerService(  527): dataChanged but no participant pkg='com.android.providers.settings' uid=10013
D/TaskPersister(  527): removeObsoleteFile: deleting file=46_task.xml
D/TaskPersister(  527): removeObsoleteFile: deleting file=46_task_thumbnail.png
D/MccTable(  741): updateMccMncConfiguration mccmnc='310270' fromServiceState=false
D/MccTable(  741): updateMccMncConfiguration defaultMccMnc=310270
D/MccTable(  741): updateMccMncConfiguration: mcc=310, mnc=270
D/MccTable(  741): defaultLanguageForMcc(310): country us uses en
D/MccTable(  741): getLocaleFromMcc to en_us mcc=310
D/MccTable(  741): getLocaleForLanguageCountry: skipping already persisted
D/MccTable(  741): updateMccMncConfiguration updateConfig config={1.0 310mcc270mnc ?locale ?layoutDir ?swdp ?wdp ?hdp ?density ?lsize ?long ?orien ?uimode ?night ?touch ?keyb/?/? ?nav/?}
D/MccTable(  741): updateMccMncConfiguration mccmnc='310270' fromServiceState=false
D/MccTable(  741): updateMccMncConfiguration defaultMccMnc=310270
D/MccTable(  741): updateMccMncConfiguration: mcc=310, mnc=270
D/MccTable(  741): defaultLanguageForMcc(310): country us uses en
D/MccTable(  741): getLocaleFromMcc to en_us mcc=310
D/MccTable(  741): getLocaleForLanguageCountry: skipping already persisted
D/MccTable(  741): updateMccMncConfiguration updateConfig config={1.0 310mcc270mnc ?locale ?layoutDir ?swdp ?wdp ?hdp ?density ?lsize ?long ?orien ?uimode ?night ?touch ?keyb/?/? ?nav/?}
I/ActivityManager(  527): START u0 {act=android.settings.SETTINGS flg=0x14000000 cmp=com.android.settings/.Settings} from uid 10013 on display 0
I/ActivityManager(  527): START u0 {act=android.intent.action.MAIN cat=[android.intent.category.HOME] flg=0x10200000 cmp=com.android.launcher3/.Launcher} from uid 1000 on display 0
D/ConnectivityService(  527): NetworkAgentInfo [WIFI () - 106] EVENT_NETWORK_INFO_CHANGED, going from CONNECTING to CONNECTED
D/ConnectivityService(  527): Adding iface eth1 to network 106
E/ConnectivityService(  527): Unexpected mtu value: 0, eth1
D/ConnectivityService(  527): Adding Route [fe80::/64 -> :: eth1] to network 106
D/ConnectivityService(  527): Adding Route [10.0.3.0/24 -> 0.0.0.0 eth1] to network 106
D/ConnectivityService(  527): Adding Route [0.0.0.0/0 -> 10.0.3.2 eth1] to network 106
D/ConnectivityService(  527): Setting Dns servers for network 106 to [/172.16.10.220, /202.96.209.5]
D/ConnectivityService(  527): notifyType IP_CHANGED for NetworkAgentInfo [WIFI () - 106]
D/ConnectivityService(  527): notifyType PRECHECK for NetworkAgentInfo [WIFI () - 106]
D/ConnectivityService(  527): rematching NetworkAgentInfo [WIFI () - 106]
D/ConnectivityService(  527):    accepting network in place of null
D/ConnectivityService(  527): Switching to new default network: NetworkAgentInfo{ ni{[type: WIFI[], state: CONNECTED/CONNECTED, reason: (unspecified), extra: "WiredSSID", roaming: false, failover: false, isAvailable: true, isConnectedToProvisioningNetwork: false]}  network{106}  lp{{InterfaceName: eth1 LinkAddresses: [fe80::a00:27ff:fe16:647c/64,10.0.3.15/24,]  Routes: [fe80::/64 -> :: eth1,10.0.3.0/24 -> 0.0.0.0 eth1,0.0.0.0/0 -> 10.0.3.2 eth1,] DnsAddresses: [172.16.10.220,202.96.209.5,] Domains: zzl MTU: 0 TcpBufferSizes: 524288,1048576,2097152,262144,524288,1048576}}  nc{[ Transports: WIFI Capabilities: INTERNET&NOT_RESTRICTED&TRUSTED&NOT_VPN LinkUpBandwidth>=1048576Kbps LinkDnBandwidth>=1048576Kbps]}  Score{16}  everValidated{false}  lastValidated{false}  created{true}  explicitlySelected{false} }
D/ConnectivityService(  527): notifyType AVAILABLE for NetworkAgentInfo [WIFI () - 106]
D/CSLegacyTypeTracker(  527): Sending connected broadcast for type 1 NetworkAgentInfo [WIFI () - 106] isDefaultNetwork=true
D/ConnectivityService(  527): sendStickyBroadcast: action=android.net.conn.CONNECTIVITY_CHANGE_IMMEDIATE
D/ConnectivityService(  527): sendStickyBroadcast: action=android.net.conn.CONNECTIVITY_CHANGE
W/BroadcastQueue(  527): Skipping deliver [background] BroadcastRecord{419f036 u-1 android.net.conn.CONNECTIVITY_CHANGE} to ReceiverList{f27a6d9 6025 (unknown name)/0/u-1 remote:19adf952}: process crashing
D/MccTable(  741): updateMccMncConfiguration mccmnc='310270' fromServiceState=false
D/MccTable(  741): updateMccMncConfiguration defaultMccMnc=310270
D/MccTable(  741): updateMccMncConfiguration: mcc=310, mnc=270
D/MccTable(  741): defaultLanguageForMcc(310): country us uses en
D/MccTable(  741): getLocaleFromMcc to en_us mcc=310
D/MccTable(  741): getLocaleForLanguageCountry: skipping already persisted
D/MccTable(  741): updateMccMncConfiguration updateConfig config={1.0 310mcc270mnc ?locale ?layoutDir ?swdp ?wdp ?hdp ?density ?lsize ?long ?orien ?uimode ?night ?touch ?keyb/?/? ?nav/?}
D/MccTable(  741): updateMccMncConfiguration mccmnc='310270' fromServiceState=false
D/MccTable(  741): updateMccMncConfiguration defaultMccMnc=310270
D/MccTable(  741): updateMccMncConfiguration: mcc=310, mnc=270
D/MccTable(  741): defaultLanguageForMcc(310): country us uses en
D/MccTable(  741): getLocaleFromMcc to en_us mcc=310
D/MccTable(  741): getLocaleForLanguageCountry: skipping already persisted
D/MccTable(  741): updateMccMncConfiguration updateConfig config={1.0 310mcc270mnc ?locale ?layoutDir ?swdp ?wdp ?hdp ?density ?lsize ?long ?orien ?uimode ?night ?touch ?keyb/?/? ?nav/?}
D/ConnectivityService(  527): updateNetworkScore for NetworkAgentInfo [WIFI () - 106] to 60
D/ConnectivityService(  527): rematching NetworkAgentInfo [WIFI () - 106]
D/ConnectivityService(  527): Network NetworkAgentInfo [WIFI () - 106] was already satisfying request 1. No change.
D/ConnectivityService(  527): notifyType AVAILABLE for NetworkAgentInfo [WIFI () - 106]
--------- beginning of main
I/accs.SpdyConnection( 1217):  	header:server value:Tengine/Aserver/3.0.177_20170808144625
I/accs.SpdyConnection( 1217):  	header::version value:HTTP/1.1
I/accs.SpdyConnection( 1217):  	header:content-length value:0
I/accs.SpdyConnection( 1217):  	header:x-workerid value:4477978854664699918
I/accs.SpdyConnection( 1217):  	header::status value:200
E/accs.SpdyConnection( 1217):  0 spdyOnStreamResponse httpStatusCode: 200
E/accs.SpdyConnection( 1217):  0 notifyStatus:CONNECTED
D/accs.HeartbeatManager( 1217):  resetLevel
D/accs.OrangeAdapter( 1217):  isSmartHb result:true
D/accs.HeartbeatManager( 1217):  set 270
I/accs.SpdyConnection( 1217):  0 notifyStatus:CONNECTED handled
D/accs.UTMini( 1217):  commitEvent fail java.lang.NoClassDefFoundError: Failed resolution of: Lcom/ut/mini/internal/UTOriginalCustomHitBuilder;
D/accs.OrangeAdapter( 1217):  isSmartHb result:true
D/accs.SpdyConnection( 1217):  spdyOnStreamResponse
I/tnet-jni( 1217): 105 - [spdyStreamCloseCallback] - 
D/accs.OrangeAdapter( 1217):  isSmartHb result:true
D/accs.HeartbeatManager( 1217):  set 270
I/tnet-jni( 1217): 105 - [SpdySessionCallBack.spdyStreamCloseCallback] - org.android.spdy.SpdySession@29ef27fd
I/tnet-jni( 1217): 105 - index=1    endtime=1515834830193
D/accs.SpdyConnection( 1217):  spdyStreamCloseCallback
D/accs.NetworkThread( 1217):  send succ, remove it
D/accs.NetworkThread( 1217):  ready to get message
D/accs.NetworkThread( 1217):  no message, wait
I/art     (  636): Explicit concurrent mark sweep GC freed 26839(1672KB) AllocSpace objects, 0(0B) LOS objects, 39% free, 9MB/15MB, paused 846us total 13.683ms
I/art     (  527): Explicit concurrent mark sweep GC freed 25696(1748KB) AllocSpace objects, 12(1332KB) LOS objects, 33% free, 11MB/17MB, paused 934us total 26.407ms
E/WifiStateMachine(  527): WifiStateMachine L2Connected CMD_START_SCAN source -2 258, 259 -> obsolete
I/tnet-jni( 4764): 227 -  create new session: accscdn.m.taobao.com:80
E/accs.SilenceConn_umeng:56aadbf567e58e38d4000976( 4764):  0 notifyStatus:CONNECTING
I/accs.SilenceConn_umeng:56aadbf567e58e38d4000976( 4764):  0 notifyStatus:CONNECTING handled
I/tnet-jni( 4764): 221 - [spdySessionFailedError] - 
I/tnet-jni( 4764): 221 - [SpdySessionCallBack.spdySessionFailedError] - org.android.spdy.SpdySession@39b3a22f
D/tnet-jni( 4764): 221 - [SpdySession.cleanUp] - 
E/accs.SilenceConn_umeng:56aadbf567e58e38d4000976( 4764):  0 spdySessionFailedError, retryTimes:0 errorId:-3530
E/accs.SilenceConn_umeng:56aadbf567e58e38d4000976( 4764):  0 notifyStatus:DISCONNECTED
D/accs.OrangeAdapter( 4764):  isSmartHb result:true
D/accs.HeartbeatManager( 4764):  set 270
D/accs.HeartbeatManager( 4764):  onNetworkFail
D/accs.SilenceConn_umeng:56aadbf567e58e38d4000976( 4764):  try ping, force:false
E/accs.NetworkThread_umeng:56aadbf567e58e38d4000976( 4764):  0 try connect fail, ready for reconnect
D/accs.SilenceConn_umeng:56aadbf567e58e38d4000976( 4764):  send message, PING delay:7022 dataId:54
E/accs.NetworkThread_umeng:56aadbf567e58e38d4000976( 4764):  0 try connect, force = false failTimes = 1
I/accs.SilenceConn_umeng:56aadbf567e58e38d4000976( 4764):  0 notifyStatus:DISCONNECTED handled
D/accs.UTMini( 4764):  commitEvent fail java.lang.NoClassDefFoundError: Failed resolution of: Lcom/ut/mini/internal/UTOriginalCustomHitBuilder;
D/tnet-jni( 4764): 221 - [SpdySession.clearAllStreamCb] - 
D/tnet-jni( 4764): 221 - [SpdySession.cleanUp] - 
I/accs.NetworkThread_umeng:56aadbf567e58e38d4000976( 4764):  0 try connect, need sleep
I/art     (  636): Explicit concurrent mark sweep GC freed 3915(336KB) AllocSpace objects, 5(97KB) LOS objects, 40% free, 9MB/15MB, paused 920us total 12.930ms
I/art     (  527): Explicit concurrent mark sweep GC freed 7776(360KB) AllocSpace objects, 2(32KB) LOS objects, 33% free, 11MB/17MB, paused 742us total 21.093ms
D/NetworkMonitor/NetworkAgentInfo [WIFI () - 106](  527): Probably not a portal: exception java.net.SocketTimeoutException: failed to connect to connectivitycheck.android.com/172.217.27.142 (port 80) after 10000ms
I/accs.SilenceConn_umeng:56aadbf567e58e38d4000976( 4764):  0 getChannelHost:accscdn.m.taobao.com
D/awcn.LocalDnsStrategyTable( 4764):  try resolve ip with local dns host:accscdn.m.taobao.com
D/getConnStrategyListByHost( 4764): |[seq:host] accscdn.m.taobao.com:result [{140.205.195.62 80 http}, {140.205.195.62 443 https}]
I/accs.SilenceConn_umeng:56aadbf567e58e38d4000976( 4764):  0 getChannelHost:accscdn.m.taobao.com
I/accs.SilenceConn_umeng:56aadbf567e58e38d4000976( 4764):  0 get ip from amdc fail!!
E/accs.SilenceConn_umeng:56aadbf567e58e38d4000976( 4764):  0 connect URL:https://accscdn.m.taobao.com:443/accs/
E/accs.SilenceConn_umeng:56aadbf567e58e38d4000976( 4764):  0 connect normal
I/accs.SilenceConn_umeng:56aadbf567e58e38d4000976( 4764):  0 getChannelHost:accscdn.m.taobao.com
I/tnet-jni( 4764): 227 -  create new session: accscdn.m.taobao.com:443
E/accs.SilenceConn_umeng:56aadbf567e58e38d4000976( 4764):  0 notifyStatus:CONNECTING
I/accs.SilenceConn_umeng:56aadbf567e58e38d4000976( 4764):  0 notifyStatus:CONNECTING handled
I/tnet-jni( 4764): 221 - [spdySessionFailedError] - 
I/tnet-jni( 4764): 221 - [SpdySessionCallBack.spdySessionFailedError] - org.android.spdy.SpdySession@2c40903c
D/tnet-jni( 4764): 221 - [SpdySession.cleanUp] - 
E/accs.SilenceConn_umeng:56aadbf567e58e38d4000976( 4764):  0 spdySessionFailedError, retryTimes:1 errorId:-3530
E/accs.SilenceConn_umeng:56aadbf567e58e38d4000976( 4764):  0 notifyStatus:DISCONNECTED
D/accs.OrangeAdapter( 4764):  isSmartHb result:true
D/accs.HeartbeatManager( 4764):  set 270
D/accs.HeartbeatManager( 4764):  onNetworkFail
D/accs.SilenceConn_umeng:56aadbf567e58e38d4000976( 4764):  try ping, force:false
E/accs.NetworkThread_umeng:56aadbf567e58e38d4000976( 4764):  0 try connect fail, ready for reconnect
D/accs.SilenceConn_umeng:56aadbf567e58e38d4000976( 4764):  send message, PING delay:3134 dataId:55
I/accs.SilenceConn_umeng:56aadbf567e58e38d4000976( 4764):  0 notifyStatus:DISCONNECTED handled
E/accs.NetworkThread_umeng:56aadbf567e58e38d4000976( 4764):  0 try connect, force = false failTimes = 2
I/accs.NetworkThread_umeng:56aadbf567e58e38d4000976( 4764):  0 try connect, need sleep
D/accs.UTMini( 4764):  commitEvent fail java.lang.NoClassDefFoundError: Failed resolution of: Lcom/ut/mini/internal/UTOriginalCustomHitBuilder;
D/tnet-jni( 4764): 221 - [SpdySession.clearAllStreamCb] - 
D/tnet-jni( 4764): 221 - [SpdySession.cleanUp] - 
D/accs.SilenceConn_umeng:56aadbf567e58e38d4000976( 4764):  clearRepeatControlCommand message:201/
I/art     (  636): Explicit concurrent mark sweep GC freed 3712(189KB) AllocSpace objects, 0(0B) LOS objects, 39% free, 9MB/15MB, paused 298us total 11.509ms
I/art     (  527): Explicit concurrent mark sweep GC freed 6551(265KB) AllocSpace objects, 0(0B) LOS objects, 33% free, 11MB/17MB, paused 520us total 17.825ms
D/Genyd   (  116): Received Set Clipboard
D/Genymotion(  116): Received Set Clipboard
D/accs.SilenceConn_umeng:56aadbf567e58e38d4000976( 4764):  clearRepeatControlCommand message:201/
D/NetworkMonitor/NetworkAgentInfo [WIFI () - 106](  527): EvaluatingState{ when=-6ms what=532486 arg1=3 target=com.android.internal.util.StateMachine$SmHandler }
D/NetworkMonitor/NetworkAgentInfo [WIFI () - 106](  527): Checking http://connectivitycheck.android.com/generate_204 on "WiredSSID"
I/accs.SilenceConn_umeng:56aadbf567e58e38d4000976( 4764):  0 getChannelHost:accscdn.m.taobao.com
D/awcn.LocalDnsStrategyTable( 4764):  try resolve ip with local dns host:accscdn.m.taobao.com
D/getConnStrategyListByHost( 4764): |[seq:host] accscdn.m.taobao.com:result [{140.205.195.62 80 http}, {140.205.195.62 443 https}]
I/accs.SilenceConn_umeng:56aadbf567e58e38d4000976( 4764):  0 getChannelHost:accscdn.m.taobao.com
I/accs.SilenceConn_umeng:56aadbf567e58e38d4000976( 4764):  0 get ip from amdc fail!!
E/accs.SilenceConn_umeng:56aadbf567e58e38d4000976( 4764):  0 connect URL:https://accscdn.m.taobao.com:443/accs/
E/accs.SilenceConn_umeng:56aadbf567e58e38d4000976( 4764):  0 connect normal
I/accs.SilenceConn_umeng:56aadbf567e58e38d4000976( 4764):  0 getChannelHost:accscdn.m.taobao.com
I/tnet-jni( 4764): 227 -  create new session: accscdn.m.taobao.com:443
E/accs.SilenceConn_umeng:56aadbf567e58e38d4000976( 4764):  0 notifyStatus:CONNECTING
I/accs.SilenceConn_umeng:56aadbf567e58e38d4000976( 4764):  0 notifyStatus:CONNECTING handled
I/tnet-jni( 4764): 221 - [spdySessionFailedError] - 
I/tnet-jni( 4764): 221 - [SpdySessionCallBack.spdySessionFailedError] - org.android.spdy.SpdySession@dd7e1c5
D/tnet-jni( 4764): 221 - [SpdySession.cleanUp] - 
E/accs.SilenceConn_umeng:56aadbf567e58e38d4000976( 4764):  0 spdySessionFailedError, retryTimes:2 errorId:-3530
E/accs.SilenceConn_umeng:56aadbf567e58e38d4000976( 4764):  0 notifyStatus:DISCONNECTED
D/accs.OrangeAdapter( 4764):  isSmartHb result:true
D/accs.HeartbeatManager( 4764):  set 270
D/accs.HeartbeatManager( 4764):  onNetworkFail
D/accs.SilenceConn_umeng:56aadbf567e58e38d4000976( 4764):  try ping, force:false
D/accs.SilenceConn_umeng:56aadbf567e58e38d4000976( 4764):  send message, PING delay:1362 dataId:56
I/accs.SilenceConn_umeng:56aadbf567e58e38d4000976( 4764):  0 notifyStatus:DISCONNECTED handled
D/accs.UTMini( 4764):  commitEvent fail java.lang.NoClassDefFoundError: Failed resolution of: Lcom/ut/mini/internal/UTOriginalCustomHitBuilder;
D/tnet-jni( 4764): 221 - [SpdySession.clearAllStreamCb] - 
D/tnet-jni( 4764): 221 - [SpdySession.cleanUp] - 
E/accs.NetworkThread_umeng:56aadbf567e58e38d4000976( 4764):  0 try connect fail, ready for reconnect
E/accs.NetworkThread_umeng:56aadbf567e58e38d4000976( 4764):  0 try connect, force = false failTimes = 3
I/accs.NetworkThread_umeng:56aadbf567e58e38d4000976( 4764):  0 try connect, need sleep
D/accs.SilenceConn_umeng:56aadbf567e58e38d4000976( 4764):  clearRepeatControlCommand message:201/
I/art     (  636): Explicit concurrent mark sweep GC freed 4104(205KB) AllocSpace objects, 0(0B) LOS objects, 39% free, 9MB/15MB, paused 631us total 14.755ms
I/art     (  527): Explicit concurrent mark sweep GC freed 8846(368KB) AllocSpace objects, 0(0B) LOS objects, 33% free, 11MB/17MB, paused 1.257ms total 25.531ms
I/accs.SilenceConn_umeng:56aadbf567e58e38d4000976( 4764):  0 getChannelHost:accscdn.m.taobao.com
I/awcn.StrategyCenter( 4764):  force refresh strategy host:accscdn.m.taobao.com
I/awcn.HttpDispatcher( 4764):  sendAmdcRequest hosts:[accscdn.m.taobao.com]
I/awcn.AmdcThreadPoolExecutor( 4764):  merge amdc request delay:3000
I/awcn.AmdcThreadPoolExecutor( 4764):  thread created! name:AMDC9
I/accs.SilenceConn_umeng:56aadbf567e58e38d4000976( 4764):  0 getChannelHost:accscdn.m.taobao.com
D/awcn.LocalDnsStrategyTable( 4764):  try resolve ip with local dns host:accscdn.m.taobao.com
D/getConnStrategyListByHost( 4764): |[seq:host] accscdn.m.taobao.com:result [{140.205.195.62 80 http}, {140.205.195.62 443 https}]
I/accs.SilenceConn_umeng:56aadbf567e58e38d4000976( 4764):  0 getChannelHost:accscdn.m.taobao.com
I/accs.SilenceConn_umeng:56aadbf567e58e38d4000976( 4764):  0 get ip from amdc fail!!
E/accs.SilenceConn_umeng:56aadbf567e58e38d4000976( 4764):  0 connect URL:https://accscdn.m.taobao.com:443/accs/
E/accs.SilenceConn_umeng:56aadbf567e58e38d4000976( 4764):  0 connect normal
I/accs.SilenceConn_umeng:56aadbf567e58e38d4000976( 4764):  0 getChannelHost:accscdn.m.taobao.com
I/tnet-jni( 4764): 227 -  create new session: accscdn.m.taobao.com:443
E/accs.SilenceConn_umeng:56aadbf567e58e38d4000976( 4764):  0 notifyStatus:CONNECTING
I/accs.SilenceConn_umeng:56aadbf567e58e38d4000976( 4764):  0 notifyStatus:CONNECTING handled
I/tnet-jni( 4764): 221 - [spdySessionFailedError] - 
I/tnet-jni( 4764): 221 - [SpdySessionCallBack.spdySessionFailedError] - org.android.spdy.SpdySession@7e2324b
D/tnet-jni( 4764): 221 - [SpdySession.cleanUp] - 
E/accs.SilenceConn_umeng:56aadbf567e58e38d4000976( 4764):  0 spdySessionFailedError, retryTimes:3 errorId:-3530
E/accs.SilenceConn_umeng:56aadbf567e58e38d4000976( 4764):  0 notifyStatus:DISCONNECTED
D/accs.OrangeAdapter( 4764):  isSmartHb result:true
D/accs.HeartbeatManager( 4764):  set 270
D/accs.HeartbeatManager( 4764):  onNetworkFail
D/accs.SilenceConn_umeng:56aadbf567e58e38d4000976( 4764):  try ping, force:false
E/accs.NetworkThread_umeng:56aadbf567e58e38d4000976( 4764):  0 try connect fail, ready for reconnect
D/accs.SilenceConn_umeng:56aadbf567e58e38d4000976( 4764):  send message, PING delay:1255 dataId:57
I/accs.SilenceConn_umeng:56aadbf567e58e38d4000976( 4764):  0 notifyStatus:DISCONNECTED handled
D/accs.UTMini( 4764):  commitEvent fail java.lang.NoClassDefFoundError: Failed resolution of: Lcom/ut/mini/internal/UTOriginalCustomHitBuilder;
D/tnet-jni( 4764): 221 - [SpdySession.clearAllStreamCb] - 
D/tnet-jni( 4764): 221 - [SpdySession.cleanUp] - 
E/accs.NetworkThread_umeng:56aadbf567e58e38d4000976( 4764):  0 try connect, force = false failTimes = 4
E/accs.NetworkThread_umeng:56aadbf567e58e38d4000976( 4764):  0 try connect fail 4 times
D/accs.OrangeAdapter( 4764):  isSmartHb result:true
D/accs.HeartbeatManager( 4764):  set 270
E/accs.SilenceConn_umeng:56aadbf567e58e38d4000976( 4764):  0 force close!
D/tnet-jni( 4764): 227 - [SpdySession.closeSession] - 
E/accs.SilenceConn_umeng:56aadbf567e58e38d4000976( 4764):  0 notifyStatus:DISCONNECTED
I/accs.SilenceConn_umeng:56aadbf567e58e38d4000976( 4764):  0 ignore notifyStatus
D/accs.MsgRecv_umeng:56aadbf567e58e38d4000976( 4764):  onError, skip ping/ack
E/accs.NetworkThread_umeng:56aadbf567e58e38d4000976( 4764):  0 network disconnected, wait
D/accs.NetworkThread_umeng:56aadbf567e58e38d4000976( 4764):  ready to get message
D/accs.NetworkThread_umeng:56aadbf567e58e38d4000976( 4764):  try get message
D/accs.NetworkThread_umeng:56aadbf567e58e38d4000976( 4764):  send message not null
I/accs.NetworkThread_umeng:56aadbf567e58e38d4000976( 4764):  0 send:PING status:3
D/accs.OrangeAdapter( 4764):  isSmartHb result:true
E/accs.NetworkThread_umeng:56aadbf567e58e38d4000976( 4764):  0 try connect, force = false failTimes = 4
E/accs.NetworkThread_umeng:56aadbf567e58e38d4000976( 4764):  0 try connect fail 4 times
D/accs.OrangeAdapter( 4764):  isSmartHb result:true
D/accs.HeartbeatManager( 4764):  set 270
D/accs.NetworkThread_umeng:56aadbf567e58e38d4000976( 4764):  send succ, remove it
D/accs.NetworkThread_umeng:56aadbf567e58e38d4000976( 4764):  ready to get message
D/accs.NetworkThread_umeng:56aadbf567e58e38d4000976( 4764):  no message, wait
I/art     (  636): Explicit concurrent mark sweep GC freed 3663(190KB) AllocSpace objects, 1(14KB) LOS objects, 39% free, 9MB/15MB, paused 497us total 12.086ms
I/art     (  527): Explicit concurrent mark sweep GC freed 7522(317KB) AllocSpace objects, 0(0B) LOS objects, 33% free, 11MB/17MB, paused 477us total 19.281ms
E/awcn.DispatchCore( 4764):  amdc request's parameter invalid!
D/NetworkMonitor/NetworkAgentInfo [WIFI () - 106](  527): Probably not a portal: exception java.net.SocketTimeoutException: failed to connect to connectivitycheck.android.com/172.217.27.142 (port 80) after 10000ms
D/ConnectivityService(  527): setProvNotificationVisibleIntent: E visible=false networkType=0 extraInfo=null
I/art     (  636): Explicit concurrent mark sweep GC freed 3612(188KB) AllocSpace objects, 0(0B) LOS objects, 40% free, 9MB/15MB, paused 330us total 11.337ms
I/art     (  527): Explicit concurrent mark sweep GC freed 6805(274KB) AllocSpace objects, 0(0B) LOS objects, 33% free, 11MB/17MB, paused 925us total 20.062ms
I/art     (  636): Explicit concurrent mark sweep GC freed 3621(188KB) AllocSpace objects, 0(0B) LOS objects, 40% free, 9MB/15MB, paused 522us total 12.178ms
I/art     (  527): Explicit concurrent mark sweep GC freed 6451(256KB) AllocSpace objects, 0(0B) LOS objects, 33% free, 11MB/17MB, paused 595us total 18.136ms
I/art     (  527): Explicit concurrent mark sweep GC freed 7145(286KB) AllocSpace objects, 0(0B) LOS objects, 33% free, 11MB/17MB, paused 731us total 18.256ms
I/art     (  636): Explicit concurrent mark sweep GC freed 3622(188KB) AllocSpace objects, 0(0B) LOS objects, 40% free, 9MB/15MB, paused 262us total 11.733ms
I/art     (  527): Explicit concurrent mark sweep GC freed 6439(255KB) AllocSpace objects, 0(0B) LOS objects, 33% free, 11MB/17MB, paused 659us total 17.101ms
I/art     (  636): Explicit concurrent mark sweep GC freed 5421(276KB) AllocSpace objects, 0(0B) LOS objects, 40% free, 9MB/15MB, paused 249us total 12.249ms
I/art     (  527): Explicit concurrent mark sweep GC freed 6637(264KB) AllocSpace objects, 0(0B) LOS objects, 33% free, 11MB/17MB, paused 611us total 18.089ms
I/art     (  636): Explicit concurrent mark sweep GC freed 3621(188KB) AllocSpace objects, 0(0B) LOS objects, 40% free, 9MB/15MB, paused 244us total 10.974ms
I/art     (  527): Explicit concurrent mark sweep GC freed 6649(283KB) AllocSpace objects, 0(0B) LOS objects, 33% free, 11MB/17MB, paused 881us total 18.037ms
I/art     (  636): Explicit concurrent mark sweep GC freed 3621(188KB) AllocSpace objects, 0(0B) LOS objects, 40% free, 9MB/15MB, paused 290us total 11.800ms
I/art     (  527): Explicit concurrent mark sweep GC freed 7738(312KB) AllocSpace objects, 0(0B) LOS objects, 33% free, 11MB/17MB, paused 854us total 18.991ms
I/art     (  636): Explicit concurrent mark sweep GC freed 3805(195KB) AllocSpace objects, 0(0B) LOS objects, 39% free, 9MB/15MB, paused 365us total 11.008ms
I/art     (  527): Explicit concurrent mark sweep GC freed 6448(256KB) AllocSpace objects, 0(0B) LOS objects, 33% free, 11MB/17MB, paused 434us total 18.577ms
I/art     (  636): Explicit concurrent mark sweep GC freed 3615(188KB) AllocSpace objects, 0(0B) LOS objects, 39% free, 9MB/15MB, paused 208us total 9.348ms
I/art     (  527): Explicit concurrent mark sweep GC freed 6516(258KB) AllocSpace objects, 0(0B) LOS objects, 33% free, 11MB/17MB, paused 1.275ms total 19.851ms
I/art     (  636): Explicit concurrent mark sweep GC freed 3963(201KB) AllocSpace objects, 0(0B) LOS objects, 39% free, 9MB/15MB, paused 210us total 11.291ms
I/art     (  527): Explicit concurrent mark sweep GC freed 6544(261KB) AllocSpace objects, 0(0B) LOS objects, 33% free, 11MB/17MB, paused 805us total 22.810ms
I/art     (  636): Explicit concurrent mark sweep GC freed 3642(189KB) AllocSpace objects, 0(0B) LOS objects, 39% free, 9MB/15MB, paused 525us total 12.001ms
D/Genyd   (  116): Received Set Clipboard
D/Genymotion(  116): Received Set Clipboard
I/art     (  527): Explicit concurrent mark sweep GC freed 6399(253KB) AllocSpace objects, 0(0B) LOS objects, 33% free, 11MB/17MB, paused 1.247ms total 18.950ms
I/art     (  636): Explicit concurrent mark sweep GC freed 3603(187KB) AllocSpace objects, 0(0B) LOS objects, 40% free, 9MB/15MB, paused 252us total 9.947ms
I/art     (  527): Explicit concurrent mark sweep GC freed 6420(254KB) AllocSpace objects, 0(0B) LOS objects, 33% free, 11MB/17MB, paused 609us total 19.329ms
I/art     (  636): Explicit concurrent mark sweep GC freed 3621(188KB) AllocSpace objects, 0(0B) LOS objects, 40% free, 9MB/15MB, paused 223us total 12.592ms
I/art     (  527): Explicit concurrent mark sweep GC freed 6429(255KB) AllocSpace objects, 0(0B) LOS objects, 33% free, 11MB/17MB, paused 667us total 17.257ms
I/art     (  636): Explicit concurrent mark sweep GC freed 3621(188KB) AllocSpace objects, 0(0B) LOS objects, 40% free, 9MB/15MB, paused 426us total 10.408ms
I/art     (  527): Explicit concurrent mark sweep GC freed 6818(272KB) AllocSpace objects, 0(0B) LOS objects, 33% free, 11MB/17MB, paused 666us total 17.742ms
I/art     (  636): Explicit concurrent mark sweep GC freed 3622(188KB) AllocSpace objects, 0(0B) LOS objects, 40% free, 9MB/15MB, paused 580us total 10.936ms
I/art     (  527): Explicit concurrent mark sweep GC freed 5938(233KB) AllocSpace objects, 0(0B) LOS objects, 33% free, 11MB/17MB, paused 690us total 17.218ms
I/art     (  636): Explicit concurrent mark sweep GC freed 3612(188KB) AllocSpace objects, 0(0B) LOS objects, 39% free, 9MB/15MB, paused 504us total 11.518ms
I/art     (  527): Explicit concurrent mark sweep GC freed 6420(254KB) AllocSpace objects, 0(0B) LOS objects, 33% free, 11MB/17MB, paused 433us total 16.846ms
I/art     (  636): Explicit concurrent mark sweep GC freed 3621(188KB) AllocSpace objects, 0(0B) LOS objects, 39% free, 9MB/15MB, paused 376us total 10.783ms
I/art     (  527): Explicit concurrent mark sweep GC freed 6744(281KB) AllocSpace objects, 1(16KB) LOS objects, 33% free, 11MB/17MB, paused 842us total 18.841ms
I/art     (  636): Explicit concurrent mark sweep GC freed 3621(188KB) AllocSpace objects, 0(0B) LOS objects, 39% free, 9MB/15MB, paused 293us total 9.204ms
D/AndroidRuntime( 6216): >>>>>> START com.android.internal.os.RuntimeInit uid 0 <<<<<<
D/AndroidRuntime( 6216): CheckJNI is OFF
E/memtrack( 6216): Couldn't load memtrack module (No such file or directory)
E/android.os.Debug( 6216): failed to load memtrack module: -2
D/AndroidRuntime( 6216): Calling main entry com.android.commands.pm.Pm
I/art     ( 6216): System.exit called, status: 0
I/AndroidRuntime( 6216): VM exiting with result code 0.
I/art     (  527): Explicit concurrent mark sweep GC freed 8536(375KB) AllocSpace objects, 0(0B) LOS objects, 33% free, 11MB/17MB, paused 769us total 18.094ms
I/art     (  636): Explicit concurrent mark sweep GC freed 3805(195KB) AllocSpace objects, 0(0B) LOS objects, 40% free, 9MB/15MB, paused 281us total 10.715ms
I/art     (  527): Explicit concurrent mark sweep GC freed 5973(235KB) AllocSpace objects, 0(0B) LOS objects, 33% free, 11MB/17MB, paused 1.063ms total 26.934ms
I/art     (  636): Explicit concurrent mark sweep GC freed 3615(188KB) AllocSpace objects, 0(0B) LOS objects, 40% free, 9MB/15MB, paused 456us total 12.392ms
D/AndroidRuntime( 6231): >>>>>> START com.android.internal.os.RuntimeInit uid 0 <<<<<<
D/AndroidRuntime( 6231): CheckJNI is OFF
E/memtrack( 6231): Couldn't load memtrack module (No such file or directory)
E/android.os.Debug( 6231): failed to load memtrack module: -2
D/AndroidRuntime( 6231): Calling main entry com.android.commands.wm.Wm
D/AndroidRuntime( 6231): Shutting down VM
D/AndroidRuntime( 6252): >>>>>> START com.android.internal.os.RuntimeInit uid 0 <<<<<<
D/AndroidRuntime( 6252): CheckJNI is OFF
E/memtrack( 6252): Couldn't load memtrack module (No such file or directory)
E/android.os.Debug( 6252): failed to load memtrack module: -2
D/AndroidRuntime( 6252): Calling main entry com.android.commands.monkey.Monkey
W/BroadcastQueue(  527): Skipping deliver [background] BroadcastRecord{77c6840 u-1 android.net.conn.CONNECTIVITY_CHANGE} to ReceiverList{393c1379 6252 (unknown name)/0/u-1 remote:8533772}: process crashing
I/ActivityManager(  527): START u0 {act=android.intent.action.MAIN cat=[android.intent.category.LAUNCHER] flg=0x10200000 cmp=com.zzl.falcon.internal/com.zzl.falcon.EntranceActivity} from uid 0 on display 0
D/        (  527): HostConnection::get() New Host Connection established 0xdbda4270, tid 4621
E/EGL_emulation(  502): tid 502: eglCreateSyncKHR(1209): error 0x3004 (EGL_BAD_ATTRIBUTE)
I/AppiumUnicodeIME(  672): onKeyDown (keyCode='23', event.keyCode='23', metaState='0')
I/AppiumUnicodeIME(  672): onKeyUp (keyCode='23', event.keyCode='23', metaState='0')
I/AppiumUnicodeIME(  672): onKeyDown (keyCode='23', event.keyCode='23', metaState='0')
I/AppiumUnicodeIME(  672): onKeyUp (keyCode='23', event.keyCode='23', metaState='0')
D/ForegroundCallbacks( 4682): went foreground
I/awcn.SessionCenter( 4682): |[seq:[default]] [forground]
I/awcn.SessionCenter( 4682): |[seq:umeng:56aadbf567e58e38d4000976] [forground]
D/awcn.StrategyCenter( 4682):  getSchemeByHost host:umengacs.m.taobao.com scheme:https
D/awcn.SessionCenter( 4682): |[seq:umeng:56aadbf567e58e38d4000976] getInternal u:https://umengacs.m.taobao.com TypeClass:SPDY timeout:0
D/awcn.StrategyCenter( 4682):  getSchemeByHost host:umengacs.m.taobao.com scheme:https
D/awcn.SessionRequest( 4682): |[seq:umeng:56aadbf567e58e38d4000976.AWCN3] SessionRequest start host:https://umengacs.m.taobao.com type:SPDY
D/getConnStrategyListByHost( 4682): |[seq:host] umengacs.m.taobao.com:result [{106.11.61.106 443 http2_0rtt_acs}, {106.11.61.106 80 http2_0rtt_acs}, {106.11.61.106 443 spdy_0rtt_acs}, {106.11.61.106 80 spdy_0rtt_acs}, {106.11.61.106 443 https}]
D/awcn.SessionRequest( 4682): |[seq:umeng:56aadbf567e58e38d4000976.AWCN3] [getAvailStrategy] strategies:[{106.11.61.106 443 http2_0rtt_acs}, {106.11.61.106 80 http2_0rtt_acs}, {106.11.61.106 443 spdy_0rtt_acs}, {106.11.61.106 80 spdy_0rtt_acs}]
I/awcn.SessionRequest( 4682): |[seq:umeng:56aadbf567e58e38d4000976.AWCN3_1] create connection... Host:https://umengacs.m.taobao.com Type:http2_0rtt_acs IP:106.11.61.106 Port:443 heartbeat:45000 session:Session@[umeng:56aadbf567e58e38d4000976.AWCN3_1|http2_0rtt_acs]
E/awcn.TnetSpdySession( 4682): |[seq:umeng:56aadbf567e58e38d4000976.AWCN3_1] [connect] host:https://umengacs.m.taobao.com connect :106.11.61.106:443 sessionId:1515834955651 SpdyProtocol,:http2_0rtt_acs proxyIp,: proxyPort,:0
E/awcn.Session( 4682): |[seq:umeng:56aadbf567e58e38d4000976.AWCN3_1] notifyStatus status:CONNECTING
E/awcn.Session( 4682): |[seq:umeng:56aadbf567e58e38d4000976.AWCN3_1] notifyStatus status:CONNECTED
W/ViewRootImpl( 4927): Dropping event due to no window focus: MotionEvent { action=ACTION_MOVE, id[0]=0, x[0]=1.0, y[0]=1.0, toolType[0]=TOOL_TYPE_UNKNOWN, buttonState=0, metaState=0, flags=0x0, edgeFlags=0x0, pointerCount=1, historySize=6, eventTime=9150404, downTime=-1, deviceId=0, source=0x10004 }
I/accs.InAppConn_umeng:56aadbf567e58e38d4000976( 4682):  auth begin seq:umeng:56aadbf567e58e38d4000976.AWCN3_1
E/accs.InAppConn_umeng:56aadbf567e58e38d4000976( 4682):  1 auth URL:https://umengacs.m.taobao.com/accs/auth?1=WlcCiYIi1P4DAJwcljCxvIg%2F&2=a99486d3758e59fc2556590fba8e45d1f8f54345b3905b582ff5777b1cf28d90&3=umeng:56aadbf567e58e38d4000976&5=1&6=wifi&7=31027&8=1.1.2&9=1515832483089&10=1&11=22&12=com.zzl.falcon.internal&13=2.4.1&14=android@umeng&15=Custom Phone - 5.1.0 - API 22 - 768x1280&16=generic&17=221&19=0
I/awcn.TnetSpdySession( 4682):   request URL:https://umengacs.m.taobao.com/accs/auth?1=WlcCiYIi1P4DAJwcljCxvIg%2F&2=a99486d3758e59fc2556590fba8e45d1f8f54345b3905b582ff5777b1cf28d90&3=umeng:56aadbf567e58e38d4000976&5=1&6=wifi&7=31027&8=1.1.2&9=1515832483089&10=1&11=22&12=com.zzl.falcon.internal&13=2.4.1&14=android@umeng&15=Custom Phone - 5.1.0 - API 22 - 768x1280&16=generic&17=221&19=0
I/awcn.TnetSpdySession( 4682):   request Method:GET
I/awcn.TnetSpdySession( 4682):   request headers:{}
D/awcn.TnetSpdySession( 4682):   streamId:1
D/awcn.DefaultHeartbeatImpl( 4682): |[seq:umeng:56aadbf567e58e38d4000976.AWCN3_1] reSchedule session:Session@[umeng:56aadbf567e58e38d4000976.AWCN3_1|http2_0rtt_acs] delay:1515835000661
E/awcn.TnetSpdySession( 4682): |[seq:umeng:56aadbf567e58e38d4000976.AWCN3_1] spdySessionConnectCB connect connectTime:8 sslTime::1
I/awcn.TnetSpdySession( 4682):   httpStatusCode:200
I/awcn.TnetSpdySession( 4682):   response headers:{x-at=[WlcCiYIi1P4DAJwcljCxvIg%2Fumeng:56aadbf567e58e38d40009761515849355], date=[Sat, 13 Jan 2018 09:15:55 GMT], server=[Tengine/Aserver/3.0.191_20170923193325], content-length=[0], x-workerid=[-2335684807058522105], :status=[200]}
E/accs.InAppConn_umeng:56aadbf567e58e38d4000976( 4682):  AUTH httpStatusCode:200 seq:umeng:56aadbf567e58e38d4000976.AWCN3_1
E/awcn.Session( 4682): |[seq:umeng:56aadbf567e58e38d4000976.AWCN3_1] notifyStatus status:AUTH_SUCC
I/awcn.DefaultHeartbeatImpl( 4682): |[seq:umeng:56aadbf567e58e38d4000976.AWCN3_1] heartbeat start session:Session@[umeng:56aadbf567e58e38d4000976.AWCN3_1|http2_0rtt_acs]
D/awcn.TnetSpdySession( 4682): |[seq:umeng:56aadbf567e58e38d4000976.AWCN3_1] spdyOnStreamResponse authTime:0
I/accs.UtilityImpl( 4682):  	header:server value:Tengine/Aserver/3.0.191_20170923193325
I/accs.UtilityImpl( 4682):  	header:date value:Sat, 13 Jan 2018 09:15:55 GMT
D/awcn.SessionRequest( 4682): |[seq:umeng:56aadbf567e58e38d4000976.AWCN3_1] Session:Session@[umeng:56aadbf567e58e38d4000976.AWCN3_1|http2_0rtt_acs] EventType:AUTH_SUCC Event:
I/accs.UtilityImpl( 4682):  	header:x-at value:WlcCiYIi1P4DAJwcljCxvIg%2Fumeng:56aadbf567e58e38d40009761515849355
I/accs.UtilityImpl( 4682):  	header:content-length value:0
I/accs.UtilityImpl( 4682):  	header:x-workerid value:-2335684807058522105
I/accs.UtilityImpl( 4682):  	header::status value:200
D/awcn.TnetSpdySession( 4682):  spdyStreamCloseCallback streamId:1
D/awcn.SessionRequest( 4682): |[seq:umeng:56aadbf567e58e38d4000976.AWCN3_1] Connect Success session:Session@[umeng:56aadbf567e58e38d4000976.AWCN3_1|http2_0rtt_acs] host:https://umengacs.m.taobao.com
D/awcn.SessionRequest( 4682):  Receive session event type:AUTH_SUCC
D/awcn.StrategyTable( 4682):  [notifyConnEvent] Host:umengacs.m.taobao.com IConnStrategy:{106.11.61.106 443 http2_0rtt_acs} ConnEvent:ConnEvent#Success
W/EGL_emulation( 4682): eglSurfaceAttrib not implemented
W/OpenGLRenderer( 4682): Failed to set EGL_SWAP_BEHAVIOR on surface 0xdd9b0a00, error=EGL_SUCCESS
I/accs.MsgDistributeService( 4682):  onStartCommand action:com.taobao.accs.intent.action.RECEIVE
W/ViewRootImpl( 4682): Dropping event due to no window focus: MotionEvent { action=ACTION_MOVE, id[0]=0, x[0]=2.0, y[0]=0.0, toolType[0]=TOOL_TYPE_UNKNOWN, buttonState=0, metaState=0, flags=0x0, edgeFlags=0x0, pointerCount=1, historySize=2, eventTime=9150443, downTime=-1, deviceId=0, source=0x10004 }
D/accs.MsgDistribute( 4682):  action:com.taobao.accs.intent.action.RECEIVE
I/accs.MsgDistribute( 4682):  distribute command::103  serviceId::  dataId:: appkey: config:
W/ViewRootImpl( 4682): Dropping event due to no window focus: KeyEvent { action=ACTION_DOWN, keyCode=KEYCODE_DPAD_RIGHT, scanCode=0, metaState=0, flags=0x8, repeatCount=0, eventTime=9150443, downTime=9150443, deviceId=-1, source=0x101 }
I/AppiumUnicodeIME(  672): onKeyUp (keyCode='22', event.keyCode='22', metaState='0')
I/AppiumUnicodeIME(  672): onFinishInput
I/AppiumUnicodeIME(  672): onStartInput
I/AppiumUnicodeIME(  672): onKeyDown (keyCode='36', event.keyCode='36', metaState='0')
I/AppiumUnicodeIME(  672): onKeyUp (keyCode='36', event.keyCode='36', metaState='0')
I/AppiumUnicodeIME(  672): onKeyDown (keyCode='23', event.keyCode='23', metaState='0')
I/AppiumUnicodeIME(  672): onKeyUp (keyCode='23', event.keyCode='23', metaState='0')
I/AppiumUnicodeIME(  672): onKeyDown (keyCode='22', event.keyCode='22', metaState='0')
I/AppiumUnicodeIME(  672): onKeyUp (keyCode='22', event.keyCode='22', metaState='0')
I/AppiumUnicodeIME(  672): onKeyDown (keyCode='21', event.keyCode='21', metaState='0')
I/AppiumUnicodeIME(  672): onKeyDown (keyCode='21', event.keyCode='21', metaState='0')
I/AppiumUnicodeIME(  672): onKeyUp (keyCode='21', event.keyCode='21', metaState='0')
I/AppiumUnicodeIME(  672): onKeyDown (keyCode='21', event.keyCode='21', metaState='0')
I/AppiumUnicodeIME(  672): onKeyUp (keyCode='21', event.keyCode='21', metaState='0')
I/AppiumUnicodeIME(  672): onKeyDown (keyCode='21', event.keyCode='21', metaState='0')
I/AppiumUnicodeIME(  672): onKeyUp (keyCode='21', event.keyCode='21', metaState='0')
I/AppiumUnicodeIME(  672): onKeyDown (keyCode='21', event.keyCode='21', metaState='0')
I/AppiumUnicodeIME(  672): onKeyUp (keyCode='21', event.keyCode='21', metaState='0')
I/AppiumUnicodeIME(  672): onKeyDown (keyCode='20', event.keyCode='20', metaState='0')
W/UnimplementedWebViewApi( 4682): Unimplemented WebView method onKeyMultiple called from: android.webkit.WebView.onKeyMultiple(WebView.java:2320)
W/UnimplementedWebViewApi( 4682): Unimplemented WebView method onKeyDown called from: android.webkit.WebView.onKeyDown(WebView.java:2310)
I/AppiumUnicodeIME(  672): onKeyUp (keyCode='20', event.keyCode='20', metaState='0')
I/AppiumUnicodeIME(  672): onKeyDown (keyCode='22', event.keyCode='22', metaState='0')
I/AppiumUnicodeIME(  672): onKeyUp (keyCode='22', event.keyCode='22', metaState='0')
I/AppiumUnicodeIME(  672): onKeyDown (keyCode='22', event.keyCode='22', metaState='0')
I/AppiumUnicodeIME(  672): onKeyUp (keyCode='22', event.keyCode='22', metaState='0')
I/AppiumUnicodeIME(  672): onKeyDown (keyCode='22', event.keyCode='22', metaState='0')
I/AppiumUnicodeIME(  672): onKeyUp (keyCode='22', event.keyCode='22', metaState='0')
I/AppiumUnicodeIME(  672): onKeyDown (keyCode='22', event.keyCode='22', metaState='0')
I/AppiumUnicodeIME(  672): onKeyUp (keyCode='22', event.keyCode='22', metaState='0')
I/AppiumUnicodeIME(  672): onKeyDown (keyCode='19', event.keyCode='19', metaState='0')
I/AppiumUnicodeIME(  672): onKeyDown (keyCode='19', event.keyCode='19', metaState='0')
I/AppiumUnicodeIME(  672): onKeyUp (keyCode='19', event.keyCode='19', metaState='0')
I/AppiumUnicodeIME(  672): onKeyDown (keyCode='19', event.keyCode='19', metaState='0')
I/AppiumUnicodeIME(  672): onKeyUp (keyCode='19', event.keyCode='19', metaState='0')
I/AppiumUnicodeIME(  672): onKeyDown (keyCode='19', event.keyCode='19', metaState='0')
I/AppiumUnicodeIME(  672): onKeyUp (keyCode='19', event.keyCode='19', metaState='0')
I/AppiumUnicodeIME(  672): onKeyDown (keyCode='19', event.keyCode='19', metaState='0')
I/AppiumUnicodeIME(  672): onKeyUp (keyCode='19', event.keyCode='19', metaState='0')
W/UnimplementedWebViewApi( 4682): Unimplemented WebView method onKeyMultiple called from: android.webkit.WebView.onKeyMultiple(WebView.java:2320)
W/UnimplementedWebViewApi( 4682): Unimplemented WebView method onKeyDown called from: android.webkit.WebView.onKeyDown(WebView.java:2310)
I/AppiumUnicodeIME(  672): onKeyDown (keyCode='20', event.keyCode='20', metaState='0')
I/AppiumUnicodeIME(  672): onKeyUp (keyCode='20', event.keyCode='20', metaState='0')
I/AppiumUnicodeIME(  672): onKeyDown (keyCode='20', event.keyCode='20', metaState='0')
I/AppiumUnicodeIME(  672): onKeyUp (keyCode='20', event.keyCode='20', metaState='0')
I/AppiumUnicodeIME(  672): onKeyDown (keyCode='20', event.keyCode='20', metaState='0')
I/AppiumUnicodeIME(  672): onKeyUp (keyCode='20', event.keyCode='20', metaState='0')
I/AppiumUnicodeIME(  672): onKeyDown (keyCode='20', event.keyCode='20', metaState='0')
I/AppiumUnicodeIME(  672): onKeyUp (keyCode='20', event.keyCode='20', metaState='0')
I/AppiumUnicodeIME(  672): onKeyDown (keyCode='23', event.keyCode='23', metaState='0')
I/AppiumUnicodeIME(  672): onKeyUp (keyCode='23', event.keyCode='23', metaState='0')
D/WebView ( 4682): show url https://www.51bel.com/mobileWebPublic/mobileWebBankPartner
I/AppiumUnicodeIME(  672): onKeyDown (keyCode='19', event.keyCode='19', metaState='0')
