W/ViewRootImpl( 4927): Cancelling event due to no window focus: KeyEvent { action=ACTION_UP, keyCode=KEYCODE_DPAD_RIGHT, scanCode=0, metaState=0, flags=0x420, repeatCount=0, eventTime=8139334, downTime=8139334, deviceId=-1, source=0x101 }
W/ViewRootImpl( 4927): Cancelling event due to no window focus: KeyEvent { action=ACTION_UP, keyCode=KEYCODE_DPAD_RIGHT, scanCode=0, metaState=0, flags=0x420, repeatCount=0, eventTime=8139334, downTime=8139334, deviceId=-1, source=0x101 }
W/ViewRootImpl( 4927): Cancelling event due to no window focus: KeyEvent { action=ACTION_UP, keyCode=KEYCODE_DPAD_RIGHT, scanCode=0, metaState=0, flags=0x420, repeatCount=0, eventTime=8139334, downTime=8139334, deviceId=-1, source=0x101 }
W/ViewRootImpl( 4927): Cancelling event due to no window focus: KeyEvent { action=ACTION_UP, keyCode=KEYCODE_DPAD_RIGHT, scanCode=0, metaState=0, flags=0x420, repeatCount=0, eventTime=8139334, downTime=8139334, deviceId=-1, source=0x101 }
W/ViewRootImpl( 4927): Cancelling event due to no window focus: KeyEvent { action=ACTION_UP, keyCode=KEYCODE_DPAD_RIGHT, scanCode=0, metaState=0, flags=0x420, repeatCount=0, eventTime=8139334, downTime=8139334, deviceId=-1, source=0x101 }
W/ViewRootImpl( 4927): Cancelling event due to no window focus: KeyEvent { action=ACTION_UP, keyCode=KEYCODE_DPAD_RIGHT, scanCode=0, metaState=0, flags=0x420, repeatCount=0, eventTime=8139334, downTime=8139334, deviceId=-1, source=0x101 }
W/ViewRootImpl( 4927): Cancelling event due to no window focus: KeyEvent { action=ACTION_UP, keyCode=KEYCODE_DPAD_RIGHT, scanCode=0, metaState=0, flags=0x420, repeatCount=0, eventTime=8139334, downTime=8139334, deviceId=-1, source=0x101 }
W/ViewRootImpl( 4927): Cancelling event due to no window focus: KeyEvent { action=ACTION_UP, keyCode=KEYCODE_DPAD_RIGHT, scanCode=0, metaState=0, flags=0x420, repeatCount=0, eventTime=8139334, downTime=8139334, deviceId=-1, source=0x101 }
W/ViewRootImpl( 4927): Cancelling event due to no window focus: KeyEvent { action=ACTION_UP, keyCode=KEYCODE_DPAD_RIGHT, scanCode=0, metaState=0, flags=0x420, repeatCount=0, eventTime=8139334, downTime=8139334, deviceId=-1, source=0x101 }
W/ViewRootImpl( 4927): Cancelling event due to no window focus: KeyEvent { action=ACTION_UP, keyCode=KEYCODE_DPAD_RIGHT, scanCode=0, metaState=0, flags=0x420, repeatCount=0, eventTime=8139334, downTime=8139334, deviceId=-1, source=0x101 }
W/ViewRootImpl( 4927): Cancelling event due to no window focus: KeyEvent { action=ACTION_UP, keyCode=KEYCODE_DPAD_RIGHT, scanCode=0, metaState=0, flags=0x420, repeatCount=0, eventTime=8139334, downTime=8139334, deviceId=-1, source=0x101 }
W/ViewRootImpl( 4927): Cancelling event due to no window focus: KeyEvent { action=ACTION_UP, keyCode=KEYCODE_DPAD_RIGHT, scanCode=0, metaState=0, flags=0x420, repeatCount=0, eventTime=8139334, downTime=8139334, deviceId=-1, source=0x101 }
W/ViewRootImpl( 4927): Cancelling event due to no window focus: KeyEvent { action=ACTION_UP, keyCode=KEYCODE_DPAD_RIGHT, scanCode=0, metaState=0, flags=0x420, repeatCount=0, eventTime=8139334, downTime=8139334, deviceId=-1, source=0x101 }
W/ViewRootImpl( 4927): Cancelling event due to no window focus: KeyEvent { action=ACTION_UP, keyCode=KEYCODE_DPAD_RIGHT, scanCode=0, metaState=0, flags=0x420, repeatCount=0, eventTime=8139334, downTime=8139334, deviceId=-1, source=0x101 }
I/ActivityManager(  527): START u0 {act=android.intent.action.MAIN cat=[android.intent.category.LAUNCHER] flg=0x10200000 cmp=com.zzl.falcon.internal/com.zzl.falcon.EntranceActivity} from uid 0 on display 0
I/ActivityManager(  527): START u0 {act=android.intent.action.MAIN cat=[android.intent.category.HOME] flg=0x10200000 cmp=com.android.launcher3/.Launcher} from uid 1000 on display 0
W/InputManager(  527): Input event injection from pid 5654 failed.
W/ViewRootImpl(  636): Cancelling event due to no window focus: KeyEvent { action=ACTION_UP, keyCode=KEYCODE_MENU, scanCode=0, metaState=0, flags=0x28, repeatCount=0, eventTime=8142001, downTime=8142001, deviceId=-1, source=0x101 }
W/ViewRootImpl(  636): Cancelling event due to no window focus: KeyEvent { action=ACTION_UP, keyCode=KEYCODE_MENU, scanCode=0, metaState=0, flags=0x28, repeatCount=0, eventTime=8142001, downTime=8142001, deviceId=-1, source=0x101 }
W/ViewRootImpl(  636): Cancelling event due to no window focus: KeyEvent { action=ACTION_UP, keyCode=KEYCODE_MENU, scanCode=0, metaState=0, flags=0x28, repeatCount=0, eventTime=8142001, downTime=8142001, deviceId=-1, source=0x101 }
W/ViewRootImpl(  636): Cancelling event due to no window focus: KeyEvent { action=ACTION_UP, keyCode=KEYCODE_MENU, scanCode=0, metaState=0, flags=0x28, repeatCount=0, eventTime=8142001, downTime=8142001, deviceId=-1, source=0x101 }
W/ViewRootImpl(  636): Cancelling event due to no window focus: KeyEvent { action=ACTION_UP, keyCode=KEYCODE_MENU, scanCode=0, metaState=0, flags=0x28, repeatCount=0, eventTime=8142001, downTime=8142001, deviceId=-1, source=0x101 }
W/ViewRootImpl(  636): Cancelling event due to no window focus: KeyEvent { action=ACTION_UP, keyCode=KEYCODE_MENU, scanCode=0, metaState=0, flags=0x28, repeatCount=0, eventTime=8142001, downTime=8142001, deviceId=-1, source=0x101 }
W/ViewRootImpl(  636): Cancelling event due to no window focus: KeyEvent { action=ACTION_UP, keyCode=KEYCODE_MENU, scanCode=0, metaState=0, flags=0x28, repeatCount=0, eventTime=8142001, downTime=8142001, deviceId=-1, source=0x101 }
W/ViewRootImpl(  636): Cancelling event due to no window focus: KeyEvent { action=ACTION_UP, keyCode=KEYCODE_MENU, scanCode=0, metaState=0, flags=0x28, repeatCount=0, eventTime=8142001, downTime=8142001, deviceId=-1, source=0x101 }
W/ViewRootImpl(  636): Cancelling event due to no window focus: KeyEvent { action=ACTION_UP, keyCode=KEYCODE_MENU, scanCode=0, metaState=0, flags=0x28, repeatCount=0, eventTime=8142001, downTime=8142001, deviceId=-1, source=0x101 }
W/ViewRootImpl(  636): Dropping event due to no window focus: KeyEvent { action=ACTION_DOWN, keyCode=KEYCODE_DPAD_DOWN, scanCode=0, metaState=0, flags=0x8, repeatCount=0, eventTime=8142034, downTime=8142034, deviceId=-1, source=0x101 }
W/InputMethodManagerService(  527): Window already focused, ignoring focus gain of: com.android.internal.view.IInputMethodClient$Stub$Proxy@ccdb146 attribute=null, token = android.os.BinderProxy@11e2cde5
I/ActivityManager(  527): START u0 {act=android.intent.action.CALL_BUTTON flg=0x10000000 cmp=com.android.dialer/.DialtactsActivity} from uid 10068 on display 0
I/ActivityManager(  527): START u0 {act=android.intent.action.MAIN cat=[android.intent.category.LAUNCHER] flg=0x10200000 cmp=com.zzl.falcon.internal/com.squareup.leakcanary.internal.DisplayLeakActivity} from uid 0 on display 0
W/InputManager(  527): Input event injection from pid 5654 failed.
W/InputManager(  527): Input event injection from pid 5654 failed.
W/InputManager(  527): Input event injection from pid 5654 failed.
W/InputManager(  527): Input event injection from pid 5654 failed.
W/InputManager(  527): Input event injection from pid 5654 failed.
W/InputManager(  527): Input event injection from pid 5654 failed.
W/InputManager(  527): Input event injection from pid 5654 failed.
W/InputManager(  527): Input event injection from pid 5654 failed.
W/InputManager(  527): Input event injection from pid 5654 failed.
W/InputManager(  527): Input event injection from pid 5654 failed.
W/InputManager(  527): Input event injection from pid 5654 failed.
W/InputManager(  527): Input event injection from pid 5654 failed.
W/InputManager(  527): Input event injection from pid 5654 failed.
W/InputManager(  527): Input event injection from pid 5654 failed.
W/InputManager(  527): Input event injection from pid 5654 failed.
W/InputManager(  527): Input event injection from pid 5654 failed.
W/InputManager(  527): Input event injection from pid 5654 failed.
W/InputManager(  527): Input event injection from pid 5654 failed.
W/InputManager(  527): Input event injection from pid 5654 failed.
W/InputManager(  527): Input event injection from pid 5654 failed.
I/ActivityManager(  527): START u0 {act=android.intent.action.MAIN cat=[android.intent.category.LAUNCHER] flg=0x10200000 cmp=com.zzl.falcon.internal/com.zzl.falcon.EntranceActivity} from uid 0 on display 0
W/ViewRootImpl( 4927): Cancelling event due to no window focus: KeyEvent { action=ACTION_UP, keyCode=KEYCODE_DPAD_UP, scanCode=0, metaState=0, flags=0x28, repeatCount=0, eventTime=8144290, downTime=8144290, deviceId=-1, source=0x101 }
W/ViewRootImpl( 4927): Cancelling event due to no window focus: KeyEvent { action=ACTION_UP, keyCode=KEYCODE_DPAD_UP, scanCode=0, metaState=0, flags=0x28, repeatCount=0, eventTime=8144290, downTime=8144290, deviceId=-1, source=0x101 }
W/ViewRootImpl( 4927): Cancelling event due to no window focus: KeyEvent { action=ACTION_UP, keyCode=KEYCODE_DPAD_UP, scanCode=0, metaState=0, flags=0x28, repeatCount=0, eventTime=8144290, downTime=8144290, deviceId=-1, source=0x101 }
W/ViewRootImpl( 4927): Cancelling event due to no window focus: KeyEvent { action=ACTION_UP, keyCode=KEYCODE_DPAD_UP, scanCode=0, metaState=0, flags=0x28, repeatCount=0, eventTime=8144290, downTime=8144290, deviceId=-1, source=0x101 }
W/ViewRootImpl( 4927): Cancelling event due to no window focus: KeyEvent { action=ACTION_UP, keyCode=KEYCODE_DPAD_UP, scanCode=0, metaState=0, flags=0x28, repeatCount=0, eventTime=8144290, downTime=8144290, deviceId=-1, source=0x101 }
W/ViewRootImpl( 4927): Cancelling event due to no window focus: KeyEvent { action=ACTION_UP, keyCode=KEYCODE_DPAD_UP, scanCode=0, metaState=0, flags=0x28, repeatCount=0, eventTime=8144290, downTime=8144290, deviceId=-1, source=0x101 }
W/ViewRootImpl( 4927): Cancelling event due to no window focus: KeyEvent { action=ACTION_UP, keyCode=KEYCODE_DPAD_UP, scanCode=0, metaState=0, flags=0x28, repeatCount=0, eventTime=8144290, downTime=8144290, deviceId=-1, source=0x101 }
W/ViewRootImpl( 4927): Cancelling event due to no window focus: KeyEvent { action=ACTION_UP, keyCode=KEYCODE_DPAD_UP, scanCode=0, metaState=0, flags=0x28, repeatCount=0, eventTime=8144290, downTime=8144290, deviceId=-1, source=0x101 }
W/ViewRootImpl( 4927): Cancelling event due to no window focus: KeyEvent { action=ACTION_UP, keyCode=KEYCODE_DPAD_UP, scanCode=0, metaState=0, flags=0x28, repeatCount=0, eventTime=8144290, downTime=8144290, deviceId=-1, source=0x101 }
I/ActivityManager(  527): START u0 {act=android.intent.action.MAIN cat=[android.intent.category.LAUNCHER] flg=0x10000000 cmp=com.android.browser/.BrowserActivity sel=act=android.intent.action.MAIN cat=[android.intent.category.APP_BROWSER]}} from uid 1000 on display 0
I/ActivityManager(  527): START u0 {act=android.intent.action.MAIN cat=[android.intent.category.LAUNCHER] flg=0x10200000 cmp=com.zzl.falcon.internal/com.squareup.leakcanary.internal.DisplayLeakActivity} from uid 0 on display 0
W/InputManager(  527): Input event injection from pid 5654 failed.
W/InputManager(  527): Input event injection from pid 5654 failed.
W/InputManager(  527): Input event injection from pid 5654 failed.
W/InputManager(  527): Input event injection from pid 5654 failed.
W/ViewRootImpl( 4927): Dropping event due to no window focus: KeyEvent { action=ACTION_DOWN, keyCode=KEYCODE_MENU, scanCode=0, metaState=0, flags=0x8, repeatCount=0, eventTime=8149706, downTime=8149706, deviceId=-1, source=0x101 }
W/ViewRootImpl(  636): Dropping event due to no window focus: KeyEvent { action=ACTION_DOWN, keyCode=KEYCODE_DPAD_RIGHT, scanCode=0, metaState=0, flags=0x8, repeatCount=0, eventTime=8150439, downTime=8150439, deviceId=-1, source=0x101 }
W/ViewRootImpl(  636): Cancelling event due to no window focus: KeyEvent { action=ACTION_UP, keyCode=KEYCODE_DPAD_RIGHT, scanCode=0, metaState=0, flags=0x28, repeatCount=0, eventTime=8150536, downTime=8150536, deviceId=-1, source=0x101 }
W/ViewRootImpl(  636): Cancelling event due to no window focus: KeyEvent { action=ACTION_UP, keyCode=KEYCODE_DPAD_RIGHT, scanCode=0, metaState=0, flags=0x28, repeatCount=0, eventTime=8150536, downTime=8150536, deviceId=-1, source=0x101 }
W/ViewRootImpl(  636): Cancelling event due to no window focus: KeyEvent { action=ACTION_UP, keyCode=KEYCODE_DPAD_RIGHT, scanCode=0, metaState=0, flags=0x28, repeatCount=0, eventTime=8150536, downTime=8150536, deviceId=-1, source=0x101 }
W/ViewRootImpl(  636): Cancelling event due to no window focus: KeyEvent { action=ACTION_UP, keyCode=KEYCODE_DPAD_RIGHT, scanCode=0, metaState=0, flags=0x28, repeatCount=0, eventTime=8150536, downTime=8150536, deviceId=-1, source=0x101 }
W/ViewRootImpl(  636): Cancelling event due to no window focus: KeyEvent { action=ACTION_UP, keyCode=KEYCODE_DPAD_RIGHT, scanCode=0, metaState=0, flags=0x28, repeatCount=0, eventTime=8150536, downTime=8150536, deviceId=-1, source=0x101 }
W/ViewRootImpl(  636): Cancelling event due to no window focus: KeyEvent { action=ACTION_UP, keyCode=KEYCODE_DPAD_RIGHT, scanCode=0, metaState=0, flags=0x28, repeatCount=0, eventTime=8150536, downTime=8150536, deviceId=-1, source=0x101 }
W/ViewRootImpl(  636): Cancelling event due to no window focus: KeyEvent { action=ACTION_UP, keyCode=KEYCODE_DPAD_RIGHT, scanCode=0, metaState=0, flags=0x28, repeatCount=0, eventTime=8150536, downTime=8150536, deviceId=-1, source=0x101 }
W/ViewRootImpl(  636): Cancelling event due to no window focus: KeyEvent { action=ACTION_UP, keyCode=KEYCODE_DPAD_RIGHT, scanCode=0, metaState=0, flags=0x28, repeatCount=0, eventTime=8150536, downTime=8150536, deviceId=-1, source=0x101 }
W/ViewRootImpl(  636): Cancelling event due to no window focus: KeyEvent { action=ACTION_UP, keyCode=KEYCODE_DPAD_RIGHT, scanCode=0, metaState=0, flags=0x28, repeatCount=0, eventTime=8150536, downTime=8150536, deviceId=-1, source=0x101 }
I/ActivityManager(  527): START u0 {act=android.intent.action.MAIN cat=[android.intent.category.LAUNCHER] flg=0x10200000 cmp=com.zzl.falcon.internal/com.zzl.falcon.EntranceActivity} from uid 0 on display 0
I/ActivityManager(  527): Activity reported stop, but no longer stopping: ActivityRecord{31589bf1 u0 com.zzl.falcon.internal/com.zzl.falcon.WebViewActivity t45}
I/ActivityManager(  527): Waited long enough for: ServiceRecord{3fae09cc u0 com.android.music/.MediaPlaybackService}
D/ConnectivityService(  527): setProvNotificationVisibleIntent: E visible=false networkType=0 extraInfo=null
D/Genyd   (  116): Received Set Clipboard
D/Genymotion(  116): Received Set Clipboard
D/Genyd   (  116): Received Set Clipboard
D/Genymotion(  116): Received Set Clipboard
D/Genyd   (  116): Received Set Clipboard
D/Genymotion(  116): Received Set Clipboard
D/Genyd   (  116): Received Set Clipboard
D/Genymotion(  116): Received Set Clipboard
D/Genyd   (  116): Received Set Clipboard
D/Genymotion(  116): Received Set Clipboard
D/Genyd   (  116): Received Set Clipboard
D/Genymotion(  116): Received Set Clipboard
D/Genyd   (  116): Received Set Clipboard
D/Genymotion(  116): Received Set Clipboard
D/Genyd   (  116): Received Set Clipboard
D/Genymotion(  116): Received Set Clipboard
D/Genyd   (  116): Received Set Clipboard
D/Genymotion(  116): Received Set Clipboard
D/Genyd   (  116): Received Set Clipboard
D/Genymotion(  116): Received Set Clipboard
D/Genyd   (  116): Received Set Clipboard
D/Genymotion(  116): Received Set Clipboard
D/Genyd   (  116): Received Set Clipboard
D/Genymotion(  116): Received Set Clipboard
D/Genyd   (  116): Received Set Clipboard
D/Genymotion(  116): Received Set Clipboard
D/Genyd   (  116): Received Set Clipboard
D/Genymotion(  116): Received Set Clipboard
D/Genyd   (  116): Received Set Clipboard
D/Genymotion(  116): Received Set Clipboard
D/Genyd   (  116): Received Set Clipboard
D/Genymotion(  116): Received Set Clipboard
D/Genyd   (  116): Received Set Clipboard
D/Genymotion(  116): Received Set Clipboard
D/Genyd   (  116): Received Set Clipboard
D/Genymotion(  116): Received Set Clipboard
D/Genyd   (  116): Received Set Clipboard
D/Genymotion(  116): Received Set Clipboard
D/ConnectivityService(  527): setProvNotificationVisibleIntent: E visible=false networkType=0 extraInfo=null
W/BroadcastQueue(  527): Skipping deliver [background] BroadcastRecord{11e72aeb u-1 android.net.conn.CONNECTIVITY_CHANGE} to ReceiverList{2b431048 5874 (unknown name)/0/u-1 remote:1443c165}: process crashing
I/ActivityManager(  527): START u0 {act=android.intent.action.MAIN cat=[android.intent.category.LAUNCHER] flg=0x10200000 cmp=com.zzl.falcon.internal/com.squareup.leakcanary.internal.DisplayLeakActivity} from uid 0 on display 0
W/InputMethodManagerService(  527): Window already focused, ignoring focus gain of: com.android.internal.view.IInputMethodClient$Stub$Proxy@3a340ee1 attribute=null, token = android.os.BinderProxy@2d388447
I/ActivityManager(  527): START u0 {act=android.intent.action.MAIN cat=[android.intent.category.LAUNCHER] flg=0x10200000 cmp=com.zzl.falcon.internal/com.squareup.leakcanary.internal.DisplayLeakActivity} from uid 0 on display 0
D/ConnectivityService(  527): NetworkAgentInfo [WIFI () - 105] EVENT_NETWORK_INFO_CHANGED, going from CONNECTED to DISCONNECTED
D/ConnectivityService(  527): NetworkAgentInfo [WIFI () - 105] got DISCONNECTED, was satisfying 2
D/MccTable(  741): updateMccMncConfiguration mccmnc='null' fromServiceState=true
D/MccTable(  741): WIFI_COUNTRY_CODE set to 
I/WifiService(  527): WifiService trying to set country code to  with persist set to true
D/ConnectivityService(  527): notifyType LOST for NetworkAgentInfo [WIFI () - 105]
D/CSLegacyTypeTracker(  527): Sending disconnected broadcast for type 1 NetworkAgentInfo [WIFI () - 105] isDefaultNetwork=true
D/ConnectivityService(  527): sendStickyBroadcast: action=android.net.conn.CONNECTIVITY_CHANGE_IMMEDIATE
D/ConnectivityService(  527): sendStickyBroadcast: action=android.net.conn.CONNECTIVITY_CHANGE
D/ConnectivityService(  527): sendStickyBroadcast: action=android.net.conn.CONNECTIVITY_CHANGE_IMMEDIATE
W/BroadcastQueue(  527): Skipping deliver [background] BroadcastRecord{1219a060 u-1 android.net.conn.CONNECTIVITY_CHANGE} to ReceiverList{2b431048 5874 (unknown name)/0/u-1 remote:1443c165}: process crashing
D/ConnectivityService(  527): sendStickyBroadcast: action=android.net.conn.CONNECTIVITY_CHANGE
D/ConnectivityService(  527): Checking for replacement network to handle request NetworkRequest [ id=1, legacyType=-1, [ Capabilities: INTERNET&NOT_RESTRICTED&TRUSTED&NOT_VPN] ]
E/ConnectivityService(  527): EVENT_NETWORK_INFO_CHANGED from unknown NetworkAgent
W/BroadcastQueue(  527): Skipping deliver [background] BroadcastRecord{2e06b919 u-1 android.net.conn.CONNECTIVITY_CHANGE} to ReceiverList{2b431048 5874 (unknown name)/0/u-1 remote:1443c165}: process crashing
W/ViewRootImpl( 4927): Dropping event due to no window focus: KeyEvent { action=ACTION_DOWN, keyCode=KEYCODE_DPAD_DOWN, scanCode=0, metaState=0, flags=0x8, repeatCount=0, eventTime=8872007, downTime=8872007, deviceId=-1, source=0x101 }
W/ViewRootImpl( 4927): Cancelling event due to no window focus: KeyEvent { action=ACTION_UP, keyCode=KEYCODE_DPAD_DOWN, scanCode=0, metaState=0, flags=0x28, repeatCount=0, eventTime=8872169, downTime=8872007, deviceId=-1, source=0x101 }
W/ViewRootImpl( 4927): Cancelling event due to no window focus: KeyEvent { action=ACTION_UP, keyCode=KEYCODE_DPAD_DOWN, scanCode=0, metaState=0, flags=0x28, repeatCount=0, eventTime=8872169, downTime=8872007, deviceId=-1, source=0x101 }
W/ViewRootImpl( 4927): Cancelling event due to no window focus: KeyEvent { action=ACTION_UP, keyCode=KEYCODE_DPAD_DOWN, scanCode=0, metaState=0, flags=0x28, repeatCount=0, eventTime=8872169, downTime=8872007, deviceId=-1, source=0x101 }
W/ViewRootImpl( 4927): Cancelling event due to no window focus: KeyEvent { action=ACTION_UP, keyCode=KEYCODE_DPAD_DOWN, scanCode=0, metaState=0, flags=0x28, repeatCount=0, eventTime=8872169, downTime=8872007, deviceId=-1, source=0x101 }
W/ViewRootImpl( 4927): Cancelling event due to no window focus: KeyEvent { action=ACTION_UP, keyCode=KEYCODE_DPAD_DOWN, scanCode=0, metaState=0, flags=0x28, repeatCount=0, eventTime=8872169, downTime=8872007, deviceId=-1, source=0x101 }
W/ViewRootImpl( 4927): Cancelling event due to no window focus: KeyEvent { action=ACTION_UP, keyCode=KEYCODE_DPAD_DOWN, scanCode=0, metaState=0, flags=0x28, repeatCount=0, eventTime=8872169, downTime=8872007, deviceId=-1, source=0x101 }
W/ViewRootImpl( 4682): Cancelling event due to no window focus: KeyEvent { action=ACTION_UP, keyCode=KEYCODE_DPAD_DOWN, scanCode=0, metaState=0, flags=0x28, repeatCount=0, eventTime=8872142, downTime=8872142, deviceId=-1, source=0x101 }
W/ViewRootImpl( 4682): Cancelling event due to no window focus: KeyEvent { action=ACTION_UP, keyCode=KEYCODE_DPAD_DOWN, scanCode=0, metaState=0, flags=0x28, repeatCount=0, eventTime=8872142, downTime=8872142, deviceId=-1, source=0x101 }
W/ViewRootImpl( 4682): Cancelling event due to no window focus: KeyEvent { action=ACTION_UP, keyCode=KEYCODE_DPAD_DOWN, scanCode=0, metaState=0, flags=0x28, repeatCount=0, eventTime=8872142, downTime=8872142, deviceId=-1, source=0x101 }
W/ViewRootImpl( 4682): Cancelling event due to no window focus: KeyEvent { action=ACTION_UP, keyCode=KEYCODE_DPAD_DOWN, scanCode=0, metaState=0, flags=0x28, repeatCount=0, eventTime=8872142, downTime=8872142, deviceId=-1, source=0x101 }
W/ViewRootImpl( 4682): Cancelling event due to no window focus: KeyEvent { action=ACTION_UP, keyCode=KEYCODE_DPAD_DOWN, scanCode=0, metaState=0, flags=0x28, repeatCount=0, eventTime=8872142, downTime=8872142, deviceId=-1, source=0x101 }
W/ViewRootImpl( 4682): Cancelling event due to no window focus: KeyEvent { action=ACTION_UP, keyCode=KEYCODE_DPAD_DOWN, scanCode=0, metaState=0, flags=0x28, repeatCount=0, eventTime=8872142, downTime=8872142, deviceId=-1, source=0x101 }
W/ViewRootImpl( 4682): Dropping event due to no window focus: MotionEvent { action=ACTION_MOVE, id[0]=0, x[0]=-5.0, y[0]=-2.0, toolType[0]=TOOL_TYPE_UNKNOWN, buttonState=0, metaState=0, flags=0x0, edgeFlags=0x0, pointerCount=1, historySize=9, eventTime=8872185, downTime=-1, deviceId=0, source=0x10004 }
W/ViewRootImpl( 4682): Dropping event due to no window focus: KeyEvent { action=ACTION_DOWN, keyCode=KEYCODE_Y, scanCode=0, metaState=0, flags=0x8, repeatCount=0, eventTime=8872198, downTime=8872198, deviceId=-1, source=0x101 }
W/ViewRootImpl( 4682): Cancelling event due to no window focus: KeyEvent { action=ACTION_UP, keyCode=KEYCODE_Y, scanCode=0, metaState=0, flags=0x28, repeatCount=0, eventTime=8872374, downTime=8872374, deviceId=-1, source=0x101 }
W/ViewRootImpl( 4682): Cancelling event due to no window focus: KeyEvent { action=ACTION_UP, keyCode=KEYCODE_Y, scanCode=0, metaState=0, flags=0x28, repeatCount=0, eventTime=8872374, downTime=8872374, deviceId=-1, source=0x101 }
W/ViewRootImpl( 4682): Cancelling event due to no window focus: KeyEvent { action=ACTION_UP, keyCode=KEYCODE_Y, scanCode=0, metaState=0, flags=0x28, repeatCount=0, eventTime=8872374, downTime=8872374, deviceId=-1, source=0x101 }
W/ViewRootImpl( 4682): Cancelling event due to no window focus: KeyEvent { action=ACTION_UP, keyCode=KEYCODE_Y, scanCode=0, metaState=0, flags=0x28, repeatCount=0, eventTime=8872374, downTime=8872374, deviceId=-1, source=0x101 }
W/ViewRootImpl( 4682): Cancelling event due to no window focus: KeyEvent { action=ACTION_UP, keyCode=KEYCODE_Y, scanCode=0, metaState=0, flags=0x28, repeatCount=0, eventTime=8872374, downTime=8872374, deviceId=-1, source=0x101 }
W/ViewRootImpl( 4682): Cancelling event due to no window focus: KeyEvent { action=ACTION_UP, keyCode=KEYCODE_Y, scanCode=0, metaState=0, flags=0x28, repeatCount=0, eventTime=8872374, downTime=8872374, deviceId=-1, source=0x101 }
I/ActivityManager(  527): Killing 4178:android.process.acore/u0a2 (adj 15): empty for 3346s
W/libprocessgroup(  527): failed to open /acct/uid_10002/pid_4178/cgroup.procs: No such file or directory
W/ViewRootImpl(  636): Dropping event due to no window focus: KeyEvent { action=ACTION_DOWN, keyCode=KEYCODE_PROG_BLUE, scanCode=0, metaState=0, flags=0x8, repeatCount=0, eventTime=8874458, downTime=8874458, deviceId=-1, source=0x101 }
W/ViewRootImpl(  636): Cancelling event due to no window focus: KeyEvent { action=ACTION_UP, keyCode=KEYCODE_PROG_BLUE, scanCode=0, metaState=0, flags=0x28, repeatCount=0, eventTime=8874470, downTime=8874470, deviceId=-1, source=0x101 }
W/ViewRootImpl(  636): Cancelling event due to no window focus: KeyEvent { action=ACTION_UP, keyCode=KEYCODE_PROG_BLUE, scanCode=0, metaState=0, flags=0x28, repeatCount=0, eventTime=8874470, downTime=8874470, deviceId=-1, source=0x101 }
W/ViewRootImpl(  636): Cancelling event due to no window focus: KeyEvent { action=ACTION_UP, keyCode=KEYCODE_PROG_BLUE, scanCode=0, metaState=0, flags=0x28, repeatCount=0, eventTime=8874470, downTime=8874470, deviceId=-1, source=0x101 }
W/ViewRootImpl(  636): Cancelling event due to no window focus: KeyEvent { action=ACTION_UP, keyCode=KEYCODE_PROG_BLUE, scanCode=0, metaState=0, flags=0x28, repeatCount=0, eventTime=8874470, downTime=8874470, deviceId=-1, source=0x101 }
W/ViewRootImpl(  636): Cancelling event due to no window focus: KeyEvent { action=ACTION_UP, keyCode=KEYCODE_PROG_BLUE, scanCode=0, metaState=0, flags=0x28, repeatCount=0, eventTime=8874470, downTime=8874470, deviceId=-1, source=0x101 }
W/ViewRootImpl(  636): Cancelling event due to no window focus: KeyEvent { action=ACTION_UP, keyCode=KEYCODE_PROG_BLUE, scanCode=0, metaState=0, flags=0x28, repeatCount=0, eventTime=8874470, downTime=8874470, deviceId=-1, source=0x101 }
W/ViewRootImpl(  636): Cancelling event due to no window focus: KeyEvent { action=ACTION_UP, keyCode=KEYCODE_PROG_BLUE, scanCode=0, metaState=0, flags=0x28, repeatCount=0, eventTime=8874470, downTime=8874470, deviceId=-1, source=0x101 }
W/ViewRootImpl(  636): Cancelling event due to no window focus: KeyEvent { action=ACTION_UP, keyCode=KEYCODE_PROG_BLUE, scanCode=0, metaState=0, flags=0x28, repeatCount=0, eventTime=8874470, downTime=8874470, deviceId=-1, source=0x101 }
W/ViewRootImpl(  636): Cancelling event due to no window focus: KeyEvent { action=ACTION_UP, keyCode=KEYCODE_PROG_BLUE, scanCode=0, metaState=0, flags=0x28, repeatCount=0, eventTime=8874470, downTime=8874470, deviceId=-1, source=0x101 }
W/ViewRootImpl(  636): Dropping event due to no window focus: KeyEvent { action=ACTION_DOWN, keyCode=KEYCODE_MENU, scanCode=0, metaState=0, flags=0x8, repeatCount=0, eventTime=8874555, downTime=8874555, deviceId=-1, source=0x101 }
I/ActivityManager(  527): START u0 {act=android.intent.action.MAIN cat=[android.intent.category.LAUNCHER] flg=0x10200000 cmp=com.zzl.falcon.internal/com.zzl.falcon.EntranceActivity} from uid 0 on display 0
I/ActivityManager(  527): START u0 {act=android.intent.action.MAIN cat=[android.intent.category.LAUNCHER] flg=0x10200000 cmp=com.zzl.falcon.internal/com.zzl.falcon.EntranceActivity} from uid 0 on display 0
W/ViewRootImpl( 4682): Dropping event due to no window focus: KeyEvent { action=ACTION_DOWN, keyCode=KEYCODE_DPAD_UP, scanCode=0, metaState=0, flags=0x400, repeatCount=0, eventTime=8875121, downTime=8875121, deviceId=-1, source=0x101 }
W/ViewRootImpl( 4682): Cancelling event due to no window focus: KeyEvent { action=ACTION_UP, keyCode=KEYCODE_DPAD_UP, scanCode=0, metaState=0, flags=0x420, repeatCount=0, eventTime=8875121, downTime=8875121, deviceId=-1, source=0x101 }
W/ViewRootImpl( 4682): Cancelling event due to no window focus: KeyEvent { action=ACTION_UP, keyCode=KEYCODE_DPAD_UP, scanCode=0, metaState=0, flags=0x420, repeatCount=0, eventTime=8875121, downTime=8875121, deviceId=-1, source=0x101 }
W/ViewRootImpl( 4682): Cancelling event due to no window focus: KeyEvent { action=ACTION_UP, keyCode=KEYCODE_DPAD_UP, scanCode=0, metaState=0, flags=0x420, repeatCount=0, eventTime=8875121, downTime=8875121, deviceId=-1, source=0x101 }
W/ViewRootImpl( 4682): Dropping event due to no window focus: KeyEvent { action=ACTION_DOWN, keyCode=KEYCODE_DPAD_UP, scanCode=0, metaState=0, flags=0x400, repeatCount=0, eventTime=8875121, downTime=8875121, deviceId=-1, source=0x101 }
W/ViewRootImpl( 4682): Cancelling event due to no window focus: KeyEvent { action=ACTION_UP, keyCode=KEYCODE_DPAD_UP, scanCode=0, metaState=0, flags=0x420, repeatCount=0, eventTime=8875121, downTime=8875121, deviceId=-1, source=0x101 }
W/ViewRootImpl( 4682): Cancelling event due to no window focus: KeyEvent { action=ACTION_UP, keyCode=KEYCODE_DPAD_UP, scanCode=0, metaState=0, flags=0x420, repeatCount=0, eventTime=8875121, downTime=8875121, deviceId=-1, source=0x101 }
W/ViewRootImpl( 4682): Cancelling event due to no window focus: KeyEvent { action=ACTION_UP, keyCode=KEYCODE_DPAD_UP, scanCode=0, metaState=0, flags=0x420, repeatCount=0, eventTime=8875121, downTime=8875121, deviceId=-1, source=0x101 }
W/ViewRootImpl( 4682): Dropping event due to no window focus: KeyEvent { action=ACTION_DOWN, keyCode=KEYCODE_DPAD_UP, scanCode=0, metaState=0, flags=0x400, repeatCount=0, eventTime=8875121, downTime=8875121, deviceId=-1, source=0x101 }
W/ViewRootImpl( 4682): Cancelling event due to no window focus: KeyEvent { action=ACTION_UP, keyCode=KEYCODE_DPAD_UP, scanCode=0, metaState=0, flags=0x420, repeatCount=0, eventTime=8875121, downTime=8875121, deviceId=-1, source=0x101 }
W/ViewRootImpl( 4682): Cancelling event due to no window focus: KeyEvent { action=ACTION_UP, keyCode=KEYCODE_DPAD_UP, scanCode=0, metaState=0, flags=0x420, repeatCount=0, eventTime=8875121, downTime=8875121, deviceId=-1, source=0x101 }
W/ViewRootImpl( 4682): Cancelling event due to no window focus: KeyEvent { action=ACTION_UP, keyCode=KEYCODE_DPAD_UP, scanCode=0, metaState=0, flags=0x420, repeatCount=0, eventTime=8875121, downTime=8875121, deviceId=-1, source=0x101 }
W/ViewRootImpl( 4682): Cancelling event due to no window focus: KeyEvent { action=ACTION_UP, keyCode=KEYCODE_DPAD_UP, scanCode=0, metaState=0, flags=0x420, repeatCount=0, eventTime=8875121, downTime=8875121, deviceId=-1, source=0x101 }
W/ViewRootImpl( 4682): Cancelling event due to no window focus: KeyEvent { action=ACTION_UP, keyCode=KEYCODE_DPAD_UP, scanCode=0, metaState=0, flags=0x420, repeatCount=0, eventTime=8875121, downTime=8875121, deviceId=-1, source=0x101 }
W/ViewRootImpl( 4682): Cancelling event due to no window focus: KeyEvent { action=ACTION_UP, keyCode=KEYCODE_DPAD_UP, scanCode=0, metaState=0, flags=0x420, repeatCount=0, eventTime=8875121, downTime=8875121, deviceId=-1, source=0x101 }
W/ViewRootImpl( 4682): Cancelling event due to no window focus: KeyEvent { action=ACTION_UP, keyCode=KEYCODE_DPAD_UP, scanCode=0, metaState=0, flags=0x420, repeatCount=0, eventTime=8875121, downTime=8875121, deviceId=-1, source=0x101 }
W/ViewRootImpl( 4682): Cancelling event due to no window focus: KeyEvent { action=ACTION_UP, keyCode=KEYCODE_DPAD_UP, scanCode=0, metaState=0, flags=0x420, repeatCount=0, eventTime=8875121, downTime=8875121, deviceId=-1, source=0x101 }
W/ViewRootImpl( 4682): Cancelling event due to no window focus: KeyEvent { action=ACTION_UP, keyCode=KEYCODE_DPAD_UP, scanCode=0, metaState=0, flags=0x420, repeatCount=0, eventTime=8875121, downTime=8875121, deviceId=-1, source=0x101 }
W/ViewRootImpl( 4682): Cancelling event due to no window focus: KeyEvent { action=ACTION_UP, keyCode=KEYCODE_DPAD_UP, scanCode=0, metaState=0, flags=0x420, repeatCount=0, eventTime=8875121, downTime=8875121, deviceId=-1, source=0x101 }
W/ViewRootImpl( 4682): Cancelling event due to no window focus: KeyEvent { action=ACTION_UP, keyCode=KEYCODE_DPAD_UP, scanCode=0, metaState=0, flags=0x420, repeatCount=0, eventTime=8875121, downTime=8875121, deviceId=-1, source=0x101 }
W/ViewRootImpl( 4682): Cancelling event due to no window focus: KeyEvent { action=ACTION_UP, keyCode=KEYCODE_DPAD_UP, scanCode=0, metaState=0, flags=0x420, repeatCount=0, eventTime=8875121, downTime=8875121, deviceId=-1, source=0x101 }
I/ActivityManager(  527): START u0 {act=android.intent.action.CALL_BUTTON flg=0x10000000 cmp=com.android.dialer/.DialtactsActivity} from uid 10013 on display 0
W/ViewRootImpl(  636): Dropping event due to no window focus: MotionEvent { action=ACTION_MOVE, id[0]=0, x[0]=3.0, y[0]=-2.0, toolType[0]=TOOL_TYPE_UNKNOWN, buttonState=0, metaState=0, flags=0x0, edgeFlags=0x0, pointerCount=1, historySize=2, eventTime=8875736, downTime=-1, deviceId=0, source=0x10004 }
W/ViewRootImpl( 4682): Cancelling event due to no window focus: KeyEvent { action=ACTION_UP, keyCode=KEYCODE_DPAD_UP, scanCode=0, metaState=0, flags=0x420, repeatCount=0, eventTime=8875121, downTime=8875121, deviceId=-1, source=0x101 }
W/ViewRootImpl( 4682): Cancelling event due to no window focus: KeyEvent { action=ACTION_UP, keyCode=KEYCODE_DPAD_UP, scanCode=0, metaState=0, flags=0x420, repeatCount=0, eventTime=8875121, downTime=8875121, deviceId=-1, source=0x101 }
W/ViewRootImpl( 4682): Cancelling event due to no window focus: KeyEvent { action=ACTION_UP, keyCode=KEYCODE_DPAD_UP, scanCode=0, metaState=0, flags=0x420, repeatCount=0, eventTime=8875121, downTime=8875121, deviceId=-1, source=0x101 }
W/ViewRootImpl( 4682): Dropping event due to no window focus: MotionEvent { action=ACTION_MOVE, id[0]=0, x[0]=4.0, y[0]=1.0, toolType[0]=TOOL_TYPE_UNKNOWN, buttonState=0, metaState=0, flags=0x0, edgeFlags=0x0, pointerCount=1, historySize=51, eventTime=8875795, downTime=-1, deviceId=0, source=0x10004 }
W/ViewRootImpl( 4682): Dropping event due to no window focus: MotionEvent { action=ACTION_MOVE, id[0]=0, x[0]=-1.0, y[0]=-2.0, toolType[0]=TOOL_TYPE_UNKNOWN, buttonState=0, metaState=0, flags=0x0, edgeFlags=0x0, pointerCount=1, historySize=4, eventTime=8876081, downTime=-1, deviceId=0, source=0x10004 }
W/ViewRootImpl( 4682): Dropping event due to no window focus: MotionEvent { action=ACTION_DOWN, id[0]=0, x[0]=0.0, y[0]=0.0, toolType[0]=TOOL_TYPE_UNKNOWN, buttonState=0, metaState=0, flags=0x0, edgeFlags=0x0, pointerCount=1, historySize=0, eventTime=8876082, downTime=8875792, deviceId=0, source=0x10004 }
W/ViewRootImpl( 4682): Cancelling event due to no window focus: MotionEvent { action=ACTION_CANCEL, id[0]=0, x[0]=0.0, y[0]=0.0, toolType[0]=TOOL_TYPE_UNKNOWN, buttonState=0, metaState=0, flags=0x0, edgeFlags=0x0, pointerCount=1, historySize=0, eventTime=8876083, downTime=8875792, deviceId=0, source=0x10004 }
W/ViewRootImpl( 4682): Cancelling event due to no window focus: MotionEvent { action=ACTION_CANCEL, id[0]=0, x[0]=0.0, y[0]=0.0, toolType[0]=TOOL_TYPE_UNKNOWN, buttonState=0, metaState=0, flags=0x0, edgeFlags=0x0, pointerCount=1, historySize=0, eventTime=8876083, downTime=8875792, deviceId=0, source=0x10004 }
W/ViewRootImpl( 4682): Cancelling event due to no window focus: MotionEvent { action=ACTION_CANCEL, id[0]=0, x[0]=0.0, y[0]=0.0, toolType[0]=TOOL_TYPE_UNKNOWN, buttonState=0, metaState=0, flags=0x0, edgeFlags=0x0, pointerCount=1, historySize=0, eventTime=8876083, downTime=8875792, deviceId=0, source=0x10004 }
W/InputMethodManagerService(  527): Window already focused, ignoring focus gain of: com.android.internal.view.IInputMethodClient$Stub$Proxy@72ddab5 attribute=null, token = android.os.BinderProxy@11e2cde5
I/ActivityManager(  527): START u0 {act=android.intent.action.MAIN cat=[android.intent.category.LAUNCHER] flg=0x10200000 cmp=com.zzl.falcon.internal/com.zzl.falcon.EntranceActivity} from uid 0 on display 0
W/InputManager(  527): Input event injection from pid 5874 failed.
W/InputManager(  527): Input event injection from pid 5874 failed.
W/InputManager(  527): Input event injection from pid 5874 failed.
W/InputManager(  527): Input event injection from pid 5874 failed.
V/WindowManager(  527): Adding window Window{2bc5acbb u0 com.zzl.falcon.internal/com.zzl.falcon.WebViewActivity} at 5 of 11 (before Window{1c6ba0ba u0 com.zzl.falcon.internal/com.zzl.falcon.WebViewActivity})
W/InputManager(  527): Input event injection from pid 5874 failed.
W/InputManager(  527): Input event injection from pid 5874 failed.
W/ViewRootImpl( 4682): Cancelling event due to no window focus: KeyEvent { action=ACTION_UP, keyCode=KEYCODE_DPAD_RIGHT, scanCode=0, metaState=0, flags=0x28, repeatCount=0, eventTime=8886722, downTime=8886722, deviceId=-1, source=0x101 }
W/ViewRootImpl( 4682): Cancelling event due to no window focus: KeyEvent { action=ACTION_UP, keyCode=KEYCODE_DPAD_RIGHT, scanCode=0, metaState=0, flags=0x28, repeatCount=0, eventTime=8886722, downTime=8886722, deviceId=-1, source=0x101 }
W/ViewRootImpl( 4682): Cancelling event due to no window focus: KeyEvent { action=ACTION_UP, keyCode=KEYCODE_DPAD_RIGHT, scanCode=0, metaState=0, flags=0x28, repeatCount=0, eventTime=8886722, downTime=8886722, deviceId=-1, source=0x101 }
W/ViewRootImpl( 4682): Cancelling event due to no window focus: KeyEvent { action=ACTION_UP, keyCode=KEYCODE_DPAD_RIGHT, scanCode=0, metaState=0, flags=0x28, repeatCount=0, eventTime=8886722, downTime=8886722, deviceId=-1, source=0x101 }
W/ViewRootImpl( 4682): Cancelling event due to no window focus: KeyEvent { action=ACTION_UP, keyCode=KEYCODE_DPAD_RIGHT, scanCode=0, metaState=0, flags=0x28, repeatCount=0, eventTime=8886722, downTime=8886722, deviceId=-1, source=0x101 }
W/ViewRootImpl( 4682): Cancelling event due to no window focus: KeyEvent { action=ACTION_UP, keyCode=KEYCODE_DPAD_RIGHT, scanCode=0, metaState=0, flags=0x28, repeatCount=0, eventTime=8886722, downTime=8886722, deviceId=-1, source=0x101 }
W/ViewRootImpl( 4682): Dropping event due to no window focus: KeyEvent { action=ACTION_DOWN, keyCode=KEYCODE_DPAD_CENTER, scanCode=0, metaState=0, flags=0x8, repeatCount=0, eventTime=8886755, downTime=8886755, deviceId=-1, source=0x101 }
W/ViewRootImpl( 4682): Cancelling event due to no window focus: KeyEvent { action=ACTION_UP, keyCode=KEYCODE_DPAD_CENTER, scanCode=0, metaState=0, flags=0x28, repeatCount=0, eventTime=8886826, downTime=8886826, deviceId=-1, source=0x101 }
W/ViewRootImpl( 4682): Cancelling event due to no window focus: KeyEvent { action=ACTION_UP, keyCode=KEYCODE_DPAD_CENTER, scanCode=0, metaState=0, flags=0x28, repeatCount=0, eventTime=8886826, downTime=8886826, deviceId=-1, source=0x101 }
W/ViewRootImpl( 4682): Cancelling event due to no window focus: KeyEvent { action=ACTION_UP, keyCode=KEYCODE_DPAD_CENTER, scanCode=0, metaState=0, flags=0x28, repeatCount=0, eventTime=8886826, downTime=8886826, deviceId=-1, source=0x101 }
W/ViewRootImpl( 4682): Cancelling event due to no window focus: KeyEvent { action=ACTION_UP, keyCode=KEYCODE_DPAD_CENTER, scanCode=0, metaState=0, flags=0x28, repeatCount=0, eventTime=8886826, downTime=8886826, deviceId=-1, source=0x101 }
W/ViewRootImpl( 4682): Cancelling event due to no window focus: KeyEvent { action=ACTION_UP, keyCode=KEYCODE_DPAD_CENTER, scanCode=0, metaState=0, flags=0x28, repeatCount=0, eventTime=8886826, downTime=8886826, deviceId=-1, source=0x101 }
W/ViewRootImpl( 4682): Cancelling event due to no window focus: KeyEvent { action=ACTION_UP, keyCode=KEYCODE_DPAD_CENTER, scanCode=0, metaState=0, flags=0x28, repeatCount=0, eventTime=8886826, downTime=8886826, deviceId=-1, source=0x101 }
I/ActivityManager(  527): Waited long enough for: ServiceRecord{3c91d645 u0 com.android.music/.MediaPlaybackService}
W/ViewRootImpl(  636): Cancelling event due to no window focus: KeyEvent { action=ACTION_UP, keyCode=KEYCODE_DPAD_CENTER, scanCode=0, metaState=0, flags=0x28, repeatCount=0, eventTime=8888643, downTime=8888643, deviceId=-1, source=0x101 }
W/ViewRootImpl(  636): Cancelling event due to no window focus: KeyEvent { action=ACTION_UP, keyCode=KEYCODE_DPAD_CENTER, scanCode=0, metaState=0, flags=0x28, repeatCount=0, eventTime=8888643, downTime=8888643, deviceId=-1, source=0x101 }
W/ViewRootImpl(  636): Cancelling event due to no window focus: KeyEvent { action=ACTION_UP, keyCode=KEYCODE_DPAD_CENTER, scanCode=0, metaState=0, flags=0x28, repeatCount=0, eventTime=8888643, downTime=8888643, deviceId=-1, source=0x101 }
W/ViewRootImpl(  636): Cancelling event due to no window focus: KeyEvent { action=ACTION_UP, keyCode=KEYCODE_DPAD_CENTER, scanCode=0, metaState=0, flags=0x28, repeatCount=0, eventTime=8888643, downTime=8888643, deviceId=-1, source=0x101 }
W/ViewRootImpl(  636): Cancelling event due to no window focus: KeyEvent { action=ACTION_UP, keyCode=KEYCODE_DPAD_CENTER, scanCode=0, metaState=0, flags=0x28, repeatCount=0, eventTime=8888643, downTime=8888643, deviceId=-1, source=0x101 }
W/ViewRootImpl(  636): Cancelling event due to no window focus: KeyEvent { action=ACTION_UP, keyCode=KEYCODE_DPAD_CENTER, scanCode=0, metaState=0, flags=0x28, repeatCount=0, eventTime=8888643, downTime=8888643, deviceId=-1, source=0x101 }
W/ViewRootImpl(  636): Cancelling event due to no window focus: KeyEvent { action=ACTION_UP, keyCode=KEYCODE_DPAD_CENTER, scanCode=0, metaState=0, flags=0x28, repeatCount=0, eventTime=8888643, downTime=8888643, deviceId=-1, source=0x101 }
W/ViewRootImpl(  636): Cancelling event due to no window focus: KeyEvent { action=ACTION_UP, keyCode=KEYCODE_DPAD_CENTER, scanCode=0, metaState=0, flags=0x28, repeatCount=0, eventTime=8888643, downTime=8888643, deviceId=-1, source=0x101 }
W/ViewRootImpl(  636): Cancelling event due to no window focus: KeyEvent { action=ACTION_UP, keyCode=KEYCODE_DPAD_CENTER, scanCode=0, metaState=0, flags=0x28, repeatCount=0, eventTime=8888643, downTime=8888643, deviceId=-1, source=0x101 }
W/ViewRootImpl(  636): Dropping event due to no window focus: KeyEvent { action=ACTION_DOWN, keyCode=KEYCODE_CTRL_LEFT, scanCode=0, metaState=0, flags=0x8, repeatCount=0, eventTime=8888668, downTime=8888668, deviceId=-1, source=0x101 }
W/ViewRootImpl(  636): Cancelling event due to no window focus: KeyEvent { action=ACTION_UP, keyCode=KEYCODE_CTRL_LEFT, scanCode=0, metaState=0, flags=0x28, repeatCount=0, eventTime=8888728, downTime=8888728, deviceId=-1, source=0x101 }
W/ViewRootImpl(  636): Cancelling event due to no window focus: KeyEvent { action=ACTION_UP, keyCode=KEYCODE_CTRL_LEFT, scanCode=0, metaState=0, flags=0x28, repeatCount=0, eventTime=8888728, downTime=8888728, deviceId=-1, source=0x101 }
W/ViewRootImpl(  636): Cancelling event due to no window focus: KeyEvent { action=ACTION_UP, keyCode=KEYCODE_CTRL_LEFT, scanCode=0, metaState=0, flags=0x28, repeatCount=0, eventTime=8888728, downTime=8888728, deviceId=-1, source=0x101 }
W/ViewRootImpl(  636): Cancelling event due to no window focus: KeyEvent { action=ACTION_UP, keyCode=KEYCODE_CTRL_LEFT, scanCode=0, metaState=0, flags=0x28, repeatCount=0, eventTime=8888728, downTime=8888728, deviceId=-1, source=0x101 }
W/ViewRootImpl(  636): Cancelling event due to no window focus: KeyEvent { action=ACTION_UP, keyCode=KEYCODE_CTRL_LEFT, scanCode=0, metaState=0, flags=0x28, repeatCount=0, eventTime=8888728, downTime=8888728, deviceId=-1, source=0x101 }
W/ViewRootImpl(  636): Cancelling event due to no window focus: KeyEvent { action=ACTION_UP, keyCode=KEYCODE_CTRL_LEFT, scanCode=0, metaState=0, flags=0x28, repeatCount=0, eventTime=8888728, downTime=8888728, deviceId=-1, source=0x101 }
W/ViewRootImpl(  636): Cancelling event due to no window focus: KeyEvent { action=ACTION_UP, keyCode=KEYCODE_CTRL_LEFT, scanCode=0, metaState=0, flags=0x28, repeatCount=0, eventTime=8888728, downTime=8888728, deviceId=-1, source=0x101 }
W/ViewRootImpl(  636): Cancelling event due to no window focus: KeyEvent { action=ACTION_UP, keyCode=KEYCODE_CTRL_LEFT, scanCode=0, metaState=0, flags=0x28, repeatCount=0, eventTime=8888728, downTime=8888728, deviceId=-1, source=0x101 }
W/ViewRootImpl(  636): Cancelling event due to no window focus: KeyEvent { action=ACTION_UP, keyCode=KEYCODE_CTRL_LEFT, scanCode=0, metaState=0, flags=0x28, repeatCount=0, eventTime=8888728, downTime=8888728, deviceId=-1, source=0x101 }
W/ViewRootImpl(  636): Dropping event due to no window focus: KeyEvent { action=ACTION_DOWN, keyCode=KEYCODE_DPAD_CENTER, scanCode=0, metaState=0, flags=0x8, repeatCount=0, eventTime=8888729, downTime=8888729, deviceId=-1, source=0x101 }
W/ViewRootImpl(  636): Cancelling event due to no window focus: KeyEvent { action=ACTION_UP, keyCode=KEYCODE_DPAD_CENTER, scanCode=0, metaState=0, flags=0x28, repeatCount=0, eventTime=8888731, downTime=8888731, deviceId=-1, source=0x101 }
W/ViewRootImpl(  636): Cancelling event due to no window focus: KeyEvent { action=ACTION_UP, keyCode=KEYCODE_DPAD_CENTER, scanCode=0, metaState=0, flags=0x28, repeatCount=0, eventTime=8888731, downTime=8888731, deviceId=-1, source=0x101 }
W/ViewRootImpl(  636): Cancelling event due to no window focus: KeyEvent { action=ACTION_UP, keyCode=KEYCODE_DPAD_CENTER, scanCode=0, metaState=0, flags=0x28, repeatCount=0, eventTime=8888731, downTime=8888731, deviceId=-1, source=0x101 }
W/ViewRootImpl(  636): Cancelling event due to no window focus: KeyEvent { action=ACTION_UP, keyCode=KEYCODE_DPAD_CENTER, scanCode=0, metaState=0, flags=0x28, repeatCount=0, eventTime=8888731, downTime=8888731, deviceId=-1, source=0x101 }
W/ViewRootImpl(  636): Cancelling event due to no window focus: KeyEvent { action=ACTION_UP, keyCode=KEYCODE_DPAD_CENTER, scanCode=0, metaState=0, flags=0x28, repeatCount=0, eventTime=8888731, downTime=8888731, deviceId=-1, source=0x101 }
W/ViewRootImpl(  636): Cancelling event due to no window focus: KeyEvent { action=ACTION_UP, keyCode=KEYCODE_DPAD_CENTER, scanCode=0, metaState=0, flags=0x28, repeatCount=0, eventTime=8888731, downTime=8888731, deviceId=-1, source=0x101 }
W/ViewRootImpl(  636): Cancelling event due to no window focus: KeyEvent { action=ACTION_UP, keyCode=KEYCODE_DPAD_CENTER, scanCode=0, metaState=0, flags=0x28, repeatCount=0, eventTime=8888731, downTime=8888731, deviceId=-1, source=0x101 }
W/ViewRootImpl(  636): Cancelling event due to no window focus: KeyEvent { action=ACTION_UP, keyCode=KEYCODE_DPAD_CENTER, scanCode=0, metaState=0, flags=0x28, repeatCount=0, eventTime=8888731, downTime=8888731, deviceId=-1, source=0x101 }
W/ViewRootImpl(  636): Cancelling event due to no window focus: KeyEvent { action=ACTION_UP, keyCode=KEYCODE_DPAD_CENTER, scanCode=0, metaState=0, flags=0x28, repeatCount=0, eventTime=8888731, downTime=8888731, deviceId=-1, source=0x101 }
W/ViewRootImpl( 4682): Dropping event due to no window focus: KeyEvent { action=ACTION_DOWN, keyCode=KEYCODE_DPAD_UP, scanCode=0, metaState=0, flags=0x8, repeatCount=0, eventTime=8887662, downTime=8887662, deviceId=-1, source=0x101 }
W/ViewRootImpl( 4682): Cancelling event due to no window focus: KeyEvent { action=ACTION_UP, keyCode=KEYCODE_DPAD_UP, scanCode=0, metaState=0, flags=0x28, repeatCount=0, eventTime=8887663, downTime=8887663, deviceId=-1, source=0x101 }
W/ViewRootImpl( 4682): Dropping event due to no window focus: KeyEvent { action=ACTION_DOWN, keyCode=KEYCODE_DPAD_UP, scanCode=0, metaState=0, flags=0x8, repeatCount=0, eventTime=8888555, downTime=8888555, deviceId=-1, source=0x101 }
W/ViewRootImpl( 4682): Cancelling event due to no window focus: KeyEvent { action=ACTION_UP, keyCode=KEYCODE_DPAD_UP, scanCode=0, metaState=0, flags=0x28, repeatCount=0, eventTime=8888556, downTime=8888556, deviceId=-1, source=0x101 }
W/ViewRootImpl( 4682): Cancelling event due to no window focus: KeyEvent { action=ACTION_UP, keyCode=KEYCODE_DPAD_CENTER, scanCode=0, metaState=0, flags=0x28, repeatCount=0, eventTime=8888667, downTime=8888641, deviceId=-1, source=0x101 }
W/InputMethodManagerService(  527): Window already focused, ignoring focus gain of: com.android.internal.view.IInputMethodClient$Stub$Proxy@3facd687 attribute=null, token = android.os.BinderProxy@2427754a
D/Genyd   (  116): Received Set Clipboard
D/Genymotion(  116): Received Set Clipboard
D/ConnectivityService(  527): Failed to find a new network - expiring NetTransition Wakelock
I/ProcessStatsService(  527): Prepared write state in 0ms
W/BroadcastQueue(  527): Skipping deliver [background] BroadcastRecord{2e16ad20 u-1 android.net.conn.CONNECTIVITY_CHANGE} to ReceiverList{f27a6d9 6025 (unknown name)/0/u-1 remote:19adf952}: process crashing
I/ActivityManager(  527): START u0 {act=android.intent.action.MAIN cat=[android.intent.category.LAUNCHER] flg=0x10200000 cmp=com.zzl.falcon.internal/com.squareup.leakcanary.internal.DisplayLeakActivity} from uid 0 on display 0
V/WindowManager(  527): addAppToken: AppWindowToken{34897b4c token=Token{2cd00f7f ActivityRecord{2d8e589e u0 com.zzl.falcon.internal/com.squareup.leakcanary.internal.DisplayLeakActivity t47}}} to stack=1 task=47 at 0
V/WindowManager(  527): Adding window Window{232f849 u0 Starting com.zzl.falcon.internal} at 6 of 11 (after Window{2bc5acbb u0 com.zzl.falcon.internal/com.zzl.falcon.WebViewActivity})
V/WindowManager(  527): Adding window Window{1451d66f u0 com.zzl.falcon.internal/com.squareup.leakcanary.internal.DisplayLeakActivity} at 6 of 12 (before Window{232f849 u0 Starting com.zzl.falcon.internal})
W/ViewRootImpl( 4927): Dropping event due to no window focus: KeyEvent { action=ACTION_DOWN, keyCode=KEYCODE_DPAD_CENTER, scanCode=0, metaState=0, flags=0x8, repeatCount=0, eventTime=9015009, downTime=9015009, deviceId=-1, source=0x101 }
W/ViewRootImpl( 4927): Cancelling event due to no window focus: KeyEvent { action=ACTION_UP, keyCode=KEYCODE_DPAD_CENTER, scanCode=0, metaState=0, flags=0x28, repeatCount=0, eventTime=9015070, downTime=9015070, deviceId=-1, source=0x101 }
W/ViewRootImpl( 4927): Cancelling event due to no window focus: KeyEvent { action=ACTION_UP, keyCode=KEYCODE_DPAD_CENTER, scanCode=0, metaState=0, flags=0x28, repeatCount=0, eventTime=9015070, downTime=9015070, deviceId=-1, source=0x101 }
W/ViewRootImpl( 4927): Cancelling event due to no window focus: KeyEvent { action=ACTION_UP, keyCode=KEYCODE_DPAD_CENTER, scanCode=0, metaState=0, flags=0x28, repeatCount=0, eventTime=9015070, downTime=9015070, deviceId=-1, source=0x101 }
