W/ViewRootImpl(  636): Cancelling event due to no window focus: KeyEvent { action=ACTION_UP, keyCode=KEYCODE_MENU, scanCode=0, metaState=0, flags=0x28, repeatCount=0, eventTime=7341543, downTime=7341543, deviceId=-1, source=0x101 }
W/ViewRootImpl(  636): Cancelling event due to no window focus: KeyEvent { action=ACTION_UP, keyCode=KEYCODE_MENU, scanCode=0, metaState=0, flags=0x28, repeatCount=0, eventTime=7341543, downTime=7341543, deviceId=-1, source=0x101 }
W/ViewRootImpl(  636): Cancelling event due to no window focus: KeyEvent { action=ACTION_UP, keyCode=KEYCODE_MENU, scanCode=0, metaState=0, flags=0x28, repeatCount=0, eventTime=7341543, downTime=7341543, deviceId=-1, source=0x101 }
W/ViewRootImpl(  636): Cancelling event due to no window focus: KeyEvent { action=ACTION_UP, keyCode=KEYCODE_MENU, scanCode=0, metaState=0, flags=0x28, repeatCount=0, eventTime=7341543, downTime=7341543, deviceId=-1, source=0x101 }
W/ViewRootImpl(  636): Cancelling event due to no window focus: KeyEvent { action=ACTION_UP, keyCode=KEYCODE_MENU, scanCode=0, metaState=0, flags=0x28, repeatCount=0, eventTime=7341543, downTime=7341543, deviceId=-1, source=0x101 }
W/ViewRootImpl(  636): Dropping event due to no window focus: KeyEvent { action=ACTION_DOWN, keyCode=KEYCODE_DPAD_UP, scanCode=0, metaState=0, flags=0x8, repeatCount=0, eventTime=7341656, downTime=7341656, deviceId=-1, source=0x101 }
W/ViewRootImpl(  636): Cancelling event due to no window focus: KeyEvent { action=ACTION_UP, keyCode=KEYCODE_DPAD_UP, scanCode=0, metaState=0, flags=0x28, repeatCount=0, eventTime=7341660, downTime=7341660, deviceId=-1, source=0x101 }
W/ViewRootImpl(  636): Cancelling event due to no window focus: KeyEvent { action=ACTION_UP, keyCode=KEYCODE_DPAD_UP, scanCode=0, metaState=0, flags=0x28, repeatCount=0, eventTime=7341660, downTime=7341660, deviceId=-1, source=0x101 }
W/ViewRootImpl(  636): Cancelling event due to no window focus: KeyEvent { action=ACTION_UP, keyCode=KEYCODE_DPAD_UP, scanCode=0, metaState=0, flags=0x28, repeatCount=0, eventTime=7341660, downTime=7341660, deviceId=-1, source=0x101 }
W/ViewRootImpl(  636): Cancelling event due to no window focus: KeyEvent { action=ACTION_UP, keyCode=KEYCODE_DPAD_UP, scanCode=0, metaState=0, flags=0x28, repeatCount=0, eventTime=7341660, downTime=7341660, deviceId=-1, source=0x101 }
W/ViewRootImpl(  636): Cancelling event due to no window focus: KeyEvent { action=ACTION_UP, keyCode=KEYCODE_DPAD_UP, scanCode=0, metaState=0, flags=0x28, repeatCount=0, eventTime=7341660, downTime=7341660, deviceId=-1, source=0x101 }
W/ViewRootImpl(  636): Cancelling event due to no window focus: KeyEvent { action=ACTION_UP, keyCode=KEYCODE_DPAD_UP, scanCode=0, metaState=0, flags=0x28, repeatCount=0, eventTime=7341660, downTime=7341660, deviceId=-1, source=0x101 }
W/ViewRootImpl(  636): Cancelling event due to no window focus: KeyEvent { action=ACTION_UP, keyCode=KEYCODE_DPAD_UP, scanCode=0, metaState=0, flags=0x28, repeatCount=0, eventTime=7341660, downTime=7341660, deviceId=-1, source=0x101 }
W/ViewRootImpl(  636): Cancelling event due to no window focus: KeyEvent { action=ACTION_UP, keyCode=KEYCODE_DPAD_UP, scanCode=0, metaState=0, flags=0x28, repeatCount=0, eventTime=7341660, downTime=7341660, deviceId=-1, source=0x101 }
W/ViewRootImpl(  636): Cancelling event due to no window focus: KeyEvent { action=ACTION_UP, keyCode=KEYCODE_DPAD_UP, scanCode=0, metaState=0, flags=0x28, repeatCount=0, eventTime=7341660, downTime=7341660, deviceId=-1, source=0x101 }
I/ActivityManager(  527): START u0 {act=android.intent.action.MAIN cat=[android.intent.category.HOME] flg=0x10200000 cmp=com.android.launcher3/.Launcher} from uid 1000 on display 0
W/ViewRootImpl( 4682): Cancelling event due to no window focus: KeyEvent { action=ACTION_UP, keyCode=KEYCODE_DPAD_LEFT, scanCode=0, metaState=0, flags=0x28, repeatCount=0, eventTime=7341707, downTime=7341707, deviceId=-1, source=0x101 }
W/ViewRootImpl( 4682): Cancelling event due to no window focus: KeyEvent { action=ACTION_UP, keyCode=KEYCODE_DPAD_LEFT, scanCode=0, metaState=0, flags=0x28, repeatCount=0, eventTime=7341707, downTime=7341707, deviceId=-1, source=0x101 }
W/ViewRootImpl( 4682): Cancelling event due to no window focus: KeyEvent { action=ACTION_UP, keyCode=KEYCODE_DPAD_LEFT, scanCode=0, metaState=0, flags=0x28, repeatCount=0, eventTime=7341707, downTime=7341707, deviceId=-1, source=0x101 }
W/ViewRootImpl( 4682): Cancelling event due to no window focus: KeyEvent { action=ACTION_UP, keyCode=KEYCODE_DPAD_LEFT, scanCode=0, metaState=0, flags=0x28, repeatCount=0, eventTime=7341707, downTime=7341707, deviceId=-1, source=0x101 }
W/ViewRootImpl( 4682): Cancelling event due to no window focus: KeyEvent { action=ACTION_UP, keyCode=KEYCODE_DPAD_LEFT, scanCode=0, metaState=0, flags=0x28, repeatCount=0, eventTime=7341707, downTime=7341707, deviceId=-1, source=0x101 }
W/ViewRootImpl( 4682): Cancelling event due to no window focus: KeyEvent { action=ACTION_UP, keyCode=KEYCODE_DPAD_LEFT, scanCode=0, metaState=0, flags=0x28, repeatCount=0, eventTime=7341707, downTime=7341707, deviceId=-1, source=0x101 }
W/ViewRootImpl( 4682): Cancelling event due to no window focus: KeyEvent { action=ACTION_UP, keyCode=KEYCODE_DPAD_LEFT, scanCode=0, metaState=0, flags=0x28, repeatCount=0, eventTime=7341707, downTime=7341707, deviceId=-1, source=0x101 }
W/ViewRootImpl( 4682): Cancelling event due to no window focus: KeyEvent { action=ACTION_UP, keyCode=KEYCODE_DPAD_LEFT, scanCode=0, metaState=0, flags=0x28, repeatCount=0, eventTime=7341707, downTime=7341707, deviceId=-1, source=0x101 }
W/ViewRootImpl( 4682): Cancelling event due to no window focus: KeyEvent { action=ACTION_UP, keyCode=KEYCODE_DPAD_LEFT, scanCode=0, metaState=0, flags=0x28, repeatCount=0, eventTime=7341707, downTime=7341707, deviceId=-1, source=0x101 }
W/InputMethodManagerService(  527): Window already focused, ignoring focus gain of: com.android.internal.view.IInputMethodClient$Stub$Proxy@36382d13 attribute=null, token = android.os.BinderProxy@6d93095
W/InputManager(  527): Input event injection from pid 5251 failed.
V/WindowManager(  527): Adding window Window{80a0149 u0 SubPanel:com.zzl.falcon.internal/com.zzl.falcon.invest.InvestmentDetailActivity} at 7 of 12 (after Window{3f8545aa u0 com.zzl.falcon.internal/com.zzl.falcon.invest.InvestmentDetailActivity})
W/ViewRootImpl( 4682): Cancelling event due to no window focus: KeyEvent { action=ACTION_UP, keyCode=KEYCODE_DPAD_LEFT, scanCode=0, metaState=0, flags=0x28, repeatCount=0, eventTime=7342172, downTime=7342172, deviceId=-1, source=0x101 }
W/ViewRootImpl( 4682): Cancelling event due to no window focus: KeyEvent { action=ACTION_UP, keyCode=KEYCODE_DPAD_LEFT, scanCode=0, metaState=0, flags=0x28, repeatCount=0, eventTime=7342172, downTime=7342172, deviceId=-1, source=0x101 }
W/ViewRootImpl( 4682): Cancelling event due to no window focus: KeyEvent { action=ACTION_UP, keyCode=KEYCODE_DPAD_LEFT, scanCode=0, metaState=0, flags=0x28, repeatCount=0, eventTime=7342172, downTime=7342172, deviceId=-1, source=0x101 }
W/ViewRootImpl( 4682): Cancelling event due to no window focus: KeyEvent { action=ACTION_UP, keyCode=KEYCODE_DPAD_LEFT, scanCode=0, metaState=0, flags=0x28, repeatCount=0, eventTime=7342172, downTime=7342172, deviceId=-1, source=0x101 }
W/ViewRootImpl( 4682): Cancelling event due to no window focus: KeyEvent { action=ACTION_UP, keyCode=KEYCODE_DPAD_LEFT, scanCode=0, metaState=0, flags=0x28, repeatCount=0, eventTime=7342172, downTime=7342172, deviceId=-1, source=0x101 }
W/ViewRootImpl( 4682): Cancelling event due to no window focus: KeyEvent { action=ACTION_UP, keyCode=KEYCODE_DPAD_LEFT, scanCode=0, metaState=0, flags=0x28, repeatCount=0, eventTime=7342172, downTime=7342172, deviceId=-1, source=0x101 }
W/ViewRootImpl( 4682): Cancelling event due to no window focus: KeyEvent { action=ACTION_UP, keyCode=KEYCODE_DPAD_LEFT, scanCode=0, metaState=0, flags=0x28, repeatCount=0, eventTime=7342172, downTime=7342172, deviceId=-1, source=0x101 }
W/ViewRootImpl( 4682): Cancelling event due to no window focus: KeyEvent { action=ACTION_UP, keyCode=KEYCODE_DPAD_LEFT, scanCode=0, metaState=0, flags=0x28, repeatCount=0, eventTime=7342172, downTime=7342172, deviceId=-1, source=0x101 }
W/ViewRootImpl( 4682): Cancelling event due to no window focus: KeyEvent { action=ACTION_UP, keyCode=KEYCODE_DPAD_LEFT, scanCode=0, metaState=0, flags=0x28, repeatCount=0, eventTime=7342172, downTime=7342172, deviceId=-1, source=0x101 }
W/ViewRootImpl( 4682): Dropping event due to no window focus: KeyEvent { action=ACTION_DOWN, keyCode=KEYCODE_DPAD_DOWN, scanCode=0, metaState=0, flags=0x8, repeatCount=0, eventTime=7342224, downTime=7342224, deviceId=-1, source=0x101 }
W/ViewRootImpl( 4682): Cancelling event due to no window focus: KeyEvent { action=ACTION_UP, keyCode=KEYCODE_DPAD_DOWN, scanCode=0, metaState=0, flags=0x28, repeatCount=0, eventTime=7342225, downTime=7342225, deviceId=-1, source=0x101 }
W/ViewRootImpl( 4682): Cancelling event due to no window focus: KeyEvent { action=ACTION_UP, keyCode=KEYCODE_DPAD_DOWN, scanCode=0, metaState=0, flags=0x28, repeatCount=0, eventTime=7342225, downTime=7342225, deviceId=-1, source=0x101 }
W/ViewRootImpl( 4682): Cancelling event due to no window focus: KeyEvent { action=ACTION_UP, keyCode=KEYCODE_DPAD_DOWN, scanCode=0, metaState=0, flags=0x28, repeatCount=0, eventTime=7342225, downTime=7342225, deviceId=-1, source=0x101 }
W/ViewRootImpl( 4682): Cancelling event due to no window focus: KeyEvent { action=ACTION_UP, keyCode=KEYCODE_DPAD_DOWN, scanCode=0, metaState=0, flags=0x28, repeatCount=0, eventTime=7342225, downTime=7342225, deviceId=-1, source=0x101 }
W/ViewRootImpl( 4682): Cancelling event due to no window focus: KeyEvent { action=ACTION_UP, keyCode=KEYCODE_DPAD_DOWN, scanCode=0, metaState=0, flags=0x28, repeatCount=0, eventTime=7342225, downTime=7342225, deviceId=-1, source=0x101 }
W/ViewRootImpl( 4682): Cancelling event due to no window focus: KeyEvent { action=ACTION_UP, keyCode=KEYCODE_DPAD_DOWN, scanCode=0, metaState=0, flags=0x28, repeatCount=0, eventTime=7342225, downTime=7342225, deviceId=-1, source=0x101 }
W/ViewRootImpl( 4682): Cancelling event due to no window focus: KeyEvent { action=ACTION_UP, keyCode=KEYCODE_DPAD_DOWN, scanCode=0, metaState=0, flags=0x28, repeatCount=0, eventTime=7342225, downTime=7342225, deviceId=-1, source=0x101 }
W/ViewRootImpl( 4682): Cancelling event due to no window focus: KeyEvent { action=ACTION_UP, keyCode=KEYCODE_DPAD_DOWN, scanCode=0, metaState=0, flags=0x28, repeatCount=0, eventTime=7342225, downTime=7342225, deviceId=-1, source=0x101 }
W/ViewRootImpl( 4682): Cancelling event due to no window focus: KeyEvent { action=ACTION_UP, keyCode=KEYCODE_DPAD_DOWN, scanCode=0, metaState=0, flags=0x28, repeatCount=0, eventTime=7342225, downTime=7342225, deviceId=-1, source=0x101 }
W/InputMethodManagerService(  527): Window already focused, ignoring focus gain of: com.android.internal.view.IInputMethodClient$Stub$Proxy@1cfa4e attribute=android.view.inputmethod.EditorInfo@6ee876f, token = android.os.BinderProxy@6d93095
W/InputManager(  527): Input event injection from pid 5251 failed.
W/InputManager(  527): Input event injection from pid 5251 failed.
W/InputManager(  527): Input event injection from pid 5251 failed.
W/InputManager(  527): Input event injection from pid 5251 failed.
W/InputManager(  527): Input event injection from pid 5251 failed.
W/InputManager(  527): Input event injection from pid 5251 failed.
W/InputManager(  527): Input event injection from pid 5251 failed.
W/InputManager(  527): Input event injection from pid 5251 failed.
W/InputManager(  527): Input event injection from pid 5251 failed.
W/InputManager(  527): Input event injection from pid 5251 failed.
I/ActivityManager(  527): Waited long enough for: ServiceRecord{2248d631 u0 com.android.music/.MediaPlaybackService}
D/Genyd   (  116): Received Set Clipboard
D/Genymotion(  116): Received Set Clipboard
W/BroadcastQueue(  527): Skipping deliver [background] BroadcastRecord{3df32cac u-1 android.net.conn.CONNECTIVITY_CHANGE} to ReceiverList{312e9d75 5429 (unknown name)/0/u-1 remote:e292fe}: process crashing
I/ActivityManager(  527): START u0 {act=android.intent.action.MAIN cat=[android.intent.category.LAUNCHER] flg=0x10200000 cmp=com.zzl.falcon.internal/com.zzl.falcon.EntranceActivity} from uid 0 on display 0
I/ActivityManager(  527): START u0 {cmp=com.zzl.falcon.internal/com.zzl.falcon.WebViewActivity (has extras)} from uid 10068 on display 0
V/WindowManager(  527): addAppToken: AppWindowToken{abc6798 token=Token{18bd0d7b ActivityRecord{2250e10a u0 com.zzl.falcon.internal/com.zzl.falcon.WebViewActivity t45}}} to stack=1 task=45 at 1
I/ActivityManager(  527): START u0 {cmp=com.zzl.falcon.internal/com.zzl.falcon.WebViewActivity (has extras)} from uid 10068 on display 0
V/WindowManager(  527): addAppToken: AppWindowToken{2f850657 token=Token{fa403d6 ActivityRecord{31589bf1 u0 com.zzl.falcon.internal/com.zzl.falcon.WebViewActivity t45}}} to stack=1 task=45 at 2
W/ViewRootImpl( 4682): Dropping event due to no window focus: KeyEvent { action=ACTION_DOWN, keyCode=KEYCODE_MINUS, scanCode=0, metaState=0, flags=0x0, repeatCount=0, eventTime=7548685, downTime=7548685, deviceId=-1, source=0x101 }
W/ViewRootImpl( 4682): Cancelling event due to no window focus: KeyEvent { action=ACTION_UP, keyCode=KEYCODE_MINUS, scanCode=0, metaState=0, flags=0x20, repeatCount=0, eventTime=7548685, downTime=7548685, deviceId=-1, source=0x101 }
W/ViewRootImpl( 4682): Cancelling event due to no window focus: KeyEvent { action=ACTION_UP, keyCode=KEYCODE_MINUS, scanCode=0, metaState=0, flags=0x20, repeatCount=0, eventTime=7548685, downTime=7548685, deviceId=-1, source=0x101 }
W/ViewRootImpl( 4682): Cancelling event due to no window focus: KeyEvent { action=ACTION_UP, keyCode=KEYCODE_MINUS, scanCode=0, metaState=0, flags=0x20, repeatCount=0, eventTime=7548685, downTime=7548685, deviceId=-1, source=0x101 }
W/ViewRootImpl( 4682): Cancelling event due to no window focus: KeyEvent { action=ACTION_UP, keyCode=KEYCODE_MINUS, scanCode=0, metaState=0, flags=0x20, repeatCount=0, eventTime=7548685, downTime=7548685, deviceId=-1, source=0x101 }
W/ViewRootImpl( 4682): Cancelling event due to no window focus: KeyEvent { action=ACTION_UP, keyCode=KEYCODE_MINUS, scanCode=0, metaState=0, flags=0x20, repeatCount=0, eventTime=7548685, downTime=7548685, deviceId=-1, source=0x101 }
W/ViewRootImpl( 4682): Cancelling event due to no window focus: KeyEvent { action=ACTION_UP, keyCode=KEYCODE_MINUS, scanCode=0, metaState=0, flags=0x20, repeatCount=0, eventTime=7548685, downTime=7548685, deviceId=-1, source=0x101 }
V/WindowManager(  527): Adding window Window{1c6ba0ba u0 com.zzl.falcon.internal/com.zzl.falcon.WebViewActivity} at 6 of 11 (after Window{5eda3b4 u0 com.zzl.falcon.internal/com.zzl.falcon.MainActivity})
W/ViewRootImpl( 4682): Dropping event due to no window focus: KeyEvent { action=ACTION_DOWN, keyCode=KEYCODE_TV_INPUT, scanCode=0, metaState=0, flags=0x8, repeatCount=0, eventTime=7548668, downTime=7548668, deviceId=-1, source=0x101 }
W/ViewRootImpl( 4682): Cancelling event due to no window focus: KeyEvent { action=ACTION_UP, keyCode=KEYCODE_TV_INPUT, scanCode=0, metaState=0, flags=0x28, repeatCount=0, eventTime=7548851, downTime=7548851, deviceId=-1, source=0x101 }
W/ViewRootImpl( 4682): Cancelling event due to no window focus: KeyEvent { action=ACTION_UP, keyCode=KEYCODE_TV_INPUT, scanCode=0, metaState=0, flags=0x28, repeatCount=0, eventTime=7548851, downTime=7548851, deviceId=-1, source=0x101 }
W/ViewRootImpl( 4682): Cancelling event due to no window focus: KeyEvent { action=ACTION_UP, keyCode=KEYCODE_TV_INPUT, scanCode=0, metaState=0, flags=0x28, repeatCount=0, eventTime=7548851, downTime=7548851, deviceId=-1, source=0x101 }
W/ViewRootImpl( 4682): Cancelling event due to no window focus: KeyEvent { action=ACTION_UP, keyCode=KEYCODE_TV_INPUT, scanCode=0, metaState=0, flags=0x28, repeatCount=0, eventTime=7548851, downTime=7548851, deviceId=-1, source=0x101 }
W/ViewRootImpl( 4682): Cancelling event due to no window focus: KeyEvent { action=ACTION_UP, keyCode=KEYCODE_TV_INPUT, scanCode=0, metaState=0, flags=0x28, repeatCount=0, eventTime=7548851, downTime=7548851, deviceId=-1, source=0x101 }
W/ViewRootImpl( 4682): Cancelling event due to no window focus: KeyEvent { action=ACTION_UP, keyCode=KEYCODE_TV_INPUT, scanCode=0, metaState=0, flags=0x28, repeatCount=0, eventTime=7548851, downTime=7548851, deviceId=-1, source=0x101 }
W/ViewRootImpl( 4682): Dropping event due to no window focus: KeyEvent { action=ACTION_DOWN, keyCode=KEYCODE_DPAD_CENTER, scanCode=0, metaState=0, flags=0x8, repeatCount=0, eventTime=7548924, downTime=7548924, deviceId=-1, source=0x101 }
W/ViewRootImpl( 4682): Cancelling event due to no window focus: KeyEvent { action=ACTION_UP, keyCode=KEYCODE_DPAD_CENTER, scanCode=0, metaState=0, flags=0x28, repeatCount=0, eventTime=7548926, downTime=7548926, deviceId=-1, source=0x101 }
W/ViewRootImpl( 4682): Cancelling event due to no window focus: KeyEvent { action=ACTION_UP, keyCode=KEYCODE_DPAD_CENTER, scanCode=0, metaState=0, flags=0x28, repeatCount=0, eventTime=7548926, downTime=7548926, deviceId=-1, source=0x101 }
W/ViewRootImpl( 4682): Cancelling event due to no window focus: KeyEvent { action=ACTION_UP, keyCode=KEYCODE_DPAD_CENTER, scanCode=0, metaState=0, flags=0x28, repeatCount=0, eventTime=7548926, downTime=7548926, deviceId=-1, source=0x101 }
W/ViewRootImpl( 4682): Cancelling event due to no window focus: KeyEvent { action=ACTION_UP, keyCode=KEYCODE_DPAD_CENTER, scanCode=0, metaState=0, flags=0x28, repeatCount=0, eventTime=7548926, downTime=7548926, deviceId=-1, source=0x101 }
W/ViewRootImpl( 4682): Cancelling event due to no window focus: KeyEvent { action=ACTION_UP, keyCode=KEYCODE_DPAD_CENTER, scanCode=0, metaState=0, flags=0x28, repeatCount=0, eventTime=7548926, downTime=7548926, deviceId=-1, source=0x101 }
W/ViewRootImpl( 4682): Cancelling event due to no window focus: KeyEvent { action=ACTION_UP, keyCode=KEYCODE_DPAD_CENTER, scanCode=0, metaState=0, flags=0x28, repeatCount=0, eventTime=7548926, downTime=7548926, deviceId=-1, source=0x101 }
W/ViewRootImpl( 4682): Dropping event due to no window focus: KeyEvent { action=ACTION_DOWN, keyCode=KEYCODE_MUHENKAN, scanCode=0, metaState=0, flags=0x8, repeatCount=0, eventTime=7548927, downTime=7548927, deviceId=-1, source=0x101 }
W/ViewRootImpl( 4682): Cancelling event due to no window focus: KeyEvent { action=ACTION_UP, keyCode=KEYCODE_MUHENKAN, scanCode=0, metaState=0, flags=0x28, repeatCount=0, eventTime=7548929, downTime=7548929, deviceId=-1, source=0x101 }
W/ViewRootImpl( 4682): Cancelling event due to no window focus: KeyEvent { action=ACTION_UP, keyCode=KEYCODE_MUHENKAN, scanCode=0, metaState=0, flags=0x28, repeatCount=0, eventTime=7548929, downTime=7548929, deviceId=-1, source=0x101 }
W/ViewRootImpl( 4682): Cancelling event due to no window focus: KeyEvent { action=ACTION_UP, keyCode=KEYCODE_MUHENKAN, scanCode=0, metaState=0, flags=0x28, repeatCount=0, eventTime=7548929, downTime=7548929, deviceId=-1, source=0x101 }
W/ViewRootImpl( 4682): Cancelling event due to no window focus: KeyEvent { action=ACTION_UP, keyCode=KEYCODE_MUHENKAN, scanCode=0, metaState=0, flags=0x28, repeatCount=0, eventTime=7548929, downTime=7548929, deviceId=-1, source=0x101 }
W/ViewRootImpl( 4682): Cancelling event due to no window focus: KeyEvent { action=ACTION_UP, keyCode=KEYCODE_MUHENKAN, scanCode=0, metaState=0, flags=0x28, repeatCount=0, eventTime=7548929, downTime=7548929, deviceId=-1, source=0x101 }
W/ViewRootImpl( 4682): Cancelling event due to no window focus: KeyEvent { action=ACTION_UP, keyCode=KEYCODE_MUHENKAN, scanCode=0, metaState=0, flags=0x28, repeatCount=0, eventTime=7548929, downTime=7548929, deviceId=-1, source=0x101 }
W/ViewRootImpl(  636): Dropping event due to no window focus: KeyEvent { action=ACTION_DOWN, keyCode=KEYCODE_DPAD_LEFT, scanCode=0, metaState=0, flags=0x8, repeatCount=0, eventTime=7549624, downTime=7549624, deviceId=-1, source=0x101 }
W/ViewRootImpl(  636): Cancelling event due to no window focus: KeyEvent { action=ACTION_UP, keyCode=KEYCODE_DPAD_LEFT, scanCode=0, metaState=0, flags=0x28, repeatCount=0, eventTime=7549635, downTime=7549635, deviceId=-1, source=0x101 }
W/ViewRootImpl(  636): Cancelling event due to no window focus: KeyEvent { action=ACTION_UP, keyCode=KEYCODE_DPAD_LEFT, scanCode=0, metaState=0, flags=0x28, repeatCount=0, eventTime=7549635, downTime=7549635, deviceId=-1, source=0x101 }
W/ViewRootImpl(  636): Cancelling event due to no window focus: KeyEvent { action=ACTION_UP, keyCode=KEYCODE_DPAD_LEFT, scanCode=0, metaState=0, flags=0x28, repeatCount=0, eventTime=7549635, downTime=7549635, deviceId=-1, source=0x101 }
W/ViewRootImpl(  636): Cancelling event due to no window focus: KeyEvent { action=ACTION_UP, keyCode=KEYCODE_DPAD_LEFT, scanCode=0, metaState=0, flags=0x28, repeatCount=0, eventTime=7549635, downTime=7549635, deviceId=-1, source=0x101 }
W/ViewRootImpl(  636): Cancelling event due to no window focus: KeyEvent { action=ACTION_UP, keyCode=KEYCODE_DPAD_LEFT, scanCode=0, metaState=0, flags=0x28, repeatCount=0, eventTime=7549635, downTime=7549635, deviceId=-1, source=0x101 }
W/ViewRootImpl(  636): Cancelling event due to no window focus: KeyEvent { action=ACTION_UP, keyCode=KEYCODE_DPAD_LEFT, scanCode=0, metaState=0, flags=0x28, repeatCount=0, eventTime=7549635, downTime=7549635, deviceId=-1, source=0x101 }
W/ViewRootImpl(  636): Cancelling event due to no window focus: KeyEvent { action=ACTION_UP, keyCode=KEYCODE_DPAD_LEFT, scanCode=0, metaState=0, flags=0x28, repeatCount=0, eventTime=7549635, downTime=7549635, deviceId=-1, source=0x101 }
W/ViewRootImpl(  636): Cancelling event due to no window focus: KeyEvent { action=ACTION_UP, keyCode=KEYCODE_DPAD_LEFT, scanCode=0, metaState=0, flags=0x28, repeatCount=0, eventTime=7549635, downTime=7549635, deviceId=-1, source=0x101 }
W/ViewRootImpl(  636): Cancelling event due to no window focus: KeyEvent { action=ACTION_UP, keyCode=KEYCODE_DPAD_LEFT, scanCode=0, metaState=0, flags=0x28, repeatCount=0, eventTime=7549635, downTime=7549635, deviceId=-1, source=0x101 }
W/ViewRootImpl( 4682): Dropping event due to no window focus: KeyEvent { action=ACTION_DOWN, keyCode=KEYCODE_DPAD_LEFT, scanCode=0, metaState=0, flags=0x400, repeatCount=0, eventTime=7550190, downTime=7550190, deviceId=-1, source=0x101 }
W/ViewRootImpl( 4682): Cancelling event due to no window focus: KeyEvent { action=ACTION_UP, keyCode=KEYCODE_DPAD_LEFT, scanCode=0, metaState=0, flags=0x420, repeatCount=0, eventTime=7550190, downTime=7550190, deviceId=-1, source=0x101 }
W/ViewRootImpl( 4682): Cancelling event due to no window focus: KeyEvent { action=ACTION_UP, keyCode=KEYCODE_DPAD_LEFT, scanCode=0, metaState=0, flags=0x420, repeatCount=0, eventTime=7550190, downTime=7550190, deviceId=-1, source=0x101 }
W/ViewRootImpl( 4682): Cancelling event due to no window focus: KeyEvent { action=ACTION_UP, keyCode=KEYCODE_DPAD_LEFT, scanCode=0, metaState=0, flags=0x420, repeatCount=0, eventTime=7550190, downTime=7550190, deviceId=-1, source=0x101 }
W/ViewRootImpl( 4682): Dropping event due to no window focus: KeyEvent { action=ACTION_DOWN, keyCode=KEYCODE_DPAD_LEFT, scanCode=0, metaState=0, flags=0x400, repeatCount=0, eventTime=7550190, downTime=7550190, deviceId=-1, source=0x101 }
W/ViewRootImpl( 4682): Cancelling event due to no window focus: KeyEvent { action=ACTION_UP, keyCode=KEYCODE_DPAD_LEFT, scanCode=0, metaState=0, flags=0x420, repeatCount=0, eventTime=7550190, downTime=7550190, deviceId=-1, source=0x101 }
W/ViewRootImpl( 4682): Cancelling event due to no window focus: KeyEvent { action=ACTION_UP, keyCode=KEYCODE_DPAD_LEFT, scanCode=0, metaState=0, flags=0x420, repeatCount=0, eventTime=7550190, downTime=7550190, deviceId=-1, source=0x101 }
W/ViewRootImpl( 4682): Cancelling event due to no window focus: KeyEvent { action=ACTION_UP, keyCode=KEYCODE_DPAD_LEFT, scanCode=0, metaState=0, flags=0x420, repeatCount=0, eventTime=7550190, downTime=7550190, deviceId=-1, source=0x101 }
I/ActivityManager(  527): START u0 {act=android.intent.action.MAIN cat=[android.intent.category.HOME] flg=0x10200000 cmp=com.android.launcher3/.Launcher} from uid 1000 on display 0
I/ActivityManager(  527): START u0 {act=android.intent.action.MAIN cat=[android.intent.category.HOME] flg=0x10200000 cmp=com.android.launcher3/.Launcher} from uid 1000 on display 0
W/ViewRootImpl( 4682): Cancelling event due to no window focus: KeyEvent { action=ACTION_UP, keyCode=KEYCODE_DPAD_LEFT, scanCode=0, metaState=0, flags=0x420, repeatCount=0, eventTime=7550190, downTime=7550190, deviceId=-1, source=0x101 }
W/ViewRootImpl( 4682): Cancelling event due to no window focus: KeyEvent { action=ACTION_UP, keyCode=KEYCODE_DPAD_LEFT, scanCode=0, metaState=0, flags=0x420, repeatCount=0, eventTime=7550190, downTime=7550190, deviceId=-1, source=0x101 }
W/ViewRootImpl( 4682): Cancelling event due to no window focus: KeyEvent { action=ACTION_UP, keyCode=KEYCODE_DPAD_LEFT, scanCode=0, metaState=0, flags=0x420, repeatCount=0, eventTime=7550190, downTime=7550190, deviceId=-1, source=0x101 }
W/ViewRootImpl( 4682): Cancelling event due to no window focus: KeyEvent { action=ACTION_UP, keyCode=KEYCODE_DPAD_LEFT, scanCode=0, metaState=0, flags=0x420, repeatCount=0, eventTime=7550190, downTime=7550190, deviceId=-1, source=0x101 }
W/ViewRootImpl( 4682): Cancelling event due to no window focus: KeyEvent { action=ACTION_UP, keyCode=KEYCODE_DPAD_LEFT, scanCode=0, metaState=0, flags=0x420, repeatCount=0, eventTime=7550190, downTime=7550190, deviceId=-1, source=0x101 }
W/ViewRootImpl( 4682): Cancelling event due to no window focus: KeyEvent { action=ACTION_UP, keyCode=KEYCODE_DPAD_LEFT, scanCode=0, metaState=0, flags=0x420, repeatCount=0, eventTime=7550190, downTime=7550190, deviceId=-1, source=0x101 }
W/ViewRootImpl( 4682): Dropping event due to no window focus: KeyEvent { action=ACTION_DOWN, keyCode=KEYCODE_Q, scanCode=0, metaState=0, flags=0x8, repeatCount=0, eventTime=7550573, downTime=7550573, deviceId=-1, source=0x101 }
W/ViewRootImpl( 4682): Cancelling event due to no window focus: KeyEvent { action=ACTION_UP, keyCode=KEYCODE_Q, scanCode=0, metaState=0, flags=0x28, repeatCount=0, eventTime=7550578, downTime=7550578, deviceId=-1, source=0x101 }
W/ViewRootImpl( 4682): Cancelling event due to no window focus: KeyEvent { action=ACTION_UP, keyCode=KEYCODE_Q, scanCode=0, metaState=0, flags=0x28, repeatCount=0, eventTime=7550578, downTime=7550578, deviceId=-1, source=0x101 }
W/ViewRootImpl( 4682): Cancelling event due to no window focus: KeyEvent { action=ACTION_UP, keyCode=KEYCODE_Q, scanCode=0, metaState=0, flags=0x28, repeatCount=0, eventTime=7550578, downTime=7550578, deviceId=-1, source=0x101 }
W/ViewRootImpl( 4682): Dropping event due to no window focus: KeyEvent { action=ACTION_DOWN, keyCode=KEYCODE_DPAD_UP, scanCode=0, metaState=0, flags=0x400, repeatCount=0, eventTime=7549506, downTime=7549506, deviceId=-1, source=0x101 }
W/ViewRootImpl( 4682): Cancelling event due to no window focus: KeyEvent { action=ACTION_UP, keyCode=KEYCODE_DPAD_UP, scanCode=0, metaState=0, flags=0x420, repeatCount=0, eventTime=7549506, downTime=7549506, deviceId=-1, source=0x101 }
W/ViewRootImpl( 4682): Dropping event due to no window focus: KeyEvent { action=ACTION_DOWN, keyCode=KEYCODE_DPAD_UP, scanCode=0, metaState=0, flags=0x400, repeatCount=0, eventTime=7549506, downTime=7549506, deviceId=-1, source=0x101 }
W/ViewRootImpl( 4682): Cancelling event due to no window focus: KeyEvent { action=ACTION_UP, keyCode=KEYCODE_DPAD_UP, scanCode=0, metaState=0, flags=0x420, repeatCount=0, eventTime=7549506, downTime=7549506, deviceId=-1, source=0x101 }
W/ViewRootImpl( 4682): Dropping event due to no window focus: KeyEvent { action=ACTION_DOWN, keyCode=KEYCODE_DPAD_UP, scanCode=0, metaState=0, flags=0x400, repeatCount=0, eventTime=7549506, downTime=7549506, deviceId=-1, source=0x101 }
W/ViewRootImpl( 4682): Cancelling event due to no window focus: KeyEvent { action=ACTION_UP, keyCode=KEYCODE_DPAD_UP, scanCode=0, metaState=0, flags=0x420, repeatCount=0, eventTime=7549506, downTime=7549506, deviceId=-1, source=0x101 }
W/ViewRootImpl( 4682): Dropping event due to no window focus: KeyEvent { action=ACTION_DOWN, keyCode=KEYCODE_DPAD_UP, scanCode=0, metaState=0, flags=0x400, repeatCount=0, eventTime=7549506, downTime=7549506, deviceId=-1, source=0x101 }
W/ViewRootImpl( 4682): Cancelling event due to no window focus: KeyEvent { action=ACTION_UP, keyCode=KEYCODE_DPAD_UP, scanCode=0, metaState=0, flags=0x420, repeatCount=0, eventTime=7549506, downTime=7549506, deviceId=-1, source=0x101 }
W/ViewRootImpl( 4682): Cancelling event due to no window focus: KeyEvent { action=ACTION_UP, keyCode=KEYCODE_DPAD_RIGHT, scanCode=0, metaState=0, flags=0x28, repeatCount=0, eventTime=7549507, downTime=7549507, deviceId=-1, source=0x101 }
W/InputMethodManagerService(  527): Window already focused, ignoring focus gain of: com.android.internal.view.IInputMethodClient$Stub$Proxy@2a8391f8 attribute=null, token = android.os.BinderProxy@11e2cde5
W/InputManager(  527): Input event injection from pid 5429 failed.
I/ActivityManager(  527): START u0 {act=android.intent.action.MAIN cat=[android.intent.category.LAUNCHER] flg=0x10200000 cmp=com.zzl.falcon.internal/com.zzl.falcon.EntranceActivity} from uid 0 on display 0
V/WindowManager(  527): Adding window Window{2f52a810 u0 SubPanel:com.zzl.falcon.internal/com.zzl.falcon.WebViewActivity} at 7 of 12 (after Window{1c6ba0ba u0 com.zzl.falcon.internal/com.zzl.falcon.WebViewActivity})
W/ViewRootImpl( 4682): Dropping event due to no window focus: KeyEvent { action=ACTION_DOWN, keyCode=KEYCODE_DPAD_CENTER, scanCode=0, metaState=0, flags=0x8, repeatCount=0, eventTime=7553469, downTime=7553469, deviceId=-1, source=0x101 }
W/ViewRootImpl( 4682): Cancelling event due to no window focus: KeyEvent { action=ACTION_UP, keyCode=KEYCODE_DPAD_CENTER, scanCode=0, metaState=0, flags=0x28, repeatCount=0, eventTime=7553629, downTime=7553629, deviceId=-1, source=0x101 }
W/ViewRootImpl( 4682): Cancelling event due to no window focus: KeyEvent { action=ACTION_UP, keyCode=KEYCODE_DPAD_CENTER, scanCode=0, metaState=0, flags=0x28, repeatCount=0, eventTime=7553629, downTime=7553629, deviceId=-1, source=0x101 }
W/ViewRootImpl( 4682): Cancelling event due to no window focus: KeyEvent { action=ACTION_UP, keyCode=KEYCODE_DPAD_CENTER, scanCode=0, metaState=0, flags=0x28, repeatCount=0, eventTime=7553629, downTime=7553629, deviceId=-1, source=0x101 }
W/ViewRootImpl( 4682): Cancelling event due to no window focus: KeyEvent { action=ACTION_UP, keyCode=KEYCODE_DPAD_CENTER, scanCode=0, metaState=0, flags=0x28, repeatCount=0, eventTime=7553629, downTime=7553629, deviceId=-1, source=0x101 }
W/ViewRootImpl( 4682): Cancelling event due to no window focus: KeyEvent { action=ACTION_UP, keyCode=KEYCODE_DPAD_CENTER, scanCode=0, metaState=0, flags=0x28, repeatCount=0, eventTime=7553629, downTime=7553629, deviceId=-1, source=0x101 }
W/ViewRootImpl( 4682): Cancelling event due to no window focus: KeyEvent { action=ACTION_UP, keyCode=KEYCODE_DPAD_CENTER, scanCode=0, metaState=0, flags=0x28, repeatCount=0, eventTime=7553629, downTime=7553629, deviceId=-1, source=0x101 }
W/ViewRootImpl( 4682): Cancelling event due to no window focus: KeyEvent { action=ACTION_UP, keyCode=KEYCODE_DPAD_CENTER, scanCode=0, metaState=0, flags=0x28, repeatCount=0, eventTime=7553629, downTime=7553629, deviceId=-1, source=0x101 }
W/ViewRootImpl( 4682): Cancelling event due to no window focus: KeyEvent { action=ACTION_UP, keyCode=KEYCODE_DPAD_CENTER, scanCode=0, metaState=0, flags=0x28, repeatCount=0, eventTime=7553629, downTime=7553629, deviceId=-1, source=0x101 }
W/ViewRootImpl( 4682): Cancelling event due to no window focus: KeyEvent { action=ACTION_UP, keyCode=KEYCODE_DPAD_CENTER, scanCode=0, metaState=0, flags=0x28, repeatCount=0, eventTime=7553629, downTime=7553629, deviceId=-1, source=0x101 }
W/ViewRootImpl( 4682): Dropping event due to no window focus: KeyEvent { action=ACTION_DOWN, keyCode=KEYCODE_DPAD_LEFT, scanCode=0, metaState=0, flags=0x8, repeatCount=0, eventTime=7553630, downTime=7553630, deviceId=-1, source=0x101 }
W/ViewRootImpl( 4682): Cancelling event due to no window focus: KeyEvent { action=ACTION_UP, keyCode=KEYCODE_DPAD_LEFT, scanCode=0, metaState=0, flags=0x28, repeatCount=0, eventTime=7553631, downTime=7553631, deviceId=-1, source=0x101 }
W/ViewRootImpl( 4682): Cancelling event due to no window focus: KeyEvent { action=ACTION_UP, keyCode=KEYCODE_DPAD_LEFT, scanCode=0, metaState=0, flags=0x28, repeatCount=0, eventTime=7553631, downTime=7553631, deviceId=-1, source=0x101 }
W/ViewRootImpl( 4682): Cancelling event due to no window focus: KeyEvent { action=ACTION_UP, keyCode=KEYCODE_DPAD_LEFT, scanCode=0, metaState=0, flags=0x28, repeatCount=0, eventTime=7553631, downTime=7553631, deviceId=-1, source=0x101 }
W/ViewRootImpl( 4682): Cancelling event due to no window focus: KeyEvent { action=ACTION_UP, keyCode=KEYCODE_DPAD_LEFT, scanCode=0, metaState=0, flags=0x28, repeatCount=0, eventTime=7553631, downTime=7553631, deviceId=-1, source=0x101 }
W/ViewRootImpl( 4682): Cancelling event due to no window focus: KeyEvent { action=ACTION_UP, keyCode=KEYCODE_DPAD_LEFT, scanCode=0, metaState=0, flags=0x28, repeatCount=0, eventTime=7553631, downTime=7553631, deviceId=-1, source=0x101 }
W/ViewRootImpl( 4682): Cancelling event due to no window focus: KeyEvent { action=ACTION_UP, keyCode=KEYCODE_DPAD_LEFT, scanCode=0, metaState=0, flags=0x28, repeatCount=0, eventTime=7553631, downTime=7553631, deviceId=-1, source=0x101 }
W/ViewRootImpl( 4682): Cancelling event due to no window focus: KeyEvent { action=ACTION_UP, keyCode=KEYCODE_DPAD_LEFT, scanCode=0, metaState=0, flags=0x28, repeatCount=0, eventTime=7553631, downTime=7553631, deviceId=-1, source=0x101 }
W/ViewRootImpl( 4682): Cancelling event due to no window focus: KeyEvent { action=ACTION_UP, keyCode=KEYCODE_DPAD_LEFT, scanCode=0, metaState=0, flags=0x28, repeatCount=0, eventTime=7553631, downTime=7553631, deviceId=-1, source=0x101 }
W/ViewRootImpl( 4682): Cancelling event due to no window focus: KeyEvent { action=ACTION_UP, keyCode=KEYCODE_DPAD_LEFT, scanCode=0, metaState=0, flags=0x28, repeatCount=0, eventTime=7553631, downTime=7553631, deviceId=-1, source=0x101 }
W/ViewRootImpl( 4682): Dropping event due to no window focus: KeyEvent { action=ACTION_DOWN, keyCode=KEYCODE_MENU, scanCode=0, metaState=0, flags=0x8, repeatCount=0, eventTime=7553639, downTime=7553639, deviceId=-1, source=0x101 }
W/ViewRootImpl( 4682): Cancelling event due to no window focus: KeyEvent { action=ACTION_UP, keyCode=KEYCODE_MENU, scanCode=0, metaState=0, flags=0x28, repeatCount=0, eventTime=7553639, downTime=7553639, deviceId=-1, source=0x101 }
W/ViewRootImpl( 4682): Cancelling event due to no window focus: KeyEvent { action=ACTION_UP, keyCode=KEYCODE_MENU, scanCode=0, metaState=0, flags=0x28, repeatCount=0, eventTime=7553639, downTime=7553639, deviceId=-1, source=0x101 }
W/ViewRootImpl( 4682): Cancelling event due to no window focus: KeyEvent { action=ACTION_UP, keyCode=KEYCODE_MENU, scanCode=0, metaState=0, flags=0x28, repeatCount=0, eventTime=7553639, downTime=7553639, deviceId=-1, source=0x101 }
W/ViewRootImpl( 4682): Cancelling event due to no window focus: KeyEvent { action=ACTION_UP, keyCode=KEYCODE_MENU, scanCode=0, metaState=0, flags=0x28, repeatCount=0, eventTime=7553639, downTime=7553639, deviceId=-1, source=0x101 }
W/ViewRootImpl( 4682): Cancelling event due to no window focus: KeyEvent { action=ACTION_UP, keyCode=KEYCODE_MENU, scanCode=0, metaState=0, flags=0x28, repeatCount=0, eventTime=7553639, downTime=7553639, deviceId=-1, source=0x101 }
W/ViewRootImpl( 4682): Cancelling event due to no window focus: KeyEvent { action=ACTION_UP, keyCode=KEYCODE_MENU, scanCode=0, metaState=0, flags=0x28, repeatCount=0, eventTime=7553639, downTime=7553639, deviceId=-1, source=0x101 }
W/ViewRootImpl( 4682): Dropping event due to no window focus: KeyEvent { action=ACTION_DOWN, keyCode=KEYCODE_DPAD_UP, scanCode=0, metaState=0, flags=0x8, repeatCount=0, eventTime=7553730, downTime=7553730, deviceId=-1, source=0x101 }
W/InputMethodManagerService(  527): Window already focused, ignoring focus gain of: com.android.internal.view.IInputMethodClient$Stub$Proxy@21c69f09 attribute=null, token = android.os.BinderProxy@11e2cde5
W/ViewRootImpl(  636): Dropping event due to no window focus: KeyEvent { action=ACTION_DOWN, keyCode=KEYCODE_MENU, scanCode=0, metaState=0, flags=0x8, repeatCount=0, eventTime=7556064, downTime=7556064, deviceId=-1, source=0x101 }
W/ViewRootImpl(  636): Cancelling event due to no window focus: KeyEvent { action=ACTION_UP, keyCode=KEYCODE_MENU, scanCode=0, metaState=0, flags=0x28, repeatCount=0, eventTime=7556127, downTime=7556127, deviceId=-1, source=0x101 }
W/ViewRootImpl(  636): Cancelling event due to no window focus: KeyEvent { action=ACTION_UP, keyCode=KEYCODE_MENU, scanCode=0, metaState=0, flags=0x28, repeatCount=0, eventTime=7556127, downTime=7556127, deviceId=-1, source=0x101 }
W/ViewRootImpl(  636): Cancelling event due to no window focus: KeyEvent { action=ACTION_UP, keyCode=KEYCODE_MENU, scanCode=0, metaState=0, flags=0x28, repeatCount=0, eventTime=7556127, downTime=7556127, deviceId=-1, source=0x101 }
W/ViewRootImpl(  636): Cancelling event due to no window focus: KeyEvent { action=ACTION_UP, keyCode=KEYCODE_MENU, scanCode=0, metaState=0, flags=0x28, repeatCount=0, eventTime=7556127, downTime=7556127, deviceId=-1, source=0x101 }
W/ViewRootImpl(  636): Cancelling event due to no window focus: KeyEvent { action=ACTION_UP, keyCode=KEYCODE_MENU, scanCode=0, metaState=0, flags=0x28, repeatCount=0, eventTime=7556127, downTime=7556127, deviceId=-1, source=0x101 }
W/ViewRootImpl(  636): Cancelling event due to no window focus: KeyEvent { action=ACTION_UP, keyCode=KEYCODE_MENU, scanCode=0, metaState=0, flags=0x28, repeatCount=0, eventTime=7556127, downTime=7556127, deviceId=-1, source=0x101 }
W/ViewRootImpl(  636): Cancelling event due to no window focus: KeyEvent { action=ACTION_UP, keyCode=KEYCODE_MENU, scanCode=0, metaState=0, flags=0x28, repeatCount=0, eventTime=7556127, downTime=7556127, deviceId=-1, source=0x101 }
W/ViewRootImpl(  636): Cancelling event due to no window focus: KeyEvent { action=ACTION_UP, keyCode=KEYCODE_MENU, scanCode=0, metaState=0, flags=0x28, repeatCount=0, eventTime=7556127, downTime=7556127, deviceId=-1, source=0x101 }
W/ViewRootImpl(  636): Cancelling event due to no window focus: KeyEvent { action=ACTION_UP, keyCode=KEYCODE_MENU, scanCode=0, metaState=0, flags=0x28, repeatCount=0, eventTime=7556127, downTime=7556127, deviceId=-1, source=0x101 }
W/ViewRootImpl( 4682): Dropping event due to no window focus: KeyEvent { action=ACTION_DOWN, keyCode=KEYCODE_DPAD_CENTER, scanCode=0, metaState=0, flags=0x8, repeatCount=0, eventTime=7556306, downTime=7556306, deviceId=-1, source=0x101 }
W/InputMethodManagerService(  527): Window already focused, ignoring focus gain of: com.android.internal.view.IInputMethodClient$Stub$Proxy@2ffca50e attribute=null, token = android.os.BinderProxy@11e2cde5
I/ActivityManager(  527): START u0 {act=android.intent.action.MAIN cat=[android.intent.category.LAUNCHER] flg=0x10000000 cmp=com.android.contacts/.activities.PeopleActivity sel=act=android.intent.action.MAIN cat=[android.intent.category.APP_CONTACTS]}} from uid 1000 on display 0
I/ActivityManager(  527): START u0 {act=android.intent.action.CALL_BUTTON flg=0x10000000 cmp=com.android.dialer/.DialtactsActivity} from uid 10068 on display 0
I/ActivityManager(  527): START u0 {act=android.intent.action.MAIN cat=[android.intent.category.LAUNCHER] flg=0x10200000 cmp=com.zzl.falcon.internal/com.zzl.falcon.EntranceActivity} from uid 0 on display 0
I/ActivityManager(  527): START u0 {act=android.intent.action.MAIN cat=[android.intent.category.LAUNCHER] flg=0x10000000 cmp=com.android.calendar/.AllInOneActivity sel=act=android.intent.action.MAIN cat=[android.intent.category.APP_CALENDAR]}} from uid 1000 on display 0
D/Genyd   (  116): Received Set Clipboard
D/Genymotion(  116): Received Set Clipboard
D/ConnectivityService(  527): setProvNotificationVisibleIntent: E visible=false networkType=0 extraInfo=null
D/Genyd   (  116): Received Set Clipboard
D/Genymotion(  116): Received Set Clipboard
D/Genyd   (  116): Received Set Clipboard
D/Genymotion(  116): Received Set Clipboard
D/Genyd   (  116): Received Set Clipboard
D/Genymotion(  116): Received Set Clipboard
D/Genyd   (  116): Received Set Clipboard
D/Genymotion(  116): Received Set Clipboard
D/Genyd   (  116): Received Set Clipboard
D/Genymotion(  116): Received Set Clipboard
D/Genyd   (  116): Received Set Clipboard
D/Genymotion(  116): Received Set Clipboard
D/Genyd   (  116): Received Set Clipboard
D/Genymotion(  116): Received Set Clipboard
D/Genyd   (  116): Received Set Clipboard
D/Genymotion(  116): Received Set Clipboard
D/Genyd   (  116): Received Set Clipboard
D/Genymotion(  116): Received Set Clipboard
I/UsageStatsService(  527): User[0] Flushing usage stats to disk
D/Genyd   (  116): Received Set Clipboard
D/Genymotion(  116): Received Set Clipboard
W/BroadcastQueue(  527): Skipping deliver [background] BroadcastRecord{189af604 u-1 android.net.conn.CONNECTIVITY_CHANGE} to ReceiverList{3c0827ed 5654 (unknown name)/0/u-1 remote:126c7696}: process crashing
I/ActivityManager(  527): START u0 {act=android.intent.action.MAIN cat=[android.intent.category.LAUNCHER] flg=0x10200000 cmp=com.zzl.falcon.internal/com.zzl.falcon.EntranceActivity} from uid 0 on display 0
I/ActivityManager(  527): START u0 {act=android.intent.action.MAIN cat=[android.intent.category.LAUNCHER] flg=0x10200000 cmp=com.zzl.falcon.internal/com.zzl.falcon.EntranceActivity} from uid 0 on display 0
I/ActivityManager(  527): START u0 {act=android.intent.action.MAIN cat=[android.intent.category.LAUNCHER] flg=0x10200000 cmp=com.zzl.falcon.internal/com.squareup.leakcanary.internal.DisplayLeakActivity} from uid 0 on display 0
W/InputManager(  527): Input event injection from pid 5654 failed.
W/InputManager(  527): Input event injection from pid 5654 failed.
W/InputManager(  527): Input event injection from pid 5654 failed.
W/InputManager(  527): Input event injection from pid 5654 failed.
W/ViewRootImpl( 4927): Dropping event due to no window focus: KeyEvent { action=ACTION_DOWN, keyCode=KEYCODE_DPAD_CENTER, scanCode=0, metaState=0, flags=0x8, repeatCount=0, eventTime=8138057, downTime=8138057, deviceId=-1, source=0x101 }
W/ViewRootImpl( 4927): Cancelling event due to no window focus: KeyEvent { action=ACTION_UP, keyCode=KEYCODE_DPAD_CENTER, scanCode=0, metaState=0, flags=0x28, repeatCount=0, eventTime=8138080, downTime=8138080, deviceId=-1, source=0x101 }
W/ViewRootImpl( 4927): Cancelling event due to no window focus: KeyEvent { action=ACTION_UP, keyCode=KEYCODE_DPAD_CENTER, scanCode=0, metaState=0, flags=0x28, repeatCount=0, eventTime=8138080, downTime=8138080, deviceId=-1, source=0x101 }
W/ViewRootImpl( 4927): Cancelling event due to no window focus: KeyEvent { action=ACTION_UP, keyCode=KEYCODE_DPAD_CENTER, scanCode=0, metaState=0, flags=0x28, repeatCount=0, eventTime=8138080, downTime=8138080, deviceId=-1, source=0x101 }
W/ViewRootImpl( 4927): Cancelling event due to no window focus: KeyEvent { action=ACTION_UP, keyCode=KEYCODE_DPAD_CENTER, scanCode=0, metaState=0, flags=0x28, repeatCount=0, eventTime=8138080, downTime=8138080, deviceId=-1, source=0x101 }
W/ViewRootImpl( 4927): Cancelling event due to no window focus: KeyEvent { action=ACTION_UP, keyCode=KEYCODE_DPAD_CENTER, scanCode=0, metaState=0, flags=0x28, repeatCount=0, eventTime=8138080, downTime=8138080, deviceId=-1, source=0x101 }
W/ViewRootImpl( 4927): Cancelling event due to no window focus: KeyEvent { action=ACTION_UP, keyCode=KEYCODE_DPAD_CENTER, scanCode=0, metaState=0, flags=0x28, repeatCount=0, eventTime=8138080, downTime=8138080, deviceId=-1, source=0x101 }
I/ActivityManager(  527): START u0 {act=android.intent.action.MAIN cat=[android.intent.category.LAUNCHER] flg=0x10200000 cmp=com.zzl.falcon.internal/com.squareup.leakcanary.internal.DisplayLeakActivity} from uid 0 on display 0
W/ViewRootImpl( 4927): Cancelling event due to no window focus: KeyEvent { action=ACTION_UP, keyCode=KEYCODE_DPAD_CENTER, scanCode=0, metaState=0, flags=0x28, repeatCount=0, eventTime=8138080, downTime=8138080, deviceId=-1, source=0x101 }
W/ViewRootImpl( 4927): Cancelling event due to no window focus: KeyEvent { action=ACTION_UP, keyCode=KEYCODE_DPAD_CENTER, scanCode=0, metaState=0, flags=0x28, repeatCount=0, eventTime=8138080, downTime=8138080, deviceId=-1, source=0x101 }
W/ViewRootImpl( 4927): Cancelling event due to no window focus: KeyEvent { action=ACTION_UP, keyCode=KEYCODE_DPAD_CENTER, scanCode=0, metaState=0, flags=0x28, repeatCount=0, eventTime=8138080, downTime=8138080, deviceId=-1, source=0x101 }
I/ActivityManager(  527): START u0 {act=android.intent.action.MAIN cat=[android.intent.category.LAUNCHER] flg=0x10200000 cmp=com.zzl.falcon.internal/com.squareup.leakcanary.internal.DisplayLeakActivity} from uid 0 on display 0
I/ActivityManager(  527): START u0 {act=android.intent.action.MAIN cat=[android.intent.category.LAUNCHER] flg=0x10200000 cmp=com.zzl.falcon.internal/com.squareup.leakcanary.internal.DisplayLeakActivity} from uid 0 on display 0
I/ActivityManager(  527): START u0 {act=android.intent.action.MAIN cat=[android.intent.category.LAUNCHER] flg=0x10200000 cmp=com.zzl.falcon.internal/com.zzl.falcon.EntranceActivity} from uid 0 on display 0
W/InputManager(  527): Input event injection from pid 5654 failed.
W/InputManager(  527): Input event injection from pid 5654 failed.
W/InputManager(  527): Input event injection from pid 5654 failed.
W/ViewRootImpl( 4927): Dropping event due to no window focus: KeyEvent { action=ACTION_DOWN, keyCode=KEYCODE_DPAD_RIGHT, scanCode=0, metaState=0, flags=0x400, repeatCount=0, eventTime=8139334, downTime=8139334, deviceId=-1, source=0x101 }
W/ViewRootImpl( 4927): Cancelling event due to no window focus: KeyEvent { action=ACTION_UP, keyCode=KEYCODE_DPAD_RIGHT, scanCode=0, metaState=0, flags=0x420, repeatCount=0, eventTime=8139334, downTime=8139334, deviceId=-1, source=0x101 }
W/ViewRootImpl( 4927): Cancelling event due to no window focus: KeyEvent { action=ACTION_UP, keyCode=KEYCODE_DPAD_RIGHT, scanCode=0, metaState=0, flags=0x420, repeatCount=0, eventTime=8139334, downTime=8139334, deviceId=-1, source=0x101 }
W/ViewRootImpl( 4927): Cancelling event due to no window focus: KeyEvent { action=ACTION_UP, keyCode=KEYCODE_DPAD_RIGHT, scanCode=0, metaState=0, flags=0x420, repeatCount=0, eventTime=8139334, downTime=8139334, deviceId=-1, source=0x101 }
W/ViewRootImpl( 4927): Dropping event due to no window focus: KeyEvent { action=ACTION_DOWN, keyCode=KEYCODE_DPAD_RIGHT, scanCode=0, metaState=0, flags=0x400, repeatCount=0, eventTime=8139334, downTime=8139334, deviceId=-1, source=0x101 }
W/ViewRootImpl( 4927): Cancelling event due to no window focus: KeyEvent { action=ACTION_UP, keyCode=KEYCODE_DPAD_RIGHT, scanCode=0, metaState=0, flags=0x420, repeatCount=0, eventTime=8139334, downTime=8139334, deviceId=-1, source=0x101 }
W/ViewRootImpl( 4927): Cancelling event due to no window focus: KeyEvent { action=ACTION_UP, keyCode=KEYCODE_DPAD_RIGHT, scanCode=0, metaState=0, flags=0x420, repeatCount=0, eventTime=8139334, downTime=8139334, deviceId=-1, source=0x101 }
W/ViewRootImpl( 4927): Cancelling event due to no window focus: KeyEvent { action=ACTION_UP, keyCode=KEYCODE_DPAD_RIGHT, scanCode=0, metaState=0, flags=0x420, repeatCount=0, eventTime=8139334, downTime=8139334, deviceId=-1, source=0x101 }
W/ViewRootImpl( 4927): Dropping event due to no window focus: KeyEvent { action=ACTION_DOWN, keyCode=KEYCODE_DPAD_RIGHT, scanCode=0, metaState=0, flags=0x400, repeatCount=0, eventTime=8139334, downTime=8139334, deviceId=-1, source=0x101 }
W/ViewRootImpl( 4927): Cancelling event due to no window focus: KeyEvent { action=ACTION_UP, keyCode=KEYCODE_DPAD_RIGHT, scanCode=0, metaState=0, flags=0x420, repeatCount=0, eventTime=8139334, downTime=8139334, deviceId=-1, source=0x101 }
W/ViewRootImpl( 4927): Cancelling event due to no window focus: KeyEvent { action=ACTION_UP, keyCode=KEYCODE_DPAD_RIGHT, scanCode=0, metaState=0, flags=0x420, repeatCount=0, eventTime=8139334, downTime=8139334, deviceId=-1, source=0x101 }
W/ViewRootImpl( 4927): Cancelling event due to no window focus: KeyEvent { action=ACTION_UP, keyCode=KEYCODE_DPAD_RIGHT, scanCode=0, metaState=0, flags=0x420, repeatCount=0, eventTime=8139334, downTime=8139334, deviceId=-1, source=0x101 }
W/ViewRootImpl( 4927): Cancelling event due to no window focus: KeyEvent { action=ACTION_UP, keyCode=KEYCODE_DPAD_RIGHT, scanCode=0, metaState=0, flags=0x420, repeatCount=0, eventTime=8139334, downTime=8139334, deviceId=-1, source=0x101 }
W/ViewRootImpl( 4927): Cancelling event due to no window focus: KeyEvent { action=ACTION_UP, keyCode=KEYCODE_DPAD_RIGHT, scanCode=0, metaState=0, flags=0x420, repeatCount=0, eventTime=8139334, downTime=8139334, deviceId=-1, source=0x101 }
W/ViewRootImpl( 4927): Cancelling event due to no window focus: KeyEvent { action=ACTION_UP, keyCode=KEYCODE_DPAD_RIGHT, scanCode=0, metaState=0, flags=0x420, repeatCount=0, eventTime=8139334, downTime=8139334, deviceId=-1, source=0x101 }
W/ViewRootImpl( 4927): Cancelling event due to no window focus: KeyEvent { action=ACTION_UP, keyCode=KEYCODE_DPAD_RIGHT, scanCode=0, metaState=0, flags=0x420, repeatCount=0, eventTime=8139334, downTime=8139334, deviceId=-1, source=0x101 }
