W/ViewRootImpl( 1257): Dropping event due to no window focus: KeyEvent { action=ACTION_DOWN, keyCode=KEYCODE_DPAD_LEFT, scanCode=0, metaState=0, flags=0x400, repeatCount=0, eventTime=62336282, downTime=62336282, deviceId=-1, source=0x101 }
W/ViewRootImpl( 1257): Cancelling event due to no window focus: KeyEvent { action=ACTION_UP, keyCode=KEYCODE_DPAD_LEFT, scanCode=0, metaState=0, flags=0x420, repeatCount=0, eventTime=62336282, downTime=62336282, deviceId=-1, source=0x101 }
W/ViewRootImpl( 1257): Cancelling event due to no window focus: KeyEvent { action=ACTION_UP, keyCode=KEYCODE_DPAD_LEFT, scanCode=0, metaState=0, flags=0x420, repeatCount=0, eventTime=62336282, downTime=62336282, deviceId=-1, source=0x101 }
W/ViewRootImpl( 1257): Cancelling event due to no window focus: KeyEvent { action=ACTION_UP, keyCode=KEYCODE_DPAD_LEFT, scanCode=0, metaState=0, flags=0x420, repeatCount=0, eventTime=62336282, downTime=62336282, deviceId=-1, source=0x101 }
W/ViewRootImpl( 1257): Dropping event due to no window focus: KeyEvent { action=ACTION_DOWN, keyCode=KEYCODE_DPAD_LEFT, scanCode=0, metaState=0, flags=0x400, repeatCount=0, eventTime=62336282, downTime=62336282, deviceId=-1, source=0x101 }
W/ViewRootImpl( 1257): Cancelling event due to no window focus: KeyEvent { action=ACTION_UP, keyCode=KEYCODE_DPAD_LEFT, scanCode=0, metaState=0, flags=0x420, repeatCount=0, eventTime=62336282, downTime=62336282, deviceId=-1, source=0x101 }
W/ViewRootImpl( 1257): Cancelling event due to no window focus: KeyEvent { action=ACTION_UP, keyCode=KEYCODE_DPAD_LEFT, scanCode=0, metaState=0, flags=0x420, repeatCount=0, eventTime=62336282, downTime=62336282, deviceId=-1, source=0x101 }
W/ViewRootImpl( 1257): Cancelling event due to no window focus: KeyEvent { action=ACTION_UP, keyCode=KEYCODE_DPAD_LEFT, scanCode=0, metaState=0, flags=0x420, repeatCount=0, eventTime=62336282, downTime=62336282, deviceId=-1, source=0x101 }
W/ViewRootImpl( 1257): Dropping event due to no window focus: KeyEvent { action=ACTION_DOWN, keyCode=KEYCODE_DPAD_UP, scanCode=0, metaState=0, flags=0x8, repeatCount=0, eventTime=62335877, downTime=62335877, deviceId=-1, source=0x101 }
W/InputMethodManagerService(  510): Window already focused, ignoring focus gain of: com.android.internal.view.IInputMethodClient$Stub$Proxy@8be6b54 attribute=null, token = android.os.BinderProxy@26838ee2
W/UnimplementedWebViewApi( 1257): Unimplemented WebView method onKeyMultiple called from: android.webkit.WebView.onKeyMultiple(WebView.java:2320)
W/UnimplementedWebViewApi( 1257): Unimplemented WebView method onKeyDown called from: android.webkit.WebView.onKeyDown(WebView.java:2310)
W/UnimplementedWebViewApi( 1257): Unimplemented WebView method onKeyMultiple called from: android.webkit.WebView.onKeyMultiple(WebView.java:2320)
W/UnimplementedWebViewApi( 1257): Unimplemented WebView method onKeyDown called from: android.webkit.WebView.onKeyDown(WebView.java:2310)
W/UnimplementedWebViewApi( 1257): Unimplemented WebView method onKeyMultiple called from: android.webkit.WebView.onKeyMultiple(WebView.java:2320)
W/UnimplementedWebViewApi( 1257): Unimplemented WebView method onKeyDown called from: android.webkit.WebView.onKeyDown(WebView.java:2310)
W/UnimplementedWebViewApi( 1257): Unimplemented WebView method onKeyDown called from: android.webkit.WebView.onKeyDown(WebView.java:2310)
I/ActivityManager(  510): START u0 {act=android.intent.action.CALL_BUTTON flg=0x10000000 cmp=com.android.dialer/.DialtactsActivity} from uid 10068 on display 0
W/UnimplementedWebViewApi( 1257): Unimplemented WebView method onKeyDown called from: android.webkit.WebView.onKeyDown(WebView.java:2310)
W/AudioTrack(  510): AUDIO_OUTPUT_FLAG_FAST denied by client
W/UnimplementedWebViewApi( 1257): Unimplemented WebView method onKeyDown called from: android.webkit.WebView.onKeyDown(WebView.java:2310)
W/UnimplementedWebViewApi( 1257): Unimplemented WebView method onKeyDown called from: android.webkit.WebView.onKeyDown(WebView.java:2310)
I/MediaFocusControl(  510):  AudioFocus  requestAudioFocus() from android.media.AudioManager@1c140a55com.android.music.MediaPlaybackService$3@226c7c6a req=1flags=0x0
D/WebView ( 1257): show url http://116.236.220.210:8084/mobileWeb/informain/netloanKnowledge?osType=Android
I/chromium( 1257): [INFO:CONSOLE(1)] "Uncaught ReferenceError: jump is not defined", source:  (1)
I/chromium( 1257): [INFO:CONSOLE(1)] "Uncaught ReferenceError: jump is not defined", source:  (1)
D/WebView ( 1257): show url http://116.236.220.210:8084/mobileWeb/informain/mobileKnowledgeDetail?osType=Android&channelNo=008&aboutId=9aae86c9ec37456c8e8c541a61ba0601
W/UnimplementedWebViewApi( 1257): Unimplemented WebView method onKeyDown called from: android.webkit.WebView.onKeyDown(WebView.java:2310)
W/AudioTrack(  510): AUDIO_OUTPUT_FLAG_FAST denied by client
W/UnimplementedWebViewApi( 1257): Unimplemented WebView method onKeyMultiple called from: android.webkit.WebView.onKeyMultiple(WebView.java:2320)
W/UnimplementedWebViewApi( 1257): Unimplemented WebView method onKeyDown called from: android.webkit.WebView.onKeyDown(WebView.java:2310)
I/ActivityManager(  510): START u0 {act=android.intent.action.MAIN cat=[android.intent.category.HOME] flg=0x10200000 cmp=com.android.launcher3/.Launcher} from uid 1000 on display 0
I/chromium( 1257): [INFO:CONSOLE(1)] "Uncaught ReferenceError: jump is not defined", source:  (1)
I/InputDispatcher(  510): Dropped event because of pending overdue app switch.
W/InputManager(  510): Input event injection from pid 6820 failed.
W/UnimplementedWebViewApi( 1257): Unimplemented WebView method onKeyDown called from: android.webkit.WebView.onKeyDown(WebView.java:2310)
W/AudioTrack(  510): AUDIO_OUTPUT_FLAG_FAST denied by client
W/UnimplementedWebViewApi( 1257): Unimplemented WebView method onKeyMultiple called from: android.webkit.WebView.onKeyMultiple(WebView.java:2320)
W/UnimplementedWebViewApi( 1257): Unimplemented WebView method onKeyDown called from: android.webkit.WebView.onKeyDown(WebView.java:2310)
W/UnimplementedWebViewApi( 1257): Unimplemented WebView method onKeyMultiple called from: android.webkit.WebView.onKeyMultiple(WebView.java:2320)
W/UnimplementedWebViewApi( 1257): Unimplemented WebView method onKeyDown called from: android.webkit.WebView.onKeyDown(WebView.java:2310)
W/UnimplementedWebViewApi( 1257): Unimplemented WebView method onKeyMultiple called from: android.webkit.WebView.onKeyMultiple(WebView.java:2320)
W/UnimplementedWebViewApi( 1257): Unimplemented WebView method onKeyDown called from: android.webkit.WebView.onKeyDown(WebView.java:2310)
W/UnimplementedWebViewApi( 1257): Unimplemented WebView method onKeyDown called from: android.webkit.WebView.onKeyDown(WebView.java:2310)
I/chromium( 1257): [INFO:CONSOLE(1)] "Uncaught ReferenceError: jump is not defined", source:  (1)
D/WebView ( 1257): show url http://116.236.220.210:8084/mobileWeb/informain/mobileKnowledgeDetail?osType=Android&channelNo=008&aboutId=07fd889df7014ddaabacbdd8a5f16387
D/WebView ( 1257): show url http://116.236.220.210:8084/mobileWeb/informain/mobileKnowledgeDetail?osType=Android&channelNo=008&aboutId=9aae86c9ec37456c8e8c541a61ba0601
I/chromium( 1257): [INFO:CONSOLE(1)] "Uncaught ReferenceError: jump is not defined", source:  (1)
W/AudioFlinger(  123): write blocked for 10024 msecs, 6 delayed writes, thread 0xf58ba000
I/chromium( 1257): [INFO:CONSOLE(1)] "Uncaught ReferenceError: jump is not defined", source:  (1)
I/ActivityManager(  510): START u0 {act=android.intent.action.MAIN cat=[android.intent.category.LAUNCHER] flg=0x10200000 cmp=com.zzl.falcon.internal/com.zzl.falcon.EntranceActivity} from uid 0 on display 0
D/PhoneStatusBar(  637): disable: < expand ICONS* alerts SYSTEM_INFO* back home recent clock search >
W/EGL_emulation(  637): eglSurfaceAttrib not implemented
W/OpenGLRenderer(  637): Failed to set EGL_SWAP_BEHAVIOR on surface 0xeed5e2e0, error=EGL_SUCCESS
W/ViewRootImpl(  637): Dropping event due to no window focus: KeyEvent { action=ACTION_DOWN, keyCode=KEYCODE_DPAD_UP, scanCode=0, metaState=0, flags=0x8, repeatCount=0, eventTime=62351559, downTime=62351559, deviceId=-1, source=0x101 }
W/ViewRootImpl(  637): Cancelling event due to no window focus: KeyEvent { action=ACTION_UP, keyCode=KEYCODE_DPAD_UP, scanCode=0, metaState=0, flags=0x28, repeatCount=0, eventTime=62351581, downTime=62351581, deviceId=-1, source=0x101 }
W/ViewRootImpl(  637): Cancelling event due to no window focus: KeyEvent { action=ACTION_UP, keyCode=KEYCODE_DPAD_UP, scanCode=0, metaState=0, flags=0x28, repeatCount=0, eventTime=62351581, downTime=62351581, deviceId=-1, source=0x101 }
W/ViewRootImpl(  637): Cancelling event due to no window focus: KeyEvent { action=ACTION_UP, keyCode=KEYCODE_DPAD_UP, scanCode=0, metaState=0, flags=0x28, repeatCount=0, eventTime=62351581, downTime=62351581, deviceId=-1, source=0x101 }
W/ViewRootImpl(  637): Cancelling event due to no window focus: KeyEvent { action=ACTION_UP, keyCode=KEYCODE_DPAD_UP, scanCode=0, metaState=0, flags=0x28, repeatCount=0, eventTime=62351581, downTime=62351581, deviceId=-1, source=0x101 }
W/ViewRootImpl(  637): Cancelling event due to no window focus: KeyEvent { action=ACTION_UP, keyCode=KEYCODE_DPAD_UP, scanCode=0, metaState=0, flags=0x28, repeatCount=0, eventTime=62351581, downTime=62351581, deviceId=-1, source=0x101 }
W/ViewRootImpl(  637): Cancelling event due to no window focus: KeyEvent { action=ACTION_UP, keyCode=KEYCODE_DPAD_UP, scanCode=0, metaState=0, flags=0x28, repeatCount=0, eventTime=62351581, downTime=62351581, deviceId=-1, source=0x101 }
W/ViewRootImpl(  637): Cancelling event due to no window focus: KeyEvent { action=ACTION_UP, keyCode=KEYCODE_DPAD_UP, scanCode=0, metaState=0, flags=0x28, repeatCount=0, eventTime=62351581, downTime=62351581, deviceId=-1, source=0x101 }
W/ViewRootImpl(  637): Cancelling event due to no window focus: KeyEvent { action=ACTION_UP, keyCode=KEYCODE_DPAD_UP, scanCode=0, metaState=0, flags=0x28, repeatCount=0, eventTime=62351581, downTime=62351581, deviceId=-1, source=0x101 }
W/ViewRootImpl(  637): Cancelling event due to no window focus: KeyEvent { action=ACTION_UP, keyCode=KEYCODE_DPAD_UP, scanCode=0, metaState=0, flags=0x28, repeatCount=0, eventTime=62351581, downTime=62351581, deviceId=-1, source=0x101 }
W/AudioTrack(  510): AUDIO_OUTPUT_FLAG_FAST denied by client
W/AudioTrack(  510): AUDIO_OUTPUT_FLAG_FAST denied by client
W/AudioTrack(  510): AUDIO_OUTPUT_FLAG_FAST denied by client
D/StatusBar(  637): Clicked on content of 0|com.zzl.falcon.internal|62137|null|10068
W/AudioTrack(  510): AUDIO_OUTPUT_FLAG_FAST denied by client
I/ActivityManager(  510): START u0 {flg=0x14000000 cmp=com.zzl.falcon.internal/com.squareup.leakcanary.internal.DisplayLeakActivity (has extras)} from uid 10068 on display 0
E/EGL_emulation(  504): tid 504: eglCreateSyncKHR(1209): error 0x3004 (EGL_BAD_ATTRIBUTE)
W/art     (  510): Long monitor contention event with owner method=android.graphics.Bitmap com.android.server.wm.WindowManagerService.screenshotApplications(android.os.IBinder, int, int, int, boolean) from WindowManagerService.java:6129 waiters=0 for 357ms
W/art     (  510): Long monitor contention event with owner method=android.graphics.Bitmap com.android.server.wm.WindowManagerService.screenshotApplications(android.os.IBinder, int, int, int, boolean) from WindowManagerService.java:6129 waiters=1 for 343ms
I/Choreographer( 1257): Skipped 46 frames!  The application may be doing too much work on its main thread.
W/ViewRootImpl( 1257): Dropping event due to no window focus: MotionEvent { action=ACTION_MOVE, id[0]=0, x[0]=1.0, y[0]=-1.0, toolType[0]=TOOL_TYPE_UNKNOWN, buttonState=0, metaState=0, flags=0x0, edgeFlags=0x0, pointerCount=1, historySize=19, eventTime=62351558, downTime=-1, deviceId=0, source=0x10004 }
W/ViewRootImpl( 1257): Cancelling event due to no window focus: KeyEvent { action=ACTION_UP, keyCode=KEYCODE_DPAD_RIGHT, scanCode=0, metaState=0, flags=0x28, repeatCount=0, eventTime=62351957, downTime=62351957, deviceId=-1, source=0x101 }
W/ViewRootImpl( 1257): Cancelling event due to no window focus: KeyEvent { action=ACTION_UP, keyCode=KEYCODE_DPAD_RIGHT, scanCode=0, metaState=0, flags=0x28, repeatCount=0, eventTime=62351957, downTime=62351957, deviceId=-1, source=0x101 }
W/ViewRootImpl( 1257): Cancelling event due to no window focus: KeyEvent { action=ACTION_UP, keyCode=KEYCODE_DPAD_RIGHT, scanCode=0, metaState=0, flags=0x28, repeatCount=0, eventTime=62351957, downTime=62351957, deviceId=-1, source=0x101 }
W/ViewRootImpl( 1257): Dropping event due to no window focus: KeyEvent { action=ACTION_DOWN, keyCode=KEYCODE_DPAD_UP, scanCode=0, metaState=0, flags=0x400, repeatCount=0, eventTime=62351540, downTime=62351540, deviceId=-1, source=0x101 }
W/ViewRootImpl( 1257): Cancelling event due to no window focus: KeyEvent { action=ACTION_UP, keyCode=KEYCODE_DPAD_UP, scanCode=0, metaState=0, flags=0x420, repeatCount=0, eventTime=62351540, downTime=62351540, deviceId=-1, source=0x101 }
W/ViewRootImpl( 1257): Dropping event due to no window focus: KeyEvent { action=ACTION_DOWN, keyCode=KEYCODE_DPAD_UP, scanCode=0, metaState=0, flags=0x400, repeatCount=0, eventTime=62351540, downTime=62351540, deviceId=-1, source=0x101 }
W/ViewRootImpl( 1257): Cancelling event due to no window focus: KeyEvent { action=ACTION_UP, keyCode=KEYCODE_DPAD_UP, scanCode=0, metaState=0, flags=0x420, repeatCount=0, eventTime=62351540, downTime=62351540, deviceId=-1, source=0x101 }
W/ViewRootImpl( 1257): Cancelling event due to no window focus: KeyEvent { action=ACTION_UP, keyCode=KEYCODE_DPAD_RIGHT, scanCode=0, metaState=0, flags=0x28, repeatCount=0, eventTime=62351957, downTime=62351957, deviceId=-1, source=0x101 }
W/ViewRootImpl( 1257): Cancelling event due to no window focus: KeyEvent { action=ACTION_UP, keyCode=KEYCODE_DPAD_RIGHT, scanCode=0, metaState=0, flags=0x28, repeatCount=0, eventTime=62351957, downTime=62351957, deviceId=-1, source=0x101 }
W/ViewRootImpl( 1257): Cancelling event due to no window focus: KeyEvent { action=ACTION_UP, keyCode=KEYCODE_DPAD_RIGHT, scanCode=0, metaState=0, flags=0x28, repeatCount=0, eventTime=62351957, downTime=62351957, deviceId=-1, source=0x101 }
W/ViewRootImpl( 1257): Dropping event due to no window focus: KeyEvent { action=ACTION_DOWN, keyCode=KEYCODE_DPAD_UP, scanCode=0, metaState=0, flags=0x400, repeatCount=0, eventTime=62351540, downTime=62351540, deviceId=-1, source=0x101 }
W/ViewRootImpl( 1257): Dropping event due to no window focus: KeyEvent { action=ACTION_DOWN, keyCode=KEYCODE_PAGE_UP, scanCode=0, metaState=0, flags=0x8, repeatCount=0, eventTime=62352332, downTime=62352332, deviceId=-1, source=0x101 }
W/ViewRootImpl( 1257): Cancelling event due to no window focus: KeyEvent { action=ACTION_UP, keyCode=KEYCODE_DPAD_UP, scanCode=0, metaState=0, flags=0x420, repeatCount=0, eventTime=62351540, downTime=62351540, deviceId=-1, source=0x101 }
W/ViewRootImpl( 1257): Dropping event due to no window focus: KeyEvent { action=ACTION_DOWN, keyCode=KEYCODE_DPAD_UP, scanCode=0, metaState=0, flags=0x400, repeatCount=0, eventTime=62351540, downTime=62351540, deviceId=-1, source=0x101 }
W/ViewRootImpl( 1257): Cancelling event due to no window focus: KeyEvent { action=ACTION_UP, keyCode=KEYCODE_DPAD_UP, scanCode=0, metaState=0, flags=0x420, repeatCount=0, eventTime=62351540, downTime=62351540, deviceId=-1, source=0x101 }
W/ViewRootImpl( 1257): Dropping event due to no window focus: KeyEvent { action=ACTION_DOWN, keyCode=KEYCODE_TV_MEDIA_CONTEXT_MENU, scanCode=0, metaState=0, flags=0x8, repeatCount=0, eventTime=62351155, downTime=62351155, deviceId=-1, source=0x101 }
W/InputMethodManagerService(  510): Window already focused, ignoring focus gain of: com.android.internal.view.IInputMethodClient$Stub$Proxy@20abd0ec attribute=null, token = android.os.BinderProxy@26838ee2
V/WindowManager(  510): addAppToken: AppWindowToken{31282ebb token=Token{235abf4a ActivityRecord{5580cb5 u0 com.zzl.falcon.internal/com.squareup.leakcanary.internal.DisplayLeakActivity t26}}} to stack=1 task=26 at 1
V/WindowManager(  510): Adding window Window{31c9bf31 u0 com.zzl.falcon.internal/com.squareup.leakcanary.internal.DisplayLeakActivity} at 4 of 9 (after Window{2058e273 u0 com.zzl.falcon.internal/com.zzl.falcon.WebViewActivity})
D/PhoneStatusBar(  637): disable: < expand icons* alerts system_info* back home recent clock search >
W/EGL_emulation( 5257): eglSurfaceAttrib not implemented
W/OpenGLRenderer( 5257): Failed to set EGL_SWAP_BEHAVIOR on surface 0xe14c15e0, error=EGL_SUCCESS
W/ViewRootImpl( 5257): Dropping event due to no window focus: KeyEvent { action=ACTION_DOWN, keyCode=KEYCODE_DPAD_CENTER, scanCode=0, metaState=0, flags=0x8, repeatCount=0, eventTime=62352337, downTime=62352337, deviceId=-1, source=0x101 }
W/ViewRootImpl( 5257): Cancelling event due to no window focus: KeyEvent { action=ACTION_UP, keyCode=KEYCODE_DPAD_CENTER, scanCode=0, metaState=0, flags=0x28, repeatCount=0, eventTime=62352873, downTime=62352873, deviceId=-1, source=0x101 }
W/ViewRootImpl( 5257): Cancelling event due to no window focus: KeyEvent { action=ACTION_UP, keyCode=KEYCODE_DPAD_CENTER, scanCode=0, metaState=0, flags=0x28, repeatCount=0, eventTime=62352873, downTime=62352873, deviceId=-1, source=0x101 }
W/ViewRootImpl( 5257): Cancelling event due to no window focus: KeyEvent { action=ACTION_UP, keyCode=KEYCODE_DPAD_CENTER, scanCode=0, metaState=0, flags=0x28, repeatCount=0, eventTime=62352873, downTime=62352873, deviceId=-1, source=0x101 }
W/ViewRootImpl( 5257): Cancelling event due to no window focus: KeyEvent { action=ACTION_UP, keyCode=KEYCODE_DPAD_CENTER, scanCode=0, metaState=0, flags=0x28, repeatCount=0, eventTime=62352873, downTime=62352873, deviceId=-1, source=0x101 }
W/ViewRootImpl( 5257): Cancelling event due to no window focus: KeyEvent { action=ACTION_UP, keyCode=KEYCODE_DPAD_CENTER, scanCode=0, metaState=0, flags=0x28, repeatCount=0, eventTime=62352873, downTime=62352873, deviceId=-1, source=0x101 }
W/ViewRootImpl( 5257): Cancelling event due to no window focus: KeyEvent { action=ACTION_UP, keyCode=KEYCODE_DPAD_CENTER, scanCode=0, metaState=0, flags=0x28, repeatCount=0, eventTime=62352873, downTime=62352873, deviceId=-1, source=0x101 }
W/ViewRootImpl( 5257): Cancelling event due to no window focus: KeyEvent { action=ACTION_UP, keyCode=KEYCODE_DPAD_CENTER, scanCode=0, metaState=0, flags=0x28, repeatCount=0, eventTime=62352873, downTime=62352873, deviceId=-1, source=0x101 }
W/ViewRootImpl( 5257): Cancelling event due to no window focus: KeyEvent { action=ACTION_UP, keyCode=KEYCODE_DPAD_CENTER, scanCode=0, metaState=0, flags=0x28, repeatCount=0, eventTime=62352873, downTime=62352873, deviceId=-1, source=0x101 }
W/ViewRootImpl( 5257): Cancelling event due to no window focus: KeyEvent { action=ACTION_UP, keyCode=KEYCODE_DPAD_CENTER, scanCode=0, metaState=0, flags=0x28, repeatCount=0, eventTime=62352873, downTime=62352873, deviceId=-1, source=0x101 }
W/EGL_emulation(  637): eglSurfaceAttrib not implemented
W/OpenGLRenderer(  637): Failed to set EGL_SWAP_BEHAVIOR on surface 0xeed5e2e0, error=EGL_SUCCESS
I/ActivityManager(  510): Displayed com.zzl.falcon.internal/com.squareup.leakcanary.internal.DisplayLeakActivity: +454ms
W/art     (  510): Long monitor contention event with owner method=int com.android.server.wm.WindowManagerService.relayoutWindow(com.android.server.wm.Session, android.view.IWindow, int, android.view.WindowManager$LayoutParams, int, int, int, int, android.graphics.Rect, android.graphics.Rect, android.graphics.Rect, android.graphics.Rect, android.graphics.Rect, android.content.res.Configuration, android.view.Surface) from WindowManagerService.java:3012 waiters=1 for 108ms
D/ForegroundCallbacks( 1257): went background
W/IInputConnectionWrapper( 1257): showStatusIcon on inactive InputConnection
I/Choreographer(  637): Skipped 38 frames!  The application may be doing too much work on its main thread.
W/AudioTrack(  510): AUDIO_OUTPUT_FLAG_FAST denied by client
W/AudioTrack(  510): AUDIO_OUTPUT_FLAG_FAST denied by client
W/ResourceType(  637): No package identifier when getting value for resource number 0x00000000
W/PackageManager(  637): Failure retrieving resources for com.zzl.falcon.internal: Resource ID #0x0
W/AudioTrack(  510): AUDIO_OUTPUT_FLAG_FAST denied by client
I/awcn.ComponentCallbacks2( 1257):  onTrimMemory level:20
I/awcn.SessionCenter( 1257): |[seq:[default]] [background]
I/awcn.StrategyCenter( 1257):  saveData
I/awcn.SessionCenter( 1257): |[seq:umeng:56aadbf567e58e38d4000976] [background]
I/awcn.StrategyCenter( 1257):  saveData
V/WindowManager(  510): Adding window Window{21f82369 u0 PopupWindow:37911c62} at 5 of 10 (after Window{31c9bf31 u0 com.zzl.falcon.internal/com.squareup.leakcanary.internal.DisplayLeakActivity})
W/ViewRootImpl( 5257): Cancelling event due to no window focus: KeyEvent { action=ACTION_UP, keyCode=KEYCODE_DPAD_RIGHT, scanCode=0, metaState=0, flags=0x28, repeatCount=0, eventTime=62354095, downTime=62354095, deviceId=-1, source=0x101 }
W/ViewRootImpl( 5257): Cancelling event due to no window focus: KeyEvent { action=ACTION_UP, keyCode=KEYCODE_DPAD_RIGHT, scanCode=0, metaState=0, flags=0x28, repeatCount=0, eventTime=62354095, downTime=62354095, deviceId=-1, source=0x101 }
W/ViewRootImpl( 5257): Cancelling event due to no window focus: KeyEvent { action=ACTION_UP, keyCode=KEYCODE_DPAD_RIGHT, scanCode=0, metaState=0, flags=0x28, repeatCount=0, eventTime=62354095, downTime=62354095, deviceId=-1, source=0x101 }
W/ViewRootImpl( 5257): Cancelling event due to no window focus: KeyEvent { action=ACTION_UP, keyCode=KEYCODE_DPAD_RIGHT, scanCode=0, metaState=0, flags=0x28, repeatCount=0, eventTime=62354095, downTime=62354095, deviceId=-1, source=0x101 }
W/ViewRootImpl( 5257): Cancelling event due to no window focus: KeyEvent { action=ACTION_UP, keyCode=KEYCODE_DPAD_RIGHT, scanCode=0, metaState=0, flags=0x28, repeatCount=0, eventTime=62354095, downTime=62354095, deviceId=-1, source=0x101 }
W/ViewRootImpl( 5257): Cancelling event due to no window focus: KeyEvent { action=ACTION_UP, keyCode=KEYCODE_DPAD_RIGHT, scanCode=0, metaState=0, flags=0x28, repeatCount=0, eventTime=62354095, downTime=62354095, deviceId=-1, source=0x101 }
W/ViewRootImpl( 5257): Cancelling event due to no window focus: KeyEvent { action=ACTION_UP, keyCode=KEYCODE_DPAD_RIGHT, scanCode=0, metaState=0, flags=0x28, repeatCount=0, eventTime=62354095, downTime=62354095, deviceId=-1, source=0x101 }
W/ViewRootImpl( 5257): Cancelling event due to no window focus: KeyEvent { action=ACTION_UP, keyCode=KEYCODE_DPAD_RIGHT, scanCode=0, metaState=0, flags=0x28, repeatCount=0, eventTime=62354095, downTime=62354095, deviceId=-1, source=0x101 }
W/ViewRootImpl( 5257): Cancelling event due to no window focus: KeyEvent { action=ACTION_UP, keyCode=KEYCODE_DPAD_RIGHT, scanCode=0, metaState=0, flags=0x28, repeatCount=0, eventTime=62354095, downTime=62354095, deviceId=-1, source=0x101 }
W/EGL_emulation( 5257): eglSurfaceAttrib not implemented
W/OpenGLRenderer( 5257): Failed to set EGL_SWAP_BEHAVIOR on surface 0xe14ed600, error=EGL_SUCCESS
W/ViewRootImpl( 5257): Dropping event due to no window focus: KeyEvent { action=ACTION_DOWN, keyCode=KEYCODE_MENU, scanCode=0, metaState=0, flags=0x8, repeatCount=0, eventTime=62354137, downTime=62354137, deviceId=-1, source=0x101 }
W/ViewRootImpl( 5257): Cancelling event due to no window focus: KeyEvent { action=ACTION_UP, keyCode=KEYCODE_MENU, scanCode=0, metaState=0, flags=0x28, repeatCount=0, eventTime=62354141, downTime=62354141, deviceId=-1, source=0x101 }
W/ViewRootImpl( 5257): Cancelling event due to no window focus: KeyEvent { action=ACTION_UP, keyCode=KEYCODE_MENU, scanCode=0, metaState=0, flags=0x28, repeatCount=0, eventTime=62354141, downTime=62354141, deviceId=-1, source=0x101 }
W/ViewRootImpl( 5257): Cancelling event due to no window focus: KeyEvent { action=ACTION_UP, keyCode=KEYCODE_MENU, scanCode=0, metaState=0, flags=0x28, repeatCount=0, eventTime=62354141, downTime=62354141, deviceId=-1, source=0x101 }
W/ViewRootImpl( 5257): Cancelling event due to no window focus: KeyEvent { action=ACTION_UP, keyCode=KEYCODE_MENU, scanCode=0, metaState=0, flags=0x28, repeatCount=0, eventTime=62354141, downTime=62354141, deviceId=-1, source=0x101 }
W/ViewRootImpl( 5257): Cancelling event due to no window focus: KeyEvent { action=ACTION_UP, keyCode=KEYCODE_MENU, scanCode=0, metaState=0, flags=0x28, repeatCount=0, eventTime=62354141, downTime=62354141, deviceId=-1, source=0x101 }
W/ViewRootImpl( 5257): Cancelling event due to no window focus: KeyEvent { action=ACTION_UP, keyCode=KEYCODE_MENU, scanCode=0, metaState=0, flags=0x28, repeatCount=0, eventTime=62354141, downTime=62354141, deviceId=-1, source=0x101 }
W/InputEventReceiver( 5257): Attempted to finish an input event but the input event receiver has already been disposed.
W/ViewRootImpl( 5257): Dropping event due to root view being removed: MotionEvent { action=ACTION_DOWN, id[0]=0, x[0]=80.0, y[0]=1104.0, toolType[0]=TOOL_TYPE_UNKNOWN, buttonState=0, metaState=0, flags=0x0, edgeFlags=0x0, pointerCount=1, historySize=0, eventTime=62354232, downTime=62354232, deviceId=0, source=0x1002 }
W/InputEventReceiver( 5257): Attempted to finish an input event but the input event receiver has already been disposed.
W/ViewRootImpl( 5257): Dropping event due to root view being removed: MotionEvent { action=ACTION_UP, id[0]=0, x[0]=74.45273, y[0]=1105.2762, toolType[0]=TOOL_TYPE_UNKNOWN, buttonState=0, metaState=0, flags=0x0, edgeFlags=0x0, pointerCount=1, historySize=0, eventTime=62354237, downTime=62354232, deviceId=0, source=0x1002 }
W/InputEventReceiver( 5257): Attempted to finish an input event but the input event receiver has already been disposed.
W/InputMethodManagerService(  510): Window already focused, ignoring focus gain of: com.android.internal.view.IInputMethodClient$Stub$Proxy@2fbb4d1c attribute=null, token = android.os.BinderProxy@bfb0fd8
W/AudioTrack(  510): AUDIO_OUTPUT_FLAG_FAST denied by client
W/AudioTrack(  510): AUDIO_OUTPUT_FLAG_FAST denied by client
W/AudioTrack(  510): AUDIO_OUTPUT_FLAG_FAST denied by client
W/AudioTrack(  510): AUDIO_OUTPUT_FLAG_FAST denied by client
W/AudioTrack(  510): AUDIO_OUTPUT_FLAG_FAST denied by client
W/AudioTrack(  510): AUDIO_OUTPUT_FLAG_FAST denied by client
V/WindowManager(  510): Adding window Window{17c98efa u0 PopupWindow:2adbea4f} at 5 of 10 (after Window{31c9bf31 u0 com.zzl.falcon.internal/com.squareup.leakcanary.internal.DisplayLeakActivity})
W/ViewRootImpl( 5257): Dropping event due to no window focus: KeyEvent { action=ACTION_DOWN, keyCode=KEYCODE_DPAD_RIGHT, scanCode=0, metaState=0, flags=0x8, repeatCount=0, eventTime=62354287, downTime=62354287, deviceId=-1, source=0x101 }
W/ViewRootImpl( 5257): Cancelling event due to no window focus: KeyEvent { action=ACTION_UP, keyCode=KEYCODE_DPAD_RIGHT, scanCode=0, metaState=0, flags=0x28, repeatCount=0, eventTime=62354319, downTime=62354319, deviceId=-1, source=0x101 }
W/ViewRootImpl( 5257): Cancelling event due to no window focus: KeyEvent { action=ACTION_UP, keyCode=KEYCODE_DPAD_RIGHT, scanCode=0, metaState=0, flags=0x28, repeatCount=0, eventTime=62354319, downTime=62354319, deviceId=-1, source=0x101 }
W/ViewRootImpl( 5257): Cancelling event due to no window focus: KeyEvent { action=ACTION_UP, keyCode=KEYCODE_DPAD_RIGHT, scanCode=0, metaState=0, flags=0x28, repeatCount=0, eventTime=62354319, downTime=62354319, deviceId=-1, source=0x101 }
W/ViewRootImpl( 5257): Cancelling event due to no window focus: KeyEvent { action=ACTION_UP, keyCode=KEYCODE_DPAD_RIGHT, scanCode=0, metaState=0, flags=0x28, repeatCount=0, eventTime=62354319, downTime=62354319, deviceId=-1, source=0x101 }
W/ViewRootImpl( 5257): Cancelling event due to no window focus: KeyEvent { action=ACTION_UP, keyCode=KEYCODE_DPAD_RIGHT, scanCode=0, metaState=0, flags=0x28, repeatCount=0, eventTime=62354319, downTime=62354319, deviceId=-1, source=0x101 }
W/ViewRootImpl( 5257): Cancelling event due to no window focus: KeyEvent { action=ACTION_UP, keyCode=KEYCODE_DPAD_RIGHT, scanCode=0, metaState=0, flags=0x28, repeatCount=0, eventTime=62354319, downTime=62354319, deviceId=-1, source=0x101 }
W/ViewRootImpl( 5257): Cancelling event due to no window focus: KeyEvent { action=ACTION_UP, keyCode=KEYCODE_DPAD_RIGHT, scanCode=0, metaState=0, flags=0x28, repeatCount=0, eventTime=62354319, downTime=62354319, deviceId=-1, source=0x101 }
W/ViewRootImpl( 5257): Cancelling event due to no window focus: KeyEvent { action=ACTION_UP, keyCode=KEYCODE_DPAD_RIGHT, scanCode=0, metaState=0, flags=0x28, repeatCount=0, eventTime=62354319, downTime=62354319, deviceId=-1, source=0x101 }
W/ViewRootImpl( 5257): Cancelling event due to no window focus: KeyEvent { action=ACTION_UP, keyCode=KEYCODE_DPAD_RIGHT, scanCode=0, metaState=0, flags=0x28, repeatCount=0, eventTime=62354319, downTime=62354319, deviceId=-1, source=0x101 }
I/ActivityManager(  510): Waited long enough for: ServiceRecord{14bf7afd u0 com.android.music/.MediaPlaybackService}
W/EGL_emulation( 5257): eglSurfaceAttrib not implemented
W/OpenGLRenderer( 5257): Failed to set EGL_SWAP_BEHAVIOR on surface 0xe14e38e0, error=EGL_SUCCESS
W/AudioTrack(  510): AUDIO_OUTPUT_FLAG_FAST denied by client
W/AudioTrack(  510): AUDIO_OUTPUT_FLAG_FAST denied by client
I/ActivityManager(  510): START u0 {act=android.intent.action.MAIN cat=[android.intent.category.LAUNCHER] flg=0x10200000 cmp=com.zzl.falcon.internal/com.zzl.falcon.EntranceActivity} from uid 0 on display 0
E/EGL_emulation(  504): tid 504: eglCreateSyncKHR(1209): error 0x3004 (EGL_BAD_ATTRIBUTE)
E/InputEventReceiver( 5257): Exception dispatching input event.
E/MessageQueue-JNI( 5257): Exception in MessageQueue callback: handleReceiveCallback
E/MessageQueue-JNI( 5257): java.lang.NullPointerException: Attempt to invoke virtual method 'void com.android.internal.view.menu.MenuBuilder.close()' on a null object reference
E/MessageQueue-JNI( 5257): 	at android.widget.ActionMenuPresenter$OverflowPopup.onDismiss(ActionMenuPresenter.java:689)
E/MessageQueue-JNI( 5257): 	at android.widget.PopupWindow.dismiss(PopupWindow.java:1413)
E/MessageQueue-JNI( 5257): 	at android.widget.PopupWindow$PopupViewContainer.onTouchEvent(PopupWindow.java:1741)
E/MessageQueue-JNI( 5257): 	at android.view.View.dispatchTouchEvent(View.java:8471)
E/MessageQueue-JNI( 5257): 	at android.view.ViewGroup.dispatchTransformedTouchEvent(ViewGroup.java:2399)
E/MessageQueue-JNI( 5257): 	at android.view.ViewGroup.dispatchTouchEvent(ViewGroup.java:2092)
E/MessageQueue-JNI( 5257): 	at android.widget.PopupWindow$PopupViewContainer.dispatchTouchEvent(PopupWindow.java:1731)
E/MessageQueue-JNI( 5257): 	at android.view.View.dispatchPointerEvent(View.java:8666)
E/MessageQueue-JNI( 5257): 	at android.view.ViewRootImpl$ViewPostImeInputStage.processPointerEvent(ViewRootImpl.java:4123)
E/MessageQueue-JNI( 5257): 	at android.view.ViewRootImpl$ViewPostImeInputStage.onProcess(ViewRootImpl.java:3989)
E/MessageQueue-JNI( 5257): 	at android.view.ViewRootImpl$InputStage.deliver(ViewRootImpl.java:3544)
E/MessageQueue-JNI( 5257): 	at android.view.ViewRootImpl$InputStage.onDeliverToNext(ViewRootImpl.java:3597)
E/MessageQueue-JNI( 5257): 	at android.view.ViewRootImpl$InputStage.forward(ViewRootImpl.java:3563)
E/MessageQueue-JNI( 5257): 	at android.view.ViewRootImpl$AsyncInputStage.forward(ViewRootImpl.java:3680)
E/MessageQueue-JNI( 5257): 	at android.view.ViewRootImpl$InputStage.apply(ViewRootImpl.java:3571)
E/MessageQueue-JNI( 5257): 	at android.view.ViewRootImpl$AsyncInputStage.apply(ViewRootImpl.java:3737)
E/MessageQueue-JNI( 5257): 	at android.view.ViewRootImpl$InputStage.deliver(ViewRootImpl.java:3544)
E/MessageQueue-JNI( 5257): 	at android.view.ViewRootImpl$InputStage.onDeliverToNext(ViewRootImpl.java:3597)
E/MessageQueue-JNI( 5257): 	at android.view.ViewRootImpl$InputStage.forward(ViewRootImpl.java:3563)
E/MessageQueue-JNI( 5257): 	at android.view.ViewRootImpl$InputStage.apply(ViewRootImpl.java:3571)
E/MessageQueue-JNI( 5257): 	at android.view.ViewRootImpl$InputStage.deliver(ViewRootImpl.java:3544)
E/MessageQueue-JNI( 5257): 	at android.view.ViewRootImpl.deliverInputEvent(ViewRootImpl.java:5807)
E/MessageQueue-JNI( 5257): 	at android.view.ViewRootImpl.doProcessInputEvents(ViewRootImpl.java:5781)
E/MessageQueue-JNI( 5257): 	at android.view.ViewRootImpl.enqueueInputEvent(ViewRootImpl.java:5752)
E/MessageQueue-JNI( 5257): 	at android.view.ViewRootImpl$WindowInputEventReceiver.onInputEvent(ViewRootImpl.java:5897)
E/MessageQueue-JNI( 5257): 	at android.view.InputEventReceiver.dispatchInputEvent(InputEventReceiver.java:185)
E/MessageQueue-JNI( 5257): 	at android.os.MessageQueue.nativePollOnce(Native Method)
E/MessageQueue-JNI( 5257): 	at android.os.MessageQueue.next(MessageQueue.java:143)
E/MessageQueue-JNI( 5257): 	at android.os.Looper.loop(Looper.java:122)
E/MessageQueue-JNI( 5257): 	at android.app.ActivityThread.main(ActivityThread.java:5254)
E/MessageQueue-JNI( 5257): 	at java.lang.reflect.Method.invoke(Native Method)
E/MessageQueue-JNI( 5257): 	at java.lang.reflect.Method.invoke(Method.java:372)
E/MessageQueue-JNI( 5257): 	at com.android.internal.os.ZygoteInit$MethodAndArgsCaller.run(ZygoteInit.java:903)
E/MessageQueue-JNI( 5257): 	at com.android.internal.os.ZygoteInit.main(ZygoteInit.java:698)
D/AndroidRuntime( 5257): Shutting down VM
--------- beginning of crash
E/AndroidRuntime( 5257): FATAL EXCEPTION: main
E/AndroidRuntime( 5257): Process: com.zzl.falcon.internal:leakcanary, PID: 5257
E/AndroidRuntime( 5257): java.lang.NullPointerException: Attempt to invoke virtual method 'void com.android.internal.view.menu.MenuBuilder.close()' on a null object reference
E/AndroidRuntime( 5257): 	at android.widget.ActionMenuPresenter$OverflowPopup.onDismiss(ActionMenuPresenter.java:689)
E/AndroidRuntime( 5257): 	at android.widget.PopupWindow.dismiss(PopupWindow.java:1413)
E/AndroidRuntime( 5257): 	at android.widget.PopupWindow$PopupViewContainer.onTouchEvent(PopupWindow.java:1741)
E/AndroidRuntime( 5257): 	at android.view.View.dispatchTouchEvent(View.java:8471)
E/AndroidRuntime( 5257): 	at android.view.ViewGroup.dispatchTransformedTouchEvent(ViewGroup.java:2399)
E/AndroidRuntime( 5257): 	at android.view.ViewGroup.dispatchTouchEvent(ViewGroup.java:2092)
E/AndroidRuntime( 5257): 	at android.widget.PopupWindow$PopupViewContainer.dispatchTouchEvent(PopupWindow.java:1731)
E/AndroidRuntime( 5257): 	at android.view.View.dispatchPointerEvent(View.java:8666)
E/AndroidRuntime( 5257): 	at android.view.ViewRootImpl$ViewPostImeInputStage.processPointerEvent(ViewRootImpl.java:4123)
E/AndroidRuntime( 5257): 	at android.view.ViewRootImpl$ViewPostImeInputStage.onProcess(ViewRootImpl.java:3989)
E/AndroidRuntime( 5257): 	at android.view.ViewRootImpl$InputStage.deliver(ViewRootImpl.java:3544)
E/AndroidRuntime( 5257): 	at android.view.ViewRootImpl$InputStage.onDeliverToNext(ViewRootImpl.java:3597)
E/AndroidRuntime( 5257): 	at android.view.ViewRootImpl$InputStage.forward(ViewRootImpl.java:3563)
E/AndroidRuntime( 5257): 	at android.view.ViewRootImpl$AsyncInputStage.forward(ViewRootImpl.java:3680)
E/AndroidRuntime( 5257): 	at android.view.ViewRootImpl$InputStage.apply(ViewRootImpl.java:3571)
E/AndroidRuntime( 5257): 	at android.view.ViewRootImpl$AsyncInputStage.apply(ViewRootImpl.java:3737)
E/AndroidRuntime( 5257): 	at android.view.ViewRootImpl$InputStage.deliver(ViewRootImpl.java:3544)
E/AndroidRuntime( 5257): 	at android.view.ViewRootImpl$InputStage.onDeliverToNext(ViewRootImpl.java:3597)
E/AndroidRuntime( 5257): 	at android.view.ViewRootImpl$InputStage.forward(ViewRootImpl.java:3563)
E/AndroidRuntime( 5257): 	at android.view.ViewRootImpl$InputStage.apply(ViewRootImpl.java:3571)
E/AndroidRuntime( 5257): 	at android.view.ViewRootImpl$InputStage.deliver(ViewRootImpl.java:3544)
E/AndroidRuntime( 5257): 	at android.view.ViewRootImpl.deliverInputEvent(ViewRootImpl.java:5807)
E/AndroidRuntime( 5257): 	at android.view.ViewRootImpl.doProcessInputEvents(ViewRootImpl.java:5781)
E/AndroidRuntime( 5257): 	at android.view.ViewRootImpl.enqueueInputEvent(ViewRootImpl.java:5752)
E/AndroidRuntime( 5257): 	at android.view.ViewRootImpl$WindowInputEventReceiver.onInputEvent(ViewRootImpl.java:5897)
E/AndroidRuntime( 5257): 	at android.view.InputEventReceiver.dispatchInputEvent(InputEventReceiver.java:185)
E/AndroidRuntime( 5257): 	at android.os.MessageQueue.nativePollOnce(Native Method)
E/AndroidRuntime( 5257): 	at android.os.MessageQueue.next(MessageQueue.java:143)
E/AndroidRuntime( 5257): 	at android.os.Looper.loop(Looper.java:122)
E/AndroidRuntime( 5257): 	at android.app.ActivityThread.main(ActivityThread.java:5254)
E/AndroidRuntime( 5257): 	at java.lang.reflect.Method.invoke(Native Method)
E/AndroidRuntime( 5257): 	at java.lang.reflect.Method.invoke(Method.java:372)
E/AndroidRuntime( 5257): 	at com.android.internal.os.ZygoteInit$MethodAndArgsCaller.run(ZygoteInit.java:903)
E/AndroidRuntime( 5257): 	at com.android.internal.os.ZygoteInit.main(ZygoteInit.java:698)
D/OpenGLRenderer(  510): Use EGL_SWAP_BEHAVIOR_PRESERVED: true
D/Atlas   (  510): Validating map...
W/ViewRootImpl(  510): Cancelling event due to no window focus: KeyEvent { action=ACTION_UP, keyCode=KEYCODE_DPAD_UP, scanCode=0, metaState=0, flags=0x28, repeatCount=0, eventTime=62354758, downTime=62354758, deviceId=-1, source=0x101 }
W/ViewRootImpl(  510): Cancelling event due to no window focus: KeyEvent { action=ACTION_UP, keyCode=KEYCODE_DPAD_UP, scanCode=0, metaState=0, flags=0x28, repeatCount=0, eventTime=62354758, downTime=62354758, deviceId=-1, source=0x101 }
W/ViewRootImpl(  510): Cancelling event due to no window focus: KeyEvent { action=ACTION_UP, keyCode=KEYCODE_DPAD_UP, scanCode=0, metaState=0, flags=0x28, repeatCount=0, eventTime=62354758, downTime=62354758, deviceId=-1, source=0x101 }
W/ViewRootImpl(  510): Cancelling event due to no window focus: KeyEvent { action=ACTION_UP, keyCode=KEYCODE_DPAD_UP, scanCode=0, metaState=0, flags=0x28, repeatCount=0, eventTime=62354758, downTime=62354758, deviceId=-1, source=0x101 }
W/ViewRootImpl(  510): Cancelling event due to no window focus: KeyEvent { action=ACTION_UP, keyCode=KEYCODE_DPAD_UP, scanCode=0, metaState=0, flags=0x28, repeatCount=0, eventTime=62354758, downTime=62354758, deviceId=-1, source=0x101 }
W/ViewRootImpl(  510): Cancelling event due to no window focus: KeyEvent { action=ACTION_UP, keyCode=KEYCODE_DPAD_UP, scanCode=0, metaState=0, flags=0x28, repeatCount=0, eventTime=62354758, downTime=62354758, deviceId=-1, source=0x101 }
W/art     (  510): Long monitor contention event with owner method=void com.android.server.wm.WindowAnimator$1.run() from WindowAnimator.java:124 waiters=2 for 135ms
I/OpenGLRenderer(  510): Initialized EGL, version 1.4
D/        (  510): HostConnection::get() New Host Connection established 0xe15c4590, tid 6977
I/art     ( 6820): System.exit called, status: 2094
I/AndroidRuntime( 6820): VM exiting with result code 2094.
D/OpenGLRenderer(  510): Enabling debug mode 0
W/EGL_emulation(  510): eglSurfaceAttrib not implemented
W/OpenGLRenderer(  510): Failed to set EGL_SWAP_BEHAVIOR on surface 0xded165e0, error=EGL_SUCCESS
W/ActivityManager(  510): Activity pause timeout for ActivityRecord{5580cb5 u0 com.zzl.falcon.internal/com.squareup.leakcanary.internal.DisplayLeakActivity t26}
D/ForegroundCallbacks( 1257): went foreground
I/awcn.SessionCenter( 1257): |[seq:[default]] [forground]
I/awcn.SessionCenter( 1257): |[seq:umeng:56aadbf567e58e38d4000976] [forground]
D/awcn.StrategyCenter( 1257):  getSchemeByHost host:umengacs.m.taobao.com scheme:https
D/awcn.SessionCenter( 1257): |[seq:umeng:56aadbf567e58e38d4000976] getInternal u:https://umengacs.m.taobao.com TypeClass:SPDY timeout:0
D/awcn.StrategyCenter( 1257):  getSchemeByHost host:umengacs.m.taobao.com scheme:https
D/awcn.SessionCenter( 1257): |[seq:umeng:56aadbf567e58e38d4000976] get internal hit cache session session:Session@[umeng:56aadbf567e58e38d4000976.AWCN3_1|http2_0rtt_acs]
W/EGL_emulation( 1257): eglSurfaceAttrib not implemented
W/OpenGLRenderer( 1257): Failed to set EGL_SWAP_BEHAVIOR on surface 0xf3f99dc0, error=EGL_SUCCESS
W/AudioFlinger(  123): write blocked for 10072 msecs, 7 delayed writes, thread 0xf58ba000
I/art     ( 1257): Explicit concurrent mark sweep GC freed 34528(1861KB) AllocSpace objects, 4(64KB) LOS objects, 39% free, 10MB/18MB, paused 756us total 15.954ms
I/art     ( 1257): Explicit concurrent mark sweep GC freed 425(23KB) AllocSpace objects, 0(0B) LOS objects, 40% free, 10MB/17MB, paused 532us total 13.446ms
I/art     ( 1257): Explicit concurrent mark sweep GC freed 3(96B) AllocSpace objects, 0(0B) LOS objects, 40% free, 10MB/17MB, paused 515us total 14.090ms
I/art     ( 1257): Explicit concurrent mark sweep GC freed 3(96B) AllocSpace objects, 0(0B) LOS objects, 40% free, 10MB/17MB, paused 532us total 12.729ms
I/art     ( 1257): Explicit concurrent mark sweep GC freed 3(96B) AllocSpace objects, 0(0B) LOS objects, 40% free, 10MB/17MB, paused 1.017ms total 15.272ms
I/art     ( 1257): Explicit concurrent mark sweep GC freed 1277(86KB) AllocSpace objects, 2(32KB) LOS objects, 40% free, 10MB/17MB, paused 289us total 15.567ms
I/art     ( 1257): Explicit concurrent mark sweep GC freed 39(1408B) AllocSpace objects, 0(0B) LOS objects, 40% free, 10MB/17MB, paused 533us total 13.990ms
I/art     ( 1257): Explicit concurrent mark sweep GC freed 3(96B) AllocSpace objects, 0(0B) LOS objects, 40% free, 10MB/17MB, paused 418us total 14.341ms
I/art     ( 1257): Explicit concurrent mark sweep GC freed 3(96B) AllocSpace objects, 0(0B) LOS objects, 40% free, 10MB/17MB, paused 537us total 13.949ms
I/art     ( 1257): Explicit concurrent mark sweep GC freed 3(96B) AllocSpace objects, 0(0B) LOS objects, 40% free, 10MB/17MB, paused 307us total 14.209ms
W/ActivityManager(  510): Activity stop timeout for ActivityRecord{5580cb5 u0 com.zzl.falcon.internal/com.squareup.leakcanary.internal.DisplayLeakActivity t26}
I/art     ( 1257): Explicit concurrent mark sweep GC freed 1278(86KB) AllocSpace objects, 2(32KB) LOS objects, 40% free, 10MB/17MB, paused 703us total 14.867ms
I/art     ( 1257): Explicit concurrent mark sweep GC freed 39(1408B) AllocSpace objects, 0(0B) LOS objects, 40% free, 10MB/17MB, paused 345us total 15.196ms
I/art     ( 1257): Explicit concurrent mark sweep GC freed 3(96B) AllocSpace objects, 0(0B) LOS objects, 40% free, 10MB/17MB, paused 1.295ms total 13.882ms
I/art     ( 1257): Explicit concurrent mark sweep GC freed 3(96B) AllocSpace objects, 0(0B) LOS objects, 40% free, 10MB/17MB, paused 549us total 13.248ms
I/art     ( 1257): Explicit concurrent mark sweep GC freed 3(96B) AllocSpace objects, 0(0B) LOS objects, 40% free, 10MB/17MB, paused 759us total 12.952ms
D/awcn.DefaultHeartbeatImpl( 1257): |[seq:umeng:56aadbf567e58e38d4000976.AWCN3_1] heartbeat session:Session@[umeng:56aadbf567e58e38d4000976.AWCN3_1|http2_0rtt_acs]
D/awcn.TnetSpdySession( 1257): |[seq:umeng:56aadbf567e58e38d4000976.AWCN3_1] ping host:https://umengacs.m.taobao.com thread:AWCN Scheduler1
D/awcn.TnetSpdySession( 1257): |[seq:umeng:56aadbf567e58e38d4000976.AWCN3_1] https://umengacs.m.taobao.com submit ping ms:45051 force:true
D/awcn.DefaultHeartbeatImpl( 1257): |[seq:umeng:56aadbf567e58e38d4000976.AWCN3_1] reSchedule session:Session@[umeng:56aadbf567e58e38d4000976.AWCN3_1|http2_0rtt_acs] delay:45051
I/awcn.TnetSpdySession( 1257): |[seq:umeng:56aadbf567e58e38d4000976.AWCN3_1] ping receive Host:https://umengacs.m.taobao.com id:5
I/art     ( 1257): Explicit concurrent mark sweep GC freed 1357(93KB) AllocSpace objects, 2(32KB) LOS objects, 40% free, 10MB/17MB, paused 843us total 17.326ms
I/art     ( 1257): Explicit concurrent mark sweep GC freed 39(1408B) AllocSpace objects, 0(0B) LOS objects, 40% free, 10MB/17MB, paused 470us total 13.597ms
I/art     ( 1257): Explicit concurrent mark sweep GC freed 3(96B) AllocSpace objects, 0(0B) LOS objects, 40% free, 10MB/17MB, paused 634us total 14.201ms
I/art     ( 1257): Explicit concurrent mark sweep GC freed 3(96B) AllocSpace objects, 0(0B) LOS objects, 40% free, 10MB/17MB, paused 887us total 14.628ms
I/art     ( 1257): Explicit concurrent mark sweep GC freed 3(96B) AllocSpace objects, 0(0B) LOS objects, 40% free, 10MB/17MB, paused 544us total 14.786ms
I/art     ( 1257): Explicit concurrent mark sweep GC freed 1682(102KB) AllocSpace objects, 2(32KB) LOS objects, 40% free, 10MB/17MB, paused 611us total 16.378ms
I/art     ( 1257): Explicit concurrent mark sweep GC freed 39(1408B) AllocSpace objects, 0(0B) LOS objects, 39% free, 10MB/17MB, paused 483us total 14.075ms
I/art     ( 1257): Explicit concurrent mark sweep GC freed 3(96B) AllocSpace objects, 0(0B) LOS objects, 39% free, 10MB/17MB, paused 650us total 15.444ms
I/art     ( 1257): Explicit concurrent mark sweep GC freed 3(96B) AllocSpace objects, 0(0B) LOS objects, 39% free, 10MB/17MB, paused 475us total 12.953ms
I/art     ( 1257): Explicit concurrent mark sweep GC freed 3(96B) AllocSpace objects, 0(0B) LOS objects, 39% free, 10MB/17MB, paused 655us total 14.232ms
I/art     ( 1257): Explicit concurrent mark sweep GC freed 1277(86KB) AllocSpace objects, 2(32KB) LOS objects, 40% free, 10MB/17MB, paused 672us total 15.120ms
I/art     ( 1257): Explicit concurrent mark sweep GC freed 39(1408B) AllocSpace objects, 0(0B) LOS objects, 40% free, 10MB/17MB, paused 493us total 15.320ms
I/art     ( 1257): Explicit concurrent mark sweep GC freed 3(96B) AllocSpace objects, 0(0B) LOS objects, 40% free, 10MB/17MB, paused 841us total 13.614ms
I/art     ( 1257): Explicit concurrent mark sweep GC freed 3(96B) AllocSpace objects, 0(0B) LOS objects, 40% free, 10MB/17MB, paused 510us total 13.484ms
I/art     ( 1257): Explicit concurrent mark sweep GC freed 3(96B) AllocSpace objects, 0(0B) LOS objects, 40% free, 10MB/17MB, paused 531us total 13.483ms
I/art     ( 1257): Explicit concurrent mark sweep GC freed 1278(87KB) AllocSpace objects, 2(32KB) LOS objects, 40% free, 10MB/17MB, paused 847us total 16.357ms
I/art     ( 1257): Explicit concurrent mark sweep GC freed 39(1408B) AllocSpace objects, 0(0B) LOS objects, 40% free, 10MB/17MB, paused 667us total 14.823ms
I/art     ( 1257): Explicit concurrent mark sweep GC freed 3(96B) AllocSpace objects, 0(0B) LOS objects, 40% free, 10MB/17MB, paused 970us total 16.035ms
I/art     ( 1257): Explicit concurrent mark sweep GC freed 3(96B) AllocSpace objects, 0(0B) LOS objects, 40% free, 10MB/17MB, paused 406us total 13.446ms
I/art     ( 1257): Explicit concurrent mark sweep GC freed 3(96B) AllocSpace objects, 0(0B) LOS objects, 40% free, 10MB/17MB, paused 675us total 13.089ms
I/art     ( 1257): Explicit concurrent mark sweep GC freed 1278(87KB) AllocSpace objects, 2(32KB) LOS objects, 39% free, 10MB/17MB, paused 493us total 14.590ms
I/art     ( 1257): Explicit concurrent mark sweep GC freed 39(1408B) AllocSpace objects, 0(0B) LOS objects, 40% free, 10MB/17MB, paused 1.486ms total 19.651ms
I/art     ( 1257): Explicit concurrent mark sweep GC freed 3(96B) AllocSpace objects, 0(0B) LOS objects, 40% free, 10MB/17MB, paused 648us total 16.174ms
I/art     ( 1257): Explicit concurrent mark sweep GC freed 3(96B) AllocSpace objects, 0(0B) LOS objects, 40% free, 10MB/17MB, paused 966us total 14.629ms
I/art     ( 1257): Explicit concurrent mark sweep GC freed 3(96B) AllocSpace objects, 0(0B) LOS objects, 40% free, 10MB/17MB, paused 496us total 13.425ms
I/art     ( 1257): Explicit concurrent mark sweep GC freed 1276(86KB) AllocSpace objects, 2(32KB) LOS objects, 40% free, 10MB/17MB, paused 914us total 19.212ms
I/art     ( 1257): Explicit concurrent mark sweep GC freed 39(1408B) AllocSpace objects, 0(0B) LOS objects, 40% free, 10MB/17MB, paused 526us total 16.413ms
I/art     ( 1257): Explicit concurrent mark sweep GC freed 3(96B) AllocSpace objects, 0(0B) LOS objects, 40% free, 10MB/17MB, paused 857us total 19.210ms
I/art     ( 1257): Explicit concurrent mark sweep GC freed 3(96B) AllocSpace objects, 0(0B) LOS objects, 40% free, 10MB/17MB, paused 611us total 17.002ms
I/art     ( 1257): Explicit concurrent mark sweep GC freed 3(96B) AllocSpace objects, 0(0B) LOS objects, 40% free, 10MB/17MB, paused 494us total 13.841ms
I/tnet-jni( 1235): 103 - [spdyPingRecvCallback] - 
I/tnet-jni( 1235): 103 - [SpdySessionCallBack.spdyPingRecvCallback] - org.android.spdy.SpdySession@c5a37ed
D/accs.SpdyConnection( 1235):  spdyPingRecvCallback uniId:594
D/accs.MessageHandler( 1235):  onRcvPing
D/accs.HeartbeatManager( 1235):  onHeartbeatSucc
D/accs.OrangeAdapter( 1235):  isSmartHb result:true
D/accs.HeartbeatManager( 1235):  set 480
I/MediaFocusControl(  510):  AudioFocus  abandonAudioFocus() from android.media.AudioManager@1c140a55com.android.music.MediaPlaybackService$3@226c7c6a
V/MusicFXControlPanelReceiver( 1783): onReceive
V/MusicFXControlPanelReceiver( 1783): Action: android.media.action.CLOSE_AUDIO_EFFECT_CONTROL_SESSION
V/MusicFXControlPanelReceiver( 1783): Package name: com.android.music
V/MusicFXControlPanelReceiver( 1783): Audio session: 328
V/MusicFXControlPanelEffect( 1783): closeSession(android.app.ReceiverRestrictedContext@23d1e1b0, com.android.music, 328)
I/art     ( 1257): Explicit concurrent mark sweep GC freed 1276(86KB) AllocSpace objects, 2(32KB) LOS objects, 40% free, 10MB/17MB, paused 866us total 17.717ms
I/art     ( 1257): Explicit concurrent mark sweep GC freed 39(1408B) AllocSpace objects, 0(0B) LOS objects, 40% free, 10MB/17MB, paused 733us total 15.648ms
I/art     ( 1257): Explicit concurrent mark sweep GC freed 3(96B) AllocSpace objects, 0(0B) LOS objects, 40% free, 10MB/17MB, paused 1.061ms total 18.640ms
