I/art     ( 1257): Explicit concurrent mark sweep GC freed 3(96B) AllocSpace objects, 0(0B) LOS objects, 40% free, 10MB/17MB, paused 633us total 12.470ms
I/art     ( 1257): Explicit concurrent mark sweep GC freed 3(96B) AllocSpace objects, 0(0B) LOS objects, 40% free, 10MB/17MB, paused 892us total 13.813ms
D/awcn.DefaultHeartbeatImpl( 1257): |[seq:umeng:56aadbf567e58e38d4000976.AWCN3_1] heartbeat session:Session@[umeng:56aadbf567e58e38d4000976.AWCN3_1|http2_0rtt_acs]
D/awcn.TnetSpdySession( 1257): |[seq:umeng:56aadbf567e58e38d4000976.AWCN3_1] ping host:https://umengacs.m.taobao.com thread:AWCN Scheduler1
D/awcn.TnetSpdySession( 1257): |[seq:umeng:56aadbf567e58e38d4000976.AWCN3_1] https://umengacs.m.taobao.com submit ping ms:45054 force:true
D/awcn.DefaultHeartbeatImpl( 1257): |[seq:umeng:56aadbf567e58e38d4000976.AWCN3_1] reSchedule session:Session@[umeng:56aadbf567e58e38d4000976.AWCN3_1|http2_0rtt_acs] delay:45054
I/awcn.TnetSpdySession( 1257): |[seq:umeng:56aadbf567e58e38d4000976.AWCN3_1] ping receive Host:https://umengacs.m.taobao.com id:17
I/art     ( 1257): Explicit concurrent mark sweep GC freed 1357(93KB) AllocSpace objects, 2(32KB) LOS objects, 39% free, 10MB/17MB, paused 703us total 17.140ms
I/art     ( 1257): Explicit concurrent mark sweep GC freed 39(1408B) AllocSpace objects, 0(0B) LOS objects, 39% free, 10MB/17MB, paused 528us total 15.793ms
I/art     ( 1257): Explicit concurrent mark sweep GC freed 3(96B) AllocSpace objects, 0(0B) LOS objects, 39% free, 10MB/17MB, paused 684us total 13.849ms
I/art     ( 1257): Explicit concurrent mark sweep GC freed 3(96B) AllocSpace objects, 0(0B) LOS objects, 39% free, 10MB/17MB, paused 451us total 14.054ms
I/art     ( 1257): Explicit concurrent mark sweep GC freed 3(96B) AllocSpace objects, 0(0B) LOS objects, 39% free, 10MB/17MB, paused 671us total 12.575ms
I/art     ( 1257): Explicit concurrent mark sweep GC freed 1276(86KB) AllocSpace objects, 2(32KB) LOS objects, 39% free, 10MB/17MB, paused 495us total 17.118ms
I/art     ( 1257): Explicit concurrent mark sweep GC freed 39(1408B) AllocSpace objects, 0(0B) LOS objects, 39% free, 10MB/17MB, paused 643us total 17.261ms
I/art     ( 1257): Explicit concurrent mark sweep GC freed 3(96B) AllocSpace objects, 0(0B) LOS objects, 39% free, 10MB/17MB, paused 638us total 12.451ms
I/art     ( 1257): Explicit concurrent mark sweep GC freed 3(96B) AllocSpace objects, 0(0B) LOS objects, 39% free, 10MB/17MB, paused 538us total 14.058ms
I/art     ( 1257): Explicit concurrent mark sweep GC freed 3(96B) AllocSpace objects, 0(0B) LOS objects, 39% free, 10MB/17MB, paused 547us total 13.241ms
I/art     ( 1257): Explicit concurrent mark sweep GC freed 1276(86KB) AllocSpace objects, 2(32KB) LOS objects, 40% free, 10MB/17MB, paused 752us total 16.729ms
I/art     ( 1257): Explicit concurrent mark sweep GC freed 39(1408B) AllocSpace objects, 0(0B) LOS objects, 39% free, 10MB/17MB, paused 598us total 13.891ms
I/art     ( 1257): Explicit concurrent mark sweep GC freed 3(96B) AllocSpace objects, 0(0B) LOS objects, 39% free, 10MB/17MB, paused 616us total 15.680ms
I/art     ( 1257): Explicit concurrent mark sweep GC freed 3(96B) AllocSpace objects, 0(0B) LOS objects, 39% free, 10MB/17MB, paused 782us total 13.325ms
I/art     ( 1257): Explicit concurrent mark sweep GC freed 3(96B) AllocSpace objects, 0(0B) LOS objects, 39% free, 10MB/17MB, paused 643us total 13.747ms
I/Process ( 5257): Sending signal. PID: 5257 SIG: 9
E/JavaBinder(  510): !!! FAILED BINDER TRANSACTION !!!
W/InputMethodManagerService(  510): Got RemoteException sending setActive(false) notification to pid 5257 uid 10068
E/JavaBinder(  510): !!! FAILED BINDER TRANSACTION !!!
W/InputDispatcher(  510): channel '31c9bf31 com.zzl.falcon.internal/com.squareup.leakcanary.internal.DisplayLeakActivity (server)' ~ Consumer closed input channel or an error occurred.  events=0xd
E/InputDispatcher(  510): channel '31c9bf31 com.zzl.falcon.internal/com.squareup.leakcanary.internal.DisplayLeakActivity (server)' ~ Channel is unrecoverably broken and will be disposed!
I/WindowState(  510): WIN DEATH: Window{31c9bf31 u0 com.zzl.falcon.internal/com.squareup.leakcanary.internal.DisplayLeakActivity}
W/InputDispatcher(  510): Attempted to unregister already unregistered input channel '31c9bf31 com.zzl.falcon.internal/com.squareup.leakcanary.internal.DisplayLeakActivity (server)'
W/libprocessgroup(  510): failed to open /acct/uid_10068/pid_5257/cgroup.procs: No such file or directory
I/ActivityManager(  510): Process com.zzl.falcon.internal:leakcanary (pid 5257) has died
W/ActivityManager(  510): Force removing ActivityRecord{5580cb5 u0 com.zzl.falcon.internal/com.squareup.leakcanary.internal.DisplayLeakActivity t26}: app died, no saved state
I/awcn.ComponentCallbacks2( 1235):  onTrimMemory level:5
I/awcn.ComponentCallbacks2( 1159):  onTrimMemory level:5
I/awcn.ComponentCallbacks2( 1331):  onTrimMemory level:5
I/awcn.ComponentCallbacks2( 1257):  onTrimMemory level:5
I/art     ( 1257): Explicit concurrent mark sweep GC freed 1288(87KB) AllocSpace objects, 2(32KB) LOS objects, 39% free, 10MB/17MB, paused 553us total 18.795ms
I/art     ( 1257): Explicit concurrent mark sweep GC freed 39(1408B) AllocSpace objects, 0(0B) LOS objects, 39% free, 10MB/17MB, paused 699us total 15.653ms
I/art     ( 1257): Explicit concurrent mark sweep GC freed 3(96B) AllocSpace objects, 0(0B) LOS objects, 39% free, 10MB/17MB, paused 610us total 14.658ms
I/art     ( 1257): Explicit concurrent mark sweep GC freed 3(96B) AllocSpace objects, 0(0B) LOS objects, 39% free, 10MB/17MB, paused 1.233ms total 13.832ms
I/art     ( 1257): Explicit concurrent mark sweep GC freed 3(96B) AllocSpace objects, 0(0B) LOS objects, 39% free, 10MB/17MB, paused 665us total 15.986ms
I/art     ( 1257): Explicit concurrent mark sweep GC freed 1276(86KB) AllocSpace objects, 2(32KB) LOS objects, 39% free, 10MB/17MB, paused 825us total 16.379ms
I/art     ( 1257): Explicit concurrent mark sweep GC freed 39(1408B) AllocSpace objects, 0(0B) LOS objects, 39% free, 10MB/17MB, paused 942us total 15.331ms
I/art     ( 1257): Explicit concurrent mark sweep GC freed 3(96B) AllocSpace objects, 0(0B) LOS objects, 39% free, 10MB/17MB, paused 440us total 14.059ms
I/art     ( 1257): Explicit concurrent mark sweep GC freed 3(96B) AllocSpace objects, 0(0B) LOS objects, 39% free, 10MB/17MB, paused 272us total 12.494ms
I/art     ( 1257): Explicit concurrent mark sweep GC freed 3(96B) AllocSpace objects, 0(0B) LOS objects, 39% free, 10MB/17MB, paused 298us total 12.765ms
I/art     ( 1257): Explicit concurrent mark sweep GC freed 1276(86KB) AllocSpace objects, 2(32KB) LOS objects, 40% free, 10MB/17MB, paused 1.576ms total 21.290ms
I/art     ( 1257): Explicit concurrent mark sweep GC freed 39(1408B) AllocSpace objects, 0(0B) LOS objects, 39% free, 10MB/17MB, paused 1.571ms total 20.833ms
I/art     ( 1257): Explicit concurrent mark sweep GC freed 3(96B) AllocSpace objects, 0(0B) LOS objects, 39% free, 10MB/17MB, paused 781us total 15.077ms
I/art     ( 1257): Explicit concurrent mark sweep GC freed 3(96B) AllocSpace objects, 0(0B) LOS objects, 39% free, 10MB/17MB, paused 524us total 13.807ms
I/art     ( 1257): Explicit concurrent mark sweep GC freed 3(96B) AllocSpace objects, 0(0B) LOS objects, 39% free, 10MB/17MB, paused 727us total 13.948ms
I/art     ( 1257): Explicit concurrent mark sweep GC freed 1276(86KB) AllocSpace objects, 2(32KB) LOS objects, 39% free, 10MB/17MB, paused 613us total 14.950ms
I/art     ( 1257): Explicit concurrent mark sweep GC freed 39(1408B) AllocSpace objects, 0(0B) LOS objects, 39% free, 10MB/17MB, paused 633us total 13.136ms
I/art     ( 1257): Explicit concurrent mark sweep GC freed 3(96B) AllocSpace objects, 0(0B) LOS objects, 39% free, 10MB/17MB, paused 1.016ms total 14.644ms
I/art     ( 1257): Explicit concurrent mark sweep GC freed 3(96B) AllocSpace objects, 0(0B) LOS objects, 39% free, 10MB/17MB, paused 651us total 14.650ms
I/art     ( 1257): Explicit concurrent mark sweep GC freed 3(96B) AllocSpace objects, 0(0B) LOS objects, 39% free, 10MB/17MB, paused 590us total 13.675ms
I/art     ( 1257): Explicit concurrent mark sweep GC freed 1288(87KB) AllocSpace objects, 2(32KB) LOS objects, 39% free, 10MB/17MB, paused 740us total 16.928ms
I/art     ( 1257): Explicit concurrent mark sweep GC freed 39(1408B) AllocSpace objects, 0(0B) LOS objects, 39% free, 10MB/17MB, paused 271us total 15.787ms
I/art     ( 1257): Explicit concurrent mark sweep GC freed 3(96B) AllocSpace objects, 0(0B) LOS objects, 39% free, 10MB/17MB, paused 238us total 13.480ms
I/art     ( 1257): Explicit concurrent mark sweep GC freed 3(96B) AllocSpace objects, 0(0B) LOS objects, 39% free, 10MB/17MB, paused 568us total 19.247ms
I/art     ( 1257): Explicit concurrent mark sweep GC freed 3(96B) AllocSpace objects, 0(0B) LOS objects, 39% free, 10MB/17MB, paused 407us total 18.888ms
D/awcn.DefaultHeartbeatImpl( 1257): |[seq:umeng:56aadbf567e58e38d4000976.AWCN3_1] heartbeat session:Session@[umeng:56aadbf567e58e38d4000976.AWCN3_1|http2_0rtt_acs]
D/awcn.TnetSpdySession( 1257): |[seq:umeng:56aadbf567e58e38d4000976.AWCN3_1] ping host:https://umengacs.m.taobao.com thread:AWCN Scheduler1
D/awcn.TnetSpdySession( 1257): |[seq:umeng:56aadbf567e58e38d4000976.AWCN3_1] https://umengacs.m.taobao.com submit ping ms:45053 force:true
D/awcn.DefaultHeartbeatImpl( 1257): |[seq:umeng:56aadbf567e58e38d4000976.AWCN3_1] reSchedule session:Session@[umeng:56aadbf567e58e38d4000976.AWCN3_1|http2_0rtt_acs] delay:45053
I/awcn.TnetSpdySession( 1257): |[seq:umeng:56aadbf567e58e38d4000976.AWCN3_1] ping receive Host:https://umengacs.m.taobao.com id:19
D/AndroidRuntime( 8300): >>>>>> START com.android.internal.os.RuntimeInit uid 0 <<<<<<
D/AndroidRuntime( 8300): CheckJNI is OFF
E/memtrack( 8300): Couldn't load memtrack module (No such file or directory)
E/android.os.Debug( 8300): failed to load memtrack module: -2
D/AndroidRuntime( 8300): Calling main entry com.android.commands.pm.Pm
I/art     ( 8300): System.exit called, status: 0
I/AndroidRuntime( 8300): VM exiting with result code 0.
D/awcn.DefaultHeartbeatImpl( 1257): |[seq:umeng:56aadbf567e58e38d4000976.AWCN3_1] heartbeat session:Session@[umeng:56aadbf567e58e38d4000976.AWCN3_1|http2_0rtt_acs]
D/awcn.TnetSpdySession( 1257): |[seq:umeng:56aadbf567e58e38d4000976.AWCN3_1] ping host:https://umengacs.m.taobao.com thread:AWCN Scheduler1
D/awcn.TnetSpdySession( 1257): |[seq:umeng:56aadbf567e58e38d4000976.AWCN3_1] https://umengacs.m.taobao.com submit ping ms:45053 force:true
D/awcn.DefaultHeartbeatImpl( 1257): |[seq:umeng:56aadbf567e58e38d4000976.AWCN3_1] reSchedule session:Session@[umeng:56aadbf567e58e38d4000976.AWCN3_1|http2_0rtt_acs] delay:45053
I/awcn.TnetSpdySession( 1257): |[seq:umeng:56aadbf567e58e38d4000976.AWCN3_1] ping receive Host:https://umengacs.m.taobao.com id:21
D/AndroidRuntime( 8328): >>>>>> START com.android.internal.os.RuntimeInit uid 0 <<<<<<
D/AndroidRuntime( 8328): CheckJNI is OFF
E/memtrack( 8328): Couldn't load memtrack module (No such file or directory)
E/android.os.Debug( 8328): failed to load memtrack module: -2
D/AndroidRuntime( 8328): Calling main entry com.android.commands.pm.Pm
I/art     ( 8328): System.exit called, status: 0
I/AndroidRuntime( 8328): VM exiting with result code 0.
D/AndroidRuntime( 8343): >>>>>> START com.android.internal.os.RuntimeInit uid 0 <<<<<<
D/AndroidRuntime( 8343): CheckJNI is OFF
E/memtrack( 8343): Couldn't load memtrack module (No such file or directory)
E/android.os.Debug( 8343): failed to load memtrack module: -2
D/AndroidRuntime( 8343): Calling main entry com.android.commands.wm.Wm
D/AndroidRuntime( 8343): Shutting down VM
D/AndroidRuntime( 8363): >>>>>> START com.android.internal.os.RuntimeInit uid 0 <<<<<<
D/AndroidRuntime( 8363): CheckJNI is OFF
E/memtrack( 8363): Couldn't load memtrack module (No such file or directory)
E/android.os.Debug( 8363): failed to load memtrack module: -2
D/AndroidRuntime( 8363): Calling main entry com.android.commands.monkey.Monkey
W/BroadcastQueue(  510): Skipping deliver [background] BroadcastRecord{21b0fa26 u-1 android.net.conn.CONNECTIVITY_CHANGE} to ReceiverList{23f64667 8363 (unknown name)/0/u-1 remote:cd5c168}: process crashing
I/ActivityManager(  510): START u0 {act=android.intent.action.MAIN cat=[android.intent.category.LAUNCHER] flg=0x10200000 cmp=com.zzl.falcon.internal/com.zzl.falcon.EntranceActivity} from uid 0 on display 0
W/UnimplementedWebViewApi( 1257): Unimplemented WebView method onKeyMultiple called from: android.webkit.WebView.onKeyMultiple(WebView.java:2320)
W/UnimplementedWebViewApi( 1257): Unimplemented WebView method onKeyDown called from: android.webkit.WebView.onKeyDown(WebView.java:2310)
W/UnimplementedWebViewApi( 1257): Unimplemented WebView method onKeyMultiple called from: android.webkit.WebView.onKeyMultiple(WebView.java:2320)
W/UnimplementedWebViewApi( 1257): Unimplemented WebView method onKeyDown called from: android.webkit.WebView.onKeyDown(WebView.java:2310)
W/UnimplementedWebViewApi( 1257): Unimplemented WebView method onKeyDown called from: android.webkit.WebView.onKeyDown(WebView.java:2310)
W/AudioTrack(  510): AUDIO_OUTPUT_FLAG_FAST denied by client
D/PhoneStatusBar(  637): disable: < expand ICONS* alerts SYSTEM_INFO* back home recent clock search >
W/EGL_emulation(  637): eglSurfaceAttrib not implemented
W/OpenGLRenderer(  637): Failed to set EGL_SWAP_BEHAVIOR on surface 0xeed5e2e0, error=EGL_SUCCESS
W/ViewRootImpl(  637): Dropping event due to no window focus: KeyEvent { action=ACTION_DOWN, keyCode=KEYCODE_0, scanCode=0, metaState=0, flags=0x8, repeatCount=0, eventTime=62740190, downTime=62740190, deviceId=-1, source=0x101 }
W/ViewRootImpl(  637): Cancelling event due to no window focus: KeyEvent { action=ACTION_UP, keyCode=KEYCODE_0, scanCode=0, metaState=0, flags=0x28, repeatCount=0, eventTime=62740244, downTime=62740244, deviceId=-1, source=0x101 }
W/ViewRootImpl(  637): Cancelling event due to no window focus: KeyEvent { action=ACTION_UP, keyCode=KEYCODE_0, scanCode=0, metaState=0, flags=0x28, repeatCount=0, eventTime=62740244, downTime=62740244, deviceId=-1, source=0x101 }
W/ViewRootImpl(  637): Cancelling event due to no window focus: KeyEvent { action=ACTION_UP, keyCode=KEYCODE_0, scanCode=0, metaState=0, flags=0x28, repeatCount=0, eventTime=62740244, downTime=62740244, deviceId=-1, source=0x101 }
W/ViewRootImpl(  637): Cancelling event due to no window focus: KeyEvent { action=ACTION_UP, keyCode=KEYCODE_0, scanCode=0, metaState=0, flags=0x28, repeatCount=0, eventTime=62740244, downTime=62740244, deviceId=-1, source=0x101 }
W/ViewRootImpl(  637): Cancelling event due to no window focus: KeyEvent { action=ACTION_UP, keyCode=KEYCODE_0, scanCode=0, metaState=0, flags=0x28, repeatCount=0, eventTime=62740244, downTime=62740244, deviceId=-1, source=0x101 }
W/ViewRootImpl(  637): Cancelling event due to no window focus: KeyEvent { action=ACTION_UP, keyCode=KEYCODE_0, scanCode=0, metaState=0, flags=0x28, repeatCount=0, eventTime=62740244, downTime=62740244, deviceId=-1, source=0x101 }
W/ViewRootImpl(  637): Cancelling event due to no window focus: KeyEvent { action=ACTION_UP, keyCode=KEYCODE_0, scanCode=0, metaState=0, flags=0x28, repeatCount=0, eventTime=62740244, downTime=62740244, deviceId=-1, source=0x101 }
W/ViewRootImpl(  637): Cancelling event due to no window focus: KeyEvent { action=ACTION_UP, keyCode=KEYCODE_0, scanCode=0, metaState=0, flags=0x28, repeatCount=0, eventTime=62740244, downTime=62740244, deviceId=-1, source=0x101 }
W/ViewRootImpl(  637): Cancelling event due to no window focus: KeyEvent { action=ACTION_UP, keyCode=KEYCODE_0, scanCode=0, metaState=0, flags=0x28, repeatCount=0, eventTime=62740244, downTime=62740244, deviceId=-1, source=0x101 }
I/ActivityManager(  510): START u0 {act=android.intent.action.MAIN cat=[android.intent.category.LAUNCHER] flg=0x10200000 cmp=com.zzl.falcon.internal/com.zzl.falcon.EntranceActivity} from uid 0 on display 0
I/ActivityManager(  510): START u0 {act=android.intent.action.MAIN cat=[android.intent.category.LAUNCHER] flg=0x10200000 cmp=com.zzl.falcon.internal/com.squareup.leakcanary.internal.DisplayLeakActivity} from uid 0 on display 0
V/WindowManager(  510): addAppToken: AppWindowToken{102292b2 token=Token{1566ecbd ActivityRecord{33f98c14 u0 com.zzl.falcon.internal/com.squareup.leakcanary.internal.DisplayLeakActivity t27}}} to stack=1 task=27 at 0
E/EGL_emulation(  504): tid 504: eglCreateSyncKHR(1209): error 0x3004 (EGL_BAD_ATTRIBUTE)
V/WindowManager(  510): Adding window Window{36079757 u0 Starting com.zzl.falcon.internal} at 4 of 9 (after Window{2058e273 u0 com.zzl.falcon.internal/com.zzl.falcon.WebViewActivity})
E/libprocessgroup( 8379): failed to make and chown /acct/uid_10068: Read-only file system
W/Zygote  ( 8379): createProcessGroup failed, kernel missing CONFIG_CGROUP_CPUACCT?
I/ActivityManager(  510): Start proc 8379:com.zzl.falcon.internal:leakcanary/u0a68 for activity com.zzl.falcon.internal/com.squareup.leakcanary.internal.DisplayLeakActivity
I/art     ( 8379): Late-enabling -Xcheck:jni
W/ViewRootImpl( 1257): Dropping event due to no window focus: KeyEvent { action=ACTION_MULTIPLE, keyCode=KEYCODE_DPAD_LEFT, scanCode=0, metaState=0, flags=0x400, repeatCount=2, eventTime=62740625, downTime=62740625, deviceId=-1, source=0x101 }
W/ViewRootImpl( 1257): Dropping event due to no window focus: KeyEvent { action=ACTION_DOWN, keyCode=KEYCODE_DPAD_LEFT, scanCode=0, metaState=0, flags=0x400, repeatCount=0, eventTime=62740625, downTime=62740625, deviceId=-1, source=0x101 }
W/ViewRootImpl( 1257): Cancelling event due to no window focus: KeyEvent { action=ACTION_UP, keyCode=KEYCODE_DPAD_LEFT, scanCode=0, metaState=0, flags=0x420, repeatCount=0, eventTime=62740625, downTime=62740625, deviceId=-1, source=0x101 }
W/ViewRootImpl( 1257): Cancelling event due to no window focus: KeyEvent { action=ACTION_UP, keyCode=KEYCODE_DPAD_LEFT, scanCode=0, metaState=0, flags=0x420, repeatCount=0, eventTime=62740625, downTime=62740625, deviceId=-1, source=0x101 }
W/ViewRootImpl( 1257): Cancelling event due to no window focus: KeyEvent { action=ACTION_UP, keyCode=KEYCODE_DPAD_LEFT, scanCode=0, metaState=0, flags=0x420, repeatCount=0, eventTime=62740625, downTime=62740625, deviceId=-1, source=0x101 }
W/ViewRootImpl( 1257): Dropping event due to no window focus: KeyEvent { action=ACTION_DOWN, keyCode=KEYCODE_DPAD_LEFT, scanCode=0, metaState=0, flags=0x400, repeatCount=0, eventTime=62740625, downTime=62740625, deviceId=-1, source=0x101 }
W/ViewRootImpl( 1257): Cancelling event due to no window focus: KeyEvent { action=ACTION_UP, keyCode=KEYCODE_DPAD_LEFT, scanCode=0, metaState=0, flags=0x420, repeatCount=0, eventTime=62740625, downTime=62740625, deviceId=-1, source=0x101 }
W/ViewRootImpl( 1257): Cancelling event due to no window focus: KeyEvent { action=ACTION_UP, keyCode=KEYCODE_DPAD_LEFT, scanCode=0, metaState=0, flags=0x420, repeatCount=0, eventTime=62740625, downTime=62740625, deviceId=-1, source=0x101 }
W/ViewRootImpl( 1257): Cancelling event due to no window focus: KeyEvent { action=ACTION_UP, keyCode=KEYCODE_DPAD_LEFT, scanCode=0, metaState=0, flags=0x420, repeatCount=0, eventTime=62740625, downTime=62740625, deviceId=-1, source=0x101 }
W/ViewRootImpl( 1257): Dropping event due to no window focus: KeyEvent { action=ACTION_DOWN, keyCode=KEYCODE_DPAD_LEFT, scanCode=0, metaState=0, flags=0x400, repeatCount=0, eventTime=62740625, downTime=62740625, deviceId=-1, source=0x101 }
W/ViewRootImpl( 1257): Cancelling event due to no window focus: KeyEvent { action=ACTION_UP, keyCode=KEYCODE_DPAD_LEFT, scanCode=0, metaState=0, flags=0x420, repeatCount=0, eventTime=62740625, downTime=62740625, deviceId=-1, source=0x101 }
W/ViewRootImpl( 1257): Cancelling event due to no window focus: KeyEvent { action=ACTION_UP, keyCode=KEYCODE_DPAD_LEFT, scanCode=0, metaState=0, flags=0x420, repeatCount=0, eventTime=62740625, downTime=62740625, deviceId=-1, source=0x101 }
W/ViewRootImpl( 1257): Cancelling event due to no window focus: KeyEvent { action=ACTION_UP, keyCode=KEYCODE_DPAD_LEFT, scanCode=0, metaState=0, flags=0x420, repeatCount=0, eventTime=62740625, downTime=62740625, deviceId=-1, source=0x101 }
W/ViewRootImpl( 1257): Dropping event due to no window focus: KeyEvent { action=ACTION_DOWN, keyCode=KEYCODE_DPAD_LEFT, scanCode=0, metaState=0, flags=0x400, repeatCount=0, eventTime=62740625, downTime=62740625, deviceId=-1, source=0x101 }
W/ViewRootImpl( 1257): Cancelling event due to no window focus: KeyEvent { action=ACTION_UP, keyCode=KEYCODE_DPAD_LEFT, scanCode=0, metaState=0, flags=0x420, repeatCount=0, eventTime=62740625, downTime=62740625, deviceId=-1, source=0x101 }
W/ViewRootImpl( 1257): Cancelling event due to no window focus: KeyEvent { action=ACTION_UP, keyCode=KEYCODE_DPAD_LEFT, scanCode=0, metaState=0, flags=0x420, repeatCount=0, eventTime=62740625, downTime=62740625, deviceId=-1, source=0x101 }
W/ViewRootImpl( 1257): Cancelling event due to no window focus: KeyEvent { action=ACTION_UP, keyCode=KEYCODE_DPAD_LEFT, scanCode=0, metaState=0, flags=0x420, repeatCount=0, eventTime=62740625, downTime=62740625, deviceId=-1, source=0x101 }
W/ViewRootImpl( 1257): Dropping event due to no window focus: KeyEvent { action=ACTION_DOWN, keyCode=KEYCODE_DPAD_CENTER, scanCode=0, metaState=0, flags=0x400, repeatCount=0, eventTime=62740626, downTime=62740626, deviceId=-1, source=0x101 }
W/ViewRootImpl( 1257): Cancelling event due to no window focus: KeyEvent { action=ACTION_UP, keyCode=KEYCODE_DPAD_CENTER, scanCode=0, metaState=0, flags=0x420, repeatCount=0, eventTime=62740626, downTime=62740626, deviceId=-1, source=0x101 }
W/ViewRootImpl( 1257): Cancelling event due to no window focus: KeyEvent { action=ACTION_UP, keyCode=KEYCODE_DPAD_CENTER, scanCode=0, metaState=0, flags=0x420, repeatCount=0, eventTime=62740626, downTime=62740626, deviceId=-1, source=0x101 }
W/ViewRootImpl( 1257): Cancelling event due to no window focus: KeyEvent { action=ACTION_UP, keyCode=KEYCODE_DPAD_CENTER, scanCode=0, metaState=0, flags=0x420, repeatCount=0, eventTime=62740626, downTime=62740626, deviceId=-1, source=0x101 }
D/OpenGLRenderer( 8379): Use EGL_SWAP_BEHAVIOR_PRESERVED: true
D/        ( 8379): HostConnection::get() New Host Connection established 0xf3e73a10, tid 8379
D/Atlas   ( 8379): Validating map...
V/WindowManager(  510): Adding window Window{18a3c5ba u0 com.zzl.falcon.internal/com.squareup.leakcanary.internal.DisplayLeakActivity} at 4 of 10 (before Window{36079757 u0 Starting com.zzl.falcon.internal})
I/ActivityManager(  510): START u0 {act=android.intent.action.MAIN cat=[android.intent.category.LAUNCHER] flg=0x10200000 cmp=com.zzl.falcon.internal/com.squareup.leakcanary.internal.DisplayLeakActivity} from uid 0 on display 0
D/libEGL  ( 8379): loaded /system/lib/egl/libEGL_emulation.so
D/libEGL  ( 8379): loaded /system/lib/egl/libGLESv1_CM_emulation.so
D/PhoneStatusBar(  637): disable: < expand icons* alerts system_info* back home recent clock search >
D/libEGL  ( 8379): loaded /system/lib/egl/libGLESv2_emulation.so
D/        ( 8379): HostConnection::get() New Host Connection established 0xf3e73b90, tid 8398
I/OpenGLRenderer( 8379): Initialized EGL, version 1.4
D/OpenGLRenderer( 8379): Enabling debug mode 0
W/EGL_emulation( 8379): eglSurfaceAttrib not implemented
W/OpenGLRenderer( 8379): Failed to set EGL_SWAP_BEHAVIOR on surface 0xf3f66140, error=EGL_SUCCESS
W/EGL_emulation(  637): eglSurfaceAttrib not implemented
W/OpenGLRenderer(  637): Failed to set EGL_SWAP_BEHAVIOR on surface 0xeed5e2e0, error=EGL_SUCCESS
W/ViewRootImpl( 8379): Dropping event due to no window focus: KeyEvent { action=ACTION_DOWN, keyCode=KEYCODE_MENU, scanCode=0, metaState=0, flags=0x8, repeatCount=0, eventTime=62741062, downTime=62741062, deviceId=-1, source=0x101 }
W/ViewRootImpl( 8379): Cancelling event due to no window focus: KeyEvent { action=ACTION_UP, keyCode=KEYCODE_MENU, scanCode=0, metaState=0, flags=0x28, repeatCount=0, eventTime=62741113, downTime=62741113, deviceId=-1, source=0x101 }
W/ViewRootImpl( 8379): Cancelling event due to no window focus: KeyEvent { action=ACTION_UP, keyCode=KEYCODE_MENU, scanCode=0, metaState=0, flags=0x28, repeatCount=0, eventTime=62741113, downTime=62741113, deviceId=-1, source=0x101 }
W/ViewRootImpl( 8379): Cancelling event due to no window focus: KeyEvent { action=ACTION_UP, keyCode=KEYCODE_MENU, scanCode=0, metaState=0, flags=0x28, repeatCount=0, eventTime=62741113, downTime=62741113, deviceId=-1, source=0x101 }
W/ViewRootImpl( 8379): Cancelling event due to no window focus: KeyEvent { action=ACTION_UP, keyCode=KEYCODE_MENU, scanCode=0, metaState=0, flags=0x28, repeatCount=0, eventTime=62741113, downTime=62741113, deviceId=-1, source=0x101 }
W/ViewRootImpl( 8379): Cancelling event due to no window focus: KeyEvent { action=ACTION_UP, keyCode=KEYCODE_MENU, scanCode=0, metaState=0, flags=0x28, repeatCount=0, eventTime=62741113, downTime=62741113, deviceId=-1, source=0x101 }
W/ViewRootImpl( 8379): Cancelling event due to no window focus: KeyEvent { action=ACTION_UP, keyCode=KEYCODE_MENU, scanCode=0, metaState=0, flags=0x28, repeatCount=0, eventTime=62741113, downTime=62741113, deviceId=-1, source=0x101 }
W/ViewRootImpl( 8379): Dropping event due to no window focus: KeyEvent { action=ACTION_DOWN, keyCode=KEYCODE_MENU, scanCode=0, metaState=0, flags=0x8, repeatCount=0, eventTime=62741175, downTime=62741175, deviceId=-1, source=0x101 }
I/ActivityManager(  510): Displayed com.zzl.falcon.internal/com.squareup.leakcanary.internal.DisplayLeakActivity: +765ms
D/ForegroundCallbacks( 1257): went background
W/IInputConnectionWrapper( 1257): showStatusIcon on inactive InputConnection
I/awcn.ComponentCallbacks2( 1257):  onTrimMemory level:20
I/awcn.SessionCenter( 1257): |[seq:[default]] [background]
I/awcn.StrategyCenter( 1257):  saveData
I/awcn.AmdcThreadPoolExecutor( 1257):  thread created! name:AMDC8
I/awcn.SessionCenter( 1257): |[seq:umeng:56aadbf567e58e38d4000976] [background]
I/awcn.StrategyCenter( 1257):  saveData
D/PhoneStatusBar(  637): disable: < expand ICONS* alerts SYSTEM_INFO* back home recent clock search >
D/PhoneStatusBar(  637): disable: < expand icons* alerts system_info* back home recent clock search >
I/ActivityManager(  510): START u0 {act=android.intent.action.MAIN cat=[android.intent.category.LAUNCHER] flg=0x10200000 cmp=com.zzl.falcon.internal/com.zzl.falcon.EntranceActivity} from uid 0 on display 0
E/EGL_emulation(  504): tid 504: eglCreateSyncKHR(1209): error 0x3004 (EGL_BAD_ATTRIBUTE)
D/ForegroundCallbacks( 1257): went foreground
I/awcn.SessionCenter( 1257): |[seq:[default]] [forground]
I/awcn.SessionCenter( 1257): |[seq:umeng:56aadbf567e58e38d4000976] [forground]
D/awcn.StrategyCenter( 1257):  getSchemeByHost host:umengacs.m.taobao.com scheme:https
D/awcn.SessionCenter( 1257): |[seq:umeng:56aadbf567e58e38d4000976] getInternal u:https://umengacs.m.taobao.com TypeClass:SPDY timeout:0
D/awcn.StrategyCenter( 1257):  getSchemeByHost host:umengacs.m.taobao.com scheme:https
D/awcn.SessionCenter( 1257): |[seq:umeng:56aadbf567e58e38d4000976] get internal hit cache session session:Session@[umeng:56aadbf567e58e38d4000976.AWCN3_1|http2_0rtt_acs]
W/ViewRootImpl( 8379): Dropping event due to no window focus: MotionEvent { action=ACTION_MOVE, id[0]=0, x[0]=4.0, y[0]=1.0, toolType[0]=TOOL_TYPE_UNKNOWN, buttonState=0, metaState=0, flags=0x0, edgeFlags=0x0, pointerCount=1, historySize=16, eventTime=62741805, downTime=-1, deviceId=0, source=0x10004 }
W/EGL_emulation( 1257): eglSurfaceAttrib not implemented
W/OpenGLRenderer( 1257): Failed to set EGL_SWAP_BEHAVIOR on surface 0xf3f99dc0, error=EGL_SUCCESS
W/ViewRootImpl( 1257): Dropping event due to no window focus: MotionEvent { action=ACTION_MOVE, id[0]=0, x[0]=1.0, y[0]=-1.0, toolType[0]=TOOL_TYPE_UNKNOWN, buttonState=0, metaState=0, flags=0x0, edgeFlags=0x0, pointerCount=1, historySize=1, eventTime=62741836, downTime=-1, deviceId=0, source=0x10004 }
W/ViewRootImpl( 1257): Dropping event due to no window focus: MotionEvent { action=ACTION_DOWN, id[0]=0, x[0]=0.0, y[0]=0.0, toolType[0]=TOOL_TYPE_UNKNOWN, buttonState=0, metaState=0, flags=0x0, edgeFlags=0x0, pointerCount=1, historySize=0, eventTime=62741837, downTime=62741797, deviceId=0, source=0x10004 }
W/ViewRootImpl( 1257): Cancelling event due to no window focus: MotionEvent { action=ACTION_CANCEL, id[0]=0, x[0]=0.0, y[0]=0.0, toolType[0]=TOOL_TYPE_UNKNOWN, buttonState=0, metaState=0, flags=0x0, edgeFlags=0x0, pointerCount=1, historySize=0, eventTime=62741838, downTime=62741797, deviceId=0, source=0x10004 }
W/ViewRootImpl( 1257): Cancelling event due to no window focus: MotionEvent { action=ACTION_CANCEL, id[0]=0, x[0]=0.0, y[0]=0.0, toolType[0]=TOOL_TYPE_UNKNOWN, buttonState=0, metaState=0, flags=0x0, edgeFlags=0x0, pointerCount=1, historySize=0, eventTime=62741838, downTime=62741797, deviceId=0, source=0x10004 }
W/ViewRootImpl( 1257): Cancelling event due to no window focus: MotionEvent { action=ACTION_CANCEL, id[0]=0, x[0]=0.0, y[0]=0.0, toolType[0]=TOOL_TYPE_UNKNOWN, buttonState=0, metaState=0, flags=0x0, edgeFlags=0x0, pointerCount=1, historySize=0, eventTime=62741838, downTime=62741797, deviceId=0, source=0x10004 }
W/ViewRootImpl( 1257): Cancelling event due to no window focus: MotionEvent { action=ACTION_CANCEL, id[0]=0, x[0]=0.0, y[0]=0.0, toolType[0]=TOOL_TYPE_UNKNOWN, buttonState=0, metaState=0, flags=0x0, edgeFlags=0x0, pointerCount=1, historySize=0, eventTime=62741838, downTime=62741797, deviceId=0, source=0x10004 }
W/ViewRootImpl( 1257): Cancelling event due to no window focus: MotionEvent { action=ACTION_CANCEL, id[0]=0, x[0]=0.0, y[0]=0.0, toolType[0]=TOOL_TYPE_UNKNOWN, buttonState=0, metaState=0, flags=0x0, edgeFlags=0x0, pointerCount=1, historySize=0, eventTime=62741838, downTime=62741797, deviceId=0, source=0x10004 }
W/ViewRootImpl( 1257): Cancelling event due to no window focus: MotionEvent { action=ACTION_CANCEL, id[0]=0, x[0]=0.0, y[0]=0.0, toolType[0]=TOOL_TYPE_UNKNOWN, buttonState=0, metaState=0, flags=0x0, edgeFlags=0x0, pointerCount=1, historySize=0, eventTime=62741838, downTime=62741797, deviceId=0, source=0x10004 }
W/ViewRootImpl( 1257): Cancelling event due to no window focus: MotionEvent { action=ACTION_CANCEL, id[0]=0, x[0]=0.0, y[0]=0.0, toolType[0]=TOOL_TYPE_UNKNOWN, buttonState=0, metaState=0, flags=0x0, edgeFlags=0x0, pointerCount=1, historySize=0, eventTime=62741838, downTime=62741797, deviceId=0, source=0x10004 }
W/ViewRootImpl( 1257): Dropping event due to no window focus: KeyEvent { action=ACTION_DOWN, keyCode=KEYCODE_DPAD_CENTER, scanCode=0, metaState=0, flags=0x8, repeatCount=0, eventTime=62741838, downTime=62741838, deviceId=-1, source=0x101 }
W/ViewRootImpl( 1257): Cancelling event due to no window focus: KeyEvent { action=ACTION_UP, keyCode=KEYCODE_DPAD_CENTER, scanCode=0, metaState=0, flags=0x28, repeatCount=0, eventTime=62741878, downTime=62741878, deviceId=-1, source=0x101 }
W/ViewRootImpl( 1257): Cancelling event due to no window focus: KeyEvent { action=ACTION_UP, keyCode=KEYCODE_DPAD_CENTER, scanCode=0, metaState=0, flags=0x28, repeatCount=0, eventTime=62741878, downTime=62741878, deviceId=-1, source=0x101 }
W/ViewRootImpl( 1257): Cancelling event due to no window focus: KeyEvent { action=ACTION_UP, keyCode=KEYCODE_DPAD_CENTER, scanCode=0, metaState=0, flags=0x28, repeatCount=0, eventTime=62741878, downTime=62741878, deviceId=-1, source=0x101 }
W/ViewRootImpl( 1257): Cancelling event due to no window focus: KeyEvent { action=ACTION_UP, keyCode=KEYCODE_DPAD_CENTER, scanCode=0, metaState=0, flags=0x28, repeatCount=0, eventTime=62741878, downTime=62741878, deviceId=-1, source=0x101 }
W/ViewRootImpl( 1257): Cancelling event due to no window focus: KeyEvent { action=ACTION_UP, keyCode=KEYCODE_DPAD_CENTER, scanCode=0, metaState=0, flags=0x28, repeatCount=0, eventTime=62741878, downTime=62741878, deviceId=-1, source=0x101 }
W/ViewRootImpl( 1257): Cancelling event due to no window focus: KeyEvent { action=ACTION_UP, keyCode=KEYCODE_DPAD_CENTER, scanCode=0, metaState=0, flags=0x28, repeatCount=0, eventTime=62741878, downTime=62741878, deviceId=-1, source=0x101 }
I/awcn.SerializeHelper( 1257):  persist end. file:/storage/emulated/0/Android/data/com.zzl.falcon.internal/files/awcn_strategy/ef133debedbd6d843d539e5eb14cfdfd cost:18
I/awcn.SerializeHelper( 1257):  persist end. file:/storage/emulated/0/Android/data/com.zzl.falcon.internal/files/awcn_strategy/0c61135c2fdcd71f15ad7297245abe44 cost:6
I/awcn.SerializeHelper( 1257):  persist end. file:/storage/emulated/0/Android/data/com.zzl.falcon.internal/files/awcn_strategy/49c6a36aaea8ee1549c1cd3e07070c79 cost:3
W/UnimplementedWebViewApi( 1257): Unimplemented WebView method onKeyDown called from: android.webkit.WebView.onKeyDown(WebView.java:2310)
I/ActivityManager(  510): START u0 {act=android.intent.action.MAIN cat=[android.intent.category.LAUNCHER] flg=0x10200000 cmp=com.zzl.falcon.internal/com.zzl.falcon.EntranceActivity} from uid 0 on display 0
W/AudioTrack(  510): AUDIO_OUTPUT_FLAG_FAST denied by client
W/UnimplementedWebViewApi( 1257): Unimplemented WebView method onKeyDown called from: android.webkit.WebView.onKeyDown(WebView.java:2310)
W/AudioTrack(  510): AUDIO_OUTPUT_FLAG_FAST denied by client
I/ActivityManager(  510): START u0 {act=android.intent.action.MAIN cat=[android.intent.category.LAUNCHER] flg=0x10200000 cmp=com.zzl.falcon.internal/com.squareup.leakcanary.internal.DisplayLeakActivity} from uid 0 on display 0
E/EGL_emulation(  504): tid 504: eglCreateSyncKHR(1209): error 0x3004 (EGL_BAD_ATTRIBUTE)
I/OpenGLRenderer( 8379): Initialized EGL, version 1.4
W/EGL_emulation( 8379): eglSurfaceAttrib not implemented
W/OpenGLRenderer( 8379): Failed to set EGL_SWAP_BEHAVIOR on surface 0xf3f66820, error=EGL_SUCCESS
W/ViewRootImpl( 8379): Dropping event due to no window focus: KeyEvent { action=ACTION_DOWN, keyCode=KEYCODE_NUM_LOCK, scanCode=0, metaState=0, flags=0x8, repeatCount=0, eventTime=62745003, downTime=62745003, deviceId=-1, source=0x101 }
W/ViewRootImpl( 8379): Cancelling event due to no window focus: KeyEvent { action=ACTION_UP, keyCode=KEYCODE_NUM_LOCK, scanCode=0, metaState=0, flags=0x28, repeatCount=0, eventTime=62745004, downTime=62745004, deviceId=-1, source=0x101 }
W/ViewRootImpl( 8379): Cancelling event due to no window focus: KeyEvent { action=ACTION_UP, keyCode=KEYCODE_NUM_LOCK, scanCode=0, metaState=0, flags=0x28, repeatCount=0, eventTime=62745004, downTime=62745004, deviceId=-1, source=0x101 }
W/ViewRootImpl( 8379): Cancelling event due to no window focus: KeyEvent { action=ACTION_UP, keyCode=KEYCODE_NUM_LOCK, scanCode=0, metaState=0, flags=0x28, repeatCount=0, eventTime=62745004, downTime=62745004, deviceId=-1, source=0x101 }
W/ViewRootImpl( 8379): Cancelling event due to no window focus: KeyEvent { action=ACTION_UP, keyCode=KEYCODE_NUM_LOCK, scanCode=0, metaState=0, flags=0x28, repeatCount=0, eventTime=62745004, downTime=62745004, deviceId=-1, source=0x101 }
W/ViewRootImpl( 8379): Cancelling event due to no window focus: KeyEvent { action=ACTION_UP, keyCode=KEYCODE_NUM_LOCK, scanCode=0, metaState=0, flags=0x28, repeatCount=0, eventTime=62745004, downTime=62745004, deviceId=-1, source=0x101 }
W/ViewRootImpl( 8379): Cancelling event due to no window focus: KeyEvent { action=ACTION_UP, keyCode=KEYCODE_NUM_LOCK, scanCode=0, metaState=0, flags=0x28, repeatCount=0, eventTime=62745004, downTime=62745004, deviceId=-1, source=0x101 }
W/ViewRootImpl( 8379): Cancelling event due to no window focus: KeyEvent { action=ACTION_UP, keyCode=KEYCODE_NUM_LOCK, scanCode=0, metaState=0, flags=0x28, repeatCount=0, eventTime=62745004, downTime=62745004, deviceId=-1, source=0x101 }
W/ViewRootImpl( 8379): Cancelling event due to no window focus: KeyEvent { action=ACTION_UP, keyCode=KEYCODE_NUM_LOCK, scanCode=0, metaState=0, flags=0x28, repeatCount=0, eventTime=62745004, downTime=62745004, deviceId=-1, source=0x101 }
W/ViewRootImpl( 8379): Cancelling event due to no window focus: KeyEvent { action=ACTION_UP, keyCode=KEYCODE_NUM_LOCK, scanCode=0, metaState=0, flags=0x28, repeatCount=0, eventTime=62745004, downTime=62745004, deviceId=-1, source=0x101 }
W/InputMethodManagerService(  510): Starting input on non-focused client com.android.internal.view.IInputMethodClient$Stub$Proxy@1bbeaa1d (uid=10068 pid=1257)
W/IInputConnectionWrapper( 1257): showStatusIcon on inactive InputConnection
W/UnimplementedWebViewApi( 1257): Unimplemented WebView method onKeyMultiple called from: android.webkit.WebView.onKeyMultiple(WebView.java:2320)
W/UnimplementedWebViewApi( 1257): Unimplemented WebView method onKeyDown called from: android.webkit.WebView.onKeyDown(WebView.java:2310)
I/MediaFocusControl(  510):  AudioFocus  requestAudioFocus() from android.media.AudioManager@112c0c37com.android.music.MediaPlaybackService$3@250425a4 req=1flags=0x0
W/ResourceType(  637): No package identifier when getting value for resource number 0x00000000
W/PackageManager(  637): Failure retrieving resources for com.zzl.falcon.internal: Resource ID #0x0
D/ForegroundCallbacks( 1257): went background
I/awcn.ComponentCallbacks2( 1257):  onTrimMemory level:20
I/awcn.SessionCenter( 1257): |[seq:[default]] [background]
I/awcn.StrategyCenter( 1257):  saveData
I/awcn.SessionCenter( 1257): |[seq:umeng:56aadbf567e58e38d4000976] [background]
I/awcn.StrategyCenter( 1257):  saveData
I/ActivityManager(  510): START u0 {act=android.intent.action.MAIN cat=[android.intent.category.HOME] flg=0x10200000 cmp=com.android.launcher3/.Launcher} from uid 1000 on display 0
E/EGL_emulation(  504): tid 504: eglCreateSyncKHR(1209): error 0x3004 (EGL_BAD_ATTRIBUTE)
D/ForegroundCallbacks( 1257): went foreground
I/awcn.SessionCenter( 1257): |[seq:[default]] [forground]
I/awcn.SessionCenter( 1257): |[seq:umeng:56aadbf567e58e38d4000976] [forground]
D/awcn.StrategyCenter( 1257):  getSchemeByHost host:umengacs.m.taobao.com scheme:https
D/awcn.SessionCenter( 1257): |[seq:umeng:56aadbf567e58e38d4000976] getInternal u:https://umengacs.m.taobao.com TypeClass:SPDY timeout:0
D/awcn.StrategyCenter( 1257):  getSchemeByHost host:umengacs.m.taobao.com scheme:https
D/awcn.SessionCenter( 1257): |[seq:umeng:56aadbf567e58e38d4000976] get internal hit cache session session:Session@[umeng:56aadbf567e58e38d4000976.AWCN3_1|http2_0rtt_acs]
W/EGL_emulation( 1257): eglSurfaceAttrib not implemented
W/OpenGLRenderer( 1257): Failed to set EGL_SWAP_BEHAVIOR on surface 0xf3f99dc0, error=EGL_SUCCESS
W/ViewRootImpl( 1257): Cancelling event due to no window focus: KeyEvent { action=ACTION_UP, keyCode=KEYCODE_DPAD_RIGHT, scanCode=0, metaState=0, flags=0x28, repeatCount=0, eventTime=62746367, downTime=62746367, deviceId=-1, source=0x101 }
W/ViewRootImpl( 1257): Cancelling event due to no window focus: KeyEvent { action=ACTION_UP, keyCode=KEYCODE_DPAD_RIGHT, scanCode=0, metaState=0, flags=0x28, repeatCount=0, eventTime=62746367, downTime=62746367, deviceId=-1, source=0x101 }
W/ViewRootImpl( 1257): Cancelling event due to no window focus: KeyEvent { action=ACTION_UP, keyCode=KEYCODE_DPAD_RIGHT, scanCode=0, metaState=0, flags=0x28, repeatCount=0, eventTime=62746367, downTime=62746367, deviceId=-1, source=0x101 }
W/ViewRootImpl( 1257): Cancelling event due to no window focus: KeyEvent { action=ACTION_UP, keyCode=KEYCODE_DPAD_RIGHT, scanCode=0, metaState=0, flags=0x28, repeatCount=0, eventTime=62746367, downTime=62746367, deviceId=-1, source=0x101 }
W/ViewRootImpl( 1257): Cancelling event due to no window focus: KeyEvent { action=ACTION_UP, keyCode=KEYCODE_DPAD_RIGHT, scanCode=0, metaState=0, flags=0x28, repeatCount=0, eventTime=62746367, downTime=62746367, deviceId=-1, source=0x101 }
W/ViewRootImpl( 1257): Cancelling event due to no window focus: KeyEvent { action=ACTION_UP, keyCode=KEYCODE_DPAD_RIGHT, scanCode=0, metaState=0, flags=0x28, repeatCount=0, eventTime=62746367, downTime=62746367, deviceId=-1, source=0x101 }
W/ViewRootImpl( 1257): Dropping event due to no window focus: KeyEvent { action=ACTION_DOWN, keyCode=KEYCODE_F8, scanCode=0, metaState=0, flags=0x8, repeatCount=0, eventTime=62746393, downTime=62746393, deviceId=-1, source=0x101 }
I/InputDispatcher(  510): Dropped event because of pending overdue app switch.
W/InputManager(  510): Input event injection from pid 8363 failed.
W/UnimplementedWebViewApi( 1257): Unimplemented WebView method onKeyDown called from: android.webkit.WebView.onKeyDown(WebView.java:2310)
I/ActivityManager(  510): START u0 {act=android.intent.action.SHOW_BRIGHTNESS_DIALOG cmp=com.android.systemui/.settings.BrightnessDialog} from uid 1000 on display 0
W/AudioTrack(  510): AUDIO_OUTPUT_FLAG_FAST denied by client
W/ResourceType(  637): No package identifier when getting value for resource number 0x00000000
W/PackageManager(  637): Failure retrieving resources for com.zzl.falcon.internal: Resource ID #0x0
E/EGL_emulation(  504): tid 504: eglCreateSyncKHR(1209): error 0x3004 (EGL_BAD_ATTRIBUTE)
W/UnimplementedWebViewApi( 1257): Unimplemented WebView method onKeyMultiple called from: android.webkit.WebView.onKeyMultiple(WebView.java:2320)
W/UnimplementedWebViewApi( 1257): Unimplemented WebView method onKeyDown called from: android.webkit.WebView.onKeyDown(WebView.java:2310)
W/UnimplementedWebViewApi( 1257): Unimplemented WebView method onKeyDown called from: android.webkit.WebView.onKeyDown(WebView.java:2310)
W/UnimplementedWebViewApi( 1257): Unimplemented WebView method onKeyMultiple called from: android.webkit.WebView.onKeyMultiple(WebView.java:2320)
W/UnimplementedWebViewApi( 1257): Unimplemented WebView method onKeyDown called from: android.webkit.WebView.onKeyDown(WebView.java:2310)
D/TaskPersister(  510): removeObsoleteFile: deleting file=26_task.xml
D/TaskPersister(  510): removeObsoleteFile: deleting file=26_task_thumbnail.png
I/chromium( 1257): [INFO:CONSOLE(1)] "Uncaught ReferenceError: jump is not defined", source:  (1)
D/WebView ( 1257): show url http://116.236.220.210:8084/mobileWeb/informain/mobileKnowledgeDetail?osType=Android&channelNo=008&aboutId=39a9881a661f475795bb99e4a524a59f
E/EGL_emulation(  504): tid 504: eglCreateSyncKHR(1209): error 0x3004 (EGL_BAD_ATTRIBUTE)
I/OpenGLRenderer( 5087): Initialized EGL, version 1.4
W/EGL_emulation( 5087): eglSurfaceAttrib not implemented
W/OpenGLRenderer( 5087): Failed to set EGL_SWAP_BEHAVIOR on surface 0xeec35a80, error=EGL_SUCCESS
W/AudioTrack( 5087): AUDIO_OUTPUT_FLAG_FAST denied by client
W/UnimplementedWebViewApi( 1257): Unimplemented WebView method onKeyDown called from: android.webkit.WebView.onKeyDown(WebView.java:2310)
D/PhoneStatusBar(  637): disable: < expand ICONS* alerts SYSTEM_INFO* back home recent clock search >
D/PhoneStatusBar(  637): disable: < expand icons* alerts system_info* back home recent clock search >
I/chromium( 1257): [INFO:CONSOLE(1)] "Uncaught ReferenceError: jump is not defined", source:  (1)
W/UnimplementedWebViewApi( 1257): Unimplemented WebView method onKeyDown called from: android.webkit.WebView.onKeyDown(WebView.java:2310)
I/ActivityManager(  510): START u0 {act=android.intent.action.MAIN cat=[android.intent.category.HOME] flg=0x10200000 cmp=com.android.launcher3/.Launcher} from uid 1000 on display 0
W/UnimplementedWebViewApi( 1257): Unimplemented WebView method onKeyDown called from: android.webkit.WebView.onKeyDown(WebView.java:2310)
W/UnimplementedWebViewApi( 1257): Unimplemented WebView method onKeyDown called from: android.webkit.WebView.onKeyDown(WebView.java:2310)
W/UnimplementedWebViewApi( 1257): Unimplemented WebView method onKeyDown called from: android.webkit.WebView.onKeyDown(WebView.java:2310)
I/InputDispatcher(  510): Dropped event because of pending overdue app switch.
W/InputManager(  510): Input event injection from pid 8363 failed.
W/AudioTrack(  510): AUDIO_OUTPUT_FLAG_FAST denied by client
W/AudioTrack(  510): AUDIO_OUTPUT_FLAG_FAST denied by client
W/AudioTrack(  510): AUDIO_OUTPUT_FLAG_FAST denied by client
W/AudioTrack(  510): AUDIO_OUTPUT_FLAG_FAST denied by client
I/Choreographer( 1257): Skipped 52 frames!  The application may be doing too much work on its main thread.
W/EGL_emulation(  637): eglSurfaceAttrib not implemented
W/OpenGLRenderer(  637): Failed to set EGL_SWAP_BEHAVIOR on surface 0xe2009740, error=EGL_SUCCESS
I/Choreographer( 5087): Skipped 130 frames!  The application may be doing too much work on its main thread.
W/UnimplementedWebViewApi( 1257): Unimplemented WebView method onKeyMultiple called from: android.webkit.WebView.onKeyMultiple(WebView.java:2320)
W/UnimplementedWebViewApi( 1257): Unimplemented WebView method onKeyDown called from: android.webkit.WebView.onKeyDown(WebView.java:2310)
D/ZenLog  (  510): intercepted: 0|com.android.systemui|789|null|10013,!priority
V/NotificationService(  510): pkg=com.android.systemui canInterrupt=false intercept=true
D/        ( 5087): HostConnection::get() New Host Connection established 0xf3e73ca0, tid 8421
V/NotificationService(  510): pkg=com.android.systemui canInterrupt=false intercept=true
W/UnimplementedWebViewApi( 1257): Unimplemented WebView method onKeyDown called from: android.webkit.WebView.onKeyDown(WebView.java:2310)
W/EGL_emulation(  637): eglSurfaceAttrib not implemented
W/OpenGLRenderer(  637): Failed to set EGL_SWAP_BEHAVIOR on surface 0xe2009740, error=EGL_SUCCESS
I/ActivityManager(  510): Waited long enough for: ServiceRecord{14470447 u0 com.android.music/.MediaPlaybackService}
I/ActivityManager(  510): START u0 {act=android.intent.action.MAIN cat=[android.intent.category.LAUNCHER] flg=0x10200000 cmp=com.zzl.falcon.internal/com.zzl.falcon.EntranceActivity} from uid 0 on display 0
W/AudioTrack(  510): AUDIO_OUTPUT_FLAG_FAST denied by client
W/BackupManagerService(  510): dataChanged but no participant pkg='com.android.providers.settings' uid=10013
D/ZenLog  (  510): set_zen_mode: no_interruptions,setting
D/ZenLog  (  510): update_zen_mode: important_interruptions -> no_interruptions
D/ZenLog  (  510): set_ringer_mode_internal: ZenModeHelper,i:normal->silent,e:silent->silent
D/ConditionProviders(  510): Subscribing to condition://android/countdown/1515730986906 with android.service.notification.ConditionProviderService$Provider@110fa035
D/ZenLog  (  510): subscribe: condition://android/countdown/1515730986906,ok
D/ZenLog  (  510): exit_condition: Condition[id=condition://android/countdown/1515730986906,summary=For one hour (until 11:23 PM),line1=For one hour,line2=Until 11:23 PM,icon=0,state=STATE_TRUE,flags=1],{android/com.android.server.notification.CountdownConditionProvider},binderCall
D/ZenLog  (  510): config: ZenModeConfig[allowCalls=false,allowMessages=false,allowFrom=anyone,allowEvents=true,sleepMode=null,sleepStart=22.0,sleepEnd=7.0,sleepNone=false,conditionComponents=null,conditionIds=null,exitCondition=Condition[id=condition://android/countdown/1515730986906,summary=For one hour (until 11:23 PM),line1=For one hour,line2=Until 11:23 PM,icon=0,state=STATE_TRUE,flags=1],exitConditionComponent=ComponentInfo{android/com.android.server.notification.CountdownConditionProvider}]
D/NotificationService(  510): handleSavePolicyFile
W/EGL_emulation(  637): eglSurfaceAttrib not implemented
W/OpenGLRenderer(  637): Failed to set EGL_SWAP_BEHAVIOR on surface 0xe2009740, error=EGL_SUCCESS
W/UnimplementedWebViewApi( 1257): Unimplemented WebView method onKeyMultiple called from: android.webkit.WebView.onKeyMultiple(WebView.java:2320)
W/UnimplementedWebViewApi( 1257): Unimplemented WebView method onKeyDown called from: android.webkit.WebView.onKeyDown(WebView.java:2310)
W/UnimplementedWebViewApi( 1257): Unimplemented WebView method onKeyMultiple called from: android.webkit.WebView.onKeyMultiple(WebView.java:2320)
W/UnimplementedWebViewApi( 1257): Unimplemented WebView method onKeyDown called from: android.webkit.WebView.onKeyDown(WebView.java:2310)
W/UnimplementedWebViewApi( 1257): Unimplemented WebView method onKeyMultiple called from: android.webkit.WebView.onKeyMultiple(WebView.java:2320)
W/UnimplementedWebViewApi( 1257): Unimplemented WebView method onKeyDown called from: android.webkit.WebView.onKeyDown(WebView.java:2310)
W/UnimplementedWebViewApi( 1257): Unimplemented WebView method onKeyDown called from: android.webkit.WebView.onKeyDown(WebView.java:2310)
W/AudioTrack(  510): AUDIO_OUTPUT_FLAG_FAST denied by client
W/UnimplementedWebViewApi( 1257): Unimplemented WebView method onKeyDown called from: android.webkit.WebView.onKeyDown(WebView.java:2310)
I/ActivityManager(  510): START u0 {act=android.intent.action.MAIN cat=[android.intent.category.LAUNCHER] flg=0x10200000 cmp=com.zzl.falcon.internal/com.zzl.falcon.EntranceActivity} from uid 0 on display 0
W/AudioTrack(  510): AUDIO_OUTPUT_FLAG_FAST denied by client
W/UnimplementedWebViewApi( 1257): Unimplemented WebView method onKeyDown called from: android.webkit.WebView.onKeyDown(WebView.java:2310)
W/AudioService(  510): stream was not muted by this client
E/AudioService(  510): Could not get client death handler for stream: 1
W/AudioService(  510): stream was not muted by this client
E/AudioService(  510): Could not get client death handler for stream: 2
W/AudioService(  510): stream was not muted by this client
E/AudioService(  510): Could not get client death handler for stream: 5
W/AudioService(  510): stream was not muted by this client
E/AudioService(  510): Could not get client death handler for stream: 7
W/AudioService(  510): stream was not muted by this client
E/AudioService(  510): Could not get client death handler for stream: 8
W/EGL_emulation(  637): eglSurfaceAttrib not implemented
W/OpenGLRenderer(  637): Failed to set EGL_SWAP_BEHAVIOR on surface 0xe21b5960, error=EGL_SUCCESS
