D/awcn.DefaultHeartbeatImpl( 1257): |[seq:umeng:56aadbf567e58e38d4000976.AWCN4_1] reSchedule session:Session@[umeng:56aadbf567e58e38d4000976.AWCN4_1|http2_0rtt_acs] delay:1515727455204
E/awcn.TnetSpdySession( 1257): |[seq:umeng:56aadbf567e58e38d4000976.AWCN4_1] spdySessionConnectCB connect connectTime:8 sslTime::1
I/awcn.TnetSpdySession( 1257):   httpStatusCode:200
I/awcn.TnetSpdySession( 1257):   response headers:{date=[Fri, 12 Jan 2018 03:23:30 GMT], server=[Tengine/Aserver/3.0.197_20171017114317], x-at=[WlcCiYIi1P4DAJwcljCxvIg%2Fumeng:56aadbf567e58e38d40009761515741810], content-length=[0], x-workerid=[3901518102361276426], :status=[200]}
E/accs.InAppConn_umeng:56aadbf567e58e38d4000976( 1257):  AUTH httpStatusCode:200 seq:umeng:56aadbf567e58e38d4000976.AWCN4_1
E/awcn.Session( 1257): |[seq:umeng:56aadbf567e58e38d4000976.AWCN4_1] notifyStatus status:AUTH_SUCC
I/awcn.DefaultHeartbeatImpl( 1257): |[seq:umeng:56aadbf567e58e38d4000976.AWCN4_1] heartbeat start session:Session@[umeng:56aadbf567e58e38d4000976.AWCN4_1|http2_0rtt_acs]
D/awcn.TnetSpdySession( 1257): |[seq:umeng:56aadbf567e58e38d4000976.AWCN4_1] spdyOnStreamResponse authTime:0
D/awcn.SessionRequest( 1257): |[seq:umeng:56aadbf567e58e38d4000976.AWCN4_1] Session:Session@[umeng:56aadbf567e58e38d4000976.AWCN4_1|http2_0rtt_acs] EventType:AUTH_SUCC Event:
I/accs.UtilityImpl( 1257):  	header:x-at value:WlcCiYIi1P4DAJwcljCxvIg%2Fumeng:56aadbf567e58e38d40009761515741810
I/accs.UtilityImpl( 1257):  	header:server value:Tengine/Aserver/3.0.197_20171017114317
I/accs.UtilityImpl( 1257):  	header:date value:Fri, 12 Jan 2018 03:23:30 GMT
I/accs.UtilityImpl( 1257):  	header:content-length value:0
I/accs.UtilityImpl( 1257):  	header:x-workerid value:3901518102361276426
I/accs.UtilityImpl( 1257):  	header::status value:200
D/awcn.TnetSpdySession( 1257):  spdyStreamCloseCallback streamId:1
D/awcn.SessionRequest( 1257): |[seq:umeng:56aadbf567e58e38d4000976.AWCN4_1] Connect Success session:Session@[umeng:56aadbf567e58e38d4000976.AWCN4_1|http2_0rtt_acs] host:https://umengacs.m.taobao.com
D/awcn.SessionRequest( 1257):  Receive session event type:AUTH_SUCC
D/awcn.StrategyTable( 1257):  [notifyConnEvent] Host:umengacs.m.taobao.com IConnStrategy:{106.11.61.106 443 http2_0rtt_acs} ConnEvent:ConnEvent#Success
W/EGL_emulation( 1257): eglSurfaceAttrib not implemented
W/OpenGLRenderer( 1257): Failed to set EGL_SWAP_BEHAVIOR on surface 0xf3f99dc0, error=EGL_SUCCESS
W/ViewRootImpl( 1257): Dropping event due to no window focus: KeyEvent { action=ACTION_DOWN, keyCode=KEYCODE_DPAD_DOWN, scanCode=0, metaState=0, flags=0x8, repeatCount=0, eventTime=62780780, downTime=62780780, deviceId=-1, source=0x101 }
W/ViewRootImpl( 1257): Cancelling event due to no window focus: KeyEvent { action=ACTION_UP, keyCode=KEYCODE_DPAD_DOWN, scanCode=0, metaState=0, flags=0x28, repeatCount=0, eventTime=62780781, downTime=62780781, deviceId=-1, source=0x101 }
W/ViewRootImpl( 1257): Cancelling event due to no window focus: KeyEvent { action=ACTION_UP, keyCode=KEYCODE_DPAD_DOWN, scanCode=0, metaState=0, flags=0x28, repeatCount=0, eventTime=62780781, downTime=62780781, deviceId=-1, source=0x101 }
W/ViewRootImpl( 1257): Cancelling event due to no window focus: KeyEvent { action=ACTION_UP, keyCode=KEYCODE_DPAD_DOWN, scanCode=0, metaState=0, flags=0x28, repeatCount=0, eventTime=62780781, downTime=62780781, deviceId=-1, source=0x101 }
W/ViewRootImpl( 1257): Cancelling event due to no window focus: KeyEvent { action=ACTION_UP, keyCode=KEYCODE_DPAD_DOWN, scanCode=0, metaState=0, flags=0x28, repeatCount=0, eventTime=62780781, downTime=62780781, deviceId=-1, source=0x101 }
W/ViewRootImpl( 1257): Cancelling event due to no window focus: KeyEvent { action=ACTION_UP, keyCode=KEYCODE_DPAD_DOWN, scanCode=0, metaState=0, flags=0x28, repeatCount=0, eventTime=62780781, downTime=62780781, deviceId=-1, source=0x101 }
W/ViewRootImpl( 1257): Cancelling event due to no window focus: KeyEvent { action=ACTION_UP, keyCode=KEYCODE_DPAD_DOWN, scanCode=0, metaState=0, flags=0x28, repeatCount=0, eventTime=62780781, downTime=62780781, deviceId=-1, source=0x101 }
W/ViewRootImpl( 1257): Dropping event due to no window focus: KeyEvent { action=ACTION_DOWN, keyCode=KEYCODE_DPAD_DOWN, scanCode=0, metaState=0, flags=0x8, repeatCount=0, eventTime=62780831, downTime=62780831, deviceId=-1, source=0x101 }
I/accs.MsgDistributeService( 1257):  onStartCommand action:com.taobao.accs.intent.action.RECEIVE
D/accs.MsgDistribute( 1257):  action:com.taobao.accs.intent.action.RECEIVE
I/accs.MsgDistribute( 1257):  distribute command::103  serviceId::  dataId:: appkey: config:
W/InputMethodManagerService(  510): Starting input on non-focused client com.android.internal.view.IInputMethodClient$Stub$Proxy@ea782ad (uid=10068 pid=8379)
D/PhoneStatusBar(  637): disable: < expand icons* alerts system_info* back home recent clock search >
W/UnimplementedWebViewApi( 1257): Unimplemented WebView method onKeyMultiple called from: android.webkit.WebView.onKeyMultiple(WebView.java:2320)
W/UnimplementedWebViewApi( 1257): Unimplemented WebView method onKeyDown called from: android.webkit.WebView.onKeyDown(WebView.java:2310)
W/EGL_emulation(  637): eglSurfaceAttrib not implemented
W/OpenGLRenderer(  637): Failed to set EGL_SWAP_BEHAVIOR on surface 0xeed5e2e0, error=EGL_SUCCESS
W/ResourceType(  637): No package identifier when getting value for resource number 0x00000000
W/PackageManager(  637): Failure retrieving resources for com.zzl.falcon.internal: Resource ID #0x0
E/EGL_emulation(  504): tid 504: eglCreateSyncKHR(1209): error 0x3004 (EGL_BAD_ATTRIBUTE)
W/UnimplementedWebViewApi( 1257): Unimplemented WebView method onKeyDown called from: android.webkit.WebView.onKeyDown(WebView.java:2310)
W/AudioService(  510): stream was not muted by this client
E/AudioService(  510): Could not get client death handler for stream: 1
W/AudioService(  510): stream was not muted by this client
E/AudioService(  510): Could not get client death handler for stream: 2
W/AudioService(  510): stream was not muted by this client
E/AudioService(  510): Could not get client death handler for stream: 5
W/AudioService(  510): stream was not muted by this client
E/AudioService(  510): Could not get client death handler for stream: 7
W/AudioService(  510): stream was not muted by this client
E/AudioService(  510): Could not get client death handler for stream: 8
W/EGL_emulation(  637): eglSurfaceAttrib not implemented
W/OpenGLRenderer(  637): Failed to set EGL_SWAP_BEHAVIOR on surface 0xe2009a40, error=EGL_SUCCESS
W/UnimplementedWebViewApi( 1257): Unimplemented WebView method onKeyMultiple called from: android.webkit.WebView.onKeyMultiple(WebView.java:2320)
W/UnimplementedWebViewApi( 1257): Unimplemented WebView method onKeyDown called from: android.webkit.WebView.onKeyDown(WebView.java:2310)
W/UnimplementedWebViewApi( 1257): Unimplemented WebView method onKeyDown called from: android.webkit.WebView.onKeyDown(WebView.java:2310)
W/AudioTrack(  510): AUDIO_OUTPUT_FLAG_FAST denied by client
W/UnimplementedWebViewApi( 1257): Unimplemented WebView method onKeyDown called from: android.webkit.WebView.onKeyDown(WebView.java:2310)
W/AudioTrack(  510): AUDIO_OUTPUT_FLAG_FAST denied by client
I/ActivityManager(  510): START u0 {act=android.intent.action.MAIN cat=[android.intent.category.LAUNCHER] flg=0x10000000 cmp=com.android.email/.activity.Welcome sel=act=android.intent.action.MAIN cat=[android.intent.category.APP_EMAIL]}} from uid 1000 on display 0
D/PhoneStatusBar(  637): disable: < expand ICONS* alerts SYSTEM_INFO* back home recent clock search >
I/ActivityManager(  510): START u0 {act=android.intent.action.MAIN cat=[android.intent.category.HOME] flg=0x10200000 cmp=com.android.launcher3/.Launcher} from uid 1000 on display 0
W/EGL_emulation(  637): eglSurfaceAttrib not implemented
W/OpenGLRenderer(  637): Failed to set EGL_SWAP_BEHAVIOR on surface 0xeed5e2e0, error=EGL_SUCCESS
W/ViewRootImpl(  637): Dropping event due to no window focus: KeyEvent { action=ACTION_DOWN, keyCode=KEYCODE_AT, scanCode=0, metaState=0, flags=0x8, repeatCount=0, eventTime=62785706, downTime=62785706, deviceId=-1, source=0x101 }
W/ViewRootImpl(  637): Cancelling event due to no window focus: KeyEvent { action=ACTION_UP, keyCode=KEYCODE_AT, scanCode=0, metaState=0, flags=0x28, repeatCount=0, eventTime=62785787, downTime=62785706, deviceId=-1, source=0x101 }
W/ViewRootImpl(  637): Cancelling event due to no window focus: KeyEvent { action=ACTION_UP, keyCode=KEYCODE_AT, scanCode=0, metaState=0, flags=0x28, repeatCount=0, eventTime=62785787, downTime=62785706, deviceId=-1, source=0x101 }
W/ViewRootImpl(  637): Cancelling event due to no window focus: KeyEvent { action=ACTION_UP, keyCode=KEYCODE_AT, scanCode=0, metaState=0, flags=0x28, repeatCount=0, eventTime=62785787, downTime=62785706, deviceId=-1, source=0x101 }
W/ViewRootImpl(  637): Cancelling event due to no window focus: KeyEvent { action=ACTION_UP, keyCode=KEYCODE_AT, scanCode=0, metaState=0, flags=0x28, repeatCount=0, eventTime=62785787, downTime=62785706, deviceId=-1, source=0x101 }
W/ViewRootImpl(  637): Cancelling event due to no window focus: KeyEvent { action=ACTION_UP, keyCode=KEYCODE_AT, scanCode=0, metaState=0, flags=0x28, repeatCount=0, eventTime=62785787, downTime=62785706, deviceId=-1, source=0x101 }
W/ViewRootImpl(  637): Cancelling event due to no window focus: KeyEvent { action=ACTION_UP, keyCode=KEYCODE_AT, scanCode=0, metaState=0, flags=0x28, repeatCount=0, eventTime=62785787, downTime=62785706, deviceId=-1, source=0x101 }
W/ViewRootImpl(  637): Cancelling event due to no window focus: KeyEvent { action=ACTION_UP, keyCode=KEYCODE_AT, scanCode=0, metaState=0, flags=0x28, repeatCount=0, eventTime=62785787, downTime=62785706, deviceId=-1, source=0x101 }
W/ViewRootImpl(  637): Cancelling event due to no window focus: KeyEvent { action=ACTION_UP, keyCode=KEYCODE_AT, scanCode=0, metaState=0, flags=0x28, repeatCount=0, eventTime=62785787, downTime=62785706, deviceId=-1, source=0x101 }
W/ViewRootImpl(  637): Cancelling event due to no window focus: KeyEvent { action=ACTION_UP, keyCode=KEYCODE_AT, scanCode=0, metaState=0, flags=0x28, repeatCount=0, eventTime=62785787, downTime=62785706, deviceId=-1, source=0x101 }
D/PhoneStatusBar(  637): disable: < expand icons* alerts system_info* back home recent clock search >
W/EGL_emulation(  637): eglSurfaceAttrib not implemented
W/OpenGLRenderer(  637): Failed to set EGL_SWAP_BEHAVIOR on surface 0xeed5e2e0, error=EGL_SUCCESS
I/InputDispatcher(  510): Dropped event because of pending overdue app switch.
W/InputManager(  510): Input event injection from pid 8363 failed.
W/InputMethodManagerService(  510): Window already focused, ignoring focus gain of: com.android.internal.view.IInputMethodClient$Stub$Proxy@15e39830 attribute=null, token = android.os.BinderProxy@26838ee2
W/UnimplementedWebViewApi( 1257): Unimplemented WebView method onKeyDown called from: android.webkit.WebView.onKeyDown(WebView.java:2310)
W/AudioTrack(  510): AUDIO_OUTPUT_FLAG_FAST denied by client
W/AudioFlinger(  123): write blocked for 10039 msecs, 9 delayed writes, thread 0xf58ba000
D/PhoneStatusBar(  637): disable: < expand ICONS* alerts SYSTEM_INFO* back home recent clock search >
D/PhoneStatusBar(  637): disable: < expand icons* alerts system_info* back home recent clock search >
I/ActivityManager(  510): START u0 {act=android.intent.action.MAIN cat=[android.intent.category.LAUNCHER] flg=0x10200000 cmp=com.zzl.falcon.internal/com.zzl.falcon.EntranceActivity} from uid 0 on display 0
W/UnimplementedWebViewApi( 1257): Unimplemented WebView method onKeyMultiple called from: android.webkit.WebView.onKeyMultiple(WebView.java:2320)
W/UnimplementedWebViewApi( 1257): Unimplemented WebView method onKeyDown called from: android.webkit.WebView.onKeyDown(WebView.java:2310)
W/UnimplementedWebViewApi( 1257): Unimplemented WebView method onKeyDown called from: android.webkit.WebView.onKeyDown(WebView.java:2310)
W/AudioTrack(  510): AUDIO_OUTPUT_FLAG_FAST denied by client
W/UnimplementedWebViewApi( 1257): Unimplemented WebView method onKeyDown called from: android.webkit.WebView.onKeyDown(WebView.java:2310)
W/AudioTrack(  510): AUDIO_OUTPUT_FLAG_FAST denied by client
W/UnimplementedWebViewApi( 1257): Unimplemented WebView method onKeyDown called from: android.webkit.WebView.onKeyDown(WebView.java:2310)
W/AudioTrack(  510): AUDIO_OUTPUT_FLAG_FAST denied by client
W/UnimplementedWebViewApi( 1257): Unimplemented WebView method onKeyDown called from: android.webkit.WebView.onKeyDown(WebView.java:2310)
W/AudioTrack(  510): AUDIO_OUTPUT_FLAG_FAST denied by client
I/ActivityManager(  510): START u0 {act=android.intent.action.MAIN cat=[android.intent.category.LAUNCHER] flg=0x10200000 cmp=com.zzl.falcon.internal/com.zzl.falcon.EntranceActivity} from uid 0 on display 0
W/UnimplementedWebViewApi( 1257): Unimplemented WebView method onKeyMultiple called from: android.webkit.WebView.onKeyMultiple(WebView.java:2320)
W/UnimplementedWebViewApi( 1257): Unimplemented WebView method onKeyDown called from: android.webkit.WebView.onKeyDown(WebView.java:2310)
W/UnimplementedWebViewApi( 1257): Unimplemented WebView method onKeyDown called from: android.webkit.WebView.onKeyDown(WebView.java:2310)
W/AudioTrack(  510): AUDIO_OUTPUT_FLAG_FAST denied by client
W/UnimplementedWebViewApi( 1257): Unimplemented WebView method onKeyDown called from: android.webkit.WebView.onKeyDown(WebView.java:2310)
W/UnimplementedWebViewApi( 1257): Unimplemented WebView method onKeyMultiple called from: android.webkit.WebView.onKeyMultiple(WebView.java:2320)
W/UnimplementedWebViewApi( 1257): Unimplemented WebView method onKeyDown called from: android.webkit.WebView.onKeyDown(WebView.java:2310)
I/ActivityManager(  510): START u0 {act=android.intent.action.MAIN cat=[android.intent.category.LAUNCHER] flg=0x10200000 cmp=com.zzl.falcon.internal/com.zzl.falcon.EntranceActivity} from uid 0 on display 0
I/ActivityManager(  510): START u0 {act=android.intent.action.MAIN cat=[android.intent.category.LAUNCHER] flg=0x10200000 cmp=com.zzl.falcon.internal/com.zzl.falcon.EntranceActivity} from uid 0 on display 0
W/UnimplementedWebViewApi( 1257): Unimplemented WebView method onKeyDown called from: android.webkit.WebView.onKeyDown(WebView.java:2310)
W/AudioTrack(  510): AUDIO_OUTPUT_FLAG_FAST denied by client
I/chromium( 1257): [INFO:CONSOLE(1)] "Uncaught ReferenceError: jump is not defined", source:  (1)
D/WebView ( 1257): show url http://116.236.220.210:8084/mobileWeb/informain/mobileKnowledgeDetail?osType=Android&channelNo=008&aboutId=0fb3d4353e404d118fc74abe72f3e658
I/ActivityManager(  510): START u0 {act=android.intent.action.MAIN cat=[android.intent.category.LAUNCHER] flg=0x10200000 cmp=com.zzl.falcon.internal/com.squareup.leakcanary.internal.DisplayLeakActivity} from uid 0 on display 0
V/WindowManager(  510): addAppToken: AppWindowToken{142201cf token=Token{2622622e ActivityRecord{f669ca9 u0 com.zzl.falcon.internal/com.squareup.leakcanary.internal.DisplayLeakActivity t29}}} to stack=1 task=29 at 0
E/EGL_emulation(  504): tid 504: eglCreateSyncKHR(1209): error 0x3004 (EGL_BAD_ATTRIBUTE)
W/art     (  510): Long monitor contention event with owner method=android.graphics.Bitmap com.android.server.wm.WindowManagerService.screenshotApplications(android.os.IBinder, int, int, int, boolean) from WindowManagerService.java:6129 waiters=0 for 346ms
V/WindowManager(  510): Adding window Window{1ec88906 u0 Starting com.zzl.falcon.internal} at 4 of 9 (after Window{2058e273 u0 com.zzl.falcon.internal/com.zzl.falcon.WebViewActivity})
I/chromium( 1257): [INFO:CONSOLE(1)] "Uncaught ReferenceError: jump is not defined", source:  (1)
W/ViewRootImpl( 1257): Cancelling event due to no window focus: KeyEvent { action=ACTION_UP, keyCode=KEYCODE_DPAD_UP, scanCode=0, metaState=0, flags=0x28, repeatCount=0, eventTime=62795379, downTime=62795379, deviceId=-1, source=0x101 }
V/WindowManager(  510): Adding window Window{1881b2de u0 com.zzl.falcon.internal/com.squareup.leakcanary.internal.DisplayLeakActivity} at 4 of 10 (before Window{1ec88906 u0 Starting com.zzl.falcon.internal})
I/OpenGLRenderer( 8379): Initialized EGL, version 1.4
W/EGL_emulation( 8379): eglSurfaceAttrib not implemented
W/OpenGLRenderer( 8379): Failed to set EGL_SWAP_BEHAVIOR on surface 0xe1543ac0, error=EGL_SUCCESS
W/ViewRootImpl( 8379): Dropping event due to no window focus: KeyEvent { action=ACTION_DOWN, keyCode=KEYCODE_MENU, scanCode=0, metaState=0, flags=0x8, repeatCount=0, eventTime=62795898, downTime=62795898, deviceId=-1, source=0x101 }
W/ViewRootImpl( 8379): Cancelling event due to no window focus: KeyEvent { action=ACTION_UP, keyCode=KEYCODE_MENU, scanCode=0, metaState=0, flags=0x28, repeatCount=0, eventTime=62796383, downTime=62796383, deviceId=-1, source=0x101 }
W/ViewRootImpl( 8379): Cancelling event due to no window focus: KeyEvent { action=ACTION_UP, keyCode=KEYCODE_MENU, scanCode=0, metaState=0, flags=0x28, repeatCount=0, eventTime=62796383, downTime=62796383, deviceId=-1, source=0x101 }
W/ViewRootImpl( 8379): Cancelling event due to no window focus: KeyEvent { action=ACTION_UP, keyCode=KEYCODE_MENU, scanCode=0, metaState=0, flags=0x28, repeatCount=0, eventTime=62796383, downTime=62796383, deviceId=-1, source=0x101 }
W/ViewRootImpl( 8379): Cancelling event due to no window focus: KeyEvent { action=ACTION_UP, keyCode=KEYCODE_MENU, scanCode=0, metaState=0, flags=0x28, repeatCount=0, eventTime=62796383, downTime=62796383, deviceId=-1, source=0x101 }
W/ViewRootImpl( 8379): Cancelling event due to no window focus: KeyEvent { action=ACTION_UP, keyCode=KEYCODE_MENU, scanCode=0, metaState=0, flags=0x28, repeatCount=0, eventTime=62796383, downTime=62796383, deviceId=-1, source=0x101 }
W/ViewRootImpl( 8379): Cancelling event due to no window focus: KeyEvent { action=ACTION_UP, keyCode=KEYCODE_MENU, scanCode=0, metaState=0, flags=0x28, repeatCount=0, eventTime=62796383, downTime=62796383, deviceId=-1, source=0x101 }
W/ViewRootImpl( 8379): Dropping event due to no window focus: KeyEvent { action=ACTION_DOWN, keyCode=KEYCODE_DPAD_RIGHT, scanCode=0, metaState=0, flags=0x8, repeatCount=0, eventTime=62796483, downTime=62796483, deviceId=-1, source=0x101 }
W/ViewRootImpl( 8379): Cancelling event due to no window focus: KeyEvent { action=ACTION_UP, keyCode=KEYCODE_DPAD_RIGHT, scanCode=0, metaState=0, flags=0x28, repeatCount=0, eventTime=62796491, downTime=62796491, deviceId=-1, source=0x101 }
W/ViewRootImpl( 8379): Cancelling event due to no window focus: KeyEvent { action=ACTION_UP, keyCode=KEYCODE_DPAD_RIGHT, scanCode=0, metaState=0, flags=0x28, repeatCount=0, eventTime=62796491, downTime=62796491, deviceId=-1, source=0x101 }
W/ViewRootImpl( 8379): Cancelling event due to no window focus: KeyEvent { action=ACTION_UP, keyCode=KEYCODE_DPAD_RIGHT, scanCode=0, metaState=0, flags=0x28, repeatCount=0, eventTime=62796491, downTime=62796491, deviceId=-1, source=0x101 }
W/ViewRootImpl( 8379): Cancelling event due to no window focus: KeyEvent { action=ACTION_UP, keyCode=KEYCODE_DPAD_RIGHT, scanCode=0, metaState=0, flags=0x28, repeatCount=0, eventTime=62796491, downTime=62796491, deviceId=-1, source=0x101 }
W/ViewRootImpl( 8379): Cancelling event due to no window focus: KeyEvent { action=ACTION_UP, keyCode=KEYCODE_DPAD_RIGHT, scanCode=0, metaState=0, flags=0x28, repeatCount=0, eventTime=62796491, downTime=62796491, deviceId=-1, source=0x101 }
W/ViewRootImpl( 8379): Cancelling event due to no window focus: KeyEvent { action=ACTION_UP, keyCode=KEYCODE_DPAD_RIGHT, scanCode=0, metaState=0, flags=0x28, repeatCount=0, eventTime=62796491, downTime=62796491, deviceId=-1, source=0x101 }
W/ViewRootImpl( 8379): Cancelling event due to no window focus: KeyEvent { action=ACTION_UP, keyCode=KEYCODE_DPAD_RIGHT, scanCode=0, metaState=0, flags=0x28, repeatCount=0, eventTime=62796491, downTime=62796491, deviceId=-1, source=0x101 }
W/ViewRootImpl( 8379): Cancelling event due to no window focus: KeyEvent { action=ACTION_UP, keyCode=KEYCODE_DPAD_RIGHT, scanCode=0, metaState=0, flags=0x28, repeatCount=0, eventTime=62796491, downTime=62796491, deviceId=-1, source=0x101 }
W/ViewRootImpl( 8379): Cancelling event due to no window focus: KeyEvent { action=ACTION_UP, keyCode=KEYCODE_DPAD_RIGHT, scanCode=0, metaState=0, flags=0x28, repeatCount=0, eventTime=62796491, downTime=62796491, deviceId=-1, source=0x101 }
W/ViewRootImpl( 8379): Dropping event due to no window focus: KeyEvent { action=ACTION_DOWN, keyCode=KEYCODE_DPAD_LEFT, scanCode=0, metaState=0, flags=0x8, repeatCount=0, eventTime=62796492, downTime=62796492, deviceId=-1, source=0x101 }
W/ViewRootImpl( 8379): Cancelling event due to no window focus: KeyEvent { action=ACTION_UP, keyCode=KEYCODE_DPAD_LEFT, scanCode=0, metaState=0, flags=0x28, repeatCount=0, eventTime=62796496, downTime=62796496, deviceId=-1, source=0x101 }
W/ViewRootImpl( 8379): Cancelling event due to no window focus: KeyEvent { action=ACTION_UP, keyCode=KEYCODE_DPAD_LEFT, scanCode=0, metaState=0, flags=0x28, repeatCount=0, eventTime=62796496, downTime=62796496, deviceId=-1, source=0x101 }
W/ViewRootImpl( 8379): Cancelling event due to no window focus: KeyEvent { action=ACTION_UP, keyCode=KEYCODE_DPAD_LEFT, scanCode=0, metaState=0, flags=0x28, repeatCount=0, eventTime=62796496, downTime=62796496, deviceId=-1, source=0x101 }
W/ViewRootImpl( 8379): Cancelling event due to no window focus: KeyEvent { action=ACTION_UP, keyCode=KEYCODE_DPAD_LEFT, scanCode=0, metaState=0, flags=0x28, repeatCount=0, eventTime=62796496, downTime=62796496, deviceId=-1, source=0x101 }
W/ViewRootImpl( 8379): Cancelling event due to no window focus: KeyEvent { action=ACTION_UP, keyCode=KEYCODE_DPAD_LEFT, scanCode=0, metaState=0, flags=0x28, repeatCount=0, eventTime=62796496, downTime=62796496, deviceId=-1, source=0x101 }
W/ViewRootImpl( 8379): Cancelling event due to no window focus: KeyEvent { action=ACTION_UP, keyCode=KEYCODE_DPAD_LEFT, scanCode=0, metaState=0, flags=0x28, repeatCount=0, eventTime=62796496, downTime=62796496, deviceId=-1, source=0x101 }
W/ViewRootImpl( 8379): Cancelling event due to no window focus: KeyEvent { action=ACTION_UP, keyCode=KEYCODE_DPAD_LEFT, scanCode=0, metaState=0, flags=0x28, repeatCount=0, eventTime=62796496, downTime=62796496, deviceId=-1, source=0x101 }
W/ViewRootImpl( 8379): Cancelling event due to no window focus: KeyEvent { action=ACTION_UP, keyCode=KEYCODE_DPAD_LEFT, scanCode=0, metaState=0, flags=0x28, repeatCount=0, eventTime=62796496, downTime=62796496, deviceId=-1, source=0x101 }
W/ViewRootImpl( 8379): Cancelling event due to no window focus: KeyEvent { action=ACTION_UP, keyCode=KEYCODE_DPAD_LEFT, scanCode=0, metaState=0, flags=0x28, repeatCount=0, eventTime=62796496, downTime=62796496, deviceId=-1, source=0x101 }
I/ActivityManager(  510): Displayed com.zzl.falcon.internal/com.squareup.leakcanary.internal.DisplayLeakActivity: +640ms
W/AudioFlinger(  123): write blocked for 10089 msecs, 10 delayed writes, thread 0xf58ba000
D/ForegroundCallbacks( 1257): went background
W/IInputConnectionWrapper( 1257): showStatusIcon on inactive InputConnection
I/ActivityManager(  510): START u0 {act=android.intent.action.MAIN cat=[android.intent.category.LAUNCHER] flg=0x10200000 cmp=com.zzl.falcon.internal/com.squareup.leakcanary.internal.DisplayLeakActivity} from uid 0 on display 0
I/awcn.ComponentCallbacks2( 1257):  onTrimMemory level:20
I/awcn.SessionCenter( 1257): |[seq:[default]] [background]
I/awcn.StrategyCenter( 1257):  saveData
I/awcn.SessionCenter( 1257): |[seq:umeng:56aadbf567e58e38d4000976] [background]
I/awcn.StrategyCenter( 1257):  saveData
I/ActivityManager(  510): START u0 {act=android.intent.action.MAIN cat=[android.intent.category.LAUNCHER] flg=0x10200000 cmp=com.zzl.falcon.internal/com.zzl.falcon.EntranceActivity} from uid 0 on display 0
E/EGL_emulation(  504): tid 504: eglCreateSyncKHR(1209): error 0x3004 (EGL_BAD_ATTRIBUTE)
I/InputDispatcher(  510): Dropping event because there is no touchable window at (200, 1050).
W/InputManager(  510): Input event injection from pid 8363 failed.
W/InputManager(  510): Input event injection from pid 8363 failed.
I/InputDispatcher(  510): Dropping event because there is no touchable window at (739, 897).
W/InputManager(  510): Input event injection from pid 8363 failed.
W/InputManager(  510): Input event injection from pid 8363 failed.
W/InputManager(  510): Input event injection from pid 8363 failed.
W/InputManager(  510): Input event injection from pid 8363 failed.
W/InputManager(  510): Input event injection from pid 8363 failed.
W/InputManager(  510): Input event injection from pid 8363 failed.
I/InputDispatcher(  510): Dropping event because there is no touchable window at (403, 1157).
W/InputManager(  510): Input event injection from pid 8363 failed.
W/InputManager(  510): Input event injection from pid 8363 failed.
I/InputDispatcher(  510): Dropping event because there is no touchable window at (387, 965).
W/InputManager(  510): Input event injection from pid 8363 failed.
W/InputManager(  510): Input event injection from pid 8363 failed.
W/InputManager(  510): Input event injection from pid 8363 failed.
W/InputManager(  510): Input event injection from pid 8363 failed.
W/InputManager(  510): Input event injection from pid 8363 failed.
W/InputManager(  510): Input event injection from pid 8363 failed.
W/InputManager(  510): Input event injection from pid 8363 failed.
W/InputManager(  510): Input event injection from pid 8363 failed.
W/InputManager(  510): Input event injection from pid 8363 failed.
I/InputDispatcher(  510): Dropping event because there is no touchable window at (705, 1120).
W/InputManager(  510): Input event injection from pid 8363 failed.
W/InputManager(  510): Input event injection from pid 8363 failed.
W/InputManager(  510): Input event injection from pid 8363 failed.
D/ForegroundCallbacks( 1257): went foreground
I/awcn.SessionCenter( 1257): |[seq:[default]] [forground]
I/awcn.SessionCenter( 1257): |[seq:umeng:56aadbf567e58e38d4000976] [forground]
D/awcn.StrategyCenter( 1257):  getSchemeByHost host:umengacs.m.taobao.com scheme:https
D/awcn.SessionCenter( 1257): |[seq:umeng:56aadbf567e58e38d4000976] getInternal u:https://umengacs.m.taobao.com TypeClass:SPDY timeout:0
D/awcn.StrategyCenter( 1257):  getSchemeByHost host:umengacs.m.taobao.com scheme:https
D/awcn.SessionCenter( 1257): |[seq:umeng:56aadbf567e58e38d4000976] get internal hit cache session session:Session@[umeng:56aadbf567e58e38d4000976.AWCN4_1|http2_0rtt_acs]
W/EGL_emulation( 1257): eglSurfaceAttrib not implemented
W/OpenGLRenderer( 1257): Failed to set EGL_SWAP_BEHAVIOR on surface 0xde7ff0e0, error=EGL_SUCCESS
W/ViewRootImpl( 1257): Cancelling event due to no window focus: KeyEvent { action=ACTION_UP, keyCode=KEYCODE_DPAD_LEFT, scanCode=0, metaState=0, flags=0x28, repeatCount=0, eventTime=62797251, downTime=62797251, deviceId=-1, source=0x101 }
W/ViewRootImpl( 1257): Cancelling event due to no window focus: KeyEvent { action=ACTION_UP, keyCode=KEYCODE_DPAD_LEFT, scanCode=0, metaState=0, flags=0x28, repeatCount=0, eventTime=62797251, downTime=62797251, deviceId=-1, source=0x101 }
W/ViewRootImpl( 1257): Cancelling event due to no window focus: KeyEvent { action=ACTION_UP, keyCode=KEYCODE_DPAD_LEFT, scanCode=0, metaState=0, flags=0x28, repeatCount=0, eventTime=62797251, downTime=62797251, deviceId=-1, source=0x101 }
W/ViewRootImpl( 1257): Cancelling event due to no window focus: KeyEvent { action=ACTION_UP, keyCode=KEYCODE_DPAD_LEFT, scanCode=0, metaState=0, flags=0x28, repeatCount=0, eventTime=62797251, downTime=62797251, deviceId=-1, source=0x101 }
W/ViewRootImpl( 1257): Cancelling event due to no window focus: KeyEvent { action=ACTION_UP, keyCode=KEYCODE_DPAD_LEFT, scanCode=0, metaState=0, flags=0x28, repeatCount=0, eventTime=62797251, downTime=62797251, deviceId=-1, source=0x101 }
W/ViewRootImpl( 1257): Cancelling event due to no window focus: KeyEvent { action=ACTION_UP, keyCode=KEYCODE_DPAD_LEFT, scanCode=0, metaState=0, flags=0x28, repeatCount=0, eventTime=62797251, downTime=62797251, deviceId=-1, source=0x101 }
W/ViewRootImpl( 1257): Dropping event due to no window focus: KeyEvent { action=ACTION_DOWN, keyCode=KEYCODE_MENU, scanCode=0, metaState=0, flags=0x8, repeatCount=0, eventTime=62797361, downTime=62797361, deviceId=-1, source=0x101 }
W/ViewRootImpl( 1257): Cancelling event due to no window focus: KeyEvent { action=ACTION_UP, keyCode=KEYCODE_MENU, scanCode=0, metaState=0, flags=0x28, repeatCount=0, eventTime=62797399, downTime=62797399, deviceId=-1, source=0x101 }
W/ViewRootImpl( 1257): Cancelling event due to no window focus: KeyEvent { action=ACTION_UP, keyCode=KEYCODE_MENU, scanCode=0, metaState=0, flags=0x28, repeatCount=0, eventTime=62797399, downTime=62797399, deviceId=-1, source=0x101 }
W/ViewRootImpl( 1257): Cancelling event due to no window focus: KeyEvent { action=ACTION_UP, keyCode=KEYCODE_MENU, scanCode=0, metaState=0, flags=0x28, repeatCount=0, eventTime=62797399, downTime=62797399, deviceId=-1, source=0x101 }
W/ViewRootImpl( 1257): Cancelling event due to no window focus: KeyEvent { action=ACTION_UP, keyCode=KEYCODE_MENU, scanCode=0, metaState=0, flags=0x28, repeatCount=0, eventTime=62797399, downTime=62797399, deviceId=-1, source=0x101 }
W/ViewRootImpl( 1257): Cancelling event due to no window focus: KeyEvent { action=ACTION_UP, keyCode=KEYCODE_MENU, scanCode=0, metaState=0, flags=0x28, repeatCount=0, eventTime=62797399, downTime=62797399, deviceId=-1, source=0x101 }
W/ViewRootImpl( 1257): Cancelling event due to no window focus: KeyEvent { action=ACTION_UP, keyCode=KEYCODE_MENU, scanCode=0, metaState=0, flags=0x28, repeatCount=0, eventTime=62797399, downTime=62797399, deviceId=-1, source=0x101 }
W/AudioTrack(  510): AUDIO_OUTPUT_FLAG_FAST denied by client
W/UnimplementedWebViewApi( 1257): Unimplemented WebView method onKeyDown called from: android.webkit.WebView.onKeyDown(WebView.java:2310)
W/AudioTrack(  510): AUDIO_OUTPUT_FLAG_FAST denied by client
W/UnimplementedWebViewApi( 1257): Unimplemented WebView method onKeyDown called from: android.webkit.WebView.onKeyDown(WebView.java:2310)
W/UnimplementedWebViewApi( 1257): Unimplemented WebView method onKeyDown called from: android.webkit.WebView.onKeyDown(WebView.java:2310)
W/AudioTrack(  510): AUDIO_OUTPUT_FLAG_FAST denied by client
W/UnimplementedWebViewApi( 1257): Unimplemented WebView method onKeyDown called from: android.webkit.WebView.onKeyDown(WebView.java:2310)
W/AudioTrack(  510): AUDIO_OUTPUT_FLAG_FAST denied by client
W/AudioTrack(  510): AUDIO_OUTPUT_FLAG_FAST denied by client
W/UnimplementedWebViewApi( 1257): Unimplemented WebView method onKeyMultiple called from: android.webkit.WebView.onKeyMultiple(WebView.java:2320)
W/UnimplementedWebViewApi( 1257): Unimplemented WebView method onKeyDown called from: android.webkit.WebView.onKeyDown(WebView.java:2310)
W/UnimplementedWebViewApi( 1257): Unimplemented WebView method onKeyMultiple called from: android.webkit.WebView.onKeyMultiple(WebView.java:2320)
W/UnimplementedWebViewApi( 1257): Unimplemented WebView method onKeyDown called from: android.webkit.WebView.onKeyDown(WebView.java:2310)
W/UnimplementedWebViewApi( 1257): Unimplemented WebView method onKeyDown called from: android.webkit.WebView.onKeyDown(WebView.java:2310)
W/AudioTrack(  510): AUDIO_OUTPUT_FLAG_FAST denied by client
D/PhoneStatusBar(  637): disable: < expand ICONS* alerts SYSTEM_INFO* back home recent clock search >
D/PhoneStatusBar(  637): disable: < expand icons* alerts system_info* back home recent clock search >
W/UnimplementedWebViewApi( 1257): Unimplemented WebView method onKeyMultiple called from: android.webkit.WebView.onKeyMultiple(WebView.java:2320)
W/UnimplementedWebViewApi( 1257): Unimplemented WebView method onKeyDown called from: android.webkit.WebView.onKeyDown(WebView.java:2310)
I/ActivityManager(  510): START u0 {act=android.intent.action.MAIN cat=[android.intent.category.LAUNCHER] flg=0x10200000 cmp=com.zzl.falcon.internal/com.squareup.leakcanary.internal.DisplayLeakActivity} from uid 0 on display 0
E/EGL_emulation(  504): tid 504: eglCreateSyncKHR(1209): error 0x3004 (EGL_BAD_ATTRIBUTE)
W/ActivityManager(  510): Activity pause timeout for ActivityRecord{3093b27e u0 com.zzl.falcon.internal/com.zzl.falcon.WebViewActivity t19}
I/OpenGLRenderer( 8379): Initialized EGL, version 1.4
W/EGL_emulation( 8379): eglSurfaceAttrib not implemented
W/OpenGLRenderer( 8379): Failed to set EGL_SWAP_BEHAVIOR on surface 0xe1543e40, error=EGL_SUCCESS
W/ViewRootImpl( 8379): Dropping event due to no window focus: KeyEvent { action=ACTION_DOWN, keyCode=KEYCODE_D, scanCode=0, metaState=0, flags=0x8, repeatCount=0, eventTime=62800873, downTime=62800873, deviceId=-1, source=0x101 }
W/ViewRootImpl( 8379): Cancelling event due to no window focus: KeyEvent { action=ACTION_UP, keyCode=KEYCODE_D, scanCode=0, metaState=0, flags=0x28, repeatCount=0, eventTime=62801413, downTime=62801413, deviceId=-1, source=0x101 }
W/ViewRootImpl( 8379): Cancelling event due to no window focus: KeyEvent { action=ACTION_UP, keyCode=KEYCODE_D, scanCode=0, metaState=0, flags=0x28, repeatCount=0, eventTime=62801413, downTime=62801413, deviceId=-1, source=0x101 }
W/ViewRootImpl( 8379): Cancelling event due to no window focus: KeyEvent { action=ACTION_UP, keyCode=KEYCODE_D, scanCode=0, metaState=0, flags=0x28, repeatCount=0, eventTime=62801413, downTime=62801413, deviceId=-1, source=0x101 }
W/ViewRootImpl( 8379): Cancelling event due to no window focus: KeyEvent { action=ACTION_UP, keyCode=KEYCODE_D, scanCode=0, metaState=0, flags=0x28, repeatCount=0, eventTime=62801413, downTime=62801413, deviceId=-1, source=0x101 }
W/ViewRootImpl( 8379): Cancelling event due to no window focus: KeyEvent { action=ACTION_UP, keyCode=KEYCODE_D, scanCode=0, metaState=0, flags=0x28, repeatCount=0, eventTime=62801413, downTime=62801413, deviceId=-1, source=0x101 }
W/ViewRootImpl( 8379): Cancelling event due to no window focus: KeyEvent { action=ACTION_UP, keyCode=KEYCODE_D, scanCode=0, metaState=0, flags=0x28, repeatCount=0, eventTime=62801413, downTime=62801413, deviceId=-1, source=0x101 }
W/ViewRootImpl( 8379): Cancelling event due to no window focus: KeyEvent { action=ACTION_UP, keyCode=KEYCODE_D, scanCode=0, metaState=0, flags=0x28, repeatCount=0, eventTime=62801413, downTime=62801413, deviceId=-1, source=0x101 }
W/ViewRootImpl( 8379): Cancelling event due to no window focus: KeyEvent { action=ACTION_UP, keyCode=KEYCODE_D, scanCode=0, metaState=0, flags=0x28, repeatCount=0, eventTime=62801413, downTime=62801413, deviceId=-1, source=0x101 }
W/ViewRootImpl( 8379): Cancelling event due to no window focus: KeyEvent { action=ACTION_UP, keyCode=KEYCODE_D, scanCode=0, metaState=0, flags=0x28, repeatCount=0, eventTime=62801413, downTime=62801413, deviceId=-1, source=0x101 }
D/PhoneStatusBar(  637): disable: < expand ICONS* alerts SYSTEM_INFO* back home recent clock search >
W/EGL_emulation(  637): eglSurfaceAttrib not implemented
W/OpenGLRenderer(  637): Failed to set EGL_SWAP_BEHAVIOR on surface 0xeed5e2e0, error=EGL_SUCCESS
W/ViewRootImpl(  637): Cancelling event due to no window focus: KeyEvent { action=ACTION_UP, keyCode=KEYCODE_DPAD_UP, scanCode=0, metaState=0, flags=0x28, repeatCount=0, eventTime=62801961, downTime=62801961, deviceId=-1, source=0x101 }
W/ViewRootImpl(  637): Cancelling event due to no window focus: KeyEvent { action=ACTION_UP, keyCode=KEYCODE_DPAD_UP, scanCode=0, metaState=0, flags=0x28, repeatCount=0, eventTime=62801961, downTime=62801961, deviceId=-1, source=0x101 }
W/ViewRootImpl(  637): Cancelling event due to no window focus: KeyEvent { action=ACTION_UP, keyCode=KEYCODE_DPAD_UP, scanCode=0, metaState=0, flags=0x28, repeatCount=0, eventTime=62801961, downTime=62801961, deviceId=-1, source=0x101 }
W/ViewRootImpl(  637): Cancelling event due to no window focus: KeyEvent { action=ACTION_UP, keyCode=KEYCODE_DPAD_UP, scanCode=0, metaState=0, flags=0x28, repeatCount=0, eventTime=62801961, downTime=62801961, deviceId=-1, source=0x101 }
W/ViewRootImpl(  637): Cancelling event due to no window focus: KeyEvent { action=ACTION_UP, keyCode=KEYCODE_DPAD_UP, scanCode=0, metaState=0, flags=0x28, repeatCount=0, eventTime=62801961, downTime=62801961, deviceId=-1, source=0x101 }
W/ViewRootImpl(  637): Cancelling event due to no window focus: KeyEvent { action=ACTION_UP, keyCode=KEYCODE_DPAD_UP, scanCode=0, metaState=0, flags=0x28, repeatCount=0, eventTime=62801961, downTime=62801961, deviceId=-1, source=0x101 }
W/ViewRootImpl(  637): Cancelling event due to no window focus: KeyEvent { action=ACTION_UP, keyCode=KEYCODE_DPAD_UP, scanCode=0, metaState=0, flags=0x28, repeatCount=0, eventTime=62801961, downTime=62801961, deviceId=-1, source=0x101 }
W/ViewRootImpl(  637): Cancelling event due to no window focus: KeyEvent { action=ACTION_UP, keyCode=KEYCODE_DPAD_UP, scanCode=0, metaState=0, flags=0x28, repeatCount=0, eventTime=62801961, downTime=62801961, deviceId=-1, source=0x101 }
W/ViewRootImpl(  637): Cancelling event due to no window focus: KeyEvent { action=ACTION_UP, keyCode=KEYCODE_DPAD_UP, scanCode=0, metaState=0, flags=0x28, repeatCount=0, eventTime=62801961, downTime=62801961, deviceId=-1, source=0x101 }
D/PhoneStatusBar(  637): disable: < expand icons* alerts system_info* back home recent clock search >
W/ViewRootImpl( 8379): Dropping event due to no window focus: KeyEvent { action=ACTION_DOWN, keyCode=KEYCODE_MENU, scanCode=0, metaState=0, flags=0x8, repeatCount=0, eventTime=62802116, downTime=62802116, deviceId=-1, source=0x101 }
W/ViewRootImpl( 8379): Cancelling event due to no window focus: KeyEvent { action=ACTION_UP, keyCode=KEYCODE_MENU, scanCode=0, metaState=0, flags=0x28, repeatCount=0, eventTime=62802197, downTime=62802197, deviceId=-1, source=0x101 }
W/ViewRootImpl( 8379): Cancelling event due to no window focus: KeyEvent { action=ACTION_UP, keyCode=KEYCODE_MENU, scanCode=0, metaState=0, flags=0x28, repeatCount=0, eventTime=62802197, downTime=62802197, deviceId=-1, source=0x101 }
W/ViewRootImpl( 8379): Cancelling event due to no window focus: KeyEvent { action=ACTION_UP, keyCode=KEYCODE_MENU, scanCode=0, metaState=0, flags=0x28, repeatCount=0, eventTime=62802197, downTime=62802197, deviceId=-1, source=0x101 }
W/ViewRootImpl( 8379): Cancelling event due to no window focus: KeyEvent { action=ACTION_UP, keyCode=KEYCODE_MENU, scanCode=0, metaState=0, flags=0x28, repeatCount=0, eventTime=62802197, downTime=62802197, deviceId=-1, source=0x101 }
W/ViewRootImpl( 8379): Cancelling event due to no window focus: KeyEvent { action=ACTION_UP, keyCode=KEYCODE_MENU, scanCode=0, metaState=0, flags=0x28, repeatCount=0, eventTime=62802197, downTime=62802197, deviceId=-1, source=0x101 }
W/ViewRootImpl( 8379): Cancelling event due to no window focus: KeyEvent { action=ACTION_UP, keyCode=KEYCODE_MENU, scanCode=0, metaState=0, flags=0x28, repeatCount=0, eventTime=62802197, downTime=62802197, deviceId=-1, source=0x101 }
W/ViewRootImpl( 8379): Dropping event due to no window focus: MotionEvent { action=ACTION_MOVE, id[0]=0, x[0]=-3.0, y[0]=-5.0, toolType[0]=TOOL_TYPE_UNKNOWN, buttonState=0, metaState=0, flags=0x0, edgeFlags=0x0, pointerCount=1, historySize=9, eventTime=62802207, downTime=-1, deviceId=0, source=0x10004 }
W/ViewRootImpl( 8379): Dropping event due to no window focus: MotionEvent { action=ACTION_DOWN, id[0]=0, x[0]=0.0, y[0]=0.0, toolType[0]=TOOL_TYPE_UNKNOWN, buttonState=0, metaState=0, flags=0x0, edgeFlags=0x0, pointerCount=1, historySize=0, eventTime=62802209, downTime=62802198, deviceId=0, source=0x10004 }
W/ViewRootImpl( 8379): Cancelling event due to no window focus: MotionEvent { action=ACTION_CANCEL, id[0]=0, x[0]=0.0, y[0]=0.0, toolType[0]=TOOL_TYPE_UNKNOWN, buttonState=0, metaState=0, flags=0x0, edgeFlags=0x0, pointerCount=1, historySize=0, eventTime=62802211, downTime=62802198, deviceId=0, source=0x10004 }
W/ViewRootImpl( 8379): Cancelling event due to no window focus: MotionEvent { action=ACTION_CANCEL, id[0]=0, x[0]=0.0, y[0]=0.0, toolType[0]=TOOL_TYPE_UNKNOWN, buttonState=0, metaState=0, flags=0x0, edgeFlags=0x0, pointerCount=1, historySize=0, eventTime=62802211, downTime=62802198, deviceId=0, source=0x10004 }
W/ViewRootImpl( 8379): Cancelling event due to no window focus: MotionEvent { action=ACTION_CANCEL, id[0]=0, x[0]=0.0, y[0]=0.0, toolType[0]=TOOL_TYPE_UNKNOWN, buttonState=0, metaState=0, flags=0x0, edgeFlags=0x0, pointerCount=1, historySize=0, eventTime=62802211, downTime=62802198, deviceId=0, source=0x10004 }
W/ViewRootImpl( 8379): Cancelling event due to no window focus: MotionEvent { action=ACTION_CANCEL, id[0]=0, x[0]=0.0, y[0]=0.0, toolType[0]=TOOL_TYPE_UNKNOWN, buttonState=0, metaState=0, flags=0x0, edgeFlags=0x0, pointerCount=1, historySize=0, eventTime=62802211, downTime=62802198, deviceId=0, source=0x10004 }
W/ViewRootImpl( 8379): Cancelling event due to no window focus: MotionEvent { action=ACTION_CANCEL, id[0]=0, x[0]=0.0, y[0]=0.0, toolType[0]=TOOL_TYPE_UNKNOWN, buttonState=0, metaState=0, flags=0x0, edgeFlags=0x0, pointerCount=1, historySize=0, eventTime=62802211, downTime=62802198, deviceId=0, source=0x10004 }
W/ViewRootImpl( 8379): Cancelling event due to no window focus: MotionEvent { action=ACTION_CANCEL, id[0]=0, x[0]=0.0, y[0]=0.0, toolType[0]=TOOL_TYPE_UNKNOWN, buttonState=0, metaState=0, flags=0x0, edgeFlags=0x0, pointerCount=1, historySize=0, eventTime=62802211, downTime=62802198, deviceId=0, source=0x10004 }
W/ViewRootImpl( 8379): Cancelling event due to no window focus: MotionEvent { action=ACTION_CANCEL, id[0]=0, x[0]=0.0, y[0]=0.0, toolType[0]=TOOL_TYPE_UNKNOWN, buttonState=0, metaState=0, flags=0x0, edgeFlags=0x0, pointerCount=1, historySize=0, eventTime=62802211, downTime=62802198, deviceId=0, source=0x10004 }
W/ViewRootImpl( 8379): Dropping event due to no window focus: KeyEvent { action=ACTION_DOWN, keyCode=KEYCODE_MENU, scanCode=0, metaState=0, flags=0x8, repeatCount=0, eventTime=62802211, downTime=62802211, deviceId=-1, source=0x101 }
W/ViewRootImpl( 8379): Cancelling event due to no window focus: KeyEvent { action=ACTION_UP, keyCode=KEYCODE_MENU, scanCode=0, metaState=0, flags=0x28, repeatCount=0, eventTime=62802214, downTime=62802214, deviceId=-1, source=0x101 }
W/ViewRootImpl( 8379): Cancelling event due to no window focus: KeyEvent { action=ACTION_UP, keyCode=KEYCODE_MENU, scanCode=0, metaState=0, flags=0x28, repeatCount=0, eventTime=62802214, downTime=62802214, deviceId=-1, source=0x101 }
W/ViewRootImpl( 8379): Cancelling event due to no window focus: KeyEvent { action=ACTION_UP, keyCode=KEYCODE_MENU, scanCode=0, metaState=0, flags=0x28, repeatCount=0, eventTime=62802214, downTime=62802214, deviceId=-1, source=0x101 }
W/EGL_emulation(  637): eglSurfaceAttrib not implemented
W/OpenGLRenderer(  637): Failed to set EGL_SWAP_BEHAVIOR on surface 0xeed5e2e0, error=EGL_SUCCESS
W/ViewRootImpl( 8379): Cancelling event due to no window focus: KeyEvent { action=ACTION_UP, keyCode=KEYCODE_MENU, scanCode=0, metaState=0, flags=0x28, repeatCount=0, eventTime=62802214, downTime=62802214, deviceId=-1, source=0x101 }
W/ViewRootImpl( 8379): Cancelling event due to no window focus: KeyEvent { action=ACTION_UP, keyCode=KEYCODE_MENU, scanCode=0, metaState=0, flags=0x28, repeatCount=0, eventTime=62802214, downTime=62802214, deviceId=-1, source=0x101 }
W/ViewRootImpl( 8379): Cancelling event due to no window focus: KeyEvent { action=ACTION_UP, keyCode=KEYCODE_MENU, scanCode=0, metaState=0, flags=0x28, repeatCount=0, eventTime=62802214, downTime=62802214, deviceId=-1, source=0x101 }
W/IInputConnectionWrapper( 1257): showStatusIcon on inactive InputConnection
W/ViewRootImpl( 8379): Dropping event due to no window focus: KeyEvent { action=ACTION_DOWN, keyCode=KEYCODE_DPAD_DOWN, scanCode=0, metaState=0, flags=0x8, repeatCount=0, eventTime=62802241, downTime=62802241, deviceId=-1, source=0x101 }
W/ViewRootImpl( 8379): Cancelling event due to no window focus: KeyEvent { action=ACTION_UP, keyCode=KEYCODE_DPAD_DOWN, scanCode=0, metaState=0, flags=0x28, repeatCount=0, eventTime=62802241, downTime=62802241, deviceId=-1, source=0x101 }
W/ViewRootImpl( 8379): Cancelling event due to no window focus: KeyEvent { action=ACTION_UP, keyCode=KEYCODE_DPAD_DOWN, scanCode=0, metaState=0, flags=0x28, repeatCount=0, eventTime=62802241, downTime=62802241, deviceId=-1, source=0x101 }
W/ViewRootImpl( 8379): Cancelling event due to no window focus: KeyEvent { action=ACTION_UP, keyCode=KEYCODE_DPAD_DOWN, scanCode=0, metaState=0, flags=0x28, repeatCount=0, eventTime=62802241, downTime=62802241, deviceId=-1, source=0x101 }
W/ViewRootImpl( 8379): Cancelling event due to no window focus: KeyEvent { action=ACTION_UP, keyCode=KEYCODE_DPAD_DOWN, scanCode=0, metaState=0, flags=0x28, repeatCount=0, eventTime=62802241, downTime=62802241, deviceId=-1, source=0x101 }
W/ViewRootImpl( 8379): Cancelling event due to no window focus: KeyEvent { action=ACTION_UP, keyCode=KEYCODE_DPAD_DOWN, scanCode=0, metaState=0, flags=0x28, repeatCount=0, eventTime=62802241, downTime=62802241, deviceId=-1, source=0x101 }
W/ViewRootImpl( 8379): Cancelling event due to no window focus: KeyEvent { action=ACTION_UP, keyCode=KEYCODE_DPAD_DOWN, scanCode=0, metaState=0, flags=0x28, repeatCount=0, eventTime=62802241, downTime=62802241, deviceId=-1, source=0x101 }
W/ViewRootImpl( 8379): Cancelling event due to no window focus: KeyEvent { action=ACTION_UP, keyCode=KEYCODE_DPAD_DOWN, scanCode=0, metaState=0, flags=0x28, repeatCount=0, eventTime=62802241, downTime=62802241, deviceId=-1, source=0x101 }
W/ViewRootImpl( 8379): Cancelling event due to no window focus: KeyEvent { action=ACTION_UP, keyCode=KEYCODE_DPAD_DOWN, scanCode=0, metaState=0, flags=0x28, repeatCount=0, eventTime=62802241, downTime=62802241, deviceId=-1, source=0x101 }
W/ViewRootImpl( 8379): Cancelling event due to no window focus: KeyEvent { action=ACTION_UP, keyCode=KEYCODE_DPAD_DOWN, scanCode=0, metaState=0, flags=0x28, repeatCount=0, eventTime=62802241, downTime=62802241, deviceId=-1, source=0x101 }
W/ViewRootImpl( 8379): Dropping event due to no window focus: KeyEvent { action=ACTION_DOWN, keyCode=KEYCODE_DPAD_DOWN, scanCode=0, metaState=0, flags=0x8, repeatCount=0, eventTime=62802242, downTime=62802242, deviceId=-1, source=0x101 }
W/ViewRootImpl( 8379): Cancelling event due to no window focus: KeyEvent { action=ACTION_UP, keyCode=KEYCODE_DPAD_DOWN, scanCode=0, metaState=0, flags=0x28, repeatCount=0, eventTime=62802243, downTime=62802243, deviceId=-1, source=0x101 }
W/ViewRootImpl( 8379): Cancelling event due to no window focus: KeyEvent { action=ACTION_UP, keyCode=KEYCODE_DPAD_DOWN, scanCode=0, metaState=0, flags=0x28, repeatCount=0, eventTime=62802243, downTime=62802243, deviceId=-1, source=0x101 }
W/ViewRootImpl( 8379): Cancelling event due to no window focus: KeyEvent { action=ACTION_UP, keyCode=KEYCODE_DPAD_DOWN, scanCode=0, metaState=0, flags=0x28, repeatCount=0, eventTime=62802243, downTime=62802243, deviceId=-1, source=0x101 }
W/ViewRootImpl( 8379): Cancelling event due to no window focus: KeyEvent { action=ACTION_UP, keyCode=KEYCODE_DPAD_DOWN, scanCode=0, metaState=0, flags=0x28, repeatCount=0, eventTime=62802243, downTime=62802243, deviceId