W/UnimplementedWebViewApi( 1257): Unimplemented WebView method onKeyDown called from: android.webkit.WebView.onKeyDown(WebView.java:2310)
W/AudioTrack(  510): AUDIO_OUTPUT_FLAG_FAST denied by client
W/UnimplementedWebViewApi( 1257): Unimplemented WebView method onKeyDown called from: android.webkit.WebView.onKeyDown(WebView.java:2310)
W/AudioService(  510): stream was not muted by this client
E/AudioService(  510): Could not get client death handler for stream: 1
W/AudioService(  510): stream was not muted by this client
E/AudioService(  510): Could not get client death handler for stream: 2
W/AudioService(  510): stream was not muted by this client
E/AudioService(  510): Could not get client death handler for stream: 5
W/AudioService(  510): stream was not muted by this client
E/AudioService(  510): Could not get client death handler for stream: 7
W/AudioService(  510): stream was not muted by this client
E/AudioService(  510): Could not get client death handler for stream: 8
W/UnimplementedWebViewApi( 1257): Unimplemented WebView method onKeyDown called from: android.webkit.WebView.onKeyDown(WebView.java:2310)
I/ActivityManager(  510): START u0 {act=android.intent.action.CALL_BUTTON flg=0x10000000 cmp=com.android.dialer/.DialtactsActivity} from uid 10068 on display 0
W/AudioFlinger(  123): write blocked for 20055 msecs, 8 delayed writes, thread 0xf58ba000
W/UnimplementedWebViewApi( 1257): Unimplemented WebView method onKeyDown called from: android.webkit.WebView.onKeyDown(WebView.java:2310)
W/UnimplementedWebViewApi( 1257): Unimplemented WebView method onKeyDown called from: android.webkit.WebView.onKeyDown(WebView.java:2310)
W/AudioTrack(  510): AUDIO_OUTPUT_FLAG_FAST denied by client
W/AudioTrack(  510): AUDIO_OUTPUT_FLAG_FAST denied by client
W/AudioTrack(  510): AUDIO_OUTPUT_FLAG_FAST denied by client
W/EGL_emulation(  637): eglSurfaceAttrib not implemented
W/OpenGLRenderer(  637): Failed to set EGL_SWAP_BEHAVIOR on surface 0xe21b5960, error=EGL_SUCCESS
D/OpenGLRenderer(  637): endAllStagingAnimators on 0xe21ea200 (RippleDrawable) with handle 0xe20ef710
D/PhoneStatusBar(  637): disable: < expand ICONS* alerts SYSTEM_INFO* back home recent clock search >
W/EGL_emulation(  637): eglSurfaceAttrib not implemented
W/OpenGLRenderer(  637): Failed to set EGL_SWAP_BEHAVIOR on surface 0xeed5e2e0, error=EGL_SUCCESS
W/ViewRootImpl(  637): Dropping event due to no window focus: KeyEvent { action=ACTION_DOWN, keyCode=KEYCODE_TV_INPUT_HDMI_1, scanCode=0, metaState=0, flags=0x8, repeatCount=0, eventTime=62761619, downTime=62761619, deviceId=-1, source=0x101 }
W/ViewRootImpl(  637): Cancelling event due to no window focus: KeyEvent { action=ACTION_UP, keyCode=KEYCODE_TV_INPUT_HDMI_1, scanCode=0, metaState=0, flags=0x28, repeatCount=0, eventTime=62761633, downTime=62761633, deviceId=-1, source=0x101 }
W/ViewRootImpl(  637): Cancelling event due to no window focus: KeyEvent { action=ACTION_UP, keyCode=KEYCODE_TV_INPUT_HDMI_1, scanCode=0, metaState=0, flags=0x28, repeatCount=0, eventTime=62761633, downTime=62761633, deviceId=-1, source=0x101 }
W/ViewRootImpl(  637): Cancelling event due to no window focus: KeyEvent { action=ACTION_UP, keyCode=KEYCODE_TV_INPUT_HDMI_1, scanCode=0, metaState=0, flags=0x28, repeatCount=0, eventTime=62761633, downTime=62761633, deviceId=-1, source=0x101 }
W/ViewRootImpl(  637): Cancelling event due to no window focus: KeyEvent { action=ACTION_UP, keyCode=KEYCODE_TV_INPUT_HDMI_1, scanCode=0, metaState=0, flags=0x28, repeatCount=0, eventTime=62761633, downTime=62761633, deviceId=-1, source=0x101 }
W/ViewRootImpl(  637): Cancelling event due to no window focus: KeyEvent { action=ACTION_UP, keyCode=KEYCODE_TV_INPUT_HDMI_1, scanCode=0, metaState=0, flags=0x28, repeatCount=0, eventTime=62761633, downTime=62761633, deviceId=-1, source=0x101 }
W/ViewRootImpl(  637): Cancelling event due to no window focus: KeyEvent { action=ACTION_UP, keyCode=KEYCODE_TV_INPUT_HDMI_1, scanCode=0, metaState=0, flags=0x28, repeatCount=0, eventTime=62761633, downTime=62761633, deviceId=-1, source=0x101 }
W/ViewRootImpl(  637): Cancelling event due to no window focus: KeyEvent { action=ACTION_UP, keyCode=KEYCODE_TV_INPUT_HDMI_1, scanCode=0, metaState=0, flags=0x28, repeatCount=0, eventTime=62761633, downTime=62761633, deviceId=-1, source=0x101 }
W/ViewRootImpl(  637): Cancelling event due to no window focus: KeyEvent { action=ACTION_UP, keyCode=KEYCODE_TV_INPUT_HDMI_1, scanCode=0, metaState=0, flags=0x28, repeatCount=0, eventTime=62761633, downTime=62761633, deviceId=-1, source=0x101 }
W/ViewRootImpl(  637): Cancelling event due to no window focus: KeyEvent { action=ACTION_UP, keyCode=KEYCODE_TV_INPUT_HDMI_1, scanCode=0, metaState=0, flags=0x28, repeatCount=0, eventTime=62761633, downTime=62761633, deviceId=-1, source=0x101 }
W/AudioTrack(  510): AUDIO_OUTPUT_FLAG_FAST denied by client
W/AudioTrack(  510): AUDIO_OUTPUT_FLAG_FAST denied by client
I/ActivityManager(  510): START u0 {act=android.intent.action.CALL_BUTTON flg=0x10000000 cmp=com.android.dialer/.DialtactsActivity} from uid 10013 on display 0
W/ViewRootImpl( 1257): Dropping event due to no window focus: KeyEvent { action=ACTION_DOWN, keyCode=KEYCODE_MINUS, scanCode=0, metaState=0, flags=0x8, repeatCount=0, eventTime=62762027, downTime=62762027, deviceId=-1, source=0x101 }
W/ViewRootImpl( 1257): Cancelling event due to no window focus: KeyEvent { action=ACTION_UP, keyCode=KEYCODE_MINUS, scanCode=0, metaState=0, flags=0x28, repeatCount=0, eventTime=62762045, downTime=62762045, deviceId=-1, source=0x101 }
W/ViewRootImpl( 1257): Cancelling event due to no window focus: KeyEvent { action=ACTION_UP, keyCode=KEYCODE_MINUS, scanCode=0, metaState=0, flags=0x28, repeatCount=0, eventTime=62762045, downTime=62762045, deviceId=-1, source=0x101 }
W/ViewRootImpl( 1257): Cancelling event due to no window focus: KeyEvent { action=ACTION_UP, keyCode=KEYCODE_MINUS, scanCode=0, metaState=0, flags=0x28, repeatCount=0, eventTime=62762045, downTime=62762045, deviceId=-1, source=0x101 }
W/ViewRootImpl( 1257): Cancelling event due to no window focus: KeyEvent { action=ACTION_UP, keyCode=KEYCODE_MINUS, scanCode=0, metaState=0, flags=0x28, repeatCount=0, eventTime=62762045, downTime=62762045, deviceId=-1, source=0x101 }
W/ViewRootImpl( 1257): Cancelling event due to no window focus: KeyEvent { action=ACTION_UP, keyCode=KEYCODE_MINUS, scanCode=0, metaState=0, flags=0x28, repeatCount=0, eventTime=62762045, downTime=62762045, deviceId=-1, source=0x101 }
W/ViewRootImpl( 1257): Cancelling event due to no window focus: KeyEvent { action=ACTION_UP, keyCode=KEYCODE_MINUS, scanCode=0, metaState=0, flags=0x28, repeatCount=0, eventTime=62762045, downTime=62762045, deviceId=-1, source=0x101 }
D/PhoneStatusBar(  637): disable: < expand icons* alerts system_info* back home recent clock search >
W/EGL_emulation(  637): eglSurfaceAttrib not implemented
W/OpenGLRenderer(  637): Failed to set EGL_SWAP_BEHAVIOR on surface 0xeed5e2e0, error=EGL_SUCCESS
W/ViewRootImpl( 1257): Dropping event due to no window focus: KeyEvent { action=ACTION_DOWN, keyCode=KEYCODE_MENU, scanCode=0, metaState=0, flags=0x8, repeatCount=0, eventTime=62762049, downTime=62762049, deviceId=-1, source=0x101 }
W/InputMethodManagerService(  510): Window already focused, ignoring focus gain of: com.android.internal.view.IInputMethodClient$Stub$Proxy@2a985958 attribute=null, token = android.os.BinderProxy@26838ee2
W/AudioTrack(  510): AUDIO_OUTPUT_FLAG_FAST denied by client
W/UnimplementedWebViewApi( 1257): Unimplemented WebView method onKeyDown called from: android.webkit.WebView.onKeyDown(WebView.java:2310)
W/UnimplementedWebViewApi( 1257): Unimplemented WebView method onKeyDown called from: android.webkit.WebView.onKeyDown(WebView.java:2310)
W/AudioTrack(  510): AUDIO_OUTPUT_FLAG_FAST denied by client
W/AudioTrack(  510): AUDIO_OUTPUT_FLAG_FAST denied by client
W/UnimplementedWebViewApi( 1257): Unimplemented WebView method onKeyDown called from: android.webkit.WebView.onKeyDown(WebView.java:2310)
W/AudioTrack(  510): AUDIO_OUTPUT_FLAG_FAST denied by client
W/UnimplementedWebViewApi( 1257): Unimplemented WebView method onKeyMultiple called from: android.webkit.WebView.onKeyMultiple(WebView.java:2320)
W/UnimplementedWebViewApi( 1257): Unimplemented WebView method onKeyDown called from: android.webkit.WebView.onKeyDown(WebView.java:2310)
W/UnimplementedWebViewApi( 1257): Unimplemented WebView method onKeyDown called from: android.webkit.WebView.onKeyDown(WebView.java:2310)
I/MediaFocusControl(  510):  AudioFocus  requestAudioFocus() from android.media.AudioManager@112c0c37com.android.music.MediaPlaybackService$3@250425a4 req=1flags=0x0
W/UnimplementedWebViewApi( 1257): Unimplemented WebView method onKeyDown called from: android.webkit.WebView.onKeyDown(WebView.java:2310)
W/AudioTrack(  510): AUDIO_OUTPUT_FLAG_FAST denied by client
W/UnimplementedWebViewApi( 1257): Unimplemented WebView method onKeyMultiple called from: android.webkit.WebView.onKeyMultiple(WebView.java:2320)
W/UnimplementedWebViewApi( 1257): Unimplemented WebView method onKeyDown called from: android.webkit.WebView.onKeyDown(WebView.java:2310)
W/UnimplementedWebViewApi( 1257): Unimplemented WebView method onKeyDown called from: android.webkit.WebView.onKeyDown(WebView.java:2310)
W/AudioTrack(  510): AUDIO_OUTPUT_FLAG_FAST denied by client
D/PhoneStatusBar(  637): disable: < expand ICONS* alerts SYSTEM_INFO* back home recent clock search >
I/ActivityManager(  510): START u0 {act=android.intent.action.MAIN cat=[android.intent.category.LAUNCHER] flg=0x10200000 cmp=com.zzl.falcon.internal/com.squareup.leakcanary.internal.DisplayLeakActivity} from uid 0 on display 0
V/WindowManager(  510): addAppToken: AppWindowToken{64ff317 token=Token{2bc7ab96 ActivityRecord{270ab1 u0 com.zzl.falcon.internal/com.squareup.leakcanary.internal.DisplayLeakActivity t28}}} to stack=1 task=28 at 0
W/EGL_emulation(  637): eglSurfaceAttrib not implemented
W/OpenGLRenderer(  637): Failed to set EGL_SWAP_BEHAVIOR on surface 0xeed5e2e0, error=EGL_SUCCESS
E/EGL_emulation(  504): tid 504: eglCreateSyncKHR(1209): error 0x3004 (EGL_BAD_ATTRIBUTE)
V/WindowManager(  510): Adding window Window{3700c888 u0 Starting com.zzl.falcon.internal} at 4 of 9 (after Window{2058e273 u0 com.zzl.falcon.internal/com.zzl.falcon.WebViewActivity})
W/art     (  510): Long monitor contention event with owner method=android.graphics.Bitmap com.android.server.wm.WindowManagerService.screenshotApplications(android.os.IBinder, int, int, int, boolean) from WindowManagerService.java:6129 waiters=1 for 340ms
V/WindowManager(  510): Adding window Window{11e02646 u0 com.zzl.falcon.internal/com.squareup.leakcanary.internal.DisplayLeakActivity} at 4 of 10 (before Window{3700c888 u0 Starting com.zzl.falcon.internal})
I/OpenGLRenderer( 8379): Initialized EGL, version 1.4
W/EGL_emulation( 8379): eglSurfaceAttrib not implemented
W/OpenGLRenderer( 8379): Failed to set EGL_SWAP_BEHAVIOR on surface 0xf3f66440, error=EGL_SUCCESS
W/AudioTrack(  510): AUDIO_OUTPUT_FLAG_FAST denied by client
D/ForegroundCallbacks( 1257): went background
I/ActivityManager(  510): Displayed com.zzl.falcon.internal/com.squareup.leakcanary.internal.DisplayLeakActivity: +428ms
W/AudioTrack(  510): AUDIO_OUTPUT_FLAG_FAST denied by client
W/AudioTrack(  510): AUDIO_OUTPUT_FLAG_FAST denied by client
I/ActivityManager(  510): START u0 {act=android.intent.action.CALL_BUTTON flg=0x10000000 cmp=com.android.dialer/.DialtactsActivity} from uid 10013 on display 0
D/StatusBar(  637): Clicked on content of 0|com.android.systemui|789|null|10013
W/AudioTrack(  510): AUDIO_OUTPUT_FLAG_FAST denied by client
I/ActivityManager(  510): START u0 {act=android.intent.action.VIEW dat=content://media/external/images/media/57 typ=image/png flg=0x10000000 cmp=com.android.gallery3d/.app.GalleryActivity} from uid 10013 on display 0
W/ViewRootImpl( 8379): Dropping event due to no window focus: KeyEvent { action=ACTION_DOWN, keyCode=KEYCODE_MENU, scanCode=0, metaState=0, flags=0x8, repeatCount=0, eventTime=62770576, downTime=62770576, deviceId=-1, source=0x101 }
W/ViewRootImpl( 8379): Cancelling event due to no window focus: KeyEvent { action=ACTION_UP, keyCode=KEYCODE_MENU, scanCode=0, metaState=0, flags=0x28, repeatCount=0, eventTime=62770577, downTime=62770577, deviceId=-1, source=0x101 }
W/ViewRootImpl( 8379): Cancelling event due to no window focus: KeyEvent { action=ACTION_UP, keyCode=KEYCODE_MENU, scanCode=0, metaState=0, flags=0x28, repeatCount=0, eventTime=62770577, downTime=62770577, deviceId=-1, source=0x101 }
W/ViewRootImpl( 8379): Cancelling event due to no window focus: KeyEvent { action=ACTION_UP, keyCode=KEYCODE_MENU, scanCode=0, metaState=0, flags=0x28, repeatCount=0, eventTime=62770577, downTime=62770577, deviceId=-1, source=0x101 }
W/ViewRootImpl( 8379): Cancelling event due to no window focus: KeyEvent { action=ACTION_UP, keyCode=KEYCODE_MENU, scanCode=0, metaState=0, flags=0x28, repeatCount=0, eventTime=62770577, downTime=62770577, deviceId=-1, source=0x101 }
W/ViewRootImpl( 8379): Cancelling event due to no window focus: KeyEvent { action=ACTION_UP, keyCode=KEYCODE_MENU, scanCode=0, metaState=0, flags=0x28, repeatCount=0, eventTime=62770577, downTime=62770577, deviceId=-1, source=0x101 }
W/ViewRootImpl( 8379): Cancelling event due to no window focus: KeyEvent { action=ACTION_UP, keyCode=KEYCODE_MENU, scanCode=0, metaState=0, flags=0x28, repeatCount=0, eventTime=62770577, downTime=62770577, deviceId=-1, source=0x101 }
W/ViewRootImpl( 8379): Dropping event due to no window focus: KeyEvent { action=ACTION_DOWN, keyCode=KEYCODE_BUTTON_6, scanCode=0, metaState=0, flags=0x8, repeatCount=0, eventTime=62770578, downTime=62770578, deviceId=-1, source=0x101 }
W/ViewRootImpl( 8379): Dropping event due to no window focus: KeyEvent { action=ACTION_DOWN, keyCode=KEYCODE_DPAD_CENTER, scanCode=0, metaState=0, flags=0x8, repeatCount=0, eventTime=62770578, downTime=62770578, deviceId=-1, source=0x101 }
W/ViewRootImpl( 8379): Cancelling event due to no window focus: KeyEvent { action=ACTION_UP, keyCode=KEYCODE_BUTTON_6, scanCode=0, metaState=0, flags=0x28, repeatCount=0, eventTime=62770579, downTime=62770579, deviceId=-1, source=0x101 }
W/ViewRootImpl( 8379): Cancelling event due to no window focus: KeyEvent { action=ACTION_UP, keyCode=KEYCODE_BUTTON_6, scanCode=0, metaState=0, flags=0x28, repeatCount=0, eventTime=62770579, downTime=62770579, deviceId=-1, source=0x101 }
W/ViewRootImpl( 8379): Cancelling event due to no window focus: KeyEvent { action=ACTION_UP, keyCode=KEYCODE_BUTTON_6, scanCode=0, metaState=0, flags=0x28, repeatCount=0, eventTime=62770579, downTime=62770579, deviceId=-1, source=0x101 }
W/ViewRootImpl( 8379): Cancelling event due to no window focus: KeyEvent { action=ACTION_UP, keyCode=KEYCODE_BUTTON_6, scanCode=0, metaState=0, flags=0x28, repeatCount=0, eventTime=62770579, downTime=62770579, deviceId=-1, source=0x101 }
W/ViewRootImpl( 8379): Cancelling event due to no window focus: KeyEvent { action=ACTION_UP, keyCode=KEYCODE_BUTTON_6, scanCode=0, metaState=0, flags=0x28, repeatCount=0, eventTime=62770579, downTime=62770579, deviceId=-1, source=0x101 }
W/ViewRootImpl( 8379): Cancelling event due to no window focus: KeyEvent { action=ACTION_UP, keyCode=KEYCODE_BUTTON_6, scanCode=0, metaState=0, flags=0x28, repeatCount=0, eventTime=62770579, downTime=62770579, deviceId=-1, source=0x101 }
W/ViewRootImpl( 8379): Cancelling event due to no window focus: KeyEvent { action=ACTION_UP, keyCode=KEYCODE_BUTTON_6, scanCode=0, metaState=0, flags=0x28, repeatCount=0, eventTime=62770579, downTime=62770579, deviceId=-1, source=0x101 }
W/ViewRootImpl( 8379): Cancelling event due to no window focus: KeyEvent { action=ACTION_UP, keyCode=KEYCODE_BUTTON_6, scanCode=0, metaState=0, flags=0x28, repeatCount=0, eventTime=62770579, downTime=62770579, deviceId=-1, source=0x101 }
W/ViewRootImpl( 8379): Cancelling event due to no window focus: KeyEvent { action=ACTION_UP, keyCode=KEYCODE_BUTTON_6, scanCode=0, metaState=0, flags=0x28, repeatCount=0, eventTime=62770579, downTime=62770579, deviceId=-1, source=0x101 }
W/ViewRootImpl( 8379): Cancelling event due to no window focus: KeyEvent { action=ACTION_UP, keyCode=KEYCODE_DPAD_CENTER, scanCode=0, metaState=0, flags=0x28, repeatCount=0, eventTime=62770579, downTime=62770579, deviceId=-1, source=0x101 }
W/ViewRootImpl( 8379): Cancelling event due to no window focus: KeyEvent { action=ACTION_UP, keyCode=KEYCODE_DPAD_CENTER, scanCode=0, metaState=0, flags=0x28, repeatCount=0, eventTime=62770579, downTime=62770579, deviceId=-1, source=0x101 }
W/ViewRootImpl( 8379): Cancelling event due to no window focus: KeyEvent { action=ACTION_UP, keyCode=KEYCODE_DPAD_CENTER, scanCode=0, metaState=0, flags=0x28, repeatCount=0, eventTime=62770579, downTime=62770579, deviceId=-1, source=0x101 }
W/ViewRootImpl( 8379): Cancelling event due to no window focus: KeyEvent { action=ACTION_UP, keyCode=KEYCODE_DPAD_CENTER, scanCode=0, metaState=0, flags=0x28, repeatCount=0, eventTime=62770579, downTime=62770579, deviceId=-1, source=0x101 }
W/ViewRootImpl( 8379): Cancelling event due to no window focus: KeyEvent { action=ACTION_UP, keyCode=KEYCODE_DPAD_CENTER, scanCode=0, metaState=0, flags=0x28, repeatCount=0, eventTime=62770579, downTime=62770579, deviceId=-1, source=0x101 }
W/ViewRootImpl( 8379): Cancelling event due to no window focus: KeyEvent { action=ACTION_UP, keyCode=KEYCODE_DPAD_CENTER, scanCode=0, metaState=0, flags=0x28, repeatCount=0, eventTime=62770579, downTime=62770579, deviceId=-1, source=0x101 }
W/ViewRootImpl( 8379): Cancelling event due to no window focus: KeyEvent { action=ACTION_UP, keyCode=KEYCODE_DPAD_CENTER, scanCode=0, metaState=0, flags=0x28, repeatCount=0, eventTime=62770579, downTime=62770579, deviceId=-1, source=0x101 }
W/ViewRootImpl( 8379): Cancelling event due to no window focus: KeyEvent { action=ACTION_UP, keyCode=KEYCODE_DPAD_CENTER, scanCode=0, metaState=0, flags=0x28, repeatCount=0, eventTime=62770579, downTime=62770579, deviceId=-1, source=0x101 }
W/ViewRootImpl( 8379): Cancelling event due to no window focus: KeyEvent { action=ACTION_UP, keyCode=KEYCODE_DPAD_CENTER, scanCode=0, metaState=0, flags=0x28, repeatCount=0, eventTime=62770579, downTime=62770579, deviceId=-1, source=0x101 }
W/ViewRootImpl( 8379): Dropping event due to no window focus: KeyEvent { action=ACTION_DOWN, keyCode=KEYCODE_MENU, scanCode=0, metaState=0, flags=0x8, repeatCount=0, eventTime=62770601, downTime=62770601, deviceId=-1, source=0x101 }
W/ViewRootImpl( 8379): Cancelling event due to no window focus: KeyEvent { action=ACTION_UP, keyCode=KEYCODE_MENU, scanCode=0, metaState=0, flags=0x28, repeatCount=0, eventTime=62770602, downTime=62770602, deviceId=-1, source=0x101 }
W/ViewRootImpl( 8379): Cancelling event due to no window focus: KeyEvent { action=ACTION_UP, keyCode=KEYCODE_MENU, scanCode=0, metaState=0, flags=0x28, repeatCount=0, eventTime=62770602, downTime=62770602, deviceId=-1, source=0x101 }
W/ViewRootImpl( 8379): Cancelling event due to no window focus: KeyEvent { action=ACTION_UP, keyCode=KEYCODE_MENU, scanCode=0, metaState=0, flags=0x28, repeatCount=0, eventTime=62770602, downTime=62770602, deviceId=-1, source=0x101 }
W/ViewRootImpl( 8379): Cancelling event due to no window focus: KeyEvent { action=ACTION_UP, keyCode=KEYCODE_MENU, scanCode=0, metaState=0, flags=0x28, repeatCount=0, eventTime=62770602, downTime=62770602, deviceId=-1, source=0x101 }
W/ViewRootImpl( 8379): Cancelling event due to no window focus: KeyEvent { action=ACTION_UP, keyCode=KEYCODE_MENU, scanCode=0, metaState=0, flags=0x28, repeatCount=0, eventTime=62770602, downTime=62770602, deviceId=-1, source=0x101 }
W/ViewRootImpl( 8379): Cancelling event due to no window focus: KeyEvent { action=ACTION_UP, keyCode=KEYCODE_MENU, scanCode=0, metaState=0, flags=0x28, repeatCount=0, eventTime=62770602, downTime=62770602, deviceId=-1, source=0x101 }
W/ViewRootImpl( 8379): Dropping event due to no window focus: KeyEvent { action=ACTION_DOWN, keyCode=KEYCODE_DPAD_UP, scanCode=0, metaState=0, flags=0x8, repeatCount=0, eventTime=62770603, downTime=62770603, deviceId=-1, source=0x101 }
W/ViewRootImpl( 8379): Cancelling event due to no window focus: KeyEvent { action=ACTION_UP, keyCode=KEYCODE_DPAD_UP, scanCode=0, metaState=0, flags=0x28, repeatCount=0, eventTime=62770607, downTime=62770607, deviceId=-1, source=0x101 }
W/ViewRootImpl( 8379): Cancelling event due to no window focus: KeyEvent { action=ACTION_UP, keyCode=KEYCODE_DPAD_UP, scanCode=0, metaState=0, flags=0x28, repeatCount=0, eventTime=62770607, downTime=62770607, deviceId=-1, source=0x101 }
W/ViewRootImpl( 8379): Cancelling event due to no window focus: KeyEvent { action=ACTION_UP, keyCode=KEYCODE_DPAD_UP, scanCode=0, metaState=0, flags=0x28, repeatCount=0, eventTime=62770607, downTime=62770607, deviceId=-1, source=0x101 }
W/ViewRootImpl( 8379): Cancelling event due to no window focus: KeyEvent { action=ACTION_UP, keyCode=KEYCODE_DPAD_UP, scanCode=0, metaState=0, flags=0x28, repeatCount=0, eventTime=62770607, downTime=62770607, deviceId=-1, source=0x101 }
W/ViewRootImpl( 8379): Cancelling event due to no window focus: KeyEvent { action=ACTION_UP, keyCode=KEYCODE_DPAD_UP, scanCode=0, metaState=0, flags=0x28, repeatCount=0, eventTime=62770607, downTime=62770607, deviceId=-1, source=0x101 }
W/ViewRootImpl( 8379): Cancelling event due to no window focus: KeyEvent { action=ACTION_UP, keyCode=KEYCODE_DPAD_UP, scanCode=0, metaState=0, flags=0x28, repeatCount=0, eventTime=62770607, downTime=62770607, deviceId=-1, source=0x101 }
W/ViewRootImpl( 8379): Cancelling event due to no window focus: KeyEvent { action=ACTION_UP, keyCode=KEYCODE_DPAD_UP, scanCode=0, metaState=0, flags=0x28, repeatCount=0, eventTime=62770607, downTime=62770607, deviceId=-1, source=0x101 }
W/ViewRootImpl( 8379): Cancelling event due to no window focus: KeyEvent { action=ACTION_UP, keyCode=KEYCODE_DPAD_UP, scanCode=0, metaState=0, flags=0x28, repeatCount=0, eventTime=62770607, downTime=62770607, deviceId=-1, source=0x101 }
W/ViewRootImpl( 8379): Cancelling event due to no window focus: KeyEvent { action=ACTION_UP, keyCode=KEYCODE_DPAD_UP, scanCode=0, metaState=0, flags=0x28, repeatCount=0, eventTime=62770607, downTime=62770607, deviceId=-1, source=0x101 }
W/ViewRootImpl( 8379): Dropping event due to no window focus: KeyEvent { action=ACTION_DOWN, keyCode=KEYCODE_DPAD_DOWN, scanCode=0, metaState=0, flags=0x8, repeatCount=0, eventTime=62770607, downTime=62770607, deviceId=-1, source=0x101 }
W/ViewRootImpl( 8379): Cancelling event due to no window focus: KeyEvent { action=ACTION_UP, keyCode=KEYCODE_DPAD_DOWN, scanCode=0, metaState=0, flags=0x28, repeatCount=0, eventTime=62770608, downTime=62770608, deviceId=-1, source=0x101 }
W/ViewRootImpl( 8379): Cancelling event due to no window focus: KeyEvent { action=ACTION_UP, keyCode=KEYCODE_DPAD_DOWN, scanCode=0, metaState=0, flags=0x28, repeatCount=0, eventTime=62770608, downTime=62770608, deviceId=-1, source=0x101 }
W/ViewRootImpl( 8379): Cancelling event due to no window focus: KeyEvent { action=ACTION_UP, keyCode=KEYCODE_DPAD_DOWN, scanCode=0, metaState=0, flags=0x28, repeatCount=0, eventTime=62770608, downTime=62770608, deviceId=-1, source=0x101 }
W/ViewRootImpl( 8379): Cancelling event due to no window focus: KeyEvent { action=ACTION_UP, keyCode=KEYCODE_DPAD_DOWN, scanCode=0, metaState=0, flags=0x28, repeatCount=0, eventTime=62770608, downTime=62770608, deviceId=-1, source=0x101 }
W/ViewRootImpl( 8379): Cancelling event due to no window focus: KeyEvent { action=ACTION_UP, keyCode=KEYCODE_DPAD_DOWN, scanCode=0, metaState=0, flags=0x28, repeatCount=0, eventTime=62770608, downTime=62770608, deviceId=-1, source=0x101 }
W/ViewRootImpl( 8379): Cancelling event due to no window focus: KeyEvent { action=ACTION_UP, keyCode=KEYCODE_DPAD_DOWN, scanCode=0, metaState=0, flags=0x28, repeatCount=0, eventTime=62770608, downTime=62770608, deviceId=-1, source=0x101 }
W/ViewRootImpl( 8379): Cancelling event due to no window focus: KeyEvent { action=ACTION_UP, keyCode=KEYCODE_DPAD_DOWN, scanCode=0, metaState=0, flags=0x28, repeatCount=0, eventTime=62770608, downTime=62770608, deviceId=-1, source=0x101 }
W/ViewRootImpl( 8379): Cancelling event due to no window focus: KeyEvent { action=ACTION_UP, keyCode=KEYCODE_DPAD_DOWN, scanCode=0, metaState=0, flags=0x28, repeatCount=0, eventTime=62770608, downTime=62770608, deviceId=-1, source=0x101 }
W/ViewRootImpl( 8379): Cancelling event due to no window focus: KeyEvent { action=ACTION_UP, keyCode=KEYCODE_DPAD_DOWN, scanCode=0, metaState=0, flags=0x28, repeatCount=0, eventTime=62770608, downTime=62770608, deviceId=-1, source=0x101 }
W/ViewRootImpl( 8379): Dropping event due to no window focus: KeyEvent { action=ACTION_DOWN, keyCode=KEYCODE_DPAD_UP, scanCode=0, metaState=0, flags=0x8, repeatCount=0, eventTime=62770610, downTime=62770610, deviceId=-1, source=0x101 }
W/ViewRootImpl( 8379): Cancelling event due to no window focus: KeyEvent { action=ACTION_UP, keyCode=KEYCODE_DPAD_UP, scanCode=0, metaState=0, flags=0x28, repeatCount=0, eventTime=62770611, downTime=62770611, deviceId=-1, source=0x101 }
W/ViewRootImpl( 8379): Cancelling event due to no window focus: KeyEvent { action=ACTION_UP, keyCode=KEYCODE_DPAD_UP, scanCode=0, metaState=0, flags=0x28, repeatCount=0, eventTime=62770611, downTime=62770611, deviceId=-1, source=0x101 }
W/ViewRootImpl( 8379): Cancelling event due to no window focus: KeyEvent { action=ACTION_UP, keyCode=KEYCODE_DPAD_UP, scanCode=0, metaState=0, flags=0x28, repeatCount=0, eventTime=62770611, downTime=62770611, deviceId=-1, source=0x101 }
W/ViewRootImpl( 8379): Cancelling event due to no window focus: KeyEvent { action=ACTION_UP, keyCode=KEYCODE_DPAD_UP, scanCode=0, metaState=0, flags=0x28, repeatCount=0, eventTime=62770611, downTime=62770611, deviceId=-1, source=0x101 }
W/ViewRootImpl( 8379): Cancelling event due to no window focus: KeyEvent { action=ACTION_UP, keyCode=KEYCODE_DPAD_UP, scanCode=0, metaState=0, flags=0x28, repeatCount=0, eventTime=62770611, downTime=62770611, deviceId=-1, source=0x101 }
W/ViewRootImpl( 8379): Cancelling event due to no window focus: KeyEvent { action=ACTION_UP, keyCode=KEYCODE_DPAD_UP, scanCode=0, metaState=0, flags=0x28, repeatCount=0, eventTime=62770611, downTime=62770611, deviceId=-1, source=0x101 }
W/ViewRootImpl( 8379): Cancelling event due to no window focus: KeyEvent { action=ACTION_UP, keyCode=KEYCODE_DPAD_UP, scanCode=0, metaState=0, flags=0x28, repeatCount=0, eventTime=62770611, downTime=62770611, deviceId=-1, source=0x101 }
W/ViewRootImpl( 8379): Cancelling event due to no window focus: KeyEvent { action=ACTION_UP, keyCode=KEYCODE_DPAD_UP, scanCode=0, metaState=0, flags=0x28, repeatCount=0, eventTime=62770611, downTime=62770611, deviceId=-1, source=0x101 }
W/ViewRootImpl( 8379): Cancelling event due to no window focus: KeyEvent { action=ACTION_UP, keyCode=KEYCODE_DPAD_UP, scanCode=0, metaState=0, flags=0x28, repeatCount=0, eventTime=62770611, downTime=62770611, deviceId=-1, source=0x101 }
W/IInputConnectionWrapper( 1257): showStatusIcon on inactive InputConnection
I/awcn.ComponentCallbacks2( 1257):  onTrimMemory level:20
I/awcn.SessionCenter( 1257): |[seq:[default]] [background]
I/awcn.StrategyCenter( 1257):  saveData
I/awcn.SessionCenter( 1257): |[seq:umeng:56aadbf567e58e38d4000976] [background]
I/awcn.StrategyCenter( 1257):  saveData
I/ActivityManager(  510): START u0 {act=android.intent.action.SHOW_BRIGHTNESS_DIALOG cmp=com.android.systemui/.settings.BrightnessDialog} from uid 1000 on display 0
W/ResourceType(  637): No package identifier when getting value for resource number 0x00000000
W/PackageManager(  637): Failure retrieving resources for com.zzl.falcon.internal: Resource ID #0x0
I/ActivityManager(  510): START u0 {act=android.intent.action.MAIN cat=[android.intent.category.LAUNCHER] flg=0x10200000 cmp=com.zzl.falcon.internal/com.zzl.falcon.EntranceActivity} from uid 0 on display 0
E/EGL_emulation(  504): tid 504: eglCreateSyncKHR(1209): error 0x3004 (EGL_BAD_ATTRIBUTE)
D/ForegroundCallbacks( 1257): went foreground
I/awcn.SessionCenter( 1257): |[seq:[default]] [forground]
I/awcn.SessionCenter( 1257): |[seq:umeng:56aadbf567e58e38d4000976] [forground]
D/awcn.StrategyCenter( 1257):  getSchemeByHost host:umengacs.m.taobao.com scheme:https
D/awcn.SessionCenter( 1257): |[seq:umeng:56aadbf567e58e38d4000976] getInternal u:https://umengacs.m.taobao.com TypeClass:SPDY timeout:0
D/awcn.StrategyCenter( 1257):  getSchemeByHost host:umengacs.m.taobao.com scheme:https
D/awcn.SessionCenter( 1257): |[seq:umeng:56aadbf567e58e38d4000976] get internal hit cache session session:Session@[umeng:56aadbf567e58e38d4000976.AWCN3_1|http2_0rtt_acs]
W/EGL_emulation( 1257): eglSurfaceAttrib not implemented
W/OpenGLRenderer( 1257): Failed to set EGL_SWAP_BEHAVIOR on surface 0xf3f99dc0, error=EGL_SUCCESS
W/ViewRootImpl( 1257): Dropping event due to no window focus: KeyEvent { action=ACTION_DOWN, keyCode=KEYCODE_DPAD_CENTER, scanCode=0, metaState=0, flags=0x8, repeatCount=0, eventTime=62771930, downTime=62771930, deviceId=-1, source=0x101 }
W/ViewRootImpl( 1257): Cancelling event due to no window focus: KeyEvent { action=ACTION_UP, keyCode=KEYCODE_DPAD_CENTER, scanCode=0, metaState=0, flags=0x28, repeatCount=0, eventTime=62771943, downTime=62771943, deviceId=-1, source=0x101 }
W/ViewRootImpl( 1257): Cancelling event due to no window focus: KeyEvent { action=ACTION_UP, keyCode=KEYCODE_DPAD_CENTER, scanCode=0, metaState=0, flags=0x28, repeatCount=0, eventTime=62771943, downTime=62771943, deviceId=-1, source=0x101 }
W/ViewRootImpl( 1257): Cancelling event due to no window focus: KeyEvent { action=ACTION_UP, keyCode=KEYCODE_DPAD_CENTER, scanCode=0, metaState=0, flags=0x28, repeatCount=0, eventTime=62771943, downTime=62771943, deviceId=-1, source=0x101 }
W/ViewRootImpl( 1257): Cancelling event due to no window focus: KeyEvent { action=ACTION_UP, keyCode=KEYCODE_DPAD_CENTER, scanCode=0, metaState=0, flags=0x28, repeatCount=0, eventTime=62771943, downTime=62771943, deviceId=-1, source=0x101 }
W/ViewRootImpl( 1257): Cancelling event due to no window focus: KeyEvent { action=ACTION_UP, keyCode=KEYCODE_DPAD_CENTER, scanCode=0, metaState=0, flags=0x28, repeatCount=0, eventTime=62771943, downTime=62771943, deviceId=-1, source=0x101 }
W/ViewRootImpl( 1257): Cancelling event due to no window focus: KeyEvent { action=ACTION_UP, keyCode=KEYCODE_DPAD_CENTER, scanCode=0, metaState=0, flags=0x28, repeatCount=0, eventTime=62771943, downTime=62771943, deviceId=-1, source=0x101 }
W/ViewRootImpl( 1257): Dropping event due to no window focus: KeyEvent { action=ACTION_DOWN, keyCode=KEYCODE_NUMPAD_6, scanCode=0, metaState=0, flags=0x8, repeatCount=0, eventTime=62772005, downTime=62772005, deviceId=-1, source=0x101 }
D/PhoneStatusBar(  637): disable: < expand icons* alerts system_info* back home recent clock search >
W/EGL_emulation(  637): eglSurfaceAttrib not implemented
W/OpenGLRenderer(  637): Failed to set EGL_SWAP_BEHAVIOR on surface 0xeed5e2e0, error=EGL_SUCCESS
W/ViewRootImpl( 1257): Dropping event due to no window focus: KeyEvent { action=ACTION_DOWN, keyCode=KEYCODE_DPAD_RIGHT, scanCode=0, metaState=0, flags=0x8, repeatCount=0, eventTime=62772005, downTime=62772005, deviceId=-1, source=0x101 }
W/UnimplementedWebViewApi( 1257): Unimplemented WebView method onKeyMultiple called from: android.webkit.WebView.onKeyMultiple(WebView.java:2320)
W/UnimplementedWebViewApi( 1257): Unimplemented WebView method onKeyDown called from: android.webkit.WebView.onKeyDown(WebView.java:2310)
D/TaskPersister(  510): removeObsoleteFile: deleting file=27_task.xml
D/TaskPersister(  510): removeObsoleteFile: deleting file=27_task_thumbnail.png
W/UnimplementedWebViewApi( 1257): Unimplemented WebView method onKeyMultiple called from: android.webkit.WebView.onKeyMultiple(WebView.java:2320)
W/UnimplementedWebViewApi( 1257): Unimplemented WebView method onKeyDown called from: android.webkit.WebView.onKeyDown(WebView.java:2310)
W/UnimplementedWebViewApi( 1257): Unimplemented WebView method onKeyDown called from: android.webkit.WebView.onKeyDown(WebView.java:2310)
I/ActivityManager(  510): START u0 {act=android.intent.action.MAIN cat=[android.intent.category.LAUNCHER] flg=0x10200000 cmp=com.zzl.falcon.internal/com.squareup.leakcanary.internal.DisplayLeakActivity} from uid 0 on display 0
E/EGL_emulation(  504): tid 504: eglCreateSyncKHR(1209): error 0x3004 (EGL_BAD_ATTRIBUTE)
W/AudioTrack(  510): AUDIO_OUTPUT_FLAG_FAST denied by client
I/InputDispatcher(  510): Dropping event because there is no touchable window at (591, 554).
W/InputManager(  510): Input event injection from pid 8363 failed.
W/InputManager(  510): Input event injection from pid 8363 failed.
W/UnimplementedWebViewApi( 1257): Unimplemented WebView method onKeyDown called from: android.webkit.WebView.onKeyDown(WebView.java:2310)
I/OpenGLRenderer( 8379): Initialized EGL, version 1.4
W/AudioTrack(  510): AUDIO_OUTPUT_FLAG_FAST denied by client
W/EGL_emulation( 8379): eglSurfaceAttrib not implemented
W/OpenGLRenderer( 8379): Failed to set EGL_SWAP_BEHAVIOR on surface 0xf3f66d40, error=EGL_SUCCESS
W/ViewRootImpl( 8379): Dropping event due to no window focus: KeyEvent { action=ACTION_DOWN, keyCode=KEYCODE_TV_ANTENNA_CABLE, scanCode=0, metaState=0, flags=0x8, repeatCount=0, eventTime=62776426, downTime=62776426, deviceId=-1, source=0x101 }
D/PhoneStatusBar(  637): disable: < expand ICONS* alerts SYSTEM_INFO* back home recent clock search >
D/PhoneStatusBar(  637): disable: < expand icons* alerts system_info* back home recent clock search >
W/ResourceType(  637): No package identifier when getting value for resource number 0x00000000
W/PackageManager(  637): Failure retrieving resources for com.zzl.falcon.internal: Resource ID #0x0
W/InputMethodManagerService(  510): Starting input on non-focused client com.android.internal.view.IInputMethodClient$Stub$Proxy@1bbeaa1d (uid=10068 pid=1257)
W/IInputConnectionWrapper( 1257): showStatusIcon on inactive InputConnection
D/ForegroundCallbacks( 1257): went background
I/awcn.ComponentCallbacks2( 1257):  onTrimMemory level:20
I/awcn.SessionCenter( 1257): |[seq:[default]] [background]
I/awcn.StrategyCenter( 1257):  saveData
I/awcn.SessionCenter( 1257): |[seq:umeng:56aadbf567e58e38d4000976] [background]
I/awcn.StrategyCenter( 1257):  saveData
I/ActivityManager(  510): START u0 {act=android.intent.action.MAIN cat=[android.intent.category.HOME] flg=0x10200000 cmp=com.android.launcher3/.Launcher} from uid 1000 on display 0
W/MediaSessionService(  510): Attempted to dispatch null or non-media key event.
W/MediaSessionService(  510): Attempted to dispatch null or non-media key event.
E/awcn.DefaultHeartbeatImpl( 1257): |[seq:umeng:56aadbf567e58e38d4000976.AWCN3_1] close session in background session:Session@[umeng:56aadbf567e58e38d4000976.AWCN3_1|http2_0rtt_acs]
E/awcn.TnetSpdySession( 1257): |[seq:umeng:56aadbf567e58e38d4000976.AWCN3_1] force close! session:Session@[umeng:56aadbf567e58e38d4000976.AWCN3_1|http2_0rtt_acs]
E/awcn.Session( 1257): |[seq:umeng:56aadbf567e58e38d4000976.AWCN3_1] notifyStatus status:DISCONNECTING
I/awcn.DefaultHeartbeatImpl( 1257): |[seq:umeng:56aadbf567e58e38d4000976.AWCN3_1] heartbeat stop session:Session@[umeng:56aadbf567e58e38d4000976.AWCN3_1|http2_0rtt_acs]
E/awcn.TnetSpdySession( 1257): |[seq:umeng:56aadbf567e58e38d4000976.AWCN3_1] spdySessionCloseCallback  errorCode::-2002
E/awcn.Session( 1257): |[seq:umeng:56aadbf567e58e38d4000976.AWCN3_1] notifyStatus status:DISCONNECTED
D/awcn.SessionRequest( 1257): |[seq:umeng:56aadbf567e58e38d4000976.AWCN3_1] Session:Session@[umeng:56aadbf567e58e38d4000976.AWCN3_1|http2_0rtt_acs] EventType:DISCONNECTED Event:anet.channel.entity.c@7af33fd
D/awcn.SessionRequest( 1257): |[seq:umeng:56aadbf567e58e38d4000976.AWCN3_1] Connect Disconnect session:Session@[umeng:56aadbf567e58e38d4000976.AWCN3_1|http2_0rtt_acs] host:https://umengacs.m.taobao.com appIsBg:true isHandleFinish:false
I/accs.MsgDistributeService( 1257):  onStartCommand action:com.taobao.accs.intent.action.RECEIVE
D/accs.MsgDistribute( 1257):  action:com.taobao.accs.intent.action.RECEIVE
I/accs.MsgDistribute( 1257):  distribute command::103  serviceId::  dataId:: appkey: config:
D/PhoneStatusBar(  637): disable: < expand ICONS* alerts SYSTEM_INFO* back home recent clock search >
D/PhoneStatusBar(  637): disable: < expand icons* alerts system_info* back home recent clock search >
I/MediaFocusControl(  510):  AudioFocus  requestAudioFocus() from android.media.AudioManager@112c0c37com.android.music.MediaPlaybackService$3@250425a4 req=1flags=0x0
W/AudioService(  510): stream was not muted by this client
E/AudioService(  510): Could not get client death handler for stream: 1
W/AudioService(  510): stream was not muted by this client
E/AudioService(  510): Could not get client death handler for stream: 2
W/AudioService(  510): stream was not muted by this client
E/AudioService(  510): Could not get client death handler for stream: 5
W/AudioService(  510): stream was not muted by this client
E/AudioService(  510): Could not get client death handler for stream: 7
W/AudioService(  510): stream was not muted by this client
E/AudioService(  510): Could not get client death handler for stream: 8
W/EGL_emulation(  637): eglSurfaceAttrib not implemented
W/OpenGLRenderer(  637): Failed to set EGL_SWAP_BEHAVIOR on surface 0xe2009260, error=EGL_SUCCESS
I/ActivityManager(  510): START u0 {act=android.intent.action.SHOW_BRIGHTNESS_DIALOG cmp=com.android.systemui/.settings.BrightnessDialog} from uid 1000 on display 0
D/PhoneStatusBar(  637): disable: < expand ICONS* alerts SYSTEM_INFO* back home recent clock search >
W/ViewRootImpl( 8379): Dropping event due to no window focus: KeyEvent { action=ACTION_DOWN, keyCode=KEYCODE_DPAD_LEFT, scanCode=0, metaState=0, flags=0x400, repeatCount=0, eventTime=62779696, downTime=62779696, deviceId=-1, source=0x101 }
W/ViewRootImpl( 8379): Cancelling event due to no window focus: KeyEvent { action=ACTION_UP, keyCode=KEYCODE_DPAD_LEFT, scanCode=0, metaState=0, flags=0x420, repeatCount=0, eventTime=62779696, downTime=62779696, deviceId=-1, source=0x101 }
W/ViewRootImpl( 8379): Cancelling event due to no window focus: KeyEvent { action=ACTION_UP, keyCode=KEYCODE_DPAD_LEFT, scanCode=0, metaState=0, flags=0x420, repeatCount=0, eventTime=62779696, downTime=62779696, deviceId=-1, source=0x101 }
W/ViewRootImpl( 8379): Cancelling event due to no window focus: KeyEvent { action=ACTION_UP, keyCode=KEYCODE_DPAD_LEFT, scanCode=0, metaState=0, flags=0x420, repeatCount=0, eventTime=62779696, downTime=62779696, deviceId=-1, source=0x101 }
W/ViewRootImpl( 8379): Dropping event due to no window focus: KeyEvent { action=ACTION_DOWN, keyCode=KEYCODE_DPAD_LEFT, scanCode=0, metaState=0, flags=0x400, repeatCount=0, eventTime=62779696, downTime=62779696, deviceId=-1, source=0x101 }
W/ViewRootImpl( 8379): Cancelling event due to no window focus: KeyEvent { action=ACTION_UP, keyCode=KEYCODE_DPAD_LEFT, scanCode=0, metaState=0, flags=0x420, repeatCount=0, eventTime=62779696, downTime=62779696, deviceId=-1, source=0x101 }
W/ViewRootImpl( 8379): Cancelling event due to no window focus: KeyEvent { action=ACTION_UP, keyCode=KEYCODE_DPAD_LEFT, scanCode=0, metaState=0, flags=0x420, repeatCount=0, eventTime=62779696, downTime=62779696, deviceId=-1, source=0x101 }
W/ViewRootImpl( 8379): Cancelling event due to no window focus: KeyEvent { action=ACTION_UP, keyCode=KEYCODE_DPAD_LEFT, scanCode=0, metaState=0, flags=0x420, repeatCount=0, eventTime=62779696, downTime=62779696, deviceId=-1, source=0x101 }
W/ViewRootImpl( 8379): Dropping event due to no window focus: KeyEvent { action=ACTION_DOWN, keyCode=KEYCODE_DPAD_LEFT, scanCode=0, metaState=0, flags=0x400, repeatCount=0, eventTime=62779696, downTime=62779696, deviceId=-1, source=0x101 }
W/ViewRootImpl( 8379): Cancelling event due to no window focus: KeyEvent { action=ACTION_UP, keyCode=KEYCODE_DPAD_LEFT, scanCode=0, metaState=0, flags=0x420, repeatCount=0, eventTime=62779696, downTime=62779696, deviceId=-1, source=0x101 }
W/ViewRootImpl( 8379): Cancelling event due to no window focus: KeyEvent { action=ACTION_UP, keyCode=KEYCODE_DPAD_LEFT, scanCode=0, metaState=0, flags=0x420, repeatCount=0, eventTime=62779696, downTime=62779696, deviceId=-1, source=0x101 }
W/ViewRootImpl( 8379): Cancelling event due to no window focus: KeyEvent { action=ACTION_UP, keyCode=KEYCODE_DPAD_LEFT, scanCode=0, metaState=0, flags=0x420, repeatCount=0, eventTime=62779696, downTime=62779696, deviceId=-1, source=0x101 }
W/ViewRootImpl( 8379): Cancelling event due to no window focus: KeyEvent { action=ACTION_UP, keyCode=KEYCODE_DPAD_LEFT, scanCode=0, metaState=0, flags=0x420, repeatCount=0, eventTime=62779696, downTime=62779696, deviceId=-1, source=0x101 }
W/ViewRootImpl( 8379): Cancelling event due to no window focus: KeyEvent { action=ACTION_UP, keyCode=KEYCODE_DPAD_LEFT, scanCode=0, metaState=0, flags=0x420, repeatCount=0, eventTime=62779696, downTime=62779696, deviceId=-1, source=0x101 }
W/ViewRootImpl( 8379): Cancelling event due to no window focus: KeyEvent { action=ACTION_UP, keyCode=KEYCODE_DPAD_LEFT, scanCode=0, metaState=0, flags=0x420, repeatCount=0, eventTime=62779696, downTime=62779696, deviceId=-1, source=0x101 }
W/ViewRootImpl( 8379): Cancelling event due to no window focus: KeyEvent { action=ACTION_UP, keyCode=KEYCODE_DPAD_LEFT, scanCode=0, metaState=0, flags=0x420, repeatCount=0, eventTime=62779696, downTime=62779696, deviceId=-1, source=0x101 }
W/ViewRootImpl( 8379): Cancelling event due to no window focus: KeyEvent { action=ACTION_UP, keyCode=KEYCODE_DPAD_LEFT, scanCode=0, metaState=0, flags=0x420, repeatCount=0, eventTime=62779696, downTime=62779696, deviceId=-1, source=0x101 }
W/ViewRootImpl( 8379): Cancelling event due to no window focus: KeyEvent { action=ACTION_UP, keyCode=KEYCODE_DPAD_LEFT, scanCode=0, metaState=0, flags=0x420, repeatCount=0, eventTime=62779696, downTime=62779696, deviceId=-1, source=0x101 }
W/ViewRootImpl( 8379): Cancelling event due to no window focus: KeyEvent { action=ACTION_UP, keyCode=KEYCODE_DPAD_LEFT, scanCode=0, metaState=0, flags=0x420, repeatCount=0, eventTime=62779696, downTime=62779696, deviceId=-1, source=0x101 }
W/ViewRootImpl( 8379): Cancelling event due to no window focus: KeyEvent { action=ACTION_UP, keyCode=KEYCODE_DPAD_LEFT, scanCode=0, metaState=0, flags=0x420, repeatCount=0, eventTime=62779696, downTime=62779696, deviceId=-1, source=0x101 }
W/ViewRootImpl( 8379): Cancelling event due to no window focus: KeyEvent { action=ACTION_UP, keyCode=KEYCODE_DPAD_LEFT, scanCode=0, metaState=0, flags=0x420, repeatCount=0, eventTime=62779696, downTime=62779696, deviceId=-1, source=0x101 }
W/ViewRootImpl( 8379): Cancelling event due to no window focus: KeyEvent { action=ACTION_UP, keyCode=KEYCODE_DPAD_LEFT, scanCode=0, metaState=0, flags=0x420, repeatCount=0, eventTime=62779696, downTime=62779696, deviceId=-1, source=0x101 }
W/ViewRootImpl( 8379): Cancelling event due to no window focus: KeyEvent { action=ACTION_UP, keyCode=KEYCODE_DPAD_LEFT, scanCode=0, metaState=0, flags=0x420, repeatCount=0, eventTime=62779696, downTime=62779696, deviceId=-1, source=0x101 }
W/ViewRootImpl( 8379): Cancelling event due to no window focus: KeyEvent { action=ACTION_UP, keyCode=KEYCODE_DPAD_LEFT, scanCode=0, metaState=0, flags=0x420, repeatCount=0, eventTime=62779696, downTime=62779696, deviceId=-1, source=0x101 }
W/ViewRootImpl( 8379): Cancelling event due to no window focus: KeyEvent { action=ACTION_UP, keyCode=KEYCODE_DPAD_LEFT, scanCode=0, metaState=0, flags=0x420, repeatCount=0, eventTime=62779696, downTime=62779696, deviceId=-1, source=0x101 }
W/ViewRootImpl( 8379): Cancelling event due to no window focus: KeyEvent { action=ACTION_UP, keyCode=KEYCODE_DPAD_LEFT, scanCode=0, metaState=0, flags=0x420, repeatCount=0, eventTime=62779696, downTime=62779696, deviceId=-1, source=0x101 }
W/ViewRootImpl( 8379): Cancelling event due to no window focus: KeyEvent { action=ACTION_UP, keyCode=KEYCODE_DPAD_LEFT, scanCode=0, metaState=0, flags=0x420, repeatCount=0, eventTime=62779696, downTime=62779696, deviceId=-1, source=0x101 }
W/ViewRootImpl( 8379): Cancelling event due to no window focus: KeyEvent { action=ACTION_UP, keyCode=KEYCODE_DPAD_LEFT, scanCode=0, metaState=0, flags=0x420, repeatCount=0, eventTime=62779696, downTime=62779696, deviceId=-1, source=0x101 }
W/ViewRootImpl( 8379): Cancelling event due to no window focus: KeyEvent { action=ACTION_UP, keyCode=KEYCODE_DPAD_LEFT, scanCode=0, metaState=0, flags=0x420, repeatCount=0, eventTime=62779696, downTime=62779696, deviceId=-1, source=0x101 }
W/ViewRootImpl( 8379): Cancelling event due to no window focus: KeyEvent { action=ACTION_UP, keyCode=KEYCODE_DPAD_LEFT, scanCode=0, metaState=0, flags=0x420, repeatCount=0, eventTime=62779696, downTime=62779696, deviceId=-1, source=0x101 }
W/ViewRootImpl( 8379): Dropping event due to no window focus: MotionEvent { action=ACTION_MOVE, id[0]=0, x[0]=0.0, y[0]=3.0, toolType[0]=TOOL_TYPE_UNKNOWN, buttonState=0, metaState=0, flags=0x0, edgeFlags=0x0, pointerCount=1, historySize=5, eventTime=62779680, downTime=-1, deviceId=0, source=0x10004 }
W/EGL_emulation(  637): eglSurfaceAttrib not implemented
W/OpenGLRenderer(  637): Failed to set EGL_SWAP_BEHAVIOR on surface 0xeed5e2e0, error=EGL_SUCCESS
W/ViewRootImpl(  637): Dropping event due to no window focus: KeyEvent { action=ACTION_DOWN, keyCode=KEYCODE_MENU, scanCode=0, metaState=0, flags=0x8, repeatCount=0, eventTime=62779683, downTime=62779683, deviceId=-1, source=0x101 }
W/InputMethodManagerService(  510): Window already focused, ignoring focus gain of: com.android.internal.view.IInputMethodClient$Stub$Proxy@35da8dfb attribute=null, token = android.os.BinderProxy@99f0221
I/ActivityManager(  510): START u0 {act=android.intent.action.CALL_BUTTON flg=0x10000000 cmp=com.android.dialer/.DialtactsActivity} from uid 10068 on display 0
D/MediaPlaybackService( 5714): No play queue
W/AudioTrack(  510): AUDIO_OUTPUT_FLAG_FAST denied by client
I/ActivityManager(  510): START u0 {act=android.speech.action.WEB_SEARCH} from uid 1000 on display 0
W/AudioTrack(  510): AUDIO_OUTPUT_FLAG_FAST denied by client
E/EGL_emulation(  504): tid 504: eglCreateSyncKHR(1209): error 0x3004 (EGL_BAD_ATTRIBUTE)
I/ActivityManager(  510): START u0 {act=android.intent.action.POWER_USAGE_SUMMARY flg=0x14000000 cmp=com.android.settings/.Settings$PowerUsageSummaryActivity} from uid 10013 on display 0
D/ForegroundCallbacks( 1257): went foreground
I/awcn.SessionCenter( 1257): |[seq:[default]] [forground]
I/awcn.SessionCenter( 1257): |[seq:umeng:56aadbf567e58e38d4000976] [forground]
D/awcn.StrategyCenter( 1257):  getSchemeByHost host:umengacs.m.taobao.com scheme:https
D/awcn.SessionCenter( 1257): |[seq:umeng:56aadbf567e58e38d4000976] getInternal u:https://umengacs.m.taobao.com TypeClass:SPDY timeout:0
D/awcn.StrategyCenter( 1257):  getSchemeByHost host:umengacs.m.taobao.com scheme:https
D/awcn.SessionRequest( 1257): |[seq:umeng:56aadbf567e58e38d4000976.AWCN4] SessionRequest start host:https://umengacs.m.taobao.com type:SPDY
D/getConnStrategyListByHost( 1257): |[seq:host] umengacs.m.taobao.com:result [{106.11.61.106 443 http2_0rtt_acs}, {106.11.61.106 80 http2_0rtt_acs}, {106.11.61.106 443 spdy_0rtt_acs}, {106.11.61.106 80 spdy_0rtt_acs}, {106.11.52.16 443 http2_0rtt_acs}, {106.11.52.16 80 http2_0rtt_acs}, {106.11.52.16 443 spdy_0rtt_acs}, {106.11.52.16 80 spdy_0rtt_acs}, {106.11.61.106 443 https}, {106.11.52.16 443 https}]
D/awcn.SessionRequest( 1257): |[seq:umeng:56aadbf567e58e38d4000976.AWCN4] [getAvailStrategy] strategies:[{106.11.61.106 443 http2_0rtt_acs}, {106.11.61.106 80 http2_0rtt_acs}, {106.11.61.106 443 spdy_0rtt_acs}, {106.11.61.106 80 spdy_0rtt_acs}, {106.11.52.16 443 http2_0rtt_acs}, {106.11.52.16 80 http2_0rtt_acs}, {106.11.52.16 443 spdy_0rtt_acs}, {106.11.52.16 80 spdy_0rtt_acs}]
I/awcn.SessionRequest( 1257): |[seq:umeng:56aadbf567e58e38d4000976.AWCN4_1] create connection... Host:https://umengacs.m.taobao.com Type:http2_0rtt_acs IP:106.11.61.106 Port:443 heartbeat:45000 session:Session@[umeng:56aadbf567e58e38d4000976.AWCN4_1|http2_0rtt_acs]
E/awcn.TnetSpdySession( 1257): |[seq:umeng:56aadbf567e58e38d4000976.AWCN4_1] [connect] host:https://umengacs.m.taobao.com connect :106.11.61.106:443 sessionId:1515727410193 SpdyProtocol,:http2_0rtt_acs proxyIp,: proxyPort,:0
E/awcn.Session( 1257): |[seq:umeng:56aadbf567e58e38d4000976.AWCN4_1] notifyStatus status:CONNECTING
E/awcn.Session( 1257): |[seq:umeng:56aadbf567e58e38d4000976.AWCN4_1] notifyStatus status:CONNECTED
I/accs.InAppConn_umeng:56aadbf567e58e38d4000976( 1257):  auth begin seq:umeng:56aadbf567e58e38d4000976.AWCN4_1
E/accs.InAppConn_umeng:56aadbf567e58e38d4000976( 1257):  1 auth URL:https://umengacs.m.taobao.com/accs/auth?1=WlcCiYIi1P4DAJwcljCxvIg%2F&2=a99486d3758e59fc2556590fba8e45d1f8f54345b3905b582ff5777b1cf28d90&3=umeng:56aadbf567e58e38d4000976&5=1&6=wifi&7=31027&8=1.1.2&9=1515664644671&10=1&11=22&12=com.zzl.falcon.internal&13=2.4.1&14=android@umeng&15=Custom Phone - 5.1.0 - API 22 - 768x1280&16=generic&17=221&19=0
I/awcn.TnetSpdySession( 1257):   request URL:https://umengacs.m.taobao.com/accs/auth?1=WlcCiYIi1P4DAJwcljCxvIg%2F&2=a99486d3758e59fc2556590fba8e45d1f8f54345b3905b582ff5777b1cf28d90&3=umeng:56aadbf567e58e38d4000976&5=1&6=wifi&7=31027&8=1.1.2&9=1515664644671&10=1&11=22&12=com.zzl.falcon.internal&13=2.4.1&14=android@umeng&15=Custom Phone - 5.1.0 - API 22 - 768x1280&16=generic&17=221&19=0
I/awcn.TnetSpdySession( 1257):   request Method:GET
I/awcn.TnetSpdySession( 1257):   request headers:{}
D/awcn.TnetSpdySession( 1257):   streamId:1
