W/OpenGLRenderer( 1257): Failed to set EGL_SWAP_BEHAVIOR on surface 0xde403d20, error=EGL_SUCCESS
W/ViewRootImpl( 1257): Dropping event due to no window focus: KeyEvent { action=ACTION_DOWN, keyCode=KEYCODE_MENU, scanCode=0, metaState=0, flags=0x8, repeatCount=0, eventTime=62097144, downTime=62097144, deviceId=-1, source=0x101 }
W/ViewRootImpl( 1257): Cancelling event due to no window focus: KeyEvent { action=ACTION_UP, keyCode=KEYCODE_MENU, scanCode=0, metaState=0, flags=0x28, repeatCount=0, eventTime=62097145, downTime=62097145, deviceId=-1, source=0x101 }
W/ViewRootImpl( 1257): Cancelling event due to no window focus: KeyEvent { action=ACTION_UP, keyCode=KEYCODE_MENU, scanCode=0, metaState=0, flags=0x28, repeatCount=0, eventTime=62097145, downTime=62097145, deviceId=-1, source=0x101 }
W/ViewRootImpl( 1257): Cancelling event due to no window focus: KeyEvent { action=ACTION_UP, keyCode=KEYCODE_MENU, scanCode=0, metaState=0, flags=0x28, repeatCount=0, eventTime=62097145, downTime=62097145, deviceId=-1, source=0x101 }
W/ViewRootImpl( 1257): Cancelling event due to no window focus: KeyEvent { action=ACTION_UP, keyCode=KEYCODE_MENU, scanCode=0, metaState=0, flags=0x28, repeatCount=0, eventTime=62097145, downTime=62097145, deviceId=-1, source=0x101 }
W/ViewRootImpl( 1257): Cancelling event due to no window focus: KeyEvent { action=ACTION_UP, keyCode=KEYCODE_MENU, scanCode=0, metaState=0, flags=0x28, repeatCount=0, eventTime=62097145, downTime=62097145, deviceId=-1, source=0x101 }
W/ViewRootImpl( 1257): Cancelling event due to no window focus: KeyEvent { action=ACTION_UP, keyCode=KEYCODE_MENU, scanCode=0, metaState=0, flags=0x28, repeatCount=0, eventTime=62097145, downTime=62097145, deviceId=-1, source=0x101 }
I/ActivityManager(  510): START u0 {act=android.intent.action.MAIN cat=[android.intent.category.LAUNCHER] flg=0x10200000 cmp=com.zzl.falcon.internal/com.zzl.falcon.EntranceActivity} from uid 0 on display 0
D/OkHttp  ( 1257): <-- 200 OK http://116.236.220.210:8084/appAccount/mobile/sendBankMobileCode?phone=18900020097&type=2 (291ms)
D/OkHttp  ( 1257): Server: Apache-Coyote/1.1
D/OkHttp  ( 1257): Content-Type: application/json;charset=UTF-8
D/OkHttp  ( 1257): Content-Length: 88
D/OkHttp  ( 1257): Date: Fri, 12 Jan 2018 03:12:07 GMT
D/OkHttp  ( 1257): {"data":{"srvAuthCode":"1563419162508421203","mobile":"18900020097"},"responseCode":"1"}
D/OkHttp  ( 1257): <-- END HTTP (88-byte body)
W/ViewRootImpl( 1257): Dropping event due to no window focus: KeyEvent { action=ACTION_DOWN, keyCode=KEYCODE_DPAD_RIGHT, scanCode=0, metaState=0, flags=0x8, repeatCount=0, eventTime=62097492, downTime=62097492, deviceId=-1, source=0x101 }
W/ViewRootImpl( 1257): Cancelling event due to no window focus: KeyEvent { action=ACTION_UP, keyCode=KEYCODE_DPAD_RIGHT, scanCode=0, metaState=0, flags=0x28, repeatCount=0, eventTime=62097515, downTime=62097515, deviceId=-1, source=0x101 }
W/ViewRootImpl( 1257): Cancelling event due to no window focus: KeyEvent { action=ACTION_UP, keyCode=KEYCODE_DPAD_RIGHT, scanCode=0, metaState=0, flags=0x28, repeatCount=0, eventTime=62097515, downTime=62097515, deviceId=-1, source=0x101 }
W/ViewRootImpl( 1257): Cancelling event due to no window focus: KeyEvent { action=ACTION_UP, keyCode=KEYCODE_DPAD_RIGHT, scanCode=0, metaState=0, flags=0x28, repeatCount=0, eventTime=62097515, downTime=62097515, deviceId=-1, source=0x101 }
W/InputMethodManagerService(  510): Window already focused, ignoring focus gain of: com.android.internal.view.IInputMethodClient$Stub$Proxy@5f0f31a attribute=null, token = android.os.BinderProxy@1bbea403
W/EGL_emulation( 1257): eglSurfaceAttrib not implemented
W/OpenGLRenderer( 1257): Failed to set EGL_SWAP_BEHAVIOR on surface 0xdee863a0, error=EGL_SUCCESS
V/WindowManager(  510): not Base app: Adding window Window{229b26e6 u0 com.zzl.falcon.internal/com.zzl.falcon.account.safety.SafetyActivity} at 6 of 12
W/ViewRootImpl( 1257): Dropping event due to no window focus: KeyEvent { action=ACTION_DOWN, keyCode=KEYCODE_DPAD_UP, scanCode=0, metaState=0, flags=0x8, repeatCount=0, eventTime=62097534, downTime=62097534, deviceId=-1, source=0x101 }
W/ViewRootImpl( 1257): Cancelling event due to no window focus: KeyEvent { action=ACTION_UP, keyCode=KEYCODE_DPAD_UP, scanCode=0, metaState=0, flags=0x28, repeatCount=0, eventTime=62097718, downTime=62097718, deviceId=-1, source=0x101 }
W/ViewRootImpl( 1257): Cancelling event due to no window focus: KeyEvent { action=ACTION_UP, keyCode=KEYCODE_DPAD_UP, scanCode=0, metaState=0, flags=0x28, repeatCount=0, eventTime=62097718, downTime=62097718, deviceId=-1, source=0x101 }
W/ViewRootImpl( 1257): Cancelling event due to no window focus: KeyEvent { action=ACTION_UP, keyCode=KEYCODE_DPAD_UP, scanCode=0, metaState=0, flags=0x28, repeatCount=0, eventTime=62097718, downTime=62097718, deviceId=-1, source=0x101 }
W/ViewRootImpl( 1257): Cancelling event due to no window focus: KeyEvent { action=ACTION_UP, keyCode=KEYCODE_DPAD_UP, scanCode=0, metaState=0, flags=0x28, repeatCount=0, eventTime=62097718, downTime=62097718, deviceId=-1, source=0x101 }
W/ViewRootImpl( 1257): Cancelling event due to no window focus: KeyEvent { action=ACTION_UP, keyCode=KEYCODE_DPAD_UP, scanCode=0, metaState=0, flags=0x28, repeatCount=0, eventTime=62097718, downTime=62097718, deviceId=-1, source=0x101 }
W/ViewRootImpl( 1257): Cancelling event due to no window focus: KeyEvent { action=ACTION_UP, keyCode=KEYCODE_DPAD_UP, scanCode=0, metaState=0, flags=0x28, repeatCount=0, eventTime=62097718, downTime=62097718, deviceId=-1, source=0x101 }
W/ViewRootImpl( 1257): Cancelling event due to no window focus: KeyEvent { action=ACTION_UP, keyCode=KEYCODE_DPAD_UP, scanCode=0, metaState=0, flags=0x28, repeatCount=0, eventTime=62097718, downTime=62097718, deviceId=-1, source=0x101 }
W/ViewRootImpl( 1257): Cancelling event due to no window focus: KeyEvent { action=ACTION_UP, keyCode=KEYCODE_DPAD_UP, scanCode=0, metaState=0, flags=0x28, repeatCount=0, eventTime=62097718, downTime=62097718, deviceId=-1, source=0x101 }
W/ViewRootImpl( 1257): Cancelling event due to no window focus: KeyEvent { action=ACTION_UP, keyCode=KEYCODE_DPAD_UP, scanCode=0, metaState=0, flags=0x28, repeatCount=0, eventTime=62097718, downTime=62097718, deviceId=-1, source=0x101 }
V/WindowManager(  510): Adding window Window{1862cb72 u0 PopupWindow:bce97ea} at 5 of 12 (after Window{376ef80 u0 com.zzl.falcon.internal/com.zzl.falcon.account.safety.SafetyActivity})
W/EGL_emulation( 1257): eglSurfaceAttrib not implemented
W/OpenGLRenderer( 1257): Failed to set EGL_SWAP_BEHAVIOR on surface 0xde407b60, error=EGL_SUCCESS
W/EGL_emulation( 1257): eglSurfaceAttrib not implemented
W/OpenGLRenderer( 1257): Failed to set EGL_SWAP_BEHAVIOR on surface 0xde407540, error=EGL_SUCCESS
I/ActivityManager(  510): START u0 {act=android.intent.action.MAIN cat=[android.intent.category.HOME] flg=0x10200000 cmp=com.android.launcher3/.Launcher} from uid 1000 on display 0
W/ViewRootImpl( 1257): Dropping event due to no window focus: KeyEvent { action=ACTION_DOWN, keyCode=KEYCODE_DPAD_RIGHT, scanCode=0, metaState=0, flags=0x8, repeatCount=0, eventTime=62098337, downTime=62098337, deviceId=-1, source=0x101 }
W/ViewRootImpl( 1257): Cancelling event due to no window focus: KeyEvent { action=ACTION_UP, keyCode=KEYCODE_DPAD_RIGHT, scanCode=0, metaState=0, flags=0x28, repeatCount=0, eventTime=62098446, downTime=62098446, deviceId=-1, source=0x101 }
W/ViewRootImpl( 1257): Cancelling event due to no window focus: KeyEvent { action=ACTION_UP, keyCode=KEYCODE_DPAD_RIGHT, scanCode=0, metaState=0, flags=0x28, repeatCount=0, eventTime=62098446, downTime=62098446, deviceId=-1, source=0x101 }
W/ViewRootImpl( 1257): Cancelling event due to no window focus: KeyEvent { action=ACTION_UP, keyCode=KEYCODE_DPAD_RIGHT, scanCode=0, metaState=0, flags=0x28, repeatCount=0, eventTime=62098446, downTime=62098446, deviceId=-1, source=0x101 }
W/ViewRootImpl( 1257): Cancelling event due to no window focus: KeyEvent { action=ACTION_UP, keyCode=KEYCODE_DPAD_RIGHT, scanCode=0, metaState=0, flags=0x28, repeatCount=0, eventTime=62098446, downTime=62098446, deviceId=-1, source=0x101 }
W/ViewRootImpl( 1257): Cancelling event due to no window focus: KeyEvent { action=ACTION_UP, keyCode=KEYCODE_DPAD_RIGHT, scanCode=0, metaState=0, flags=0x28, repeatCount=0, eventTime=62098446, downTime=62098446, deviceId=-1, source=0x101 }
W/ViewRootImpl( 1257): Cancelling event due to no window focus: KeyEvent { action=ACTION_UP, keyCode=KEYCODE_DPAD_RIGHT, scanCode=0, metaState=0, flags=0x28, repeatCount=0, eventTime=62098446, downTime=62098446, deviceId=-1, source=0x101 }
W/ViewRootImpl( 1257): Cancelling event due to no window focus: KeyEvent { action=ACTION_UP, keyCode=KEYCODE_DPAD_RIGHT, scanCode=0, metaState=0, flags=0x28, repeatCount=0, eventTime=62098446, downTime=62098446, deviceId=-1, source=0x101 }
W/ViewRootImpl( 1257): Cancelling event due to no window focus: KeyEvent { action=ACTION_UP, keyCode=KEYCODE_DPAD_RIGHT, scanCode=0, metaState=0, flags=0x28, repeatCount=0, eventTime=62098446, downTime=62098446, deviceId=-1, source=0x101 }
W/ViewRootImpl( 1257): Cancelling event due to no window focus: KeyEvent { action=ACTION_UP, keyCode=KEYCODE_DPAD_RIGHT, scanCode=0, metaState=0, flags=0x28, repeatCount=0, eventTime=62098446, downTime=62098446, deviceId=-1, source=0x101 }
W/InputMethodManagerService(  510): Window already focused, ignoring focus gain of: com.android.internal.view.IInputMethodClient$Stub$Proxy@1952bc6c attribute=null, token = android.os.BinderProxy@1bbea403
V/WindowManager(  510): not Base app: Adding window Window{107c56ca u0 com.zzl.falcon.internal/com.zzl.falcon.account.safety.SafetyActivity} at 7 of 13
W/ViewRootImpl( 1257): Dropping event due to no window focus: KeyEvent { action=ACTION_DOWN, keyCode=KEYCODE_DPAD_RIGHT, scanCode=0, metaState=0, flags=0x8, repeatCount=0, eventTime=62098483, downTime=62098483, deviceId=-1, source=0x101 }
D/PhoneStatusBar(  637): disable: < expand ICONS* alerts SYSTEM_INFO* back home recent clock search >
V/WindowManager(  510): Adding window Window{22e53358 u0 PopupWindow:bce97ea} at 5 of 12 (after Window{376ef80 u0 com.zzl.falcon.internal/com.zzl.falcon.account.safety.SafetyActivity})
D/PhoneStatusBar(  637): disable: < expand icons* alerts system_info* back home recent clock search >
D/PhoneStatusBar(  637): disable: < expand ICONS* alerts SYSTEM_INFO* back home recent clock search >
W/EGL_emulation( 1257): eglSurfaceAttrib not implemented
W/OpenGLRenderer( 1257): Failed to set EGL_SWAP_BEHAVIOR on surface 0xde4419a0, error=EGL_SUCCESS
W/ViewRootImpl( 1257): Cancelling event due to no window focus: KeyEvent { action=ACTION_UP, keyCode=KEYCODE_DPAD_RIGHT, scanCode=0, metaState=0, flags=0x28, repeatCount=0, eventTime=62098626, downTime=62098626, deviceId=-1, source=0x101 }
W/ViewRootImpl( 1257): Cancelling event due to no window focus: KeyEvent { action=ACTION_UP, keyCode=KEYCODE_DPAD_RIGHT, scanCode=0, metaState=0, flags=0x28, repeatCount=0, eventTime=62098626, downTime=62098626, deviceId=-1, source=0x101 }
W/ViewRootImpl( 1257): Cancelling event due to no window focus: KeyEvent { action=ACTION_UP, keyCode=KEYCODE_DPAD_RIGHT, scanCode=0, metaState=0, flags=0x28, repeatCount=0, eventTime=62098626, downTime=62098626, deviceId=-1, source=0x101 }
W/ViewRootImpl( 1257): Cancelling event due to no window focus: KeyEvent { action=ACTION_UP, keyCode=KEYCODE_DPAD_RIGHT, scanCode=0, metaState=0, flags=0x28, repeatCount=0, eventTime=62098626, downTime=62098626, deviceId=-1, source=0x101 }
W/ViewRootImpl( 1257): Cancelling event due to no window focus: KeyEvent { action=ACTION_UP, keyCode=KEYCODE_DPAD_RIGHT, scanCode=0, metaState=0, flags=0x28, repeatCount=0, eventTime=62098626, downTime=62098626, deviceId=-1, source=0x101 }
W/ViewRootImpl( 1257): Cancelling event due to no window focus: KeyEvent { action=ACTION_UP, keyCode=KEYCODE_DPAD_RIGHT, scanCode=0, metaState=0, flags=0x28, repeatCount=0, eventTime=62098626, downTime=62098626, deviceId=-1, source=0x101 }
W/ViewRootImpl( 1257): Cancelling event due to no window focus: KeyEvent { action=ACTION_UP, keyCode=KEYCODE_DPAD_RIGHT, scanCode=0, metaState=0, flags=0x28, repeatCount=0, eventTime=62098626, downTime=62098626, deviceId=-1, source=0x101 }
W/ViewRootImpl( 1257): Cancelling event due to no window focus: KeyEvent { action=ACTION_UP, keyCode=KEYCODE_DPAD_RIGHT, scanCode=0, metaState=0, flags=0x28, repeatCount=0, eventTime=62098626, downTime=62098626, deviceId=-1, source=0x101 }
W/ViewRootImpl( 1257): Cancelling event due to no window focus: KeyEvent { action=ACTION_UP, keyCode=KEYCODE_DPAD_RIGHT, scanCode=0, metaState=0, flags=0x28, repeatCount=0, eventTime=62098626, downTime=62098626, deviceId=-1, source=0x101 }
I/InputDispatcher(  510): Dropped event because of pending overdue app switch.
W/InputManager(  510): Input event injection from pid 5885 failed.
W/EGL_emulation(  637): eglSurfaceAttrib not implemented
W/OpenGLRenderer(  637): Failed to set EGL_SWAP_BEHAVIOR on surface 0xeed5e2e0, error=EGL_SUCCESS
W/ViewRootImpl(  637): Dropping event due to no window focus: KeyEvent { action=ACTION_DOWN, keyCode=KEYCODE_DPAD_DOWN, scanCode=0, metaState=0, flags=0x8, repeatCount=0, eventTime=62098697, downTime=62098697, deviceId=-1, source=0x101 }
W/ViewRootImpl(  637): Cancelling event due to no window focus: KeyEvent { action=ACTION_UP, keyCode=KEYCODE_DPAD_DOWN, scanCode=0, metaState=0, flags=0x28, repeatCount=0, eventTime=62098806, downTime=62098697, deviceId=-1, source=0x101 }
W/ViewRootImpl(  637): Cancelling event due to no window focus: KeyEvent { action=ACTION_UP, keyCode=KEYCODE_DPAD_DOWN, scanCode=0, metaState=0, flags=0x28, repeatCount=0, eventTime=62098806, downTime=62098697, deviceId=-1, source=0x101 }
W/ViewRootImpl(  637): Cancelling event due to no window focus: KeyEvent { action=ACTION_UP, keyCode=KEYCODE_DPAD_DOWN, scanCode=0, metaState=0, flags=0x28, repeatCount=0, eventTime=62098806, downTime=62098697, deviceId=-1, source=0x101 }
W/ViewRootImpl(  637): Cancelling event due to no window focus: KeyEvent { action=ACTION_UP, keyCode=KEYCODE_DPAD_DOWN, scanCode=0, metaState=0, flags=0x28, repeatCount=0, eventTime=62098806, downTime=62098697, deviceId=-1, source=0x101 }
W/ViewRootImpl(  637): Cancelling event due to no window focus: KeyEvent { action=ACTION_UP, keyCode=KEYCODE_DPAD_DOWN, scanCode=0, metaState=0, flags=0x28, repeatCount=0, eventTime=62098806, downTime=62098697, deviceId=-1, source=0x101 }
W/ViewRootImpl(  637): Cancelling event due to no window focus: KeyEvent { action=ACTION_UP, keyCode=KEYCODE_DPAD_DOWN, scanCode=0, metaState=0, flags=0x28, repeatCount=0, eventTime=62098806, downTime=62098697, deviceId=-1, source=0x101 }
W/ViewRootImpl(  637): Cancelling event due to no window focus: KeyEvent { action=ACTION_UP, keyCode=KEYCODE_DPAD_DOWN, scanCode=0, metaState=0, flags=0x28, repeatCount=0, eventTime=62098806, downTime=62098697, deviceId=-1, source=0x101 }
W/ViewRootImpl(  637): Cancelling event due to no window focus: KeyEvent { action=ACTION_UP, keyCode=KEYCODE_DPAD_DOWN, scanCode=0, metaState=0, flags=0x28, repeatCount=0, eventTime=62098806, downTime=62098697, deviceId=-1, source=0x101 }
W/ViewRootImpl(  637): Cancelling event due to no window focus: KeyEvent { action=ACTION_UP, keyCode=KEYCODE_DPAD_DOWN, scanCode=0, metaState=0, flags=0x28, repeatCount=0, eventTime=62098806, downTime=62098697, deviceId=-1, source=0x101 }
W/ViewRootImpl(  637): Dropping event due to no window focus: KeyEvent { action=ACTION_DOWN, keyCode=KEYCODE_NUMPAD_0, scanCode=0, metaState=0, flags=0x8, repeatCount=0, eventTime=62098808, downTime=62098808, deviceId=-1, source=0x101 }
W/ViewRootImpl(  637): Dropping event due to no window focus: KeyEvent { action=ACTION_DOWN, keyCode=KEYCODE_INSERT, scanCode=0, metaState=0, flags=0x8, repeatCount=0, eventTime=62098808, downTime=62098808, deviceId=-1, source=0x101 }
W/ViewRootImpl(  637): Cancelling event due to no window focus: KeyEvent { action=ACTION_UP, keyCode=KEYCODE_NUMPAD_0, scanCode=0, metaState=0, flags=0x28, repeatCount=0, eventTime=62098886, downTime=62098886, deviceId=-1, source=0x101 }
W/ViewRootImpl(  637): Cancelling event due to no window focus: KeyEvent { action=ACTION_UP, keyCode=KEYCODE_NUMPAD_0, scanCode=0, metaState=0, flags=0x28, repeatCount=0, eventTime=62098886, downTime=62098886, deviceId=-1, source=0x101 }
W/ViewRootImpl(  637): Cancelling event due to no window focus: KeyEvent { action=ACTION_UP, keyCode=KEYCODE_NUMPAD_0, scanCode=0, metaState=0, flags=0x28, repeatCount=0, eventTime=62098886, downTime=62098886, deviceId=-1, source=0x101 }
W/ViewRootImpl(  637): Cancelling event due to no window focus: KeyEvent { action=ACTION_UP, keyCode=KEYCODE_NUMPAD_0, scanCode=0, metaState=0, flags=0x28, repeatCount=0, eventTime=62098886, downTime=62098886, deviceId=-1, source=0x101 }
W/ViewRootImpl(  637): Cancelling event due to no window focus: KeyEvent { action=ACTION_UP, keyCode=KEYCODE_NUMPAD_0, scanCode=0, metaState=0, flags=0x28, repeatCount=0, eventTime=62098886, downTime=62098886, deviceId=-1, source=0x101 }
W/ViewRootImpl(  637): Cancelling event due to no window focus: KeyEvent { action=ACTION_UP, keyCode=KEYCODE_NUMPAD_0, scanCode=0, metaState=0, flags=0x28, repeatCount=0, eventTime=62098886, downTime=62098886, deviceId=-1, source=0x101 }
W/ViewRootImpl(  637): Cancelling event due to no window focus: KeyEvent { action=ACTION_UP, keyCode=KEYCODE_NUMPAD_0, scanCode=0, metaState=0, flags=0x28, repeatCount=0, eventTime=62098886, downTime=62098886, deviceId=-1, source=0x101 }
W/ViewRootImpl(  637): Cancelling event due to no window focus: KeyEvent { action=ACTION_UP, keyCode=KEYCODE_NUMPAD_0, scanCode=0, metaState=0, flags=0x28, repeatCount=0, eventTime=62098886, downTime=62098886, deviceId=-1, source=0x101 }
W/ViewRootImpl(  637): Cancelling event due to no window focus: KeyEvent { action=ACTION_UP, keyCode=KEYCODE_NUMPAD_0, scanCode=0, metaState=0, flags=0x28, repeatCount=0, eventTime=62098886, downTime=62098886, deviceId=-1, source=0x101 }
W/EGL_emulation( 1257): eglSurfaceAttrib not implemented
W/OpenGLRenderer( 1257): Failed to set EGL_SWAP_BEHAVIOR on surface 0xde4418e0, error=EGL_SUCCESS
I/ActivityManager(  510): START u0 {act=android.intent.action.MAIN cat=[android.intent.category.HOME] flg=0x10200000 cmp=com.android.launcher3/.Launcher} from uid 1000 on display 0
I/ActivityManager(  510): START u0 {act=android.intent.action.MAIN cat=[android.intent.category.LAUNCHER] flg=0x10200000 cmp=com.zzl.falcon.internal/com.squareup.leakcanary.internal.DisplayLeakActivity} from uid 0 on display 0
E/EGL_emulation(  504): tid 504: eglCreateSyncKHR(1209): error 0x3004 (EGL_BAD_ATTRIBUTE)
W/MediaSessionService(  510): Attempted to dispatch null or non-media key event.
W/MediaSessionService(  510): Attempted to dispatch null or non-media key event.
W/EGL_emulation( 5257): eglSurfaceAttrib not implemented
W/OpenGLRenderer( 5257): Failed to set EGL_SWAP_BEHAVIOR on surface 0xe14e61a0, error=EGL_SUCCESS
W/ViewRootImpl( 5257): Cancelling event due to no window focus: KeyEvent { action=ACTION_UP, keyCode=KEYCODE_MENU, scanCode=0, metaState=0, flags=0x28, repeatCount=0, eventTime=62099353, downTime=62099353, deviceId=-1, source=0x101 }
W/ViewRootImpl( 5257): Cancelling event due to no window focus: KeyEvent { action=ACTION_UP, keyCode=KEYCODE_MENU, scanCode=0, metaState=0, flags=0x28, repeatCount=0, eventTime=62099353, downTime=62099353, deviceId=-1, source=0x101 }
W/ViewRootImpl( 5257): Cancelling event due to no window focus: KeyEvent { action=ACTION_UP, keyCode=KEYCODE_MENU, scanCode=0, metaState=0, flags=0x28, repeatCount=0, eventTime=62099353, downTime=62099353, deviceId=-1, source=0x101 }
W/ViewRootImpl( 5257): Cancelling event due to no window focus: KeyEvent { action=ACTION_UP, keyCode=KEYCODE_MENU, scanCode=0, metaState=0, flags=0x28, repeatCount=0, eventTime=62099353, downTime=62099353, deviceId=-1, source=0x101 }
W/ViewRootImpl( 5257): Cancelling event due to no window focus: KeyEvent { action=ACTION_UP, keyCode=KEYCODE_MENU, scanCode=0, metaState=0, flags=0x28, repeatCount=0, eventTime=62099353, downTime=62099353, deviceId=-1, source=0x101 }
W/ViewRootImpl( 5257): Cancelling event due to no window focus: KeyEvent { action=ACTION_UP, keyCode=KEYCODE_MENU, scanCode=0, metaState=0, flags=0x28, repeatCount=0, eventTime=62099353, downTime=62099353, deviceId=-1, source=0x101 }
W/ViewRootImpl( 5257): Dropping event due to no window focus: KeyEvent { action=ACTION_DOWN, keyCode=KEYCODE_DPAD_RIGHT, scanCode=0, metaState=0, flags=0x8, repeatCount=0, eventTime=62099522, downTime=62099522, deviceId=-1, source=0x101 }
W/ViewRootImpl( 5257): Cancelling event due to no window focus: KeyEvent { action=ACTION_UP, keyCode=KEYCODE_DPAD_RIGHT, scanCode=0, metaState=0, flags=0x28, repeatCount=0, eventTime=62099524, downTime=62099524, deviceId=-1, source=0x101 }
W/ViewRootImpl( 5257): Cancelling event due to no window focus: KeyEvent { action=ACTION_UP, keyCode=KEYCODE_DPAD_RIGHT, scanCode=0, metaState=0, flags=0x28, repeatCount=0, eventTime=62099524, downTime=62099524, deviceId=-1, source=0x101 }
W/ViewRootImpl( 5257): Cancelling event due to no window focus: KeyEvent { action=ACTION_UP, keyCode=KEYCODE_DPAD_RIGHT, scanCode=0, metaState=0, flags=0x28, repeatCount=0, eventTime=62099524, downTime=62099524, deviceId=-1, source=0x101 }
W/ViewRootImpl( 5257): Cancelling event due to no window focus: KeyEvent { action=ACTION_UP, keyCode=KEYCODE_DPAD_RIGHT, scanCode=0, metaState=0, flags=0x28, repeatCount=0, eventTime=62099524, downTime=62099524, deviceId=-1, source=0x101 }
W/ViewRootImpl( 5257): Cancelling event due to no window focus: KeyEvent { action=ACTION_UP, keyCode=KEYCODE_DPAD_RIGHT, scanCode=0, metaState=0, flags=0x28, repeatCount=0, eventTime=62099524, downTime=62099524, deviceId=-1, source=0x101 }
W/ViewRootImpl( 5257): Cancelling event due to no window focus: KeyEvent { action=ACTION_UP, keyCode=KEYCODE_DPAD_RIGHT, scanCode=0, metaState=0, flags=0x28, repeatCount=0, eventTime=62099524, downTime=62099524, deviceId=-1, source=0x101 }
W/ViewRootImpl( 5257): Cancelling event due to no window focus: KeyEvent { action=ACTION_UP, keyCode=KEYCODE_DPAD_RIGHT, scanCode=0, metaState=0, flags=0x28, repeatCount=0, eventTime=62099524, downTime=62099524, deviceId=-1, source=0x101 }
W/ViewRootImpl( 5257): Cancelling event due to no window focus: KeyEvent { action=ACTION_UP, keyCode=KEYCODE_DPAD_RIGHT, scanCode=0, metaState=0, flags=0x28, repeatCount=0, eventTime=62099524, downTime=62099524, deviceId=-1, source=0x101 }
W/ViewRootImpl( 5257): Cancelling event due to no window focus: KeyEvent { action=ACTION_UP, keyCode=KEYCODE_DPAD_RIGHT, scanCode=0, metaState=0, flags=0x28, repeatCount=0, eventTime=62099524, downTime=62099524, deviceId=-1, source=0x101 }
W/ViewRootImpl( 5257): Dropping event due to no window focus: MotionEvent { action=ACTION_MOVE, id[0]=0, x[0]=4.0, y[0]=-2.0, toolType[0]=TOOL_TYPE_UNKNOWN, buttonState=0, metaState=0, flags=0x0, edgeFlags=0x0, pointerCount=1, historySize=3, eventTime=62099542, downTime=-1, deviceId=0, source=0x10004 }
W/ViewRootImpl( 5257): Dropping event due to no window focus: MotionEvent { action=ACTION_MOVE, id[0]=0, x[0]=0.0, y[0]=-5.0, toolType[0]=TOOL_TYPE_UNKNOWN, buttonState=0, metaState=0, flags=0x0, edgeFlags=0x0, pointerCount=1, historySize=5, eventTime=62099546, downTime=-1, deviceId=0, source=0x10004 }
W/ViewRootImpl( 5257): Dropping event due to no window focus: KeyEvent { action=ACTION_DOWN, keyCode=KEYCODE_STB_INPUT, scanCode=0, metaState=0, flags=0x8, repeatCount=0, eventTime=62099554, downTime=62099554, deviceId=-1, source=0x101 }
W/ViewRootImpl( 5257): Cancelling event due to no window focus: KeyEvent { action=ACTION_UP, keyCode=KEYCODE_STB_INPUT, scanCode=0, metaState=0, flags=0x28, repeatCount=0, eventTime=62099566, downTime=62099566, deviceId=-1, source=0x101 }
W/ViewRootImpl( 5257): Cancelling event due to no window focus: KeyEvent { action=ACTION_UP, keyCode=KEYCODE_STB_INPUT, scanCode=0, metaState=0, flags=0x28, repeatCount=0, eventTime=62099566, downTime=62099566, deviceId=-1, source=0x101 }
W/ViewRootImpl( 5257): Cancelling event due to no window focus: KeyEvent { action=ACTION_UP, keyCode=KEYCODE_STB_INPUT, scanCode=0, metaState=0, flags=0x28, repeatCount=0, eventTime=62099566, downTime=62099566, deviceId=-1, source=0x101 }
W/ViewRootImpl( 5257): Cancelling event due to no window focus: KeyEvent { action=ACTION_UP, keyCode=KEYCODE_STB_INPUT, scanCode=0, metaState=0, flags=0x28, repeatCount=0, eventTime=62099566, downTime=62099566, deviceId=-1, source=0x101 }
W/ViewRootImpl( 5257): Cancelling event due to no window focus: KeyEvent { action=ACTION_UP, keyCode=KEYCODE_STB_INPUT, scanCode=0, metaState=0, flags=0x28, repeatCount=0, eventTime=62099566, downTime=62099566, deviceId=-1, source=0x101 }
W/ViewRootImpl( 5257): Cancelling event due to no window focus: KeyEvent { action=ACTION_UP, keyCode=KEYCODE_STB_INPUT, scanCode=0, metaState=0, flags=0x28, repeatCount=0, eventTime=62099566, downTime=62099566, deviceId=-1, source=0x101 }
W/ViewRootImpl( 5257): Cancelling event due to no window focus: KeyEvent { action=ACTION_UP, keyCode=KEYCODE_STB_INPUT, scanCode=0, metaState=0, flags=0x28, repeatCount=0, eventTime=62099566, downTime=62099566, deviceId=-1, source=0x101 }
W/ViewRootImpl( 5257): Cancelling event due to no window focus: KeyEvent { action=ACTION_UP, keyCode=KEYCODE_STB_INPUT, scanCode=0, metaState=0, flags=0x28, repeatCount=0, eventTime=62099566, downTime=62099566, deviceId=-1, source=0x101 }
W/ViewRootImpl( 5257): Cancelling event due to no window focus: KeyEvent { action=ACTION_UP, keyCode=KEYCODE_STB_INPUT, scanCode=0, metaState=0, flags=0x28, repeatCount=0, eventTime=62099566, downTime=62099566, deviceId=-1, source=0x101 }
W/ViewRootImpl( 5257): Dropping event due to no window focus: KeyEvent { action=ACTION_DOWN, keyCode=KEYCODE_DPAD_LEFT, scanCode=0, metaState=0, flags=0x8, repeatCount=0, eventTime=62099567, downTime=62099567, deviceId=-1, source=0x101 }
W/ViewRootImpl( 5257): Cancelling event due to no window focus: KeyEvent { action=ACTION_UP, keyCode=KEYCODE_DPAD_LEFT, scanCode=0, metaState=0, flags=0x28, repeatCount=0, eventTime=62099569, downTime=62099569, deviceId=-1, source=0x101 }
W/ViewRootImpl( 5257): Cancelling event due to no window focus: KeyEvent { action=ACTION_UP, keyCode=KEYCODE_DPAD_LEFT, scanCode=0, metaState=0, flags=0x28, repeatCount=0, eventTime=62099569, downTime=62099569, deviceId=-1, source=0x101 }
W/ViewRootImpl( 5257): Cancelling event due to no window focus: KeyEvent { action=ACTION_UP, keyCode=KEYCODE_DPAD_LEFT, scanCode=0, metaState=0, flags=0x28, repeatCount=0, eventTime=62099569, downTime=62099569, deviceId=-1, source=0x101 }
W/ViewRootImpl( 5257): Cancelling event due to no window focus: KeyEvent { action=ACTION_UP, keyCode=KEYCODE_DPAD_LEFT, scanCode=0, metaState=0, flags=0x28, repeatCount=0, eventTime=62099569, downTime=62099569, deviceId=-1, source=0x101 }
W/ViewRootImpl( 5257): Cancelling event due to no window focus: KeyEvent { action=ACTION_UP, keyCode=KEYCODE_DPAD_LEFT, scanCode=0, metaState=0, flags=0x28, repeatCount=0, eventTime=62099569, downTime=62099569, deviceId=-1, source=0x101 }
W/ViewRootImpl( 5257): Cancelling event due to no window focus: KeyEvent { action=ACTION_UP, keyCode=KEYCODE_DPAD_LEFT, scanCode=0, metaState=0, flags=0x28, repeatCount=0, eventTime=62099569, downTime=62099569, deviceId=-1, source=0x101 }
W/ViewRootImpl( 5257): Cancelling event due to no window focus: KeyEvent { action=ACTION_UP, keyCode=KEYCODE_DPAD_LEFT, scanCode=0, metaState=0, flags=0x28, repeatCount=0, eventTime=62099569, downTime=62099569, deviceId=-1, source=0x101 }
W/ViewRootImpl( 5257): Cancelling event due to no window focus: KeyEvent { action=ACTION_UP, keyCode=KEYCODE_DPAD_LEFT, scanCode=0, metaState=0, flags=0x28, repeatCount=0, eventTime=62099569, downTime=62099569, deviceId=-1, source=0x101 }
W/ViewRootImpl( 5257): Cancelling event due to no window focus: KeyEvent { action=ACTION_UP, keyCode=KEYCODE_DPAD_LEFT, scanCode=0, metaState=0, flags=0x28, repeatCount=0, eventTime=62099569, downTime=62099569, deviceId=-1, source=0x101 }
W/ViewRootImpl( 5257): Dropping event due to no window focus: KeyEvent { action=ACTION_DOWN, keyCode=KEYCODE_DPAD_RIGHT, scanCode=0, metaState=0, flags=0x8, repeatCount=0, eventTime=62099573, downTime=62099573, deviceId=-1, source=0x101 }
W/ViewRootImpl( 5257): Cancelling event due to no window focus: KeyEvent { action=ACTION_UP, keyCode=KEYCODE_DPAD_RIGHT, scanCode=0, metaState=0, flags=0x28, repeatCount=0, eventTime=62099573, downTime=62099573, deviceId=-1, source=0x101 }
W/ViewRootImpl( 5257): Cancelling event due to no window focus: KeyEvent { action=ACTION_UP, keyCode=KEYCODE_DPAD_RIGHT, scanCode=0, metaState=0, flags=0x28, repeatCount=0, eventTime=62099573, downTime=62099573, deviceId=-1, source=0x101 }
W/ViewRootImpl( 5257): Cancelling event due to no window focus: KeyEvent { action=ACTION_UP, keyCode=KEYCODE_DPAD_RIGHT, scanCode=0, metaState=0, flags=0x28, repeatCount=0, eventTime=62099573, downTime=62099573, deviceId=-1, source=0x101 }
W/ViewRootImpl( 5257): Cancelling event due to no window focus: KeyEvent { action=ACTION_UP, keyCode=KEYCODE_DPAD_RIGHT, scanCode=0, metaState=0, flags=0x28, repeatCount=0, eventTime=62099573, downTime=62099573, deviceId=-1, source=0x101 }
W/ViewRootImpl( 5257): Cancelling event due to no window focus: KeyEvent { action=ACTION_UP, keyCode=KEYCODE_DPAD_RIGHT, scanCode=0, metaState=0, flags=0x28, repeatCount=0, eventTime=62099573, downTime=62099573, deviceId=-1, source=0x101 }
W/ViewRootImpl( 5257): Cancelling event due to no window focus: KeyEvent { action=ACTION_UP, keyCode=KEYCODE_DPAD_RIGHT, scanCode=0, metaState=0, flags=0x28, repeatCount=0, eventTime=62099573, downTime=62099573, deviceId=-1, source=0x101 }
W/ViewRootImpl( 5257): Cancelling event due to no window focus: KeyEvent { action=ACTION_UP, keyCode=KEYCODE_DPAD_RIGHT, scanCode=0, metaState=0, flags=0x28, repeatCount=0, eventTime=62099573, downTime=62099573, deviceId=-1, source=0x101 }
W/ViewRootImpl( 5257): Cancelling event due to no window focus: KeyEvent { action=ACTION_UP, keyCode=KEYCODE_DPAD_RIGHT, scanCode=0, metaState=0, flags=0x28, repeatCount=0, eventTime=62099573, downTime=62099573, deviceId=-1, source=0x101 }
W/ViewRootImpl( 5257): Cancelling event due to no window focus: KeyEvent { action=ACTION_UP, keyCode=KEYCODE_DPAD_RIGHT, scanCode=0, metaState=0, flags=0x28, repeatCount=0, eventTime=62099573, downTime=62099573, deviceId=-1, source=0x101 }
D/StatusBar(  637): Clicked on content of 0|com.zzl.falcon.internal|61549|null|10068
I/ActivityManager(  510): START u0 {flg=0x14000000 cmp=com.zzl.falcon.internal/com.squareup.leakcanary.internal.DisplayLeakActivity (has extras)} from uid 10068 on display 0
I/InputDispatcher(  510): Dropped event because of pending overdue app switch.
W/InputManager(  510): Input event injection from pid 5885 failed.
D/ForegroundCallbacks( 1257): went background
E/EGL_emulation(  504): tid 504: eglCreateSyncKHR(1209): error 0x3004 (EGL_BAD_ATTRIBUTE)
V/WindowManager(  510): addAppToken: AppWindowToken{3dd8900f token=Token{3bfd416e ActivityRecord{2ef070e9 u0 com.zzl.falcon.internal/com.squareup.leakcanary.internal.DisplayLeakActivity t21}}} to stack=1 task=21 at 1
W/art     (  510): Long monitor contention event with owner method=int com.android.server.am.PendingIntentRecord.sendInner(int, android.content.Intent, java.lang.String, android.content.IIntentReceiver, java.lang.String, android.os.IBinder, java.lang.String, int, int, int, android.os.Bundle, android.app.IActivityContainer) from PendingIntentRecord.java:203 waiters=0 for 244ms
W/art     (  510): Long monitor contention event with owner method=com.android.internal.view.InputBindResult com.android.server.InputMethodManagerService.windowGainedFocus(com.android.internal.view.IInputMethodClient, android.os.IBinder, int, int, int, android.view.inputmethod.EditorInfo, com.android.internal.view.IInputContext) from InputMethodManagerService.java:1986 waiters=0 for 246ms
W/IInputConnectionWrapper( 1257): showStatusIcon on inactive InputConnection
V/WindowManager(  510): Adding window Window{3fd632a5 u0 com.zzl.falcon.internal/com.squareup.leakcanary.internal.DisplayLeakActivity} at 6 of 12 (after Window{1a99bf30 u0 com.zzl.falcon.internal/com.squareup.leakcanary.internal.DisplayLeakActivity})
W/ViewRootImpl( 5257): Dropping event due to no window focus: KeyEvent { action=ACTION_MULTIPLE, keyCode=KEYCODE_DPAD_UP, scanCode=0, metaState=0, flags=0x400, repeatCount=2, eventTime=62099933, downTime=62099933, deviceId=-1, source=0x101 }
W/ViewRootImpl( 5257): Dropping event due to no window focus: KeyEvent { action=ACTION_DOWN, keyCode=KEYCODE_DPAD_UP, scanCode=0, metaState=0, flags=0x400, repeatCount=0, eventTime=62099933, downTime=62099933, deviceId=-1, source=0x101 }
W/ViewRootImpl( 5257): Cancelling event due to no window focus: KeyEvent { action=ACTION_UP, keyCode=KEYCODE_DPAD_UP, scanCode=0, metaState=0, flags=0x420, repeatCount=0, eventTime=62099933, downTime=62099933, deviceId=-1, source=0x101 }
W/ViewRootImpl( 5257): Cancelling event due to no window focus: KeyEvent { action=ACTION_UP, keyCode=KEYCODE_DPAD_UP, scanCode=0, metaState=0, flags=0x420, repeatCount=0, eventTime=62099933, downTime=62099933, deviceId=-1, source=0x101 }
W/ViewRootImpl( 5257): Cancelling event due to no window focus: KeyEvent { action=ACTION_UP, keyCode=KEYCODE_DPAD_UP, scanCode=0, metaState=0, flags=0x420, repeatCount=0, eventTime=62099933, downTime=62099933, deviceId=-1, source=0x101 }
W/ViewRootImpl( 5257): Dropping event due to no window focus: KeyEvent { action=ACTION_DOWN, keyCode=KEYCODE_DPAD_UP, scanCode=0, metaState=0, flags=0x400, repeatCount=0, eventTime=62099933, downTime=62099933, deviceId=-1, source=0x101 }
W/ViewRootImpl( 5257): Cancelling event due to no window focus: KeyEvent { action=ACTION_UP, keyCode=KEYCODE_DPAD_UP, scanCode=0, metaState=0, flags=0x420, repeatCount=0, eventTime=62099933, downTime=62099933, deviceId=-1, source=0x101 }
W/ViewRootImpl( 5257): Cancelling event due to no window focus: KeyEvent { action=ACTION_UP, keyCode=KEYCODE_DPAD_UP, scanCode=0, metaState=0, flags=0x420, repeatCount=0, eventTime=62099933, downTime=62099933, deviceId=-1, source=0x101 }
W/ViewRootImpl( 5257): Cancelling event due to no window focus: KeyEvent { action=ACTION_UP, keyCode=KEYCODE_DPAD_UP, scanCode=0, metaState=0, flags=0x420, repeatCount=0, eventTime=62099933, downTime=62099933, deviceId=-1, source=0x101 }
W/ViewRootImpl( 5257): Dropping event due to no window focus: KeyEvent { action=ACTION_DOWN, keyCode=KEYCODE_DPAD_UP, scanCode=0, metaState=0, flags=0x400, repeatCount=0, eventTime=62099933, downTime=62099933, deviceId=-1, source=0x101 }
W/ViewRootImpl( 5257): Cancelling event due to no window focus: KeyEvent { action=ACTION_UP, keyCode=KEYCODE_DPAD_UP, scanCode=0, metaState=0, flags=0x420, repeatCount=0, eventTime=62099933, downTime=62099933, deviceId=-1, source=0x101 }
W/ViewRootImpl( 5257): Cancelling event due to no window focus: KeyEvent { action=ACTION_UP, keyCode=KEYCODE_DPAD_UP, scanCode=0, metaState=0, flags=0x420, repeatCount=0, eventTime=62099933, downTime=62099933, deviceId=-1, source=0x101 }
W/ViewRootImpl( 5257): Cancelling event due to no window focus: KeyEvent { action=ACTION_UP, keyCode=KEYCODE_DPAD_UP, scanCode=0, metaState=0, flags=0x420, repeatCount=0, eventTime=62099933, downTime=62099933, deviceId=-1, source=0x101 }
W/ViewRootImpl( 5257): Dropping event due to no window focus: KeyEvent { action=ACTION_DOWN, keyCode=KEYCODE_DPAD_UP, scanCode=0, metaState=0, flags=0x400, repeatCount=0, eventTime=62099933, downTime=62099933, deviceId=-1, source=0x101 }
W/ViewRootImpl( 5257): Cancelling event due to no window focus: KeyEvent { action=ACTION_UP, keyCode=KEYCODE_DPAD_UP, scanCode=0, metaState=0, flags=0x420, repeatCount=0, eventTime=62099933, downTime=62099933, deviceId=-1, source=0x101 }
W/ViewRootImpl( 5257): Cancelling event due to no window focus: KeyEvent { action=ACTION_UP, keyCode=KEYCODE_DPAD_UP, scanCode=0, metaState=0, flags=0x420, repeatCount=0, eventTime=62099933, downTime=62099933, deviceId=-1, source=0x101 }
W/ViewRootImpl( 5257): Cancelling event due to no window focus: KeyEvent { action=ACTION_UP, keyCode=KEYCODE_DPAD_UP, scanCode=0, metaState=0, flags=0x420, repeatCount=0, eventTime=62099933, downTime=62099933, deviceId=-1, source=0x101 }
W/ViewRootImpl( 5257): Dropping event due to no window focus: KeyEvent { action=ACTION_DOWN, keyCode=KEYCODE_DPAD_CENTER, scanCode=0, metaState=0, flags=0x400, repeatCount=0, eventTime=62099934, downTime=62099934, deviceId=-1, source=0x101 }
W/ViewRootImpl( 5257): Cancelling event due to no window focus: KeyEvent { action=ACTION_UP, keyCode=KEYCODE_DPAD_CENTER, scanCode=0, metaState=0, flags=0x420, repeatCount=0, eventTime=62099934, downTime=62099934, deviceId=-1, source=0x101 }
W/ViewRootImpl( 5257): Cancelling event due to no window focus: KeyEvent { action=ACTION_UP, keyCode=KEYCODE_DPAD_CENTER, scanCode=0, metaState=0, flags=0x420, repeatCount=0, eventTime=62099934, downTime=62099934, deviceId=-1, source=0x101 }
W/ViewRootImpl( 5257): Cancelling event due to no window focus: KeyEvent { action=ACTION_UP, keyCode=KEYCODE_DPAD_CENTER, scanCode=0, metaState=0, flags=0x420, repeatCount=0, eventTime=62099934, downTime=62099934, deviceId=-1, source=0x101 }
W/ViewRootImpl( 5257): Dropping event due to no window focus: KeyEvent { action=ACTION_MULTIPLE, keyCode=KEYCODE_DPAD_RIGHT, scanCode=0, metaState=0, flags=0x400, repeatCount=2, eventTime=62099934, downTime=62099934, deviceId=-1, source=0x101 }
W/ViewRootImpl( 5257): Dropping event due to no window focus: KeyEvent { action=ACTION_DOWN, keyCode=KEYCODE_DPAD_RIGHT, scanCode=0, metaState=0, flags=0x400, repeatCount=0, eventTime=62099934, downTime=62099934, deviceId=-1, source=0x101 }
W/ViewRootImpl( 5257): Cancelling event due to no window focus: KeyEvent { action=ACTION_UP, keyCode=KEYCODE_DPAD_RIGHT, scanCode=0, metaState=0, flags=0x420, repeatCount=0, eventTime=62099934, downTime=62099934, deviceId=-1, source=0x101 }
W/ViewRootImpl( 5257): Cancelling event due to no window focus: KeyEvent { action=ACTION_UP, keyCode=KEYCODE_DPAD_RIGHT, scanCode=0, metaState=0, flags=0x420, repeatCount=0, eventTime=62099934, downTime=62099934, deviceId=-1, source=0x101 }
W/ViewRootImpl( 5257): Cancelling event due to no window focus: KeyEvent { action=ACTION_UP, keyCode=KEYCODE_DPAD_RIGHT, scanCode=0, metaState=0, flags=0x420, repeatCount=0, eventTime=62099934, downTime=62099934, deviceId=-1, source=0x101 }
W/ViewRootImpl( 5257): Dropping event due to no window focus: KeyEvent { action=ACTION_DOWN, keyCode=KEYCODE_DPAD_RIGHT, scanCode=0, metaState=0, flags=0x400, repeatCount=0, eventTime=62099934, downTime=62099934, deviceId=-1, source=0x101 }
W/ViewRootImpl( 5257): Cancelling event due to no window focus: KeyEvent { action=ACTION_UP, keyCode=KEYCODE_DPAD_RIGHT, scanCode=0, metaState=0, flags=0x420, repeatCount=0, eventTime=62099934, downTime=62099934, deviceId=-1, source=0x101 }
W/ViewRootImpl( 5257): Cancelling event due to no window focus: KeyEvent { action=ACTION_UP, keyCode=KEYCODE_DPAD_RIGHT, scanCode=0, metaState=0, flags=0x420, repeatCount=0, eventTime=62099934, downTime=62099934, deviceId=-1, source=0x101 }
W/ViewRootImpl( 5257): Cancelling event due to no window focus: KeyEvent { action=ACTION_UP, keyCode=KEYCODE_DPAD_RIGHT, scanCode=0, metaState=0, flags=0x420, repeatCount=0, eventTime=62099934, downTime=62099934, deviceId=-1, source=0x101 }
W/ViewRootImpl( 5257): Dropping event due to no window focus: KeyEvent { action=ACTION_DOWN, keyCode=KEYCODE_DPAD_RIGHT, scanCode=0, metaState=0, flags=0x400, repeatCount=0, eventTime=62099934, downTime=62099934, deviceId=-1, source=0x101 }
W/ViewRootImpl( 5257): Cancelling event due to no window focus: KeyEvent { action=ACTION_UP, keyCode=KEYCODE_DPAD_RIGHT, scanCode=0, metaState=0, flags=0x420, repeatCount=0, eventTime=62099934, downTime=62099934, deviceId=-1, source=0x101 }
W/ViewRootImpl( 5257): Cancelling event due to no window focus: KeyEvent { action=ACTION_UP, keyCode=KEYCODE_DPAD_RIGHT, scanCode=0, metaState=0, flags=0x420, repeatCount=0, eventTime=62099934, downTime=62099934, deviceId=-1, source=0x101 }
W/ViewRootImpl( 5257): Cancelling event due to no window focus: KeyEvent { action=ACTION_UP, keyCode=KEYCODE_DPAD_RIGHT, scanCode=0, metaState=0, flags=0x420, repeatCount=0, eventTime=62099934, downTime=62099934, deviceId=-1, source=0x101 }
W/EGL_emulation( 5257): eglSurfaceAttrib not implemented
W/OpenGLRenderer( 5257): Failed to set EGL_SWAP_BEHAVIOR on surface 0xe14e61c0, error=EGL_SUCCESS
W/ViewRootImpl( 5257): Cancelling event due to no window focus: KeyEvent { action=ACTION_UP, keyCode=KEYCODE_DPAD_UP, scanCode=0, metaState=0, flags=0x420, repeatCount=0, eventTime=62099933, downTime=62099933, deviceId=-1, source=0x101 }
W/ViewRootImpl( 5257): Cancelling event due to no window focus: KeyEvent { action=ACTION_UP, keyCode=KEYCODE_DPAD_UP, scanCode=0, metaState=0, flags=0x420, repeatCount=0, eventTime=62099933, downTime=62099933, deviceId=-1, source=0x101 }
W/ViewRootImpl( 5257): Cancelling event due to no window focus: KeyEvent { action=ACTION_UP, keyCode=KEYCODE_DPAD_UP, scanCode=0, metaState=0, flags=0x420, repeatCount=0, eventTime=62099933, downTime=62099933, deviceId=-1, source=0x101 }
W/ViewRootImpl( 5257): Cancelling event due to no window focus: KeyEvent { action=ACTION_UP, keyCode=KEYCODE_DPAD_UP, scanCode=0, metaState=0, flags=0x420, repeatCount=0, eventTime=62099933, downTime=62099933, deviceId=-1, source=0x101 }
W/ViewRootImpl( 5257): Cancelling event due to no window focus: KeyEvent { action=ACTION_UP, keyCode=KEYCODE_DPAD_UP, scanCode=0, metaState=0, flags=0x420, repeatCount=0, eventTime=62099933, downTime=62099933, deviceId=-1, source=0x101 }
W/ViewRootImpl( 5257): Cancelling event due to no window focus: KeyEvent { action=ACTION_UP, keyCode=KEYCODE_DPAD_UP, scanCode=0, metaState=0, flags=0x420, repeatCount=0, eventTime=62099933, downTime=62099933, deviceId=-1, source=0x101 }
W/ViewRootImpl( 5257): Cancelling event due to no window focus: KeyEvent { action=ACTION_UP, keyCode=KEYCODE_DPAD_UP, scanCode=0, metaState=0, flags=0x420, repeatCount=0, eventTime=62099933, downTime=62099933, deviceId=-1, source=0x101 }
W/ViewRootImpl( 5257): Cancelling event due to no window focus: KeyEvent { action=ACTION_UP, keyCode=KEYCODE_DPAD_UP, scanCode=0, metaState=0, flags=0x420, repeatCount=0, eventTime=62099933, downTime=62099933, deviceId=-1, source=0x101 }
W/ViewRootImpl( 5257): Cancelling event due to no window focus: KeyEvent { action=ACTION_UP, keyCode=KEYCODE_DPAD_UP, scanCode=0, metaState=0, flags=0x420, repeatCount=0, eventTime=62099933, downTime=62099933, deviceId=-1, source=0x101 }
W/ViewRootImpl( 5257): Cancelling event due to no window focus: KeyEvent { action=ACTION_UP, keyCode=KEYCODE_DPAD_UP, scanCode=0, metaState=0, flags=0x420, repeatCount=0, eventTime=62099933, downTime=62099933, deviceId=-1, source=0x101 }
W/ViewRootImpl( 5257): Cancelling event due to no window focus: KeyEvent { action=ACTION_UP, keyCode=KEYCODE_DPAD_UP, scanCode=0, metaState=0, flags=0x420, repeatCount=0, eventTime=62099933, downTime=62099933, deviceId=-1, source=0x101 }
W/ViewRootImpl( 5257): Cancelling event due to no window focus: KeyEvent { action=ACTION_UP, keyCode=KEYCODE_DPAD_UP, scanCode=0, metaState=0, flags=0x420, repeatCount=0, eventTime=62099933, downTime=62099933, deviceId=-1, source=0x101 }
W/ViewRootImpl( 5257): Cancelling event due to no window focus: KeyEvent { action=ACTION_UP, keyCode=KEYCODE_DPAD_UP, scanCode=0, metaState=0, flags=0x420, repeatCount=0, eventTime=62099933, downTime=62099933, deviceId=-1, source=0x101 }
W/ViewRootImpl( 5257): Cancelling event due to no window focus: KeyEvent { action=ACTION_UP, keyCode=KEYCODE_DPAD_UP, scanCode=0, metaState=0, flags=0x420, repeatCount=0, eventTime=62099933, downTime=62099933, deviceId=-1, source=0x101 }
W/ViewRootImpl( 5257): Cancelling event due to no window focus: KeyEvent { action=ACTION_UP, keyCode=KEYCODE_DPAD_UP, scanCode=0, metaState=0, flags=0x420, repeatCount=0, eventTime=62099933, downTime=62099933, deviceId=-1, source=0x101 }
W/ViewRootImpl( 5257): Cancelling event due to no window focus: KeyEvent { action=ACTION_UP, keyCode=KEYCODE_DPAD_UP, scanCode=0, metaState=0, flags=0x420, repeatCount=0, eventTime=62099933, downTime=62099933, deviceId=-1, source=0x101 }
W/ViewRootImpl( 5257): Cancelling event due to no window focus: KeyEvent { action=ACTION_UP, keyCode=KEYCODE_DPAD_UP, scanCode=0, metaState=0, flags=0x420, repeatCount=0, eventTime=62099933, downTime=62099933, deviceId=-1, source=0x101 }
W/ViewRootImpl( 5257): Cancelling event due to no window focus: KeyEvent { action=ACTION_UP, keyCode=KEYCODE_DPAD_UP, scanCode=0, metaState=0, flags=0x420, repeatCount=0, eventTime=62099933, downTime=62099933, deviceId=-1, source=0x101 }
W/ViewRootImpl( 5257): Cancelling event due to no window focus: KeyEvent { action=ACTION_UP, keyCode=KEYCODE_DPAD_UP, scanCode=0, metaState=0, flags=0x420, repeatCount=0, eventTime=62099933, downTime=62099933, deviceId=-1, source=0x101 }
W/ViewRootImpl( 5257): Cancelling event due to no window focus: KeyEvent { action=ACTION_UP, keyCode=KEYCODE_DPAD_UP, scanCode=0, metaState=0, flags=0x420, repeatCount=0, eventTime=62099933, downTime=62099933, deviceId=-1, source=0x101 }
W/ViewRootImpl( 5257): Cancelling event due to no window focus: KeyEvent { action=ACTION_UP, keyCode=KEYCODE_DPAD_UP, scanCode=0, metaState=0, flags=0x420, repeatCount=0, eventTime=62099933, downTime=62099933, deviceId=-1, source=0x101 }
W/ViewRootImpl( 5257): Cancelling event due to no window focus: KeyEvent { action=ACTION_UP, keyCode=KEYCODE_DPAD_UP, scanCode=0, metaState=0, flags=0x420, repeatCount=0, eventTime=62099933, downTime=62099933, deviceId=-1, source=0x101 }
W/ViewRootImpl( 5257): Cancelling event due to no window focus: KeyEvent { action=ACTION_UP, keyCode=KEYCODE_DPAD_UP, scanCode=0, metaState=0, flags=0x420, repeatCount=0, eventTime=62099933, downTime=62099933, deviceId=-1, source=0x101 }
W/ViewRootImpl( 5257): Cancelling event due to no window focus: KeyEvent { action=ACTION_UP, keyCode=KEYCODE_DPAD_UP, scanCode=0, metaState=0, flags=0x420, repeatCount=0, eventTime=62099933, downTime=62099933, deviceId=-1, source=0x101 }
W/ViewRootImpl( 5257): Cancelling event due to no window focus: KeyEvent { action=ACTION_UP, keyCode=KEYCODE_DPAD_CENTER, scanCode=0, metaState=0, flags=0x420, repeatCount=0, eventTime=62099934, downTime=62099934, deviceId=-1, source=0x101 }
W/ViewRootImpl( 5257): Cancelling event due to no window focus: KeyEvent { action=ACTION_UP, keyCode=KEYCODE_DPAD_CENTER, scanCode=0, metaState=0, flags=0x420, repeatCount=0, eventTime=62099934, downTime=62099934, deviceId=-1, source=0x101 }
W/ViewRootImpl( 5257): Cancelling event due to no window focus: KeyEvent { action=ACTION_UP, keyCode=KEYCODE_DPAD_CENTER, scanCode=0, metaState=0, flags=0x420, repeatCount=0, eventTime=62099934, downTime=62099934, deviceId=-1, source=0x101 }
W/ViewRootImpl( 5257): Cancelling event due to no window focus: KeyEvent { action=ACTION_UP, keyCode=KEYCODE_DPAD_CENTER, scanCode=0, metaState=0, flags=0x420, repeatCount=0, eventTime=62099934, downTime=62099934, deviceId=-1, source=0x101 }
W/ViewRootImpl( 5257): Cancelling event due to no window focus: KeyEvent { action=ACTION_UP, keyCode=KEYCODE_DPAD_CENTER, scanCode=0, metaState=0, flags=0x420, repeatCount=0, eventTime=62099934, downTime=62099934, deviceId=-1, source=0x101 }
W/ViewRootImpl( 5257): Cancelling event due to no window focus: KeyEvent { action=ACTION_UP, keyCode=KEYCODE_DPAD_CENTER, scanCode=0, metaState=0, flags=0x420, repeatCount=0, eventTime=62099934, downTime=62099934, deviceId=-1, source=0x101 }
W/ViewRootImpl( 5257): Cancelling event due to no window focus: KeyEvent { action=ACTION_UP, keyCode=KEYCODE_DPAD_RIGHT, scanCode=0, metaState=0, flags=0x420, repeatCount=0, eventTime=62099934, downTime=62099934, deviceId=-1, source=0x101 }
W/ViewRootImpl( 5257): Cancelling event due to no window focus: KeyEvent { action=ACTION_UP, keyCode=KEYCODE_DPAD_RIGHT, scanCode=0, metaState=0, flags=0x420, repeatCount=0, eventTime=62099934, downTime=62099934, deviceId=-1, source=0x101 }
W/ViewRootImpl( 5257): Cancelling event due to no window focus: KeyEvent { action=ACTION_UP, keyCode=KEYCODE_DPAD_RIGHT, scanCode=0, metaState=0, flags=0x420, repeatCount=0, eventTime=62099934, downTime=62099934, deviceId=-1, source=0x101 }
W/ViewRootImpl( 5257): Cancelling event due to no window focus: KeyEvent { action=ACTION_UP, keyCode=KEYCODE_DPAD_RIGHT, scanCode=0, metaState=0, flags=0x420, repeatCount=0, eventTime=62099934, downTime=62099934, deviceId=-1, source=0x101 }
W/ViewRootImpl( 5257): Cancelling event due to no window focus: KeyEvent { action=ACTION_UP, keyCode=KEYCODE_DPAD_RIGHT, scanCode=0, metaState=0, flags=0x420, repeatCount=0, eventTime=62099934, downTime=62099934, deviceId=-1, source=0x101 }
W/ViewRootImpl( 5257): Cancelling event due to no window focus: KeyEvent { action=ACTION_UP, keyCode=KEYCODE_DPAD_RIGHT, scanCode=0, metaState=0, flags=0x420, repeatCount=0, eventTime=62099934, downTime=62099934, deviceId=-1, source=0x101 }
W/ViewRootImpl( 5257): Cancelling event due to no window focus: KeyEvent { action=ACTION_UP, keyCode=KEYCODE_DPAD_RIGHT, scanCode=0, metaState=0, flags=0x420, repeatCount=0, eventTime=62099934, downTime=62099934, deviceId=-1, source=0x101 }
