W/ViewRootImpl( 5257): Cancelling event due to no window focus: KeyEvent { action=ACTION_UP, keyCode=KEYCODE_DPAD_RIGHT, scanCode=0, metaState=0, flags=0x420, repeatCount=0, eventTime=62099934, downTime=62099934, deviceId=-1, source=0x101 }
W/ViewRootImpl( 5257): Cancelling event due to no window focus: KeyEvent { action=ACTION_UP, keyCode=KEYCODE_DPAD_RIGHT, scanCode=0, metaState=0, flags=0x420, repeatCount=0, eventTime=62099934, downTime=62099934, deviceId=-1, source=0x101 }
W/ViewRootImpl( 5257): Cancelling event due to no window focus: KeyEvent { action=ACTION_UP, keyCode=KEYCODE_DPAD_RIGHT, scanCode=0, metaState=0, flags=0x420, repeatCount=0, eventTime=62099934, downTime=62099934, deviceId=-1, source=0x101 }
W/ViewRootImpl( 5257): Cancelling event due to no window focus: KeyEvent { action=ACTION_UP, keyCode=KEYCODE_DPAD_RIGHT, scanCode=0, metaState=0, flags=0x420, repeatCount=0, eventTime=62099934, downTime=62099934, deviceId=-1, source=0x101 }
W/ViewRootImpl( 5257): Cancelling event due to no window focus: KeyEvent { action=ACTION_UP, keyCode=KEYCODE_DPAD_RIGHT, scanCode=0, metaState=0, flags=0x420, repeatCount=0, eventTime=62099934, downTime=62099934, deviceId=-1, source=0x101 }
W/ViewRootImpl( 5257): Cancelling event due to no window focus: KeyEvent { action=ACTION_UP, keyCode=KEYCODE_DPAD_RIGHT, scanCode=0, metaState=0, flags=0x420, repeatCount=0, eventTime=62099934, downTime=62099934, deviceId=-1, source=0x101 }
W/ViewRootImpl( 5257): Cancelling event due to no window focus: KeyEvent { action=ACTION_UP, keyCode=KEYCODE_DPAD_RIGHT, scanCode=0, metaState=0, flags=0x420, repeatCount=0, eventTime=62099934, downTime=62099934, deviceId=-1, source=0x101 }
W/ViewRootImpl( 5257): Cancelling event due to no window focus: KeyEvent { action=ACTION_UP, keyCode=KEYCODE_DPAD_RIGHT, scanCode=0, metaState=0, flags=0x420, repeatCount=0, eventTime=62099934, downTime=62099934, deviceId=-1, source=0x101 }
W/ViewRootImpl( 5257): Cancelling event due to no window focus: KeyEvent { action=ACTION_UP, keyCode=KEYCODE_DPAD_RIGHT, scanCode=0, metaState=0, flags=0x420, repeatCount=0, eventTime=62099934, downTime=62099934, deviceId=-1, source=0x101 }
W/ViewRootImpl( 5257): Cancelling event due to no window focus: KeyEvent { action=ACTION_UP, keyCode=KEYCODE_DPAD_RIGHT, scanCode=0, metaState=0, flags=0x420, repeatCount=0, eventTime=62099934, downTime=62099934, deviceId=-1, source=0x101 }
W/ViewRootImpl( 5257): Cancelling event due to no window focus: KeyEvent { action=ACTION_UP, keyCode=KEYCODE_DPAD_RIGHT, scanCode=0, metaState=0, flags=0x420, repeatCount=0, eventTime=62099934, downTime=62099934, deviceId=-1, source=0x101 }
W/ViewRootImpl( 5257): Cancelling event due to no window focus: KeyEvent { action=ACTION_UP, keyCode=KEYCODE_MENU, scanCode=0, metaState=0, flags=0x28, repeatCount=0, eventTime=62099743, downTime=62099743, deviceId=-1, source=0x101 }
W/ViewRootImpl( 5257): Cancelling event due to no window focus: KeyEvent { action=ACTION_UP, keyCode=KEYCODE_MENU, scanCode=0, metaState=0, flags=0x28, repeatCount=0, eventTime=62099743, downTime=62099743, deviceId=-1, source=0x101 }
W/ViewRootImpl( 5257): Cancelling event due to no window focus: KeyEvent { action=ACTION_UP, keyCode=KEYCODE_MENU, scanCode=0, metaState=0, flags=0x28, repeatCount=0, eventTime=62099743, downTime=62099743, deviceId=-1, source=0x101 }
W/ViewRootImpl( 5257): Cancelling event due to no window focus: KeyEvent { action=ACTION_UP, keyCode=KEYCODE_MENU, scanCode=0, metaState=0, flags=0x28, repeatCount=0, eventTime=62099743, downTime=62099743, deviceId=-1, source=0x101 }
W/ViewRootImpl( 5257): Cancelling event due to no window focus: KeyEvent { action=ACTION_UP, keyCode=KEYCODE_MENU, scanCode=0, metaState=0, flags=0x28, repeatCount=0, eventTime=62099743, downTime=62099743, deviceId=-1, source=0x101 }
W/ViewRootImpl( 5257): Cancelling event due to no window focus: KeyEvent { action=ACTION_UP, keyCode=KEYCODE_MENU, scanCode=0, metaState=0, flags=0x28, repeatCount=0, eventTime=62099743, downTime=62099743, deviceId=-1, source=0x101 }
W/ViewRootImpl( 5257): Dropping event due to no window focus: MotionEvent { action=ACTION_MOVE, id[0]=0, x[0]=4.0, y[0]=3.0, toolType[0]=TOOL_TYPE_UNKNOWN, buttonState=0, metaState=0, flags=0x0, edgeFlags=0x0, pointerCount=1, historySize=9, eventTime=62100049, downTime=-1, deviceId=0, source=0x10004 }
E/AudioMixer(  123): AudioMixer::getTrackName out of available tracks
E/AudioFlinger(  123): no more track names available
E/AudioFlinger(  123): createTrack_l() initCheck failed -12; no control block?
E/AudioTrack(  510): AudioFlinger could not create track, status: -12
E/SoundPool(  510): Error creating AudioTrack
W/AudioTrack(  510): AUDIO_OUTPUT_FLAG_FAST denied by client
E/AudioMixer(  123): AudioMixer::getTrackName out of available tracks
E/AudioFlinger(  123): no more track names available
E/AudioFlinger(  123): createTrack_l() initCheck failed -12; no control block?
E/AudioTrack(  510): AudioFlinger could not create track, status: -12
E/SoundPool(  510): Error creating AudioTrack
W/AudioTrack(  510): AUDIO_OUTPUT_FLAG_FAST denied by client
E/AudioMixer(  123): AudioMixer::getTrackName out of available tracks
E/AudioFlinger(  123): no more track names available
E/AudioFlinger(  123): createTrack_l() initCheck failed -12; no control block?
E/AudioTrack(  510): AudioFlinger could not create track, status: -12
E/SoundPool(  510): Error creating AudioTrack
W/AudioTrack(  510): AUDIO_OUTPUT_FLAG_FAST denied by client
E/AudioMixer(  123): AudioMixer::getTrackName out of available tracks
E/AudioFlinger(  123): no more track names available
E/AudioFlinger(  123): createTrack_l() initCheck failed -12; no control block?
E/AudioTrack(  510): AudioFlinger could not create track, status: -12
E/SoundPool(  510): Error creating AudioTrack
W/AudioTrack(  510): AUDIO_OUTPUT_FLAG_FAST denied by client
E/AudioMixer(  123): AudioMixer::getTrackName out of available tracks
E/AudioFlinger(  123): no more track names available
E/AudioFlinger(  123): createTrack_l() initCheck failed -12; no control block?
E/AudioTrack(  510): AudioFlinger could not create track, status: -12
E/SoundPool(  510): Error creating AudioTrack
W/AudioTrack(  510): AUDIO_OUTPUT_FLAG_FAST denied by client
E/AudioMixer(  123): AudioMixer::getTrackName out of available tracks
E/AudioFlinger(  123): no more track names available
E/AudioFlinger(  123): createTrack_l() initCheck failed -12; no control block?
E/AudioTrack(  510): AudioFlinger could not create track, status: -12
E/SoundPool(  510): Error creating AudioTrack
W/AudioTrack(  510): AUDIO_OUTPUT_FLAG_FAST denied by client
E/AudioMixer(  123): AudioMixer::getTrackName out of available tracks
E/AudioFlinger(  123): no more track names available
E/AudioFlinger(  123): createTrack_l() initCheck failed -12; no control block?
E/AudioTrack(  510): AudioFlinger could not create track, status: -12
E/SoundPool(  510): Error creating AudioTrack
W/AudioTrack(  510): AUDIO_OUTPUT_FLAG_FAST denied by client
E/AudioMixer(  123): AudioMixer::getTrackName out of available tracks
E/AudioFlinger(  123): no more track names available
E/AudioFlinger(  123): createTrack_l() initCheck failed -12; no control block?
E/AudioTrack(  510): AudioFlinger could not create track, status: -12
E/SoundPool(  510): Error creating AudioTrack
W/AudioTrack(  510): AUDIO_OUTPUT_FLAG_FAST denied by client
E/AudioMixer(  123): AudioMixer::getTrackName out of available tracks
E/AudioFlinger(  123): no more track names available
E/AudioFlinger(  123): createTrack_l() initCheck failed -12; no control block?
E/AudioTrack(  510): AudioFlinger could not create track, status: -12
E/SoundPool(  510): Error creating AudioTrack
W/AudioTrack(  510): AUDIO_OUTPUT_FLAG_FAST denied by client
E/AudioMixer(  123): AudioMixer::getTrackName out of available tracks
E/AudioFlinger(  123): no more track names available
E/AudioFlinger(  123): createTrack_l() initCheck failed -12; no control block?
E/AudioTrack(  510): AudioFlinger could not create track, status: -12
E/SoundPool(  510): Error creating AudioTrack
W/AudioTrack(  510): AUDIO_OUTPUT_FLAG_FAST denied by client
E/AudioMixer(  123): AudioMixer::getTrackName out of available tracks
E/AudioFlinger(  123): no more track names available
E/AudioFlinger(  123): createTrack_l() initCheck failed -12; no control block?
E/AudioTrack(  510): AudioFlinger could not create track, status: -12
E/SoundPool(  510): Error creating AudioTrack
W/AudioTrack(  510): AUDIO_OUTPUT_FLAG_FAST denied by client
E/AudioMixer(  123): AudioMixer::getTrackName out of available tracks
E/AudioFlinger(  123): no more track names available
E/AudioFlinger(  123): createTrack_l() initCheck failed -12; no control block?
E/AudioTrack(  510): AudioFlinger could not create track, status: -12
E/SoundPool(  510): Error creating AudioTrack
W/AudioTrack(  510): AUDIO_OUTPUT_FLAG_FAST denied by client
E/AudioMixer(  123): AudioMixer::getTrackName out of available tracks
E/AudioFlinger(  123): no more track names available
E/AudioFlinger(  123): createTrack_l() initCheck failed -12; no control block?
E/AudioTrack(  510): AudioFlinger could not create track, status: -12
E/SoundPool(  510): Error creating AudioTrack
W/AudioTrack(  510): AUDIO_OUTPUT_FLAG_FAST denied by client
E/AudioMixer(  123): AudioMixer::getTrackName out of available tracks
E/AudioFlinger(  123): no more track names available
E/AudioFlinger(  123): createTrack_l() initCheck failed -12; no control block?
E/AudioTrack(  510): AudioFlinger could not create track, status: -12
E/SoundPool(  510): Error creating AudioTrack
W/AudioTrack(  510): AUDIO_OUTPUT_FLAG_FAST denied by client
E/AudioMixer(  123): AudioMixer::getTrackName out of available tracks
E/AudioFlinger(  123): no more track names available
E/AudioFlinger(  123): createTrack_l() initCheck failed -12; no control block?
E/AudioTrack(  510): AudioFlinger could not create track, status: -12
E/SoundPool(  510): Error creating AudioTrack
W/AudioTrack(  510): AUDIO_OUTPUT_FLAG_FAST denied by client
E/AudioMixer(  123): AudioMixer::getTrackName out of available tracks
E/AudioFlinger(  123): no more track names available
E/AudioFlinger(  123): createTrack_l() initCheck failed -12; no control block?
E/AudioTrack(  510): AudioFlinger could not create track, status: -12
E/SoundPool(  510): Error creating AudioTrack
W/AudioTrack(  510): AUDIO_OUTPUT_FLAG_FAST denied by client
E/AudioMixer(  123): AudioMixer::getTrackName out of available tracks
E/AudioFlinger(  123): no more track names available
E/AudioFlinger(  123): createTrack_l() initCheck failed -12; no control block?
E/AudioTrack(  510): AudioFlinger could not create track, status: -12
E/SoundPool(  510): Error creating AudioTrack
W/AudioTrack(  510): AUDIO_OUTPUT_FLAG_FAST denied by client
E/AudioMixer(  123): AudioMixer::getTrackName out of available tracks
E/AudioFlinger(  123): no more track names available
E/AudioFlinger(  123): createTrack_l() initCheck failed -12; no control block?
E/AudioTrack(  510): AudioFlinger could not create track, status: -12
E/SoundPool(  510): Error creating AudioTrack
W/AudioTrack(  510): AUDIO_OUTPUT_FLAG_FAST denied by client
E/AudioMixer(  123): AudioMixer::getTrackName out of available tracks
E/AudioFlinger(  123): no more track names available
E/AudioFlinger(  123): createTrack_l() initCheck failed -12; no control block?
E/AudioTrack(  510): AudioFlinger could not create track, status: -12
E/SoundPool(  510): Error creating AudioTrack
W/AudioTrack(  510): AUDIO_OUTPUT_FLAG_FAST denied by client
E/AudioMixer(  123): AudioMixer::getTrackName out of available tracks
E/AudioFlinger(  123): no more track names available
E/AudioFlinger(  123): createTrack_l() initCheck failed -12; no control block?
E/AudioTrack(  510): AudioFlinger could not create track, status: -12
E/SoundPool(  510): Error creating AudioTrack
W/AudioTrack(  510): AUDIO_OUTPUT_FLAG_FAST denied by client
E/AudioMixer(  123): AudioMixer::getTrackName out of available tracks
E/AudioFlinger(  123): no more track names available
E/AudioFlinger(  123): createTrack_l() initCheck failed -12; no control block?
E/AudioTrack(  510): AudioFlinger could not create track, status: -12
E/SoundPool(  510): Error creating AudioTrack
W/AudioTrack(  510): AUDIO_OUTPUT_FLAG_FAST denied by client
E/AudioMixer(  123): AudioMixer::getTrackName out of available tracks
E/AudioFlinger(  123): no more track names available
E/AudioFlinger(  123): createTrack_l() initCheck failed -12; no control block?
E/AudioTrack(  510): AudioFlinger could not create track, status: -12
E/SoundPool(  510): Error creating AudioTrack
W/AudioTrack(  510): AUDIO_OUTPUT_FLAG_FAST denied by client
E/AudioMixer(  123): AudioMixer::getTrackName out of available tracks
E/AudioFlinger(  123): no more track names available
E/AudioFlinger(  123): createTrack_l() initCheck failed -12; no control block?
E/AudioTrack(  510): AudioFlinger could not create track, status: -12
E/SoundPool(  510): Error creating AudioTrack
W/AudioTrack(  510): AUDIO_OUTPUT_FLAG_FAST denied by client
E/AudioMixer(  123): AudioMixer::getTrackName out of available tracks
E/AudioFlinger(  123): no more track names available
E/AudioFlinger(  123): createTrack_l() initCheck failed -12; no control block?
E/AudioTrack(  510): AudioFlinger could not create track, status: -12
E/SoundPool(  510): Error creating AudioTrack
W/AudioTrack(  510): AUDIO_OUTPUT_FLAG_FAST denied by client
E/AudioMixer(  123): AudioMixer::getTrackName out of available tracks
E/AudioFlinger(  123): no more track names available
E/AudioFlinger(  123): createTrack_l() initCheck failed -12; no control block?
E/AudioTrack(  510): AudioFlinger could not create track, status: -12
E/SoundPool(  510): Error creating AudioTrack
W/AudioTrack(  510): AUDIO_OUTPUT_FLAG_FAST denied by client
E/AudioMixer(  123): AudioMixer::getTrackName out of available tracks
E/AudioFlinger(  123): no more track names available
E/AudioFlinger(  123): createTrack_l() initCheck failed -12; no control block?
E/AudioTrack(  510): AudioFlinger could not create track, status: -12
E/SoundPool(  510): Error creating AudioTrack
W/AudioTrack(  510): AUDIO_OUTPUT_FLAG_FAST denied by client
E/AudioMixer(  123): AudioMixer::getTrackName out of available tracks
E/AudioFlinger(  123): no more track names available
E/AudioFlinger(  123): createTrack_l() initCheck failed -12; no control block?
E/AudioTrack(  510): AudioFlinger could not create track, status: -12
E/SoundPool(  510): Error creating AudioTrack
W/AudioTrack(  510): AUDIO_OUTPUT_FLAG_FAST denied by client
E/AudioMixer(  123): AudioMixer::getTrackName out of available tracks
E/AudioFlinger(  123): no more track names available
E/AudioFlinger(  123): createTrack_l() initCheck failed -12; no control block?
E/AudioTrack(  510): AudioFlinger could not create track, status: -12
E/SoundPool(  510): Error creating AudioTrack
W/AudioTrack(  510): AUDIO_OUTPUT_FLAG_FAST denied by client
E/AudioMixer(  123): AudioMixer::getTrackName out of available tracks
E/AudioFlinger(  123): no more track names available
E/AudioFlinger(  123): createTrack_l() initCheck failed -12; no control block?
E/AudioTrack(  510): AudioFlinger could not create track, status: -12
E/SoundPool(  510): Error creating AudioTrack
W/AudioTrack(  510): AUDIO_OUTPUT_FLAG_FAST denied by client
E/AudioMixer(  123): AudioMixer::getTrackName out of available tracks
E/AudioFlinger(  123): no more track names available
E/AudioFlinger(  123): createTrack_l() initCheck failed -12; no control block?
E/AudioTrack(  510): AudioFlinger could not create track, status: -12
E/SoundPool(  510): Error creating AudioTrack
W/AudioTrack(  510): AUDIO_OUTPUT_FLAG_FAST denied by client
E/AudioMixer(  123): AudioMixer::getTrackName out of available tracks
E/AudioFlinger(  123): no more track names available
E/AudioFlinger(  123): createTrack_l() initCheck failed -12; no control block?
E/AudioTrack(  510): AudioFlinger could not create track, status: -12
E/SoundPool(  510): Error creating AudioTrack
W/AudioTrack(  510): AUDIO_OUTPUT_FLAG_FAST denied by client
E/AudioMixer(  123): AudioMixer::getTrackName out of available tracks
E/AudioFlinger(  123): no more track names available
E/AudioFlinger(  123): createTrack_l() initCheck failed -12; no control block?
E/AudioTrack(  510): AudioFlinger could not create track, status: -12
E/SoundPool(  510): Error creating AudioTrack
W/AudioTrack(  510): AUDIO_OUTPUT_FLAG_FAST denied by client
E/AudioMixer(  123): AudioMixer::getTrackName out of available tracks
E/AudioFlinger(  123): no more track names available
E/AudioFlinger(  123): createTrack_l() initCheck failed -12; no control block?
E/AudioTrack(  510): AudioFlinger could not create track, status: -12
E/SoundPool(  510): Error creating AudioTrack
W/AudioTrack(  510): AUDIO_OUTPUT_FLAG_FAST denied by client
E/AudioMixer(  123): AudioMixer::getTrackName out of available tracks
E/AudioFlinger(  123): no more track names available
E/AudioFlinger(  123): createTrack_l() initCheck failed -12; no control block?
E/AudioTrack(  510): AudioFlinger could not create track, status: -12
E/SoundPool(  510): Error creating AudioTrack
W/AudioTrack(  510): AUDIO_OUTPUT_FLAG_FAST denied by client
E/AudioMixer(  123): AudioMixer::getTrackName out of available tracks
E/AudioFlinger(  123): no more track names available
E/AudioFlinger(  123): createTrack_l() initCheck failed -12; no control block?
E/AudioTrack(  510): AudioFlinger could not create track, status: -12
E/SoundPool(  510): Error creating AudioTrack
D/PhoneStatusBar(  637): disable: < expand icons* alerts system_info* back home recent clock search >
W/ViewRootImpl( 5257): Dropping event due to no window focus: KeyEvent { action=ACTION_DOWN, keyCode=KEYCODE_DPAD_UP, scanCode=0, metaState=0, flags=0x8, repeatCount=0, eventTime=62100049, downTime=62100049, deviceId=-1, source=0x101 }
I/Choreographer( 5257): Skipped 55 frames!  The application may be doing too much work on its main thread.
I/ActivityManager(  510): Displayed com.zzl.falcon.internal/com.squareup.leakcanary.internal.DisplayLeakActivity: +1s125ms
W/EGL_emulation(  637): eglSurfaceAttrib not implemented
W/OpenGLRenderer(  637): Failed to set EGL_SWAP_BEHAVIOR on surface 0xeed5e2e0, error=EGL_SUCCESS
W/OpenGLRenderer(  637): Incorrectly called buildLayer on View: FrameLayout, destroying layer...
W/OpenGLRenderer(  637): Incorrectly called buildLayer on View: SplitClockView, destroying layer...
W/ResourceType(  637): No package identifier when getting value for resource number 0x00000000
W/PackageManager(  637): Failure retrieving resources for com.zzl.falcon.internal: Resource ID #0x0
I/awcn.ComponentCallbacks2( 1257):  onTrimMemory level:20
I/awcn.SessionCenter( 1257): |[seq:[default]] [background]
I/awcn.StrategyCenter( 1257):  saveData
I/awcn.SessionCenter( 1257): |[seq:umeng:56aadbf567e58e38d4000976] [background]
I/awcn.StrategyCenter( 1257):  saveData
D/PhoneStatusBar(  637): disable: < expand ICONS* alerts SYSTEM_INFO* back home recent clock search >
W/EGL_emulation(  637): eglSurfaceAttrib not implemented
W/OpenGLRenderer(  637): Failed to set EGL_SWAP_BEHAVIOR on surface 0xeed5e2e0, error=EGL_SUCCESS
I/ActivityManager(  510): START u0 {act=android.intent.action.MAIN cat=[android.intent.category.LAUNCHER] flg=0x10200000 cmp=com.zzl.falcon.internal/com.squareup.leakcanary.internal.DisplayLeakActivity} from uid 0 on display 0
W/ViewRootImpl(  637): Cancelling event due to no window focus: KeyEvent { action=ACTION_UP, keyCode=KEYCODE_DPAD_DOWN, scanCode=0, metaState=0, flags=0x28, repeatCount=0, eventTime=62102071, downTime=62102071, deviceId=-1, source=0x101 }
W/ViewRootImpl(  637): Cancelling event due to no window focus: KeyEvent { action=ACTION_UP, keyCode=KEYCODE_DPAD_DOWN, scanCode=0, metaState=0, flags=0x28, repeatCount=0, eventTime=62102071, downTime=62102071, deviceId=-1, source=0x101 }
W/ViewRootImpl(  637): Cancelling event due to no window focus: KeyEvent { action=ACTION_UP, keyCode=KEYCODE_DPAD_DOWN, scanCode=0, metaState=0, flags=0x28, repeatCount=0, eventTime=62102071, downTime=62102071, deviceId=-1, source=0x101 }
W/ViewRootImpl(  637): Cancelling event due to no window focus: KeyEvent { action=ACTION_UP, keyCode=KEYCODE_DPAD_DOWN, scanCode=0, metaState=0, flags=0x28, repeatCount=0, eventTime=62102071, downTime=62102071, deviceId=-1, source=0x101 }
W/ViewRootImpl(  637): Cancelling event due to no window focus: KeyEvent { action=ACTION_UP, keyCode=KEYCODE_DPAD_DOWN, scanCode=0, metaState=0, flags=0x28, repeatCount=0, eventTime=62102071, downTime=62102071, deviceId=-1, source=0x101 }
W/ViewRootImpl(  637): Cancelling event due to no window focus: KeyEvent { action=ACTION_UP, keyCode=KEYCODE_DPAD_DOWN, scanCode=0, metaState=0, flags=0x28, repeatCount=0, eventTime=62102071, downTime=62102071, deviceId=-1, source=0x101 }
W/ViewRootImpl(  637): Cancelling event due to no window focus: KeyEvent { action=ACTION_UP, keyCode=KEYCODE_DPAD_DOWN, scanCode=0, metaState=0, flags=0x28, repeatCount=0, eventTime=62102071, downTime=62102071, deviceId=-1, source=0x101 }
W/ViewRootImpl(  637): Cancelling event due to no window focus: KeyEvent { action=ACTION_UP, keyCode=KEYCODE_DPAD_DOWN, scanCode=0, metaState=0, flags=0x28, repeatCount=0, eventTime=62102071, downTime=62102071, deviceId=-1, source=0x101 }
W/ViewRootImpl(  637): Cancelling event due to no window focus: KeyEvent { action=ACTION_UP, keyCode=KEYCODE_DPAD_DOWN, scanCode=0, metaState=0, flags=0x28, repeatCount=0, eventTime=62102071, downTime=62102071, deviceId=-1, source=0x101 }
W/ViewRootImpl(  637): Dropping event due to no window focus: MotionEvent { action=ACTION_MOVE, id[0]=0, x[0]=-2.0, y[0]=1.0, toolType[0]=TOOL_TYPE_UNKNOWN, buttonState=0, metaState=0, flags=0x0, edgeFlags=0x0, pointerCount=1, historySize=9, eventTime=62102135, downTime=-1, deviceId=0, source=0x10004 }
W/ViewRootImpl(  637): Dropping event due to no window focus: MotionEvent { action=ACTION_DOWN, id[0]=0, x[0]=0.0, y[0]=0.0, toolType[0]=TOOL_TYPE_UNKNOWN, buttonState=0, metaState=0, flags=0x0, edgeFlags=0x0, pointerCount=1, historySize=0, eventTime=62102136, downTime=62102126, deviceId=0, source=0x10004 }
W/ViewRootImpl(  637): Cancelling event due to no window focus: MotionEvent { action=ACTION_CANCEL, id[0]=0, x[0]=0.0, y[0]=0.0, toolType[0]=TOOL_TYPE_UNKNOWN, buttonState=0, metaState=0, flags=0x0, edgeFlags=0x0, pointerCount=1, historySize=0, eventTime=62102136, downTime=62102126, deviceId=0, source=0x10004 }
W/ViewRootImpl(  637): Cancelling event due to no window focus: MotionEvent { action=ACTION_CANCEL, id[0]=0, x[0]=0.0, y[0]=0.0, toolType[0]=TOOL_TYPE_UNKNOWN, buttonState=0, metaState=0, flags=0x0, edgeFlags=0x0, pointerCount=1, historySize=0, eventTime=62102136, downTime=62102126, deviceId=0, source=0x10004 }
W/ViewRootImpl(  637): Cancelling event due to no window focus: MotionEvent { action=ACTION_CANCEL, id[0]=0, x[0]=0.0, y[0]=0.0, toolType[0]=TOOL_TYPE_UNKNOWN, buttonState=0, metaState=0, flags=0x0, edgeFlags=0x0, pointerCount=1, historySize=0, eventTime=62102136, downTime=62102126, deviceId=0, source=0x10004 }
W/ViewRootImpl(  637): Cancelling event due to no window focus: MotionEvent { action=ACTION_CANCEL, id[0]=0, x[0]=0.0, y[0]=0.0, toolType[0]=TOOL_TYPE_UNKNOWN, buttonState=0, metaState=0, flags=0x0, edgeFlags=0x0, pointerCount=1, historySize=0, eventTime=62102136, downTime=62102126, deviceId=0, source=0x10004 }
W/ViewRootImpl(  637): Cancelling event due to no window focus: MotionEvent { action=ACTION_CANCEL, id[0]=0, x[0]=0.0, y[0]=0.0, toolType[0]=TOOL_TYPE_UNKNOWN, buttonState=0, metaState=0, flags=0x0, edgeFlags=0x0, pointerCount=1, historySize=0, eventTime=62102136, downTime=62102126, deviceId=0, source=0x10004 }
W/ViewRootImpl(  637): Cancelling event due to no window focus: MotionEvent { action=ACTION_CANCEL, id[0]=0, x[0]=0.0, y[0]=0.0, toolType[0]=TOOL_TYPE_UNKNOWN, buttonState=0, metaState=0, flags=0x0, edgeFlags=0x0, pointerCount=1, historySize=0, eventTime=62102136, downTime=62102126, deviceId=0, source=0x10004 }
W/ViewRootImpl(  637): Cancelling event due to no window focus: MotionEvent { action=ACTION_CANCEL, id[0]=0, x[0]=0.0, y[0]=0.0, toolType[0]=TOOL_TYPE_UNKNOWN, buttonState=0, metaState=0, flags=0x0, edgeFlags=0x0, pointerCount=1, historySize=0, eventTime=62102136, downTime=62102126, deviceId=0, source=0x10004 }
D/PhoneStatusBar(  637): disable: < expand icons* alerts system_info* back home recent clock search >
W/ViewRootImpl( 5257): Dropping event due to no window focus: KeyEvent { action=ACTION_DOWN, keyCode=KEYCODE_DPAD_CENTER, scanCode=0, metaState=0, flags=0x8, repeatCount=0, eventTime=62102199, downTime=62102199, deviceId=-1, source=0x101 }
W/ViewRootImpl( 5257): Cancelling event due to no window focus: KeyEvent { action=ACTION_UP, keyCode=KEYCODE_DPAD_CENTER, scanCode=0, metaState=0, flags=0x28, repeatCount=0, eventTime=62102245, downTime=62102245, deviceId=-1, source=0x101 }
W/ViewRootImpl( 5257): Cancelling event due to no window focus: KeyEvent { action=ACTION_UP, keyCode=KEYCODE_DPAD_CENTER, scanCode=0, metaState=0, flags=0x28, repeatCount=0, eventTime=62102245, downTime=62102245, deviceId=-1, source=0x101 }
W/ViewRootImpl( 5257): Cancelling event due to no window focus: KeyEvent { action=ACTION_UP, keyCode=KEYCODE_DPAD_CENTER, scanCode=0, metaState=0, flags=0x28, repeatCount=0, eventTime=62102245, downTime=62102245, deviceId=-1, source=0x101 }
W/ViewRootImpl( 5257): Cancelling event due to no window focus: KeyEvent { action=ACTION_UP, keyCode=KEYCODE_DPAD_CENTER, scanCode=0, metaState=0, flags=0x28, repeatCount=0, eventTime=62102245, downTime=62102245, deviceId=-1, source=0x101 }
W/ViewRootImpl( 5257): Cancelling event due to no window focus: KeyEvent { action=ACTION_UP, keyCode=KEYCODE_DPAD_CENTER, scanCode=0, metaState=0, flags=0x28, repeatCount=0, eventTime=62102245, downTime=62102245, deviceId=-1, source=0x101 }
W/ViewRootImpl( 5257): Cancelling event due to no window focus: KeyEvent { action=ACTION_UP, keyCode=KEYCODE_DPAD_CENTER, scanCode=0, metaState=0, flags=0x28, repeatCount=0, eventTime=62102245, downTime=62102245, deviceId=-1, source=0x101 }
W/ViewRootImpl( 5257): Cancelling event due to no window focus: KeyEvent { action=ACTION_UP, keyCode=KEYCODE_DPAD_CENTER, scanCode=0, metaState=0, flags=0x28, repeatCount=0, eventTime=62102245, downTime=62102245, deviceId=-1, source=0x101 }
W/ViewRootImpl( 5257): Cancelling event due to no window focus: KeyEvent { action=ACTION_UP, keyCode=KEYCODE_DPAD_CENTER, scanCode=0, metaState=0, flags=0x28, repeatCount=0, eventTime=62102245, downTime=62102245, deviceId=-1, source=0x101 }
W/ViewRootImpl( 5257): Cancelling event due to no window focus: KeyEvent { action=ACTION_UP, keyCode=KEYCODE_DPAD_CENTER, scanCode=0, metaState=0, flags=0x28, repeatCount=0, eventTime=62102245, downTime=62102245, deviceId=-1, source=0x101 }
W/InputMethodManagerService(  510): Window already focused, ignoring focus gain of: com.android.internal.view.IInputMethodClient$Stub$Proxy@2fe7022a attribute=null, token = android.os.BinderProxy@bb4189c
I/ActivityManager(  510): START u0 {act=android.intent.action.MAIN cat=[android.intent.category.HOME] flg=0x10200000 cmp=com.android.launcher3/.Launcher} from uid 1000 on display 0
W/EGL_emulation(  637): eglSurfaceAttrib not implemented
W/OpenGLRenderer(  637): Failed to set EGL_SWAP_BEHAVIOR on surface 0xeed5e2e0, error=EGL_SUCCESS
I/ActivityManager(  510): START u0 {act=android.intent.action.MAIN cat=[android.intent.category.HOME] flg=0x10200000 cmp=com.android.launcher3/.Launcher} from uid 1000 on display 0
E/EGL_emulation(  504): tid 504: eglCreateSyncKHR(1209): error 0x3004 (EGL_BAD_ATTRIBUTE)
W/ViewRootImpl( 5257): Cancelling event due to no window focus: KeyEvent { action=ACTION_UP, keyCode=KEYCODE_MENU, scanCode=0, metaState=0, flags=0x28, repeatCount=0, eventTime=62102487, downTime=62102474, deviceId=-1, source=0x101 }
W/ViewRootImpl( 5257): Cancelling event due to no window focus: KeyEvent { action=ACTION_UP, keyCode=KEYCODE_MENU, scanCode=0, metaState=0, flags=0x28, repeatCount=0, eventTime=62102487, downTime=62102474, deviceId=-1, source=0x101 }
W/ViewRootImpl( 5257): Cancelling event due to no window focus: KeyEvent { action=ACTION_UP, keyCode=KEYCODE_MENU, scanCode=0, metaState=0, flags=0x28, repeatCount=0, eventTime=62102487, downTime=62102474, deviceId=-1, source=0x101 }
W/ViewRootImpl( 5257): Cancelling event due to no window focus: KeyEvent { action=ACTION_UP, keyCode=KEYCODE_MENU, scanCode=0, metaState=0, flags=0x28, repeatCount=0, eventTime=62102487, downTime=62102474, deviceId=-1, source=0x101 }
W/ViewRootImpl( 5257): Cancelling event due to no window focus: KeyEvent { action=ACTION_UP, keyCode=KEYCODE_MENU, scanCode=0, metaState=0, flags=0x28, repeatCount=0, eventTime=62102487, downTime=62102474, deviceId=-1, source=0x101 }
W/ViewRootImpl( 5257): Cancelling event due to no window focus: KeyEvent { action=ACTION_UP, keyCode=KEYCODE_MENU, scanCode=0, metaState=0, flags=0x28, repeatCount=0, eventTime=62102487, downTime=62102474, deviceId=-1, source=0x101 }
W/EGL_emulation( 1257): eglSurfaceAttrib not implemented
W/OpenGLRenderer( 1257): Failed to set EGL_SWAP_BEHAVIOR on surface 0xdecc3c00, error=EGL_SUCCESS
W/ViewRootImpl( 1257): Cancelling event due to no window focus: KeyEvent { action=ACTION_UP, keyCode=KEYCODE_MENU, scanCode=0, metaState=0, flags=0x28, repeatCount=0, eventTime=62102485, downTime=62102485, deviceId=-1, source=0x101 }
W/ViewRootImpl( 1257): Cancelling event due to no window focus: KeyEvent { action=ACTION_UP, keyCode=KEYCODE_MENU, scanCode=0, metaState=0, flags=0x28, repeatCount=0, eventTime=62102485, downTime=62102485, deviceId=-1, source=0x101 }
W/ViewRootImpl( 1257): Cancelling event due to no window focus: KeyEvent { action=ACTION_UP, keyCode=KEYCODE_MENU, scanCode=0, metaState=0, flags=0x28, repeatCount=0, eventTime=62102485, downTime=62102485, deviceId=-1, source=0x101 }
W/ViewRootImpl( 1257): Cancelling event due to no window focus: KeyEvent { action=ACTION_UP, keyCode=KEYCODE_MENU, scanCode=0, metaState=0, flags=0x28, repeatCount=0, eventTime=62102485, downTime=62102485, deviceId=-1, source=0x101 }
W/ViewRootImpl( 1257): Cancelling event due to no window focus: KeyEvent { action=ACTION_UP, keyCode=KEYCODE_MENU, scanCode=0, metaState=0, flags=0x28, repeatCount=0, eventTime=62102485, downTime=62102485, deviceId=-1, source=0x101 }
W/ViewRootImpl( 1257): Cancelling event due to no window focus: KeyEvent { action=ACTION_UP, keyCode=KEYCODE_MENU, scanCode=0, metaState=0, flags=0x28, repeatCount=0, eventTime=62102485, downTime=62102485, deviceId=-1, source=0x101 }
W/ViewRootImpl( 1257): Dropping event due to no window focus: KeyEvent { action=ACTION_DOWN, keyCode=KEYCODE_DPAD_RIGHT, scanCode=0, metaState=0, flags=0x8, repeatCount=0, eventTime=62102499, downTime=62102499, deviceId=-1, source=0x101 }
D/ForegroundCallbacks( 1257): went foreground
I/awcn.SessionCenter( 1257): |[seq:[default]] [forground]
I/awcn.SessionCenter( 1257): |[seq:umeng:56aadbf567e58e38d4000976] [forground]
D/awcn.StrategyCenter( 1257):  getSchemeByHost host:umengacs.m.taobao.com scheme:https
D/awcn.SessionCenter( 1257): |[seq:umeng:56aadbf567e58e38d4000976] getInternal u:https://umengacs.m.taobao.com TypeClass:SPDY timeout:0
D/awcn.StrategyCenter( 1257):  getSchemeByHost host:umengacs.m.taobao.com scheme:https
D/awcn.SessionCenter( 1257): |[seq:umeng:56aadbf567e58e38d4000976] get internal hit cache session session:Session@[umeng:56aadbf567e58e38d4000976.AWCN2_1|http2_0rtt_acs]
I/ActivityManager(  510): START u0 {act=android.intent.action.MAIN cat=[android.intent.category.LAUNCHER] flg=0x10200000 cmp=com.zzl.falcon.internal/com.zzl.falcon.EntranceActivity} from uid 0 on display 0
D/PhoneStatusBar(  637): disable: < expand ICONS* alerts SYSTEM_INFO* back home recent clock search >
W/EGL_emulation( 1257): eglSurfaceAttrib not implemented
W/OpenGLRenderer( 1257): Failed to set EGL_SWAP_BEHAVIOR on surface 0xdecc3a60, error=EGL_SUCCESS
D/Justin  ( 1257): width / 2: %d72height/2: %d36
W/EGL_emulation(  637): eglSurfaceAttrib not implemented
W/OpenGLRenderer(  637): Failed to set EGL_SWAP_BEHAVIOR on surface 0xeed5e2e0, error=EGL_SUCCESS
I/ActivityManager(  510): START u0 {act=android.intent.action.MAIN cat=[android.intent.category.LAUNCHER] flg=0x10200000 cmp=com.zzl.falcon.internal/com.zzl.falcon.EntranceActivity} from uid 0 on display 0
W/ViewRootImpl(  637): Dropping event due to no window focus: MotionEvent { action=ACTION_MOVE, id[0]=0, x[0]=-1.0, y[0]=-3.0, toolType[0]=TOOL_TYPE_UNKNOWN, buttonState=0, metaState=0, flags=0x0, edgeFlags=0x0, pointerCount=1, historySize=19, eventTime=62102735, downTime=-1, deviceId=0, source=0x10004 }
D/PhoneStatusBar(  637): disable: < expand icons* alerts system_info* back home recent clock search >
W/ViewRootImpl( 1257): Cancelling event due to no window focus: KeyEvent { action=ACTION_UP, keyCode=KEYCODE_PLUS, scanCode=0, metaState=0, flags=0x28, repeatCount=0, eventTime=62102797, downTime=62102797, deviceId=-1, source=0x101 }
W/ViewRootImpl( 1257): Cancelling event due to no window focus: KeyEvent { action=ACTION_UP, keyCode=KEYCODE_PLUS, scanCode=0, metaState=0, flags=0x28, repeatCount=0, eventTime=62102797, downTime=62102797, deviceId=-1, source=0x101 }
W/ViewRootImpl( 1257): Cancelling event due to no window focus: KeyEvent { action=ACTION_UP, keyCode=KEYCODE_PLUS, scanCode=0, metaState=0, flags=0x28, repeatCount=0, eventTime=62102797, downTime=62102797, deviceId=-1, source=0x101 }
W/ViewRootImpl( 1257): Cancelling event due to no window focus: KeyEvent { action=ACTION_UP, keyCode=KEYCODE_PLUS, scanCode=0, metaState=0, flags=0x28, repeatCount=0, eventTime=62102797, downTime=62102797, deviceId=-1, source=0x101 }
W/ViewRootImpl( 1257): Cancelling event due to no window focus: KeyEvent { action=ACTION_UP, keyCode=KEYCODE_PLUS, scanCode=0, metaState=0, flags=0x28, repeatCount=0, eventTime=62102797, downTime=62102797, deviceId=-1, source=0x101 }
W/ViewRootImpl( 1257): Cancelling event due to no window focus: KeyEvent { action=ACTION_UP, keyCode=KEYCODE_PLUS, scanCode=0, metaState=0, flags=0x28, repeatCount=0, eventTime=62102797, downTime=62102797, deviceId=-1, source=0x101 }
W/ViewRootImpl( 1257): Cancelling event due to no window focus: KeyEvent { action=ACTION_UP, keyCode=KEYCODE_PLUS, scanCode=0, metaState=0, flags=0x28, repeatCount=0, eventTime=62102797, downTime=62102797, deviceId=-1, source=0x101 }
W/ViewRootImpl( 1257): Cancelling event due to no window focus: KeyEvent { action=ACTION_UP, keyCode=KEYCODE_PLUS, scanCode=0, metaState=0, flags=0x28, repeatCount=0, eventTime=62102797, downTime=62102797, deviceId=-1, source=0x101 }
W/ViewRootImpl( 1257): Cancelling event due to no window focus: KeyEvent { action=ACTION_UP, keyCode=KEYCODE_PLUS, scanCode=0, metaState=0, flags=0x28, repeatCount=0, eventTime=62102797, downTime=62102797, deviceId=-1, source=0x101 }
W/EGL_emulation(  637): eglSurfaceAttrib not implemented
W/OpenGLRenderer(  637): Failed to set EGL_SWAP_BEHAVIOR on surface 0xeed5e2e0, error=EGL_SUCCESS
W/ViewRootImpl( 1257): Dropping event due to no window focus: KeyEvent { action=ACTION_DOWN, keyCode=KEYCODE_MENU, scanCode=0, metaState=0, flags=0x8, repeatCount=0, eventTime=62102848, downTime=62102848, deviceId=-1, source=0x101 }
W/ViewRootImpl( 1257): Cancelling event due to no window focus: KeyEvent { action=ACTION_UP, keyCode=KEYCODE_MENU, scanCode=0, metaState=0, flags=0x28, repeatCount=0, eventTime=62102865, downTime=62102865, deviceId=-1, source=0x101 }
W/ViewRootImpl( 1257): Cancelling event due to no window focus: KeyEvent { action=ACTION_UP, keyCode=KEYCODE_MENU, scanCode=0, metaState=0, flags=0x28, repeatCount=0, eventTime=62102865, downTime=62102865, deviceId=-1, source=0x101 }
W/ViewRootImpl( 1257): Cancelling event due to no window focus: KeyEvent { action=ACTION_UP, keyCode=KEYCODE_MENU, scanCode=0, metaState=0, flags=0x28, repeatCount=0, eventTime=62102865, downTime=62102865, deviceId=-1, source=0x101 }
W/ViewRootImpl( 1257): Cancelling event due to no window focus: KeyEvent { action=ACTION_UP, keyCode=KEYCODE_MENU, scanCode=0, metaState=0, flags=0x28, repeatCount=0, eventTime=62102865, downTime=62102865, deviceId=-1, source=0x101 }
W/ViewRootImpl( 1257): Cancelling event due to no window focus: KeyEvent { action=ACTION_UP, keyCode=KEYCODE_MENU, scanCode=0, metaState=0, flags=0x28, repeatCount=0, eventTime=62102865, downTime=62102865, deviceId=-1, source=0x101 }
W/ViewRootImpl( 1257): Cancelling event due to no window focus: KeyEvent { action=ACTION_UP, keyCode=KEYCODE_MENU, scanCode=0, metaState=0, flags=0x28, repeatCount=0, eventTime=62102865, downTime=62102865, deviceId=-1, source=0x101 }
W/ViewRootImpl( 1257): Dropping event due to no window focus: KeyEvent { action=ACTION_DOWN, keyCode=KEYCODE_TV_AUDIO_DESCRIPTION_MIX_DOWN, scanCode=0, metaState=0, flags=0x8, repeatCount=0, eventTime=62102866, downTime=62102866, deviceId=-1, source=0x101 }
W/ViewRootImpl( 1257): Cancelling event due to no window focus: KeyEvent { action=ACTION_UP, keyCode=KEYCODE_TV_AUDIO_DESCRIPTION_MIX_DOWN, scanCode=0, metaState=0, flags=0x28, repeatCount=0, eventTime=62102867, downTime=62102867, deviceId=-1, source=0x101 }
W/ViewRootImpl( 1257): Cancelling event due to no window focus: KeyEvent { action=ACTION_UP, keyCode=KEYCODE_TV_AUDIO_DESCRIPTION_MIX_DOWN, scanCode=0, metaState=0, flags=0x28, repeatCount=0, eventTime=62102867, downTime=62102867, deviceId=-1, source=0x101 }
W/ViewRootImpl( 1257): Cancelling event due to no window focus: KeyEvent { action=ACTION_UP, keyCode=KEYCODE_TV_AUDIO_DESCRIPTION_MIX_DOWN, scanCode=0, metaState=0, flags=0x28, repeatCount=0, eventTime=62102867, downTime=62102867, deviceId=-1, source=0x101 }
W/ViewRootImpl( 1257): Cancelling event due to no window focus: KeyEvent { action=ACTION_UP, keyCode=KEYCODE_TV_AUDIO_DESCRIPTION_MIX_DOWN, scanCode=0, metaState=0, flags=0x28, repeatCount=0, eventTime=62102867, downTime=62102867, deviceId=-1, source=0x101 }
W/ViewRootImpl( 1257): Cancelling event due to no window focus: KeyEvent { action=ACTION_UP, keyCode=KEYCODE_TV_AUDIO_DESCRIPTION_MIX_DOWN, scanCode=0, metaState=0, flags=0x28, repeatCount=0, eventTime=62102867, downTime=62102867, deviceId=-1, source=0x101 }
W/ViewRootImpl( 1257): Cancelling event due to no window focus: KeyEvent { action=ACTION_UP, keyCode=KEYCODE_TV_AUDIO_DESCRIPTION_MIX_DOWN, scanCode=0, metaState=0, flags=0x28, repeatCount=0, eventTime=62102867, downTime=62102867, deviceId=-1, source=0x101 }
W/ViewRootImpl( 1257): Cancelling event due to no window focus: KeyEvent { action=ACTION_UP, keyCode=KEYCODE_TV_AUDIO_DESCRIPTION_MIX_DOWN, scanCode=0, metaState=0, flags=0x28, repeatCount=0, eventTime=62102867, downTime=62102867, deviceId=-1, source=0x101 }
W/ViewRootImpl( 1257): Cancelling event due to no window focus: KeyEvent { action=ACTION_UP, keyCode=KEYCODE_TV_AUDIO_DESCRIPTION_MIX_DOWN, scanCode=0, metaState=0, flags=0x28, repeatCount=0, eventTime=62102867, downTime=62102867, deviceId=-1, source=0x101 }
W/ViewRootImpl( 1257): Cancelling event due to no window focus: KeyEvent { action=ACTION_UP, keyCode=KEYCODE_TV_AUDIO_DESCRIPTION_MIX_DOWN, scanCode=0, metaState=0, flags=0x28, repeatCount=0, eventTime=62102867, downTime=62102867, deviceId=-1, source=0x101 }
W/ViewRootImpl( 1257): Dropping event due to no window focus: KeyEvent { action=ACTION_DOWN, keyCode=KEYCODE_CAMERA, scanCode=0, metaState=0, flags=0x8, repeatCount=0, eventTime=62102875, downTime=62102875, deviceId=-1, source=0x101 }
W/ViewRootImpl( 1257): Cancelling event due to no window focus: KeyEvent { action=ACTION_UP, keyCode=KEYCODE_CAMERA, scanCode=0, metaState=0, flags=0x28, repeatCount=0, eventTime=62102876, downTime=62102876, deviceId=-1, source=0x101 }
W/ViewRootImpl( 1257): Cancelling event due to no window focus: KeyEvent { action=ACTION_UP, keyCode=KEYCODE_CAMERA, scanCode=0, metaState=0, flags=0x28, repeatCount=0, eventTime=62102876, downTime=62102876, deviceId=-1, source=0x101 }
W/ViewRootImpl( 1257): Cancelling event due to no window focus: KeyEvent { action=ACTION_UP, keyCode=KEYCODE_CAMERA, scanCode=0, metaState=0, flags=0x28, repeatCount=0, eventTime=62102876, downTime=62102876, deviceId=-1, source=0x101 }
W/ViewRootImpl( 1257): Cancelling event due to no window focus: KeyEvent { action=ACTION_UP, keyCode=KEYCODE_CAMERA, scanCode=0, metaState=0, flags=0x28, repeatCount=0, eventTime=62102876, downTime=62102876, deviceId=-1, source=0x101 }
W/ViewRootImpl( 1257): Cancelling event due to no window focus: KeyEvent { action=ACTION_UP, keyCode=KEYCODE_CAMERA, scanCode=0, metaState=0, flags=0x28, repeatCount=0, eventTime=62102876, downTime=62102876, deviceId=-1, source=0x101 }
W/ViewRootImpl( 1257): Cancelling event due to no window focus: KeyEvent { action=ACTION_UP, keyCode=KEYCODE_CAMERA, scanCode=0, metaState=0, flags=0x28, repeatCount=0, eventTime=62102876, downTime=62102876, deviceId=-1, source=0x101 }
W/ViewRootImpl( 1257): Cancelling event due to no window focus: KeyEvent { action=ACTION_UP, keyCode=KEYCODE_CAMERA, scanCode=0, metaState=0, flags=0x28, repeatCount=0, eventTime=62102876, downTime=62102876, deviceId=-1, source=0x101 }
W/AudioTrack(  510): AUDIO_OUTPUT_FLAG_FAST denied by client
I/ActivityManager(  510): START u0 {act=android.intent.action.MAIN cat=[android.intent.category.LAUNCHER] flg=0x10200000 cmp=com.zzl.falcon.internal/com.squareup.leakcanary.internal.DisplayLeakActivity} from uid 0 on display 0
V/WindowManager(  510): addAppToken: AppWindowToken{3a3a3f93 token=Token{909ac82 ActivityRecord{34960bcd u0 com.zzl.falcon.internal/com.squareup.leakcanary.internal.DisplayLeakActivity t22}}} to stack=1 task=22 at 0
E/EGL_emulation(  504): tid 504: eglCreateSyncKHR(1209): error 0x3004 (EGL_BAD_ATTRIBUTE)
W/ViewRootImpl(  637): Dropping event due to no window focus: KeyEvent { action=ACTION_DOWN, keyCode=KEYCODE_PLUS, scanCode=0, metaState=0, flags=0x8, repeatCount=0, eventTime=62102796, downTime=62102796, deviceId=-1, source=0x101 }
W/ViewRootImpl(  637): Cancelling event due to no window focus: KeyEvent { action=ACTION_UP, keyCode=KEYCODE_PLUS, scanCode=0, metaState=0, flags=0x28, repeatCount=0, eventTime=62102833, downTime=62102796, deviceId=-1, source=0x101 }
W/ViewRootImpl(  637): Cancelling event due to no window focus: KeyEvent { action=ACTION_UP, keyCode=KEYCODE_PLUS, scanCode=0, metaState=0, flags=0x28, repeatCount=0, eventTime=62102833, downTime=62102796, deviceId=-1, source=0x101 }
W/ViewRootImpl(  637): Cancelling event due to no window focus: KeyEvent { action=ACTION_UP, keyCode=KEYCODE_PLUS, scanCode=0, metaState=0, flags=0x28, repeatCount=0, eventTime=62102833, downTime=62102796, deviceId=-1, source=0x101 }
W/ViewRootImpl(  637): Cancelling event due to no window focus: KeyEvent { action=ACTION_UP, keyCode=KEYCODE_PLUS, scanCode=0, metaState=0, flags=0x28, repeatCount=0, eventTime=62102833, downTime=62102796, deviceId=-1, source=0x101 }
W/ViewRootImpl(  637): Cancelling event due to no window focus: KeyEvent { action=ACTION_UP, keyCode=KEYCODE_PLUS, scanCode=0, metaState=0, flags=0x28, repeatCount=0, eventTime=62102833, downTime=62102796, deviceId=-1, source=0x101 }
W/ViewRootImpl(  637): Cancelling event due to no window focus: KeyEvent { action=ACTION_UP, keyCode=KEYCODE_PLUS, scanCode=0, metaState=0, flags=0x28, repeatCount=0, eventTime=62102833, downTime=62102796, deviceId=-1, source=0x101 }
W/ViewRootImpl(  637): Cancelling event due to no window focus: KeyEvent { action=ACTION_UP, keyCode=KEYCODE_PLUS, scanCode=0, metaState=0, flags=0x28, repeatCount=0, eventTime=62102833, downTime=62102796, deviceId=-1, source=0x101 }
W/ViewRootImpl(  637): Cancelling event due to no window focus: KeyEvent { action=ACTION_UP, keyCode=KEYCODE_PLUS, scanCode=0, metaState=0, flags=0x28, repeatCount=0, eventTime=62102833, downTime=62102796, deviceId=-1, source=0x101 }
W/ViewRootImpl(  637): Cancelling event due to no window focus: KeyEvent { action=ACTION_UP, keyCode=KEYCODE_PLUS, scanCode=0, metaState=0, flags=0x28, repeatCount=0, eventTime=62102833, downTime=62102796, deviceId=-1, source=0x101 }
V/WindowManager(  510): Adding window Window{18d40794 u0 Starting com.zzl.falcon.internal} at 6 of 11 (after Window{107c56ca u0 com.zzl.falcon.internal/com.zzl.falcon.account.safety.SafetyActivity})
V/WindowManager(  510): Adding window Window{31b40900 u0 com.zzl.falcon.internal/com.squareup.leakcanary.internal.DisplayLeakActivity} at 6 of 12 (before Window{18d40794 u0 Starting com.zzl.falcon.internal})
W/EGL_emulation( 5257): eglSurfaceAttrib not implemented
W/OpenGLRenderer( 5257): Failed to set EGL_SWAP_BEHAVIOR on surface 0xe14e61c0, error=EGL_SUCCESS
W/ViewRootImpl( 5257): Dropping event due to no window focus: MotionEvent { action=ACTION_MOVE, id[0]=0, x[0]=-5.0, y[0]=2.0, toolType[0]=TOOL_TYPE_UNKNOWN, buttonState=0, metaState=0, flags=0x0, edgeFlags=0x0, pointerCount=1, historySize=9, eventTime=62103358, downTime=-1, deviceId=0, source=0x10004 }
I/ActivityManager(  510): Displayed com.zzl.falcon.internal/com.squareup.leakcanary.internal.DisplayLeakActivity: +229ms
I/ActivityManager(  510): START u0 {act=android.intent.action.MAIN cat=[android.intent.category.LAUNCHER] flg=0x10200000 cmp=com.zzl.falcon.internal/com.squareup.leakcanary.internal.DisplayLeakActivity} from uid 0 on display 0
W/EGL_emulation(  637): eglSurfaceAttrib not implemented
W/OpenGLRenderer(  637): Failed to set EGL_SWAP_BEHAVIOR on surface 0xe2009be0, error=EGL_SUCCESS
D/        (  510): HostConnection::get() New Host Connection established 0xdeca3960, tid 1040
E/EGL_emulation(  504): tid 504: eglCreateSyncKHR(1209): error 0x3004 (EGL_BAD_ATTRIBUTE)
I/InputDispatcher(  510): Dropping event because there is no touchable window at (302, 604).
W/InputManager(  510): Input event injection from pid 5885 failed.
W/InputManager(  510): Input event injection from pid 5885 failed.
I/InputDispatcher(  510): Dropping event because there is no touchable window at (158, 1104).
W/InputManager(  510): Input event injection from pid 5885 failed.
W/InputManager(  510): Input event injection from pid 5885 failed.
W/InputManager(  510): Input event injection from pid 5885 failed.
W/InputManager(  510): Input event injection from pid 5885 failed.
W/InputManager(  510): Input event injection from pid 5885 failed.
W/InputManager(  510): Input event injection from pid 5885 failed.
W/InputManager(  510): Input event injection from pid 5885 failed.
W/InputManager(  510): Input event injection from pid 5885 failed.
W/InputManager(  510): Input event injection from pid 5885 failed.
W/InputManager(  510): Input event injection from pid 5885 failed.
I/InputDispatcher(  510): Dropping event because there is no touchable window at (64, 941).
W/InputManager(  510): Input event injection from pid 5885 failed.
W/InputManager(  510): Input event injection from pid 5885 failed.
I/InputDispatcher(  510): Dropping event because there is no touchable window at (117, 1173).
W/InputManager(  510): Input event injection from pid 5885 failed.
W/InputManager(  510): Input event injection from pid 5885 failed.
I/InputDispatcher(  510): Dropping event because there is no touchable window at (323, 575).
W/InputManager(  510): Input event injection from pid 5885 failed.
W/InputManager(  510): Input event injection from pid 5885 failed.
I/InputDispatcher(  510): Dropping event because there is no touchable window at (679, 815).
W/InputManager(  510): Input event injection from pid 5885 failed.
W/InputManager(  510): Input event injection from pid 5885 failed.
W/AudioTrack(  510): AUDIO_OUTPUT_FLAG_FAST denied by client
W/EGL_emulation( 1257): eglSurfaceAttrib not implemented
W/OpenGLRenderer( 1257): Failed to set EGL_SWAP_BEHAVIOR on surface 0xdecc3a60, error=EGL_SUCCESS
W/ViewRootImpl( 1257): Dropping event due to no window focus: KeyEvent { action=ACTION_DOWN, keyCode=KEYCODE_TV_MEDIA_CONTEXT_MENU, scanCode=0, metaState=0, flags=0x8, repeatCount=0, eventTime=62103891, downTime=62103891, deviceId=-1, source=0x101 }
D/ForegroundCallbacks( 1257): still foreground
W/ViewRootImpl( 1257): Cancelling event due to no window focus: KeyEvent { action=ACTION_UP, keyCode=KEYCODE_TV_MEDIA_CONTEXT_MENU, scanCode=0, metaState=0, flags=0x28, repeatCount=0, eventTime=62103894, downTime=62103894, deviceId=-1, source=0x101 }
W/ViewRootImpl( 1257): Cancelling event due to no window focus: KeyEvent { action=ACTION_UP, keyCode=KEYCODE_TV_MEDIA_CONTEXT_MENU, scanCode=0, metaState=0, flags=0x28, repeatCount=0, eventTime=62103894, downTime=62103894, deviceId=-1, source=0x101 }
W/ViewRootImpl( 1257): Cancelling event due to no window focus: KeyEvent { action=ACTION_UP, keyCode=KEYCODE_TV_MEDIA_CONTEXT_MENU, scanCode=0, metaState=0, flags=0x28, repeatCount=0, eventTime=62103894, downTime=62103894, deviceId=-1, source=0x101 }
W/ViewRootImpl( 1257): Cancelling event due to no window focus: KeyEvent { action=ACTION_UP, keyCode=KEYCODE_TV_MEDIA_CONTEXT_MENU, scanCode=0, metaState=0, flags=0x28, repeatCount=0, eventTime=62103894, downTime=62103894, deviceId=-1, source=0x101 }
W/ViewRootImpl( 1257): Cancelling event due to no window focus: KeyEvent { action=ACTION_UP, keyCode=KEYCODE_TV_MEDIA_CONTEXT_MENU, scanCode=0, metaState=0, flags=0x28, repeatCount=0, eventTime=62103894, downTime=62103894, deviceId=-1, source=0x101 }
