E/awcn.DispatchCore( 1257): 	at libcore.io.IoBridge.maybeThrowAfterRecvfrom(IoBridge.java:592)
E/awcn.DispatchCore( 1257): 	at libcore.io.IoBridge.recvfrom(IoBridge.java:556)
E/awcn.DispatchCore( 1257): 	at java.net.PlainSocketImpl.read(PlainSocketImpl.java:485)
E/awcn.DispatchCore( 1257): 	at java.net.PlainSocketImpl.access$000(PlainSocketImpl.java:37)
E/awcn.DispatchCore( 1257): 	at java.net.PlainSocketImpl$PlainSocketInputStream.read(PlainSocketImpl.java:237)
E/awcn.DispatchCore( 1257): 	at com.android.okio.Okio$2.read(Okio.java:113)
E/awcn.DispatchCore( 1257): 	at com.android.okio.RealBufferedSource.indexOf(RealBufferedSource.java:147)
E/awcn.DispatchCore( 1257): 	at com.android.okio.RealBufferedSource.readUtf8LineStrict(RealBufferedSource.java:94)
E/awcn.DispatchCore( 1257): 	at com.android.okhttp.internal.http.HttpConnection.readResponse(HttpConnection.java:179)
E/awcn.DispatchCore( 1257): 	at com.android.okhttp.internal.http.HttpTransport.readResponseHeaders(HttpTransport.java:101)
E/awcn.DispatchCore( 1257): 	at com.android.okhttp.internal.http.HttpEngine.readResponse(HttpEngine.java:628)
E/awcn.DispatchCore( 1257): 	at com.android.okhttp.internal.http.HttpURLConnectionImpl.execute(HttpURLConnectionImpl.java:388)
E/awcn.DispatchCore( 1257): 	at com.android.okhttp.internal.http.HttpURLConnectionImpl.getResponse(HttpURLConnectionImpl.java:332)
E/awcn.DispatchCore( 1257): 	at com.android.okhttp.internal.http.HttpURLConnectionImpl.getResponseCode(HttpURLConnectionImpl.java:500)
E/awcn.DispatchCore( 1257): 	at anet.channel.strategy.dispatch.c.a(Taobao:190)
E/awcn.DispatchCore( 1257): 	at anet.channel.strategy.dispatch.c.a(Taobao:118)
E/awcn.DispatchCore( 1257): 	at anet.channel.strategy.dispatch.b$a.run(Taobao:74)
E/awcn.DispatchCore( 1257): 	at java.util.concurrent.Executors$RunnableAdapter.call(Executors.java:422)
E/awcn.DispatchCore( 1257): 	at java.util.concurrent.FutureTask.run(FutureTask.java:237)
E/awcn.DispatchCore( 1257): 	at java.util.concurrent.ScheduledThreadPoolExecutor$ScheduledFutureTask.access$201(ScheduledThreadPoolExecutor.java:152)
E/awcn.DispatchCore( 1257): 	at java.util.concurrent.ScheduledThreadPoolExecutor$ScheduledFutureTask.run(ScheduledThreadPoolExecutor.java:265)
E/awcn.DispatchCore( 1257): 	at java.util.concurrent.ThreadPoolExecutor.runWorker(ThreadPoolExecutor.java:1112)
E/awcn.DispatchCore( 1257): 	at java.util.concurrent.ThreadPoolExecutor$Worker.run(ThreadPoolExecutor.java:587)
E/awcn.DispatchCore( 1257): 	at java.lang.Thread.run(Thread.java:818)
E/awcn.DispatchCore( 1257): Caused by: android.system.ErrnoException: recvfrom failed: ECONNRESET (Connection reset by peer)
E/awcn.DispatchCore( 1257): 	at libcore.io.Posix.recvfromBytes(Native Method)
E/awcn.DispatchCore( 1257): 	at libcore.io.Posix.recvfrom(Posix.java:185)
E/awcn.DispatchCore( 1257): 	at libcore.io.BlockGuardOs.recvfrom(BlockGuardOs.java:250)
E/awcn.DispatchCore( 1257): 	at libcore.io.IoBridge.recvfrom(IoBridge.java:553)
E/awcn.DispatchCore( 1257): 	... 22 more
I/awcn.DispatchCore( 1257): |[seq:AMDC5] send amdc request url:http://amdcopen.m.taobao.com/amdc/mobileDispatch?appkey=umeng%3A56aadbf567e58e38d4000976&deviceId=WlcCiYIi1P4DAJwcljCxvIg%2F&platform=android&v=4.0
E/awcn.DefaultHeartbeatImpl( 1257): |[seq:umeng:56aadbf567e58e38d4000976.AWCN1_1] close session in background session:Session@[umeng:56aadbf567e58e38d4000976.AWCN1_1|http2_0rtt_acs]
E/awcn.TnetSpdySession( 1257): |[seq:umeng:56aadbf567e58e38d4000976.AWCN1_1] force close! session:Session@[umeng:56aadbf567e58e38d4000976.AWCN1_1|http2_0rtt_acs]
E/awcn.Session( 1257): |[seq:umeng:56aadbf567e58e38d4000976.AWCN1_1] notifyStatus status:DISCONNECTING
I/awcn.DefaultHeartbeatImpl( 1257): |[seq:umeng:56aadbf567e58e38d4000976.AWCN1_1] heartbeat stop session:Session@[umeng:56aadbf567e58e38d4000976.AWCN1_1|http2_0rtt_acs]
E/awcn.TnetSpdySession( 1257): |[seq:umeng:56aadbf567e58e38d4000976.AWCN1_1] spdySessionCloseCallback  errorCode::-2002
E/awcn.Session( 1257): |[seq:umeng:56aadbf567e58e38d4000976.AWCN1_1] notifyStatus status:DISCONNECTED
D/awcn.SessionRequest( 1257): |[seq:umeng:56aadbf567e58e38d4000976.AWCN1_1] Session:Session@[umeng:56aadbf567e58e38d4000976.AWCN1_1|http2_0rtt_acs] EventType:DISCONNECTED Event:anet.channel.entity.c@260a26f
I/accs.MsgDistributeService( 1257):  onStartCommand action:com.taobao.accs.intent.action.RECEIVE
D/awcn.SessionRequest( 1257): |[seq:umeng:56aadbf567e58e38d4000976.AWCN1_1] Connect Disconnect session:Session@[umeng:56aadbf567e58e38d4000976.AWCN1_1|http2_0rtt_acs] host:https://umengacs.m.taobao.com appIsBg:true isHandleFinish:false
D/accs.MsgDistribute( 1257):  action:com.taobao.accs.intent.action.RECEIVE
I/accs.MsgDistribute( 1257):  distribute command::103  serviceId::  dataId:: appkey: config:
D/NetworkMonitor/NetworkAgentInfo [WIFI () - 100](  510): Probably not a portal: exception java.net.SocketTimeoutException: failed to connect to connectivitycheck.android.com/172.217.24.14 (port 80) after 10000ms
I/tnet-jni( 1235): 103 - [spdyPingRecvCallback] - 
I/tnet-jni( 1235): 103 - [SpdySessionCallBack.spdyPingRecvCallback] - org.android.spdy.SpdySession@c5a37ed
D/accs.SpdyConnection( 1235):  spdyPingRecvCallback uniId:564
D/accs.MessageHandler( 1235):  onRcvPing
D/accs.HeartbeatManager( 1235):  onHeartbeatSucc
D/accs.OrangeAdapter( 1235):  isSmartHb result:true
D/accs.HeartbeatManager( 1235):  set 480
D/accs.UtilityImpl( 1235):  setServiceTime:1515723876287
I/tnet-jni( 1159): 99 - [spdyPingRecvCallback] - 
I/tnet-jni( 1159): 99 - [SpdySessionCallBack.spdyPingRecvCallback] - org.android.spdy.SpdySession@39f1e094
D/accs.SilenceConn_umeng:56aadbf567e58e38d4000976( 1159):  spdyPingRecvCallback uniId:564
D/accs.MsgRecv_umeng:56aadbf567e58e38d4000976( 1159):  onRcvPing
D/accs.HeartbeatManager( 1159):  onHeartbeatSucc
D/accs.OrangeAdapter( 1159):  isSmartHb result:true
D/accs.HeartbeatManager( 1159):  set 480
D/accs.UtilityImpl( 1159):  setServiceTime:1515723880612
E/awcn.DispatchCore( 1257): |[seq:AMDC5] amdc request fail
E/awcn.DispatchCore( 1257): java.net.SocketException: recvfrom failed: ECONNRESET (Connection reset by peer)
E/awcn.DispatchCore( 1257): 	at libcore.io.IoBridge.maybeThrowAfterRecvfrom(IoBridge.java:592)
E/awcn.DispatchCore( 1257): 	at libcore.io.IoBridge.recvfrom(IoBridge.java:556)
E/awcn.DispatchCore( 1257): 	at java.net.PlainSocketImpl.read(PlainSocketImpl.java:485)
E/awcn.DispatchCore( 1257): 	at java.net.PlainSocketImpl.access$000(PlainSocketImpl.java:37)
E/awcn.DispatchCore( 1257): 	at java.net.PlainSocketImpl$PlainSocketInputStream.read(PlainSocketImpl.java:237)
E/awcn.DispatchCore( 1257): 	at com.android.okio.Okio$2.read(Okio.java:113)
E/awcn.DispatchCore( 1257): 	at com.android.okio.RealBufferedSource.indexOf(RealBufferedSource.java:147)
E/awcn.DispatchCore( 1257): 	at com.android.okio.RealBufferedSource.readUtf8LineStrict(RealBufferedSource.java:94)
E/awcn.DispatchCore( 1257): 	at com.android.okhttp.internal.http.HttpConnection.readResponse(HttpConnection.java:179)
E/awcn.DispatchCore( 1257): 	at com.android.okhttp.internal.http.HttpTransport.readResponseHeaders(HttpTransport.java:101)
E/awcn.DispatchCore( 1257): 	at com.android.okhttp.internal.http.HttpEngine.readResponse(HttpEngine.java:628)
E/awcn.DispatchCore( 1257): 	at com.android.okhttp.internal.http.HttpURLConnectionImpl.execute(HttpURLConnectionImpl.java:388)
E/awcn.DispatchCore( 1257): 	at com.android.okhttp.internal.http.HttpURLConnectionImpl.getResponse(HttpURLConnectionImpl.java:332)
E/awcn.DispatchCore( 1257): 	at com.android.okhttp.internal.http.HttpURLConnectionImpl.getResponseCode(HttpURLConnectionImpl.java:500)
E/awcn.DispatchCore( 1257): 	at anet.channel.strategy.dispatch.c.a(Taobao:190)
E/awcn.DispatchCore( 1257): 	at anet.channel.strategy.dispatch.c.a(Taobao:118)
E/awcn.DispatchCore( 1257): 	at anet.channel.strategy.dispatch.b$a.run(Taobao:74)
E/awcn.DispatchCore( 1257): 	at java.util.concurrent.Executors$RunnableAdapter.call(Executors.java:422)
E/awcn.DispatchCore( 1257): 	at java.util.concurrent.FutureTask.run(FutureTask.java:237)
E/awcn.DispatchCore( 1257): 	at java.util.concurrent.ScheduledThreadPoolExecutor$ScheduledFutureTask.access$201(ScheduledThreadPoolExecutor.java:152)
E/awcn.DispatchCore( 1257): 	at java.util.concurrent.ScheduledThreadPoolExecutor$ScheduledFutureTask.run(ScheduledThreadPoolExecutor.java:265)
E/awcn.DispatchCore( 1257): 	at java.util.concurrent.ThreadPoolExecutor.runWorker(ThreadPoolExecutor.java:1112)
E/awcn.DispatchCore( 1257): 	at java.util.concurrent.ThreadPoolExecutor$Worker.run(ThreadPoolExecutor.java:587)
E/awcn.DispatchCore( 1257): 	at java.lang.Thread.run(Thread.java:818)
E/awcn.DispatchCore( 1257): Caused by: android.system.ErrnoException: recvfrom failed: ECONNRESET (Connection reset by peer)
E/awcn.DispatchCore( 1257): 	at libcore.io.Posix.recvfromBytes(Native Method)
E/awcn.DispatchCore( 1257): 	at libcore.io.Posix.recvfrom(Posix.java:185)
E/awcn.DispatchCore( 1257): 	at libcore.io.BlockGuardOs.recvfrom(BlockGuardOs.java:250)
E/awcn.DispatchCore( 1257): 	at libcore.io.IoBridge.recvfrom(IoBridge.java:553)
E/awcn.DispatchCore( 1257): 	... 22 more
I/awcn.DispatchCore( 1257): |[seq:AMDC6] send amdc request url:http://106.11.61.137:80/amdc/mobileDispatch?appkey=umeng%3A56aadbf567e58e38d4000976&deviceId=WlcCiYIi1P4DAJwcljCxvIg%2F&platform=android&v=4.0
D/awcn.DispatchCore( 1257): |[seq:AMDC6] amdc response. code: 200 
D/awcn.DispatchCore( 1257): headers:{null=[HTTP/1.1 200 OK], Cache-Control=[no-cache], Connection=[close], Content-Encoding=[gzip], Content-Type=[application/json;charset=UTF-8], Date=[Fri, 12 Jan 2018 02:24:51 GMT], pragma=[no-cache], Server=[Tengine], Transfer-Encoding=[chunked], Vary=[Accept-Encoding], x-am-code=[1000], x-am-id=[amdc011229008163.center.eu13_1515723891734_508043044], x-am-sign=[9e060e216b2f92e5a854139356284813c9a16d4355589ff6a7d7e4679656e2e8], X-Android-Received-Millis=[1515723891356], X-Android-Response-Source=[NETWORK 200], X-Android-Sent-Millis=[1515723891350]}
D/awcn.DispatchCore( 1257): |[seq:AMDC6] amdc response body 
D/awcn.DispatchCore( 1257): body:{"code":1000,"cv":1,"dns":[{"aisles":[{"cto":10000,"heartbeat":0,"port":443,"protocol":"https","retry":1,"rto":10000},{"cto":10000,"heartbeat":0,"port":80,"protocol":"http","retry":1,"rto":10000}],"host":"api.m.yao.95095.com","ips":["140.205.36.37"],"isHot":1,"strategies":[],"ttl":300},{"aisles":[{"cto":10000,"heartbeat":0,"port":443,"protocol":"https","retry":1,"rto":10000},{"cto":10000,"heartbeat":0,"port":80,"protocol":"http","retry":1,"rto":10000}],"host":"unszapi.m.yao.95095.com","ips":["106.11.133.9"],"isHot":1,"strategies":[],"ttl":300},{"aisles":[{"cto":10000,"heartbeat":45000,"port":443,"protocol":"http2","publickey":"acs","retry":1,"rto":10000,"rtt":"0rtt"},{"cto":10000,"heartbeat":45000,"port":80,"protocol":"http2","publickey":"acs","retry":1,"rto":10000,"rtt":"0rtt"},{"cto":10000,"heartbeat":45000,"port":443,"protocol":"spdy","publickey":"acs","retry":1,"rto":10000,"rtt":"0rtt"},{"cto":10000,"heartbeat":45000,"port":80,"protocol":"spdy","publickey":"acs","retry":1,"rto":10000,"rtt":"0rtt"},{"cto":10000,"heartbeat":0,"port":443,"protocol":"https","retry":1,"rto":10000}],"host":"umengacs.m.taobao.com","ips":["106.11.52.16","106.11.61.106"],"isHot":1,"safeAisles":"https","strategies":[],"ttl":3600}],"ip":"116.228.34.130","unit":"unzbyun","utdid":"WlcCiYIi1P4DAJwcljCxvIg/"}
I/awcn.HMacUtil( 1257):  hmacSha1Hex result:9e060e216b2f92e5a854139356284813c9a16d4355589ff6a7d7e4679656e2e8
D/awcn.StrategyCenter( 1257):  receive DNS event
I/awcn.StrategyTable( 1257):  update strategyTable with httpDns response
D/awcn.StrategyTable( 1257):  uniqueId : WIFI$01:80:c2:00:00:03
D/awcn.StrategyTable( 1257): -------------------------hot domains:------------------------------------
D/awcn.StrategyTable( 1257):  api.m.yao.95095.com = 
D/awcn.StrategyTable( 1257): StrategyList = 1515724191358[{140.205.36.37 443 https}, {140.205.36.37 80 http}]
D/awcn.StrategyTable( 1257):  unszapi.m.yao.95095.com = 
D/awcn.StrategyTable( 1257): StrategyList = 1515724191358[{106.11.133.9 443 https}, {106.11.133.9 80 http}]
D/awcn.StrategyTable( 1257):  umengacs.m.taobao.com = 
D/awcn.StrategyTable( 1257): StrategyList = 1515727491358[{106.11.61.106 443 http2_0rtt_acs}, {106.11.61.106 80 http2_0rtt_acs}, {106.11.61.106 443 spdy_0rtt_acs}, {106.11.61.106 80 spdy_0rtt_acs}, {106.11.52.16 443 http2_0rtt_acs}, {106.11.52.16 80 http2_0rtt_acs}, {106.11.52.16 443 spdy_0rtt_acs}, {106.11.52.16 80 spdy_0rtt_acs}, {106.11.61.106 443 https}, {106.11.52.16 443 https}]
D/awcn.StrategyTable( 1257):  
D/awcn.StrategyTable( 1257): -------------------------cold domains:------------------------------------
D/awcn.StrategyTable( 1257):  amdcopen.m.taobao.com = 
D/awcn.StrategyTable( 1257): StrategyList = 1515724141721[{106.11.61.135 443 https}, {106.11.61.137 443 https}, {106.11.61.135 80 http}, {106.11.61.137 80 http}]
D/awcn.SafeAislesMap( 1257):  SafeAislesMap: {amdcopen.m.taobao.com=http, api.m.yao.95095.com=No_Result, unszapi.m.yao.95095.com=No_Result, umengacs.m.taobao.com=https}
D/awcn.UnitMap( 1257):  UnitMap : UnitMap: {WlcCiYIi1P4DAJwcljCxvIg/=unzbyun}
I/awcn.StrategyCenter( 1257):  saveData
D/awcn.AccsSessionManager( 1257): |[seq:[default]] app is background not need check accs session, return bg:true
D/awcn.StrategyCenter( 1257):  getSchemeByHost host:umengacs.m.taobao.com scheme:https
D/awcn.AccsSessionManager( 1257): |[seq:umeng:56aadbf567e58e38d4000976] app is background not need check accs session, return bg:true
I/awcn.SerializeHelper( 1257):  persist end. file:/storage/emulated/0/Android/data/com.zzl.falcon.internal/files/awcn_strategy/ef133debedbd6d843d539e5eb14cfdfd cost:7
I/awcn.SerializeHelper( 1257):  persist end. file:/storage/emulated/0/Android/data/com.zzl.falcon.internal/files/awcn_strategy/0c61135c2fdcd71f15ad7297245abe44 cost:3
I/awcn.SerializeHelper( 1257):  persist end. file:/storage/emulated/0/Android/data/com.zzl.falcon.internal/files/awcn_strategy/49c6a36aaea8ee1549c1cd3e07070c79 cost:3
I/tnet-jni( 1235): 103 - [spdyPingRecvCallback] - 
I/tnet-jni( 1235): 103 - [SpdySessionCallBack.spdyPingRecvCallback] - org.android.spdy.SpdySession@c5a37ed
D/accs.SpdyConnection( 1235):  spdyPingRecvCallback uniId:566
D/accs.MessageHandler( 1235):  onRcvPing
D/accs.HeartbeatManager( 1235):  onHeartbeatSucc
D/accs.OrangeAdapter( 1235):  isSmartHb result:true
D/accs.HeartbeatManager( 1235):  set 480
I/tnet-jni( 1159): 99 - [spdyPingRecvCallback] - 
I/tnet-jni( 1159): 99 - [SpdySessionCallBack.spdyPingRecvCallback] - org.android.spdy.SpdySession@39f1e094
D/accs.SilenceConn_umeng:56aadbf567e58e38d4000976( 1159):  spdyPingRecvCallback uniId:566
D/accs.MsgRecv_umeng:56aadbf567e58e38d4000976( 1159):  onRcvPing
D/accs.HeartbeatManager( 1159):  onHeartbeatSucc
D/accs.OrangeAdapter( 1159):  isSmartHb result:true
D/accs.HeartbeatManager( 1159):  set 480
I/tnet-jni( 1235): 103 - [spdyPingRecvCallback] - 
I/tnet-jni( 1235): 103 - [SpdySessionCallBack.spdyPingRecvCallback] - org.android.spdy.SpdySession@c5a37ed
D/accs.SpdyConnection( 1235):  spdyPingRecvCallback uniId:568
D/accs.MessageHandler( 1235):  onRcvPing
D/accs.HeartbeatManager( 1235):  onHeartbeatSucc
D/accs.OrangeAdapter( 1235):  isSmartHb result:true
D/accs.HeartbeatManager( 1235):  set 480
D/accs.UtilityImpl( 1235):  setServiceTime:1515724296295
I/tnet-jni( 1159): 99 - [spdyPingRecvCallback] - 
I/tnet-jni( 1159): 99 - [SpdySessionCallBack.spdyPingRecvCallback] - org.android.spdy.SpdySession@39f1e094
D/accs.SilenceConn_umeng:56aadbf567e58e38d4000976( 1159):  spdyPingRecvCallback uniId:568
D/accs.MsgRecv_umeng:56aadbf567e58e38d4000976( 1159):  onRcvPing
D/accs.HeartbeatManager( 1159):  onHeartbeatSucc
D/accs.OrangeAdapter( 1159):  isSmartHb result:true
D/accs.HeartbeatManager( 1159):  set 480
D/accs.UtilityImpl( 1159):  setServiceTime:1515724300622
D/NetworkMonitor/NetworkAgentInfo [WIFI () - 100](  510): OfflineState{ when=-101ms what=532488 arg2=1 target=com.android.internal.util.StateMachine$SmHandler }
D/NetworkMonitor/NetworkAgentInfo [WIFI () - 100](  510): DefaultState{ when=-101ms what=532488 arg2=1 target=com.android.internal.util.StateMachine$SmHandler }
D/NetworkMonitor/NetworkAgentInfo [WIFI () - 100](  510): Forcing reevaluation
D/NetworkMonitor/NetworkAgentInfo [WIFI () - 100](  510): EvaluatingState{ when=0 what=532486 arg1=101 target=com.android.internal.util.StateMachine$SmHandler }
D/NetworkMonitor/NetworkAgentInfo [WIFI () - 100](  510): Checking http://connectivitycheck.android.com/generate_204 on "WiredSSID"
D/NetworkMonitor/NetworkAgentInfo [WIFI () - 100](  510): Probably not a portal: exception java.net.SocketTimeoutException: failed to connect to connectivitycheck.android.com/172.217.160.110 (port 80) after 10000ms
I/tnet-jni( 1235): 103 - [spdyPingRecvCallback] - 
I/tnet-jni( 1235): 103 - [SpdySessionCallBack.spdyPingRecvCallback] - org.android.spdy.SpdySession@c5a37ed
D/accs.SpdyConnection( 1235):  spdyPingRecvCallback uniId:570
D/accs.MessageHandler( 1235):  onRcvPing
D/accs.HeartbeatManager( 1235):  onHeartbeatSucc
D/accs.OrangeAdapter( 1235):  isSmartHb result:true
D/accs.HeartbeatManager( 1235):  set 480
I/tnet-jni( 1159): 99 - [spdyPingRecvCallback] - 
I/tnet-jni( 1159): 99 - [SpdySessionCallBack.spdyPingRecvCallback] - org.android.spdy.SpdySession@39f1e094
D/accs.SilenceConn_umeng:56aadbf567e58e38d4000976( 1159):  spdyPingRecvCallback uniId:570
D/accs.MsgRecv_umeng:56aadbf567e58e38d4000976( 1159):  onRcvPing
D/accs.HeartbeatManager( 1159):  onHeartbeatSucc
D/accs.OrangeAdapter( 1159):  isSmartHb result:true
D/accs.HeartbeatManager( 1159):  set 480
D/MDnsDS  (  119): MDnsSdListener::Monitor poll timed out
D/MDnsDS  (  119): Going to poll with pollCount 1
I/tnet-jni( 1235): 103 - [spdyPingRecvCallback] - 
I/tnet-jni( 1235): 103 - [SpdySessionCallBack.spdyPingRecvCallback] - org.android.spdy.SpdySession@c5a37ed
D/accs.SpdyConnection( 1235):  spdyPingRecvCallback uniId:572
D/accs.MessageHandler( 1235):  onRcvPing
D/accs.HeartbeatManager( 1235):  onHeartbeatSucc
D/accs.OrangeAdapter( 1235):  isSmartHb result:true
D/accs.HeartbeatManager( 1235):  set 480
D/accs.UtilityImpl( 1235):  setServiceTime:1515724716304
I/tnet-jni( 1159): 99 - [spdyPingRecvCallback] - 
I/tnet-jni( 1159): 99 - [SpdySessionCallBack.spdyPingRecvCallback] - org.android.spdy.SpdySession@39f1e094
D/accs.SilenceConn_umeng:56aadbf567e58e38d4000976( 1159):  spdyPingRecvCallback uniId:572
D/accs.MsgRecv_umeng:56aadbf567e58e38d4000976( 1159):  onRcvPing
D/accs.HeartbeatManager( 1159):  onHeartbeatSucc
D/accs.OrangeAdapter( 1159):  isSmartHb result:true
D/accs.HeartbeatManager( 1159):  set 480
D/accs.UtilityImpl( 1159):  setServiceTime:1515724720633
I/tnet-jni( 1235): 103 - [spdyPingRecvCallback] - 
I/tnet-jni( 1235): 103 - [SpdySessionCallBack.spdyPingRecvCallback] - org.android.spdy.SpdySession@c5a37ed
D/accs.SpdyConnection( 1235):  spdyPingRecvCallback uniId:574
D/accs.MessageHandler( 1235):  onRcvPing
D/accs.HeartbeatManager( 1235):  onHeartbeatSucc
D/accs.OrangeAdapter( 1235):  isSmartHb result:true
D/accs.HeartbeatManager( 1235):  set 480
I/tnet-jni( 1159): 99 - [spdyPingRecvCallback] - 
I/tnet-jni( 1159): 99 - [SpdySessionCallBack.spdyPingRecvCallback] - org.android.spdy.SpdySession@39f1e094
D/accs.SilenceConn_umeng:56aadbf567e58e38d4000976( 1159):  spdyPingRecvCallback uniId:574
D/accs.MsgRecv_umeng:56aadbf567e58e38d4000976( 1159):  onRcvPing
D/accs.HeartbeatManager( 1159):  onHeartbeatSucc
D/accs.OrangeAdapter( 1159):  isSmartHb result:true
D/accs.HeartbeatManager( 1159):  set 480
D/NetworkMonitor/NetworkAgentInfo [WIFI () - 100](  510): OfflineState{ when=-100ms what=532488 arg2=1 target=com.android.internal.util.StateMachine$SmHandler }
D/NetworkMonitor/NetworkAgentInfo [WIFI () - 100](  510): DefaultState{ when=-100ms what=532488 arg2=1 target=com.android.internal.util.StateMachine$SmHandler }
D/NetworkMonitor/NetworkAgentInfo [WIFI () - 100](  510): Forcing reevaluation
D/NetworkMonitor/NetworkAgentInfo [WIFI () - 100](  510): EvaluatingState{ when=0 what=532486 arg1=102 target=com.android.internal.util.StateMachine$SmHandler }
D/NetworkMonitor/NetworkAgentInfo [WIFI () - 100](  510): Checking http://connectivitycheck.android.com/generate_204 on "WiredSSID"
D/NetworkMonitor/NetworkAgentInfo [WIFI () - 100](  510): Probably not a portal: exception java.net.SocketTimeoutException: failed to connect to connectivitycheck.android.com/216.58.200.46 (port 80) after 10000ms
I/tnet-jni( 1235): 103 - [spdyPingRecvCallback] - 
I/tnet-jni( 1235): 103 - [SpdySessionCallBack.spdyPingRecvCallback] - org.android.spdy.SpdySession@c5a37ed
D/accs.SpdyConnection( 1235):  spdyPingRecvCallback uniId:576
D/accs.MessageHandler( 1235):  onRcvPing
D/accs.HeartbeatManager( 1235):  onHeartbeatSucc
D/accs.OrangeAdapter( 1235):  isSmartHb result:true
D/accs.HeartbeatManager( 1235):  set 480
D/accs.UtilityImpl( 1235):  setServiceTime:1515725136312
I/tnet-jni( 1159): 99 - [spdyPingRecvCallback] - 
I/tnet-jni( 1159): 99 - [SpdySessionCallBack.spdyPingRecvCallback] - org.android.spdy.SpdySession@39f1e094
D/accs.SilenceConn_umeng:56aadbf567e58e38d4000976( 1159):  spdyPingRecvCallback uniId:576
D/accs.MsgRecv_umeng:56aadbf567e58e38d4000976( 1159):  onRcvPing
D/accs.HeartbeatManager( 1159):  onHeartbeatSucc
D/accs.OrangeAdapter( 1159):  isSmartHb result:true
D/accs.HeartbeatManager( 1159):  set 480
D/accs.UtilityImpl( 1159):  setServiceTime:1515725140645
--------- beginning of system
D/Genymotion(  117): Received Set Clipboard
D/Genyd   (  117): Received Set Clipboard
D/Genymotion(  117): Received Set Clipboard
D/Genyd   (  117): Received Set Clipboard
D/Genymotion(  117): Received Set Clipboard
I/tnet-jni( 1235): 103 - [spdyPingRecvCallback] - 
I/tnet-jni( 1235): 103 - [SpdySessionCallBack.spdyPingRecvCallback] - org.android.spdy.SpdySession@c5a37ed
D/accs.SpdyConnection( 1235):  spdyPingRecvCallback uniId:578
D/accs.MessageHandler( 1235):  onRcvPing
D/accs.HeartbeatManager( 1235):  onHeartbeatSucc
D/accs.OrangeAdapter( 1235):  isSmartHb result:true
D/accs.HeartbeatManager( 1235):  set 480
I/tnet-jni( 1159): 99 - [spdyPingRecvCallback] - 
I/tnet-jni( 1159): 99 - [SpdySessionCallBack.spdyPingRecvCallback] - org.android.spdy.SpdySession@39f1e094
D/accs.SilenceConn_umeng:56aadbf567e58e38d4000976( 1159):  spdyPingRecvCallback uniId:578
D/accs.MsgRecv_umeng:56aadbf567e58e38d4000976( 1159):  onRcvPing
D/accs.HeartbeatManager( 1159):  onHeartbeatSucc
D/accs.OrangeAdapter( 1159):  isSmartHb result:true
D/accs.HeartbeatManager( 1159):  set 480
D/Genyd   (  117): Received Set Clipboard
D/Genymotion(  117): Received Set Clipboard
I/tnet-jni( 1235): 103 - [spdyPingRecvCallback] - 
I/tnet-jni( 1235): 103 - [SpdySessionCallBack.spdyPingRecvCallback] - org.android.spdy.SpdySession@c5a37ed
D/accs.SpdyConnection( 1235):  spdyPingRecvCallback uniId:580
D/accs.MessageHandler( 1235):  onRcvPing
D/accs.HeartbeatManager( 1235):  onHeartbeatSucc
D/accs.OrangeAdapter( 1235):  isSmartHb result:true
D/accs.HeartbeatManager( 1235):  set 480
D/accs.UtilityImpl( 1235):  setServiceTime:1515725556328
I/tnet-jni( 1159): 99 - [spdyPingRecvCallback] - 
I/tnet-jni( 1159): 99 - [SpdySessionCallBack.spdyPingRecvCallback] - org.android.spdy.SpdySession@39f1e094
D/accs.SilenceConn_umeng:56aadbf567e58e38d4000976( 1159):  spdyPingRecvCallback uniId:580
D/accs.MsgRecv_umeng:56aadbf567e58e38d4000976( 1159):  onRcvPing
D/accs.HeartbeatManager( 1159):  onHeartbeatSucc
D/accs.OrangeAdapter( 1159):  isSmartHb result:true
D/accs.HeartbeatManager( 1159):  set 480
D/accs.UtilityImpl( 1159):  setServiceTime:1515725560655
D/AndroidRuntime( 5492): >>>>>> START com.android.internal.os.RuntimeInit uid 0 <<<<<<
D/AndroidRuntime( 5492): CheckJNI is OFF
E/memtrack( 5492): Couldn't load memtrack module (No such file or directory)
E/android.os.Debug( 5492): failed to load memtrack module: -2
D/AndroidRuntime( 5492): Calling main entry com.android.commands.pm.Pm
I/art     ( 5492): System.exit called, status: 0
I/AndroidRuntime( 5492): VM exiting with result code 0.
D/AndroidRuntime( 5508): >>>>>> START com.android.internal.os.RuntimeInit uid 0 <<<<<<
D/AndroidRuntime( 5508): CheckJNI is OFF
E/memtrack( 5508): Couldn't load memtrack module (No such file or directory)
E/android.os.Debug( 5508): failed to load memtrack module: -2
D/AndroidRuntime( 5508): Calling main entry com.android.commands.wm.Wm
D/AndroidRuntime( 5508): Shutting down VM
D/AndroidRuntime( 5529): >>>>>> START com.android.internal.os.RuntimeInit uid 0 <<<<<<
D/AndroidRuntime( 5529): CheckJNI is OFF
E/memtrack( 5529): Couldn't load memtrack module (No such file or directory)
E/android.os.Debug( 5529): failed to load memtrack module: -2
D/AndroidRuntime( 5529): Calling main entry com.android.commands.monkey.Monkey
W/BroadcastQueue(  510): Skipping deliver [background] BroadcastRecord{3a3fe093 u-1 android.net.conn.CONNECTIVITY_CHANGE} to ReceiverList{85198d0 5529 (unknown name)/0/u-1 remote:2c1084cd}: process crashing
I/ActivityManager(  510): START u0 {act=android.intent.action.MAIN cat=[android.intent.category.LAUNCHER] flg=0x10200000 cmp=com.zzl.falcon.internal/com.squareup.leakcanary.internal.DisplayLeakActivity} from uid 0 on display 0
W/AudioTrack(  510): AUDIO_OUTPUT_FLAG_FAST denied by client
D/        (  510): HostConnection::get() New Host Connection established 0xe1412950, tid 1385
E/EGL_emulation(  504): tid 504: eglCreateSyncKHR(1209): error 0x3004 (EGL_BAD_ATTRIBUTE)
I/InputDispatcher(  510): Dropping event because there is no touchable window at (234, 883).
W/InputManager(  510): Input event injection from pid 5529 failed.
W/InputManager(  510): Input event injection from pid 5529 failed.
D/ForegroundCallbacks( 1257): went foreground
I/awcn.SessionCenter( 1257): |[seq:[default]] [forground]
I/awcn.SessionCenter( 1257): |[seq:umeng:56aadbf567e58e38d4000976] [forground]
D/awcn.AccsSessionManager( 1257): |[seq:[default]] forceCloseSession reCreate:true
D/awcn.AccsSessionManager( 1257): |[seq:umeng:56aadbf567e58e38d4000976] forceCloseSession reCreate:true
D/awcn.AccsSessionManager( 1257): |[seq:umeng:56aadbf567e58e38d4000976] closeSessions host:https://umengacs.m.taobao.com
D/awcn.SessionRequest( 1257):  closeSessions host:https://umengacs.m.taobao.com autoCreate:false
D/awcn.StrategyCenter( 1257):  getSchemeByHost host:umengacs.m.taobao.com scheme:https
D/awcn.SessionCenter( 1257): |[seq:umeng:56aadbf567e58e38d4000976] getInternal u:https://umengacs.m.taobao.com TypeClass:SPDY timeout:0
D/awcn.StrategyCenter( 1257):  getSchemeByHost host:umengacs.m.taobao.com scheme:https
D/awcn.SessionRequest( 1257): |[seq:umeng:56aadbf567e58e38d4000976.AWCN2] SessionRequest start host:https://umengacs.m.taobao.com type:SPDY
D/getConnStrategyListByHost( 1257): |[seq:host] umengacs.m.taobao.com:result [{106.11.61.106 443 http2_0rtt_acs}, {106.11.61.106 80 http2_0rtt_acs}, {106.11.61.106 443 spdy_0rtt_acs}, {106.11.61.106 80 spdy_0rtt_acs}, {106.11.52.16 443 http2_0rtt_acs}, {106.11.52.16 80 http2_0rtt_acs}, {106.11.52.16 443 spdy_0rtt_acs}, {106.11.52.16 80 spdy_0rtt_acs}, {106.11.61.106 443 https}, {106.11.52.16 443 https}]
D/awcn.SessionRequest( 1257): |[seq:umeng:56aadbf567e58e38d4000976.AWCN2] [getAvailStrategy] strategies:[{106.11.61.106 443 http2_0rtt_acs}, {106.11.61.106 80 http2_0rtt_acs}, {106.11.61.106 443 spdy_0rtt_acs}, {106.11.61.106 80 spdy_0rtt_acs}, {106.11.52.16 443 http2_0rtt_acs}, {106.11.52.16 80 http2_0rtt_acs}, {106.11.52.16 443 spdy_0rtt_acs}, {106.11.52.16 80 spdy_0rtt_acs}]
I/awcn.SessionRequest( 1257): |[seq:umeng:56aadbf567e58e38d4000976.AWCN2_1] create connection... Host:https://umengacs.m.taobao.com Type:http2_0rtt_acs IP:106.11.61.106 Port:443 heartbeat:45000 session:Session@[umeng:56aadbf567e58e38d4000976.AWCN2_1|http2_0rtt_acs]
E/awcn.TnetSpdySession( 1257): |[seq:umeng:56aadbf567e58e38d4000976.AWCN2_1] [connect] host:https://umengacs.m.taobao.com connect :106.11.61.106:443 sessionId:1515725667664 SpdyProtocol,:http2_0rtt_acs proxyIp,: proxyPort,:0
E/awcn.Session( 1257): |[seq:umeng:56aadbf567e58e38d4000976.AWCN2_1] notifyStatus status:CONNECTING
E/awcn.Session( 1257): |[seq:umeng:56aadbf567e58e38d4000976.AWCN2_1] notifyStatus status:CONNECTED
I/accs.InAppConn_umeng:56aadbf567e58e38d4000976( 1257):  auth begin seq:umeng:56aadbf567e58e38d4000976.AWCN2_1
E/accs.InAppConn_umeng:56aadbf567e58e38d4000976( 1257):  1 auth URL:https://umengacs.m.taobao.com/accs/auth?1=WlcCiYIi1P4DAJwcljCxvIg%2F&2=a99486d3758e59fc2556590fba8e45d1f8f54345b3905b582ff5777b1cf28d90&3=umeng:56aadbf567e58e38d4000976&5=1&6=wifi&7=31027&8=1.1.2&9=1515664644671&10=1&11=22&12=com.zzl.falcon.internal&13=2.4.1&14=android@umeng&15=Custom Phone - 5.1.0 - API 22 - 768x1280&16=generic&17=221&19=0
I/awcn.TnetSpdySession( 1257):   request URL:https://umengacs.m.taobao.com/accs/auth?1=WlcCiYIi1P4DAJwcljCxvIg%2F&2=a99486d3758e59fc2556590fba8e45d1f8f54345b3905b582ff5777b1cf28d90&3=umeng:56aadbf567e58e38d4000976&5=1&6=wifi&7=31027&8=1.1.2&9=1515664644671&10=1&11=22&12=com.zzl.falcon.internal&13=2.4.1&14=android@umeng&15=Custom Phone - 5.1.0 - API 22 - 768x1280&16=generic&17=221&19=0
I/awcn.TnetSpdySession( 1257):   request Method:GET
I/awcn.TnetSpdySession( 1257):   request headers:{}
D/awcn.TnetSpdySession( 1257):   streamId:1
D/awcn.DefaultHeartbeatImpl( 1257): |[seq:umeng:56aadbf567e58e38d4000976.AWCN2_1] reSchedule session:Session@[umeng:56aadbf567e58e38d4000976.AWCN2_1|http2_0rtt_acs] delay:1515725712677
E/awcn.TnetSpdySession( 1257): |[seq:umeng:56aadbf567e58e38d4000976.AWCN2_1] spdySessionConnectCB connect connectTime:11 sslTime::1
I/awcn.TnetSpdySession( 1257):   httpStatusCode:200
I/awcn.TnetSpdySession( 1257):   response headers:{date=[Fri, 12 Jan 2018 02:54:28 GMT], server=[Tengine/Aserver/1.0.0_20180111152114], x-at=[WlcCiYIi1P4DAJwcljCxvIg%2Fumeng:56aadbf567e58e38d40009761515740068], content-length=[0], x-workerid=[3469735488087130137], :status=[200]}
E/accs.InAppConn_umeng:56aadbf567e58e38d4000976( 1257):  AUTH httpStatusCode:200 seq:umeng:56aadbf567e58e38d4000976.AWCN2_1
E/awcn.Session( 1257): |[seq:umeng:56aadbf567e58e38d4000976.AWCN2_1] notifyStatus status:AUTH_SUCC
I/awcn.DefaultHeartbeatImpl( 1257): |[seq:umeng:56aadbf567e58e38d4000976.AWCN2_1] heartbeat start session:Session@[umeng:56aadbf567e58e38d4000976.AWCN2_1|http2_0rtt_acs]
D/awcn.TnetSpdySession( 1257): |[seq:umeng:56aadbf567e58e38d4000976.AWCN2_1] spdyOnStreamResponse authTime:0
I/accs.UtilityImpl( 1257):  	header:x-at value:WlcCiYIi1P4DAJwcljCxvIg%2Fumeng:56aadbf567e58e38d40009761515740068
I/accs.UtilityImpl( 1257):  	header:server value:Tengine/Aserver/1.0.0_20180111152114
D/awcn.SessionRequest( 1257): |[seq:umeng:56aadbf567e58e38d4000976.AWCN2_1] Session:Session@[umeng:56aadbf567e58e38d4000976.AWCN2_1|http2_0rtt_acs] EventType:AUTH_SUCC Event:
I/accs.UtilityImpl( 1257):  	header:date value:Fri, 12 Jan 2018 02:54:28 GMT
I/accs.UtilityImpl( 1257):  	header:content-length value:0
I/accs.UtilityImpl( 1257):  	header:x-workerid value:3469735488087130137
I/accs.UtilityImpl( 1257):  	header::status value:200
D/awcn.TnetSpdySession( 1257):  spdyStreamCloseCallback streamId:1
D/awcn.SessionRequest( 1257): |[seq:umeng:56aadbf567e58e38d4000976.AWCN2_1] Connect Success session:Session@[umeng:56aadbf567e58e38d4000976.AWCN2_1|http2_0rtt_acs] host:https://umengacs.m.taobao.com
D/awcn.SessionRequest( 1257):  Receive session event type:AUTH_SUCC
D/awcn.StrategyTable( 1257):  [notifyConnEvent] Host:umengacs.m.taobao.com IConnStrategy:{106.11.61.106 443 http2_0rtt_acs} ConnEvent:ConnEvent#Success
W/EGL_emulation( 1257): eglSurfaceAttrib not implemented
W/OpenGLRenderer( 1257): Failed to set EGL_SWAP_BEHAVIOR on surface 0xde4b8a00, error=EGL_SUCCESS
W/ViewRootImpl( 1257): Cancelling event due to no window focus: KeyEvent { action=ACTION_UP, keyCode=KEYCODE_DPAD_CENTER, scanCode=0, metaState=0, flags=0x28, repeatCount=0, eventTime=61038192, downTime=61038192, deviceId=-1, source=0x101 }
W/ViewRootImpl( 1257): Cancelling event due to no window focus: KeyEvent { action=ACTION_UP, keyCode=KEYCODE_DPAD_CENTER, scanCode=0, metaState=0, flags=0x28, repeatCount=0, eventTime=61038192, downTime=61038192, deviceId=-1, source=0x101 }
W/ViewRootImpl( 1257): Cancelling event due to no window focus: KeyEvent { action=ACTION_UP, keyCode=KEYCODE_DPAD_CENTER, scanCode=0, metaState=0, flags=0x28, repeatCount=0, eventTime=61038192, downTime=61038192, deviceId=-1, source=0x101 }
W/ViewRootImpl( 1257): Cancelling event due to no window focus: KeyEvent { action=ACTION_UP, keyCode=KEYCODE_DPAD_CENTER, scanCode=0, metaState=0, flags=0x28, repeatCount=0, eventTime=61038192, downTime=61038192, deviceId=-1, source=0x101 }
W/ViewRootImpl( 1257): Cancelling event due to no window focus: KeyEvent { action=ACTION_UP, keyCode=KEYCODE_DPAD_CENTER, scanCode=0, metaState=0, flags=0x28, repeatCount=0, eventTime=61038192, downTime=61038192, deviceId=-1, source=0x101 }
W/ViewRootImpl( 1257): Cancelling event due to no window focus: KeyEvent { action=ACTION_UP, keyCode=KEYCODE_DPAD_CENTER, scanCode=0, metaState=0, flags=0x28, repeatCount=0, eventTime=61038192, downTime=61038192, deviceId=-1, source=0x101 }
W/ViewRootImpl( 1257): Cancelling event due to no window focus: KeyEvent { action=ACTION_UP, keyCode=KEYCODE_DPAD_CENTER, scanCode=0, metaState=0, flags=0x28, repeatCount=0, eventTime=61038192, downTime=61038192, deviceId=-1, source=0x101 }
W/ViewRootImpl( 1257): Cancelling event due to no window focus: KeyEvent { action=ACTION_UP, keyCode=KEYCODE_DPAD_CENTER, scanCode=0, metaState=0, flags=0x28, repeatCount=0, eventTime=61038192, downTime=61038192, deviceId=-1, source=0x101 }
W/ViewRootImpl( 1257): Cancelling event due to no window focus: KeyEvent { action=ACTION_UP, keyCode=KEYCODE_DPAD_CENTER, scanCode=0, metaState=0, flags=0x28, repeatCount=0, eventTime=61038192, downTime=61038192, deviceId=-1, source=0x101 }
W/ViewRootImpl( 1257): Dropping event due to no window focus: KeyEvent { action=ACTION_DOWN, keyCode=KEYCODE_DPAD_CENTER, scanCode=0, metaState=0, flags=0x8, repeatCount=0, eventTime=61038222, downTime=61038222, deviceId=-1, source=0x101 }
I/accs.MsgDistributeService( 1257):  onStartCommand action:com.taobao.accs.intent.action.RECEIVE
D/accs.MsgDistribute( 1257):  action:com.taobao.accs.intent.action.RECEIVE
I/accs.MsgDistribute( 1257):  distribute command::103  serviceId::  dataId:: appkey: config:
W/AudioTrack(  510): AUDIO_OUTPUT_FLAG_FAST denied by client
W/AudioTrack(  510): AUDIO_OUTPUT_FLAG_FAST denied by client
W/AudioTrack(  510): AUDIO_OUTPUT_FLAG_FAST denied by client
W/AudioTrack(  510): AUDIO_OUTPUT_FLAG_FAST denied by client
W/AudioTrack(  510): AUDIO_OUTPUT_FLAG_FAST denied by client
W/AudioTrack(  510): AUDIO_OUTPUT_FLAG_FAST denied by client
W/AudioTrack(  510): AUDIO_OUTPUT_FLAG_FAST denied by client
W/AudioTrack(  510): AUDIO_OUTPUT_FLAG_FAST denied by client
W/AudioTrack(  510): AUDIO_OUTPUT_FLAG_FAST denied by client
W/AudioTrack(  510): AUDIO_OUTPUT_FLAG_FAST denied by client
I/ActivityManager(  510): START u0 {act=android.intent.action.MAIN cat=[android.intent.category.LAUNCHER] flg=0x10200000 cmp=com.zzl.falcon.internal/com.zzl.falcon.EntranceActivity} from uid 0 on display 0
W/AudioTrack(  510): AUDIO_OUTPUT_FLAG_FAST denied by client
W/art     (  637): Long monitor contention event with owner method=void com.android.systemui.volume.VolumePanel.onVolumeChanged(int, int) from VolumePanel.java:1029 waiters=0 for 185ms
W/EGL_emulation(  637): eglSurfaceAttrib not implemented
W/OpenGLRenderer(  637): Failed to set EGL_SWAP_BEHAVIOR on surface 0xe22f2960, error=EGL_SUCCESS
I/ActivityManager(  510): START u0 {act=android.intent.action.MAIN cat=[android.intent.category.LAUNCHER] flg=0x10200000 cmp=com.zzl.falcon.internal/com.squareup.leakcanary.internal.DisplayLeakActivity} from uid 0 on display 0
W/AudioTrack(  510): AUDIO_OUTPUT_FLAG_FAST denied by client
V/WindowManager(  510): addAppToken: AppWindowToken{1f4b50e7 token=Token{31619ea6 ActivityRecord{e93a001 u0 com.zzl.falcon.internal/com.squareup.leakcanary.internal.DisplayLeakActivity t21}}} to stack=1 task=21 at 0
W/AudioTrack(  510): AUDIO_OUTPUT_FLAG_FAST denied by client
D/        (  510): HostConnection::get() New Host Connection established 0xe1601da0, tid 662
E/EGL_emulation(  504): tid 504: eglCreateSyncKHR(1209): error 0x3004 (EGL_BAD_ATTRIBUTE)
V/WindowManager(  510): Adding window Window{35c76518 u0 Starting com.zzl.falcon.internal} at 5 of 11 (after Window{14ebca57 u0 com.zzl.falcon.internal/com.zzl.falcon.account.message.MessageActivity})
I/art     (  510): Background sticky concurrent mark sweep GC freed 20095(959KB) AllocSpace objects, 0(0B) LOS objects, 4% free, 18MB/19MB, paused 742us total 107.824ms
I/InputDispatcher(  510): Dropping event because there is no touchable window at (618, 578).
W/InputManager(  510): Input event injection from pid 5529 failed.
W/InputManager(  510): Input event injection from pid 5529 failed.
W/ResourceType(  637): No package identifier when getting value for resource number 0x00000000
W/PackageManager(  637): Failure retrieving resources for com.zzl.falcon.internal: Resource ID #0x0
D/        (  510): HostConnection::get() New Host Connection established 0xeeffb9b0, tid 1384
E/EGL_emulation(  504): tid 504: eglCreateSyncKHR(1209): error 0x3004 (EGL_BAD_ATTRIBUTE)
W/art     (  510): Long monitor contention event with owner method=android.app.ActivityManager$TaskThumbnail com.android.server.am.ActivityManagerService.getTaskThumbnail(int) from ActivityManagerService.java:8295 waiters=0 for 276ms
V/WindowManager(  510): Adding window Window{1a99bf30 u0 com.zzl.falcon.internal/com.squareup.leakcanary.internal.DisplayLeakActivity} at 5 of 12 (before Window{35c76518 u0 Starting com.zzl.falcon.internal})
D/ForegroundCallbacks( 1257): went background
W/EGL_emulation( 5257): eglSurfaceAttrib not implemented
W/OpenGLRenderer( 5257): Failed to set EGL_SWAP_BEHAVIOR on surface 0xf3ee9e60, error=EGL_SUCCESS
W/ViewRootImpl( 5257): Dropping event due to no window focus: MotionEvent { action=ACTION_MOVE, id[0]=0, x[0]=0.0, y[0]=0.0, toolType[0]=TOOL_TYPE_UNKNOWN, buttonState=0, metaState=0, flags=0x0, edgeFlags=0x0, pointerCount=1, historySize=9, eventTime=61039875, downTime=-1, deviceId=0, source=0x10004 }
W/ViewRootImpl( 5257): Dropping event due to no window focus: KeyEvent { action=ACTION_DOWN, keyCode=KEYCODE_MENU, scanCode=0, metaState=0, flags=0x8, repeatCount=0, eventTime=61039876, downTime=61039876, deviceId=-1, source=0x101 }
W/ViewRootImpl( 5257): Cancelling event due to no window focus: KeyEvent { action=ACTION_UP, keyCode=KEYCODE_MENU, scanCode=0, metaState=0, flags=0x28, repeatCount=0, eventTime=61039966, downTime=61039966, deviceId=-1, source=0x101 }
W/ViewRootImpl( 5257): Cancelling event due to no window focus: KeyEvent { action=ACTION_UP, keyCode=KEYCODE_MENU, scanCode=0, metaState=0, flags=0x28, repeatCount=0, eventTime=61039966, downTime=61039966, deviceId=-1, source=0x101 }
W/ViewRootImpl( 5257): Cancelling event due to no window focus: KeyEvent { action=ACTION_UP, keyCode=KEYCODE_MENU, scanCode=0, metaState=0, flags=0x28, repeatCount=0, eventTime=61039966, downTime=61039966, deviceId=-1, source=0x101 }
W/ViewRootImpl( 5257): Cancelling event due to no window focus: KeyEvent { action=ACTION_UP, keyCode=KEYCODE_MENU, scanCode=0, metaState=0, flags=0x28, repeatCount=0, eventTime=61039966, downTime=61039966, deviceId=-1, source=0x101 }
W/ViewRootImpl( 5257): Cancelling event due to no window focus: KeyEvent { action=ACTION_UP, keyCode=KEYCODE_MENU, scanCode=0, metaState=0, flags=0x28, repeatCount=0, eventTime=61039966, downTime=61039966, deviceId=-1, source=0x101 }
W/ViewRootImpl( 5257): Cancelling event due to no window focus: KeyEvent { action=ACTION_UP, keyCode=KEYCODE_MENU, scanCode=0, metaState=0, flags=0x28, repeatCount=0, eventTime=61039966, downTime=61039966, deviceId=-1, source=0x101 }
I/ActivityManager(  510): Displayed com.zzl.falcon.internal/com.squareup.leakcanary.internal.DisplayLeakActivity: +629ms
I/awcn.ComponentCallbacks2( 1257):  onTrimMemory level:20
I/awcn.SessionCenter( 1257): |[seq:[default]] [background]
I/awcn.StrategyCenter( 1257):  saveData
I/awcn.AmdcThreadPoolExecutor( 1257):  thread created! name:AMDC5
I/awcn.SessionCenter( 1257): |[seq:umeng:56aadbf567e58e38d4000976] [background]
I/awcn.StrategyCenter( 1257):  saveData
I/ActivityManager(  510): START u0 {act=android.intent.action.MAIN cat=[android.intent.category.LAUNCHER] flg=0x10200000 cmp=com.zzl.falcon.internal/com.zzl.falcon.EntranceActivity} from uid 0 on display 0
E/EGL_emulation(  504): tid 504: eglCreateSyncKHR(1209): error 0x3004 (EGL_BAD_ATTRIBUTE)
I/InputDispatcher(  510): Dropping event because there is no touchable window at (355, 290).
W/InputManager(  510): Input event injection from pid 5529 failed.
W/InputManager(  510): Input event injection from pid 5529 failed.
I/InputDispatcher(  510): Dropping event because there is no touchable window at (30, 722).
W/InputManager(  510): Input event injection from pid 5529 failed.
W/InputManager(  510): Input event injection from pid 5529 failed.
W/InputManager(  510): Input event injection from pid 5529 failed.
W/InputManager(  510): Input event injection from pid 5529 failed.
W/InputManager(  510): Input event injection from pid 5529 failed.
D/ForegroundCallbacks( 1257): went foreground
I/awcn.SessionCenter( 1257): |[seq:[default]] [forground]
I/awcn.SessionCenter( 1257): |[seq:umeng:56aadbf567e58e38d4000976] [forground]
D/awcn.StrategyCenter( 1257):  getSchemeByHost host:umengacs.m.taobao.com scheme:https
D/awcn.SessionCenter( 1257): |[seq:umeng:56aadbf567e58e38d4000976] getInternal u:https://umengacs.m.taobao.com TypeClass:SPDY timeout:0
D/awcn.StrategyCenter( 1257):  getSchemeByHost host:umengacs.m.taobao.com scheme:https
D/awcn.SessionCenter( 1257): |[seq:umeng:56aadbf567e58e38d4000976] get internal hit cache session session:Session@[umeng:56aadbf567e58e38d4000976.AWCN2_1|http2_0rtt_acs]
W/InputManager(  510): Input event injection from pid 5529 failed.
W/InputManager(  510): Input event injection from pid 5529 failed.
W/InputManager(  510): Input event injection from pid 5529 failed.
W/InputManager(  510): Input event injection from pid 5529 failed.
W/EGL_emulation( 1257): eglSurfaceAttrib not implemented
W/OpenGLRenderer( 1257): Failed to set EGL_SWAP_BEHAVIOR on surface 0xde4b8a00, error=EGL_SUCCESS
W/ViewRootImpl( 1257): Dropping event due to no window focus: KeyEvent { action=ACTION_DOWN, keyCode=KEYCODE_DPAD_UP, scanCode=0, metaState=0, flags=0x8, repeatCount=0, eventTime=61040613, downTime=61040613, deviceId=-1, source=0x101 }
W/ViewRootImpl( 1257): Cancelling event due to no window focus: KeyEvent { action=ACTION_UP, keyCode=KEYCODE_DPAD_UP, scanCode=0, metaState=0, flags=0x28, repeatCount=0, eventTime=61040660, downTime=61040660, deviceId=-1, source=0x101 }
W/ViewRootImpl( 1257): Cancelling event due to no window focus: KeyEvent { action=ACTION_UP, keyCode=KEYCODE_DPAD_UP, scanCode=0, metaState=0, flags=0x28, repeatCount=0, eventTime=61040660, downTime=61040660, deviceId=-1, source=0x101 }
W/ViewRootImpl( 1257): Cancelling event due to no window focus: KeyEvent { action=ACTION_UP, keyCode=KEYCODE_DPAD_UP, scanCode=0, metaState=0, flags=0x28, repeatCount=0, eventTime=61040660, downTime=61040660, deviceId=-1, source=0x101 }
W/ViewRootImpl( 1257): Cancelling event due to no window focus: KeyEvent { action=ACTION_UP, keyCode=KEYCODE_DPAD_UP, scanCode=0, metaState=0, flags=0x28, repeatCount=0, eventTime=61040660, downTime=61040660, deviceId=-1, source=0x101 }
W/ViewRootImpl( 1257): Cancelling event due to no window focus: KeyEvent { action=ACTION_UP, keyCode=KEYCODE_DPAD_UP, scanCode=0, metaState=0, flags=0x28, repeatCount=0, eventTime=61040660, downTime=61040660, deviceId=-1, source=0x101 }
W/ViewRootImpl( 1257): Cancelling event due to no window focus: KeyEvent { action=ACTION_UP, keyCode=KEYCODE_DPAD_UP, scanCode=0, metaState=0, flags=0x28, repeatCount=0, eventTime=61040660, downTime=61040660, deviceId=-1, source=0x101 }
W/ViewRootImpl( 1257): Cancelling event due to no window focus: KeyEvent { action=ACTION_UP, keyCode=KEYCODE_DPAD_UP, scanCode=0, metaState=0, flags=0x28, repeatCount=0, eventTime=61040660, downTime=61040660, deviceId=-1, source=0x101 }
W/ViewRootImpl( 1257): Cancelling event due to no window focus: KeyEvent { action=ACTION_UP, keyCode=KEYCODE_DPAD_UP, scanCode=0, metaState=0, flags=0x28, repeatCount=0, eventTime=61040660, downTime=61040660, deviceId=-1, source=0x101 }
W/ViewRootImpl( 1257): Cancelling event due to no window focus: KeyEvent { action=ACTION_UP, keyCode=KEYCODE_DPAD_UP, scanCode=0, metaState=0, flags=0x28, repeatCount=0, eventTime=61040660, downTime=61040660, deviceId=-1, source=0x101 }
W/AudioTrack(  510): AUDIO_OUTPUT_FLAG_FAST denied by client
W/AudioTrack(  510): AUDIO_OUTPUT_FLAG_FAST denied by client
W/AudioTrack(  510): AUDIO_OUTPUT_FLAG_FAST denied by client
I/awcn.SerializeHelper( 1257):  persist end. file:/storage/emulated/0/Android/data/com.zzl.falcon.internal/files/awcn_strategy/ef133debedbd6d843d539e5eb14cfdfd cost:23
I/awcn.SerializeHelper( 1257):  persist end. file:/storage/emulated/0/Android/data/com.zzl.falcon.internal/files/awcn_strategy/0c61135c2fdcd71f15ad7297245abe44 cost:12
I/awcn.SerializeHelper( 1257):  persist end. file:/storage/emulated/0/Android/data/com.zzl.falcon.internal/files/awcn_strategy/49c6a36aaea8ee1549c1cd3e07070c79 cost:9
W/AudioTrack(  510): AUDIO_OUTPUT_FLAG_FAST denied by client
W/AudioTrack(  510): AUDIO_OUTPUT_FLAG_FAST denied by client
W/AudioTrack(  510): AUDIO_OUTPUT_FLAG_FAST denied by client
W/AudioTrack(  510): AUDIO_OUTPUT_FLAG_FAST denied by client
W/AudioTrack(  510): AUDIO_OUTPUT_FLAG_FAST denied by client
W/AudioTrack(  510): AUDIO_OUTPUT_FLAG_FAST denied by client
W/AudioTrack(  510): AUDIO_OUTPUT_FLAG_FAST denied by client
I/ActivityManager(  510): START u0 {act=android.intent.action.MAIN cat=[android.intent.category.HOME] flg=0x10200000 cmp=com.android.launcher3/.Launcher} from uid 1000 on display 0
I/ActivityManager(  510): START u0 {act=android.intent.action.MAIN cat=[android.intent.category.LAUNCHER] flg=0x10200000 cmp=com.zzl.falcon.internal/com.zzl.falcon.EntranceActivity} from uid 0 on display 0
W/AudioTrack(  510): AUDIO_OUTPUT_FLAG_FAST denied by client
W/AudioTrack(  510): AUDIO_OUTPUT_FLAG_FAST denied by client
I/art     ( 5529): System.exit called, status: 0
I/AndroidRuntime( 5529): VM exiting with result code 0.
D/TaskPersister(  510): removeObsoleteFile: deleting file=20_task.xml
D/TaskPersister(  510): removeObsoleteFile: deleting file=20_task_thumbnail.png
I/art     ( 1257): Explicit concurrent mark sweep GC freed 29788(2MB) AllocSpace objects, 10(160KB) LOS objects, 39% free, 10MB/16MB, paused 960us total 17.146ms
I/art     ( 1257): Explicit concurrent mark sweep GC freed 1401(60KB) AllocSpace objects, 0(0B) LOS objects, 40% free, 10MB/16MB, paused 527us total 11.673ms
I/art     ( 1257): Explicit concurrent mark sweep GC freed 3(96B) AllocSpace objects, 0(0B) LOS objects, 40% free, 10MB/16MB, paused 321us total 11.664ms
I/art     ( 1257): Explicit concurrent mark sweep GC freed 3(96B) AllocSpace objects, 0(0B) LOS objects, 40% free, 10MB/16MB, paused 243us total 12.326ms
I/art     ( 1257): Explicit concurrent mark sweep GC freed 3(96B) AllocSpace objects, 0(0B) LOS objects, 40% free, 10MB/16MB, paused 237us total 11.617ms
D/NetworkMonitor/NetworkAgentInfo [WIFI () - 100](  510): OfflineState{ when=-92ms what=532488 arg2=1 target=com.android.internal.util.StateMachine$SmHandler }
D/NetworkMonitor/NetworkAgentInfo [WIFI () - 100](  510): DefaultState{ when=-92ms what=532488 arg2=1 target=com.android.internal.util.StateMachine$SmHandler }
D/NetworkMonitor/NetworkAgentInfo [WIFI () - 100](  510): Forcing reevaluation
D/NetworkMonitor/NetworkAgentInfo [WIFI () - 100](  510): EvaluatingState{ when=0 what=532486 arg1=103 target=com.android.internal.util.StateMachine$SmHandler }
D/NetworkMonitor/NetworkAgentInfo [WIFI () - 100](  510): Checking http://connectivitycheck.android.com/generate_204 on "WiredSSID"
D/NetworkMonitor/NetworkAgentInfo [WIFI () - 100](  510): Probably not a portal: exception java.net.SocketTimeoutException: failed to connect to connectivitycheck.android.com/172.217.24.14 (port 80) after 10000ms
D/ConnectivityService(  510): setProvNotificationVisibleIntent: E visible=false networkType=0 extraInfo=null
D/awcn.DefaultHeartbeatImpl( 1257): |[seq:umeng:56aadbf567e58e38d4000976.AWCN2_1] heartbeat session:Session@[umeng:56aadbf567e58e38d4000976.AWCN2_1|http2_0rtt_acs]
D/awcn.TnetSpdySession( 1257): |[seq:umeng:56aadbf567e58e38d4000976.AWCN2_1] ping host:https://umengacs.m.taobao.com thread:AWCN Scheduler1
D/awcn.TnetSpdySession( 1257): |[seq:umeng:56aadbf567e58e38d4000976.AWCN2_1] https://umengacs.m.taobao.com submit ping ms:45051 force:true
D/awcn.DefaultHeartbeatImpl( 1257): |[seq:umeng:56aadbf567e58e38d4000976.AWCN2_1] reSchedule session:Session@[umeng:56aadbf567e58e38d4000976.AWCN2_1|http2_0rtt_acs] delay:45051
I/awcn.TnetSpdySession( 1257): |[seq:umeng:56aadbf567e58e38d4000976.AWCN2_1] ping receive Host:https://umengacs.m.taobao.com id:1
D/Genyd   (  117): Received Set Clipboard
D/Genymotion(  117): Received Set Clipboard
D/Genyd   (  117): Received Set Clipboard
D/Genymotion(  117): Received Set Clipboard
D/Genyd   (  117): Received Set Clipboard
D/Genymotion(  117): Received Set Clipboard
D/Genyd   (  117): Received Set Clipboard
D/Genymotion(  117): Received Set Clipboard
